[2025-05-12T01:57:18.452+0000][72][info][gc,init] CardTable entry size: 512
[2025-05-12T01:57:18.456+0000][72][info][gc     ] Using G1
[2025-05-12T01:57:20.074+0000][72][info][gc,init] Version: 22+36-2370 (release)
[2025-05-12T01:57:20.082+0000][72][info][gc,init] CPUs: 12 total, 12 available
[2025-05-12T01:57:20.084+0000][72][info][gc,init] Memory: 7757M
[2025-05-12T01:57:20.087+0000][72][info][gc,init] Large Page Support: Disabled
[2025-05-12T01:57:20.090+0000][72][info][gc,init] NUMA Support: Disabled
[2025-05-12T01:57:20.090+0000][72][info][gc,init] Compressed Oops: Enabled (Zero based)
[2025-05-12T01:57:20.090+0000][72][info][gc,init] Heap Region Size: 4M
[2025-05-12T01:57:20.093+0000][72][info][gc,init] Heap Min Capacity: 3880M
[2025-05-12T01:57:20.093+0000][72][info][gc,init] Heap Initial Capacity: 3880M
[2025-05-12T01:57:20.094+0000][72][info][gc,init] Heap Max Capacity: 3880M
[2025-05-12T01:57:20.094+0000][72][info][gc,init] Pre-touch: Enabled
[2025-05-12T01:57:20.094+0000][72][info][gc,init] Parallel Workers: 10
[2025-05-12T01:57:20.095+0000][72][info][gc,init] Concurrent Workers: 3
[2025-05-12T01:57:20.095+0000][72][info][gc,init] Concurrent Refinement Workers: 10
[2025-05-12T01:57:20.095+0000][72][info][gc,init] Periodic GC: Disabled
[2025-05-12T01:57:20.180+0000][72][info][gc,metaspace] CDS archive(s) mapped at: [0x00007f50f6000000-0x00007f50f6c74000-0x00007f50f6c74000), size 13058048, SharedBaseAddress: 0x00007f50f6000000, ArchiveRelocationMode: 1.
[2025-05-12T01:57:20.199+0000][72][info][gc,metaspace] Compressed class space mapped at: 0x00007f50f7000000-0x00007f5137000000, reserved size: 1073741824
[2025-05-12T01:57:20.214+0000][72][info][gc,metaspace] Narrow klass base: 0x00007f50f6000000, Narrow klass shift: 0, Narrow klass range: 0x100000000
[2025-05-12T01:57:21.188+0000][72][info][safepoint   ] Safepoint "ICBufferFull", Time since last: 939115168 ns, Reaching safepoint: 542697 ns, Cleanup: 331393 ns, At safepoint: 142457 ns, Total: 1016547 ns
[2025-05-12T01:57:22.139+0000][72][info][safepoint   ] Safepoint "ICBufferFull", Time since last: 952529587 ns, Reaching safepoint: 5775 ns, Cleanup: 117623 ns, At safepoint: 8347 ns, Total: 131745 ns
[2025-05-12T01:57:23.347+0000][72][info][safepoint   ] Safepoint "Cleanup", Time since last: 1207487374 ns, Reaching safepoint: 3672 ns, Cleanup: 83682 ns, At safepoint: 3524 ns, Total: 90878 ns
[2025-05-12T01:57:24.355+0000][72][info][safepoint   ] Safepoint "Cleanup", Time since last: 1007328978 ns, Reaching safepoint: 1145977 ns, Cleanup: 97485 ns, At safepoint: 36231 ns, Total: 1279693 ns
[2025-05-12T01:57:25.587+0000][72][info][safepoint   ] Safepoint "Cleanup", Time since last: 1230523892 ns, Reaching safepoint: 5199 ns, Cleanup: 96077 ns, At safepoint: 659671 ns, Total: 760947 ns
[2025-05-12T01:57:26.578+0000][72][info][safepoint   ] Safepoint "Cleanup", Time since last: 1003887949 ns, Reaching safepoint: 2793153 ns, Cleanup: 109474 ns, At safepoint: 44742 ns, Total: 2947369 ns
[2025-05-12T01:57:26.898+0000][72][info][gc,start    ] GC(0) Pause Young (Concurrent Start) (Metadata GC Threshold)
[2025-05-12T01:57:26.905+0000][72][info][gc,task     ] GC(0) Using 10 workers of 10 for evacuation
[2025-05-12T01:57:26.906+0000][72][debug][gc,age      ] GC(0) Desired survivor size 12582912 bytes, new threshold 15 (max threshold 15)
[2025-05-12T01:57:26.990+0000][72][info ][gc,phases   ] GC(0)   Pre Evacuate Collection Set: 3.52ms
[2025-05-12T01:57:26.992+0000][72][info ][gc,phases   ] GC(0)   Merge Heap Roots: 1.37ms
[2025-05-12T01:57:26.993+0000][72][info ][gc,phases   ] GC(0)   Evacuate Collection Set: 37.10ms
[2025-05-12T01:57:26.995+0000][72][info ][gc,phases   ] GC(0)   Post Evacuate Collection Set: 35.87ms
[2025-05-12T01:57:26.996+0000][72][info ][gc,phases   ] GC(0)   Other: 7.81ms
[2025-05-12T01:57:26.997+0000][72][trace][gc,age      ] GC(0) Age table with threshold 15 (max threshold 15)
[2025-05-12T01:57:26.998+0000][72][trace][gc,age      ] GC(0) - age   1:   10210064 bytes,   10210064 total
[2025-05-12T01:57:26.999+0000][72][info ][gc,heap     ] GC(0) Eden regions: 44->0(45)
[2025-05-12T01:57:26.999+0000][72][info ][gc,heap     ] GC(0) Survivor regions: 0->3(6)
[2025-05-12T01:57:27.000+0000][72][info ][gc,heap     ] GC(0) Old regions: 1->1
[2025-05-12T01:57:27.001+0000][72][info ][gc,heap     ] GC(0) Humongous regions: 0->0
[2025-05-12T01:57:27.002+0000][72][info ][gc,metaspace] GC(0) Metaspace: 20971K(21504K)->20971K(21504K) NonClass: 18591K(18880K)->18591K(18880K) Class: 2380K(2624K)->2380K(2624K)
[2025-05-12T01:57:27.003+0000][72][info ][gc          ] GC(0) Pause Young (Concurrent Start) (Metadata GC Threshold) 177M->11M(3880M) 105.044ms
[2025-05-12T01:57:27.004+0000][72][info ][gc,cpu      ] GC(0) User=0.08s Sys=0.04s Real=0.11s
[2025-05-12T01:57:27.004+0000][72][info ][gc          ] GC(1) Concurrent Mark Cycle
[2025-05-12T01:57:27.005+0000][72][info ][safepoint   ] Safepoint "CollectForMetadataAllocation", Time since last: 319822208 ns, Reaching safepoint: 5459 ns, Cleanup: 47959 ns, At safepoint: 107380089 ns, Total: 107433507 ns
[2025-05-12T01:57:27.005+0000][72][info ][gc,marking  ] GC(1) Concurrent Scan Root Regions
[2025-05-12T01:57:27.013+0000][72][info ][gc,marking  ] GC(1) Concurrent Scan Root Regions 7.149ms
[2025-05-12T01:57:27.014+0000][72][info ][gc,marking  ] GC(1) Concurrent Mark
[2025-05-12T01:57:27.018+0000][72][info ][gc,marking  ] GC(1) Concurrent Mark From Roots
[2025-05-12T01:57:27.019+0000][72][info ][gc,task     ] GC(1) Using 3 workers of 3 for marking
[2025-05-12T01:57:27.025+0000][72][info ][gc,marking  ] GC(1) Concurrent Mark From Roots 7.788ms
[2025-05-12T01:57:27.026+0000][72][info ][gc,marking  ] GC(1) Concurrent Preclean
[2025-05-12T01:57:27.030+0000][72][info ][gc,marking  ] GC(1) Concurrent Preclean 3.550ms
[2025-05-12T01:57:27.033+0000][72][info ][gc,start    ] GC(1) Pause Remark
[2025-05-12T01:57:27.045+0000][72][info ][gc          ] GC(1) Pause Remark 15M->15M(3880M) 12.399ms
[2025-05-12T01:57:27.046+0000][72][info ][gc,cpu      ] GC(1) User=0.02s Sys=0.01s Real=0.01s
[2025-05-12T01:57:27.047+0000][72][info ][safepoint   ] Safepoint "G1PauseRemark", Time since last: 26301213 ns, Reaching safepoint: 1315568 ns, Cleanup: 21132 ns, At safepoint: 13775053 ns, Total: 15111753 ns
[2025-05-12T01:57:27.047+0000][72][info ][gc,marking  ] GC(1) Concurrent Mark 33.276ms
[2025-05-12T01:57:27.051+0000][72][info ][gc,marking  ] GC(1) Concurrent Rebuild Remembered Sets and Scrub Regions
[2025-05-12T01:57:27.052+0000][72][info ][gc,marking  ] GC(1) Concurrent Rebuild Remembered Sets and Scrub Regions 1.880ms
[2025-05-12T01:57:27.053+0000][72][info ][gc,start    ] GC(1) Pause Cleanup
[2025-05-12T01:57:27.054+0000][72][info ][gc          ] GC(1) Pause Cleanup 15M->15M(3880M) 1.085ms
[2025-05-12T01:57:27.055+0000][72][info ][gc,cpu      ] GC(1) User=0.00s Sys=0.00s Real=0.00s
[2025-05-12T01:57:27.055+0000][72][info ][safepoint   ] Safepoint "G1PauseCleanup", Time since last: 6422911 ns, Reaching safepoint: 5835 ns, Cleanup: 5664 ns, At safepoint: 1942519 ns, Total: 1954018 ns
[2025-05-12T01:57:27.056+0000][72][info ][gc,marking  ] GC(1) Concurrent Clear Claimed Marks
[2025-05-12T01:57:27.056+0000][72][info ][gc,marking  ] GC(1) Concurrent Clear Claimed Marks 0.465ms
[2025-05-12T01:57:27.056+0000][72][info ][gc,marking  ] GC(1) Concurrent Cleanup for Next Mark
[2025-05-12T01:57:27.066+0000][72][info ][gc,marking  ] GC(1) Concurrent Cleanup for Next Mark 9.448ms
[2025-05-12T01:57:27.068+0000][72][info ][gc          ] GC(1) Concurrent Mark Cycle 63.856ms
[2025-05-12T01:57:28.470+0000][72][info ][safepoint   ] Safepoint "Cleanup", Time since last: 1412893764 ns, Reaching safepoint: 2160765 ns, Cleanup: 118879 ns, At safepoint: 54787 ns, Total: 2334431 ns
[2025-05-12T01:57:29.043+0000][72][info ][gc,start    ] GC(2) Pause Young (Prepare Mixed) (G1 Evacuation Pause)
[2025-05-12T01:57:29.045+0000][72][info ][gc,task     ] GC(2) Using 10 workers of 10 for evacuation
[2025-05-12T01:57:29.045+0000][72][debug][gc,age      ] GC(2) Desired survivor size 12582912 bytes, new threshold 15 (max threshold 15)
[2025-05-12T01:57:29.075+0000][72][info ][gc,phases   ] GC(2)   Pre Evacuate Collection Set: 1.45ms
[2025-05-12T01:57:29.075+0000][72][info ][gc,phases   ] GC(2)   Merge Heap Roots: 0.12ms
[2025-05-12T01:57:29.076+0000][72][info ][gc,phases   ] GC(2)   Evacuate Collection Set: 18.93ms
[2025-05-12T01:57:29.077+0000][72][info ][gc,phases   ] GC(2)   Post Evacuate Collection Set: 8.51ms
[2025-05-12T01:57:29.078+0000][72][info ][gc,phases   ] GC(2)   Other: 1.07ms
[2025-05-12T01:57:29.079+0000][72][trace][gc,age      ] GC(2) Age table with threshold 15 (max threshold 15)
[2025-05-12T01:57:29.080+0000][72][trace][gc,age      ] GC(2) - age   1:    6077248 bytes,    6077248 total
[2025-05-12T01:57:29.080+0000][72][trace][gc,age      ] GC(2) - age   2:    9296296 bytes,   15373544 total
[2025-05-12T01:57:29.081+0000][72][info ][gc,heap     ] GC(2) Eden regions: 45->0(44)
[2025-05-12T01:57:29.081+0000][72][info ][gc,heap     ] GC(2) Survivor regions: 3->4(6)
[2025-05-12T01:57:29.082+0000][72][info ][gc,heap     ] GC(2) Old regions: 1->1
[2025-05-12T01:57:29.082+0000][72][info ][gc,heap     ] GC(2) Humongous regions: 0->0
[2025-05-12T01:57:29.083+0000][72][info ][gc,metaspace] GC(2) Metaspace: 27566K(28160K)->27566K(28160K) NonClass: 24451K(24768K)->24451K(24768K) Class: 3115K(3392K)->3115K(3392K)
[2025-05-12T01:57:29.083+0000][72][info ][gc          ] GC(2) Pause Young (Prepare Mixed) (G1 Evacuation Pause) 191M->16M(3880M) 39.939ms
[2025-05-12T01:57:29.084+0000][72][info ][gc,cpu      ] GC(2) User=0.10s Sys=0.00s Real=0.04s
[2025-05-12T01:57:29.085+0000][72][info ][safepoint   ] Safepoint "G1CollectForAllocation", Time since last: 572959706 ns, Reaching safepoint: 5604 ns, Cleanup: 116185 ns, At safepoint: 42076012 ns, Total: 42197801 ns
[2025-05-12T01:57:30.494+0000][72][info ][safepoint   ] Safepoint "Cleanup", Time since last: 1407452479 ns, Reaching safepoint: 1358138 ns, Cleanup: 108391 ns, At safepoint: 15048 ns, Total: 1481577 ns
[2025-05-12T01:57:30.824+0000][72][info ][gc,start    ] GC(3) Pause Young (Mixed) (G1 Evacuation Pause)
[2025-05-12T01:57:30.825+0000][72][info ][gc,task     ] GC(3) Using 10 workers of 10 for evacuation
[2025-05-12T01:57:30.826+0000][72][debug][gc,age      ] GC(3) Desired survivor size 12582912 bytes, new threshold 2 (max threshold 15)
[2025-05-12T01:57:30.869+0000][72][info ][gc,phases   ] GC(3)   Pre Evacuate Collection Set: 0.94ms
[2025-05-12T01:57:30.872+0000][72][info ][gc,phases   ] GC(3)   Merge Heap Roots: 0.24ms
[2025-05-12T01:57:30.874+0000][72][info ][gc,phases   ] GC(3)   Evacuate Collection Set: 36.76ms
[2025-05-12T01:57:30.881+0000][72][info ][gc,phases   ] GC(3)   Post Evacuate Collection Set: 1.41ms
[2025-05-12T01:57:30.881+0000][72][info ][gc,phases   ] GC(3)   Other: 4.53ms
[2025-05-12T01:57:30.882+0000][72][trace][gc,age      ] GC(3) Age table with threshold 2 (max threshold 15)
[2025-05-12T01:57:30.884+0000][72][trace][gc,age      ] GC(3) - age   1:    5771440 bytes,    5771440 total
[2025-05-12T01:57:30.885+0000][72][trace][gc,age      ] GC(3) - age   2:    4253056 bytes,   10024496 total
[2025-05-12T01:57:30.885+0000][72][info ][gc,heap     ] GC(3) Eden regions: 44->0(59)
[2025-05-12T01:57:30.885+0000][72][info ][gc,heap     ] GC(3) Survivor regions: 4->3(6)
[2025-05-12T01:57:30.886+0000][72][info ][gc,heap     ] GC(3) Old regions: 1->3
[2025-05-12T01:57:30.886+0000][72][info ][gc,heap     ] GC(3) Humongous regions: 0->0
[2025-05-12T01:57:30.886+0000][72][info ][gc,metaspace] GC(3) Metaspace: 29052K(29760K)->29052K(29760K) NonClass: 25657K(26048K)->25657K(26048K) Class: 3395K(3712K)->3395K(3712K)
[2025-05-12T01:57:30.887+0000][72][info ][gc          ] GC(3) Pause Young (Mixed) (G1 Evacuation Pause) 192M->21M(3880M) 63.139ms
[2025-05-12T01:57:30.887+0000][72][info ][gc,cpu      ] GC(3) User=0.15s Sys=0.00s Real=0.06s
[2025-05-12T01:57:30.888+0000][72][info ][safepoint   ] Safepoint "G1CollectForAllocation", Time since last: 329295581 ns, Reaching safepoint: 8290 ns, Cleanup: 125917 ns, At safepoint: 64235527 ns, Total: 64369734 ns
[2025-05-12T01:57:31.917+0000][72][info ][gc,start    ] GC(4) Pause Young (Normal) (G1 Evacuation Pause)
[2025-05-12T01:57:31.921+0000][72][info ][gc,task     ] GC(4) Using 10 workers of 10 for evacuation
[2025-05-12T01:57:31.923+0000][72][debug][gc,age      ] GC(4) Desired survivor size 16777216 bytes, new threshold 15 (max threshold 15)
[2025-05-12T01:57:31.938+0000][72][info ][gc,phases   ] GC(4)   Pre Evacuate Collection Set: 0.59ms
[2025-05-12T01:57:31.949+0000][72][info ][gc,phases   ] GC(4)   Merge Heap Roots: 0.22ms
[2025-05-12T01:57:31.952+0000][72][info ][gc,phases   ] GC(4)   Evacuate Collection Set: 8.99ms
[2025-05-12T01:57:31.964+0000][72][info ][gc,phases   ] GC(4)   Post Evacuate Collection Set: 2.75ms
[2025-05-12T01:57:31.968+0000][72][info ][gc,phases   ] GC(4)   Other: 4.84ms
[2025-05-12T01:57:31.991+0000][72][trace][gc,age      ] GC(4) Age table with threshold 15 (max threshold 15)
[2025-05-12T01:57:32.000+0000][72][trace][gc,age      ] GC(4) - age   1:    2557216 bytes,    2557216 total
[2025-05-12T01:57:32.001+0000][72][trace][gc,age      ] GC(4) - age   2:    4113464 bytes,    6670680 total
[2025-05-12T01:57:32.002+0000][72][trace][gc,age      ] GC(4) - age   3:    4252192 bytes,   10922872 total
[2025-05-12T01:57:32.002+0000][72][info ][gc,heap     ] GC(4) Eden regions: 59->0(579)
[2025-05-12T01:57:32.013+0000][72][info ][gc,heap     ] GC(4) Survivor regions: 3->3(8)
[2025-05-12T01:57:32.026+0000][72][info ][gc,heap     ] GC(4) Old regions: 3->3
[2025-05-12T01:57:32.026+0000][72][info ][gc,heap     ] GC(4) Humongous regions: 0->0
[2025-05-12T01:57:32.029+0000][72][info ][gc,metaspace] GC(4) Metaspace: 29691K(30400K)->29691K(30400K) NonClass: 26226K(26624K)->26226K(26624K) Class: 3465K(3776K)->3465K(3776K)
[2025-05-12T01:57:32.031+0000][72][info ][gc          ] GC(4) Pause Young (Normal) (G1 Evacuation Pause) 257M->22M(3880M) 114.024ms
[2025-05-12T01:57:32.032+0000][72][info ][gc,cpu      ] GC(4) User=0.03s Sys=0.00s Real=0.12s
[2025-05-12T01:57:32.035+0000][72][info ][safepoint   ] Safepoint "G1CollectForAllocation", Time since last: 1028882802 ns, Reaching safepoint: 6520 ns, Cleanup: 382717 ns, At safepoint: 117430768 ns, Total: 117820005 ns
[2025-05-12T01:57:33.102+0000][72][info ][safepoint   ] Safepoint "Cleanup", Time since last: 1066833908 ns, Reaching safepoint: 4190 ns, Cleanup: 52264 ns, At safepoint: 3701 ns, Total: 60155 ns
[2025-05-12T01:57:34.051+0000][72][info ][gc,start    ] GC(5) Pause Young (Concurrent Start) (Metadata GC Threshold)
[2025-05-12T01:57:34.052+0000][72][info ][gc,task     ] GC(5) Using 10 workers of 10 for evacuation
[2025-05-12T01:57:34.052+0000][72][debug][gc,age      ] GC(5) Desired survivor size 153092096 bytes, new threshold 15 (max threshold 15)
[2025-05-12T01:57:34.073+0000][72][info ][gc,phases   ] GC(5)   Pre Evacuate Collection Set: 1.19ms
[2025-05-12T01:57:34.074+0000][72][info ][gc,phases   ] GC(5)   Merge Heap Roots: 3.80ms
[2025-05-12T01:57:34.075+0000][72][info ][gc,phases   ] GC(5)   Evacuate Collection Set: 7.42ms
[2025-05-12T01:57:34.075+0000][72][info ][gc,phases   ] GC(5)   Post Evacuate Collection Set: 7.29ms
[2025-05-12T01:57:34.079+0000][72][info ][gc,phases   ] GC(5)   Other: 1.59ms
[2025-05-12T01:57:34.079+0000][72][trace][gc,age      ] GC(5) Age table with threshold 15 (max threshold 15)
[2025-05-12T01:57:34.080+0000][72][trace][gc,age      ] GC(5) - age   1:    4288128 bytes,    4288128 total
[2025-05-12T01:57:34.080+0000][72][trace][gc,age      ] GC(5) - age   2:    2547800 bytes,    6835928 total
[2025-05-12T01:57:34.081+0000][72][trace][gc,age      ] GC(5) - age   3:    4109368 bytes,   10945296 total
[2025-05-12T01:57:34.082+0000][72][trace][gc,age      ] GC(5) - age   4:    4251040 bytes,   15196336 total
[2025-05-12T01:57:34.083+0000][72][info ][gc,heap     ] GC(5) Eden regions: 55->0(578)
[2025-05-12T01:57:34.084+0000][72][info ][gc,heap     ] GC(5) Survivor regions: 3->4(73)
[2025-05-12T01:57:34.084+0000][72][info ][gc,heap     ] GC(5) Old regions: 3->3
[2025-05-12T01:57:34.086+0000][72][info ][gc,heap     ] GC(5) Humongous regions: 0->0
[2025-05-12T01:57:34.087+0000][72][info ][gc,metaspace] GC(5) Metaspace: 35300K(36096K)->35300K(36096K) NonClass: 31198K(31680K)->31198K(31680K) Class: 4102K(4416K)->4102K(4416K)
[2025-05-12T01:57:34.088+0000][72][info ][gc          ] GC(5) Pause Young (Concurrent Start) (Metadata GC Threshold) 242M->26M(3880M) 36.815ms
[2025-05-12T01:57:34.089+0000][72][info ][gc          ] GC(6) Concurrent Mark Cycle
[2025-05-12T01:57:34.091+0000][72][info ][gc,marking  ] GC(6) Concurrent Scan Root Regions
[2025-05-12T01:57:34.089+0000][72][info ][gc,cpu      ] GC(5) User=0.01s Sys=0.04s Real=0.04s
[2025-05-12T01:57:34.096+0000][72][info ][gc,marking  ] GC(6) Concurrent Scan Root Regions 5.283ms
[2025-05-12T01:57:34.098+0000][72][info ][gc,marking  ] GC(6) Concurrent Mark
[2025-05-12T01:57:34.099+0000][72][info ][gc,marking  ] GC(6) Concurrent Mark From Roots
[2025-05-12T01:57:34.100+0000][72][info ][gc,task     ] GC(6) Using 3 workers of 3 for marking
[2025-05-12T01:57:34.096+0000][72][info ][safepoint   ] Safepoint "CollectForMetadataAllocation", Time since last: 949325869 ns, Reaching safepoint: 114716 ns, Cleanup: 71855 ns, At safepoint: 45213226 ns, Total: 45399797 ns
[2025-05-12T01:57:34.122+0000][72][info ][gc,marking  ] GC(6) Concurrent Mark From Roots 23.227ms
[2025-05-12T01:57:34.124+0000][72][info ][gc,marking  ] GC(6) Concurrent Preclean
[2025-05-12T01:57:34.125+0000][72][info ][gc,marking  ] GC(6) Concurrent Preclean 0.598ms
[2025-05-12T01:57:34.125+0000][72][info ][gc,start    ] GC(6) Pause Remark
[2025-05-12T01:57:34.144+0000][72][info ][gc          ] GC(6) Pause Remark 30M->30M(3880M) 18.296ms
[2025-05-12T01:57:34.146+0000][72][info ][gc,cpu      ] GC(6) User=0.03s Sys=0.00s Real=0.02s
[2025-05-12T01:57:34.150+0000][72][info ][safepoint   ] Safepoint "G1PauseRemark", Time since last: 29096927 ns, Reaching safepoint: 93539 ns, Cleanup: 10005 ns, At safepoint: 24911956 ns, Total: 25015500 ns
[2025-05-12T01:57:34.153+0000][72][info ][gc,marking  ] GC(6) Concurrent Mark 55.459ms
[2025-05-12T01:57:34.154+0000][72][info ][gc,marking  ] GC(6) Concurrent Rebuild Remembered Sets and Scrub Regions
[2025-05-12T01:57:34.160+0000][72][info ][gc,marking  ] GC(6) Concurrent Rebuild Remembered Sets and Scrub Regions 6.056ms
[2025-05-12T01:57:34.161+0000][72][info ][gc,start    ] GC(6) Pause Cleanup
[2025-05-12T01:57:34.162+0000][72][info ][gc          ] GC(6) Pause Cleanup 32M->32M(3880M) 0.716ms
[2025-05-12T01:57:34.163+0000][72][info ][gc,cpu      ] GC(6) User=0.00s Sys=0.00s Real=0.00s
[2025-05-12T01:57:34.163+0000][72][info ][safepoint   ] Safepoint "G1PauseCleanup", Time since last: 10865569 ns, Reaching safepoint: 86973 ns, Cleanup: 19552 ns, At safepoint: 2061260 ns, Total: 2167785 ns
[2025-05-12T01:57:34.164+0000][72][info ][gc,marking  ] GC(6) Concurrent Clear Claimed Marks
[2025-05-12T01:57:34.165+0000][72][info ][gc,marking  ] GC(6) Concurrent Clear Claimed Marks 0.622ms
[2025-05-12T01:57:34.169+0000][72][info ][gc,marking  ] GC(6) Concurrent Cleanup for Next Mark
[2025-05-12T01:57:34.176+0000][72][info ][gc,marking  ] GC(6) Concurrent Cleanup for Next Mark 6.372ms
[2025-05-12T01:57:34.176+0000][72][info ][gc          ] GC(6) Concurrent Mark Cycle 87.746ms
[2025-05-12T01:57:35.168+0000][72][info ][safepoint   ] Safepoint "Cleanup", Time since last: 1000867052 ns, Reaching safepoint: 92492 ns, Cleanup: 496753 ns, At safepoint: 2179523 ns, Total: 2768768 ns
[2025-05-12T01:57:36.181+0000][72][info ][safepoint   ] Safepoint "Cleanup", Time since last: 1010381621 ns, Reaching safepoint: 3277599 ns, Cleanup: 76172 ns, At safepoint: 63910 ns, Total: 3417681 ns
[2025-05-12T01:57:37.218+0000][72][info ][safepoint   ] Safepoint "Cleanup", Time since last: 1033579333 ns, Reaching safepoint: 3981454 ns, Cleanup: 50130 ns, At safepoint: 23974 ns, Total: 4055558 ns
[2025-05-12T01:57:38.228+0000][72][info ][safepoint   ] Safepoint "Cleanup", Time since last: 1008752819 ns, Reaching safepoint: 98791 ns, Cleanup: 133361 ns, At safepoint: 185542 ns, Total: 417694 ns
[2025-05-12T01:57:39.230+0000][72][info ][safepoint   ] Safepoint "Cleanup", Time since last: 1002238998 ns, Reaching safepoint: 115707 ns, Cleanup: 94522 ns, At safepoint: 12924 ns, Total: 223153 ns
[2025-05-12T01:57:40.247+0000][72][info ][safepoint   ] Safepoint "Cleanup", Time since last: 1016475257 ns, Reaching safepoint: 6579 ns, Cleanup: 48957 ns, At safepoint: 7027 ns, Total: 62563 ns
[2025-05-12T01:57:41.248+0000][72][info ][safepoint   ] Safepoint "Cleanup", Time since last: 1000758150 ns, Reaching safepoint: 9760 ns, Cleanup: 130529 ns, At safepoint: 14028 ns, Total: 154317 ns
[2025-05-12T01:57:42.846+0000][72][info ][safepoint   ] Safepoint "Cleanup", Time since last: 1598349676 ns, Reaching safepoint: 147446 ns, Cleanup: 108670 ns, At safepoint: 168798 ns, Total: 424914 ns
[2025-05-12T01:57:43.304+0000][72][info ][gc,start    ] GC(7) Pause Young (Prepare Mixed) (Metadata GC Threshold)
[2025-05-12T01:57:43.304+0000][72][info ][gc,task     ] GC(7) Using 10 workers of 10 for evacuation
[2025-05-12T01:57:43.305+0000][72][debug][gc,age      ] GC(7) Desired survivor size 153092096 bytes, new threshold 15 (max threshold 15)
[2025-05-12T01:57:43.350+0000][72][info ][gc,phases   ] GC(7)   Pre Evacuate Collection Set: 0.38ms
[2025-05-12T01:57:43.351+0000][72][info ][gc,phases   ] GC(7)   Merge Heap Roots: 0.11ms
[2025-05-12T01:57:43.352+0000][72][info ][gc,phases   ] GC(7)   Evacuate Collection Set: 35.32ms
[2025-05-12T01:57:43.353+0000][72][info ][gc,phases   ] GC(7)   Post Evacuate Collection Set: 7.94ms
[2025-05-12T01:57:43.356+0000][72][info ][gc,phases   ] GC(7)   Other: 1.84ms
[2025-05-12T01:57:43.363+0000][72][trace][gc,age      ] GC(7) Age table with threshold 15 (max threshold 15)
[2025-05-12T01:57:43.365+0000][72][trace][gc,age      ] GC(7) - age   1:   15005016 bytes,   15005016 total
[2025-05-12T01:57:43.366+0000][72][trace][gc,age      ] GC(7) - age   2:    4256784 bytes,   19261800 total
[2025-05-12T01:57:43.366+0000][72][trace][gc,age      ] GC(7) - age   3:    2541912 bytes,   21803712 total
[2025-05-12T01:57:43.367+0000][72][trace][gc,age      ] GC(7) - age   4:    4093176 bytes,   25896888 total
[2025-05-12T01:57:43.368+0000][72][trace][gc,age      ] GC(7) - age   5:    4235784 bytes,   30132672 total
[2025-05-12T01:57:43.370+0000][72][info ][gc,heap     ] GC(7) Eden regions: 239->0(241)
[2025-05-12T01:57:43.374+0000][72][info ][gc,heap     ] GC(7) Survivor regions: 4->8(73)
[2025-05-12T01:57:43.377+0000][72][info ][gc,heap     ] GC(7) Old regions: 3->3
[2025-05-12T01:57:43.380+0000][72][info ][gc,heap     ] GC(7) Humongous regions: 0->0
[2025-05-12T01:57:43.381+0000][72][info ][gc,metaspace] GC(7) Metaspace: 58943K(60288K)->58943K(60288K) NonClass: 51438K(52224K)->51438K(52224K) Class: 7504K(8064K)->7504K(8064K)
[2025-05-12T01:57:43.385+0000][72][info ][gc          ] GC(7) Pause Young (Prepare Mixed) (Metadata GC Threshold) 980M->42M(3880M) 80.551ms
[2025-05-12T01:57:43.387+0000][72][info ][gc,cpu      ] GC(7) User=0.16s Sys=0.02s Real=0.08s
[2025-05-12T01:57:43.387+0000][72][info ][safepoint   ] Safepoint "CollectForMetadataAllocation", Time since last: 457711986 ns, Reaching safepoint: 6164 ns, Cleanup: 20299 ns, At safepoint: 83434476 ns, Total: 83460939 ns
[2025-05-12T01:57:43.461+0000][72][info ][gc,start    ] GC(8) Pause Young (Mixed) (Metadata GC Threshold)
[2025-05-12T01:57:43.467+0000][72][info ][gc,task     ] GC(8) Using 10 workers of 10 for evacuation
[2025-05-12T01:57:43.471+0000][72][debug][gc,age      ] GC(8) Desired survivor size 67108864 bytes, new threshold 15 (max threshold 15)
[2025-05-12T01:57:43.514+0000][72][info ][gc,phases   ] GC(8)   Pre Evacuate Collection Set: 0.84ms
[2025-05-12T01:57:43.519+0000][72][info ][gc,phases   ] GC(8)   Merge Heap Roots: 0.37ms
[2025-05-12T01:57:43.520+0000][72][info ][gc,phases   ] GC(8)   Evacuate Collection Set: 35.05ms
[2025-05-12T01:57:43.523+0000][72][info ][gc,phases   ] GC(8)   Post Evacuate Collection Set: 2.17ms
[2025-05-12T01:57:43.524+0000][72][info ][gc,phases   ] GC(8)   Other: 8.41ms
[2025-05-12T01:57:43.525+0000][72][trace][gc,age      ] GC(8) Age table with threshold 15 (max threshold 15)
[2025-05-12T01:57:43.527+0000][72][trace][gc,age      ] GC(8) - age   1:      75392 bytes,      75392 total
[2025-05-12T01:57:43.529+0000][72][trace][gc,age      ] GC(8) - age   2:   14675824 bytes,   14751216 total
[2025-05-12T01:57:43.534+0000][72][trace][gc,age      ] GC(8) - age   3:    4244000 bytes,   18995216 total
[2025-05-12T01:57:43.538+0000][72][trace][gc,age      ] GC(8) - age   4:    2532504 bytes,   21527720 total
[2025-05-12T01:57:43.539+0000][72][trace][gc,age      ] GC(8) - age   5:    4086952 bytes,   25614672 total
[2025-05-12T01:57:43.540+0000][72][trace][gc,age      ] GC(8) - age   6:    4229216 bytes,   29843888 total
[2025-05-12T01:57:43.540+0000][72][info ][gc,heap     ] GC(8) Eden regions: 2->0(180)
[2025-05-12T01:57:43.542+0000][72][info ][gc,heap     ] GC(8) Survivor regions: 8->8(32)
[2025-05-12T01:57:43.544+0000][72][info ][gc,heap     ] GC(8) Old regions: 3->3
[2025-05-12T01:57:43.544+0000][72][info ][gc,heap     ] GC(8) Humongous regions: 0->0
[2025-05-12T01:57:43.545+0000][72][info ][gc,metaspace] GC(8) Metaspace: 59251K(60608K)->59251K(60608K) NonClass: 51695K(52480K)->51695K(52480K) Class: 7555K(8128K)->7555K(8128K)
[2025-05-12T01:57:43.547+0000][72][info ][gc          ] GC(8) Pause Young (Mixed) (Metadata GC Threshold) 48M->41M(3880M) 86.150ms
[2025-05-12T01:57:43.548+0000][72][info ][gc,cpu      ] GC(8) User=0.17s Sys=0.02s Real=0.09s
[2025-05-12T01:57:43.551+0000][72][info ][safepoint   ] Safepoint "CollectForMetadataAllocation", Time since last: 73140197 ns, Reaching safepoint: 6021 ns, Cleanup: 15654 ns, At safepoint: 90599047 ns, Total: 90620722 ns
[2025-05-12T01:57:43.624+0000][72][info ][gc,start    ] GC(9) Pause Young (Concurrent Start) (Metadata GC Threshold)
[2025-05-12T01:57:43.627+0000][72][info ][gc,task     ] GC(9) Using 10 workers of 10 for evacuation
[2025-05-12T01:57:43.629+0000][72][debug][gc,age      ] GC(9) Desired survivor size 50331648 bytes, new threshold 15 (max threshold 15)
[2025-05-12T01:57:43.641+0000][72][info ][gc,phases   ] GC(9)   Pre Evacuate Collection Set: 0.42ms
[2025-05-12T01:57:43.642+0000][72][info ][gc,phases   ] GC(9)   Merge Heap Roots: 0.16ms
[2025-05-12T01:57:43.642+0000][72][info ][gc,phases   ] GC(9)   Evacuate Collection Set: 9.37ms
[2025-05-12T01:57:43.643+0000][72][info ][gc,phases   ] GC(9)   Post Evacuate Collection Set: 2.09ms
[2025-05-12T01:57:43.643+0000][72][info ][gc,phases   ] GC(9)   Other: 2.06ms
[2025-05-12T01:57:43.644+0000][72][trace][gc,age      ] GC(9) Age table with threshold 15 (max threshold 15)
[2025-05-12T01:57:43.645+0000][72][trace][gc,age      ] GC(9) - age   1:      81744 bytes,      81744 total
[2025-05-12T01:57:43.645+0000][72][trace][gc,age      ] GC(9) - age   2:      58768 bytes,     140512 total
[2025-05-12T01:57:43.646+0000][72][trace][gc,age      ] GC(9) - age   3:   14675144 bytes,   14815656 total
[2025-05-12T01:57:43.647+0000][72][trace][gc,age      ] GC(9) - age   4:    4244000 bytes,   19059656 total
[2025-05-12T01:57:43.647+0000][72][trace][gc,age      ] GC(9) - age   5:    2532504 bytes,   21592160 total
[2025-05-12T01:57:43.648+0000][72][trace][gc,age      ] GC(9) - age   6:    4086896 bytes,   25679056 total
[2025-05-12T01:57:43.648+0000][72][trace][gc,age      ] GC(9) - age   7:    4229216 bytes,   29908272 total
[2025-05-12T01:57:43.649+0000][72][info ][gc,heap     ] GC(9) Eden regions: 1->0(353)
[2025-05-12T01:57:43.650+0000][72][info ][gc,heap     ] GC(9) Survivor regions: 8->8(24)
[2025-05-12T01:57:43.650+0000][72][info ][gc,heap     ] GC(9) Old regions: 3->3
[2025-05-12T01:57:43.651+0000][72][info ][gc,heap     ] GC(9) Humongous regions: 0->0
[2025-05-12T01:57:43.651+0000][72][info ][gc,metaspace] GC(9) Metaspace: 59604K(60928K)->59604K(60928K) NonClass: 51986K(52800K)->51986K(52800K) Class: 7618K(8128K)->7618K(8128K)
[2025-05-12T01:57:43.652+0000][72][info ][gc          ] GC(9) Pause Young (Concurrent Start) (Metadata GC Threshold) 44M->42M(3880M) 27.724ms
[2025-05-12T01:57:43.654+0000][72][info ][gc          ] GC(10) Concurrent Mark Cycle
[2025-05-12T01:57:43.654+0000][72][info ][gc,cpu      ] GC(9) User=0.04s Sys=0.02s Real=0.03s
[2025-05-12T01:57:43.655+0000][72][info ][gc,marking  ] GC(10) Concurrent Scan Root Regions
[2025-05-12T01:57:43.656+0000][72][info ][safepoint   ] Safepoint "CollectForMetadataAllocation", Time since last: 72732162 ns, Reaching safepoint: 5148 ns, Cleanup: 3935 ns, At safepoint: 32507256 ns, Total: 32516339 ns
[2025-05-12T01:57:43.664+0000][72][info ][gc,marking  ] GC(10) Concurrent Scan Root Regions 8.545ms
[2025-05-12T01:57:43.664+0000][72][info ][gc,marking  ] GC(10) Concurrent Mark
[2025-05-12T01:57:43.665+0000][72][info ][gc,marking  ] GC(10) Concurrent Mark From Roots
[2025-05-12T01:57:43.665+0000][72][info ][gc,task     ] GC(10) Using 3 workers of 3 for marking
[2025-05-12T01:57:43.676+0000][72][info ][gc,marking  ] GC(10) Concurrent Mark From Roots 11.859ms
[2025-05-12T01:57:43.677+0000][72][info ][gc,marking  ] GC(10) Concurrent Preclean
[2025-05-12T01:57:43.677+0000][72][info ][gc,marking  ] GC(10) Concurrent Preclean 0.377ms
[2025-05-12T01:57:43.678+0000][72][info ][gc,start    ] GC(10) Pause Remark
[2025-05-12T01:57:43.687+0000][72][info ][gc          ] GC(10) Pause Remark 45M->45M(3880M) 9.160ms
[2025-05-12T01:57:43.688+0000][72][info ][gc,cpu      ] GC(10) User=0.04s Sys=0.00s Real=0.01s
[2025-05-12T01:57:43.688+0000][72][info ][safepoint   ] Safepoint "G1PauseRemark", Time since last: 21099400 ns, Reaching safepoint: 5059 ns, Cleanup: 4393 ns, At safepoint: 10874682 ns, Total: 10884134 ns
[2025-05-12T01:57:43.689+0000][72][info ][gc,marking  ] GC(10) Concurrent Mark 25.314ms
[2025-05-12T01:57:43.690+0000][72][info ][gc,marking  ] GC(10) Concurrent Rebuild Remembered Sets and Scrub Regions
[2025-05-12T01:57:43.697+0000][72][info ][gc,marking  ] GC(10) Concurrent Rebuild Remembered Sets and Scrub Regions 6.958ms
[2025-05-12T01:57:43.699+0000][72][info ][gc,start    ] GC(10) Pause Cleanup
[2025-05-12T01:57:43.700+0000][72][info ][gc          ] GC(10) Pause Cleanup 45M->45M(3880M) 0.927ms
[2025-05-12T01:57:43.701+0000][72][info ][gc,cpu      ] GC(10) User=0.00s Sys=0.00s Real=0.00s
[2025-05-12T01:57:43.702+0000][72][info ][safepoint   ] Safepoint "G1PauseCleanup", Time since last: 10618650 ns, Reaching safepoint: 104170 ns, Cleanup: 30170 ns, At safepoint: 2851985 ns, Total: 2986325 ns
[2025-05-12T01:57:43.703+0000][72][info ][gc,marking  ] GC(10) Concurrent Clear Claimed Marks
[2025-05-12T01:57:43.703+0000][72][info ][gc,marking  ] GC(10) Concurrent Clear Claimed Marks 0.585ms
[2025-05-12T01:57:43.704+0000][72][info ][gc,marking  ] GC(10) Concurrent Cleanup for Next Mark
[2025-05-12T01:57:43.707+0000][72][info ][gc,marking  ] GC(10) Concurrent Cleanup for Next Mark 3.053ms
[2025-05-12T01:57:43.707+0000][72][info ][gc          ] GC(10) Concurrent Mark Cycle 52.975ms
[2025-05-12T01:57:45.510+0000][72][info ][safepoint   ] Safepoint "Cleanup", Time since last: 1804083643 ns, Reaching safepoint: 3367086 ns, Cleanup: 105248 ns, At safepoint: 42534 ns, Total: 3514868 ns
[2025-05-12T01:57:46.513+0000][72][info ][safepoint   ] Safepoint "Cleanup", Time since last: 1000875040 ns, Reaching safepoint: 2210355 ns, Cleanup: 95466 ns, At safepoint: 207237 ns, Total: 2513058 ns
[2025-05-12T01:57:47.519+0000][72][info ][safepoint   ] Safepoint "Cleanup", Time since last: 1006036385 ns, Reaching safepoint: 101832 ns, Cleanup: 28193 ns, At safepoint: 30664 ns, Total: 160689 ns
[2025-05-12T01:57:48.522+0000][72][info ][safepoint   ] Safepoint "Cleanup", Time since last: 1000458915 ns, Reaching safepoint: 2183375 ns, Cleanup: 107252 ns, At safepoint: 33720 ns, Total: 2324347 ns
[2025-05-12T01:57:49.526+0000][72][info ][safepoint   ] Safepoint "Cleanup", Time since last: 1004221794 ns, Reaching safepoint: 6207 ns, Cleanup: 15276 ns, At safepoint: 5624 ns, Total: 27107 ns
[2025-05-12T01:57:50.889+0000][72][info ][safepoint   ] Safepoint "Cleanup", Time since last: 1362429852 ns, Reaching safepoint: 88607 ns, Cleanup: 139505 ns, At safepoint: 40899 ns, Total: 269011 ns
[2025-05-12T01:57:51.893+0000][72][info ][safepoint   ] Safepoint "Cleanup", Time since last: 1003643720 ns, Reaching safepoint: 94837 ns, Cleanup: 13880 ns, At safepoint: 27953 ns, Total: 136670 ns
[2025-05-12T01:57:52.995+0000][72][info ][safepoint   ] Safepoint "Cleanup", Time since last: 1101982530 ns, Reaching safepoint: 143182 ns, Cleanup: 98110 ns, At safepoint: 29261 ns, Total: 270553 ns
[2025-05-12T01:57:53.996+0000][72][info ][safepoint   ] Safepoint "Cleanup", Time since last: 1000602879 ns, Reaching safepoint: 6476 ns, Cleanup: 79010 ns, At safepoint: 20465 ns, Total: 105951 ns
[2025-05-12T01:57:55.409+0000][72][info ][safepoint   ] Safepoint "Cleanup", Time since last: 1413121915 ns, Reaching safepoint: 8596 ns, Cleanup: 71226 ns, At safepoint: 12590 ns, Total: 92412 ns
[2025-05-12T01:57:56.428+0000][72][info ][safepoint   ] Safepoint "Cleanup", Time since last: 1009092533 ns, Reaching safepoint: 100842 ns, Cleanup: 48601 ns, At safepoint: 34123 ns, Total: 183566 ns
[2025-05-12T01:57:57.430+0000][72][info ][safepoint   ] Safepoint "Cleanup", Time since last: 1001717571 ns, Reaching safepoint: 482037 ns, Cleanup: 61995 ns, At safepoint: 43295 ns, Total: 587327 ns
[2025-05-12T01:57:58.435+0000][72][info ][safepoint   ] Safepoint "Cleanup", Time since last: 1004888419 ns, Reaching safepoint: 10607 ns, Cleanup: 24964 ns, At safepoint: 16101 ns, Total: 51672 ns
[2025-05-12T01:57:59.542+0000][72][info ][safepoint   ] Safepoint "Cleanup", Time since last: 1107290611 ns, Reaching safepoint: 152876 ns, Cleanup: 63848 ns, At safepoint: 21293 ns, Total: 238017 ns
[2025-05-12T01:58:00.026+0000][72][info ][gc,start    ] GC(11) Pause Young (Concurrent Start) (Metadata GC Threshold)
[2025-05-12T01:58:00.027+0000][72][info ][gc,task     ] GC(11) Using 10 workers of 10 for evacuation
[2025-05-12T01:58:00.027+0000][72][debug][gc,age      ] GC(11) Desired survivor size 96468992 bytes, new threshold 15 (max threshold 15)
[2025-05-12T01:58:00.049+0000][72][info ][gc,phases   ] GC(11)   Pre Evacuate Collection Set: 0.89ms
[2025-05-12T01:58:00.050+0000][72][info ][gc,phases   ] GC(11)   Merge Heap Roots: 0.74ms
[2025-05-12T01:58:00.050+0000][72][info ][gc,phases   ] GC(11)   Evacuate Collection Set: 16.08ms
[2025-05-12T01:58:00.050+0000][72][info ][gc,phases   ] GC(11)   Post Evacuate Collection Set: 3.91ms
[2025-05-12T01:58:00.051+0000][72][info ][gc,phases   ] GC(11)   Other: 0.83ms
[2025-05-12T01:58:00.051+0000][72][trace][gc,age      ] GC(11) Age table with threshold 15 (max threshold 15)
[2025-05-12T01:58:00.051+0000][72][trace][gc,age      ] GC(11) - age   1:   21645320 bytes,   21645320 total
[2025-05-12T01:58:00.052+0000][72][trace][gc,age      ] GC(11) - age   2:      66480 bytes,   21711800 total
[2025-05-12T01:58:00.052+0000][72][trace][gc,age      ] GC(11) - age   3:      53544 bytes,   21765344 total
[2025-05-12T01:58:00.052+0000][72][trace][gc,age      ] GC(11) - age   4:   14365680 bytes,   36131024 total
[2025-05-12T01:58:00.053+0000][72][trace][gc,age      ] GC(11) - age   5:    4219072 bytes,   40350096 total
[2025-05-12T01:58:00.053+0000][72][trace][gc,age      ] GC(11) - age   6:    2524856 bytes,   42874952 total
[2025-05-12T01:58:00.053+0000][72][trace][gc,age      ] GC(11) - age   7:    4075584 bytes,   46950536 total
[2025-05-12T01:58:00.054+0000][72][trace][gc,age      ] GC(11) - age   8:    4200872 bytes,   51151408 total
[2025-05-12T01:58:00.054+0000][72][info ][gc,heap     ] GC(11) Eden regions: 208->0(444)
[2025-05-12T01:58:00.055+0000][72][info ][gc,heap     ] GC(11) Survivor regions: 8->14(46)
[2025-05-12T01:58:00.055+0000][72][info ][gc,heap     ] GC(11) Old regions: 3->3
[2025-05-12T01:58:00.055+0000][72][info ][gc,heap     ] GC(11) Humongous regions: 0->0
[2025-05-12T01:58:00.055+0000][72][info ][gc,metaspace] GC(11) Metaspace: 100044K(101888K)->100044K(101888K) NonClass: 86774K(87808K)->86774K(87808K) Class: 13270K(14080K)->13270K(14080K)
[2025-05-12T01:58:00.056+0000][72][info ][gc          ] GC(11) Pause Young (Concurrent Start) (Metadata GC Threshold) 874M->63M(3880M) 29.422ms
[2025-05-12T01:58:00.056+0000][72][info ][gc          ] GC(12) Concurrent Mark Cycle
[2025-05-12T01:58:00.057+0000][72][info ][gc,marking  ] GC(12) Concurrent Scan Root Regions
[2025-05-12T01:58:00.056+0000][72][info ][gc,cpu      ] GC(11) User=0.17s Sys=0.01s Real=0.03s
[2025-05-12T01:58:00.058+0000][72][info ][safepoint   ] Safepoint "CollectForMetadataAllocation", Time since last: 483892293 ns, Reaching safepoint: 6650 ns, Cleanup: 55837 ns, At safepoint: 31568728 ns, Total: 31631215 ns
[2025-05-12T01:58:00.072+0000][72][info ][gc,marking  ] GC(12) Concurrent Scan Root Regions 14.958ms
[2025-05-12T01:58:00.073+0000][72][info ][gc,marking  ] GC(12) Concurrent Mark
[2025-05-12T01:58:00.074+0000][72][info ][gc,marking  ] GC(12) Concurrent Mark From Roots
[2025-05-12T01:58:00.074+0000][72][info ][gc,task     ] GC(12) Using 3 workers of 3 for marking
[2025-05-12T01:58:00.084+0000][72][info ][gc,marking  ] GC(12) Concurrent Mark From Roots 10.693ms
[2025-05-12T01:58:00.085+0000][72][info ][gc,marking  ] GC(12) Concurrent Preclean
[2025-05-12T01:58:00.088+0000][72][info ][gc,marking  ] GC(12) Concurrent Preclean 2.999ms
[2025-05-12T01:58:00.089+0000][72][info ][gc,start    ] GC(12) Pause Remark
[2025-05-12T01:58:00.094+0000][72][info ][gc          ] GC(12) Pause Remark 69M->69M(3880M) 5.693ms
[2025-05-12T01:58:00.095+0000][72][info ][gc,cpu      ] GC(12) User=0.02s Sys=0.01s Real=0.00s
[2025-05-12T01:58:00.095+0000][72][info ][safepoint   ] Safepoint "G1PauseRemark", Time since last: 30251028 ns, Reaching safepoint: 311147 ns, Cleanup: 6944 ns, At safepoint: 6500788 ns, Total: 6818879 ns
[2025-05-12T01:58:00.095+0000][72][info ][gc,marking  ] GC(12) Concurrent Mark 22.195ms
[2025-05-12T01:58:00.096+0000][72][info ][gc,marking  ] GC(12) Concurrent Rebuild Remembered Sets and Scrub Regions
[2025-05-12T01:58:00.100+0000][72][info ][gc,marking  ] GC(12) Concurrent Rebuild Remembered Sets and Scrub Regions 3.635ms
[2025-05-12T01:58:00.100+0000][72][info ][gc,start    ] GC(12) Pause Cleanup
[2025-05-12T01:58:00.101+0000][72][info ][gc          ] GC(12) Pause Cleanup 69M->69M(3880M) 0.678ms
[2025-05-12T01:58:00.102+0000][72][info ][gc,cpu      ] GC(12) User=0.00s Sys=0.00s Real=0.00s
[2025-05-12T01:58:00.102+0000][72][info ][safepoint   ] Safepoint "G1PauseCleanup", Time since last: 5175706 ns, Reaching safepoint: 180521 ns, Cleanup: 91217 ns, At safepoint: 1389777 ns, Total: 1661515 ns
[2025-05-12T01:58:00.102+0000][72][info ][gc,marking  ] GC(12) Concurrent Clear Claimed Marks
[2025-05-12T01:58:00.103+0000][72][info ][gc,marking  ] GC(12) Concurrent Clear Claimed Marks 0.420ms
[2025-05-12T01:58:00.103+0000][72][info ][gc,marking  ] GC(12) Concurrent Cleanup for Next Mark
[2025-05-12T01:58:00.109+0000][72][info ][gc,marking  ] GC(12) Concurrent Cleanup for Next Mark 5.915ms
[2025-05-12T01:58:00.109+0000][72][info ][gc          ] GC(12) Concurrent Mark Cycle 53.042ms
[2025-05-12T01:58:01.375+0000][72][info ][safepoint   ] Safepoint "Cleanup", Time since last: 1272640111 ns, Reaching safepoint: 183457 ns, Cleanup: 100509 ns, At safepoint: 50509 ns, Total: 334475 ns
[2025-05-12T01:58:02.389+0000][72][info ][safepoint   ] Safepoint "Cleanup", Time since last: 1013790445 ns, Reaching safepoint: 9337 ns, Cleanup: 155782 ns, At safepoint: 15273 ns, Total: 180392 ns
[2025-05-12T01:58:03.509+0000][72][info ][safepoint   ] Safepoint "ICBufferFull", Time since last: 1107892833 ns, Reaching safepoint: 11969358 ns, Cleanup: 158803 ns, At safepoint: 180658 ns, Total: 12308819 ns
[2025-05-12T01:58:03.859+0000][72][info ][safepoint   ] Safepoint "ICBufferFull", Time since last: 350014416 ns, Reaching safepoint: 225086 ns, Cleanup: 110107 ns, At safepoint: 72516 ns, Total: 407709 ns
[2025-05-12T01:58:04.096+0000][72][info ][safepoint   ] Safepoint "ICBufferFull", Time since last: 236313613 ns, Reaching safepoint: 10014 ns, Cleanup: 146903 ns, At safepoint: 24105 ns, Total: 181022 ns
[2025-05-12T01:58:04.384+0000][72][info ][safepoint   ] Safepoint "ICBufferFull", Time since last: 287444375 ns, Reaching safepoint: 115027 ns, Cleanup: 108224 ns, At safepoint: 65643 ns, Total: 288894 ns
[2025-05-12T01:58:04.701+0000][72][info ][safepoint   ] Safepoint "ICBufferFull", Time since last: 316892260 ns, Reaching safepoint: 674894 ns, Cleanup: 125708 ns, At safepoint: 43988 ns, Total: 844590 ns
[2025-05-12T01:58:04.723+0000][72][info ][safepoint   ] Safepoint "ICBufferFull", Time since last: 21835354 ns, Reaching safepoint: 12008 ns, Cleanup: 10722 ns, At safepoint: 29707 ns, Total: 52437 ns
[2025-05-12T01:58:05.179+0000][72][info ][safepoint   ] Safepoint "ICBufferFull", Time since last: 455550191 ns, Reaching safepoint: 111160 ns, Cleanup: 113773 ns, At safepoint: 38671 ns, Total: 263604 ns
[2025-05-12T01:58:06.181+0000][72][info ][safepoint   ] Safepoint "Cleanup", Time since last: 1001327847 ns, Reaching safepoint: 183883 ns, Cleanup: 211872 ns, At safepoint: 82272 ns, Total: 478027 ns
[2025-05-12T01:58:07.182+0000][72][info ][safepoint   ] Safepoint "Cleanup", Time since last: 1000720737 ns, Reaching safepoint: 16409 ns, Cleanup: 81208 ns, At safepoint: 13922 ns, Total: 111539 ns
[2025-05-12T01:58:08.183+0000][72][info ][safepoint   ] Safepoint "Cleanup", Time since last: 1001042820 ns, Reaching safepoint: 14873 ns, Cleanup: 113867 ns, At safepoint: 12336 ns, Total: 141076 ns
[2025-05-12T01:58:09.185+0000][72][info ][safepoint   ] Safepoint "Cleanup", Time since last: 1002019151 ns, Reaching safepoint: 12618 ns, Cleanup: 15346 ns, At safepoint: 9488 ns, Total: 37452 ns
[2025-05-12T01:58:10.186+0000][72][info ][safepoint   ] Safepoint "Cleanup", Time since last: 1000733405 ns, Reaching safepoint: 14420 ns, Cleanup: 35252 ns, At safepoint: 13507 ns, Total: 63179 ns
[2025-05-12T01:58:13.187+0000][72][info ][safepoint   ] Safepoint "Cleanup", Time since last: 3001081197 ns, Reaching safepoint: 75210 ns, Cleanup: 15282 ns, At safepoint: 13759 ns, Total: 104251 ns
[2025-05-12T01:58:18.191+0000][72][info ][safepoint   ] Safepoint "Cleanup", Time since last: 5003631698 ns, Reaching safepoint: 55665 ns, Cleanup: 18280 ns, At safepoint: 9434 ns, Total: 83379 ns
[2025-05-12T01:58:23.453+0000][72][info ][safepoint   ] Safepoint "Cleanup", Time since last: 5262596608 ns, Reaching safepoint: 34596 ns, Cleanup: 42337 ns, At safepoint: 10155 ns, Total: 87088 ns
[2025-05-12T01:58:24.454+0000][72][info ][safepoint   ] Safepoint "Cleanup", Time since last: 1000969741 ns, Reaching safepoint: 13322 ns, Cleanup: 27323 ns, At safepoint: 9492 ns, Total: 50137 ns
[2025-05-12T01:58:25.518+0000][72][info ][safepoint   ] Safepoint "Cleanup", Time since last: 1062891032 ns, Reaching safepoint: 172383 ns, Cleanup: 419769 ns, At safepoint: 187374 ns, Total: 779526 ns
[2025-05-12T01:58:26.476+0000][72][info ][safepoint   ] Safepoint "ICBufferFull", Time since last: 961004132 ns, Reaching safepoint: 2180110 ns, Cleanup: 128243 ns, At safepoint: 81794 ns, Total: 2390147 ns
[2025-05-12T01:58:26.892+0000][72][info ][safepoint   ] Safepoint "ICBufferFull", Time since last: 415904313 ns, Reaching safepoint: 13872 ns, Cleanup: 152574 ns, At safepoint: 98020 ns, Total: 264466 ns
[2025-05-12T01:58:26.917+0000][72][info ][safepoint   ] Safepoint "ICBufferFull", Time since last: 24852154 ns, Reaching safepoint: 15456 ns, Cleanup: 4773 ns, At safepoint: 23117 ns, Total: 43346 ns
[2025-05-12T01:58:27.110+0000][72][info ][safepoint   ] Safepoint "ICBufferFull", Time since last: 192842492 ns, Reaching safepoint: 130385 ns, Cleanup: 93012 ns, At safepoint: 72489 ns, Total: 295886 ns
[2025-05-12T01:58:27.631+0000][72][info ][safepoint   ] Safepoint "ICBufferFull", Time since last: 520969453 ns, Reaching safepoint: 20221 ns, Cleanup: 183012 ns, At safepoint: 133288 ns, Total: 336521 ns
[2025-05-12T01:58:27.905+0000][72][info ][safepoint   ] Safepoint "ICBufferFull", Time since last: 273950206 ns, Reaching safepoint: 17882 ns, Cleanup: 167441 ns, At safepoint: 15187 ns, Total: 200510 ns
[2025-05-12T01:58:28.841+0000][72][info ][safepoint   ] Safepoint "ICBufferFull", Time since last: 935690160 ns, Reaching safepoint: 18015 ns, Cleanup: 219341 ns, At safepoint: 127125 ns, Total: 364481 ns
[2025-05-12T01:58:29.797+0000][72][info ][safepoint   ] Safepoint "ICBufferFull", Time since last: 954886064 ns, Reaching safepoint: 13424 ns, Cleanup: 131304 ns, At safepoint: 14026 ns, Total: 158754 ns
[2025-05-12T01:58:30.645+0000][72][info ][safepoint   ] Safepoint "ICBufferFull", Time since last: 847642303 ns, Reaching safepoint: 19265 ns, Cleanup: 244443 ns, At safepoint: 163880 ns, Total: 427588 ns
[2025-05-12T01:58:30.652+0000][72][info ][safepoint   ] Safepoint "ICBufferFull", Time since last: 6198326 ns, Reaching safepoint: 1031883 ns, Cleanup: 71498 ns, At safepoint: 84676 ns, Total: 1188057 ns
[2025-05-12T01:58:30.743+0000][72][info ][safepoint   ] Safepoint "ICBufferFull", Time since last: 90389939 ns, Reaching safepoint: 15115 ns, Cleanup: 120531 ns, At safepoint: 35285 ns, Total: 170931 ns
[2025-05-12T01:58:32.087+0000][72][info ][safepoint   ] Safepoint "ICBufferFull", Time since last: 1344317832 ns, Reaching safepoint: 17972 ns, Cleanup: 163898 ns, At safepoint: 14589 ns, Total: 196459 ns
[2025-05-12T01:58:33.036+0000][72][info ][safepoint   ] Safepoint "ICBufferFull", Time since last: 948362139 ns, Reaching safepoint: 14380 ns, Cleanup: 136608 ns, At safepoint: 42038 ns, Total: 193026 ns
[2025-05-12T01:58:33.840+0000][72][info ][safepoint   ] Safepoint "ICBufferFull", Time since last: 803783414 ns, Reaching safepoint: 111266 ns, Cleanup: 105483 ns, At safepoint: 66965 ns, Total: 283714 ns
[2025-05-12T01:58:34.916+0000][72][info ][safepoint   ] Safepoint "Cleanup", Time since last: 1076393912 ns, Reaching safepoint: 12415 ns, Cleanup: 108185 ns, At safepoint: 8817 ns, Total: 129417 ns
[2025-05-12T01:58:35.677+0000][72][info ][safepoint   ] Safepoint "ICBufferFull", Time since last: 760866442 ns, Reaching safepoint: 114946 ns, Cleanup: 118037 ns, At safepoint: 63849 ns, Total: 296832 ns
[2025-05-12T01:58:36.119+0000][72][info ][safepoint   ] Safepoint "ICBufferFull", Time since last: 440357107 ns, Reaching safepoint: 231043 ns, Cleanup: 449033 ns, At safepoint: 476199 ns, Total: 1156275 ns
[2025-05-12T01:58:36.319+0000][72][info ][safepoint   ] Safepoint "ICBufferFull", Time since last: 199526297 ns, Reaching safepoint: 16375 ns, Cleanup: 126354 ns, At safepoint: 42217 ns, Total: 184946 ns
[2025-05-12T01:58:38.189+0000][72][info ][safepoint   ] Safepoint "Cleanup", Time since last: 1870095773 ns, Reaching safepoint: 16716 ns, Cleanup: 127844 ns, At safepoint: 27828 ns, Total: 172388 ns
[2025-05-12T01:58:39.249+0000][72][info ][safepoint   ] Safepoint "Cleanup", Time since last: 1060469752 ns, Reaching safepoint: 17234 ns, Cleanup: 111218 ns, At safepoint: 26137 ns, Total: 154589 ns
[2025-05-12T01:58:40.344+0000][72][info ][safepoint   ] Safepoint "Cleanup", Time since last: 1094339352 ns, Reaching safepoint: 21138 ns, Cleanup: 54269 ns, At safepoint: 79916 ns, Total: 155323 ns
[2025-05-12T01:58:41.418+0000][72][info ][safepoint   ] Safepoint "Cleanup", Time since last: 1073511728 ns, Reaching safepoint: 10848 ns, Cleanup: 168465 ns, At safepoint: 67693 ns, Total: 247006 ns
[2025-05-12T01:58:42.036+0000][72][info ][safepoint   ] Safepoint "ICBufferFull", Time since last: 617759347 ns, Reaching safepoint: 446857 ns, Cleanup: 122492 ns, At safepoint: 67900 ns, Total: 637249 ns
[2025-05-12T01:58:42.037+0000][72][info ][safepoint   ] Safepoint "ICBufferFull", Time since last: 979058 ns, Reaching safepoint: 114480 ns, Cleanup: 16212 ns, At safepoint: 63532 ns, Total: 194224 ns
[2025-05-12T01:58:42.098+0000][72][info ][safepoint   ] Safepoint "ICBufferFull", Time since last: 60184777 ns, Reaching safepoint: 21427 ns, Cleanup: 236708 ns, At safepoint: 185914 ns, Total: 444049 ns
[2025-05-12T01:58:42.102+0000][72][info ][safepoint   ] Safepoint "ICBufferFull", Time since last: 4053166 ns, Reaching safepoint: 113151 ns, Cleanup: 9975 ns, At safepoint: 118005 ns, Total: 241131 ns
[2025-05-12T01:58:42.103+0000][72][info ][safepoint   ] Safepoint "ICBufferFull", Time since last: 557127 ns, Reaching safepoint: 201347 ns, Cleanup: 9803 ns, At safepoint: 134567 ns, Total: 345717 ns
[2025-05-12T01:58:42.646+0000][72][info ][safepoint   ] Safepoint "ICBufferFull", Time since last: 540982023 ns, Reaching safepoint: 1805336 ns, Cleanup: 189002 ns, At safepoint: 76841 ns, Total: 2071179 ns
[2025-05-12T01:58:42.936+0000][72][info ][safepoint   ] Safepoint "ICBufferFull", Time since last: 289312535 ns, Reaching safepoint: 172895 ns, Cleanup: 207720 ns, At safepoint: 349005 ns, Total: 729620 ns
[2025-05-12T01:58:43.862+0000][72][info ][safepoint   ] Safepoint "ICBufferFull", Time since last: 925019258 ns, Reaching safepoint: 183415 ns, Cleanup: 249759 ns, At safepoint: 244298 ns, Total: 677472 ns
[2025-05-12T01:58:44.272+0000][72][info ][safepoint   ] Safepoint "ICBufferFull", Time since last: 407249000 ns, Reaching safepoint: 1083589 ns, Cleanup: 195306 ns, At safepoint: 1051061 ns, Total: 2329956 ns
[2025-05-12T01:58:45.095+0000][72][info ][safepoint   ] Safepoint "ICBufferFull", Time since last: 823376843 ns, Reaching safepoint: 18998 ns, Cleanup: 160291 ns, At safepoint: 32702 ns, Total: 211991 ns
[2025-05-12T01:58:45.673+0000][72][info ][safepoint   ] Safepoint "ICBufferFull", Time since last: 577539999 ns, Reaching safepoint: 24939 ns, Cleanup: 271906 ns, At safepoint: 22153 ns, Total: 318998 ns
[2025-05-12T01:58:46.498+0000][72][info ][safepoint   ] Safepoint "ICBufferFull", Time since last: 822234233 ns, Reaching safepoint: 2203755 ns, Cleanup: 141592 ns, At safepoint: 125629 ns, Total: 2470976 ns
[2025-05-12T01:58:47.146+0000][72][info ][safepoint   ] Safepoint "ICBufferFull", Time since last: 648057106 ns, Reaching safepoint: 96774 ns, Cleanup: 89453 ns, At safepoint: 37290 ns, Total: 223517 ns
[2025-05-12T01:58:48.400+0000][72][info ][safepoint   ] Safepoint "Cleanup", Time since last: 1254300272 ns, Reaching safepoint: 26591 ns, Cleanup: 90880 ns, At safepoint: 14580 ns, Total: 132051 ns
[2025-05-12T01:58:48.852+0000][72][info ][safepoint   ] Safepoint "ICBufferFull", Time since last: 450998601 ns, Reaching safepoint: 24378 ns, Cleanup: 221566 ns, At safepoint: 120808 ns, Total: 366752 ns
[2025-05-12T01:58:50.557+0000][72][info ][safepoint   ] Safepoint "Cleanup", Time since last: 1704990056 ns, Reaching safepoint: 11298 ns, Cleanup: 124000 ns, At safepoint: 24783 ns, Total: 160081 ns
[2025-05-12T01:58:51.363+0000][72][info ][safepoint   ] Safepoint "ICBufferFull", Time since last: 805864379 ns, Reaching safepoint: 22863 ns, Cleanup: 137578 ns, At safepoint: 16819 ns, Total: 177260 ns
[2025-05-12T01:58:51.655+0000][72][info ][gc,start    ] GC(13) Pause Young (Concurrent Start) (CodeCache GC Threshold)
[2025-05-12T01:58:51.656+0000][72][info ][gc,task     ] GC(13) Using 10 workers of 10 for evacuation
[2025-05-12T01:58:51.657+0000][72][debug][gc,age      ] GC(13) Desired survivor size 121634816 bytes, new threshold 15 (max threshold 15)
[2025-05-12T01:58:51.878+0000][72][info ][gc,mmu      ] GC(13) MMU target violated: 201.0ms (200.0ms/201.0ms)
[2025-05-12T01:58:51.879+0000][72][info ][gc,phases   ] GC(13)   Pre Evacuate Collection Set: 8.45ms
[2025-05-12T01:58:51.879+0000][72][info ][gc,phases   ] GC(13)   Merge Heap Roots: 0.65ms
[2025-05-12T01:58:51.880+0000][72][info ][gc,phases   ] GC(13)   Evacuate Collection Set: 204.91ms
[2025-05-12T01:58:51.880+0000][72][info ][gc,phases   ] GC(13)   Post Evacuate Collection Set: 6.07ms
[2025-05-12T01:58:51.880+0000][72][info ][gc,phases   ] GC(13)   Other: 2.65ms
[2025-05-12T01:58:51.881+0000][72][trace][gc,age      ] GC(13) Age table with threshold 15 (max threshold 15)
[2025-05-12T01:58:51.881+0000][72][trace][gc,age      ] GC(13) - age   1:   47701984 bytes,   47701984 total
[2025-05-12T01:58:51.881+0000][72][trace][gc,age      ] GC(13) - age   2:   20512584 bytes,   68214568 total
[2025-05-12T01:58:51.882+0000][72][trace][gc,age      ] GC(13) - age   3:      65968 bytes,   68280536 total
[2025-05-12T01:58:51.882+0000][72][trace][gc,age      ] GC(13) - age   4:      53096 bytes,   68333632 total
[2025-05-12T01:58:51.882+0000][72][trace][gc,age      ] GC(13) - age   5:   14327600 bytes,   82661232 total
[2025-05-12T01:58:51.883+0000][72][trace][gc,age      ] GC(13) - age   6:    4218488 bytes,   86879720 total
[2025-05-12T01:58:51.883+0000][72][trace][gc,age      ] GC(13) - age   7:    2522976 bytes,   89402696 total
[2025-05-12T01:58:51.883+0000][72][trace][gc,age      ] GC(13) - age   8:    4073992 bytes,   93476688 total
[2025-05-12T01:58:51.884+0000][72][trace][gc,age      ] GC(13) - age   9:    4197400 bytes,   97674088 total
[2025-05-12T01:58:51.884+0000][72][info ][gc,heap     ] GC(13) Eden regions: 327->0(202)
[2025-05-12T01:58:51.885+0000][72][info ][gc,heap     ] GC(13) Survivor regions: 14->28(58)
[2025-05-12T01:58:51.885+0000][72][info ][gc,heap     ] GC(13) Old regions: 3->3
[2025-05-12T01:58:51.885+0000][72][info ][gc,heap     ] GC(13) Humongous regions: 0->0
[2025-05-12T01:58:51.886+0000][72][info ][gc,metaspace] GC(13) Metaspace: 139916K(143808K)->139916K(143808K) NonClass: 120504K(122560K)->120504K(122560K) Class: 19412K(21248K)->19412K(21248K)
[2025-05-12T01:58:51.887+0000][72][info ][gc          ] GC(13) Pause Young (Concurrent Start) (CodeCache GC Threshold) 1369M->119M(3880M) 231.712ms
[2025-05-12T01:58:51.887+0000][72][info ][gc,cpu      ] GC(13) User=1.78s Sys=0.08s Real=0.23s
[2025-05-12T01:58:51.888+0000][72][info ][gc          ] GC(14) Concurrent Mark Cycle
[2025-05-12T01:58:51.888+0000][72][info ][safepoint   ] Safepoint "G1TryInitiateConcMark", Time since last: 290838035 ns, Reaching safepoint: 409629 ns, Cleanup: 69353 ns, At safepoint: 234044141 ns, Total: 234523123 ns
[2025-05-12T01:58:51.889+0000][72][info ][gc,marking  ] GC(14) Concurrent Scan Root Regions
[2025-05-12T01:58:51.943+0000][72][info ][gc,marking  ] GC(14) Concurrent Scan Root Regions 54.123ms
[2025-05-12T01:58:51.943+0000][72][info ][gc,marking  ] GC(14) Concurrent Mark
[2025-05-12T01:58:51.944+0000][72][info ][gc,marking  ] GC(14) Concurrent Mark From Roots
[2025-05-12T01:58:51.944+0000][72][info ][gc,task     ] GC(14) Using 3 workers of 3 for marking
[2025-05-12T01:58:51.985+0000][72][info ][gc,marking  ] GC(14) Concurrent Mark From Roots 41.594ms
[2025-05-12T01:58:51.987+0000][72][info ][gc,marking  ] GC(14) Concurrent Preclean
[2025-05-12T01:58:51.987+0000][72][info ][gc,marking  ] GC(14) Concurrent Preclean 0.604ms
[2025-05-12T01:58:51.990+0000][72][info ][gc,start    ] GC(14) Pause Remark
[2025-05-12T01:58:52.012+0000][72][info ][gc          ] GC(14) Pause Remark 163M->163M(3880M) 22.000ms
[2025-05-12T01:58:52.012+0000][72][info ][gc,cpu      ] GC(14) User=0.10s Sys=0.01s Real=0.03s
[2025-05-12T01:58:52.013+0000][72][info ][safepoint   ] Safepoint "G1PauseRemark", Time since last: 101488394 ns, Reaching safepoint: 211660 ns, Cleanup: 25562 ns, At safepoint: 22848318 ns, Total: 23085540 ns
[2025-05-12T01:58:52.013+0000][72][info ][gc,marking  ] GC(14) Concurrent Mark 70.167ms
[2025-05-12T01:58:52.014+0000][72][info ][gc,marking  ] GC(14) Concurrent Rebuild Remembered Sets and Scrub Regions
[2025-05-12T01:58:52.021+0000][72][info ][gc,marking  ] GC(14) Concurrent Rebuild Remembered Sets and Scrub Regions 7.098ms
[2025-05-12T01:58:52.022+0000][72][info ][gc,start    ] GC(14) Pause Cleanup
[2025-05-12T01:58:52.024+0000][72][info ][gc          ] GC(14) Pause Cleanup 164M->164M(3880M) 2.127ms
[2025-05-12T01:58:52.024+0000][72][info ][gc,cpu      ] GC(14) User=0.01s Sys=0.00s Real=0.01s
[2025-05-12T01:58:52.025+0000][72][info ][safepoint   ] Safepoint "G1PauseCleanup", Time since last: 8471239 ns, Reaching safepoint: 163736 ns, Cleanup: 36107 ns, At safepoint: 3519883 ns, Total: 3719726 ns
[2025-05-12T01:58:52.025+0000][72][info ][gc,marking  ] GC(14) Concurrent Clear Claimed Marks
[2025-05-12T01:58:52.026+0000][72][info ][gc,marking  ] GC(14) Concurrent Clear Claimed Marks 0.986ms
[2025-05-12T01:58:52.027+0000][72][info ][gc,marking  ] GC(14) Concurrent Cleanup for Next Mark
[2025-05-12T01:58:52.042+0000][72][info ][gc,marking  ] GC(14) Concurrent Cleanup for Next Mark 15.124ms
[2025-05-12T01:58:52.051+0000][72][info ][gc          ] GC(14) Concurrent Mark Cycle 162.967ms
[2025-05-12T01:58:52.479+0000][72][info ][safepoint   ] Safepoint "ICBufferFull", Time since last: 453325266 ns, Reaching safepoint: 19754 ns, Cleanup: 145197 ns, At safepoint: 42202 ns, Total: 207153 ns
[2025-05-12T01:58:52.923+0000][72][info ][safepoint   ] Safepoint "ICBufferFull", Time since last: 443703414 ns, Reaching safepoint: 27683 ns, Cleanup: 357563 ns, At safepoint: 369254 ns, Total: 754500 ns
[2025-05-12T01:58:54.058+0000][72][info ][safepoint   ] Safepoint "ICBufferFull", Time since last: 1134571862 ns, Reaching safepoint: 154821 ns, Cleanup: 168624 ns, At safepoint: 58533 ns, Total: 381978 ns
[2025-05-12T01:58:54.648+0000][72][info ][safepoint   ] Safepoint "ICBufferFull", Time since last: 589403080 ns, Reaching safepoint: 26427 ns, Cleanup: 124140 ns, At safepoint: 12773 ns, Total: 163340 ns
[2025-05-12T01:58:54.963+0000][72][info ][safepoint   ] Safepoint "ICBufferFull", Time since last: 314455320 ns, Reaching safepoint: 192960 ns, Cleanup: 194337 ns, At safepoint: 349248 ns, Total: 736545 ns
[2025-05-12T01:58:56.235+0000][72][info ][safepoint   ] Safepoint "Cleanup", Time since last: 1274139822 ns, Reaching safepoint: 21110 ns, Cleanup: 122098 ns, At safepoint: 39966 ns, Total: 183174 ns
[2025-05-12T01:58:57.031+0000][72][info ][safepoint   ] Safepoint "ICBufferFull", Time since last: 795863561 ns, Reaching safepoint: 127312 ns, Cleanup: 118480 ns, At safepoint: 80691 ns, Total: 326483 ns
[2025-05-12T01:58:58.253+0000][72][info ][safepoint   ] Safepoint "Cleanup", Time since last: 1221759608 ns, Reaching safepoint: 109438 ns, Cleanup: 134803 ns, At safepoint: 30985 ns, Total: 275226 ns
[2025-05-12T01:58:59.261+0000][72][info ][safepoint   ] Safepoint "Cleanup", Time since last: 1007795336 ns, Reaching safepoint: 26959 ns, Cleanup: 27481 ns, At safepoint: 15350 ns, Total: 69790 ns
[2025-05-12T01:59:00.262+0000][72][info ][safepoint   ] Safepoint "Cleanup", Time since last: 1000583812 ns, Reaching safepoint: 27090 ns, Cleanup: 24100 ns, At safepoint: 10177 ns, Total: 61367 ns
[2025-05-12T01:59:01.271+0000][72][info ][safepoint   ] Safepoint "Cleanup", Time since last: 1009381404 ns, Reaching safepoint: 6002 ns, Cleanup: 45579 ns, At safepoint: 13490 ns, Total: 65071 ns
[2025-05-12T01:59:02.277+0000][72][info ][safepoint   ] Safepoint "Cleanup", Time since last: 1005548118 ns, Reaching safepoint: 16981 ns, Cleanup: 76900 ns, At safepoint: 7438 ns, Total: 101319 ns
[2025-05-12T01:59:04.005+0000][72][info ][safepoint   ] Safepoint "Cleanup", Time since last: 1728414889 ns, Reaching safepoint: 31049 ns, Cleanup: 238254 ns, At safepoint: 25673 ns, Total: 294976 ns
[2025-05-12T01:59:05.006+0000][72][info ][safepoint   ] Safepoint "Cleanup", Time since last: 1000603125 ns, Reaching safepoint: 28587 ns, Cleanup: 25158 ns, At safepoint: 14988 ns, Total: 68733 ns
[2025-05-12T01:59:07.007+0000][72][info ][safepoint   ] Safepoint "Cleanup", Time since last: 2001084984 ns, Reaching safepoint: 31799 ns, Cleanup: 62375 ns, At safepoint: 16345 ns, Total: 110519 ns
[2025-05-12T01:59:08.008+0000][72][info ][safepoint   ] Safepoint "Cleanup", Time since last: 1000779351 ns, Reaching safepoint: 20571 ns, Cleanup: 13898 ns, At safepoint: 7938 ns, Total: 42407 ns
[2025-05-12T01:59:10.009+0000][72][info ][safepoint   ] Safepoint "Cleanup", Time since last: 2000772651 ns, Reaching safepoint: 29215 ns, Cleanup: 18737 ns, At safepoint: 252114 ns, Total: 300066 ns
[2025-05-12T01:59:11.010+0000][72][info ][safepoint   ] Safepoint "Cleanup", Time since last: 1000523616 ns, Reaching safepoint: 60257 ns, Cleanup: 16110 ns, At safepoint: 7488 ns, Total: 83855 ns
[2025-05-12T01:59:12.011+0000][72][info ][safepoint   ] Safepoint "Cleanup", Time since last: 1001432300 ns, Reaching safepoint: 171750 ns, Cleanup: 20342 ns, At safepoint: 17866 ns, Total: 209958 ns
[2025-05-12T01:59:13.012+0000][72][info ][safepoint   ] Safepoint "Cleanup", Time since last: 1000670607 ns, Reaching safepoint: 19211 ns, Cleanup: 26719 ns, At safepoint: 8104 ns, Total: 54034 ns
[2025-05-12T01:59:15.013+0000][72][info ][safepoint   ] Safepoint "Cleanup", Time since last: 2000820499 ns, Reaching safepoint: 18176 ns, Cleanup: 12940 ns, At safepoint: 6810 ns, Total: 37926 ns
[2025-05-12T01:59:16.014+0000][72][info ][safepoint   ] Safepoint "Cleanup", Time since last: 1000533456 ns, Reaching safepoint: 30410 ns, Cleanup: 38304 ns, At safepoint: 16909 ns, Total: 85623 ns
[2025-05-12T01:59:17.014+0000][72][info ][safepoint   ] Safepoint "Cleanup", Time since last: 1000561764 ns, Reaching safepoint: 28677 ns, Cleanup: 14459 ns, At safepoint: 14723 ns, Total: 57859 ns
[2025-05-12T01:59:18.015+0000][72][info ][safepoint   ] Safepoint "Cleanup", Time since last: 1000617987 ns, Reaching safepoint: 17669 ns, Cleanup: 27795 ns, At safepoint: 7415 ns, Total: 52879 ns
[2025-05-12T01:59:19.570+0000][72][info ][safepoint   ] Safepoint "Cleanup", Time since last: 1555111101 ns, Reaching safepoint: 29562 ns, Cleanup: 97769 ns, At safepoint: 18616 ns, Total: 145947 ns
[2025-05-12T01:59:20.571+0000][72][info ][safepoint   ] Safepoint "Cleanup", Time since last: 1000868680 ns, Reaching safepoint: 53824 ns, Cleanup: 24313 ns, At safepoint: 16947 ns, Total: 95084 ns
[2025-05-12T01:59:21.572+0000][72][info ][safepoint   ] Safepoint "Cleanup", Time since last: 1000611555 ns, Reaching safepoint: 23888 ns, Cleanup: 14581 ns, At safepoint: 8157 ns, Total: 46626 ns
[2025-05-12T01:59:22.573+0000][72][info ][safepoint   ] Safepoint "Cleanup", Time since last: 1001461167 ns, Reaching safepoint: 28555 ns, Cleanup: 40008 ns, At safepoint: 13887 ns, Total: 82450 ns
[2025-05-12T01:59:23.574+0000][72][info ][safepoint   ] Safepoint "Cleanup", Time since last: 1000714111 ns, Reaching safepoint: 27974 ns, Cleanup: 17493 ns, At safepoint: 14524 ns, Total: 59991 ns
[2025-05-12T01:59:24.575+0000][72][info ][safepoint   ] Safepoint "Cleanup", Time since last: 1000806921 ns, Reaching safepoint: 18488 ns, Cleanup: 18431 ns, At safepoint: 7597 ns, Total: 44516 ns
[2025-05-12T01:59:25.576+0000][72][info ][safepoint   ] Safepoint "Cleanup", Time since last: 1000861013 ns, Reaching safepoint: 28434 ns, Cleanup: 17248 ns, At safepoint: 13909 ns, Total: 59591 ns
[2025-05-12T01:59:26.574+0000][72][info ][safepoint   ] Safepoint "Cleanup", Time since last: 1000610072 ns, Reaching safepoint: 18943 ns, Cleanup: 21512 ns, At safepoint: 7932 ns, Total: 48387 ns
[2025-05-12T01:59:27.599+0000][72][info ][safepoint   ] Safepoint "Cleanup", Time since last: 1024107078 ns, Reaching safepoint: 67749 ns, Cleanup: 66239 ns, At safepoint: 22346 ns, Total: 156334 ns
[2025-05-12T01:59:28.606+0000][72][info ][safepoint   ] Safepoint "Cleanup", Time since last: 1006894157 ns, Reaching safepoint: 27430 ns, Cleanup: 29272 ns, At safepoint: 14489 ns, Total: 71191 ns
[2025-05-12T01:59:31.607+0000][72][info ][safepoint   ] Safepoint "Cleanup", Time since last: 3001252355 ns, Reaching safepoint: 27238 ns, Cleanup: 104894 ns, At safepoint: 70190 ns, Total: 202322 ns
[2025-05-12T01:59:32.608+0000][72][info ][safepoint   ] Safepoint "Cleanup", Time since last: 1000679797 ns, Reaching safepoint: 22378 ns, Cleanup: 30903 ns, At safepoint: 9607 ns, Total: 62888 ns
[2025-05-12T01:59:34.198+0000][72][info ][safepoint   ] Safepoint "Cleanup", Time since last: 1589829552 ns, Reaching safepoint: 71702 ns, Cleanup: 55650 ns, At safepoint: 70931 ns, Total: 198283 ns
[2025-05-12T01:59:35.205+0000][72][info ][safepoint   ] Safepoint "Cleanup", Time since last: 1007275261 ns, Reaching safepoint: 30229 ns, Cleanup: 83712 ns, At safepoint: 15948 ns, Total: 129889 ns
[2025-05-12T01:59:36.206+0000][72][info ][safepoint   ] Safepoint "Cleanup", Time since last: 1000652424 ns, Reaching safepoint: 19197 ns, Cleanup: 12972 ns, At safepoint: 7753 ns, Total: 39922 ns
[2025-05-12T01:59:37.207+0000][72][info ][safepoint   ] Safepoint "Cleanup", Time since last: 1000799314 ns, Reaching safepoint: 28396 ns, Cleanup: 55747 ns, At safepoint: 14556 ns, Total: 98699 ns
[2025-05-12T01:59:40.208+0000][72][info ][safepoint   ] Safepoint "Cleanup", Time since last: 3001115203 ns, Reaching safepoint: 32972 ns, Cleanup: 42621 ns, At safepoint: 16698 ns, Total: 92291 ns
[2025-05-12T01:59:41.209+0000][72][info ][safepoint   ] Safepoint "Cleanup", Time since last: 1000753407 ns, Reaching safepoint: 30250 ns, Cleanup: 25459 ns, At safepoint: 16082 ns, Total: 71791 ns
[2025-05-12T01:59:42.210+0000][72][info ][safepoint   ] Safepoint "Cleanup", Time since last: 1000677562 ns, Reaching safepoint: 31073 ns, Cleanup: 58270 ns, At safepoint: 16932 ns, Total: 106275 ns
[2025-05-12T01:59:43.211+0000][72][info ][safepoint   ] Safepoint "Cleanup", Time since last: 1000922440 ns, Reaching safepoint: 31749 ns, Cleanup: 53729 ns, At safepoint: 15796 ns, Total: 101274 ns
[2025-05-12T01:59:45.212+0000][72][info ][safepoint   ] Safepoint "Cleanup", Time since last: 2000928581 ns, Reaching safepoint: 29901 ns, Cleanup: 21920 ns, At safepoint: 10668 ns, Total: 62489 ns
[2025-05-12T01:59:46.212+0000][72][info ][safepoint   ] Safepoint "Cleanup", Time since last: 1000685991 ns, Reaching safepoint: 29650 ns, Cleanup: 46378 ns, At safepoint: 14425 ns, Total: 90453 ns
[2025-05-12T01:59:47.213+0000][72][info ][safepoint   ] Safepoint "Cleanup", Time since last: 1000649381 ns, Reaching safepoint: 30698 ns, Cleanup: 36422 ns, At safepoint: 16195 ns, Total: 83315 ns
[2025-05-12T01:59:48.765+0000][72][info ][safepoint   ] Safepoint "Cleanup", Time since last: 1551516062 ns, Reaching safepoint: 16156 ns, Cleanup: 58638 ns, At safepoint: 142133 ns, Total: 216927 ns
[2025-05-12T01:59:50.342+0000][72][info ][safepoint   ] Safepoint "Cleanup", Time since last: 1577178615 ns, Reaching safepoint: 27038 ns, Cleanup: 104008 ns, At safepoint: 121075 ns, Total: 252121 ns
[2025-05-12T01:59:51.348+0000][72][info ][safepoint   ] Safepoint "Cleanup", Time since last: 1005237563 ns, Reaching safepoint: 19533 ns, Cleanup: 18201 ns, At safepoint: 8308 ns, Total: 46042 ns
[2025-05-12T01:59:52.348+0000][72][info ][safepoint   ] Safepoint "Cleanup", Time since last: 1000605739 ns, Reaching safepoint: 30842 ns, Cleanup: 35358 ns, At safepoint: 16318 ns, Total: 82518 ns
[2025-05-12T01:59:53.349+0000][72][info ][safepoint   ] Safepoint "Cleanup", Time since last: 1000817864 ns, Reaching safepoint: 23688 ns, Cleanup: 21713 ns, At safepoint: 9586 ns, Total: 54987 ns
[2025-05-12T01:59:54.350+0000][72][info ][safepoint   ] Safepoint "Cleanup", Time since last: 1000714588 ns, Reaching safepoint: 31195 ns, Cleanup: 16909 ns, At safepoint: 15511 ns, Total: 63615 ns
[2025-05-12T01:59:55.351+0000][72][info ][safepoint   ] Safepoint "Cleanup", Time since last: 1000622923 ns, Reaching safepoint: 17611 ns, Cleanup: 14632 ns, At safepoint: 6910 ns, Total: 39153 ns
[2025-05-12T01:59:56.349+0000][72][info ][safepoint   ] Safepoint "Cleanup", Time since last: 1000916247 ns, Reaching safepoint: 25318 ns, Cleanup: 11351 ns, At safepoint: 26176 ns, Total: 62845 ns
[2025-05-12T01:59:58.350+0000][72][info ][safepoint   ] Safepoint "Cleanup", Time since last: 2000787029 ns, Reaching safepoint: 76577 ns, Cleanup: 15178 ns, At safepoint: 14249 ns, Total: 106004 ns
[2025-05-12T02:00:00.351+0000][72][info ][safepoint   ] Safepoint "Cleanup", Time since last: 2000864909 ns, Reaching safepoint: 16271 ns, Cleanup: 10399 ns, At safepoint: 6865 ns, Total: 33535 ns
[2025-05-12T02:00:01.351+0000][72][info ][safepoint   ] Safepoint "Cleanup", Time since last: 1000575146 ns, Reaching safepoint: 15465 ns, Cleanup: 14262 ns, At safepoint: 6715 ns, Total: 36442 ns
[2025-05-12T02:00:02.352+0000][72][info ][safepoint   ] Safepoint "Cleanup", Time since last: 1000566656 ns, Reaching safepoint: 21578 ns, Cleanup: 21320 ns, At safepoint: 9272 ns, Total: 52170 ns
[2025-05-12T02:00:04.353+0000][72][info ][safepoint   ] Safepoint "Cleanup", Time since last: 2000821408 ns, Reaching safepoint: 16143 ns, Cleanup: 17638 ns, At safepoint: 6365 ns, Total: 40146 ns
[2025-05-12T02:00:07.354+0000][72][info ][safepoint   ] Safepoint "Cleanup", Time since last: 3000779692 ns, Reaching safepoint: 21455 ns, Cleanup: 17464 ns, At safepoint: 40300 ns, Total: 79219 ns
[2025-05-12T02:00:08.354+0000][72][info ][safepoint   ] Safepoint "Cleanup", Time since last: 1000653286 ns, Reaching safepoint: 19884 ns, Cleanup: 15575 ns, At safepoint: 7227 ns, Total: 42686 ns
[2025-05-12T02:00:09.355+0000][72][info ][safepoint   ] Safepoint "Cleanup", Time since last: 1000639998 ns, Reaching safepoint: 16118 ns, Cleanup: 10705 ns, At safepoint: 6291 ns, Total: 33114 ns
[2025-05-12T02:00:10.356+0000][72][info ][safepoint   ] Safepoint "Cleanup", Time since last: 1000628113 ns, Reaching safepoint: 24071 ns, Cleanup: 18572 ns, At safepoint: 9821 ns, Total: 52464 ns
[2025-05-12T02:00:11.356+0000][72][info ][safepoint   ] Safepoint "Cleanup", Time since last: 1000733568 ns, Reaching safepoint: 28938 ns, Cleanup: 58555 ns, At safepoint: 19447 ns, Total: 106940 ns
[2025-05-12T02:00:12.357+0000][72][info ][safepoint   ] Safepoint "Cleanup", Time since last: 1000746997 ns, Reaching safepoint: 16449 ns, Cleanup: 11975 ns, At safepoint: 6346 ns, Total: 34770 ns
[2025-05-12T02:00:13.358+0000][72][info ][safepoint   ] Safepoint "Cleanup", Time since last: 1000649722 ns, Reaching safepoint: 54670 ns, Cleanup: 18469 ns, At safepoint: 12152 ns, Total: 85291 ns
[2025-05-12T02:00:14.359+0000][72][info ][safepoint   ] Safepoint "Cleanup", Time since last: 1000642703 ns, Reaching safepoint: 30171 ns, Cleanup: 20590 ns, At safepoint: 14733 ns, Total: 65494 ns
[2025-05-12T02:00:15.359+0000][72][info ][safepoint   ] Safepoint "Cleanup", Time since last: 1000672972 ns, Reaching safepoint: 31009 ns, Cleanup: 20446 ns, At safepoint: 17596 ns, Total: 69051 ns
[2025-05-12T02:00:16.360+0000][72][info ][safepoint   ] Safepoint "Cleanup", Time since last: 1000729620 ns, Reaching safepoint: 29330 ns, Cleanup: 20100 ns, At safepoint: 15481 ns, Total: 64911 ns
[2025-05-12T02:00:18.361+0000][72][info ][safepoint   ] Safepoint "Cleanup", Time since last: 2000749814 ns, Reaching safepoint: 21525 ns, Cleanup: 14967 ns, At safepoint: 9240 ns, Total: 45732 ns
[2025-05-12T02:00:22.604+0000][72][info ][safepoint   ] Safepoint "Cleanup", Time since last: 4243012025 ns, Reaching safepoint: 32399 ns, Cleanup: 29668 ns, At safepoint: 16897 ns, Total: 78964 ns
[2025-05-12T02:00:23.605+0000][72][info ][safepoint   ] Safepoint "Cleanup", Time since last: 1000667644 ns, Reaching safepoint: 27395 ns, Cleanup: 15978 ns, At safepoint: 7921 ns, Total: 51294 ns
[2025-05-12T02:00:24.606+0000][72][info ][safepoint   ] Safepoint "Cleanup", Time since last: 1000668848 ns, Reaching safepoint: 362050 ns, Cleanup: 19261 ns, At safepoint: 19124 ns, Total: 400435 ns
[2025-05-12T02:00:25.607+0000][72][info ][safepoint   ] Safepoint "Cleanup", Time since last: 1000697570 ns, Reaching safepoint: 28483 ns, Cleanup: 25465 ns, At safepoint: 14651 ns, Total: 68599 ns
[2025-05-12T02:00:26.604+0000][72][info ][safepoint   ] Safepoint "Cleanup", Time since last: 1000739077 ns, Reaching safepoint: 18956 ns, Cleanup: 19670 ns, At safepoint: 6900 ns, Total: 45526 ns
[2025-05-12T02:00:27.605+0000][72][info ][safepoint   ] Safepoint "Cleanup", Time since last: 1000527538 ns, Reaching safepoint: 17188 ns, Cleanup: 17697 ns, At safepoint: 7118 ns, Total: 42003 ns
[2025-05-12T02:00:30.107+0000][72][info ][safepoint   ] Safepoint "Cleanup", Time since last: 2502771364 ns, Reaching safepoint: 12856 ns, Cleanup: 30369 ns, At safepoint: 17926 ns, Total: 61151 ns
[2025-05-12T02:00:31.136+0000][72][info ][safepoint   ] Safepoint "Cleanup", Time since last: 1028756276 ns, Reaching safepoint: 73918 ns, Cleanup: 26896 ns, At safepoint: 12549 ns, Total: 113363 ns
[2025-05-12T02:00:32.137+0000][72][info ][safepoint   ] Safepoint "Cleanup", Time since last: 1000745682 ns, Reaching safepoint: 61353 ns, Cleanup: 25528 ns, At safepoint: 17086 ns, Total: 103967 ns
[2025-05-12T02:00:33.138+0000][72][info ][safepoint   ] Safepoint "Cleanup", Time since last: 1000620577 ns, Reaching safepoint: 29974 ns, Cleanup: 24417 ns, At safepoint: 12020 ns, Total: 66411 ns
[2025-05-12T02:00:34.138+0000][72][info ][safepoint   ] Safepoint "Cleanup", Time since last: 1000614157 ns, Reaching safepoint: 23232 ns, Cleanup: 22614 ns, At safepoint: 8462 ns, Total: 54308 ns
[2025-05-12T02:00:35.139+0000][72][info ][safepoint   ] Safepoint "Cleanup", Time since last: 1000678543 ns, Reaching safepoint: 26200 ns, Cleanup: 25937 ns, At safepoint: 18029 ns, Total: 70166 ns
[2025-05-12T02:00:37.140+0000][72][info ][safepoint   ] Safepoint "Cleanup", Time since last: 2000795019 ns, Reaching safepoint: 55156 ns, Cleanup: 23537 ns, At safepoint: 9612 ns, Total: 88305 ns
[2025-05-12T02:00:38.141+0000][72][info ][safepoint   ] Safepoint "Cleanup", Time since last: 1000526643 ns, Reaching safepoint: 53599 ns, Cleanup: 20861 ns, At safepoint: 11937 ns, Total: 86397 ns
[2025-05-12T02:00:39.141+0000][72][info ][safepoint   ] Safepoint "Cleanup", Time since last: 1000649867 ns, Reaching safepoint: 80163 ns, Cleanup: 13531 ns, At safepoint: 70302 ns, Total: 163996 ns
[2025-05-12T02:00:40.142+0000][72][info ][safepoint   ] Safepoint "Cleanup", Time since last: 1000845350 ns, Reaching safepoint: 46748 ns, Cleanup: 17924 ns, At safepoint: 13609 ns, Total: 78281 ns
[2025-05-12T02:00:42.143+0000][72][info ][safepoint   ] Safepoint "Cleanup", Time since last: 2000934068 ns, Reaching safepoint: 54808 ns, Cleanup: 61787 ns, At safepoint: 29220 ns, Total: 145815 ns
[2025-05-12T02:00:43.144+0000][72][info ][safepoint   ] Safepoint "Cleanup", Time since last: 1000865131 ns, Reaching safepoint: 35843 ns, Cleanup: 20973 ns, At safepoint: 9188 ns, Total: 66004 ns
[2025-05-12T02:00:46.145+0000][72][info ][safepoint   ] Safepoint "Cleanup", Time since last: 3000886984 ns, Reaching safepoint: 99458 ns, Cleanup: 23114 ns, At safepoint: 14723 ns, Total: 137295 ns
[2025-05-12T02:00:47.167+0000][72][info ][safepoint   ] Safepoint "Cleanup", Time since last: 1021602137 ns, Reaching safepoint: 28371 ns, Cleanup: 23903 ns, At safepoint: 14637 ns, Total: 66911 ns
[2025-05-12T02:00:49.168+0000][72][info ][safepoint   ] Safepoint "Cleanup", Time since last: 2001124154 ns, Reaching safepoint: 28642 ns, Cleanup: 18757 ns, At safepoint: 13481 ns, Total: 60880 ns
[2025-05-12T02:00:51.169+0000][72][info ][safepoint   ] Safepoint "Cleanup", Time since last: 2001123077 ns, Reaching safepoint: 32110 ns, Cleanup: 20243 ns, At safepoint: 16183 ns, Total: 68536 ns
[2025-05-12T02:00:52.373+0000][72][info ][safepoint   ] Safepoint "Cleanup", Time since last: 1203131781 ns, Reaching safepoint: 26384 ns, Cleanup: 110988 ns, At safepoint: 73108 ns, Total: 210480 ns
[2025-05-12T02:00:53.379+0000][72][info ][safepoint   ] Safepoint "Cleanup", Time since last: 1006463562 ns, Reaching safepoint: 28897 ns, Cleanup: 16740 ns, At safepoint: 14099 ns, Total: 59736 ns
[2025-05-12T02:00:55.380+0000][72][info ][safepoint   ] Safepoint "Cleanup", Time since last: 2000989798 ns, Reaching safepoint: 30547 ns, Cleanup: 22933 ns, At safepoint: 15069 ns, Total: 68549 ns
[2025-05-12T02:00:56.378+0000][72][info ][safepoint   ] Safepoint "Cleanup", Time since last: 1000761827 ns, Reaching safepoint: 30016 ns, Cleanup: 113486 ns, At safepoint: 16881 ns, Total: 160383 ns
[2025-05-12T02:00:57.379+0000][72][info ][safepoint   ] Safepoint "Cleanup", Time since last: 1000788651 ns, Reaching safepoint: 23639 ns, Cleanup: 19947 ns, At safepoint: 10007 ns, Total: 53593 ns
[2025-05-12T02:01:01.380+0000][72][info ][safepoint   ] Safepoint "Cleanup", Time since last: 4001227758 ns, Reaching safepoint: 28489 ns, Cleanup: 119921 ns, At safepoint: 16745 ns, Total: 165155 ns
[2025-05-12T02:01:02.381+0000][72][info ][safepoint   ] Safepoint "Cleanup", Time since last: 1000875907 ns, Reaching safepoint: 31662 ns, Cleanup: 20277 ns, At safepoint: 15848 ns, Total: 67787 ns
[2025-05-12T02:01:03.382+0000][72][info ][safepoint   ] Safepoint "Cleanup", Time since last: 1000806643 ns, Reaching safepoint: 65306 ns, Cleanup: 16909 ns, At safepoint: 19503 ns, Total: 101718 ns
[2025-05-12T02:01:04.383+0000][72][info ][safepoint   ] Safepoint "Cleanup", Time since last: 1000789604 ns, Reaching safepoint: 32488 ns, Cleanup: 27840 ns, At safepoint: 18085 ns, Total: 78413 ns
[2025-05-12T02:01:05.384+0000][72][info ][safepoint   ] Safepoint "Cleanup", Time since last: 1000705595 ns, Reaching safepoint: 19366 ns, Cleanup: 16881 ns, At safepoint: 7602 ns, Total: 43849 ns
[2025-05-12T02:01:07.385+0000][72][info ][safepoint   ] Safepoint "Cleanup", Time since last: 2000774459 ns, Reaching safepoint: 25014 ns, Cleanup: 18350 ns, At safepoint: 9185 ns, Total: 52549 ns
[2025-05-12T02:01:11.386+0000][72][info ][safepoint   ] Safepoint "Cleanup", Time since last: 4001328234 ns, Reaching safepoint: 64487 ns, Cleanup: 19901 ns, At safepoint: 9259 ns, Total: 93647 ns
[2025-05-12T02:01:12.387+0000][72][info ][safepoint   ] Safepoint "Cleanup", Time since last: 1000805348 ns, Reaching safepoint: 18360 ns, Cleanup: 19920 ns, At safepoint: 7172 ns, Total: 45452 ns
[2025-05-12T02:01:13.388+0000][72][info ][safepoint   ] Safepoint "Cleanup", Time since last: 1000667782 ns, Reaching safepoint: 82936 ns, Cleanup: 25398 ns, At safepoint: 11834 ns, Total: 120168 ns
[2025-05-12T02:01:14.389+0000][72][info ][safepoint   ] Safepoint "Cleanup", Time since last: 1000939020 ns, Reaching safepoint: 26397 ns, Cleanup: 15708 ns, At safepoint: 10837 ns, Total: 52942 ns
[2025-05-12T02:01:16.389+0000][72][info ][safepoint   ] Safepoint "Cleanup", Time since last: 2000729177 ns, Reaching safepoint: 20990 ns, Cleanup: 15069 ns, At safepoint: 8225 ns, Total: 44284 ns
[2025-05-12T02:01:17.390+0000][72][info ][safepoint   ] Safepoint "Cleanup", Time since last: 1000643081 ns, Reaching safepoint: 118661 ns, Cleanup: 21267 ns, At safepoint: 28276 ns, Total: 168204 ns
[2025-05-12T02:01:18.391+0000][72][info ][safepoint   ] Safepoint "Cleanup", Time since last: 1000602168 ns, Reaching safepoint: 22247 ns, Cleanup: 15188 ns, At safepoint: 9071 ns, Total: 46506 ns
[2025-05-12T02:01:20.633+0000][72][info ][safepoint   ] Safepoint "Cleanup", Time since last: 2242185127 ns, Reaching safepoint: 29886 ns, Cleanup: 14788 ns, At safepoint: 15787 ns, Total: 60461 ns
[2025-05-12T02:01:21.634+0000][72][info ][safepoint   ] Safepoint "Cleanup", Time since last: 1000663064 ns, Reaching safepoint: 29931 ns, Cleanup: 17875 ns, At safepoint: 15805 ns, Total: 63611 ns
[2025-05-12T02:01:22.635+0000][72][info ][safepoint   ] Safepoint "Cleanup", Time since last: 1000674242 ns, Reaching safepoint: 17967 ns, Cleanup: 16598 ns, At safepoint: 7467 ns, Total: 42032 ns
[2025-05-12T02:01:23.635+0000][72][info ][safepoint   ] Safepoint "Cleanup", Time since last: 1000572976 ns, Reaching safepoint: 32436 ns, Cleanup: 32296 ns, At safepoint: 17404 ns, Total: 82136 ns
[2025-05-12T02:01:24.636+0000][72][info ][safepoint   ] Safepoint "Cleanup", Time since last: 1000649404 ns, Reaching safepoint: 17922 ns, Cleanup: 13215 ns, At safepoint: 7351 ns, Total: 38488 ns
[2025-05-12T02:01:25.637+0000][72][info ][safepoint   ] Safepoint "Cleanup", Time since last: 1000940859 ns, Reaching safepoint: 162787 ns, Cleanup: 34077 ns, At safepoint: 124014 ns, Total: 320878 ns
[2025-05-12T02:01:26.636+0000][72][info ][safepoint   ] Safepoint "Cleanup", Time since last: 1001203732 ns, Reaching safepoint: 25191 ns, Cleanup: 14706 ns, At safepoint: 9422 ns, Total: 49319 ns
[2025-05-12T02:01:27.638+0000][72][info ][safepoint   ] Safepoint "Cleanup", Time since last: 1001889043 ns, Reaching safepoint: 20436 ns, Cleanup: 13399 ns, At safepoint: 8476 ns, Total: 42311 ns
[2025-05-12T02:01:28.638+0000][72][info ][safepoint   ] Safepoint "Cleanup", Time since last: 1000615158 ns, Reaching safepoint: 17695 ns, Cleanup: 12546 ns, At safepoint: 8170 ns, Total: 38411 ns
[2025-05-12T02:01:30.639+0000][72][info ][safepoint   ] Safepoint "Cleanup", Time since last: 2000639449 ns, Reaching safepoint: 39289 ns, Cleanup: 12905 ns, At safepoint: 7976 ns, Total: 60170 ns
[2025-05-12T02:01:31.640+0000][72][info ][safepoint   ] Safepoint "Cleanup", Time since last: 1000650169 ns, Reaching safepoint: 256898 ns, Cleanup: 22589 ns, At safepoint: 17983 ns, Total: 297470 ns
[2025-05-12T02:01:32.641+0000][72][info ][safepoint   ] Safepoint "Cleanup", Time since last: 1000783654 ns, Reaching safepoint: 28774 ns, Cleanup: 21617 ns, At safepoint: 15779 ns, Total: 66170 ns
[2025-05-12T02:01:33.642+0000][72][info ][safepoint   ] Safepoint "Cleanup", Time since last: 1000726242 ns, Reaching safepoint: 29636 ns, Cleanup: 25858 ns, At safepoint: 12289 ns, Total: 67783 ns
[2025-05-12T02:01:34.643+0000][72][info ][safepoint   ] Safepoint "Cleanup", Time since last: 1000715338 ns, Reaching safepoint: 32286 ns, Cleanup: 22998 ns, At safepoint: 16648 ns, Total: 71932 ns
[2025-05-12T02:01:36.643+0000][72][info ][safepoint   ] Safepoint "Cleanup", Time since last: 2000747943 ns, Reaching safepoint: 24076 ns, Cleanup: 15346 ns, At safepoint: 8588 ns, Total: 48010 ns
[2025-05-12T02:01:37.644+0000][72][info ][safepoint   ] Safepoint "Cleanup", Time since last: 1000592274 ns, Reaching safepoint: 26723 ns, Cleanup: 23971 ns, At safepoint: 11926 ns, Total: 62620 ns
[2025-05-12T02:01:41.645+0000][72][info ][safepoint   ] Safepoint "Cleanup", Time since last: 4001112804 ns, Reaching safepoint: 29732 ns, Cleanup: 39480 ns, At safepoint: 16478 ns, Total: 85690 ns
[2025-05-12T02:01:42.646+0000][72][info ][safepoint   ] Safepoint "Cleanup", Time since last: 1000619821 ns, Reaching safepoint: 28496 ns, Cleanup: 26123 ns, At safepoint: 14321 ns, Total: 68940 ns
[2025-05-12T02:01:43.647+0000][72][info ][safepoint   ] Safepoint "Cleanup", Time since last: 1000653282 ns, Reaching safepoint: 15899 ns, Cleanup: 16009 ns, At safepoint: 29216 ns, Total: 61124 ns
[2025-05-12T02:01:44.647+0000][72][info ][safepoint   ] Safepoint "Cleanup", Time since last: 1000609146 ns, Reaching safepoint: 33893 ns, Cleanup: 14503 ns, At safepoint: 8168 ns, Total: 56564 ns
[2025-05-12T02:01:46.648+0000][72][info ][safepoint   ] Safepoint "Cleanup", Time since last: 2000932656 ns, Reaching safepoint: 73334 ns, Cleanup: 17472 ns, At safepoint: 17540 ns, Total: 108346 ns
[2025-05-12T02:01:49.650+0000][72][info ][safepoint   ] Safepoint "Cleanup", Time since last: 3001057732 ns, Reaching safepoint: 106906 ns, Cleanup: 20793 ns, At safepoint: 23135 ns, Total: 150834 ns
[2025-05-12T02:01:51.650+0000][72][info ][safepoint   ] Safepoint "Cleanup", Time since last: 2000842728 ns, Reaching safepoint: 18114 ns, Cleanup: 14295 ns, At safepoint: 7960 ns, Total: 40369 ns
[2025-05-12T02:01:52.651+0000][72][info ][safepoint   ] Safepoint "Cleanup", Time since last: 1000664255 ns, Reaching safepoint: 31476 ns, Cleanup: 26135 ns, At safepoint: 15612 ns, Total: 73223 ns
[2025-05-12T02:01:54.652+0000][72][info ][safepoint   ] Safepoint "Cleanup", Time since last: 2000890442 ns, Reaching safepoint: 31201 ns, Cleanup: 16690 ns, At safepoint: 15396 ns, Total: 63287 ns
[2025-05-12T02:01:56.433+0000][72][info ][safepoint   ] Safepoint "Cleanup", Time since last: 1785046354 ns, Reaching safepoint: 32245 ns, Cleanup: 58984 ns, At safepoint: 16722 ns, Total: 107951 ns
[2025-05-12T02:01:57.434+0000][72][info ][safepoint   ] Safepoint "Cleanup", Time since last: 1000780341 ns, Reaching safepoint: 31497 ns, Cleanup: 21194 ns, At safepoint: 81813 ns, Total: 134504 ns
[2025-05-12T02:01:58.435+0000][72][info ][safepoint   ] Safepoint "Cleanup", Time since last: 1000530131 ns, Reaching safepoint: 25148 ns, Cleanup: 15310 ns, At safepoint: 25774 ns, Total: 66232 ns
[2025-05-12T02:02:01.436+0000][72][info ][safepoint   ] Safepoint "Cleanup", Time since last: 3000863172 ns, Reaching safepoint: 173702 ns, Cleanup: 20667 ns, At safepoint: 148192 ns, Total: 342561 ns
[2025-05-12T02:02:02.437+0000][72][info ][safepoint   ] Safepoint "Cleanup", Time since last: 1000647532 ns, Reaching safepoint: 32854 ns, Cleanup: 22512 ns, At safepoint: 16315 ns, Total: 71681 ns
[2025-05-12T02:02:03.438+0000][72][info ][safepoint   ] Safepoint "Cleanup", Time since last: 1000649263 ns, Reaching safepoint: 22140 ns, Cleanup: 17189 ns, At safepoint: 8529 ns, Total: 47858 ns
[2025-05-12T02:02:04.438+0000][72][info ][safepoint   ] Safepoint "Cleanup", Time since last: 1000701149 ns, Reaching safepoint: 19011 ns, Cleanup: 13855 ns, At safepoint: 8161 ns, Total: 41027 ns
[2025-05-12T02:02:07.439+0000][72][info ][safepoint   ] Safepoint "Cleanup", Time since last: 3000834408 ns, Reaching safepoint: 18808 ns, Cleanup: 19221 ns, At safepoint: 7469 ns, Total: 45498 ns
[2025-05-12T02:02:10.440+0000][72][info ][safepoint   ] Safepoint "Cleanup", Time since last: 3000901015 ns, Reaching safepoint: 18413 ns, Cleanup: 21111 ns, At safepoint: 7819 ns, Total: 47343 ns
[2025-05-12T02:02:12.441+0000][72][info ][safepoint   ] Safepoint "Cleanup", Time since last: 2000708422 ns, Reaching safepoint: 23961 ns, Cleanup: 20469 ns, At safepoint: 9918 ns, Total: 54348 ns
[2025-05-12T02:02:13.442+0000][72][info ][safepoint   ] Safepoint "Cleanup", Time since last: 1000634058 ns, Reaching safepoint: 31335 ns, Cleanup: 108905 ns, At safepoint: 18395 ns, Total: 158635 ns
[2025-05-12T02:02:17.443+0000][72][info ][safepoint   ] Safepoint "Cleanup", Time since last: 4000992622 ns, Reaching safepoint: 76225 ns, Cleanup: 18205 ns, At safepoint: 18297 ns, Total: 112727 ns
[2025-05-12T02:02:21.663+0000][72][info ][safepoint   ] Safepoint "Cleanup", Time since last: 4219657685 ns, Reaching safepoint: 24345 ns, Cleanup: 31256 ns, At safepoint: 10664 ns, Total: 66265 ns
[2025-05-12T02:02:22.663+0000][72][info ][safepoint   ] Safepoint "Cleanup", Time since last: 1000686319 ns, Reaching safepoint: 28718 ns, Cleanup: 14783 ns, At safepoint: 14365 ns, Total: 57866 ns
[2025-05-12T02:02:27.662+0000][72][info ][safepoint   ] Safepoint "Cleanup", Time since last: 5001314553 ns, Reaching safepoint: 18008 ns, Cleanup: 10806 ns, At safepoint: 7124 ns, Total: 35938 ns
[2025-05-12T02:02:30.663+0000][72][info ][safepoint   ] Safepoint "Cleanup", Time since last: 3000925271 ns, Reaching safepoint: 31977 ns, Cleanup: 17256 ns, At safepoint: 17244 ns, Total: 66477 ns
[2025-05-12T02:02:31.664+0000][72][info ][safepoint   ] Safepoint "Cleanup", Time since last: 1000646166 ns, Reaching safepoint: 55080 ns, Cleanup: 14210 ns, At safepoint: 10448 ns, Total: 79738 ns
[2025-05-12T02:02:32.665+0000][72][info ][safepoint   ] Safepoint "Cleanup", Time since last: 1000613291 ns, Reaching safepoint: 17381 ns, Cleanup: 15051 ns, At safepoint: 7732 ns, Total: 40164 ns
[2025-05-12T02:02:33.665+0000][72][info ][safepoint   ] Safepoint "Cleanup", Time since last: 1000720003 ns, Reaching safepoint: 30741 ns, Cleanup: 16506 ns, At safepoint: 14683 ns, Total: 61930 ns
[2025-05-12T02:02:34.666+0000][72][info ][safepoint   ] Safepoint "Cleanup", Time since last: 1000670832 ns, Reaching safepoint: 24488 ns, Cleanup: 27585 ns, At safepoint: 15110 ns, Total: 67183 ns
[2025-05-12T02:02:37.667+0000][72][info ][safepoint   ] Safepoint "Cleanup", Time since last: 3000978926 ns, Reaching safepoint: 30606 ns, Cleanup: 21704 ns, At safepoint: 15041 ns, Total: 67351 ns
[2025-05-12T02:02:40.427+0000][72][info ][safepoint   ] Safepoint "Cleanup", Time since last: 2759280578 ns, Reaching safepoint: 30231 ns, Cleanup: 20725 ns, At safepoint: 86169 ns, Total: 137125 ns
[2025-05-12T02:02:41.458+0000][72][info ][safepoint   ] Safepoint "Cleanup", Time since last: 1031502386 ns, Reaching safepoint: 24550 ns, Cleanup: 37367 ns, At safepoint: 11201 ns, Total: 73118 ns
[2025-05-12T02:02:42.466+0000][72][info ][safepoint   ] Safepoint "Cleanup", Time since last: 1007327903 ns, Reaching safepoint: 22816 ns, Cleanup: 30276 ns, At safepoint: 9747 ns, Total: 62839 ns
[2025-05-12T02:02:43.471+0000][72][info ][safepoint   ] Safepoint "Cleanup", Time since last: 1005443978 ns, Reaching safepoint: 32918 ns, Cleanup: 25229 ns, At safepoint: 76006 ns, Total: 134153 ns
[2025-05-12T02:02:45.474+0000][72][info ][safepoint   ] Safepoint "Cleanup", Time since last: 2002992664 ns, Reaching safepoint: 115373 ns, Cleanup: 22286 ns, At safepoint: 23115 ns, Total: 160774 ns
[2025-05-12T02:02:46.475+0000][72][info ][safepoint   ] Safepoint "Cleanup", Time since last: 1000715072 ns, Reaching safepoint: 33098 ns, Cleanup: 19853 ns, At safepoint: 17215 ns, Total: 70166 ns
[2025-05-12T02:02:47.476+0000][72][info ][safepoint   ] Safepoint "Cleanup", Time since last: 1000952361 ns, Reaching safepoint: 94084 ns, Cleanup: 16838 ns, At safepoint: 12704 ns, Total: 123626 ns
[2025-05-12T02:02:49.477+0000][72][info ][safepoint   ] Safepoint "Cleanup", Time since last: 2001032656 ns, Reaching safepoint: 33470 ns, Cleanup: 17391 ns, At safepoint: 16230 ns, Total: 67091 ns
[2025-05-12T02:02:50.478+0000][72][info ][safepoint   ] Safepoint "Cleanup", Time since last: 1000910286 ns, Reaching safepoint: 24735 ns, Cleanup: 15141 ns, At safepoint: 9438 ns, Total: 49314 ns
[2025-05-12T02:02:51.479+0000][72][info ][safepoint   ] Safepoint "Cleanup", Time since last: 1000591534 ns, Reaching safepoint: 31028 ns, Cleanup: 21553 ns, At safepoint: 10958 ns, Total: 63539 ns
[2025-05-12T02:02:52.480+0000][72][info ][safepoint   ] Safepoint "Cleanup", Time since last: 1001418779 ns, Reaching safepoint: 26882 ns, Cleanup: 21475 ns, At safepoint: 10024 ns, Total: 58381 ns
[2025-05-12T02:02:53.481+0000][72][info ][safepoint   ] Safepoint "Cleanup", Time since last: 1000706251 ns, Reaching safepoint: 28477 ns, Cleanup: 20650 ns, At safepoint: 11097 ns, Total: 60224 ns
[2025-05-12T02:02:55.482+0000][72][info ][safepoint   ] Safepoint "Cleanup", Time since last: 2000994546 ns, Reaching safepoint: 26105 ns, Cleanup: 15614 ns, At safepoint: 9984 ns, Total: 51703 ns
[2025-05-12T02:02:57.480+0000][72][info ][safepoint   ] Safepoint "Cleanup", Time since last: 2000823868 ns, Reaching safepoint: 24128 ns, Cleanup: 25180 ns, At safepoint: 9711 ns, Total: 59019 ns
[2025-05-12T02:02:59.479+0000][72][info ][safepoint   ] Safepoint "Cleanup", Time since last: 1998956344 ns, Reaching safepoint: 27538 ns, Cleanup: 55653 ns, At safepoint: 16152 ns, Total: 99343 ns
[2025-05-12T02:03:01.480+0000][72][info ][safepoint   ] Safepoint "Cleanup", Time since last: 2000915947 ns, Reaching safepoint: 30705 ns, Cleanup: 16726 ns, At safepoint: 70851 ns, Total: 118282 ns
[2025-05-12T02:03:02.480+0000][72][info ][safepoint   ] Safepoint "Cleanup", Time since last: 1000662454 ns, Reaching safepoint: 41302 ns, Cleanup: 14111 ns, At safepoint: 8247 ns, Total: 63660 ns
[2025-05-12T02:03:03.481+0000][72][info ][safepoint   ] Safepoint "Cleanup", Time since last: 1000652516 ns, Reaching safepoint: 30216 ns, Cleanup: 17094 ns, At safepoint: 16248 ns, Total: 63558 ns
[2025-05-12T02:03:04.482+0000][72][info ][safepoint   ] Safepoint "Cleanup", Time since last: 1000807602 ns, Reaching safepoint: 28746 ns, Cleanup: 29716 ns, At safepoint: 14177 ns, Total: 72639 ns
[2025-05-12T02:03:10.484+0000][72][info ][safepoint   ] Safepoint "Cleanup", Time since last: 6001453636 ns, Reaching safepoint: 28682 ns, Cleanup: 70682 ns, At safepoint: 15012 ns, Total: 114376 ns
[2025-05-12T02:03:12.485+0000][72][info ][safepoint   ] Safepoint "Cleanup", Time since last: 2000821292 ns, Reaching safepoint: 24268 ns, Cleanup: 16684 ns, At safepoint: 9655 ns, Total: 50607 ns
[2025-05-12T02:03:13.485+0000][72][info ][safepoint   ] Safepoint "Cleanup", Time since last: 1000628187 ns, Reaching safepoint: 17882 ns, Cleanup: 15147 ns, At safepoint: 7916 ns, Total: 40945 ns
[2025-05-12T02:03:16.486+0000][72][info ][safepoint   ] Safepoint "Cleanup", Time since last: 3000961785 ns, Reaching safepoint: 25463 ns, Cleanup: 15644 ns, At safepoint: 10390 ns, Total: 51497 ns
[2025-05-12T02:03:19.693+0000][72][info ][safepoint   ] Safepoint "Cleanup", Time since last: 3206571193 ns, Reaching safepoint: 24607 ns, Cleanup: 15621 ns, At safepoint: 8930 ns, Total: 49158 ns
[2025-05-12T02:03:22.694+0000][72][info ][safepoint   ] Safepoint "Cleanup", Time since last: 3001226504 ns, Reaching safepoint: 29344 ns, Cleanup: 25652 ns, At safepoint: 16059 ns, Total: 71055 ns
[2025-05-12T02:03:23.695+0000][72][info ][safepoint   ] Safepoint "Cleanup", Time since last: 1000647707 ns, Reaching safepoint: 20731 ns, Cleanup: 16114 ns, At safepoint: 8467 ns, Total: 45312 ns
[2025-05-12T02:03:25.696+0000][72][info ][safepoint   ] Safepoint "Cleanup", Time since last: 2000851137 ns, Reaching safepoint: 30969 ns, Cleanup: 19537 ns, At safepoint: 17167 ns, Total: 67673 ns
[2025-05-12T02:03:27.712+0000][72][info ][gc,start    ] GC(15) Pause Young (Normal) (G1 Evacuation Pause)
[2025-05-12T02:03:27.712+0000][72][info ][gc,task     ] GC(15) Using 10 workers of 10 for evacuation
[2025-05-12T02:03:27.713+0000][72][debug][gc,age      ] GC(15) Desired survivor size 60817408 bytes, new threshold 2 (max threshold 15)
[2025-05-12T02:03:28.022+0000][72][info ][gc,mmu      ] GC(15) MMU target violated: 201.0ms (200.0ms/201.0ms)
[2025-05-12T02:03:28.022+0000][72][info ][gc,phases   ] GC(15)   Pre Evacuate Collection Set: 2.71ms
[2025-05-12T02:03:28.023+0000][72][info ][gc,phases   ] GC(15)   Merge Heap Roots: 0.22ms
[2025-05-12T02:03:28.023+0000][72][info ][gc,phases   ] GC(15)   Evacuate Collection Set: 298.39ms
[2025-05-12T02:03:28.024+0000][72][info ][gc,phases   ] GC(15)   Post Evacuate Collection Set: 6.99ms
[2025-05-12T02:03:28.024+0000][72][info ][gc,phases   ] GC(15)   Other: 1.39ms
[2025-05-12T02:03:28.025+0000][72][trace][gc,age      ] GC(15) Age table with threshold 2 (max threshold 15)
[2025-05-12T02:03:28.025+0000][72][trace][gc,age      ] GC(15) - age   1:    9560136 bytes,    9560136 total
[2025-05-12T02:03:28.025+0000][72][trace][gc,age      ] GC(15) - age   2:   43585008 bytes,   53145144 total
[2025-05-12T02:03:28.026+0000][72][info ][gc,heap     ] GC(15) Eden regions: 202->0(105)
[2025-05-12T02:03:28.026+0000][72][info ][gc,heap     ] GC(15) Survivor regions: 28->15(29)
[2025-05-12T02:03:28.027+0000][72][info ][gc,heap     ] GC(15) Old regions: 3->16
[2025-05-12T02:03:28.027+0000][72][info ][gc,heap     ] GC(15) Humongous regions: 0->0
[2025-05-12T02:03:28.028+0000][72][info ][gc,metaspace] GC(15) Metaspace: 143877K(147904K)->143877K(147904K) NonClass: 124179K(126336K)->124179K(126336K) Class: 19697K(21568K)->19697K(21568K)
[2025-05-12T02:03:28.029+0000][72][info ][gc          ] GC(15) Pause Young (Normal) (G1 Evacuation Pause) 927M->120M(3880M) 317.068ms
[2025-05-12T02:03:28.029+0000][72][info ][gc,cpu      ] GC(15) User=1.45s Sys=0.38s Real=0.32s
[2025-05-12T02:03:28.030+0000][72][info ][safepoint   ] Safepoint "G1CollectForAllocation", Time since last: 2019510605 ns, Reaching safepoint: 15930 ns, Cleanup: 3941 ns, At safepoint: 318021251 ns, Total: 318041122 ns
[2025-05-12T02:03:29.031+0000][72][info ][safepoint   ] Safepoint "Cleanup", Time since last: 1000535482 ns, Reaching safepoint: 191971 ns, Cleanup: 16829 ns, At safepoint: 274598 ns, Total: 483398 ns
[2025-05-12T02:03:30.032+0000][72][info ][safepoint   ] Safepoint "Cleanup", Time since last: 1000686131 ns, Reaching safepoint: 359802 ns, Cleanup: 15740 ns, At safepoint: 132354 ns, Total: 507896 ns
[2025-05-12T02:03:31.033+0000][72][info ][safepoint   ] Safepoint "Cleanup", Time since last: 1000641984 ns, Reaching safepoint: 29873 ns, Cleanup: 16593 ns, At safepoint: 15035 ns, Total: 61501 ns
[2025-05-12T02:03:32.034+0000][72][info ][safepoint   ] Safepoint "Cleanup", Time since last: 1000767925 ns, Reaching safepoint: 32467 ns, Cleanup: 20197 ns, At safepoint: 17322 ns, Total: 69986 ns
[2025-05-12T02:03:34.035+0000][72][info ][safepoint   ] Safepoint "Cleanup", Time since last: 2000937082 ns, Reaching safepoint: 68504 ns, Cleanup: 14854 ns, At safepoint: 15026 ns, Total: 98384 ns
[2025-05-12T02:03:35.349+0000][72][info ][safepoint   ] Safepoint "Cleanup", Time since last: 1312430487 ns, Reaching safepoint: 121588 ns, Cleanup: 106309 ns, At safepoint: 1516734 ns, Total: 1744631 ns
[2025-05-12T02:03:35.457+0000][72][info ][safepoint   ] Safepoint "ICBufferFull", Time since last: 107666011 ns, Reaching safepoint: 29399 ns, Cleanup: 202495 ns, At safepoint: 275851 ns, Total: 507745 ns
[2025-05-12T02:03:35.459+0000][72][info ][safepoint   ] Safepoint "ICBufferFull", Time since last: 1395955 ns, Reaching safepoint: 151100 ns, Cleanup: 10599 ns, At safepoint: 104432 ns, Total: 266131 ns
[2025-05-12T02:03:35.463+0000][72][info ][safepoint   ] Safepoint "ICBufferFull", Time since last: 3525669 ns, Reaching safepoint: 590578 ns, Cleanup: 14994 ns, At safepoint: 266299 ns, Total: 871871 ns
[2025-05-12T02:03:36.668+0000][72][info ][safepoint   ] Safepoint "Cleanup", Time since last: 1204406585 ns, Reaching safepoint: 33119 ns, Cleanup: 250735 ns, At safepoint: 76027 ns, Total: 359881 ns
[2025-05-12T02:03:37.672+0000][72][info ][safepoint   ] Safepoint "Cleanup", Time since last: 1003824213 ns, Reaching safepoint: 31434 ns, Cleanup: 54703 ns, At safepoint: 15845 ns, Total: 101982 ns
[2025-05-12T02:03:38.691+0000][72][info ][safepoint   ] Safepoint "Cleanup", Time since last: 1018798987 ns, Reaching safepoint: 37320 ns, Cleanup: 26857 ns, At safepoint: 17769 ns, Total: 81946 ns
[2025-05-12T02:03:39.691+0000][72][info ][safepoint   ] Safepoint "Cleanup", Time since last: 1000693624 ns, Reaching safepoint: 29837 ns, Cleanup: 23770 ns, At safepoint: 14724 ns, Total: 68331 ns
[2025-05-12T02:03:40.692+0000][72][info ][safepoint   ] Safepoint "Cleanup", Time since last: 1000682456 ns, Reaching safepoint: 36234 ns, Cleanup: 19931 ns, At safepoint: 16861 ns, Total: 73026 ns
[2025-05-12T02:03:41.693+0000][72][info ][safepoint   ] Safepoint "Cleanup", Time since last: 1000726243 ns, Reaching safepoint: 20390 ns, Cleanup: 17886 ns, At safepoint: 7320 ns, Total: 45596 ns
[2025-05-12T02:03:42.694+0000][72][info ][safepoint   ] Safepoint "Cleanup", Time since last: 1000697347 ns, Reaching safepoint: 30058 ns, Cleanup: 27369 ns, At safepoint: 15052 ns, Total: 72479 ns
[2025-05-12T02:03:43.695+0000][72][info ][safepoint   ] Safepoint "Cleanup", Time since last: 1000822836 ns, Reaching safepoint: 30874 ns, Cleanup: 28404 ns, At safepoint: 15488 ns, Total: 74766 ns
[2025-05-12T02:03:45.695+0000][72][info ][safepoint   ] Safepoint "Cleanup", Time since last: 2000735465 ns, Reaching safepoint: 19176 ns, Cleanup: 16344 ns, At safepoint: 12633 ns, Total: 48153 ns
[2025-05-12T02:03:46.696+0000][72][info ][safepoint   ] Safepoint "Cleanup", Time since last: 1000840118 ns, Reaching safepoint: 32683 ns, Cleanup: 19776 ns, At safepoint: 14697 ns, Total: 67156 ns
[2025-05-12T02:03:47.697+0000][72][info ][safepoint   ] Safepoint "Cleanup", Time since last: 1000643885 ns, Reaching safepoint: 17532 ns, Cleanup: 17186 ns, At safepoint: 7397 ns, Total: 42115 ns
[2025-05-12T02:03:48.742+0000][72][info ][safepoint   ] Safepoint "Cleanup", Time since last: 1045280490 ns, Reaching safepoint: 106065 ns, Cleanup: 13007 ns, At safepoint: 77298 ns, Total: 196370 ns
[2025-05-12T02:03:50.502+0000][72][info ][safepoint   ] Safepoint "Cleanup", Time since last: 1759507938 ns, Reaching safepoint: 19309 ns, Cleanup: 37991 ns, At safepoint: 8446 ns, Total: 65746 ns
[2025-05-12T02:03:51.503+0000][72][info ][safepoint   ] Safepoint "Cleanup", Time since last: 1000678157 ns, Reaching safepoint: 33501 ns, Cleanup: 17924 ns, At safepoint: 15130 ns, Total: 66555 ns
[2025-05-12T02:03:52.511+0000][72][info ][safepoint   ] Safepoint "Cleanup", Time since last: 1008429714 ns, Reaching safepoint: 16255 ns, Cleanup: 48618 ns, At safepoint: 13908 ns, Total: 78781 ns
[2025-05-12T02:03:53.519+0000][72][info ][safepoint   ] Safepoint "Cleanup", Time since last: 1007804140 ns, Reaching safepoint: 32489 ns, Cleanup: 13476 ns, At safepoint: 8518 ns, Total: 54483 ns
[2025-05-12T02:03:54.520+0000][72][info ][safepoint   ] Safepoint "Cleanup", Time since last: 1000675930 ns, Reaching safepoint: 18658 ns, Cleanup: 14519 ns, At safepoint: 8348 ns, Total: 41525 ns
[2025-05-12T02:03:55.520+0000][72][info ][safepoint   ] Safepoint "Cleanup", Time since last: 1000584690 ns, Reaching safepoint: 18789 ns, Cleanup: 15667 ns, At safepoint: 7273 ns, Total: 41729 ns
[2025-05-12T02:03:58.518+0000][72][info ][safepoint   ] Safepoint "Cleanup", Time since last: 3000950445 ns, Reaching safepoint: 22669 ns, Cleanup: 18537 ns, At safepoint: 9490 ns, Total: 50696 ns
[2025-05-12T02:03:59.519+0000][72][info ][safepoint   ] Safepoint "Cleanup", Time since last: 1001035815 ns, Reaching safepoint: 38000 ns, Cleanup: 17847 ns, At safepoint: 17595 ns, Total: 73442 ns
[2025-05-12T02:04:00.520+0000][72][info ][safepoint   ] Safepoint "Cleanup", Time since last: 1000761172 ns, Reaching safepoint: 23587 ns, Cleanup: 13321 ns, At safepoint: 10317 ns, Total: 47225 ns
[2025-05-12T02:04:01.527+0000][72][info ][safepoint   ] Safepoint "Cleanup", Time since last: 1007038668 ns, Reaching safepoint: 12816 ns, Cleanup: 14866 ns, At safepoint: 16646 ns, Total: 44328 ns
[2025-05-12T02:04:02.544+0000][72][info ][safepoint   ] Safepoint "Cleanup", Time since last: 1017383154 ns, Reaching safepoint: 20145 ns, Cleanup: 29967 ns, At safepoint: 7555 ns, Total: 57667 ns
[2025-05-12T02:04:03.558+0000][72][info ][safepoint   ] Safepoint "Cleanup", Time since last: 1013349064 ns, Reaching safepoint: 44030 ns, Cleanup: 20965 ns, At safepoint: 7657 ns, Total: 72652 ns
[2025-05-12T02:04:04.559+0000][72][info ][safepoint   ] Safepoint "Cleanup", Time since last: 1000901614 ns, Reaching safepoint: 27521 ns, Cleanup: 21580 ns, At safepoint: 10498 ns, Total: 59599 ns
[2025-05-12T02:04:07.560+0000][72][info ][safepoint   ] Safepoint "Cleanup", Time since last: 3000961659 ns, Reaching safepoint: 32754 ns, Cleanup: 25704 ns, At safepoint: 15957 ns, Total: 74415 ns
[2025-05-12T02:04:08.561+0000][72][info ][safepoint   ] Safepoint "Cleanup", Time since last: 1000694550 ns, Reaching safepoint: 29097 ns, Cleanup: 15617 ns, At safepoint: 10978 ns, Total: 55692 ns
[2025-05-12T02:04:10.562+0000][72][info ][safepoint   ] Safepoint "Cleanup", Time since last: 2001067491 ns, Reaching safepoint: 33295 ns, Cleanup: 14292 ns, At safepoint: 15709 ns, Total: 63296 ns
[2025-05-12T02:04:12.563+0000][72][info ][safepoint   ] Safepoint "Cleanup", Time since last: 2000849840 ns, Reaching safepoint: 33344 ns, Cleanup: 24248 ns, At safepoint: 15417 ns, Total: 73009 ns
[2025-05-12T02:04:13.564+0000][72][info ][safepoint   ] Safepoint "Cleanup", Time since last: 1000691141 ns, Reaching safepoint: 247339 ns, Cleanup: 32116 ns, At safepoint: 26082 ns, Total: 305537 ns
[2025-05-12T02:04:15.564+0000][72][info ][safepoint   ] Safepoint "Cleanup", Time since last: 2000746994 ns, Reaching safepoint: 79906 ns, Cleanup: 14220 ns, At safepoint: 8013 ns, Total: 102139 ns
[2025-05-12T02:04:16.565+0000][72][info ][safepoint   ] Safepoint "Cleanup", Time since last: 1000472936 ns, Reaching safepoint: 19862 ns, Cleanup: 12875 ns, At safepoint: 7258 ns, Total: 39995 ns
[2025-05-12T02:04:17.566+0000][72][info ][safepoint   ] Safepoint "Cleanup", Time since last: 1000682899 ns, Reaching safepoint: 34545 ns, Cleanup: 19532 ns, At safepoint: 15758 ns, Total: 69835 ns
[2025-05-12T02:04:18.721+0000][72][info ][safepoint   ] Safepoint "Cleanup", Time since last: 1154864232 ns, Reaching safepoint: 5777 ns, Cleanup: 10660 ns, At safepoint: 2602 ns, Total: 19039 ns
[2025-05-12T02:04:19.721+0000][72][info ][safepoint   ] Safepoint "Cleanup", Time since last: 1000861234 ns, Reaching safepoint: 55172 ns, Cleanup: 18672 ns, At safepoint: 10511 ns, Total: 84355 ns
[2025-05-12T02:04:21.722+0000][72][info ][safepoint   ] Safepoint "Cleanup", Time since last: 2000849174 ns, Reaching safepoint: 27847 ns, Cleanup: 21652 ns, At safepoint: 8761 ns, Total: 58260 ns
[2025-05-12T02:04:22.723+0000][72][info ][safepoint   ] Safepoint "Cleanup", Time since last: 1000664108 ns, Reaching safepoint: 28016 ns, Cleanup: 20310 ns, At safepoint: 11883 ns, Total: 60209 ns
[2025-05-12T02:04:23.724+0000][72][info ][safepoint   ] Safepoint "Cleanup", Time since last: 1000646843 ns, Reaching safepoint: 27434 ns, Cleanup: 15399 ns, At safepoint: 11384 ns, Total: 54217 ns
[2025-05-12T02:04:24.725+0000][72][info ][safepoint   ] Safepoint "Cleanup", Time since last: 1000959739 ns, Reaching safepoint: 27934 ns, Cleanup: 15702 ns, At safepoint: 9732 ns, Total: 53368 ns
[2025-05-12T02:04:26.707+0000][72][info ][safepoint   ] Safepoint "Cleanup", Time since last: 1983319709 ns, Reaching safepoint: 18403 ns, Cleanup: 28600 ns, At safepoint: 77968 ns, Total: 124971 ns
[2025-05-12T02:04:27.756+0000][72][info ][safepoint   ] Safepoint "Cleanup", Time since last: 1049320045 ns, Reaching safepoint: 6245 ns, Cleanup: 59874 ns, At safepoint: 13304 ns, Total: 79423 ns
[2025-05-12T02:04:33.762+0000][72][info ][safepoint   ] Safepoint "Cleanup", Time since last: 6005502905 ns, Reaching safepoint: 81151 ns, Cleanup: 16706 ns, At safepoint: 16674 ns, Total: 114531 ns
[2025-05-12T02:04:35.763+0000][72][info ][safepoint   ] Safepoint "Cleanup", Time since last: 2000806410 ns, Reaching safepoint: 75441 ns, Cleanup: 21729 ns, At safepoint: 18657 ns, Total: 115827 ns
[2025-05-12T02:04:36.763+0000][72][info ][safepoint   ] Safepoint "Cleanup", Time since last: 1000715935 ns, Reaching safepoint: 27124 ns, Cleanup: 15780 ns, At safepoint: 9876 ns, Total: 52780 ns
[2025-05-12T02:04:39.765+0000][72][info ][safepoint   ] Safepoint "Cleanup", Time since last: 3001220320 ns, Reaching safepoint: 34081 ns, Cleanup: 11917 ns, At safepoint: 7665 ns, Total: 53663 ns
[2025-05-12T02:04:41.766+0000][72][info ][safepoint   ] Safepoint "Cleanup", Time since last: 2001235045 ns, Reaching safepoint: 30049 ns, Cleanup: 34467 ns, At safepoint: 15133 ns, Total: 79649 ns
[2025-05-12T02:04:42.767+0000][72][info ][safepoint   ] Safepoint "Cleanup", Time since last: 1000695967 ns, Reaching safepoint: 26056 ns, Cleanup: 14449 ns, At safepoint: 23768 ns, Total: 64273 ns
[2025-05-12T02:04:44.771+0000][72][info ][safepoint   ] Safepoint "Cleanup", Time since last: 2004007506 ns, Reaching safepoint: 20893 ns, Cleanup: 16354 ns, At safepoint: 8523 ns, Total: 45770 ns
[2025-05-12T02:04:45.771+0000][72][info ][safepoint   ] Safepoint "Cleanup", Time since last: 1000679806 ns, Reaching safepoint: 33191 ns, Cleanup: 19405 ns, At safepoint: 17035 ns, Total: 69631 ns
[2025-05-12T02:04:46.772+0000][72][info ][safepoint   ] Safepoint "Cleanup", Time since last: 1000858364 ns, Reaching safepoint: 33606 ns, Cleanup: 15857 ns, At safepoint: 17356 ns, Total: 66819 ns
[2025-05-12T02:04:48.774+0000][72][info ][safepoint   ] Safepoint "Cleanup", Time since last: 2001084928 ns, Reaching safepoint: 24670 ns, Cleanup: 14449 ns, At safepoint: 11104 ns, Total: 50223 ns
[2025-05-12T02:04:49.776+0000][72][info ][safepoint   ] Safepoint "Cleanup", Time since last: 1002456316 ns, Reaching safepoint: 169450 ns, Cleanup: 34244 ns, At safepoint: 46347 ns, Total: 250041 ns
[2025-05-12T02:04:50.804+0000][72][info ][safepoint   ] Safepoint "Cleanup", Time since last: 1027453257 ns, Reaching safepoint: 30404 ns, Cleanup: 23111 ns, At safepoint: 14959 ns, Total: 68474 ns
[2025-05-12T02:04:51.805+0000][72][info ][safepoint   ] Safepoint "Cleanup", Time since last: 1000694201 ns, Reaching safepoint: 30849 ns, Cleanup: 21450 ns, At safepoint: 16092 ns, Total: 68391 ns
[2025-05-12T02:04:52.805+0000][72][info ][safepoint   ] Safepoint "Cleanup", Time since last: 1000709724 ns, Reaching safepoint: 30443 ns, Cleanup: 14322 ns, At safepoint: 14919 ns, Total: 59684 ns
[2025-05-12T02:04:53.806+0000][72][info ][safepoint   ] Safepoint "Cleanup", Time since last: 1000853289 ns, Reaching safepoint: 28266 ns, Cleanup: 19977 ns, At safepoint: 10489 ns, Total: 58732 ns
[2025-05-12T02:04:54.807+0000][72][info ][safepoint   ] Safepoint "Cleanup", Time since last: 1000728488 ns, Reaching safepoint: 32138 ns, Cleanup: 18967 ns, At safepoint: 14655 ns, Total: 65760 ns
[2025-05-12T02:04:55.808+0000][72][info ][safepoint   ] Safepoint "Cleanup", Time since last: 1000859935 ns, Reaching safepoint: 28586 ns, Cleanup: 21319 ns, At safepoint: 10159 ns, Total: 60064 ns
[2025-05-12T02:04:57.806+0000][72][info ][safepoint   ] Safepoint "Cleanup", Time since last: 2000897277 ns, Reaching safepoint: 31722 ns, Cleanup: 22050 ns, At safepoint: 15712 ns, Total: 69484 ns
[2025-05-12T02:05:00.807+0000][72][info ][safepoint   ] Safepoint "Cleanup", Time since last: 3001205409 ns, Reaching safepoint: 31808 ns, Cleanup: 21616 ns, At safepoint: 15490 ns, Total: 68914 ns
[2025-05-12T02:05:01.808+0000][72][info ][safepoint   ] Safepoint "Cleanup", Time since last: 1000689539 ns, Reaching safepoint: 55475 ns, Cleanup: 13919 ns, At safepoint: 8548 ns, Total: 77942 ns
[2025-05-12T02:05:02.809+0000][72][info ][safepoint   ] Safepoint "Cleanup", Time since last: 1000702356 ns, Reaching safepoint: 18896 ns, Cleanup: 22608 ns, At safepoint: 7176 ns, Total: 48680 ns
[2025-05-12T02:05:04.567+0000][72][info ][safepoint   ] Safepoint "Cleanup", Time since last: 1758086143 ns, Reaching safepoint: 16311 ns, Cleanup: 44418 ns, At safepoint: 19620 ns, Total: 80349 ns
[2025-05-12T02:05:07.590+0000][72][info ][safepoint   ] Safepoint "Cleanup", Time since last: 3023486565 ns, Reaching safepoint: 69868 ns, Cleanup: 24089 ns, At safepoint: 17149 ns, Total: 111106 ns
[2025-05-12T02:05:10.591+0000][72][info ][safepoint   ] Safepoint "Cleanup", Time since last: 3000933446 ns, Reaching safepoint: 33322 ns, Cleanup: 21992 ns, At safepoint: 15538 ns, Total: 70852 ns
[2025-05-12T02:05:12.593+0000][72][info ][safepoint   ] Safepoint "Cleanup", Time since last: 2001165494 ns, Reaching safepoint: 30627 ns, Cleanup: 14570 ns, At safepoint: 14621 ns, Total: 59818 ns
[2025-05-12T02:05:13.594+0000][72][info ][safepoint   ] Safepoint "Cleanup", Time since last: 1001334732 ns, Reaching safepoint: 34931 ns, Cleanup: 30107 ns, At safepoint: 17725 ns, Total: 82763 ns
[2025-05-12T02:05:16.595+0000][72][info ][safepoint   ] Safepoint "Cleanup", Time since last: 3001231342 ns, Reaching safepoint: 19398 ns, Cleanup: 11325 ns, At safepoint: 6911 ns, Total: 37634 ns
[2025-05-12T02:05:17.596+0000][72][info ][safepoint   ] Safepoint "Cleanup", Time since last: 1000695206 ns, Reaching safepoint: 30185 ns, Cleanup: 15656 ns, At safepoint: 14457 ns, Total: 60298 ns
[2025-05-12T02:05:18.753+0000][72][info ][safepoint   ] Safepoint "Cleanup", Time since last: 1157410878 ns, Reaching safepoint: 5895 ns, Cleanup: 13091 ns, At safepoint: 2731 ns, Total: 21717 ns
[2025-05-12T02:05:21.755+0000][72][info ][safepoint   ] Safepoint "Cleanup", Time since last: 3001432966 ns, Reaching safepoint: 126627 ns, Cleanup: 29057 ns, At safepoint: 16722 ns, Total: 172406 ns
[2025-05-12T02:05:22.756+0000][72][info ][safepoint   ] Safepoint "Cleanup", Time since last: 1000689738 ns, Reaching safepoint: 30916 ns, Cleanup: 30209 ns, At safepoint: 16251 ns, Total: 77376 ns
[2025-05-12T02:05:24.757+0000][72][info ][safepoint   ] Safepoint "Cleanup", Time since last: 2000817459 ns, Reaching safepoint: 26673 ns, Cleanup: 15919 ns, At safepoint: 9097 ns, Total: 51689 ns
[2025-05-12T02:05:27.755+0000][72][info ][safepoint   ] Safepoint "Cleanup", Time since last: 3000755546 ns, Reaching safepoint: 20122 ns, Cleanup: 18052 ns, At safepoint: 7532 ns, Total: 45706 ns
[2025-05-12T02:05:31.757+0000][72][info ][safepoint   ] Safepoint "Cleanup", Time since last: 4001324733 ns, Reaching safepoint: 30822 ns, Cleanup: 17778 ns, At safepoint: 14539 ns, Total: 63139 ns
[2025-05-12T02:05:33.758+0000][72][info ][safepoint   ] Safepoint "Cleanup", Time since last: 2001026442 ns, Reaching safepoint: 31905 ns, Cleanup: 18429 ns, At safepoint: 11091 ns, Total: 61425 ns
[2025-05-12T02:05:41.760+0000][72][info ][safepoint   ] Safepoint "Cleanup", Time since last: 8002307371 ns, Reaching safepoint: 46716 ns, Cleanup: 23225 ns, At safepoint: 7141 ns, Total: 77082 ns
[2025-05-12T02:05:42.761+0000][72][info ][safepoint   ] Safepoint "Cleanup", Time since last: 1000627007 ns, Reaching safepoint: 18310 ns, Cleanup: 21869 ns, At safepoint: 7413 ns, Total: 47592 ns
[2025-05-12T02:05:43.761+0000][72][info ][safepoint   ] Safepoint "Cleanup", Time since last: 1000607880 ns, Reaching safepoint: 32758 ns, Cleanup: 14678 ns, At safepoint: 14614 ns, Total: 62050 ns
[2025-05-12T02:05:45.762+0000][72][info ][safepoint   ] Safepoint "Cleanup", Time since last: 2000971099 ns, Reaching safepoint: 30978 ns, Cleanup: 14387 ns, At safepoint: 14529 ns, Total: 59894 ns
[2025-05-12T02:05:47.763+0000][72][info ][safepoint   ] Safepoint "Cleanup", Time since last: 2000916276 ns, Reaching safepoint: 19479 ns, Cleanup: 12606 ns, At safepoint: 7502 ns, Total: 39587 ns
[2025-05-12T02:06:04.764+0000][72][info ][safepoint   ] Safepoint "Cleanup", Time since last: 17003174154 ns, Reaching safepoint: 45654 ns, Cleanup: 13076 ns, At safepoint: 7474 ns, Total: 66204 ns
[2025-05-12T02:06:06.749+0000][72][info ][safepoint   ] Safepoint "Cleanup", Time since last: 1985537907 ns, Reaching safepoint: 25418 ns, Cleanup: 27384 ns, At safepoint: 67877 ns, Total: 120679 ns
[2025-05-12T02:06:08.626+0000][72][info ][safepoint   ] Safepoint "Cleanup", Time since last: 1876112400 ns, Reaching safepoint: 94354 ns, Cleanup: 23035 ns, At safepoint: 18887 ns, Total: 136276 ns
[2025-05-12T02:06:16.628+0000][72][info ][safepoint   ] Safepoint "Cleanup", Time since last: 8002188721 ns, Reaching safepoint: 225023 ns, Cleanup: 18277 ns, At safepoint: 30551 ns, Total: 273851 ns
[2025-05-12T02:06:18.787+0000][72][info ][safepoint   ] Safepoint "Cleanup", Time since last: 2158773163 ns, Reaching safepoint: 13721 ns, Cleanup: 12434 ns, At safepoint: 10555 ns, Total: 36710 ns
[2025-05-12T02:06:23.789+0000][72][info ][safepoint   ] Safepoint "Cleanup", Time since last: 5002021973 ns, Reaching safepoint: 65837 ns, Cleanup: 15120 ns, At safepoint: 17612 ns, Total: 98569 ns
[2025-05-12T02:06:24.790+0000][72][info ][safepoint   ] Safepoint "Cleanup", Time since last: 1000679274 ns, Reaching safepoint: 18993 ns, Cleanup: 25536 ns, At safepoint: 8941 ns, Total: 53470 ns
[2025-05-12T02:06:30.788+0000][72][info ][safepoint   ] Safepoint "Cleanup", Time since last: 6001300466 ns, Reaching safepoint: 165068 ns, Cleanup: 17236 ns, At safepoint: 19351 ns, Total: 201655 ns
[2025-05-12T02:06:33.790+0000][72][info ][safepoint   ] Safepoint "Cleanup", Time since last: 3001103627 ns, Reaching safepoint: 32451 ns, Cleanup: 155777 ns, At safepoint: 25806 ns, Total: 214034 ns
[2025-05-12T02:06:36.791+0000][72][info ][safepoint   ] Safepoint "Cleanup", Time since last: 3001066911 ns, Reaching safepoint: 33677 ns, Cleanup: 17900 ns, At safepoint: 15999 ns, Total: 67576 ns
[2025-05-12T02:06:37.792+0000][72][info ][safepoint   ] Safepoint "Cleanup", Time since last: 1000713712 ns, Reaching safepoint: 66651 ns, Cleanup: 18732 ns, At safepoint: 22924 ns, Total: 108307 ns
[2025-05-12T02:06:39.793+0000][72][info ][safepoint   ] Safepoint "Cleanup", Time since last: 2001048124 ns, Reaching safepoint: 35115 ns, Cleanup: 15859 ns, At safepoint: 18038 ns, Total: 69012 ns
[2025-05-12T02:06:41.794+0000][72][info ][safepoint   ] Safepoint "Cleanup", Time since last: 2000806824 ns, Reaching safepoint: 31291 ns, Cleanup: 40548 ns, At safepoint: 15976 ns, Total: 87815 ns
[2025-05-12T02:06:42.794+0000][72][info ][safepoint   ] Safepoint "Cleanup", Time since last: 1000697178 ns, Reaching safepoint: 24919 ns, Cleanup: 15810 ns, At safepoint: 9505 ns, Total: 50234 ns
[2025-05-12T02:06:43.795+0000][72][info ][safepoint   ] Safepoint "Cleanup", Time since last: 1000759215 ns, Reaching safepoint: 31402 ns, Cleanup: 15652 ns, At safepoint: 15086 ns, Total: 62140 ns
[2025-05-12T02:06:45.796+0000][72][info ][safepoint   ] Safepoint "Cleanup", Time since last: 2000912618 ns, Reaching safepoint: 18033 ns, Cleanup: 13618 ns, At safepoint: 7036 ns, Total: 38687 ns
[2025-05-12T02:06:51.798+0000][72][info ][safepoint   ] Safepoint "Cleanup", Time since last: 6001654619 ns, Reaching safepoint: 34877 ns, Cleanup: 17212 ns, At safepoint: 17641 ns, Total: 69730 ns
[2025-05-12T02:06:52.799+0000][72][info ][safepoint   ] Safepoint "Cleanup", Time since last: 1000900814 ns, Reaching safepoint: 68184 ns, Cleanup: 18161 ns, At safepoint: 13091 ns, Total: 99436 ns
[2025-05-12T02:06:57.797+0000][72][info ][safepoint   ] Safepoint "Cleanup", Time since last: 5001251541 ns, Reaching safepoint: 28807 ns, Cleanup: 16893 ns, At safepoint: 9798 ns, Total: 55498 ns
[2025-05-12T02:07:00.798+0000][72][info ][safepoint   ] Safepoint "Cleanup", Time since last: 3000967728 ns, Reaching safepoint: 30572 ns, Cleanup: 14914 ns, At safepoint: 14862 ns, Total: 60348 ns
[2025-05-12T02:07:02.799+0000][72][info ][safepoint   ] Safepoint "Cleanup", Time since last: 2000953047 ns, Reaching safepoint: 31237 ns, Cleanup: 27529 ns, At safepoint: 15111 ns, Total: 73877 ns
[2025-05-12T02:07:03.800+0000][72][info ][safepoint   ] Safepoint "Cleanup", Time since last: 1000658890 ns, Reaching safepoint: 17971 ns, Cleanup: 20375 ns, At safepoint: 7599 ns, Total: 45945 ns
[2025-05-12T02:07:06.801+0000][72][info ][safepoint   ] Safepoint "Cleanup", Time since last: 3001257053 ns, Reaching safepoint: 111638 ns, Cleanup: 23932 ns, At safepoint: 13725 ns, Total: 149295 ns
[2025-05-12T02:07:07.802+0000][72][info ][safepoint   ] Safepoint "Cleanup", Time since last: 1000742583 ns, Reaching safepoint: 29148 ns, Cleanup: 16495 ns, At safepoint: 7835 ns, Total: 53478 ns
[2025-05-12T02:07:09.760+0000][72][info ][safepoint   ] Safepoint "Cleanup", Time since last: 1957764186 ns, Reaching safepoint: 15411 ns, Cleanup: 14994 ns, At safepoint: 17453 ns, Total: 47858 ns
[2025-05-12T02:07:11.662+0000][72][info ][safepoint   ] Safepoint "Cleanup", Time since last: 1902412962 ns, Reaching safepoint: 27282 ns, Cleanup: 25863 ns, At safepoint: 10271 ns, Total: 63416 ns
[2025-05-12T02:07:12.663+0000][72][info ][safepoint   ] Safepoint "Cleanup", Time since last: 1000677211 ns, Reaching safepoint: 204054 ns, Cleanup: 13074 ns, At safepoint: 80540 ns, Total: 297668 ns
[2025-05-12T02:07:13.664+0000][72][info ][safepoint   ] Safepoint "Cleanup", Time since last: 1000557059 ns, Reaching safepoint: 21357 ns, Cleanup: 14621 ns, At safepoint: 8782 ns, Total: 44760 ns
[2025-05-12T02:07:21.822+0000][72][info ][safepoint   ] Safepoint "Cleanup", Time since last: 8157328933 ns, Reaching safepoint: 135972 ns, Cleanup: 21756 ns, At safepoint: 22633 ns, Total: 180361 ns
[2025-05-12T02:07:25.823+0000][72][info ][safepoint   ] Safepoint "Cleanup", Time since last: 4001258607 ns, Reaching safepoint: 52690 ns, Cleanup: 16454 ns, At safepoint: 8709 ns, Total: 77853 ns
[2025-05-12T02:07:27.822+0000][72][info ][safepoint   ] Safepoint "Cleanup", Time since last: 2001368935 ns, Reaching safepoint: 31041 ns, Cleanup: 21384 ns, At safepoint: 15323 ns, Total: 67748 ns
[2025-05-12T02:07:31.823+0000][72][info ][safepoint   ] Safepoint "Cleanup", Time since last: 4001300143 ns, Reaching safepoint: 33653 ns, Cleanup: 15374 ns, At safepoint: 15579 ns, Total: 64606 ns
[2025-05-12T02:07:33.824+0000][72][info ][safepoint   ] Safepoint "Cleanup", Time since last: 2000990207 ns, Reaching safepoint: 31730 ns, Cleanup: 21675 ns, At safepoint: 15124 ns, Total: 68529 ns
[2025-05-12T02:07:37.826+0000][72][info ][safepoint   ] Safepoint "Cleanup", Time since last: 4001195224 ns, Reaching safepoint: 22382 ns, Cleanup: 21135 ns, At safepoint: 8399 ns, Total: 51916 ns
[2025-05-12T02:07:39.840+0000][72][info ][safepoint   ] Safepoint "Cleanup", Time since last: 2013919731 ns, Reaching safepoint: 47374 ns, Cleanup: 17042 ns, At safepoint: 7937 ns, Total: 72353 ns
[2025-05-12T02:07:41.841+0000][72][info ][safepoint   ] Safepoint "Cleanup", Time since last: 2000809905 ns, Reaching safepoint: 20666 ns, Cleanup: 25767 ns, At safepoint: 7513 ns, Total: 53946 ns
[2025-05-12T02:07:42.842+0000][72][info ][safepoint   ] Safepoint "Cleanup", Time since last: 1000932937 ns, Reaching safepoint: 32549 ns, Cleanup: 14548 ns, At safepoint: 17088 ns, Total: 64185 ns
[2025-05-12T02:07:43.842+0000][72][info ][safepoint   ] Safepoint "Cleanup", Time since last: 1000866809 ns, Reaching safepoint: 20548 ns, Cleanup: 13184 ns, At safepoint: 7846 ns, Total: 41578 ns
[2025-05-12T02:07:48.844+0000][72][info ][safepoint   ] Safepoint "Cleanup", Time since last: 5001186445 ns, Reaching safepoint: 31237 ns, Cleanup: 16896 ns, At safepoint: 15121 ns, Total: 63254 ns
[2025-05-12T02:07:51.845+0000][72][info ][safepoint   ] Safepoint "Cleanup", Time since last: 3001021504 ns, Reaching safepoint: 31072 ns, Cleanup: 15887 ns, At safepoint: 15124 ns, Total: 62083 ns
[2025-05-12T02:07:52.846+0000][72][info ][safepoint   ] Safepoint "Cleanup", Time since last: 1000786054 ns, Reaching safepoint: 141427 ns, Cleanup: 9951 ns, At safepoint: 31423 ns, Total: 182801 ns
[2025-05-12T02:07:53.847+0000][72][info ][safepoint   ] Safepoint "Cleanup", Time since last: 1001558996 ns, Reaching safepoint: 18502 ns, Cleanup: 12581 ns, At safepoint: 7638 ns, Total: 38721 ns
[2025-05-12T02:07:55.849+0000][72][info ][safepoint   ] Safepoint "Cleanup", Time since last: 2001037751 ns, Reaching safepoint: 78458 ns, Cleanup: 19153 ns, At safepoint: 17513 ns, Total: 115124 ns
[2025-05-12T02:07:57.846+0000][72][info ][safepoint   ] Safepoint "Cleanup", Time since last: 2001048983 ns, Reaching safepoint: 32161 ns, Cleanup: 15965 ns, At safepoint: 14680 ns, Total: 62806 ns
[2025-05-12T02:08:00.847+0000][72][info ][safepoint   ] Safepoint "Cleanup", Time since last: 3001158999 ns, Reaching safepoint: 32549 ns, Cleanup: 14504 ns, At safepoint: 15250 ns, Total: 62303 ns
[2025-05-12T02:08:02.848+0000][72][info ][safepoint   ] Safepoint "Cleanup", Time since last: 2000980365 ns, Reaching safepoint: 32169 ns, Cleanup: 18493 ns, At safepoint: 15298 ns, Total: 65960 ns
[2025-05-12T02:08:03.849+0000][72][info ][safepoint   ] Safepoint "Cleanup", Time since last: 1000944378 ns, Reaching safepoint: 34890 ns, Cleanup: 140831 ns, At safepoint: 19893 ns, Total: 195614 ns
[2025-05-12T02:08:05.850+0000][72][info ][safepoint   ] Safepoint "Cleanup", Time since last: 2000817813 ns, Reaching safepoint: 18010 ns, Cleanup: 12594 ns, At safepoint: 16851 ns, Total: 47455 ns
[2025-05-12T02:08:06.851+0000][72][info ][safepoint   ] Safepoint "Cleanup", Time since last: 1000529765 ns, Reaching safepoint: 20034 ns, Cleanup: 15359 ns, At safepoint: 7273 ns, Total: 42666 ns
[2025-05-12T02:08:07.852+0000][72][info ][safepoint   ] Safepoint "Cleanup", Time since last: 1000940462 ns, Reaching safepoint: 30243 ns, Cleanup: 14114 ns, At safepoint: 14604 ns, Total: 58961 ns
[2025-05-12T02:08:09.853+0000][72][info ][safepoint   ] Safepoint "Cleanup", Time since last: 2000969100 ns, Reaching safepoint: 76459 ns, Cleanup: 15633 ns, At safepoint: 18391 ns, Total: 110483 ns
[2025-05-12T02:08:12.746+0000][72][info ][safepoint   ] Safepoint "Cleanup", Time since last: 2893431977 ns, Reaching safepoint: 6140 ns, Cleanup: 17499 ns, At safepoint: 12142 ns, Total: 35781 ns
[2025-05-12T02:08:14.709+0000][72][info ][safepoint   ] Safepoint "Cleanup", Time since last: 1962885322 ns, Reaching safepoint: 34535 ns, Cleanup: 33575 ns, At safepoint: 17517 ns, Total: 85627 ns
[2025-05-12T02:08:15.711+0000][72][info ][safepoint   ] Safepoint "Cleanup", Time since last: 1001126792 ns, Reaching safepoint: 48558 ns, Cleanup: 23849 ns, At safepoint: 12360 ns, Total: 84767 ns
[2025-05-12T02:08:21.855+0000][72][info ][safepoint   ] Safepoint "Cleanup", Time since last: 6144420404 ns, Reaching safepoint: 66018 ns, Cleanup: 16914 ns, At safepoint: 8883 ns, Total: 91815 ns
[2025-05-12T02:08:22.856+0000][72][info ][safepoint   ] Safepoint "Cleanup", Time since last: 1000665747 ns, Reaching safepoint: 32599 ns, Cleanup: 16182 ns, At safepoint: 15181 ns, Total: 63962 ns
[2025-05-12T02:08:27.855+0000][72][info ][safepoint   ] Safepoint "Cleanup", Time since last: 5001406470 ns, Reaching safepoint: 78237 ns, Cleanup: 19764 ns, At safepoint: 17936 ns, Total: 115937 ns
[2025-05-12T02:08:30.856+0000][72][info ][safepoint   ] Safepoint "Cleanup", Time since last: 3001319589 ns, Reaching safepoint: 30031 ns, Cleanup: 19001 ns, At safepoint: 14812 ns, Total: 63844 ns
[2025-05-12T02:08:31.857+0000][72][info ][safepoint   ] Safepoint "Cleanup", Time since last: 1000704576 ns, Reaching safepoint: 17959 ns, Cleanup: 53853 ns, At safepoint: 8133 ns, Total: 79945 ns
[2025-05-12T02:08:32.858+0000][72][info ][safepoint   ] Safepoint "Cleanup", Time since last: 1000700214 ns, Reaching safepoint: 31312 ns, Cleanup: 20877 ns, At safepoint: 15642 ns, Total: 67831 ns
[2025-05-12T02:08:33.859+0000][72][info ][safepoint   ] Safepoint "Cleanup", Time since last: 1000891775 ns, Reaching safepoint: 28378 ns, Cleanup: 17639 ns, At safepoint: 9531 ns, Total: 55548 ns
[2025-05-12T02:08:35.860+0000][72][info ][safepoint   ] Safepoint "Cleanup", Time since last: 2000985730 ns, Reaching safepoint: 118100 ns, Cleanup: 14940 ns, At safepoint: 22254 ns, Total: 155294 ns
[2025-05-12T02:08:36.861+0000][72][info ][safepoint   ] Safepoint "Cleanup", Time since last: 1000760418 ns, Reaching safepoint: 29557 ns, Cleanup: 14649 ns, At safepoint: 14511 ns, Total: 58717 ns
[2025-05-12T02:08:37.862+0000][72][info ][safepoint   ] Safepoint "Cleanup", Time since last: 1000861718 ns, Reaching safepoint: 34002 ns, Cleanup: 30595 ns, At safepoint: 15786 ns, Total: 80383 ns
[2025-05-12T02:08:39.863+0000][72][info ][safepoint   ] Safepoint "Cleanup", Time since last: 2000975307 ns, Reaching safepoint: 30905 ns, Cleanup: 29225 ns, At safepoint: 15719 ns, Total: 75849 ns
[2025-05-12T02:08:41.864+0000][72][info ][safepoint   ] Safepoint "Cleanup", Time since last: 2001019967 ns, Reaching safepoint: 78758 ns, Cleanup: 31606 ns, At safepoint: 17632 ns, Total: 127996 ns
[2025-05-12T02:08:42.865+0000][72][info ][safepoint   ] Safepoint "Cleanup", Time since last: 1000708504 ns, Reaching safepoint: 58325 ns, Cleanup: 39911 ns, At safepoint: 15933 ns, Total: 114169 ns
[2025-05-12T02:08:43.866+0000][72][info ][safepoint   ] Safepoint "Cleanup", Time since last: 1000808204 ns, Reaching safepoint: 119409 ns, Cleanup: 17034 ns, At safepoint: 18433 ns, Total: 154876 ns
[2025-05-12T02:08:44.869+0000][72][info ][safepoint   ] Safepoint "Cleanup", Time since last: 1003428930 ns, Reaching safepoint: 32664 ns, Cleanup: 16535 ns, At safepoint: 17093 ns, Total: 66292 ns
[2025-05-12T02:08:45.870+0000][72][info ][safepoint   ] Safepoint "Cleanup", Time since last: 1000624147 ns, Reaching safepoint: 33300 ns, Cleanup: 27764 ns, At safepoint: 15902 ns, Total: 76966 ns
[2025-05-12T02:08:47.871+0000][72][info ][safepoint   ] Safepoint "Cleanup", Time since last: 2000936201 ns, Reaching safepoint: 30315 ns, Cleanup: 15267 ns, At safepoint: 15754 ns, Total: 61336 ns
[2025-05-12T02:08:48.872+0000][72][info ][safepoint   ] Safepoint "Cleanup", Time since last: 1000799205 ns, Reaching safepoint: 30870 ns, Cleanup: 14332 ns, At safepoint: 14819 ns, Total: 60021 ns
[2025-05-12T02:08:51.747+0000][72][info ][safepoint   ] Safepoint "Cleanup", Time since last: 2874647806 ns, Reaching safepoint: 35280 ns, Cleanup: 22809 ns, At safepoint: 85130 ns, Total: 143219 ns
[2025-05-12T02:08:53.737+0000][72][info ][safepoint   ] Safepoint "Cleanup", Time since last: 1990631766 ns, Reaching safepoint: 18475 ns, Cleanup: 38672 ns, At safepoint: 7863 ns, Total: 65010 ns
[2025-05-12T02:08:54.761+0000][72][info ][safepoint   ] Safepoint "Cleanup", Time since last: 1023307090 ns, Reaching safepoint: 26531 ns, Cleanup: 12345 ns, At safepoint: 66057 ns, Total: 104933 ns
[2025-05-12T02:08:55.761+0000][72][info ][safepoint   ] Safepoint "Cleanup", Time since last: 1000636337 ns, Reaching safepoint: 23915 ns, Cleanup: 21923 ns, At safepoint: 21843 ns, Total: 67681 ns
[2025-05-12T02:08:56.764+0000][72][info ][safepoint   ] Safepoint "Cleanup", Time since last: 1004654511 ns, Reaching safepoint: 18797 ns, Cleanup: 15815 ns, At safepoint: 7242 ns, Total: 41854 ns
[2025-05-12T02:08:57.782+0000][72][info ][safepoint   ] Safepoint "Cleanup", Time since last: 1018275204 ns, Reaching safepoint: 33265 ns, Cleanup: 20081 ns, At safepoint: 16024 ns, Total: 69370 ns
[2025-05-12T02:09:00.783+0000][72][info ][safepoint   ] Safepoint "Cleanup", Time since last: 3001153946 ns, Reaching safepoint: 29056 ns, Cleanup: 16807 ns, At safepoint: 10674 ns, Total: 56537 ns
[2025-05-12T02:09:01.786+0000][72][info ][safepoint   ] Safepoint "Cleanup", Time since last: 1003071511 ns, Reaching safepoint: 37354 ns, Cleanup: 21484 ns, At safepoint: 18245 ns, Total: 77083 ns
[2025-05-12T02:09:03.789+0000][72][info ][safepoint   ] Safepoint "Cleanup", Time since last: 2002519292 ns, Reaching safepoint: 25382 ns, Cleanup: 15497 ns, At safepoint: 8485 ns, Total: 49364 ns
[2025-05-12T02:09:06.791+0000][72][info ][safepoint   ] Safepoint "Cleanup", Time since last: 3002114357 ns, Reaching safepoint: 23742 ns, Cleanup: 13282 ns, At safepoint: 7027 ns, Total: 44051 ns
[2025-05-12T02:09:07.792+0000][72][info ][safepoint   ] Safepoint "Cleanup", Time since last: 1000701389 ns, Reaching safepoint: 23247 ns, Cleanup: 15820 ns, At safepoint: 25137 ns, Total: 64204 ns
[2025-05-12T02:09:12.793+0000][72][info ][safepoint   ] Safepoint "Cleanup", Time since last: 5001385416 ns, Reaching safepoint: 75610 ns, Cleanup: 19295 ns, At safepoint: 18337 ns, Total: 113242 ns
[2025-05-12T02:09:13.794+0000][72][info ][safepoint   ] Safepoint "Cleanup", Time since last: 1000704256 ns, Reaching safepoint: 17852 ns, Cleanup: 13531 ns, At safepoint: 6204 ns, Total: 37587 ns
[2025-05-12T02:09:15.740+0000][72][info ][safepoint   ] Safepoint "Cleanup", Time since last: 1945902483 ns, Reaching safepoint: 101976 ns, Cleanup: 14837 ns, At safepoint: 42802 ns, Total: 159615 ns
[2025-05-12T02:09:16.778+0000][72][info ][safepoint   ] Safepoint "Cleanup", Time since last: 1037478723 ns, Reaching safepoint: 34194 ns, Cleanup: 21193 ns, At safepoint: 16351 ns, Total: 71738 ns
[2025-05-12T02:09:17.821+0000][72][info ][safepoint   ] Safepoint "Cleanup", Time since last: 1043038796 ns, Reaching safepoint: 34369 ns, Cleanup: 24544 ns, At safepoint: 16040 ns, Total: 74953 ns
[2025-05-12T02:09:21.896+0000][72][info ][safepoint   ] Safepoint "Cleanup", Time since last: 4074631217 ns, Reaching safepoint: 31989 ns, Cleanup: 17569 ns, At safepoint: 14886 ns, Total: 64444 ns
[2025-05-12T02:09:22.896+0000][72][info ][safepoint   ] Safepoint "Cleanup", Time since last: 1000850771 ns, Reaching safepoint: 31391 ns, Cleanup: 15150 ns, At safepoint: 15357 ns, Total: 61898 ns
[2025-05-12T02:09:24.898+0000][72][info ][safepoint   ] Safepoint "Cleanup", Time since last: 2001117091 ns, Reaching safepoint: 33532 ns, Cleanup: 19207 ns, At safepoint: 17556 ns, Total: 70295 ns
[2025-05-12T02:09:25.898+0000][72][info ][safepoint   ] Safepoint "Cleanup", Time since last: 1000721077 ns, Reaching safepoint: 31607 ns, Cleanup: 16247 ns, At safepoint: 14975 ns, Total: 62829 ns
[2025-05-12T02:09:27.602+0000][72][info ][safepoint   ] Safepoint "Cleanup", Time since last: 1706161269 ns, Reaching safepoint: 37019 ns, Cleanup: 41273 ns, At safepoint: 17100 ns, Total: 95392 ns
[2025-05-12T02:09:31.603+0000][72][info ][safepoint   ] Safepoint "Cleanup", Time since last: 4001541248 ns, Reaching safepoint: 31933 ns, Cleanup: 16878 ns, At safepoint: 14892 ns, Total: 63703 ns
[2025-05-12T02:09:32.604+0000][72][info ][safepoint   ] Safepoint "Cleanup", Time since last: 1000863315 ns, Reaching safepoint: 33287 ns, Cleanup: 14371 ns, At safepoint: 15315 ns, Total: 62973 ns
[2025-05-12T02:09:33.605+0000][72][info ][safepoint   ] Safepoint "Cleanup", Time since last: 1000798275 ns, Reaching safepoint: 33304 ns, Cleanup: 25222 ns, At safepoint: 16123 ns, Total: 74649 ns
[2025-05-12T02:09:33.707+0000][72][info ][gc,start    ] GC(16) Pause Young (Normal) (G1 Evacuation Pause)
[2025-05-12T02:09:33.707+0000][72][info ][gc,task     ] GC(16) Using 10 workers of 10 for evacuation
[2025-05-12T02:09:33.708+0000][72][debug][gc,age      ] GC(16) Desired survivor size 31457280 bytes, new threshold 2 (max threshold 15)
[2025-05-12T02:09:33.831+0000][72][info ][gc,phases   ] GC(16)   Pre Evacuate Collection Set: 1.31ms
[2025-05-12T02:09:33.831+0000][72][info ][gc,phases   ] GC(16)   Merge Heap Roots: 0.67ms
[2025-05-12T02:09:33.832+0000][72][info ][gc,phases   ] GC(16)   Evacuate Collection Set: 114.37ms
[2025-05-12T02:09:33.832+0000][72][info ][gc,phases   ] GC(16)   Post Evacuate Collection Set: 4.95ms
[2025-05-12T02:09:33.833+0000][72][info ][gc,phases   ] GC(16)   Other: 2.04ms
[2025-05-12T02:09:33.833+0000][72][trace][gc,age      ] GC(16) Age table with threshold 2 (max threshold 15)
[2025-05-12T02:09:33.833+0000][72][trace][gc,age      ] GC(16) - age   1:    3297400 bytes,    3297400 total
[2025-05-12T02:09:33.834+0000][72][trace][gc,age      ] GC(16) - age   2:    8107952 bytes,   11405352 total
[2025-05-12T02:09:33.834+0000][72][info ][gc,heap     ] GC(16) Eden regions: 105->0(525)
[2025-05-12T02:09:33.835+0000][72][info ][gc,heap     ] GC(16) Survivor regions: 15->4(15)
[2025-05-12T02:09:33.835+0000][72][info ][gc,heap     ] GC(16) Old regions: 16->28
[2025-05-12T02:09:33.835+0000][72][info ][gc,heap     ] GC(16) Humongous regions: 0->0
[2025-05-12T02:09:33.836+0000][72][info ][gc,metaspace] GC(16) Metaspace: 146552K(150656K)->146552K(150656K) NonClass: 126507K(128704K)->126507K(128704K) Class: 20045K(21952K)->20045K(21952K)
[2025-05-12T02:09:33.836+0000][72][info ][gc          ] GC(16) Pause Young (Normal) (G1 Evacuation Pause) 540M->124M(3880M) 129.613ms
[2025-05-12T02:09:33.837+0000][72][info ][gc,cpu      ] GC(16) User=0.34s Sys=0.28s Real=0.13s
[2025-05-12T02:09:33.838+0000][72][info ][safepoint   ] Safepoint "G1CollectForAllocation", Time since last: 101516248 ns, Reaching safepoint: 17937 ns, Cleanup: 9536 ns, At safepoint: 130849339 ns, Total: 130876812 ns
[2025-05-12T02:09:34.838+0000][72][info ][safepoint   ] Safepoint "Cleanup", Time since last: 1000655881 ns, Reaching safepoint: 33040 ns, Cleanup: 18864 ns, At safepoint: 161828 ns, Total: 213732 ns
[2025-05-12T02:09:36.840+0000][72][info ][safepoint   ] Safepoint "Cleanup", Time since last: 2001078390 ns, Reaching safepoint: 27662 ns, Cleanup: 11680 ns, At safepoint: 33617 ns, Total: 72959 ns
[2025-05-12T02:09:37.840+0000][72][info ][safepoint   ] Safepoint "Cleanup", Time since last: 1000590908 ns, Reaching safepoint: 110708 ns, Cleanup: 12939 ns, At safepoint: 36566 ns, Total: 160213 ns
[2025-05-12T02:09:39.842+0000][72][info ][safepoint   ] Safepoint "Cleanup", Time since last: 2000949751 ns, Reaching safepoint: 149091 ns, Cleanup: 13900 ns, At safepoint: 332765 ns, Total: 495756 ns
[2025-05-12T02:09:41.843+0000][72][info ][safepoint   ] Safepoint "Cleanup", Time since last: 2000704178 ns, Reaching safepoint: 131561 ns, Cleanup: 15687 ns, At safepoint: 56168 ns, Total: 203416 ns
[2025-05-12T02:09:44.844+0000][72][info ][safepoint   ] Safepoint "Cleanup", Time since last: 3000886247 ns, Reaching safepoint: 145568 ns, Cleanup: 16792 ns, At safepoint: 147580 ns, Total: 309940 ns
[2025-05-12T02:09:45.845+0000][72][info ][safepoint   ] Safepoint "Cleanup", Time since last: 1001203321 ns, Reaching safepoint: 35690 ns, Cleanup: 16812 ns, At safepoint: 16507 ns, Total: 69009 ns
[2025-05-12T02:09:52.847+0000][72][info ][safepoint   ] Safepoint "Cleanup", Time since last: 7001444017 ns, Reaching safepoint: 25815 ns, Cleanup: 11598 ns, At safepoint: 28880 ns, Total: 66293 ns
[2025-05-12T02:10:05.849+0000][72][info ][safepoint   ] Safepoint "Cleanup", Time since last: 13004705240 ns, Reaching safepoint: 78750 ns, Cleanup: 16170 ns, At safepoint: 16205 ns, Total: 111125 ns
[2025-05-12T02:10:06.850+0000][72][info ][safepoint   ] Safepoint "Cleanup", Time since last: 1000874396 ns, Reaching safepoint: 30968 ns, Cleanup: 15766 ns, At safepoint: 15043 ns, Total: 61777 ns
[2025-05-12T02:10:09.851+0000][72][info ][safepoint   ] Safepoint "Cleanup", Time since last: 3001386122 ns, Reaching safepoint: 33763 ns, Cleanup: 15456 ns, At safepoint: 15941 ns, Total: 65160 ns
[2025-05-12T02:10:12.853+0000][72][info ][safepoint   ] Safepoint "Cleanup", Time since last: 3001573093 ns, Reaching safepoint: 65974 ns, Cleanup: 22826 ns, At safepoint: 14922 ns, Total: 103722 ns
[2025-05-12T02:10:17.855+0000][72][info ][safepoint   ] Safepoint "Cleanup", Time since last: 5001655941 ns, Reaching safepoint: 32682 ns, Cleanup: 14692 ns, At safepoint: 16017 ns, Total: 63391 ns
[2025-05-12T02:10:18.861+0000][72][info ][safepoint   ] Safepoint "Cleanup", Time since last: 1006210872 ns, Reaching safepoint: 27426 ns, Cleanup: 14660 ns, At safepoint: 65240 ns, Total: 107326 ns
[2025-05-12T02:10:19.885+0000][72][info ][safepoint   ] Safepoint "Cleanup", Time since last: 1024094650 ns, Reaching safepoint: 140931 ns, Cleanup: 22046 ns, At safepoint: 48364 ns, Total: 211341 ns
[2025-05-12T02:10:20.893+0000][72][info ][safepoint   ] Safepoint "Cleanup", Time since last: 1007308988 ns, Reaching safepoint: 32794 ns, Cleanup: 14348 ns, At safepoint: 15818 ns, Total: 62960 ns
[2025-05-12T02:10:22.894+0000][72][info ][safepoint   ] Safepoint "Cleanup", Time since last: 2001079061 ns, Reaching safepoint: 30670 ns, Cleanup: 81083 ns, At safepoint: 18421 ns, Total: 130174 ns
[2025-05-12T02:10:24.895+0000][72][info ][safepoint   ] Safepoint "Cleanup", Time since last: 2001091111 ns, Reaching safepoint: 120747 ns, Cleanup: 16694 ns, At safepoint: 16507 ns, Total: 153948 ns
[2025-05-12T02:10:31.895+0000][72][info ][safepoint   ] Safepoint "Cleanup", Time since last: 7001932213 ns, Reaching safepoint: 72957 ns, Cleanup: 15484 ns, At safepoint: 15309 ns, Total: 103750 ns
[2025-05-12T02:10:32.896+0000][72][info ][safepoint   ] Safepoint "Cleanup", Time since last: 1000832148 ns, Reaching safepoint: 33061 ns, Cleanup: 18537 ns, At safepoint: 17190 ns, Total: 68788 ns
[2025-05-12T02:10:33.897+0000][72][info ][safepoint   ] Safepoint "Cleanup", Time since last: 1001083232 ns, Reaching safepoint: 32474 ns, Cleanup: 17714 ns, At safepoint: 14669 ns, Total: 64857 ns
[2025-05-12T02:10:35.897+0000][72][info ][safepoint   ] Safepoint "Cleanup", Time since last: 2000751229 ns, Reaching safepoint: 20732 ns, Cleanup: 14878 ns, At safepoint: 7903 ns, Total: 43513 ns
[2025-05-12T02:10:36.898+0000][72][info ][safepoint   ] Safepoint "Cleanup", Time since last: 1000828829 ns, Reaching safepoint: 32969 ns, Cleanup: 19296 ns, At safepoint: 15318 ns, Total: 67583 ns
[2025-05-12T02:10:41.900+0000][72][info ][safepoint   ] Safepoint "Cleanup", Time since last: 5001791808 ns, Reaching safepoint: 36226 ns, Cleanup: 26378 ns, At safepoint: 18332 ns, Total: 80936 ns
[2025-05-12T02:10:42.902+0000][72][info ][safepoint   ] Safepoint "Cleanup", Time since last: 1001532292 ns, Reaching safepoint: 72069 ns, Cleanup: 15319 ns, At safepoint: 31350 ns, Total: 118738 ns
[2025-05-12T02:10:44.903+0000][72][info ][safepoint   ] Safepoint "Cleanup", Time since last: 2000970012 ns, Reaching safepoint: 29767 ns, Cleanup: 13681 ns, At safepoint: 14760 ns, Total: 58208 ns
[2025-05-12T02:10:45.904+0000][72][info ][safepoint   ] Safepoint "Cleanup", Time since last: 1000883927 ns, Reaching safepoint: 17277 ns, Cleanup: 22655 ns, At safepoint: 6680 ns, Total: 46612 ns
[2025-05-12T02:10:48.905+0000][72][info ][safepoint   ] Safepoint "Cleanup", Time since last: 3001259678 ns, Reaching safepoint: 34161 ns, Cleanup: 17270 ns, At safepoint: 16371 ns, Total: 67802 ns
[2025-05-12T02:10:51.906+0000][72][info ][safepoint   ] Safepoint "Cleanup", Time since last: 3001157530 ns, Reaching safepoint: 21414 ns, Cleanup: 13770 ns, At safepoint: 7715 ns, Total: 42899 ns
[2025-05-12T02:10:57.906+0000][72][info ][safepoint   ] Safepoint "Cleanup", Time since last: 6002582660 ns, Reaching safepoint: 34492 ns, Cleanup: 14895 ns, At safepoint: 16498 ns, Total: 65885 ns
[2025-05-12T02:11:03.908+0000][72][info ][safepoint   ] Safepoint "Cleanup", Time since last: 6001879547 ns, Reaching safepoint: 36752 ns, Cleanup: 18209 ns, At safepoint: 16402 ns, Total: 71363 ns
[2025-05-12T02:11:12.910+0000][72][info ][safepoint   ] Safepoint "Cleanup", Time since last: 9002093185 ns, Reaching safepoint: 34337 ns, Cleanup: 17160 ns, At safepoint: 15039 ns, Total: 66536 ns
[2025-05-12T02:11:17.912+0000][72][info ][safepoint   ] Safepoint "Cleanup", Time since last: 5001445490 ns, Reaching safepoint: 131892 ns, Cleanup: 17450 ns, At safepoint: 18798 ns, Total: 168140 ns
[2025-05-12T02:11:20.969+0000][72][info ][safepoint   ] Safepoint "Cleanup", Time since last: 3057062969 ns, Reaching safepoint: 33446 ns, Cleanup: 14507 ns, At safepoint: 15138 ns, Total: 63091 ns
[2025-05-12T02:11:22.931+0000][72][info ][safepoint   ] Safepoint "Cleanup", Time since last: 1961574374 ns, Reaching safepoint: 36854 ns, Cleanup: 37009 ns, At safepoint: 17119 ns, Total: 90982 ns
[2025-05-12T02:11:24.932+0000][72][info ][safepoint   ] Safepoint "Cleanup", Time since last: 2001372556 ns, Reaching safepoint: 78901 ns, Cleanup: 20494 ns, At safepoint: 17082 ns, Total: 116477 ns
[2025-05-12T02:11:25.933+0000][72][info ][safepoint   ] Safepoint "Cleanup", Time since last: 1000779230 ns, Reaching safepoint: 29988 ns, Cleanup: 13687 ns, At safepoint: 15263 ns, Total: 58938 ns
[2025-05-12T02:11:27.932+0000][72][info ][safepoint   ] Safepoint "Cleanup", Time since last: 2000929934 ns, Reaching safepoint: 30571 ns, Cleanup: 14982 ns, At safepoint: 14644 ns, Total: 60197 ns
[2025-05-12T02:11:32.933+0000][72][info ][safepoint   ] Safepoint "Cleanup", Time since last: 5001533026 ns, Reaching safepoint: 69524 ns, Cleanup: 14181 ns, At safepoint: 15244 ns, Total: 98949 ns
[2025-05-12T02:11:33.934+0000][72][info ][safepoint   ] Safepoint "Cleanup", Time since last: 1000900918 ns, Reaching safepoint: 35088 ns, Cleanup: 16181 ns, At safepoint: 16234 ns, Total: 67503 ns
[2025-05-12T02:11:37.936+0000][72][info ][safepoint   ] Safepoint "Cleanup", Time since last: 4001420468 ns, Reaching safepoint: 34663 ns, Cleanup: 17662 ns, At safepoint: 15720 ns, Total: 68045 ns
[2025-05-12T02:11:41.937+0000][72][info ][safepoint   ] Safepoint "Cleanup", Time since last: 4001350694 ns, Reaching safepoint: 28182 ns, Cleanup: 16190 ns, At safepoint: 10483 ns, Total: 54855 ns
[2025-05-12T02:11:51.939+0000][72][info ][safepoint   ] Safepoint "Cleanup", Time since last: 10002277003 ns, Reaching safepoint: 38753 ns, Cleanup: 15657 ns, At safepoint: 16301 ns, Total: 70711 ns
[2025-05-12T02:11:52.941+0000][72][info ][safepoint   ] Safepoint "Cleanup", Time since last: 1001266062 ns, Reaching safepoint: 36641 ns, Cleanup: 24175 ns, At safepoint: 17095 ns, Total: 77911 ns
[2025-05-12T02:11:57.939+0000][72][info ][safepoint   ] Safepoint "Cleanup", Time since last: 5001245702 ns, Reaching safepoint: 24958 ns, Cleanup: 17801 ns, At safepoint: 7218 ns, Total: 49977 ns
[2025-05-12T02:12:00.940+0000][72][info ][safepoint   ] Safepoint "Cleanup", Time since last: 3001075308 ns, Reaching safepoint: 73889 ns, Cleanup: 16165 ns, At safepoint: 31051 ns, Total: 121105 ns
[2025-05-12T02:12:02.941+0000][72][info ][safepoint   ] Safepoint "Cleanup", Time since last: 2000919066 ns, Reaching safepoint: 18551 ns, Cleanup: 12181 ns, At safepoint: 7179 ns, Total: 37911 ns
[2025-05-12T02:12:12.944+0000][72][info ][safepoint   ] Safepoint "Cleanup", Time since last: 10002519490 ns, Reaching safepoint: 33537 ns, Cleanup: 26725 ns, At safepoint: 16355 ns, Total: 76617 ns
[2025-05-12T02:12:14.945+0000][72][info ][safepoint   ] Safepoint "Cleanup", Time since last: 2000869167 ns, Reaching safepoint: 30026 ns, Cleanup: 13047 ns, At safepoint: 13603 ns, Total: 56676 ns
[2025-05-12T02:12:15.946+0000][72][info ][safepoint   ] Safepoint "Cleanup", Time since last: 1000973502 ns, Reaching safepoint: 66865 ns, Cleanup: 14070 ns, At safepoint: 14556 ns, Total: 95491 ns
[2025-05-12T02:12:17.947+0000][72][info ][safepoint   ] Safepoint "Cleanup", Time since last: 2001050603 ns, Reaching safepoint: 33765 ns, Cleanup: 18672 ns, At safepoint: 14999 ns, Total: 67436 ns
[2025-05-12T02:12:18.948+0000][72][info ][safepoint   ] Safepoint "Cleanup", Time since last: 1000705849 ns, Reaching safepoint: 33579 ns, Cleanup: 14972 ns, At safepoint: 14826 ns, Total: 63377 ns
[2025-05-12T02:12:22.006+0000][72][info ][safepoint   ] Safepoint "Cleanup", Time since last: 3058331408 ns, Reaching safepoint: 41562 ns, Cleanup: 26560 ns, At safepoint: 19347 ns, Total: 87469 ns
[2025-05-12T02:12:24.729+0000][72][info ][safepoint   ] Safepoint "Cleanup", Time since last: 2722553813 ns, Reaching safepoint: 17202 ns, Cleanup: 20157 ns, At safepoint: 67897 ns, Total: 105256 ns
[2025-05-12T02:12:25.970+0000][72][info ][safepoint   ] Safepoint "Cleanup", Time since last: 1241417113 ns, Reaching safepoint: 32592 ns, Cleanup: 32138 ns, At safepoint: 17788 ns, Total: 82518 ns
[2025-05-12T02:12:31.970+0000][72][info ][safepoint   ] Safepoint "Cleanup", Time since last: 6001821105 ns, Reaching safepoint: 78325 ns, Cleanup: 17057 ns, At safepoint: 15199 ns, Total: 110581 ns
[2025-05-12T02:12:36.971+0000][72][info ][safepoint   ] Safepoint "Cleanup", Time since last: 5001548062 ns, Reaching safepoint: 18599 ns, Cleanup: 12455 ns, At safepoint: 7230 ns, Total: 38284 ns
[2025-05-12T02:12:41.311+0000][72][info ][gc,start    ] GC(17) Pause Young (Concurrent Start) (CodeCache GC Threshold)
[2025-05-12T02:12:41.311+0000][72][info ][gc,task     ] GC(17) Using 10 workers of 10 for evacuation
[2025-05-12T02:12:41.311+0000][72][debug][gc,age      ] GC(17) Desired survivor size 150994944 bytes, new threshold 15 (max threshold 15)
[2025-05-12T02:12:41.326+0000][72][info ][gc,phases   ] GC(17)   Pre Evacuate Collection Set: 0.89ms
[2025-05-12T02:12:41.326+0000][72][info ][gc,phases   ] GC(17)   Merge Heap Roots: 0.22ms
[2025-05-12T02:12:41.326+0000][72][info ][gc,phases   ] GC(17)   Evacuate Collection Set: 10.19ms
[2025-05-12T02:12:41.327+0000][72][info ][gc,phases   ] GC(17)   Post Evacuate Collection Set: 2.12ms
[2025-05-12T02:12:41.327+0000][72][info ][gc,phases   ] GC(17)   Other: 1.00ms
[2025-05-12T02:12:41.328+0000][72][trace][gc,age      ] GC(17) Age table with threshold 15 (max threshold 15)
[2025-05-12T02:12:41.328+0000][72][trace][gc,age      ] GC(17) - age   1:     478784 bytes,     478784 total
[2025-05-12T02:12:41.328+0000][72][trace][gc,age      ] GC(17) - age   2:    2772184 bytes,    3250968 total
[2025-05-12T02:12:41.329+0000][72][trace][gc,age      ] GC(17) - age   3:    8096808 bytes,   11347776 total
[2025-05-12T02:12:41.329+0000][72][info ][gc,heap     ] GC(17) Eden regions: 41->0(578)
[2025-05-12T02:12:41.329+0000][72][info ][gc,heap     ] GC(17) Survivor regions: 4->4(72)
[2025-05-12T02:12:41.330+0000][72][info ][gc,heap     ] GC(17) Old regions: 28->28
[2025-05-12T02:12:41.330+0000][72][info ][gc,heap     ] GC(17) Humongous regions: 0->0
[2025-05-12T02:12:41.331+0000][72][info ][gc,metaspace] GC(17) Metaspace: 146764K(150848K)->146764K(150848K) NonClass: 126718K(128896K)->126718K(128896K) Class: 20045K(21952K)->20045K(21952K)
[2025-05-12T02:12:41.331+0000][72][info ][gc          ] GC(17) Pause Young (Concurrent Start) (CodeCache GC Threshold) 284M->122M(3880M) 20.673ms
[2025-05-12T02:12:41.332+0000][72][info ][gc,cpu      ] GC(17) User=0.10s Sys=0.01s Real=0.02s
[2025-05-12T02:12:41.332+0000][72][info ][gc          ] GC(18) Concurrent Mark Cycle
[2025-05-12T02:12:41.333+0000][72][info ][gc,marking  ] GC(18) Concurrent Scan Root Regions
[2025-05-12T02:12:41.333+0000][72][info ][safepoint   ] Safepoint "G1TryInitiateConcMark", Time since last: 4339064944 ns, Reaching safepoint: 31926 ns, Cleanup: 25774 ns, At safepoint: 22519862 ns, Total: 22577562 ns
[2025-05-12T02:12:41.341+0000][72][info ][gc,marking  ] GC(18) Concurrent Scan Root Regions 8.334ms
[2025-05-12T02:12:41.342+0000][72][info ][gc,marking  ] GC(18) Concurrent Mark
[2025-05-12T02:12:41.342+0000][72][info ][gc,marking  ] GC(18) Concurrent Mark From Roots
[2025-05-12T02:12:41.343+0000][72][info ][gc,task     ] GC(18) Using 3 workers of 3 for marking
[2025-05-12T02:12:41.424+0000][72][info ][gc,marking  ] GC(18) Concurrent Mark From Roots 82.001ms
[2025-05-12T02:12:41.425+0000][72][info ][gc,marking  ] GC(18) Concurrent Preclean
[2025-05-12T02:12:41.425+0000][72][info ][gc,marking  ] GC(18) Concurrent Preclean 0.716ms
[2025-05-12T02:12:41.426+0000][72][info ][gc,start    ] GC(18) Pause Remark
[2025-05-12T02:12:41.787+0000][72][info ][gc,mmu      ] GC(18) MMU target violated: 201.0ms (200.0ms/201.0ms)
[2025-05-12T02:12:41.787+0000][72][info ][gc          ] GC(18) Pause Remark 128M->128M(3880M) 361.187ms
[2025-05-12T02:12:41.788+0000][72][info ][gc,cpu      ] GC(18) User=3.38s Sys=0.00s Real=0.36s
[2025-05-12T02:12:41.789+0000][72][info ][safepoint   ] Safepoint "G1PauseRemark", Time since last: 92857843 ns, Reaching safepoint: 38145 ns, Cleanup: 17878 ns, At safepoint: 362521499 ns, Total: 362577522 ns
[2025-05-12T02:12:41.789+0000][72][info ][gc,marking  ] GC(18) Concurrent Mark 447.337ms
[2025-05-12T02:12:41.790+0000][72][info ][gc,marking  ] GC(18) Concurrent Rebuild Remembered Sets and Scrub Regions
[2025-05-12T02:12:41.807+0000][72][info ][gc,marking  ] GC(18) Concurrent Rebuild Remembered Sets and Scrub Regions 17.083ms
[2025-05-12T02:12:41.808+0000][72][info ][gc,start    ] GC(18) Pause Cleanup
[2025-05-12T02:12:41.809+0000][72][info ][gc          ] GC(18) Pause Cleanup 134M->134M(3880M) 0.808ms
[2025-05-12T02:12:41.809+0000][72][info ][gc,cpu      ] GC(18) User=0.00s Sys=0.00s Real=0.00s
[2025-05-12T02:12:41.810+0000][72][info ][safepoint   ] Safepoint "G1PauseCleanup", Time since last: 18929802 ns, Reaching safepoint: 426775 ns, Cleanup: 92893 ns, At safepoint: 1865668 ns, Total: 2385336 ns
[2025-05-12T02:12:41.810+0000][72][info ][gc,marking  ] GC(18) Concurrent Clear Claimed Marks
[2025-05-12T02:12:41.811+0000][72][info ][gc,marking  ] GC(18) Concurrent Clear Claimed Marks 0.914ms
[2025-05-12T02:12:41.812+0000][72][info ][gc,marking  ] GC(18) Concurrent Cleanup for Next Mark
[2025-05-12T02:12:41.878+0000][72][info ][gc,marking  ] GC(18) Concurrent Cleanup for Next Mark 66.390ms
[2025-05-12T02:12:41.879+0000][72][info ][gc          ] GC(18) Concurrent Mark Cycle 546.358ms
[2025-05-12T02:12:43.811+0000][72][info ][safepoint   ] Safepoint "Cleanup", Time since last: 2000767754 ns, Reaching safepoint: 33328 ns, Cleanup: 15474 ns, At safepoint: 15769 ns, Total: 64571 ns
[2025-05-12T02:12:45.812+0000][72][info ][safepoint   ] Safepoint "Cleanup", Time since last: 2000869803 ns, Reaching safepoint: 81504 ns, Cleanup: 18117 ns, At safepoint: 35943 ns, Total: 135564 ns
[2025-05-12T02:12:47.813+0000][72][info ][safepoint   ] Safepoint "Cleanup", Time since last: 2001151666 ns, Reaching safepoint: 35964 ns, Cleanup: 18201 ns, At safepoint: 14820 ns, Total: 68985 ns
[2025-05-12T02:12:48.814+0000][72][info ][safepoint   ] Safepoint "Cleanup", Time since last: 1000864161 ns, Reaching safepoint: 31243 ns, Cleanup: 14485 ns, At safepoint: 13475 ns, Total: 59203 ns
[2025-05-12T02:13:00.815+0000][72][info ][safepoint   ] Safepoint "Cleanup", Time since last: 12003111146 ns, Reaching safepoint: 22802 ns, Cleanup: 13161 ns, At safepoint: 7182 ns, Total: 43145 ns
[2025-05-12T02:13:03.816+0000][72][info ][safepoint   ] Safepoint "Cleanup", Time since last: 3000958744 ns, Reaching safepoint: 21894 ns, Cleanup: 12830 ns, At safepoint: 8201 ns, Total: 42925 ns
[2025-05-12T02:13:04.816+0000][72][info ][safepoint   ] Safepoint "Cleanup", Time since last: 1000585585 ns, Reaching safepoint: 20192 ns, Cleanup: 13172 ns, At safepoint: 8320 ns, Total: 41684 ns
[2025-05-12T02:13:05.817+0000][72][info ][safepoint   ] Safepoint "Cleanup", Time since last: 1000737118 ns, Reaching safepoint: 32717 ns, Cleanup: 14521 ns, At safepoint: 14218 ns, Total: 61456 ns
[2025-05-12T02:13:07.818+0000][72][info ][safepoint   ] Safepoint "Cleanup", Time since last: 2000878343 ns, Reaching safepoint: 19518 ns, Cleanup: 16150 ns, At safepoint: 7348 ns, Total: 43016 ns
[2025-05-12T02:13:12.820+0000][72][info ][safepoint   ] Safepoint "Cleanup", Time since last: 5001708885 ns, Reaching safepoint: 20532 ns, Cleanup: 13425 ns, At safepoint: 7629 ns, Total: 41586 ns
[2025-05-12T02:13:13.820+0000][72][info ][safepoint   ] Safepoint "Cleanup", Time since last: 1000654636 ns, Reaching safepoint: 17766 ns, Cleanup: 11827 ns, At safepoint: 7010 ns, Total: 36603 ns
[2025-05-12T02:13:17.822+0000][72][info ][safepoint   ] Safepoint "Cleanup", Time since last: 4001323868 ns, Reaching safepoint: 42710 ns, Cleanup: 14375 ns, At safepoint: 8785 ns, Total: 65870 ns
[2025-05-12T02:13:22.045+0000][72][info ][safepoint   ] Safepoint "Cleanup", Time since last: 4222902594 ns, Reaching safepoint: 20329 ns, Cleanup: 13174 ns, At safepoint: 8022 ns, Total: 41525 ns
[2025-05-12T02:13:27.720+0000][72][info ][safepoint   ] Safepoint "Cleanup", Time since last: 5677518311 ns, Reaching safepoint: 6595 ns, Cleanup: 9298 ns, At safepoint: 14189 ns, Total: 30082 ns
[2025-05-12T02:13:29.001+0000][72][info ][safepoint   ] Safepoint "Cleanup", Time since last: 1281215141 ns, Reaching safepoint: 22144 ns, Cleanup: 20649 ns, At safepoint: 8958 ns, Total: 51751 ns
[2025-05-12T02:13:31.002+0000][72][info ][safepoint   ] Safepoint "Cleanup", Time since last: 2000824713 ns, Reaching safepoint: 22565 ns, Cleanup: 14923 ns, At safepoint: 7000 ns, Total: 44488 ns
[2025-05-12T02:13:32.003+0000][72][info ][safepoint   ] Safepoint "Cleanup", Time since last: 1000745755 ns, Reaching safepoint: 37795 ns, Cleanup: 114502 ns, At safepoint: 82716 ns, Total: 235013 ns
[2025-05-12T02:13:33.004+0000][72][info ][safepoint   ] Safepoint "Cleanup", Time since last: 1001115662 ns, Reaching safepoint: 31319 ns, Cleanup: 18111 ns, At safepoint: 14888 ns, Total: 64318 ns
[2025-05-12T02:13:34.005+0000][72][info ][safepoint   ] Safepoint "Cleanup", Time since last: 1000751105 ns, Reaching safepoint: 22237 ns, Cleanup: 14714 ns, At safepoint: 7883 ns, Total: 44834 ns
[2025-05-12T02:13:36.006+0000][72][info ][safepoint   ] Safepoint "Cleanup", Time since last: 2000939207 ns, Reaching safepoint: 36377 ns, Cleanup: 17206 ns, At safepoint: 11855 ns, Total: 65438 ns
[2025-05-12T02:13:37.007+0000][72][info ][safepoint   ] Safepoint "Cleanup", Time since last: 1000615770 ns, Reaching safepoint: 28552 ns, Cleanup: 15631 ns, At safepoint: 10501 ns, Total: 54684 ns
[2025-05-12T02:13:42.008+0000][72][info ][safepoint   ] Safepoint "Cleanup", Time since last: 5001209880 ns, Reaching safepoint: 24438 ns, Cleanup: 16490 ns, At safepoint: 7577 ns, Total: 48505 ns
[2025-05-12T02:13:46.009+0000][72][info ][safepoint   ] Safepoint "Cleanup", Time since last: 4001233939 ns, Reaching safepoint: 37521 ns, Cleanup: 20368 ns, At safepoint: 16847 ns, Total: 74736 ns
[2025-05-12T02:13:52.011+0000][72][info ][safepoint   ] Safepoint "Cleanup", Time since last: 6001547672 ns, Reaching safepoint: 44085 ns, Cleanup: 14211 ns, At safepoint: 6637 ns, Total: 64933 ns
[2025-05-12T02:13:54.716+0000][72][info ][safepoint   ] Safepoint "Cleanup", Time since last: 2705139841 ns, Reaching safepoint: 5429 ns, Cleanup: 11667 ns, At safepoint: 11859 ns, Total: 28955 ns
[2025-05-12T02:13:56.026+0000][72][info ][safepoint   ] Safepoint "Cleanup", Time since last: 1310263823 ns, Reaching safepoint: 26140 ns, Cleanup: 86328 ns, At safepoint: 15484 ns, Total: 127952 ns
[2025-05-12T02:13:57.024+0000][72][info ][safepoint   ] Safepoint "Cleanup", Time since last: 1000588555 ns, Reaching safepoint: 33584 ns, Cleanup: 21587 ns, At safepoint: 15350 ns, Total: 70521 ns
[2025-05-12T02:13:58.035+0000][72][info ][safepoint   ] Safepoint "Cleanup", Time since last: 1010553187 ns, Reaching safepoint: 17311 ns, Cleanup: 19559 ns, At safepoint: 94022 ns, Total: 130892 ns
[2025-05-12T02:14:00.042+0000][72][info ][safepoint   ] Safepoint "Cleanup", Time since last: 2007030237 ns, Reaching safepoint: 20534 ns, Cleanup: 12241 ns, At safepoint: 8239 ns, Total: 41014 ns
[2025-05-12T02:14:01.057+0000][72][info ][safepoint   ] Safepoint "Cleanup", Time since last: 1015607097 ns, Reaching safepoint: 34880 ns, Cleanup: 28714 ns, At safepoint: 15667 ns, Total: 79261 ns
[2025-05-12T02:14:02.058+0000][72][info ][safepoint   ] Safepoint "Cleanup", Time since last: 1000654172 ns, Reaching safepoint: 34878 ns, Cleanup: 21697 ns, At safepoint: 15751 ns, Total: 72326 ns
[2025-05-12T02:14:04.059+0000][72][info ][safepoint   ] Safepoint "Cleanup", Time since last: 2001058590 ns, Reaching safepoint: 19268 ns, Cleanup: 12265 ns, At safepoint: 7673 ns, Total: 39206 ns
[2025-05-12T02:14:06.060+0000][72][info ][safepoint   ] Safepoint "Cleanup", Time since last: 2000978027 ns, Reaching safepoint: 32566 ns, Cleanup: 16884 ns, At safepoint: 16713 ns, Total: 66163 ns
[2025-05-12T02:14:07.066+0000][72][info ][safepoint   ] Safepoint "Cleanup", Time since last: 1005628433 ns, Reaching safepoint: 30111 ns, Cleanup: 26959 ns, At safepoint: 15202 ns, Total: 72272 ns
[2025-05-12T02:14:13.068+0000][72][info ][safepoint   ] Safepoint "Cleanup", Time since last: 6001811531 ns, Reaching safepoint: 34772 ns, Cleanup: 17481 ns, At safepoint: 16370 ns, Total: 68623 ns
[2025-05-12T02:14:14.069+0000][72][info ][safepoint   ] Safepoint "Cleanup", Time since last: 1000824303 ns, Reaching safepoint: 35129 ns, Cleanup: 16431 ns, At safepoint: 16770 ns, Total: 68330 ns
[2025-05-12T02:14:16.070+0000][72][info ][safepoint   ] Safepoint "Cleanup", Time since last: 2000888671 ns, Reaching safepoint: 22937 ns, Cleanup: 13356 ns, At safepoint: 9934 ns, Total: 46227 ns
[2025-05-12T02:14:17.073+0000][72][info ][safepoint   ] Safepoint "Cleanup", Time since last: 1003588702 ns, Reaching safepoint: 31903 ns, Cleanup: 16188 ns, At safepoint: 15198 ns, Total: 63289 ns
[2025-05-12T02:14:22.079+0000][72][info ][safepoint   ] Safepoint "Cleanup", Time since last: 5005353327 ns, Reaching safepoint: 34957 ns, Cleanup: 20509 ns, At safepoint: 17446 ns, Total: 72912 ns
[2025-05-12T02:14:26.949+0000][72][info ][safepoint   ] Safepoint "Cleanup", Time since last: 4872284986 ns, Reaching safepoint: 19144 ns, Cleanup: 22398 ns, At safepoint: 134657 ns, Total: 176199 ns
[2025-05-12T02:14:27.950+0000][72][info ][safepoint   ] Safepoint "Cleanup", Time since last: 1000987308 ns, Reaching safepoint: 33287 ns, Cleanup: 104853 ns, At safepoint: 17822 ns, Total: 155962 ns
[2025-05-12T02:14:30.722+0000][72][info ][safepoint   ] Safepoint "Cleanup", Time since last: 2772083857 ns, Reaching safepoint: 24239 ns, Cleanup: 20904 ns, At safepoint: 136960 ns, Total: 182103 ns
[2025-05-12T02:14:32.102+0000][72][info ][safepoint   ] Safepoint "Cleanup", Time since last: 1379787449 ns, Reaching safepoint: 17293 ns, Cleanup: 43494 ns, At safepoint: 7177 ns, Total: 67964 ns
[2025-05-12T02:14:34.103+0000][72][info ][safepoint   ] Safepoint "Cleanup", Time since last: 2000994139 ns, Reaching safepoint: 71495 ns, Cleanup: 16766 ns, At safepoint: 15191 ns, Total: 103452 ns
[2025-05-12T02:14:37.104+0000][72][info ][safepoint   ] Safepoint "Cleanup", Time since last: 3001433679 ns, Reaching safepoint: 30796 ns, Cleanup: 17421 ns, At safepoint: 14636 ns, Total: 62853 ns
[2025-05-12T02:14:40.106+0000][72][info ][safepoint   ] Safepoint "Cleanup", Time since last: 3001186805 ns, Reaching safepoint: 32782 ns, Cleanup: 17723 ns, At safepoint: 16689 ns, Total: 67194 ns
[2025-05-12T02:14:42.107+0000][72][info ][safepoint   ] Safepoint "Cleanup", Time since last: 2000901382 ns, Reaching safepoint: 26268 ns, Cleanup: 26798 ns, At safepoint: 12032 ns, Total: 65098 ns
[2025-05-12T02:14:43.108+0000][72][info ][safepoint   ] Safepoint "Cleanup", Time since last: 1001477635 ns, Reaching safepoint: 26351 ns, Cleanup: 14895 ns, At safepoint: 11629 ns, Total: 52875 ns
[2025-05-12T02:14:49.110+0000][72][info ][safepoint   ] Safepoint "Cleanup", Time since last: 6001367111 ns, Reaching safepoint: 38286 ns, Cleanup: 12586 ns, At safepoint: 6930 ns, Total: 57802 ns
[2025-05-12T02:14:52.111+0000][72][info ][safepoint   ] Safepoint "Cleanup", Time since last: 3001138241 ns, Reaching safepoint: 34861 ns, Cleanup: 16118 ns, At safepoint: 18909 ns, Total: 69888 ns
[2025-05-12T02:14:55.112+0000][72][info ][safepoint   ] Safepoint "Cleanup", Time since last: 3001215402 ns, Reaching safepoint: 33411 ns, Cleanup: 15569 ns, At safepoint: 15949 ns, Total: 64929 ns
[2025-05-12T02:14:57.110+0000][72][info ][safepoint   ] Safepoint "Cleanup", Time since last: 2000906245 ns, Reaching safepoint: 44257 ns, Cleanup: 25267 ns, At safepoint: 20007 ns, Total: 89531 ns
[2025-05-12T02:14:58.111+0000][72][info ][safepoint   ] Safepoint "Cleanup", Time since last: 1000854369 ns, Reaching safepoint: 35033 ns, Cleanup: 16919 ns, At safepoint: 17430 ns, Total: 69382 ns
[2025-05-12T02:14:59.112+0000][72][info ][safepoint   ] Safepoint "Cleanup", Time since last: 1000790350 ns, Reaching safepoint: 31530 ns, Cleanup: 14505 ns, At safepoint: 14184 ns, Total: 60219 ns
[2025-05-12T02:15:01.113+0000][72][info ][safepoint   ] Safepoint "Cleanup", Time since last: 2000837566 ns, Reaching safepoint: 31075 ns, Cleanup: 14197 ns, At safepoint: 15066 ns, Total: 60338 ns
[2025-05-12T02:15:02.114+0000][72][info ][safepoint   ] Safepoint "Cleanup", Time since last: 1000758951 ns, Reaching safepoint: 33909 ns, Cleanup: 18718 ns, At safepoint: 15233 ns, Total: 67860 ns
[2025-05-12T02:15:03.115+0000][72][info ][safepoint   ] Safepoint "Cleanup", Time since last: 1000850934 ns, Reaching safepoint: 31502 ns, Cleanup: 16838 ns, At safepoint: 14826 ns, Total: 63166 ns
[2025-05-12T02:15:12.117+0000][72][info ][safepoint   ] Safepoint "Cleanup", Time since last: 9002162150 ns, Reaching safepoint: 96258 ns, Cleanup: 30789 ns, At safepoint: 35467 ns, Total: 162514 ns
[2025-05-12T02:15:16.118+0000][72][info ][safepoint   ] Safepoint "Cleanup", Time since last: 4001129409 ns, Reaching safepoint: 30826 ns, Cleanup: 26688 ns, At safepoint: 15146 ns, Total: 72660 ns
[2025-05-12T02:15:19.113+0000][72][info ][safepoint   ] Safepoint "Cleanup", Time since last: 2995071206 ns, Reaching safepoint: 14486 ns, Cleanup: 13944 ns, At safepoint: 9975 ns, Total: 38405 ns
[2025-05-12T02:15:23.115+0000][72][info ][safepoint   ] Safepoint "Cleanup", Time since last: 4001772025 ns, Reaching safepoint: 69950 ns, Cleanup: 18287 ns, At safepoint: 16430 ns, Total: 104667 ns
[2025-05-12T02:15:25.116+0000][72][info ][safepoint   ] Safepoint "Cleanup", Time since last: 2000981549 ns, Reaching safepoint: 31798 ns, Cleanup: 14278 ns, At safepoint: 15573 ns, Total: 61649 ns
[2025-05-12T02:15:27.115+0000][72][info ][safepoint   ] Safepoint "Cleanup", Time since last: 2000884115 ns, Reaching safepoint: 32774 ns, Cleanup: 74279 ns, At safepoint: 20126 ns, Total: 127179 ns
[2025-05-12T02:15:32.116+0000][72][info ][safepoint   ] Safepoint "Cleanup", Time since last: 5001228365 ns, Reaching safepoint: 22917 ns, Cleanup: 12415 ns, At safepoint: 7379 ns, Total: 42711 ns
[2025-05-12T02:15:33.710+0000][72][info ][safepoint   ] Safepoint "Cleanup", Time since last: 1592930221 ns, Reaching safepoint: 138901 ns, Cleanup: 12130 ns, At safepoint: 37681 ns, Total: 188712 ns
[2025-05-12T02:15:35.136+0000][72][info ][safepoint   ] Safepoint "Cleanup", Time since last: 1425884825 ns, Reaching safepoint: 73151 ns, Cleanup: 26202 ns, At safepoint: 34332 ns, Total: 133685 ns
[2025-05-12T02:15:42.137+0000][72][info ][safepoint   ] Safepoint "Cleanup", Time since last: 7001859488 ns, Reaching safepoint: 32375 ns, Cleanup: 24806 ns, At safepoint: 14608 ns, Total: 71789 ns
[2025-05-12T02:15:49.139+0000][72][info ][safepoint   ] Safepoint "Cleanup", Time since last: 7001879506 ns, Reaching safepoint: 32811 ns, Cleanup: 14922 ns, At safepoint: 15227 ns, Total: 62960 ns
[2025-05-12T02:15:53.141+0000][72][info ][safepoint   ] Safepoint "Cleanup", Time since last: 4001333609 ns, Reaching safepoint: 72642 ns, Cleanup: 18908 ns, At safepoint: 16341 ns, Total: 107891 ns
[2025-05-12T02:16:02.141+0000][72][info ][safepoint   ] Safepoint "Cleanup", Time since last: 9002408236 ns, Reaching safepoint: 31141 ns, Cleanup: 14173 ns, At safepoint: 14873 ns, Total: 60187 ns
[2025-05-12T02:16:04.142+0000][72][info ][safepoint   ] Safepoint "Cleanup", Time since last: 2001130812 ns, Reaching safepoint: 34085 ns, Cleanup: 20076 ns, At safepoint: 17866 ns, Total: 72027 ns
[2025-05-12T02:16:12.144+0000][72][info ][safepoint   ] Safepoint "Cleanup", Time since last: 8002092196 ns, Reaching safepoint: 69156 ns, Cleanup: 21381 ns, At safepoint: 16570 ns, Total: 107107 ns
[2025-05-12T02:16:13.145+0000][72][info ][safepoint   ] Safepoint "Cleanup", Time since last: 1000824871 ns, Reaching safepoint: 32407 ns, Cleanup: 16173 ns, At safepoint: 16540 ns, Total: 65120 ns
[2025-05-12T02:16:27.153+0000][72][info ][safepoint   ] Safepoint "Cleanup", Time since last: 14010799746 ns, Reaching safepoint: 56621 ns, Cleanup: 14736 ns, At safepoint: 9121 ns, Total: 80478 ns
[2025-05-12T02:16:32.155+0000][72][info ][safepoint   ] Safepoint "Cleanup", Time since last: 5001517988 ns, Reaching safepoint: 33504 ns, Cleanup: 16211 ns, At safepoint: 17631 ns, Total: 67346 ns
[2025-05-12T02:16:36.705+0000][72][info ][safepoint   ] Safepoint "Cleanup", Time since last: 4549955410 ns, Reaching safepoint: 139749 ns, Cleanup: 13118 ns, At safepoint: 52353 ns, Total: 205220 ns
[2025-05-12T02:16:38.168+0000][72][info ][safepoint   ] Safepoint "Cleanup", Time since last: 1462389525 ns, Reaching safepoint: 21031 ns, Cleanup: 20051 ns, At safepoint: 7973 ns, Total: 49055 ns
[2025-05-12T02:16:40.169+0000][72][info ][safepoint   ] Safepoint "Cleanup", Time since last: 2001122064 ns, Reaching safepoint: 17343 ns, Cleanup: 11332 ns, At safepoint: 6187 ns, Total: 34862 ns
[2025-05-12T02:16:42.170+0000][72][info ][safepoint   ] Safepoint "Cleanup", Time since last: 2000978072 ns, Reaching safepoint: 18177 ns, Cleanup: 14008 ns, At safepoint: 7686 ns, Total: 39871 ns
[2025-05-12T02:16:46.171+0000][72][info ][safepoint   ] Safepoint "Cleanup", Time since last: 4000982566 ns, Reaching safepoint: 69451 ns, Cleanup: 14252 ns, At safepoint: 29193 ns, Total: 112896 ns
[2025-05-12T02:16:53.173+0000][72][info ][safepoint   ] Safepoint "Cleanup", Time since last: 7001954234 ns, Reaching safepoint: 419951 ns, Cleanup: 19204 ns, At safepoint: 89405 ns, Total: 528560 ns
[2025-05-12T02:16:57.172+0000][72][info ][safepoint   ] Safepoint "Cleanup", Time since last: 4001232667 ns, Reaching safepoint: 32561 ns, Cleanup: 15063 ns, At safepoint: 78227 ns, Total: 125851 ns
[2025-05-12T02:17:04.174+0000][72][info ][safepoint   ] Safepoint "Cleanup", Time since last: 7001957049 ns, Reaching safepoint: 31629 ns, Cleanup: 15026 ns, At safepoint: 14383 ns, Total: 61038 ns
[2025-05-12T02:17:07.175+0000][72][info ][safepoint   ] Safepoint "Cleanup", Time since last: 3001100942 ns, Reaching safepoint: 73450 ns, Cleanup: 27625 ns, At safepoint: 17579 ns, Total: 118654 ns
[2025-05-12T02:17:17.178+0000][72][info ][safepoint   ] Safepoint "Cleanup", Time since last: 10002270494 ns, Reaching safepoint: 26369 ns, Cleanup: 15663 ns, At safepoint: 10905 ns, Total: 52937 ns
[2025-05-12T02:17:34.194+0000][72][info ][safepoint   ] Safepoint "Cleanup", Time since last: 17018830654 ns, Reaching safepoint: 179304 ns, Cleanup: 18994 ns, At safepoint: 27408 ns, Total: 225706 ns
[2025-05-12T02:17:37.195+0000][72][info ][safepoint   ] Safepoint "Cleanup", Time since last: 3001188986 ns, Reaching safepoint: 30781 ns, Cleanup: 14424 ns, At safepoint: 15389 ns, Total: 60594 ns
[2025-05-12T02:17:39.693+0000][72][info ][safepoint   ] Safepoint "Cleanup", Time since last: 2497851144 ns, Reaching safepoint: 85903 ns, Cleanup: 7337 ns, At safepoint: 22535 ns, Total: 115775 ns
[2025-05-12T02:17:41.206+0000][72][info ][safepoint   ] Safepoint "Cleanup", Time since last: 1512943495 ns, Reaching safepoint: 37433 ns, Cleanup: 18176 ns, At safepoint: 16138 ns, Total: 71747 ns
[2025-05-12T02:17:44.207+0000][72][info ][safepoint   ] Safepoint "Cleanup", Time since last: 3001046287 ns, Reaching safepoint: 40704 ns, Cleanup: 16928 ns, At safepoint: 17432 ns, Total: 75064 ns
[2025-05-12T02:17:46.209+0000][72][info ][safepoint   ] Safepoint "Cleanup", Time since last: 2001854673 ns, Reaching safepoint: 32541 ns, Cleanup: 18504 ns, At safepoint: 16040 ns, Total: 67085 ns
[2025-05-12T02:17:52.211+0000][72][info ][safepoint   ] Safepoint "Cleanup", Time since last: 6001463091 ns, Reaching safepoint: 24678 ns, Cleanup: 13897 ns, At safepoint: 8605 ns, Total: 47180 ns
[2025-05-12T02:17:53.212+0000][72][info ][safepoint   ] Safepoint "Cleanup", Time since last: 1000877991 ns, Reaching safepoint: 73820 ns, Cleanup: 19644 ns, At safepoint: 35405 ns, Total: 128869 ns
[2025-05-12T02:17:55.213+0000][72][info ][safepoint   ] Safepoint "Cleanup", Time since last: 2001026703 ns, Reaching safepoint: 32952 ns, Cleanup: 15588 ns, At safepoint: 16094 ns, Total: 64634 ns
[2025-05-12T02:17:58.212+0000][72][info ][safepoint   ] Safepoint "Cleanup", Time since last: 3001075384 ns, Reaching safepoint: 29277 ns, Cleanup: 16770 ns, At safepoint: 10504 ns, Total: 56551 ns
[2025-05-12T02:18:04.213+0000][72][info ][safepoint   ] Safepoint "Cleanup", Time since last: 6001646513 ns, Reaching safepoint: 31357 ns, Cleanup: 33632 ns, At safepoint: 15729 ns, Total: 80718 ns
[2025-05-12T02:18:07.214+0000][72][info ][safepoint   ] Safepoint "Cleanup", Time since last: 3001062516 ns, Reaching safepoint: 39633 ns, Cleanup: 21804 ns, At safepoint: 18640 ns, Total: 80077 ns
[2025-05-12T02:18:10.216+0000][72][info ][safepoint   ] Safepoint "Cleanup", Time since last: 3001409376 ns, Reaching safepoint: 37500 ns, Cleanup: 15637 ns, At safepoint: 18051 ns, Total: 71188 ns
[2025-05-12T02:18:12.217+0000][72][info ][safepoint   ] Safepoint "Cleanup", Time since last: 2000933343 ns, Reaching safepoint: 38416 ns, Cleanup: 20739 ns, At safepoint: 19920 ns, Total: 79075 ns
[2025-05-12T02:18:13.218+0000][72][info ][safepoint   ] Safepoint "Cleanup", Time since last: 1000742734 ns, Reaching safepoint: 35481 ns, Cleanup: 15855 ns, At safepoint: 17239 ns, Total: 68575 ns
[2025-05-12T02:18:14.219+0000][72][info ][safepoint   ] Safepoint "Cleanup", Time since last: 1001208618 ns, Reaching safepoint: 32996 ns, Cleanup: 14863 ns, At safepoint: 15920 ns, Total: 63779 ns
[2025-05-12T02:18:16.220+0000][72][info ][safepoint   ] Safepoint "Cleanup", Time since last: 2000915468 ns, Reaching safepoint: 30024 ns, Cleanup: 15574 ns, At safepoint: 10939 ns, Total: 56537 ns
[2025-05-12T02:18:17.221+0000][72][info ][safepoint   ] Safepoint "Cleanup", Time since last: 1000724834 ns, Reaching safepoint: 32769 ns, Cleanup: 17137 ns, At safepoint: 15114 ns, Total: 65020 ns
[2025-05-12T02:18:32.228+0000][72][info ][safepoint   ] Safepoint "Cleanup", Time since last: 15009294254 ns, Reaching safepoint: 81198 ns, Cleanup: 14911 ns, At safepoint: 14450 ns, Total: 110559 ns
[2025-05-12T02:18:34.229+0000][72][info ][safepoint   ] Safepoint "Cleanup", Time since last: 2001058408 ns, Reaching safepoint: 35913 ns, Cleanup: 16086 ns, At safepoint: 14872 ns, Total: 66871 ns
[2025-05-12T02:18:42.231+0000][72][info ][safepoint   ] Safepoint "Cleanup", Time since last: 8002210852 ns, Reaching safepoint: 68376 ns, Cleanup: 20958 ns, At safepoint: 15634 ns, Total: 104968 ns
[2025-05-12T02:18:43.231+0000][72][info ][safepoint   ] Safepoint "Cleanup", Time since last: 1000035460 ns, Reaching safepoint: 5788 ns, Cleanup: 15396 ns, At safepoint: 21245 ns, Total: 42429 ns
[2025-05-12T02:18:47.247+0000][72][info ][safepoint   ] Safepoint "Cleanup", Time since last: 4015527432 ns, Reaching safepoint: 33808 ns, Cleanup: 19213 ns, At safepoint: 15142 ns, Total: 68163 ns
[2025-05-12T02:18:58.256+0000][72][info ][safepoint   ] Safepoint "Cleanup", Time since last: 11011478281 ns, Reaching safepoint: 69586 ns, Cleanup: 14384 ns, At safepoint: 78972 ns, Total: 162942 ns
[2025-05-12T02:18:59.266+0000][72][info ][safepoint   ] Safepoint "Cleanup", Time since last: 1009496776 ns, Reaching safepoint: 32512 ns, Cleanup: 18751 ns, At safepoint: 16279 ns, Total: 67542 ns
[2025-05-12T02:19:00.696+0000][72][info ][safepoint   ] Safepoint "Cleanup", Time since last: 1430291162 ns, Reaching safepoint: 8710 ns, Cleanup: 15072 ns, At safepoint: 13191 ns, Total: 36973 ns
[2025-05-12T02:19:02.294+0000][72][info ][safepoint   ] Safepoint "Cleanup", Time since last: 1597810903 ns, Reaching safepoint: 39761 ns, Cleanup: 31125 ns, At safepoint: 16872 ns, Total: 87758 ns
[2025-05-12T02:19:03.329+0000][72][info ][safepoint   ] Safepoint "Cleanup", Time since last: 1034958421 ns, Reaching safepoint: 36256 ns, Cleanup: 18782 ns, At safepoint: 16406 ns, Total: 71444 ns
[2025-05-12T02:19:04.331+0000][72][info ][safepoint   ] Safepoint "Cleanup", Time since last: 1001515807 ns, Reaching safepoint: 116404 ns, Cleanup: 18734 ns, At safepoint: 18426 ns, Total: 153564 ns
[2025-05-12T02:19:11.332+0000][72][info ][safepoint   ] Safepoint "Cleanup", Time since last: 7001682983 ns, Reaching safepoint: 29237 ns, Cleanup: 14263 ns, At safepoint: 40877 ns, Total: 84377 ns
[2025-05-12T02:19:12.333+0000][72][info ][safepoint   ] Safepoint "Cleanup", Time since last: 1000795023 ns, Reaching safepoint: 30789 ns, Cleanup: 14726 ns, At safepoint: 13735 ns, Total: 59250 ns
[2025-05-12T02:19:26.559+0000][72][info ][safepoint   ] Safepoint "Cleanup", Time since last: 14228552559 ns, Reaching safepoint: 17313 ns, Cleanup: 22641 ns, At safepoint: 90408 ns, Total: 130362 ns
[2025-05-12T02:19:28.085+0000][72][info ][safepoint   ] Safepoint "Cleanup", Time since last: 1526126702 ns, Reaching safepoint: 32048 ns, Cleanup: 16211 ns, At safepoint: 14235 ns, Total: 62494 ns
[2025-05-12T02:19:32.087+0000][72][info ][safepoint   ] Safepoint "Cleanup", Time since last: 4001144208 ns, Reaching safepoint: 40909 ns, Cleanup: 17460 ns, At safepoint: 91311 ns, Total: 149680 ns
[2025-05-12T02:19:34.088+0000][72][info ][safepoint   ] Safepoint "Cleanup", Time since last: 2000920518 ns, Reaching safepoint: 19245 ns, Cleanup: 11759 ns, At safepoint: 29151 ns, Total: 60155 ns
[2025-05-12T02:19:42.090+0000][72][info ][safepoint   ] Safepoint "Cleanup", Time since last: 8001549795 ns, Reaching safepoint: 35114 ns, Cleanup: 101470 ns, At safepoint: 84266 ns, Total: 220850 ns
[2025-05-12T02:19:43.090+0000][72][info ][safepoint   ] Safepoint "Cleanup", Time since last: 1000749842 ns, Reaching safepoint: 24843 ns, Cleanup: 26633 ns, At safepoint: 8355 ns, Total: 59831 ns
[2025-05-12T02:19:45.723+0000][72][info ][safepoint   ] Safepoint "Cleanup", Time since last: 2632637779 ns, Reaching safepoint: 7152 ns, Cleanup: 8760 ns, At safepoint: 5319 ns, Total: 21231 ns
[2025-05-12T02:19:47.369+0000][72][info ][safepoint   ] Safepoint "Cleanup", Time since last: 1646340623 ns, Reaching safepoint: 36775 ns, Cleanup: 26197 ns, At safepoint: 18262 ns, Total: 81234 ns
[2025-05-12T02:19:52.371+0000][72][info ][safepoint   ] Safepoint "Cleanup", Time since last: 5001528670 ns, Reaching safepoint: 36713 ns, Cleanup: 15918 ns, At safepoint: 15559 ns, Total: 68190 ns
[2025-05-12T02:20:06.371+0000][72][info ][safepoint   ] Safepoint "Cleanup", Time since last: 14002751855 ns, Reaching safepoint: 62654 ns, Cleanup: 15795 ns, At safepoint: 9573 ns, Total: 88022 ns
[2025-05-12T02:20:07.373+0000][72][info ][safepoint   ] Safepoint "Cleanup", Time since last: 1001204473 ns, Reaching safepoint: 24059 ns, Cleanup: 14952 ns, At safepoint: 9522 ns, Total: 48533 ns
[2025-05-12T02:20:10.374+0000][72][info ][safepoint   ] Safepoint "Cleanup", Time since last: 3001137126 ns, Reaching safepoint: 32254 ns, Cleanup: 15007 ns, At safepoint: 15569 ns, Total: 62830 ns
[2025-05-12T02:20:22.296+0000][72][info ][safepoint   ] Safepoint "Cleanup", Time since last: 11922072942 ns, Reaching safepoint: 32287 ns, Cleanup: 15444 ns, At safepoint: 15470 ns, Total: 63201 ns
[2025-05-12T02:20:25.297+0000][72][info ][safepoint   ] Safepoint "Cleanup", Time since last: 3001173246 ns, Reaching safepoint: 33653 ns, Cleanup: 15853 ns, At safepoint: 14662 ns, Total: 64168 ns
[2025-05-12T02:20:34.297+0000][72][info ][safepoint   ] Safepoint "Cleanup", Time since last: 9001988597 ns, Reaching safepoint: 49458 ns, Cleanup: 17936 ns, At safepoint: 7795 ns, Total: 75189 ns
[2025-05-12T02:20:41.298+0000][72][info ][safepoint   ] Safepoint "Cleanup", Time since last: 7001731561 ns, Reaching safepoint: 33227 ns, Cleanup: 23086 ns, At safepoint: 15985 ns, Total: 72298 ns
[2025-05-12T02:20:43.299+0000][72][info ][safepoint   ] Safepoint "Cleanup", Time since last: 2000849261 ns, Reaching safepoint: 137054 ns, Cleanup: 15627 ns, At safepoint: 15866 ns, Total: 168547 ns
[2025-05-12T02:20:48.705+0000][72][info ][safepoint   ] Safepoint "Cleanup", Time since last: 5405507081 ns, Reaching safepoint: 155113 ns, Cleanup: 18399 ns, At safepoint: 37517 ns, Total: 211029 ns
[2025-05-12T02:20:50.412+0000][72][info ][safepoint   ] Safepoint "Cleanup", Time since last: 1707066076 ns, Reaching safepoint: 33148 ns, Cleanup: 21220 ns, At safepoint: 16113 ns, Total: 70481 ns
[2025-05-12T02:20:53.414+0000][72][info ][safepoint   ] Safepoint "Cleanup", Time since last: 3001232267 ns, Reaching safepoint: 39613 ns, Cleanup: 17765 ns, At safepoint: 88497 ns, Total: 145875 ns
[2025-05-12T02:20:55.415+0000][72][info ][safepoint   ] Safepoint "Cleanup", Time since last: 2000914360 ns, Reaching safepoint: 31739 ns, Cleanup: 34361 ns, At safepoint: 14971 ns, Total: 81071 ns
[2025-05-12T02:20:57.414+0000][72][info ][safepoint   ] Safepoint "Cleanup", Time since last: 2000888964 ns, Reaching safepoint: 135814 ns, Cleanup: 14253 ns, At safepoint: 34975 ns, Total: 185042 ns
[2025-05-12T02:20:58.414+0000][72][info ][safepoint   ] Safepoint "Cleanup", Time since last: 1000836494 ns, Reaching safepoint: 31303 ns, Cleanup: 14990 ns, At safepoint: 15237 ns, Total: 61530 ns
[2025-05-12T02:21:00.415+0000][72][info ][safepoint   ] Safepoint "Cleanup", Time since last: 2000932851 ns, Reaching safepoint: 20693 ns, Cleanup: 11658 ns, At safepoint: 6928 ns, Total: 39279 ns
[2025-05-12T02:21:04.417+0000][72][info ][safepoint   ] Safepoint "Cleanup", Time since last: 4001343815 ns, Reaching safepoint: 32536 ns, Cleanup: 16404 ns, At safepoint: 16397 ns, Total: 65337 ns
[2025-05-12T02:21:07.418+0000][72][info ][safepoint   ] Safepoint "Cleanup", Time since last: 3001030567 ns, Reaching safepoint: 31999 ns, Cleanup: 16166 ns, At safepoint: 15512 ns, Total: 63677 ns
[2025-05-12T02:21:12.420+0000][72][info ][safepoint   ] Safepoint "Cleanup", Time since last: 5001585089 ns, Reaching safepoint: 32329 ns, Cleanup: 20145 ns, At safepoint: 15575 ns, Total: 68049 ns
[2025-05-12T02:21:13.420+0000][72][info ][safepoint   ] Safepoint "Cleanup", Time since last: 1000768100 ns, Reaching safepoint: 63870 ns, Cleanup: 14607 ns, At safepoint: 15205 ns, Total: 93682 ns
[2025-05-12T02:21:16.422+0000][72][info ][safepoint   ] Safepoint "Cleanup", Time since last: 3001250359 ns, Reaching safepoint: 19551 ns, Cleanup: 13412 ns, At safepoint: 6814 ns, Total: 39777 ns
[2025-05-12T02:21:17.423+0000][72][info ][safepoint   ] Safepoint "Cleanup", Time since last: 1000969731 ns, Reaching safepoint: 73904 ns, Cleanup: 15400 ns, At safepoint: 16510 ns, Total: 105814 ns
[2025-05-12T02:21:22.332+0000][72][info ][safepoint   ] Safepoint "Cleanup", Time since last: 4909622974 ns, Reaching safepoint: 31113 ns, Cleanup: 14950 ns, At safepoint: 16462 ns, Total: 62525 ns
[2025-05-12T02:21:23.333+0000][72][info ][safepoint   ] Safepoint "Cleanup", Time since last: 1000919864 ns, Reaching safepoint: 34190 ns, Cleanup: 16782 ns, At safepoint: 17403 ns, Total: 68375 ns
[2025-05-12T02:21:29.332+0000][72][info ][safepoint   ] Safepoint "Cleanup", Time since last: 6001583072 ns, Reaching safepoint: 41793 ns, Cleanup: 13581 ns, At safepoint: 9206 ns, Total: 64580 ns
[2025-05-12T02:21:32.333+0000][72][info ][safepoint   ] Safepoint "Cleanup", Time since last: 3001018375 ns, Reaching safepoint: 36898 ns, Cleanup: 17169 ns, At safepoint: 16433 ns, Total: 70500 ns
[2025-05-12T02:21:40.336+0000][72][info ][safepoint   ] Safepoint "Cleanup", Time since last: 8002019170 ns, Reaching safepoint: 34584 ns, Cleanup: 49269 ns, At safepoint: 21752 ns, Total: 105605 ns
[2025-05-12T02:21:41.336+0000][72][info ][safepoint   ] Safepoint "Cleanup", Time since last: 1000733139 ns, Reaching safepoint: 34335 ns, Cleanup: 18380 ns, At safepoint: 16757 ns, Total: 69472 ns
[2025-05-12T02:21:42.339+0000][72][info ][safepoint   ] Safepoint "Cleanup", Time since last: 1002377603 ns, Reaching safepoint: 19302 ns, Cleanup: 13094 ns, At safepoint: 8155 ns, Total: 40551 ns
[2025-05-12T02:21:44.340+0000][72][info ][safepoint   ] Safepoint "Cleanup", Time since last: 2000930552 ns, Reaching safepoint: 65663 ns, Cleanup: 15312 ns, At safepoint: 30174 ns, Total: 111149 ns
[2025-05-12T02:21:51.691+0000][72][info ][safepoint   ] Safepoint "Cleanup", Time since last: 7351215625 ns, Reaching safepoint: 7845 ns, Cleanup: 10483 ns, At safepoint: 13699 ns, Total: 32027 ns
[2025-05-12T02:21:53.462+0000][72][info ][safepoint   ] Safepoint "Cleanup", Time since last: 1770944240 ns, Reaching safepoint: 33710 ns, Cleanup: 19567 ns, At safepoint: 15785 ns, Total: 69062 ns
[2025-05-12T02:21:55.463+0000][72][info ][safepoint   ] Safepoint "Cleanup", Time since last: 2000999037 ns, Reaching safepoint: 31433 ns, Cleanup: 17506 ns, At safepoint: 15779 ns, Total: 64718 ns
[2025-05-12T02:22:01.462+0000][72][info ][safepoint   ] Safepoint "Cleanup", Time since last: 6001331580 ns, Reaching safepoint: 59503 ns, Cleanup: 16206 ns, At safepoint: 13751 ns, Total: 89460 ns
[2025-05-12T02:22:02.463+0000][72][info ][safepoint   ] Safepoint "Cleanup", Time since last: 1000875515 ns, Reaching safepoint: 20806 ns, Cleanup: 15859 ns, At safepoint: 8169 ns, Total: 44834 ns
[2025-05-12T02:22:04.464+0000][72][info ][safepoint   ] Safepoint "Cleanup", Time since last: 2001124231 ns, Reaching safepoint: 141500 ns, Cleanup: 21485 ns, At safepoint: 145019 ns, Total: 308004 ns
[2025-05-12T02:22:21.369+0000][72][info ][safepoint   ] Safepoint "Cleanup", Time since last: 16904051183 ns, Reaching safepoint: 27616 ns, Cleanup: 14730 ns, At safepoint: 11410 ns, Total: 53756 ns
[2025-05-12T02:22:22.369+0000][72][info ][safepoint   ] Safepoint "Cleanup", Time since last: 1000638529 ns, Reaching safepoint: 21567 ns, Cleanup: 14118 ns, At safepoint: 7861 ns, Total: 43546 ns
[2025-05-12T02:22:27.368+0000][72][info ][safepoint   ] Safepoint "Cleanup", Time since last: 5001415479 ns, Reaching safepoint: 31698 ns, Cleanup: 15564 ns, At safepoint: 15272 ns, Total: 62534 ns
[2025-05-12T02:22:34.370+0000][72][info ][safepoint   ] Safepoint "Cleanup", Time since last: 7001950211 ns, Reaching safepoint: 63201 ns, Cleanup: 26131 ns, At safepoint: 8487 ns, Total: 97819 ns
[2025-05-12T02:22:37.372+0000][72][info ][safepoint   ] Safepoint "Cleanup", Time since last: 3001130667 ns, Reaching safepoint: 20708 ns, Cleanup: 15420 ns, At safepoint: 8092 ns, Total: 44220 ns
[2025-05-12T02:22:40.373+0000][72][info ][safepoint   ] Safepoint "Cleanup", Time since last: 3001028391 ns, Reaching safepoint: 32426 ns, Cleanup: 17054 ns, At safepoint: 10827 ns, Total: 60307 ns
[2025-05-12T02:22:41.373+0000][72][info ][safepoint   ] Safepoint "Cleanup", Time since last: 1000606838 ns, Reaching safepoint: 43380 ns, Cleanup: 22571 ns, At safepoint: 9713 ns, Total: 75664 ns
[2025-05-12T02:22:43.374+0000][72][info ][safepoint   ] Safepoint "Cleanup", Time since last: 2000905291 ns, Reaching safepoint: 31388 ns, Cleanup: 15405 ns, At safepoint: 14931 ns, Total: 61724 ns
[2025-05-12T02:22:52.376+0000][72][info ][safepoint   ] Safepoint "Cleanup", Time since last: 9002002959 ns, Reaching safepoint: 31514 ns, Cleanup: 14142 ns, At safepoint: 14271 ns, Total: 59927 ns
[2025-05-12T02:22:54.712+0000][72][info ][safepoint   ] Safepoint "Cleanup", Time since last: 2335389653 ns, Reaching safepoint: 6268 ns, Cleanup: 9590 ns, At safepoint: 11971 ns, Total: 27829 ns
[2025-05-12T02:22:56.506+0000][72][info ][safepoint   ] Safepoint "Cleanup", Time since last: 1797190559 ns, Reaching safepoint: 38033 ns, Cleanup: 20850 ns, At safepoint: 18478 ns, Total: 77361 ns
[2025-05-12T02:23:16.511+0000][72][info ][safepoint   ] Safepoint "Cleanup", Time since last: 20004140844 ns, Reaching safepoint: 35731 ns, Cleanup: 15669 ns, At safepoint: 17685 ns, Total: 69085 ns
[2025-05-12T02:23:19.406+0000][72][info ][safepoint   ] Safepoint "Cleanup", Time since last: 2895606805 ns, Reaching safepoint: 15551 ns, Cleanup: 16579 ns, At safepoint: 13028 ns, Total: 45158 ns
[2025-05-12T02:23:22.408+0000][72][info ][safepoint   ] Safepoint "Cleanup", Time since last: 3001410675 ns, Reaching safepoint: 29857 ns, Cleanup: 14907 ns, At safepoint: 14348 ns, Total: 59112 ns
[2025-05-12T02:23:24.409+0000][72][info ][safepoint   ] Safepoint "Cleanup", Time since last: 2001103594 ns, Reaching safepoint: 45955 ns, Cleanup: 20972 ns, At safepoint: 17817 ns, Total: 84744 ns
[2025-05-12T02:23:27.408+0000][72][info ][safepoint   ] Safepoint "Cleanup", Time since last: 3001323857 ns, Reaching safepoint: 68259 ns, Cleanup: 17457 ns, At safepoint: 14552 ns, Total: 100268 ns
[2025-05-12T02:23:28.409+0000][72][info ][safepoint   ] Safepoint "Cleanup", Time since last: 1000787578 ns, Reaching safepoint: 31793 ns, Cleanup: 14491 ns, At safepoint: 14851 ns, Total: 61135 ns
[2025-05-12T02:23:37.411+0000][72][info ][safepoint   ] Safepoint "Cleanup", Time since last: 9002389623 ns, Reaching safepoint: 40405 ns, Cleanup: 11524 ns, At safepoint: 6810 ns, Total: 58739 ns
[2025-05-12T02:23:42.413+0000][72][info ][safepoint   ] Safepoint "Cleanup", Time since last: 5001686013 ns, Reaching safepoint: 31497 ns, Cleanup: 15457 ns, At safepoint: 14489 ns, Total: 61443 ns
[2025-05-12T02:23:48.415+0000][72][info ][safepoint   ] Safepoint "Cleanup", Time since last: 6001851813 ns, Reaching safepoint: 68887 ns, Cleanup: 15749 ns, At safepoint: 16517 ns, Total: 101153 ns
[2025-05-12T02:23:49.416+0000][72][info ][safepoint   ] Safepoint "Cleanup", Time since last: 1000707425 ns, Reaching safepoint: 30171 ns, Cleanup: 11703 ns, At safepoint: 7097 ns, Total: 48971 ns
[2025-05-12T02:23:52.419+0000][72][info ][safepoint   ] Safepoint "Cleanup", Time since last: 3003451369 ns, Reaching safepoint: 32748 ns, Cleanup: 16468 ns, At safepoint: 16157 ns, Total: 65373 ns
[2025-05-12T02:23:53.421+0000][72][info ][safepoint   ] Safepoint "Cleanup", Time since last: 1001297131 ns, Reaching safepoint: 34590 ns, Cleanup: 18132 ns, At safepoint: 12601 ns, Total: 65323 ns
[2025-05-12T02:23:57.715+0000][72][info ][safepoint   ] Safepoint "Cleanup", Time since last: 4296387684 ns, Reaching safepoint: 121319 ns, Cleanup: 11688 ns, At safepoint: 55858 ns, Total: 188865 ns
[2025-05-12T02:23:59.560+0000][72][info ][safepoint   ] Safepoint "Cleanup", Time since last: 1844852237 ns, Reaching safepoint: 30542 ns, Cleanup: 21497 ns, At safepoint: 13862 ns, Total: 65901 ns
[2025-05-12T02:24:00.698+0000][72][info ][safepoint   ] Safepoint "Cleanup", Time since last: 1137970568 ns, Reaching safepoint: 21279 ns, Cleanup: 17589 ns, At safepoint: 75719 ns, Total: 114587 ns
[2025-05-12T02:24:02.584+0000][72][info ][safepoint   ] Safepoint "Cleanup", Time since last: 1886145976 ns, Reaching safepoint: 34086 ns, Cleanup: 19386 ns, At safepoint: 15758 ns, Total: 69230 ns
[2025-05-12T02:24:04.603+0000][72][info ][safepoint   ] Safepoint "Cleanup", Time since last: 2018665657 ns, Reaching safepoint: 13179 ns, Cleanup: 17245 ns, At safepoint: 81328 ns, Total: 111752 ns
[2025-05-12T02:24:05.611+0000][72][info ][safepoint   ] Safepoint "Cleanup", Time since last: 1008102892 ns, Reaching safepoint: 31693 ns, Cleanup: 15847 ns, At safepoint: 15581 ns, Total: 63121 ns
[2025-05-12T02:24:07.638+0000][72][info ][safepoint   ] Safepoint "Cleanup", Time since last: 2026956748 ns, Reaching safepoint: 35830 ns, Cleanup: 19320 ns, At safepoint: 16569 ns, Total: 71719 ns
[2025-05-12T02:24:16.640+0000][72][info ][safepoint   ] Safepoint "Cleanup", Time since last: 9002103909 ns, Reaching safepoint: 32165 ns, Cleanup: 14666 ns, At safepoint: 15334 ns, Total: 62165 ns
[2025-05-12T02:24:23.446+0000][72][info ][safepoint   ] Safepoint "Cleanup", Time since last: 6806342641 ns, Reaching safepoint: 20247 ns, Cleanup: 14691 ns, At safepoint: 8622 ns, Total: 43560 ns
[2025-05-12T02:24:26.560+0000][72][info ][safepoint   ] Safepoint "Cleanup", Time since last: 3116419553 ns, Reaching safepoint: 6196 ns, Cleanup: 7208 ns, At safepoint: 2700 ns, Total: 16104 ns
[2025-05-12T02:24:30.088+0000][72][info ][safepoint   ] Safepoint "Cleanup", Time since last: 3528457136 ns, Reaching safepoint: 9687 ns, Cleanup: 12717 ns, At safepoint: 16297 ns, Total: 38701 ns
[2025-05-12T02:24:31.869+0000][72][info ][safepoint   ] Safepoint "Cleanup", Time since last: 1780645189 ns, Reaching safepoint: 30908 ns, Cleanup: 109582 ns, At safepoint: 23501 ns, Total: 163991 ns
[2025-05-12T02:24:33.870+0000][72][info ][safepoint   ] Safepoint "Cleanup", Time since last: 2000778385 ns, Reaching safepoint: 35215 ns, Cleanup: 16622 ns, At safepoint: 17196 ns, Total: 69033 ns
[2025-05-12T02:24:35.871+0000][72][info ][safepoint   ] Safepoint "Cleanup", Time since last: 2000857401 ns, Reaching safepoint: 71769 ns, Cleanup: 22059 ns, At safepoint: 16995 ns, Total: 110823 ns
[2025-05-12T02:24:37.872+0000][72][info ][safepoint   ] Safepoint "Cleanup", Time since last: 2000857777 ns, Reaching safepoint: 68553 ns, Cleanup: 34633 ns, At safepoint: 17240 ns, Total: 120426 ns
[2025-05-12T02:24:41.873+0000][72][info ][safepoint   ] Safepoint "Cleanup", Time since last: 4001241416 ns, Reaching safepoint: 105355 ns, Cleanup: 25451 ns, At safepoint: 16691 ns, Total: 147497 ns
[2025-05-12T02:24:48.876+0000][72][info ][safepoint   ] Safepoint "Cleanup", Time since last: 7002323556 ns, Reaching safepoint: 132900 ns, Cleanup: 20993 ns, At safepoint: 14815 ns, Total: 168708 ns
[2025-05-12T02:24:49.879+0000][72][info ][safepoint   ] Safepoint "Cleanup", Time since last: 1002926240 ns, Reaching safepoint: 26228 ns, Cleanup: 14992 ns, At safepoint: 9839 ns, Total: 51059 ns
[2025-05-12T02:24:57.879+0000][72][info ][safepoint   ] Safepoint "Cleanup", Time since last: 8001948878 ns, Reaching safepoint: 27810 ns, Cleanup: 15660 ns, At safepoint: 11198 ns, Total: 54668 ns
[2025-05-12T02:25:00.703+0000][72][info ][safepoint   ] Safepoint "Cleanup", Time since last: 2823920920 ns, Reaching safepoint: 196542 ns, Cleanup: 16453 ns, At safepoint: 61898 ns, Total: 274893 ns
[2025-05-12T02:25:02.686+0000][72][info ][safepoint   ] Safepoint "Cleanup", Time since last: 1983083910 ns, Reaching safepoint: 25317 ns, Cleanup: 19501 ns, At safepoint: 8531 ns, Total: 53349 ns
[2025-05-12T02:25:07.688+0000][72][info ][safepoint   ] Safepoint "Cleanup", Time since last: 5001697287 ns, Reaching safepoint: 26711 ns, Cleanup: 14540 ns, At safepoint: 10322 ns, Total: 51573 ns
[2025-05-12T02:25:09.689+0000][72][info ][safepoint   ] Safepoint "Cleanup", Time since last: 2001067130 ns, Reaching safepoint: 25616 ns, Cleanup: 15606 ns, At safepoint: 9544 ns, Total: 50766 ns
[2025-05-12T02:25:10.690+0000][72][info ][safepoint   ] Safepoint "Cleanup", Time since last: 1000611279 ns, Reaching safepoint: 30520 ns, Cleanup: 26290 ns, At safepoint: 15776 ns, Total: 72586 ns
[2025-05-12T02:25:11.691+0000][72][info ][safepoint   ] Safepoint "Cleanup", Time since last: 1000651089 ns, Reaching safepoint: 31610 ns, Cleanup: 93133 ns, At safepoint: 17780 ns, Total: 142523 ns
[2025-05-12T02:25:12.691+0000][72][info ][safepoint   ] Safepoint "Cleanup", Time since last: 1000640994 ns, Reaching safepoint: 18610 ns, Cleanup: 19112 ns, At safepoint: 7079 ns, Total: 44801 ns
[2025-05-12T02:25:13.692+0000][72][info ][safepoint   ] Safepoint "Cleanup", Time since last: 1000736303 ns, Reaching safepoint: 36945 ns, Cleanup: 22216 ns, At safepoint: 16537 ns, Total: 75698 ns
[2025-05-12T02:25:14.693+0000][72][info ][safepoint   ] Safepoint "Cleanup", Time since last: 1000786148 ns, Reaching safepoint: 33496 ns, Cleanup: 15476 ns, At safepoint: 15225 ns, Total: 64197 ns
[2025-05-12T02:25:15.694+0000][72][info ][safepoint   ] Safepoint "Cleanup", Time since last: 1000756933 ns, Reaching safepoint: 25747 ns, Cleanup: 20341 ns, At safepoint: 14378 ns, Total: 60466 ns
[2025-05-12T02:25:18.695+0000][72][info ][safepoint   ] Safepoint "Cleanup", Time since last: 3000825806 ns, Reaching safepoint: 42163 ns, Cleanup: 13468 ns, At safepoint: 8877 ns, Total: 64508 ns
[2025-05-12T02:25:22.477+0000][72][info ][safepoint   ] Safepoint "Cleanup", Time since last: 3782298405 ns, Reaching safepoint: 32794 ns, Cleanup: 18717 ns, At safepoint: 15792 ns, Total: 67303 ns
[2025-05-12T02:25:23.478+0000][72][info ][safepoint   ] Safepoint "Cleanup", Time since last: 1000703303 ns, Reaching safepoint: 30337 ns, Cleanup: 15721 ns, At safepoint: 12098 ns, Total: 58156 ns
[2025-05-12T02:25:25.479+0000][72][info ][safepoint   ] Safepoint "Cleanup", Time since last: 2000842265 ns, Reaching safepoint: 22872 ns, Cleanup: 18873 ns, At safepoint: 10258 ns, Total: 52003 ns
[2025-05-12T02:25:26.477+0000][72][info ][safepoint   ] Safepoint "Cleanup", Time since last: 1000621669 ns, Reaching safepoint: 27151 ns, Cleanup: 21264 ns, At safepoint: 10038 ns, Total: 58453 ns
[2025-05-12T02:25:27.478+0000][72][info ][safepoint   ] Safepoint "Cleanup", Time since last: 1000712322 ns, Reaching safepoint: 34239 ns, Cleanup: 15546 ns, At safepoint: 16753 ns, Total: 66538 ns
[2025-05-12T02:25:30.479+0000][72][info ][safepoint   ] Safepoint "Cleanup", Time since last: 3000810192 ns, Reaching safepoint: 359067 ns, Cleanup: 14164 ns, At safepoint: 75101 ns, Total: 448332 ns
[2025-05-12T02:25:31.547+0000][72][info ][safepoint   ] Safepoint "Cleanup", Time since last: 1067670457 ns, Reaching safepoint: 37342 ns, Cleanup: 31357 ns, At safepoint: 17565 ns, Total: 86264 ns
[2025-05-12T02:25:32.548+0000][72][info ][safepoint   ] Safepoint "Cleanup", Time since last: 1000724994 ns, Reaching safepoint: 33686 ns, Cleanup: 16199 ns, At safepoint: 16162 ns, Total: 66047 ns
[2025-05-12T02:25:33.548+0000][72][info ][safepoint   ] Safepoint "Cleanup", Time since last: 1000687580 ns, Reaching safepoint: 33380 ns, Cleanup: 15165 ns, At safepoint: 15280 ns, Total: 63825 ns
[2025-05-12T02:25:35.549+0000][72][info ][safepoint   ] Safepoint "Cleanup", Time since last: 2000594434 ns, Reaching safepoint: 61888 ns, Cleanup: 15780 ns, At safepoint: 10789 ns, Total: 88457 ns
[2025-05-12T02:25:40.550+0000][72][info ][safepoint   ] Safepoint "Cleanup", Time since last: 5001129868 ns, Reaching safepoint: 27362 ns, Cleanup: 16387 ns, At safepoint: 10657 ns, Total: 54406 ns
[2025-05-12T02:25:41.551+0000][72][info ][safepoint   ] Safepoint "Cleanup", Time since last: 1000737467 ns, Reaching safepoint: 21217 ns, Cleanup: 18283 ns, At safepoint: 9779 ns, Total: 49279 ns
[2025-05-12T02:25:42.552+0000][72][info ][safepoint   ] Safepoint "Cleanup", Time since last: 1000757950 ns, Reaching safepoint: 33210 ns, Cleanup: 18740 ns, At safepoint: 15407 ns, Total: 67357 ns
[2025-05-12T02:25:43.553+0000][72][info ][safepoint   ] Safepoint "Cleanup", Time since last: 1000796509 ns, Reaching safepoint: 38395 ns, Cleanup: 20641 ns, At safepoint: 84272 ns, Total: 143308 ns
[2025-05-12T02:25:44.554+0000][72][info ][safepoint   ] Safepoint "Cleanup", Time since last: 1000701306 ns, Reaching safepoint: 36384 ns, Cleanup: 21776 ns, At safepoint: 18844 ns, Total: 77004 ns
[2025-05-12T02:25:46.555+0000][72][info ][safepoint   ] Safepoint "Cleanup", Time since last: 2000831685 ns, Reaching safepoint: 20485 ns, Cleanup: 13214 ns, At safepoint: 8760 ns, Total: 42459 ns
[2025-05-12T02:25:47.555+0000][72][info ][safepoint   ] Safepoint "Cleanup", Time since last: 1000674655 ns, Reaching safepoint: 25521 ns, Cleanup: 15186 ns, At safepoint: 9054 ns, Total: 49761 ns
[2025-05-12T02:25:49.556+0000][72][info ][safepoint   ] Safepoint "Cleanup", Time since last: 2000626590 ns, Reaching safepoint: 45433 ns, Cleanup: 13528 ns, At safepoint: 7477 ns, Total: 66438 ns
[2025-05-12T02:25:54.557+0000][72][info ][safepoint   ] Safepoint "Cleanup", Time since last: 5001187458 ns, Reaching safepoint: 20470 ns, Cleanup: 8300 ns, At safepoint: 28990 ns, Total: 57760 ns
[2025-05-12T02:25:56.561+0000][72][info ][safepoint   ] Safepoint "Cleanup", Time since last: 2000616950 ns, Reaching safepoint: 5820235 ns, Cleanup: 22562 ns, At safepoint: 295054 ns, Total: 6137851 ns
[2025-05-12T02:25:59.562+0000][72][info ][safepoint   ] Safepoint "Cleanup", Time since last: 3001131720 ns, Reaching safepoint: 32316 ns, Cleanup: 14867 ns, At safepoint: 15731 ns, Total: 62914 ns
[2025-05-12T02:26:01.563+0000][72][info ][safepoint   ] Safepoint "Cleanup", Time since last: 2000753797 ns, Reaching safepoint: 23931 ns, Cleanup: 14593 ns, At safepoint: 7737 ns, Total: 46261 ns
[2025-05-12T02:26:02.564+0000][72][info ][safepoint   ] Safepoint "Cleanup", Time since last: 1000619742 ns, Reaching safepoint: 41952 ns, Cleanup: 18998 ns, At safepoint: 19391 ns, Total: 80341 ns
[2025-05-12T02:26:03.684+0000][72][info ][safepoint   ] Safepoint "Cleanup", Time since last: 1120512935 ns, Reaching safepoint: 15269 ns, Cleanup: 13831 ns, At safepoint: 18896 ns, Total: 47996 ns
[2025-05-12T02:26:04.711+0000][72][info ][safepoint   ] Safepoint "Cleanup", Time since last: 1026357741 ns, Reaching safepoint: 29582 ns, Cleanup: 37367 ns, At safepoint: 95943 ns, Total: 162892 ns
[2025-05-12T02:26:05.735+0000][72][info ][safepoint   ] Safepoint "Cleanup", Time since last: 1023668909 ns, Reaching safepoint: 41607 ns, Cleanup: 20708 ns, At safepoint: 19545 ns, Total: 81860 ns
[2025-05-12T02:26:06.735+0000][72][info ][safepoint   ] Safepoint "Cleanup", Time since last: 1000623137 ns, Reaching safepoint: 28988 ns, Cleanup: 14646 ns, At safepoint: 30313 ns, Total: 73947 ns
[2025-05-12T02:26:11.737+0000][72][info ][safepoint   ] Safepoint "Cleanup", Time since last: 5001250179 ns, Reaching safepoint: 33075 ns, Cleanup: 15783 ns, At safepoint: 11628 ns, Total: 60486 ns
[2025-05-12T02:26:12.737+0000][72][info ][safepoint   ] Safepoint "Cleanup", Time since last: 1000663261 ns, Reaching safepoint: 30276 ns, Cleanup: 15181 ns, At safepoint: 43760 ns, Total: 89217 ns
[2025-05-12T02:26:18.739+0000][72][info ][safepoint   ] Safepoint "Cleanup", Time since last: 6001392642 ns, Reaching safepoint: 31441 ns, Cleanup: 14014 ns, At safepoint: 15870 ns, Total: 61325 ns
[2025-05-12T02:26:20.531+0000][72][info ][safepoint   ] Safepoint "Cleanup", Time since last: 1791805176 ns, Reaching safepoint: 77889 ns, Cleanup: 21696 ns, At safepoint: 16173 ns, Total: 115758 ns
[2025-05-12T02:26:21.531+0000][72][info ][safepoint   ] Safepoint "Cleanup", Time since last: 1000639527 ns, Reaching safepoint: 28492 ns, Cleanup: 17470 ns, At safepoint: 10752 ns, Total: 56714 ns
[2025-05-12T02:26:22.532+0000][72][info ][safepoint   ] Safepoint "Cleanup", Time since last: 1000598487 ns, Reaching safepoint: 28170 ns, Cleanup: 15924 ns, At safepoint: 9799 ns, Total: 53893 ns
[2025-05-12T02:26:24.533+0000][72][info ][safepoint   ] Safepoint "Cleanup", Time since last: 2000668270 ns, Reaching safepoint: 31419 ns, Cleanup: 20619 ns, At safepoint: 14302 ns, Total: 66340 ns
[2025-05-12T02:26:27.532+0000][72][info ][safepoint   ] Safepoint "Cleanup", Time since last: 3000921060 ns, Reaching safepoint: 26846 ns, Cleanup: 18935 ns, At safepoint: 9673 ns, Total: 55454 ns
[2025-05-12T02:26:30.779+0000][72][info ][safepoint   ] Safepoint "Cleanup", Time since last: 3247500730 ns, Reaching safepoint: 26032 ns, Cleanup: 10998 ns, At safepoint: 16969 ns, Total: 53999 ns
[2025-05-12T02:26:31.971+0000][72][info ][safepoint   ] Safepoint "Cleanup", Time since last: 1192074371 ns, Reaching safepoint: 26279 ns, Cleanup: 23229 ns, At safepoint: 10445 ns, Total: 59953 ns
[2025-05-12T02:26:33.972+0000][72][info ][safepoint   ] Safepoint "Cleanup", Time since last: 2000695733 ns, Reaching safepoint: 27847 ns, Cleanup: 15674 ns, At safepoint: 10214 ns, Total: 53735 ns
[2025-05-12T02:26:41.974+0000][72][info ][safepoint   ] Safepoint "Cleanup", Time since last: 8001549839 ns, Reaching safepoint: 46845 ns, Cleanup: 18842 ns, At safepoint: 7949 ns, Total: 73636 ns
[2025-05-12T02:26:56.974+0000][72][info ][safepoint   ] Safepoint "Cleanup", Time since last: 15002675071 ns, Reaching safepoint: 74947 ns, Cleanup: 17071 ns, At safepoint: 18715 ns, Total: 110733 ns
[2025-05-12T02:27:03.976+0000][72][info ][safepoint   ] Safepoint "Cleanup", Time since last: 7001809980 ns, Reaching safepoint: 27014 ns, Cleanup: 13512 ns, At safepoint: 10293 ns, Total: 50819 ns
[2025-05-12T02:27:06.688+0000][72][info ][safepoint   ] Safepoint "Cleanup", Time since last: 2712475668 ns, Reaching safepoint: 6852 ns, Cleanup: 16368 ns, At safepoint: 11881 ns, Total: 35101 ns
[2025-05-12T02:27:07.724+0000][72][info ][safepoint   ] Safepoint "Cleanup", Time since last: 1035558196 ns, Reaching safepoint: 42340 ns, Cleanup: 30237 ns, At safepoint: 10387 ns, Total: 82964 ns
[2025-05-12T02:27:08.781+0000][72][info ][safepoint   ] Safepoint "Cleanup", Time since last: 1057283502 ns, Reaching safepoint: 33551 ns, Cleanup: 23596 ns, At safepoint: 16971 ns, Total: 74118 ns
[2025-05-12T02:27:28.560+0000][72][info ][safepoint   ] Safepoint "Cleanup", Time since last: 19781922770 ns, Reaching safepoint: 301554 ns, Cleanup: 191050 ns, At safepoint: 27621 ns, Total: 520225 ns
[2025-05-12T02:27:31.562+0000][72][info ][safepoint   ] Safepoint "Cleanup", Time since last: 3001296239 ns, Reaching safepoint: 132481 ns, Cleanup: 18694 ns, At safepoint: 21329 ns, Total: 172504 ns
[2025-05-12T02:27:43.565+0000][72][info ][safepoint   ] Safepoint "Cleanup", Time since last: 12002728137 ns, Reaching safepoint: 199794 ns, Cleanup: 17392 ns, At safepoint: 20754 ns, Total: 237940 ns
[2025-05-12T02:27:47.566+0000][72][info ][safepoint   ] Safepoint "Cleanup", Time since last: 4001139463 ns, Reaching safepoint: 19345 ns, Cleanup: 11960 ns, At safepoint: 7242 ns, Total: 38547 ns
[2025-05-12T02:27:50.567+0000][72][info ][safepoint   ] Safepoint "Cleanup", Time since last: 3000969364 ns, Reaching safepoint: 34260 ns, Cleanup: 17309 ns, At safepoint: 15968 ns, Total: 67537 ns
[2025-05-12T02:27:52.568+0000][72][info ][safepoint   ] Safepoint "Cleanup", Time since last: 2000873299 ns, Reaching safepoint: 81955 ns, Cleanup: 19060 ns, At safepoint: 18221 ns, Total: 119236 ns
[2025-05-12T02:27:54.569+0000][72][info ][safepoint   ] Safepoint "Cleanup", Time since last: 2000763177 ns, Reaching safepoint: 30353 ns, Cleanup: 13923 ns, At safepoint: 11298 ns, Total: 55574 ns
[2025-05-12T02:27:55.571+0000][72][info ][safepoint   ] Safepoint "Cleanup", Time since last: 1001764576 ns, Reaching safepoint: 34045 ns, Cleanup: 17714 ns, At safepoint: 11366 ns, Total: 63125 ns
[2025-05-12T02:28:04.571+0000][72][info ][safepoint   ] Safepoint "Cleanup", Time since last: 9001936722 ns, Reaching safepoint: 24786 ns, Cleanup: 13798 ns, At safepoint: 8571 ns, Total: 47155 ns
[2025-05-12T02:28:09.702+0000][72][info ][safepoint   ] Safepoint "Cleanup", Time since last: 5130237375 ns, Reaching safepoint: 13999 ns, Cleanup: 10544 ns, At safepoint: 4255 ns, Total: 28798 ns
[2025-05-12T02:28:10.825+0000][72][info ][safepoint   ] Safepoint "Cleanup", Time since last: 1123327891 ns, Reaching safepoint: 37424 ns, Cleanup: 24375 ns, At safepoint: 18698 ns, Total: 80497 ns
[2025-05-12T02:28:12.844+0000][72][info ][safepoint   ] Safepoint "Cleanup", Time since last: 2018514609 ns, Reaching safepoint: 33854 ns, Cleanup: 16398 ns, At safepoint: 11468 ns, Total: 61720 ns
[2025-05-12T02:28:16.845+0000][72][info ][safepoint   ] Safepoint "Cleanup", Time since last: 4001130017 ns, Reaching safepoint: 34144 ns, Cleanup: 15585 ns, At safepoint: 17606 ns, Total: 67335 ns
[2025-05-12T02:28:17.846+0000][72][info ][safepoint   ] Safepoint "Cleanup", Time since last: 1000724610 ns, Reaching safepoint: 35364 ns, Cleanup: 19995 ns, At safepoint: 17407 ns, Total: 72766 ns
[2025-05-12T02:28:21.595+0000][72][info ][safepoint   ] Safepoint "Cleanup", Time since last: 3749499661 ns, Reaching safepoint: 36153 ns, Cleanup: 16953 ns, At safepoint: 17306 ns, Total: 70412 ns
[2025-05-12T02:28:23.596+0000][72][info ][safepoint   ] Safepoint "Cleanup", Time since last: 2000909351 ns, Reaching safepoint: 68211 ns, Cleanup: 14498 ns, At safepoint: 30628 ns, Total: 113337 ns
[2025-05-12T02:28:34.033+0000][72][info ][safepoint   ] Safepoint "Cleanup", Time since last: 10438870272 ns, Reaching safepoint: 6457 ns, Cleanup: 8871 ns, At safepoint: 12367 ns, Total: 27695 ns
[2025-05-12T02:28:35.214+0000][72][info ][safepoint   ] Safepoint "Cleanup", Time since last: 1180858908 ns, Reaching safepoint: 32496 ns, Cleanup: 87532 ns, At safepoint: 15454 ns, Total: 135482 ns
[2025-05-12T02:28:41.216+0000][72][info ][safepoint   ] Safepoint "Cleanup", Time since last: 6001831757 ns, Reaching safepoint: 45674 ns, Cleanup: 13306 ns, At safepoint: 30547 ns, Total: 89527 ns
[2025-05-12T02:28:42.216+0000][72][info ][safepoint   ] Safepoint "Cleanup", Time since last: 1000762532 ns, Reaching safepoint: 30575 ns, Cleanup: 16803 ns, At safepoint: 9792 ns, Total: 57170 ns
[2025-05-12T02:28:46.218+0000][72][info ][safepoint   ] Safepoint "Cleanup", Time since last: 4001194222 ns, Reaching safepoint: 31062 ns, Cleanup: 14182 ns, At safepoint: 15083 ns, Total: 60327 ns
[2025-05-12T02:28:54.220+0000][72][info ][safepoint   ] Safepoint "Cleanup", Time since last: 8002121422 ns, Reaching safepoint: 56098 ns, Cleanup: 13869 ns, At safepoint: 12237 ns, Total: 82204 ns
[2025-05-12T02:28:57.869+0000][72][info ][safepoint   ] Safepoint "Cleanup", Time since last: 3651756196 ns, Reaching safepoint: 28655 ns, Cleanup: 12285 ns, At safepoint: 66847 ns, Total: 107787 ns
[2025-05-12T02:29:02.906+0000][72][info ][safepoint   ] Safepoint "Cleanup", Time since last: 5037145560 ns, Reaching safepoint: 36233 ns, Cleanup: 16524 ns, At safepoint: 16716 ns, Total: 69473 ns
[2025-05-12T02:29:03.930+0000][72][info ][safepoint   ] Safepoint "Cleanup", Time since last: 1023462826 ns, Reaching safepoint: 7295 ns, Cleanup: 10296 ns, At safepoint: 13138 ns, Total: 30729 ns
[2025-05-12T02:29:04.939+0000][72][info ][safepoint   ] Safepoint "Cleanup", Time since last: 1009519951 ns, Reaching safepoint: 25312 ns, Cleanup: 13066 ns, At safepoint: 8410 ns, Total: 46788 ns
[2025-05-12T02:29:06.958+0000][72][info ][safepoint   ] Safepoint "Cleanup", Time since last: 2019021497 ns, Reaching safepoint: 6595 ns, Cleanup: 9830 ns, At safepoint: 12831 ns, Total: 29256 ns
[2025-05-12T02:29:08.970+0000][72][info ][safepoint   ] Safepoint "Cleanup", Time since last: 2011119629 ns, Reaching safepoint: 76890 ns, Cleanup: 23106 ns, At safepoint: 36902 ns, Total: 136898 ns
[2025-05-12T02:29:10.015+0000][72][info ][safepoint   ] Safepoint "Cleanup", Time since last: 1044899608 ns, Reaching safepoint: 6247 ns, Cleanup: 21504 ns, At safepoint: 12283 ns, Total: 40034 ns
[2025-05-12T02:29:12.025+0000][72][info ][safepoint   ] Safepoint "Cleanup", Time since last: 2009901203 ns, Reaching safepoint: 34748 ns, Cleanup: 22328 ns, At safepoint: 14834 ns, Total: 71910 ns
[2025-05-12T02:29:13.036+0000][72][info ][safepoint   ] Safepoint "Cleanup", Time since last: 1011630314 ns, Reaching safepoint: 20106 ns, Cleanup: 25022 ns, At safepoint: 142121 ns, Total: 187249 ns
[2025-05-12T02:29:17.046+0000][72][info ][safepoint   ] Safepoint "Cleanup", Time since last: 4009486648 ns, Reaching safepoint: 38127 ns, Cleanup: 16021 ns, At safepoint: 18240 ns, Total: 72388 ns
[2025-05-12T02:29:26.576+0000][72][info ][safepoint   ] Safepoint "Cleanup", Time since last: 9533221370 ns, Reaching safepoint: 7383 ns, Cleanup: 8831 ns, At safepoint: 4345 ns, Total: 20559 ns
[2025-05-12T02:29:27.593+0000][72][info ][safepoint   ] Safepoint "Cleanup", Time since last: 1016173276 ns, Reaching safepoint: 32583 ns, Cleanup: 18070 ns, At safepoint: 14262 ns, Total: 64915 ns
[2025-05-12T02:29:30.594+0000][72][info ][safepoint   ] Safepoint "Cleanup", Time since last: 3001544191 ns, Reaching safepoint: 35218 ns, Cleanup: 18822 ns, At safepoint: 15512 ns, Total: 69552 ns
[2025-05-12T02:29:41.597+0000][72][info ][safepoint   ] Safepoint "Cleanup", Time since last: 11002708924 ns, Reaching safepoint: 57064 ns, Cleanup: 14734 ns, At safepoint: 10592 ns, Total: 82390 ns
[2025-05-12T02:29:57.609+0000][72][info ][safepoint   ] Safepoint "Cleanup", Time since last: 16014528952 ns, Reaching safepoint: 71029 ns, Cleanup: 17480 ns, At safepoint: 16028 ns, Total: 104537 ns
[2025-05-12T02:30:11.612+0000][72][info ][safepoint   ] Safepoint "Cleanup", Time since last: 14003169474 ns, Reaching safepoint: 69023 ns, Cleanup: 16131 ns, At safepoint: 30642 ns, Total: 115796 ns
[2025-05-12T02:30:15.673+0000][72][info ][safepoint   ] Safepoint "Cleanup", Time since last: 4060148990 ns, Reaching safepoint: 5613 ns, Cleanup: 7077 ns, At safepoint: 12559 ns, Total: 25249 ns
[2025-05-12T02:30:17.110+0000][72][info ][safepoint   ] Safepoint "Cleanup", Time since last: 1437116524 ns, Reaching safepoint: 32300 ns, Cleanup: 40625 ns, At safepoint: 172755 ns, Total: 245680 ns
[2025-05-12T02:30:26.670+0000][72][info ][safepoint   ] Safepoint "Cleanup", Time since last: 9561410103 ns, Reaching safepoint: 76725 ns, Cleanup: 15476 ns, At safepoint: 33232 ns, Total: 125433 ns
[2025-05-12T02:30:27.670+0000][72][info ][safepoint   ] Safepoint "Cleanup", Time since last: 1000524362 ns, Reaching safepoint: 20400 ns, Cleanup: 20145 ns, At safepoint: 7124 ns, Total: 47669 ns
[2025-05-12T02:30:34.328+0000][72][info ][safepoint   ] Safepoint "Cleanup", Time since last: 6658070711 ns, Reaching safepoint: 17398 ns, Cleanup: 21781 ns, At safepoint: 92906 ns, Total: 132085 ns
[2025-05-12T02:30:40.333+0000][72][info ][safepoint   ] Safepoint "Cleanup", Time since last: 6004852500 ns, Reaching safepoint: 33331 ns, Cleanup: 16906 ns, At safepoint: 15358 ns, Total: 65595 ns
[2025-05-12T02:30:43.335+0000][72][info ][safepoint   ] Safepoint "Cleanup", Time since last: 3001381138 ns, Reaching safepoint: 66384 ns, Cleanup: 22106 ns, At safepoint: 15567 ns, Total: 104057 ns
[2025-05-12T02:30:45.336+0000][72][info ][safepoint   ] Safepoint "Cleanup", Time since last: 2001145028 ns, Reaching safepoint: 34566 ns, Cleanup: 18923 ns, At safepoint: 15262 ns, Total: 68751 ns
[2025-05-12T02:30:46.337+0000][72][info ][safepoint   ] Safepoint "Cleanup", Time since last: 1001034826 ns, Reaching safepoint: 34366 ns, Cleanup: 20455 ns, At safepoint: 16103 ns, Total: 70924 ns
[2025-05-12T02:30:47.338+0000][72][info ][safepoint   ] Safepoint "Cleanup", Time since last: 1000882566 ns, Reaching safepoint: 35375 ns, Cleanup: 16330 ns, At safepoint: 17845 ns, Total: 69550 ns
[2025-05-12T02:30:49.339+0000][72][info ][safepoint   ] Safepoint "Cleanup", Time since last: 2000832749 ns, Reaching safepoint: 34329 ns, Cleanup: 16204 ns, At safepoint: 17211 ns, Total: 67744 ns
[2025-05-12T02:31:04.339+0000][72][info ][safepoint   ] Safepoint "Cleanup", Time since last: 15003090802 ns, Reaching safepoint: 47364 ns, Cleanup: 13933 ns, At safepoint: 7833 ns, Total: 69130 ns
[2025-05-12T02:31:15.342+0000][72][info ][safepoint   ] Safepoint "Cleanup", Time since last: 11002750979 ns, Reaching safepoint: 79825 ns, Cleanup: 18779 ns, At safepoint: 22265 ns, Total: 120869 ns
[2025-05-12T02:31:17.343+0000][72][info ][safepoint   ] Safepoint "Cleanup", Time since last: 2000961783 ns, Reaching safepoint: 25358 ns, Cleanup: 16963 ns, At safepoint: 9026 ns, Total: 51347 ns
[2025-05-12T02:31:18.730+0000][72][info ][safepoint   ] Safepoint "Cleanup", Time since last: 1386225850 ns, Reaching safepoint: 136815 ns, Cleanup: 11838 ns, At safepoint: 49890 ns, Total: 198543 ns
[2025-05-12T02:31:25.709+0000][72][info ][safepoint   ] Safepoint "Cleanup", Time since last: 6979418618 ns, Reaching safepoint: 32958 ns, Cleanup: 16286 ns, At safepoint: 12477 ns, Total: 61721 ns
[2025-05-12T02:31:27.708+0000][72][info ][safepoint   ] Safepoint "Cleanup", Time since last: 2001410514 ns, Reaching safepoint: 64202 ns, Cleanup: 16626 ns, At safepoint: 14485 ns, Total: 95313 ns
[2025-05-12T02:31:32.719+0000][72][info ][safepoint   ] Safepoint "Cleanup", Time since last: 5010974451 ns, Reaching safepoint: 33483 ns, Cleanup: 23132 ns, At safepoint: 15279 ns, Total: 71894 ns
[2025-05-12T02:31:37.571+0000][72][info ][safepoint   ] Safepoint "Cleanup", Time since last: 4851834068 ns, Reaching safepoint: 27113 ns, Cleanup: 20279 ns, At safepoint: 10765 ns, Total: 58157 ns
[2025-05-12T02:31:39.572+0000][72][info ][safepoint   ] Safepoint "Cleanup", Time since last: 2000965759 ns, Reaching safepoint: 28237 ns, Cleanup: 14994 ns, At safepoint: 11322 ns, Total: 54553 ns
[2025-05-12T02:31:40.573+0000][72][info ][safepoint   ] Safepoint "Cleanup", Time since last: 1000810125 ns, Reaching safepoint: 32966 ns, Cleanup: 21372 ns, At safepoint: 15873 ns, Total: 70211 ns
[2025-05-12T02:31:42.574+0000][72][info ][safepoint   ] Safepoint "Cleanup", Time since last: 2000929090 ns, Reaching safepoint: 76953 ns, Cleanup: 15466 ns, At safepoint: 17050 ns, Total: 109469 ns
[2025-05-12T02:32:04.577+0000][72][info ][safepoint   ] Safepoint "Cleanup", Time since last: 22004616984 ns, Reaching safepoint: 69085 ns, Cleanup: 19324 ns, At safepoint: 15452 ns, Total: 103861 ns
[2025-05-12T02:32:13.580+0000][72][info ][safepoint   ] Safepoint "Cleanup", Time since last: 9003102227 ns, Reaching safepoint: 68926 ns, Cleanup: 18086 ns, At safepoint: 33206 ns, Total: 120218 ns
[2025-05-12T02:32:21.675+0000][72][info ][safepoint   ] Safepoint "Cleanup", Time since last: 8095351675 ns, Reaching safepoint: 88455 ns, Cleanup: 11730 ns, At safepoint: 38615 ns, Total: 138800 ns
[2025-05-12T02:32:23.228+0000][72][info ][safepoint   ] Safepoint "Cleanup", Time since last: 1552280939 ns, Reaching safepoint: 34359 ns, Cleanup: 21958 ns, At safepoint: 17777 ns, Total: 74094 ns
[2025-05-12T02:32:25.229+0000][72][info ][safepoint   ] Safepoint "Cleanup", Time since last: 2000876568 ns, Reaching safepoint: 31205 ns, Cleanup: 19501 ns, At safepoint: 14910 ns, Total: 65616 ns
[2025-05-12T02:32:31.228+0000][72][info ][safepoint   ] Safepoint "Cleanup", Time since last: 6001661448 ns, Reaching safepoint: 83463 ns, Cleanup: 16132 ns, At safepoint: 19400 ns, Total: 118995 ns
[2025-05-12T02:32:33.229+0000][72][info ][safepoint   ] Safepoint "Cleanup", Time since last: 2000923217 ns, Reaching safepoint: 37600 ns, Cleanup: 17852 ns, At safepoint: 86606 ns, Total: 142058 ns
[2025-05-12T02:32:34.230+0000][72][info ][safepoint   ] Safepoint "Cleanup", Time since last: 1000696686 ns, Reaching safepoint: 25144 ns, Cleanup: 13207 ns, At safepoint: 9191 ns, Total: 47542 ns
[2025-05-12T02:32:35.702+0000][72][info ][safepoint   ] Safepoint "Cleanup", Time since last: 1472062446 ns, Reaching safepoint: 41111 ns, Cleanup: 58842 ns, At safepoint: 25485 ns, Total: 125438 ns
[2025-05-12T02:32:37.703+0000][72][info ][safepoint   ] Safepoint "Cleanup", Time since last: 2000880164 ns, Reaching safepoint: 38077 ns, Cleanup: 20762 ns, At safepoint: 18211 ns, Total: 77050 ns
[2025-05-12T02:32:40.704+0000][72][info ][safepoint   ] Safepoint "Cleanup", Time since last: 3001049930 ns, Reaching safepoint: 19518 ns, Cleanup: 12478 ns, At safepoint: 7951 ns, Total: 39947 ns
[2025-05-12T02:32:41.705+0000][72][info ][safepoint   ] Safepoint "Cleanup", Time since last: 1000639702 ns, Reaching safepoint: 24866 ns, Cleanup: 16406 ns, At safepoint: 8004 ns, Total: 49276 ns
[2025-05-12T02:32:44.706+0000][72][info ][safepoint   ] Safepoint "Cleanup", Time since last: 3001030465 ns, Reaching safepoint: 75337 ns, Cleanup: 22433 ns, At safepoint: 11819 ns, Total: 109589 ns
[2025-05-12T02:32:48.707+0000][72][info ][safepoint   ] Safepoint "Cleanup", Time since last: 4001107143 ns, Reaching safepoint: 21869 ns, Cleanup: 16963 ns, At safepoint: 8748 ns, Total: 47580 ns
[2025-05-12T02:32:49.708+0000][72][info ][safepoint   ] Safepoint "Cleanup", Time since last: 1000659145 ns, Reaching safepoint: 21739 ns, Cleanup: 16701 ns, At safepoint: 8109 ns, Total: 46549 ns
[2025-05-12T02:32:54.709+0000][72][info ][safepoint   ] Safepoint "Cleanup", Time since last: 5001246162 ns, Reaching safepoint: 21970 ns, Cleanup: 13973 ns, At safepoint: 8625 ns, Total: 44568 ns
[2025-05-12T02:33:00.708+0000][72][info ][safepoint   ] Safepoint "Cleanup", Time since last: 6001400988 ns, Reaching safepoint: 75499 ns, Cleanup: 22789 ns, At safepoint: 34156 ns, Total: 132444 ns
[2025-05-12T02:33:03.709+0000][72][info ][safepoint   ] Safepoint "Cleanup", Time since last: 3001321023 ns, Reaching safepoint: 21991 ns, Cleanup: 12582 ns, At safepoint: 8169 ns, Total: 42742 ns
[2025-05-12T02:33:04.710+0000][72][info ][safepoint   ] Safepoint "Cleanup", Time since last: 1000760532 ns, Reaching safepoint: 30974 ns, Cleanup: 20572 ns, At safepoint: 12721 ns, Total: 64267 ns
[2025-05-12T02:33:05.711+0000][72][info ][safepoint   ] Safepoint "Cleanup", Time since last: 1000750499 ns, Reaching safepoint: 34508 ns, Cleanup: 15581 ns, At safepoint: 17104 ns, Total: 67193 ns
[2025-05-12T02:33:07.712+0000][72][info ][safepoint   ] Safepoint "Cleanup", Time since last: 2000763187 ns, Reaching safepoint: 19593 ns, Cleanup: 14972 ns, At safepoint: 8233 ns, Total: 42798 ns
[2025-05-12T02:33:11.713+0000][72][info ][safepoint   ] Safepoint "Cleanup", Time since last: 4001210054 ns, Reaching safepoint: 34573 ns, Cleanup: 15439 ns, At safepoint: 15399 ns, Total: 65411 ns
[2025-05-12T02:33:12.714+0000][72][info ][safepoint   ] Safepoint "Cleanup", Time since last: 1000693067 ns, Reaching safepoint: 18430 ns, Cleanup: 14451 ns, At safepoint: 7765 ns, Total: 40646 ns
[2025-05-12T02:33:13.714+0000][72][info ][safepoint   ] Safepoint "Cleanup", Time since last: 1000527892 ns, Reaching safepoint: 20321 ns, Cleanup: 13702 ns, At safepoint: 12304 ns, Total: 46327 ns
[2025-05-12T02:33:15.716+0000][72][info ][safepoint   ] Safepoint "Cleanup", Time since last: 2001432089 ns, Reaching safepoint: 230655 ns, Cleanup: 13540 ns, At safepoint: 108874 ns, Total: 353069 ns
[2025-05-12T02:33:20.778+0000][72][info ][safepoint   ] Safepoint "Cleanup", Time since last: 5061473705 ns, Reaching safepoint: 39026 ns, Cleanup: 16418 ns, At safepoint: 17875 ns, Total: 73319 ns
[2025-05-12T02:33:21.779+0000][72][info ][safepoint   ] Safepoint "Cleanup", Time since last: 1000967538 ns, Reaching safepoint: 33220 ns, Cleanup: 18402 ns, At safepoint: 10632 ns, Total: 62254 ns
[2025-05-12T02:33:23.780+0000][72][info ][safepoint   ] Safepoint "Cleanup", Time since last: 2000738040 ns, Reaching safepoint: 19511 ns, Cleanup: 14506 ns, At safepoint: 7331 ns, Total: 41348 ns
[2025-05-12T02:33:25.254+0000][72][info ][safepoint   ] Safepoint "Cleanup", Time since last: 1474336919 ns, Reaching safepoint: 18308 ns, Cleanup: 33881 ns, At safepoint: 100210 ns, Total: 152399 ns
[2025-05-12T02:33:33.284+0000][72][info ][safepoint   ] Safepoint "Cleanup", Time since last: 8032311604 ns, Reaching safepoint: 64806 ns, Cleanup: 30117 ns, At safepoint: 11244 ns, Total: 106167 ns
[2025-05-12T02:33:34.285+0000][72][info ][safepoint   ] Safepoint "Cleanup", Time since last: 1000638210 ns, Reaching safepoint: 27883 ns, Cleanup: 18373 ns, At safepoint: 11161 ns, Total: 57417 ns
[2025-05-12T02:33:36.034+0000][72][info ][safepoint   ] Safepoint "Cleanup", Time since last: 1749145611 ns, Reaching safepoint: 26576 ns, Cleanup: 20868 ns, At safepoint: 10099 ns, Total: 57543 ns
[2025-05-12T02:33:37.035+0000][72][info ][safepoint   ] Safepoint "Cleanup", Time since last: 1000580722 ns, Reaching safepoint: 40385 ns, Cleanup: 15537 ns, At safepoint: 9487 ns, Total: 65409 ns
[2025-05-12T02:33:38.039+0000][72][info ][safepoint   ] Safepoint "Cleanup", Time since last: 1004815088 ns, Reaching safepoint: 32526 ns, Cleanup: 16589 ns, At safepoint: 9902 ns, Total: 59017 ns
[2025-05-12T02:33:42.041+0000][72][info ][safepoint   ] Safepoint "Cleanup", Time since last: 4000983079 ns, Reaching safepoint: 127431 ns, Cleanup: 49071 ns, At safepoint: 22458 ns, Total: 198960 ns
[2025-05-12T02:33:43.041+0000][72][info ][safepoint   ] Safepoint "Cleanup", Time since last: 1000701508 ns, Reaching safepoint: 27242 ns, Cleanup: 13879 ns, At safepoint: 9789 ns, Total: 50910 ns
[2025-05-12T02:33:52.043+0000][72][info ][safepoint   ] Safepoint "Cleanup", Time since last: 9001466241 ns, Reaching safepoint: 47941 ns, Cleanup: 16244 ns, At safepoint: 8313 ns, Total: 72498 ns
[2025-05-12T02:33:53.044+0000][72][info ][safepoint   ] Safepoint "Cleanup", Time since last: 1000628472 ns, Reaching safepoint: 26015 ns, Cleanup: 15093 ns, At safepoint: 9095 ns, Total: 50203 ns
[2025-05-12T02:33:54.045+0000][72][info ][safepoint   ] Safepoint "Cleanup", Time since last: 1001110980 ns, Reaching safepoint: 21142 ns, Cleanup: 13072 ns, At safepoint: 7453 ns, Total: 41667 ns
[2025-05-12T02:34:04.045+0000][72][info ][safepoint   ] Safepoint "Cleanup", Time since last: 10001889614 ns, Reaching safepoint: 20838 ns, Cleanup: 18045 ns, At safepoint: 7990 ns, Total: 46873 ns
[2025-05-12T02:34:05.045+0000][72][info ][safepoint   ] Safepoint "Cleanup", Time since last: 1000562778 ns, Reaching safepoint: 28006 ns, Cleanup: 15086 ns, At safepoint: 9926 ns, Total: 53018 ns
[2025-05-12T02:34:06.676+0000][72][info ][safepoint   ] Safepoint "Cleanup", Time since last: 1630249333 ns, Reaching safepoint: 16764 ns, Cleanup: 49534 ns, At safepoint: 24835 ns, Total: 91133 ns
[2025-05-12T02:34:08.308+0000][72][info ][safepoint   ] Safepoint "Cleanup", Time since last: 1632579693 ns, Reaching safepoint: 19548 ns, Cleanup: 22779 ns, At safepoint: 7338 ns, Total: 49665 ns
[2025-05-12T02:34:10.330+0000][72][info ][safepoint   ] Safepoint "Cleanup", Time since last: 2021515387 ns, Reaching safepoint: 12846 ns, Cleanup: 9059 ns, At safepoint: 4154 ns, Total: 26059 ns
[2025-05-12T02:34:13.366+0000][72][info ][safepoint   ] Safepoint "Cleanup", Time since last: 3035853889 ns, Reaching safepoint: 25238 ns, Cleanup: 20037 ns, At safepoint: 9394 ns, Total: 54669 ns
[2025-05-12T02:34:16.367+0000][72][info ][safepoint   ] Safepoint "Cleanup", Time since last: 3000949188 ns, Reaching safepoint: 44785 ns, Cleanup: 13504 ns, At safepoint: 8019 ns, Total: 66308 ns
[2025-05-12T02:34:22.810+0000][72][info ][safepoint   ] Safepoint "Cleanup", Time since last: 6443122160 ns, Reaching safepoint: 34133 ns, Cleanup: 16251 ns, At safepoint: 18192 ns, Total: 68576 ns
[2025-05-12T02:34:26.535+0000][72][info ][safepoint   ] Safepoint "Cleanup", Time since last: 3725242669 ns, Reaching safepoint: 2116527 ns, Cleanup: 19257 ns, At safepoint: 92222 ns, Total: 2228006 ns
[2025-05-12T02:34:27.553+0000][72][info ][safepoint   ] Safepoint "Cleanup", Time since last: 1018541140 ns, Reaching safepoint: 30051 ns, Cleanup: 24291 ns, At safepoint: 15549 ns, Total: 69891 ns
[2025-05-12T02:34:29.423+0000][72][info ][safepoint   ] Safepoint "Cleanup", Time since last: 1869110905 ns, Reaching safepoint: 32973 ns, Cleanup: 27796 ns, At safepoint: 16129 ns, Total: 76898 ns
[2025-05-12T02:34:32.424+0000][72][info ][safepoint   ] Safepoint "Cleanup", Time since last: 3000936669 ns, Reaching safepoint: 59448 ns, Cleanup: 15027 ns, At safepoint: 10622 ns, Total: 85097 ns
[2025-05-12T02:34:34.425+0000][72][info ][safepoint   ] Safepoint "Cleanup", Time since last: 2000970226 ns, Reaching safepoint: 38195 ns, Cleanup: 20661 ns, At safepoint: 18978 ns, Total: 77834 ns
[2025-05-12T02:34:36.246+0000][72][info ][safepoint   ] Safepoint "Cleanup", Time since last: 1821147477 ns, Reaching safepoint: 32906 ns, Cleanup: 30746 ns, At safepoint: 16444 ns, Total: 80096 ns
[2025-05-12T02:34:37.247+0000][72][info ][safepoint   ] Safepoint "Cleanup", Time since last: 1000597362 ns, Reaching safepoint: 27003 ns, Cleanup: 14615 ns, At safepoint: 9237 ns, Total: 50855 ns
[2025-05-12T02:34:41.248+0000][72][info ][safepoint   ] Safepoint "Cleanup", Time since last: 4001018310 ns, Reaching safepoint: 20499 ns, Cleanup: 14182 ns, At safepoint: 7632 ns, Total: 42313 ns
[2025-05-12T02:34:52.250+0000][72][info ][safepoint   ] Safepoint "Cleanup", Time since last: 11002228784 ns, Reaching safepoint: 229318 ns, Cleanup: 17334 ns, At safepoint: 19371 ns, Total: 266023 ns
[2025-05-12T02:34:57.250+0000][72][info ][safepoint   ] Safepoint "Cleanup", Time since last: 5001555189 ns, Reaching safepoint: 33511 ns, Cleanup: 14295 ns, At safepoint: 15196 ns, Total: 63002 ns
[2025-05-12T02:35:16.253+0000][72][info ][safepoint   ] Safepoint "Cleanup", Time since last: 19003598163 ns, Reaching safepoint: 88537 ns, Cleanup: 17189 ns, At safepoint: 16820 ns, Total: 122546 ns
[2025-05-12T02:35:30.699+0000][72][info ][safepoint   ] Safepoint "Cleanup", Time since last: 14448420936 ns, Reaching safepoint: 140082 ns, Cleanup: 11490 ns, At safepoint: 42986 ns, Total: 194558 ns
[2025-05-12T02:35:32.490+0000][72][info ][safepoint   ] Safepoint "Cleanup", Time since last: 1790378547 ns, Reaching safepoint: 25106 ns, Cleanup: 19307 ns, At safepoint: 9904 ns, Total: 54317 ns
[2025-05-12T02:35:37.494+0000][72][info ][safepoint   ] Safepoint "Cleanup", Time since last: 5002930610 ns, Reaching safepoint: 404814 ns, Cleanup: 134770 ns, At safepoint: 136771 ns, Total: 676355 ns
[2025-05-12T02:35:41.495+0000][72][info ][safepoint   ] Safepoint "Cleanup", Time since last: 4001450153 ns, Reaching safepoint: 121916 ns, Cleanup: 16560 ns, At safepoint: 55841 ns, Total: 194317 ns
[2025-05-12T02:35:43.496+0000][72][info ][safepoint   ] Safepoint "Cleanup", Time since last: 2000800118 ns, Reaching safepoint: 22749 ns, Cleanup: 12694 ns, At safepoint: 8525 ns, Total: 43968 ns
[2025-05-12T02:35:44.497+0000][72][info ][safepoint   ] Safepoint "Cleanup", Time since last: 1000738019 ns, Reaching safepoint: 29906 ns, Cleanup: 13931 ns, At safepoint: 15462 ns, Total: 59299 ns
[2025-05-12T02:36:04.498+0000][72][info ][safepoint   ] Safepoint "Cleanup", Time since last: 20004167366 ns, Reaching safepoint: 71101 ns, Cleanup: 14615 ns, At safepoint: 30060 ns, Total: 115776 ns
[2025-05-12T02:36:13.500+0000][72][info ][safepoint   ] Safepoint "Cleanup", Time since last: 9002404890 ns, Reaching safepoint: 32689 ns, Cleanup: 15691 ns, At safepoint: 15568 ns, Total: 63948 ns
[2025-05-12T02:36:17.502+0000][72][info ][safepoint   ] Safepoint "Cleanup", Time since last: 4001178250 ns, Reaching safepoint: 28271 ns, Cleanup: 17163 ns, At safepoint: 9241 ns, Total: 54675 ns
[2025-05-12T02:36:18.560+0000][72][info ][safepoint   ] Safepoint "Cleanup", Time since last: 1058342547 ns, Reaching safepoint: 141095 ns, Cleanup: 15376 ns, At safepoint: 40512 ns, Total: 196983 ns
[2025-05-12T02:36:19.710+0000][72][info ][safepoint   ] Safepoint "Cleanup", Time since last: 1149975840 ns, Reaching safepoint: 21099 ns, Cleanup: 26916 ns, At safepoint: 8595 ns, Total: 56610 ns
[2025-05-12T02:36:26.879+0000][72][info ][safepoint   ] Safepoint "Cleanup", Time since last: 7170670039 ns, Reaching safepoint: 39432 ns, Cleanup: 14769 ns, At safepoint: 15952 ns, Total: 70153 ns
[2025-05-12T02:36:33.688+0000][72][info ][safepoint   ] Safepoint "Cleanup", Time since last: 6808808501 ns, Reaching safepoint: 83637 ns, Cleanup: 8848 ns, At safepoint: 24779 ns, Total: 117264 ns
[2025-05-12T02:36:35.538+0000][72][info ][safepoint   ] Safepoint "Cleanup", Time since last: 1849563045 ns, Reaching safepoint: 67652 ns, Cleanup: 22828 ns, At safepoint: 15493 ns, Total: 105973 ns
[2025-05-12T02:36:37.539+0000][72][info ][safepoint   ] Safepoint "Cleanup", Time since last: 2001049130 ns, Reaching safepoint: 103850 ns, Cleanup: 15044 ns, At safepoint: 47179 ns, Total: 166073 ns
[2025-05-12T02:36:41.540+0000][72][info ][safepoint   ] Safepoint "Cleanup", Time since last: 4001364357 ns, Reaching safepoint: 32058 ns, Cleanup: 17421 ns, At safepoint: 73282 ns, Total: 122761 ns
[2025-05-12T02:37:04.543+0000][72][info ][safepoint   ] Safepoint "Cleanup", Time since last: 23005017535 ns, Reaching safepoint: 75839 ns, Cleanup: 18091 ns, At safepoint: 15542 ns, Total: 109472 ns
[2025-05-12T02:37:13.545+0000][72][info ][safepoint   ] Safepoint "Cleanup", Time since last: 9001996699 ns, Reaching safepoint: 32874 ns, Cleanup: 14239 ns, At safepoint: 15174 ns, Total: 62287 ns
[2025-05-12T02:37:21.921+0000][72][info ][safepoint   ] Safepoint "Cleanup", Time since last: 8375513982 ns, Reaching safepoint: 46919 ns, Cleanup: 25895 ns, At safepoint: 9802 ns, Total: 82616 ns
[2025-05-12T02:37:36.667+0000][72][info ][safepoint   ] Safepoint "Cleanup", Time since last: 14748589813 ns, Reaching safepoint: 7321 ns, Cleanup: 8858 ns, At safepoint: 21134 ns, Total: 37313 ns
[2025-05-12T02:37:38.574+0000][72][info ][safepoint   ] Safepoint "Cleanup", Time since last: 1907175001 ns, Reaching safepoint: 18911 ns, Cleanup: 18640 ns, At safepoint: 6765 ns, Total: 44316 ns
[2025-05-12T02:37:41.575+0000][72][info ][safepoint   ] Safepoint "Cleanup", Time since last: 3000944141 ns, Reaching safepoint: 31621 ns, Cleanup: 22641 ns, At safepoint: 15692 ns, Total: 69954 ns
[2025-05-12T02:37:44.576+0000][72][info ][safepoint   ] Safepoint "Cleanup", Time since last: 3001003271 ns, Reaching safepoint: 26017 ns, Cleanup: 13417 ns, At safepoint: 9146 ns, Total: 48580 ns
[2025-05-12T02:37:47.450+0000][72][info ][safepoint   ] Safepoint "Cleanup", Time since last: 2874249954 ns, Reaching safepoint: 86590 ns, Cleanup: 6257 ns, At safepoint: 27407 ns, Total: 120254 ns
[2025-05-12T02:37:48.495+0000][72][info ][safepoint   ] Safepoint "Cleanup", Time since last: 1044188992 ns, Reaching safepoint: 29287 ns, Cleanup: 16776 ns, At safepoint: 11262 ns, Total: 57325 ns
[2025-05-12T02:38:09.495+0000][72][info ][safepoint   ] Safepoint "Cleanup", Time since last: 21004497016 ns, Reaching safepoint: 58685 ns, Cleanup: 14570 ns, At safepoint: 7469 ns, Total: 80724 ns
[2025-05-12T02:38:11.496+0000][72][info ][safepoint   ] Safepoint "Cleanup", Time since last: 2001493305 ns, Reaching safepoint: 32184 ns, Cleanup: 16088 ns, At safepoint: 15072 ns, Total: 63344 ns
[2025-05-12T02:38:15.498+0000][72][info ][safepoint   ] Safepoint "Cleanup", Time since last: 4001381284 ns, Reaching safepoint: 31657 ns, Cleanup: 15075 ns, At safepoint: 14911 ns, Total: 61643 ns
[2025-05-12T02:38:18.499+0000][72][info ][safepoint   ] Safepoint "Cleanup", Time since last: 3001140584 ns, Reaching safepoint: 34439 ns, Cleanup: 19567 ns, At safepoint: 59907 ns, Total: 113913 ns
[2025-05-12T02:38:26.957+0000][72][info ][safepoint   ] Safepoint "Cleanup", Time since last: 8460783323 ns, Reaching safepoint: 63189 ns, Cleanup: 14550 ns, At safepoint: 7733 ns, Total: 85472 ns
[2025-05-12T02:38:40.615+0000][72][info ][safepoint   ] Safepoint "Cleanup", Time since last: 13657724518 ns, Reaching safepoint: 23255 ns, Cleanup: 11934 ns, At safepoint: 69415 ns, Total: 104604 ns
[2025-05-12T02:38:41.616+0000][72][info ][safepoint   ] Safepoint "Cleanup", Time since last: 1001542771 ns, Reaching safepoint: 28789 ns, Cleanup: 17106 ns, At safepoint: 11198 ns, Total: 57093 ns
[2025-05-12T02:38:42.617+0000][72][info ][safepoint   ] Safepoint "Cleanup", Time since last: 1000718602 ns, Reaching safepoint: 32025 ns, Cleanup: 14826 ns, At safepoint: 16411 ns, Total: 63262 ns
[2025-05-12T02:39:09.647+0000][72][info ][safepoint   ] Safepoint "Cleanup", Time since last: 27032510520 ns, Reaching safepoint: 184077 ns, Cleanup: 10137 ns, At safepoint: 37551 ns, Total: 231765 ns
[2025-05-12T02:39:11.639+0000][72][info ][safepoint   ] Safepoint "Cleanup", Time since last: 1992036806 ns, Reaching safepoint: 20284 ns, Cleanup: 14764 ns, At safepoint: 8399 ns, Total: 43447 ns
[2025-05-12T02:39:12.642+0000][72][info ][safepoint   ] Safepoint "Cleanup", Time since last: 1002832850 ns, Reaching safepoint: 248386 ns, Cleanup: 18890 ns, At safepoint: 100436 ns, Total: 367712 ns
[2025-05-12T02:39:13.673+0000][72][info ][safepoint   ] Safepoint "Cleanup", Time since last: 1030184342 ns, Reaching safepoint: 271683 ns, Cleanup: 10759 ns, At safepoint: 41379 ns, Total: 323821 ns
[2025-05-12T02:39:21.995+0000][72][info ][safepoint   ] Safepoint "Cleanup", Time since last: 8322038741 ns, Reaching safepoint: 32410 ns, Cleanup: 17427 ns, At safepoint: 15476 ns, Total: 65313 ns
[2025-05-12T02:39:26.530+0000][72][info ][safepoint   ] Safepoint "Cleanup", Time since last: 4538481513 ns, Reaching safepoint: 11548 ns, Cleanup: 8454 ns, At safepoint: 24226 ns, Total: 44228 ns
[2025-05-12T02:39:42.646+0000][72][info ][safepoint   ] Safepoint "Cleanup", Time since last: 16115962700 ns, Reaching safepoint: 65430 ns, Cleanup: 11953 ns, At safepoint: 8302 ns, Total: 85685 ns
[2025-05-12T02:40:27.027+0000][72][info ][safepoint   ] Safepoint "Cleanup", Time since last: 44387132805 ns, Reaching safepoint: 79478 ns, Cleanup: 16317 ns, At safepoint: 31528 ns, Total: 127323 ns
[2025-05-12T02:40:31.028+0000][72][info ][safepoint   ] Safepoint "Cleanup", Time since last: 4001251556 ns, Reaching safepoint: 33469 ns, Cleanup: 15337 ns, At safepoint: 15978 ns, Total: 64784 ns
[2025-05-12T02:40:37.030+0000][72][info ][safepoint   ] Safepoint "Cleanup", Time since last: 6001571310 ns, Reaching safepoint: 21768 ns, Cleanup: 12770 ns, At safepoint: 7863 ns, Total: 42401 ns
[2025-05-12T02:40:42.031+0000][72][info ][safepoint   ] Safepoint "Cleanup", Time since last: 5001500450 ns, Reaching safepoint: 48670 ns, Cleanup: 13360 ns, At safepoint: 7529 ns, Total: 69559 ns
[2025-05-12T02:40:45.666+0000][72][info ][safepoint   ] Safepoint "Cleanup", Time since last: 3634268768 ns, Reaching safepoint: 32732 ns, Cleanup: 12442 ns, At safepoint: 76061 ns, Total: 121235 ns
[2025-05-12T02:40:46.797+0000][72][info ][safepoint   ] Safepoint "Cleanup", Time since last: 1130931616 ns, Reaching safepoint: 31291 ns, Cleanup: 14349 ns, At safepoint: 14533 ns, Total: 60173 ns
[2025-05-12T02:40:54.810+0000][72][info ][safepoint   ] Safepoint "Cleanup", Time since last: 8013631885 ns, Reaching safepoint: 31584 ns, Cleanup: 15228 ns, At safepoint: 15195 ns, Total: 62007 ns
[2025-05-12T02:40:57.809+0000][72][info ][safepoint   ] Safepoint "Cleanup", Time since last: 3001118606 ns, Reaching safepoint: 62481 ns, Cleanup: 18440 ns, At safepoint: 13943 ns, Total: 94864 ns
[2025-05-12T02:41:28.061+0000][72][info ][safepoint   ] Safepoint "Cleanup", Time since last: 30256041515 ns, Reaching safepoint: 154883 ns, Cleanup: 21703 ns, At safepoint: 18748 ns, Total: 195334 ns
[2025-05-12T02:41:36.830+0000][72][info ][safepoint   ] Safepoint "Cleanup", Time since last: 8768753350 ns, Reaching safepoint: 39542 ns, Cleanup: 23373 ns, At safepoint: 21744 ns, Total: 84659 ns
[2025-05-12T02:41:41.942+0000][72][info ][safepoint   ] Safepoint "Cleanup", Time since last: 5111816519 ns, Reaching safepoint: 90833 ns, Cleanup: 17378 ns, At safepoint: 17618 ns, Total: 125829 ns
[2025-05-12T02:41:48.673+0000][72][info ][safepoint   ] Safepoint "Cleanup", Time since last: 6730587921 ns, Reaching safepoint: 17481 ns, Cleanup: 13528 ns, At safepoint: 21033 ns, Total: 52042 ns
[2025-05-12T02:41:49.867+0000][72][info ][safepoint   ] Safepoint "Cleanup", Time since last: 1193262320 ns, Reaching safepoint: 448424 ns, Cleanup: 21293 ns, At safepoint: 168684 ns, Total: 638401 ns
[2025-05-12T02:41:50.891+0000][72][info ][safepoint   ] Safepoint "Cleanup", Time since last: 1023722180 ns, Reaching safepoint: 348829 ns, Cleanup: 32617 ns, At safepoint: 125849 ns, Total: 507295 ns
[2025-05-12T02:41:51.892+0000][72][info ][safepoint   ] Safepoint "Cleanup", Time since last: 1000735339 ns, Reaching safepoint: 32650 ns, Cleanup: 15588 ns, At safepoint: 16028 ns, Total: 64266 ns
[2025-05-12T02:42:00.891+0000][72][info ][safepoint   ] Safepoint "Cleanup", Time since last: 9001940195 ns, Reaching safepoint: 92855 ns, Cleanup: 19081 ns, At safepoint: 19516 ns, Total: 131452 ns
[2025-05-12T02:42:01.892+0000][72][info ][safepoint   ] Safepoint "Cleanup", Time since last: 1000752925 ns, Reaching safepoint: 41189 ns, Cleanup: 19624 ns, At safepoint: 17749 ns, Total: 78562 ns
[2025-05-12T02:42:02.893+0000][72][info ][safepoint   ] Safepoint "Cleanup", Time since last: 1001288246 ns, Reaching safepoint: 181949 ns, Cleanup: 18017 ns, At safepoint: 20743 ns, Total: 220709 ns
[2025-05-12T02:42:07.895+0000][72][info ][safepoint   ] Safepoint "Cleanup", Time since last: 5001334086 ns, Reaching safepoint: 29695 ns, Cleanup: 12442 ns, At safepoint: 8124 ns, Total: 50261 ns
[2025-05-12T02:42:09.896+0000][72][info ][safepoint   ] Safepoint "Cleanup", Time since last: 2000860857 ns, Reaching safepoint: 41983 ns, Cleanup: 21797 ns, At safepoint: 72163 ns, Total: 135943 ns
[2025-05-12T02:42:10.897+0000][72][info ][safepoint   ] Safepoint "Cleanup", Time since last: 1000809586 ns, Reaching safepoint: 132364 ns, Cleanup: 16947 ns, At safepoint: 30615 ns, Total: 179926 ns
[2025-05-12T02:42:16.898+0000][72][info ][safepoint   ] Safepoint "Cleanup", Time since last: 6001565914 ns, Reaching safepoint: 59569 ns, Cleanup: 13874 ns, At safepoint: 10331 ns, Total: 83774 ns
[2025-05-12T02:42:26.095+0000][72][info ][safepoint   ] Safepoint "Cleanup", Time since last: 9196947936 ns, Reaching safepoint: 36455 ns, Cleanup: 15838 ns, At safepoint: 17365 ns, Total: 69658 ns
[2025-05-12T02:42:27.094+0000][72][info ][safepoint   ] Safepoint "Cleanup", Time since last: 1000929891 ns, Reaching safepoint: 37218 ns, Cleanup: 19679 ns, At safepoint: 17732 ns, Total: 74629 ns
[2025-05-12T02:42:34.096+0000][72][info ][safepoint   ] Safepoint "Cleanup", Time since last: 7002093260 ns, Reaching safepoint: 75021 ns, Cleanup: 16941 ns, At safepoint: 17580 ns, Total: 109542 ns
[2025-05-12T02:42:51.926+0000][72][info ][safepoint   ] Safepoint "Cleanup", Time since last: 17830264995 ns, Reaching safepoint: 18615 ns, Cleanup: 21680 ns, At safepoint: 139995 ns, Total: 180290 ns
[2025-05-12T02:43:03.952+0000][72][info ][safepoint   ] Safepoint "Cleanup", Time since last: 12029257889 ns, Reaching safepoint: 34352 ns, Cleanup: 15933 ns, At safepoint: 11911 ns, Total: 62196 ns
[2025-05-12T02:43:11.954+0000][72][info ][safepoint   ] Safepoint "Cleanup", Time since last: 8002080562 ns, Reaching safepoint: 35376 ns, Cleanup: 16109 ns, At safepoint: 16587 ns, Total: 68072 ns
[2025-05-12T02:43:15.955+0000][72][info ][safepoint   ] Safepoint "Cleanup", Time since last: 4001225772 ns, Reaching safepoint: 66019 ns, Cleanup: 14377 ns, At safepoint: 14680 ns, Total: 95076 ns
[2025-05-12T02:43:32.130+0000][72][info ][safepoint   ] Safepoint "Cleanup", Time since last: 16177768253 ns, Reaching safepoint: 68760 ns, Cleanup: 16594 ns, At safepoint: 15762 ns, Total: 101116 ns
[2025-05-12T02:43:51.667+0000][72][info ][safepoint   ] Safepoint "Cleanup", Time since last: 19536516933 ns, Reaching safepoint: 85306 ns, Cleanup: 6918 ns, At safepoint: 25763 ns, Total: 117987 ns
[2025-05-12T02:43:52.979+0000][72][info ][safepoint   ] Safepoint "Cleanup", Time since last: 1312003334 ns, Reaching safepoint: 36839 ns, Cleanup: 35713 ns, At safepoint: 17899 ns, Total: 90451 ns
[2025-05-12T02:43:54.655+0000][72][info ][safepoint   ] Safepoint "Cleanup", Time since last: 1675292859 ns, Reaching safepoint: 16886 ns, Cleanup: 16799 ns, At safepoint: 64708 ns, Total: 98393 ns
[2025-05-12T02:43:55.999+0000][72][info ][safepoint   ] Safepoint "Cleanup", Time since last: 1343903351 ns, Reaching safepoint: 30747 ns, Cleanup: 18500 ns, At safepoint: 14184 ns, Total: 63431 ns
[2025-05-12T02:43:57.014+0000][72][info ][safepoint   ] Safepoint "Cleanup", Time since last: 1018326964 ns, Reaching safepoint: 31577 ns, Cleanup: 18582 ns, At safepoint: 14236 ns, Total: 64395 ns
[2025-05-12T02:43:58.015+0000][72][info ][safepoint   ] Safepoint "Cleanup", Time since last: 1000767983 ns, Reaching safepoint: 33664 ns, Cleanup: 18184 ns, At safepoint: 15214 ns, Total: 67062 ns
[2025-05-12T02:44:00.645+0000][72][info ][safepoint   ] Safepoint "Cleanup", Time since last: 2630630404 ns, Reaching safepoint: 169356 ns, Cleanup: 11337 ns, At safepoint: 40994 ns, Total: 221687 ns
[2025-05-12T02:44:02.040+0000][72][info ][safepoint   ] Safepoint "Cleanup", Time since last: 1395030522 ns, Reaching safepoint: 31762 ns, Cleanup: 17418 ns, At safepoint: 14641 ns, Total: 63821 ns
[2025-05-12T02:44:12.647+0000][72][info ][safepoint   ] Safepoint "Cleanup", Time since last: 10606660556 ns, Reaching safepoint: 33774 ns, Cleanup: 13243 ns, At safepoint: 71809 ns, Total: 118826 ns
[2025-05-12T02:44:15.630+0000][72][info ][safepoint   ] Safepoint "Cleanup", Time since last: 2983188730 ns, Reaching safepoint: 18696 ns, Cleanup: 7629 ns, At safepoint: 12774 ns, Total: 39099 ns
[2025-05-12T02:44:17.098+0000][72][info ][safepoint   ] Safepoint "Cleanup", Time since last: 1467425653 ns, Reaching safepoint: 25886 ns, Cleanup: 22408 ns, At safepoint: 9583 ns, Total: 57877 ns
[2025-05-12T02:44:18.141+0000][72][info ][safepoint   ] Safepoint "Cleanup", Time since last: 1042536915 ns, Reaching safepoint: 12106 ns, Cleanup: 16095 ns, At safepoint: 18393 ns, Total: 46594 ns
[2025-05-12T02:44:19.149+0000][72][info ][safepoint   ] Safepoint "Cleanup", Time since last: 1008804990 ns, Reaching safepoint: 48547 ns, Cleanup: 22033 ns, At safepoint: 17463 ns, Total: 88043 ns
[2025-05-12T02:44:22.170+0000][72][info ][safepoint   ] Safepoint "Cleanup", Time since last: 3020512264 ns, Reaching safepoint: 32582 ns, Cleanup: 17011 ns, At safepoint: 14881 ns, Total: 64474 ns
[2025-05-12T02:44:26.538+0000][72][info ][safepoint   ] Safepoint "Cleanup", Time since last: 4370155702 ns, Reaching safepoint: 274016 ns, Cleanup: 12517 ns, At safepoint: 154801 ns, Total: 441334 ns
[2025-05-12T02:44:28.262+0000][72][info ][safepoint   ] Safepoint "Cleanup", Time since last: 1724701247 ns, Reaching safepoint: 35374 ns, Cleanup: 17069 ns, At safepoint: 17943 ns, Total: 70386 ns
[2025-05-12T02:44:37.265+0000][72][info ][safepoint   ] Safepoint "Cleanup", Time since last: 9001949136 ns, Reaching safepoint: 114249 ns, Cleanup: 12735 ns, At safepoint: 50067 ns, Total: 177051 ns
[2025-05-12T02:44:41.266+0000][72][info ][safepoint   ] Safepoint "Cleanup", Time since last: 4001486844 ns, Reaching safepoint: 31334 ns, Cleanup: 20501 ns, At safepoint: 15027 ns, Total: 66862 ns
[2025-05-12T02:44:58.168+0000][72][info ][safepoint   ] Safepoint "Cleanup", Time since last: 16905494839 ns, Reaching safepoint: 38557 ns, Cleanup: 13629 ns, At safepoint: 89414 ns, Total: 141600 ns
[2025-05-12T02:44:59.186+0000][72][info ][safepoint   ] Safepoint "Cleanup", Time since last: 1017735010 ns, Reaching safepoint: 21177 ns, Cleanup: 29620 ns, At safepoint: 79478 ns, Total: 130275 ns
[2025-05-12T02:45:02.191+0000][72][info ][safepoint   ] Safepoint "Cleanup", Time since last: 3004687176 ns, Reaching safepoint: 55537 ns, Cleanup: 13814 ns, At safepoint: 11576 ns, Total: 80927 ns
[2025-05-12T02:45:04.206+0000][72][info ][safepoint   ] Safepoint "Cleanup", Time since last: 2015493357 ns, Reaching safepoint: 26063 ns, Cleanup: 15503 ns, At safepoint: 9928 ns, Total: 51494 ns
[2025-05-12T02:45:31.426+0000][72][info ][safepoint   ] Safepoint "Cleanup", Time since last: 27221661724 ns, Reaching safepoint: 21008 ns, Cleanup: 19355 ns, At safepoint: 88775 ns, Total: 129138 ns
[2025-05-12T02:45:32.482+0000][72][info ][safepoint   ] Safepoint "Cleanup", Time since last: 1056316725 ns, Reaching safepoint: 133473 ns, Cleanup: 22587 ns, At safepoint: 21033 ns, Total: 177093 ns
[2025-05-12T02:45:34.483+0000][72][info ][safepoint   ] Safepoint "Cleanup", Time since last: 2001128014 ns, Reaching safepoint: 39525 ns, Cleanup: 90217 ns, At safepoint: 22750 ns, Total: 152492 ns
[2025-05-12T02:45:37.485+0000][72][info ][safepoint   ] Safepoint "Cleanup", Time since last: 3001165944 ns, Reaching safepoint: 25576 ns, Cleanup: 14628 ns, At safepoint: 9691 ns, Total: 49895 ns
[2025-05-12T02:45:41.486+0000][72][info ][safepoint   ] Safepoint "Cleanup", Time since last: 4000936358 ns, Reaching safepoint: 18460 ns, Cleanup: 12375 ns, At safepoint: 7703 ns, Total: 38538 ns
[2025-05-12T02:45:47.487+0000][72][info ][safepoint   ] Safepoint "Cleanup", Time since last: 6001246241 ns, Reaching safepoint: 133177 ns, Cleanup: 17472 ns, At safepoint: 16412 ns, Total: 167061 ns
[2025-05-12T02:45:55.489+0000][72][info ][safepoint   ] Safepoint "Cleanup", Time since last: 8001888350 ns, Reaching safepoint: 89800 ns, Cleanup: 18908 ns, At safepoint: 12281 ns, Total: 120989 ns
[2025-05-12T02:45:57.487+0000][72][info ][safepoint   ] Safepoint "Cleanup", Time since last: 2000903755 ns, Reaching safepoint: 174252 ns, Cleanup: 15743 ns, At safepoint: 130673 ns, Total: 320668 ns
[2025-05-12T02:45:58.488+0000][72][info ][safepoint   ] Safepoint "Cleanup", Time since last: 1000703186 ns, Reaching safepoint: 35153 ns, Cleanup: 25558 ns, At safepoint: 16179 ns, Total: 76890 ns
[2025-05-12T02:46:01.208+0000][72][info ][safepoint   ] Safepoint "Cleanup", Time since last: 2720029609 ns, Reaching safepoint: 17760 ns, Cleanup: 19705 ns, At safepoint: 95021 ns, Total: 132486 ns
[2025-05-12T02:46:04.218+0000][72][info ][safepoint   ] Safepoint "Cleanup", Time since last: 3009681262 ns, Reaching safepoint: 78496 ns, Cleanup: 18303 ns, At safepoint: 19929 ns, Total: 116728 ns
[2025-05-12T02:46:06.219+0000][72][info ][safepoint   ] Safepoint "Cleanup", Time since last: 2000880494 ns, Reaching safepoint: 386097 ns, Cleanup: 16714 ns, At safepoint: 23995 ns, Total: 426806 ns
[2025-05-12T02:46:13.221+0000][72][info ][safepoint   ] Safepoint "Cleanup", Time since last: 7001761543 ns, Reaching safepoint: 23924 ns, Cleanup: 15033 ns, At safepoint: 8800 ns, Total: 47757 ns
[2025-05-12T02:46:26.241+0000][72][info ][safepoint   ] Safepoint "Cleanup", Time since last: 13019463223 ns, Reaching safepoint: 85988 ns, Cleanup: 14863 ns, At safepoint: 12282 ns, Total: 113133 ns
[2025-05-12T02:46:30.239+0000][72][info ][safepoint   ] Safepoint "Cleanup", Time since last: 4001378057 ns, Reaching safepoint: 49154 ns, Cleanup: 22506 ns, At safepoint: 19082 ns, Total: 90742 ns
[2025-05-12T02:46:31.240+0000][72][info ][safepoint   ] Safepoint "Cleanup", Time since last: 1000847670 ns, Reaching safepoint: 35039 ns, Cleanup: 18706 ns, At safepoint: 16454 ns, Total: 70199 ns
[2025-05-12T02:46:32.838+0000][72][info ][safepoint   ] Safepoint "Cleanup", Time since last: 1597455272 ns, Reaching safepoint: 37920 ns, Cleanup: 31361 ns, At safepoint: 19984 ns, Total: 89265 ns
[2025-05-12T02:46:38.840+0000][72][info ][safepoint   ] Safepoint "Cleanup", Time since last: 6001694989 ns, Reaching safepoint: 42090 ns, Cleanup: 17745 ns, At safepoint: 18508 ns, Total: 78343 ns
[2025-05-12T02:46:41.841+0000][72][info ][safepoint   ] Safepoint "Cleanup", Time since last: 3000898599 ns, Reaching safepoint: 35197 ns, Cleanup: 16511 ns, At safepoint: 11711 ns, Total: 63419 ns
[2025-05-12T02:46:51.843+0000][72][info ][safepoint   ] Safepoint "Cleanup", Time since last: 10002150747 ns, Reaching safepoint: 71446 ns, Cleanup: 15329 ns, At safepoint: 12271 ns, Total: 99046 ns
[2025-05-12T02:46:52.845+0000][72][info ][safepoint   ] Safepoint "Cleanup", Time since last: 1001568647 ns, Reaching safepoint: 40175 ns, Cleanup: 19950 ns, At safepoint: 20198 ns, Total: 80323 ns
[2025-05-12T02:46:55.847+0000][72][info ][safepoint   ] Safepoint "Cleanup", Time since last: 3002756952 ns, Reaching safepoint: 25394 ns, Cleanup: 16966 ns, At safepoint: 8991 ns, Total: 51351 ns
[2025-05-12T02:46:57.845+0000][72][info ][safepoint   ] Safepoint "Cleanup", Time since last: 2000727541 ns, Reaching safepoint: 26609 ns, Cleanup: 15564 ns, At safepoint: 10516 ns, Total: 52689 ns
[2025-05-12T02:46:59.846+0000][72][info ][safepoint   ] Safepoint "Cleanup", Time since last: 2000840254 ns, Reaching safepoint: 37238 ns, Cleanup: 16614 ns, At safepoint: 16543 ns, Total: 70395 ns
[2025-05-12T02:47:02.848+0000][72][info ][safepoint   ] Safepoint "Cleanup", Time since last: 3001321181 ns, Reaching safepoint: 28166 ns, Cleanup: 18621 ns, At safepoint: 11016 ns, Total: 57803 ns
[2025-05-12T02:47:04.248+0000][72][info ][safepoint   ] Safepoint "Cleanup", Time since last: 1400166616 ns, Reaching safepoint: 23632 ns, Cleanup: 44942 ns, At safepoint: 20433 ns, Total: 89007 ns
[2025-05-12T02:47:11.271+0000][72][info ][safepoint   ] Safepoint "Cleanup", Time since last: 7023401960 ns, Reaching safepoint: 33982 ns, Cleanup: 17323 ns, At safepoint: 16051 ns, Total: 67356 ns
[2025-05-12T02:47:13.272+0000][72][info ][safepoint   ] Safepoint "Cleanup", Time since last: 2000863370 ns, Reaching safepoint: 27715 ns, Cleanup: 14867 ns, At safepoint: 10001 ns, Total: 52583 ns
[2025-05-12T02:47:14.273+0000][72][info ][safepoint   ] Safepoint "Cleanup", Time since last: 1001132299 ns, Reaching safepoint: 32325 ns, Cleanup: 23212 ns, At safepoint: 16099 ns, Total: 71636 ns
[2025-05-12T02:47:16.275+0000][72][info ][safepoint   ] Safepoint "Cleanup", Time since last: 2001242589 ns, Reaching safepoint: 103035 ns, Cleanup: 20169 ns, At safepoint: 79990 ns, Total: 203194 ns
[2025-05-12T02:47:19.276+0000][72][info ][safepoint   ] Safepoint "Cleanup", Time since last: 3001043571 ns, Reaching safepoint: 53801 ns, Cleanup: 12466 ns, At safepoint: 10990 ns, Total: 77257 ns
[2025-05-12T02:47:24.353+0000][72][info ][safepoint   ] Safepoint "Cleanup", Time since last: 5076872439 ns, Reaching safepoint: 27737 ns, Cleanup: 15138 ns, At safepoint: 9732 ns, Total: 52607 ns
[2025-05-12T02:47:25.354+0000][72][info ][safepoint   ] Safepoint "Cleanup", Time since last: 1000721456 ns, Reaching safepoint: 32497 ns, Cleanup: 18071 ns, At safepoint: 15388 ns, Total: 65956 ns
[2025-05-12T02:47:27.352+0000][72][info ][safepoint   ] Safepoint "Cleanup", Time since last: 2000853209 ns, Reaching safepoint: 32513 ns, Cleanup: 20165 ns, At safepoint: 16505 ns, Total: 69183 ns
[2025-05-12T02:47:31.353+0000][72][info ][safepoint   ] Safepoint "Cleanup", Time since last: 4001121409 ns, Reaching safepoint: 33845 ns, Cleanup: 19611 ns, At safepoint: 16609 ns, Total: 70065 ns
[2025-05-12T02:47:35.988+0000][72][info ][safepoint   ] Safepoint "Cleanup", Time since last: 4635028229 ns, Reaching safepoint: 82979 ns, Cleanup: 18407 ns, At safepoint: 35394 ns, Total: 136780 ns
[2025-05-12T02:47:41.995+0000][72][info ][safepoint   ] Safepoint "Cleanup", Time since last: 6006633659 ns, Reaching safepoint: 35935 ns, Cleanup: 18541 ns, At safepoint: 16897 ns, Total: 71373 ns
[2025-05-12T02:47:42.998+0000][72][info ][safepoint   ] Safepoint "Cleanup", Time since last: 1003368290 ns, Reaching safepoint: 28879 ns, Cleanup: 16194 ns, At safepoint: 10964 ns, Total: 56037 ns
[2025-05-12T02:47:45.000+0000][72][info ][safepoint   ] Safepoint "Cleanup", Time since last: 2001694163 ns, Reaching safepoint: 29815 ns, Cleanup: 14435 ns, At safepoint: 10714 ns, Total: 54964 ns
[2025-05-12T02:47:49.001+0000][72][info ][safepoint   ] Safepoint "Cleanup", Time since last: 4001011693 ns, Reaching safepoint: 24474 ns, Cleanup: 8619 ns, At safepoint: 28709 ns, Total: 61802 ns
[2025-05-12T02:47:52.003+0000][72][info ][safepoint   ] Safepoint "Cleanup", Time since last: 3001387772 ns, Reaching safepoint: 25876 ns, Cleanup: 14059 ns, At safepoint: 39612 ns, Total: 79547 ns
[2025-05-12T02:48:07.286+0000][72][info ][safepoint   ] Safepoint "Cleanup", Time since last: 15286355251 ns, Reaching safepoint: 13866 ns, Cleanup: 10595 ns, At safepoint: 4936 ns, Total: 29397 ns
[2025-05-12T02:48:08.316+0000][72][info ][safepoint   ] Safepoint "Cleanup", Time since last: 1029694673 ns, Reaching safepoint: 25838 ns, Cleanup: 14195 ns, At safepoint: 10386 ns, Total: 50419 ns
[2025-05-12T02:48:34.167+0000][72][info ][safepoint   ] Safepoint "Cleanup", Time since last: 25854466702 ns, Reaching safepoint: 40980 ns, Cleanup: 15852 ns, At safepoint: 16033 ns, Total: 72865 ns
[2025-05-12T02:48:37.169+0000][72][info ][safepoint   ] Safepoint "Cleanup", Time since last: 3001951195 ns, Reaching safepoint: 24843 ns, Cleanup: 14390 ns, At safepoint: 9546 ns, Total: 48779 ns
[2025-05-12T02:48:41.171+0000][72][info ][safepoint   ] Safepoint "Cleanup", Time since last: 4001568579 ns, Reaching safepoint: 56699 ns, Cleanup: 21466 ns, At safepoint: 83022 ns, Total: 161187 ns
[2025-05-12T02:49:03.171+0000][72][info ][safepoint   ] Safepoint "Cleanup", Time since last: 22003541887 ns, Reaching safepoint: 108023 ns, Cleanup: 45125 ns, At safepoint: 9726 ns, Total: 162874 ns
[2025-05-12T02:49:07.173+0000][72][info ][safepoint   ] Safepoint "Cleanup", Time since last: 4001199509 ns, Reaching safepoint: 63901 ns, Cleanup: 18257 ns, At safepoint: 10686 ns, Total: 92844 ns
[2025-05-12T02:49:09.174+0000][72][info ][safepoint   ] Safepoint "Cleanup", Time since last: 2000918924 ns, Reaching safepoint: 37014 ns, Cleanup: 16581 ns, At safepoint: 18138 ns, Total: 71733 ns
[2025-05-12T02:49:10.334+0000][72][info ][safepoint   ] Safepoint "Cleanup", Time since last: 1160712770 ns, Reaching safepoint: 6855 ns, Cleanup: 7945 ns, At safepoint: 2754 ns, Total: 17554 ns
[2025-05-12T02:49:15.639+0000][72][info ][safepoint   ] Safepoint "Cleanup", Time since last: 5304960768 ns, Reaching safepoint: 13372 ns, Cleanup: 13497 ns, At safepoint: 17990 ns, Total: 44859 ns
[2025-05-12T02:49:17.373+0000][72][info ][safepoint   ] Safepoint "Cleanup", Time since last: 1733051591 ns, Reaching safepoint: 27505 ns, Cleanup: 13009 ns, At safepoint: 10036 ns, Total: 50550 ns
[2025-05-12T02:49:18.638+0000][72][info ][safepoint   ] Safepoint "Cleanup", Time since last: 1264971614 ns, Reaching safepoint: 7156 ns, Cleanup: 9409 ns, At safepoint: 11761 ns, Total: 28326 ns
[2025-05-12T02:49:22.425+0000][72][info ][safepoint   ] Safepoint "Cleanup", Time since last: 3787657417 ns, Reaching safepoint: 46447 ns, Cleanup: 13621 ns, At safepoint: 7889 ns, Total: 67957 ns
[2025-05-12T02:49:23.427+0000][72][info ][safepoint   ] Safepoint "Cleanup", Time since last: 1001269812 ns, Reaching safepoint: 108773 ns, Cleanup: 11174 ns, At safepoint: 91152 ns, Total: 211099 ns
[2025-05-12T02:49:32.397+0000][72][info ][safepoint   ] Safepoint "Cleanup", Time since last: 8973508997 ns, Reaching safepoint: 35902 ns, Cleanup: 15097 ns, At safepoint: 76208 ns, Total: 127207 ns
[2025-05-12T02:49:33.768+0000][72][info ][safepoint   ] Safepoint "Cleanup", Time since last: 1371336190 ns, Reaching safepoint: 33183 ns, Cleanup: 28364 ns, At safepoint: 17323 ns, Total: 78870 ns
[2025-05-12T02:49:50.771+0000][72][info ][safepoint   ] Safepoint "Cleanup", Time since last: 17002669083 ns, Reaching safepoint: 94526 ns, Cleanup: 17031 ns, At safepoint: 13144 ns, Total: 124701 ns
[2025-05-12T02:49:59.771+0000][72][info ][safepoint   ] Safepoint "Cleanup", Time since last: 9001649536 ns, Reaching safepoint: 28019 ns, Cleanup: 15455 ns, At safepoint: 9632 ns, Total: 53106 ns
[2025-05-12T02:50:02.772+0000][72][info ][safepoint   ] Safepoint "Cleanup", Time since last: 3000975160 ns, Reaching safepoint: 26192 ns, Cleanup: 13137 ns, At safepoint: 10054 ns, Total: 49383 ns
[2025-05-12T02:50:12.641+0000][72][info ][safepoint   ] Safepoint "Cleanup", Time since last: 9867441501 ns, Reaching safepoint: 2183431 ns, Cleanup: 23283 ns, At safepoint: 112566 ns, Total: 2319280 ns
[2025-05-12T02:50:14.485+0000][72][info ][safepoint   ] Safepoint "Cleanup", Time since last: 1842841742 ns, Reaching safepoint: 166243 ns, Cleanup: 92494 ns, At safepoint: 175814 ns, Total: 434551 ns
[2025-05-12T02:50:24.604+0000][72][info ][gc,start    ] GC(19) Pause Young (Prepare Mixed) (G1 Evacuation Pause)
[2025-05-12T02:50:24.610+0000][72][info ][gc,task     ] GC(19) Using 10 workers of 10 for evacuation
[2025-05-12T02:50:24.612+0000][72][debug][gc,age      ] GC(19) Desired survivor size 153092096 bytes, new threshold 15 (max threshold 15)
[2025-05-12T02:50:24.876+0000][72][info ][gc,mmu      ] GC(19) MMU target violated: 201.0ms (200.0ms/201.0ms)
[2025-05-12T02:50:24.878+0000][72][info ][gc,phases   ] GC(19)   Pre Evacuate Collection Set: 17.99ms
[2025-05-12T02:50:24.878+0000][72][info ][gc,phases   ] GC(19)   Merge Heap Roots: 5.98ms
[2025-05-12T02:50:24.878+0000][72][info ][gc,phases   ] GC(19)   Evacuate Collection Set: 209.35ms
[2025-05-12T02:50:24.879+0000][72][info ][gc,phases   ] GC(19)   Post Evacuate Collection Set: 24.50ms
[2025-05-12T02:50:24.880+0000][72][info ][gc,phases   ] GC(19)   Other: 11.75ms
[2025-05-12T02:50:24.881+0000][72][trace][gc,age      ] GC(19) Age table with threshold 15 (max threshold 15)
[2025-05-12T02:50:24.881+0000][72][trace][gc,age      ] GC(19) - age   1:    5817224 bytes,    5817224 total
[2025-05-12T02:50:24.881+0000][72][trace][gc,age      ] GC(19) - age   2:      38784 bytes,    5856008 total
[2025-05-12T02:50:24.882+0000][72][trace][gc,age      ] GC(19) - age   3:    2219424 bytes,    8075432 total
[2025-05-12T02:50:24.882+0000][72][trace][gc,age      ] GC(19) - age   4:    8005600 bytes,   16081032 total
[2025-05-12T02:50:24.882+0000][72][info ][gc,heap     ] GC(19) Eden regions: 578->0(258)
[2025-05-12T02:50:24.883+0000][72][info ][gc,heap     ] GC(19) Survivor regions: 4->5(73)
[2025-05-12T02:50:24.883+0000][72][info ][gc,heap     ] GC(19) Old regions: 28->28
[2025-05-12T02:50:24.884+0000][72][info ][gc,heap     ] GC(19) Humongous regions: 0->0
[2025-05-12T02:50:24.884+0000][72][info ][gc,metaspace] GC(19) Metaspace: 147767K(151808K)->147767K(151808K) NonClass: 127733K(129856K)->127733K(129856K) Class: 20033K(21952K)->20033K(21952K)
[2025-05-12T02:50:24.886+0000][72][info ][gc          ] GC(19) Pause Young (Prepare Mixed) (G1 Evacuation Pause) 2434M->129M(3880M) 281.413ms
[2025-05-12T02:50:24.886+0000][72][info ][gc,cpu      ] GC(19) User=1.66s Sys=0.05s Real=0.28s
[2025-05-12T02:50:24.887+0000][72][info ][safepoint   ] Safepoint "G1CollectForAllocation", Time since last: 10114291819 ns, Reaching safepoint: 45835 ns, Cleanup: 5302 ns, At safepoint: 287698378 ns, Total: 287749515 ns
[2025-05-12T02:50:33.885+0000][72][info ][safepoint   ] Safepoint "Cleanup", Time since last: 9001644452 ns, Reaching safepoint: 29421 ns, Cleanup: 16229 ns, At safepoint: 8608 ns, Total: 54258 ns
[2025-05-12T02:50:36.886+0000][72][info ][safepoint   ] Safepoint "Cleanup", Time since last: 3001277259 ns, Reaching safepoint: 34063 ns, Cleanup: 22132 ns, At safepoint: 15474 ns, Total: 71669 ns
[2025-05-12T02:50:38.887+0000][72][info ][safepoint   ] Safepoint "Cleanup", Time since last: 2001047996 ns, Reaching safepoint: 65618 ns, Cleanup: 18977 ns, At safepoint: 30166 ns, Total: 114761 ns
[2025-05-12T02:50:41.888+0000][72][info ][safepoint   ] Safepoint "Cleanup", Time since last: 3001227914 ns, Reaching safepoint: 29134 ns, Cleanup: 18155 ns, At safepoint: 8993 ns, Total: 56282 ns
[2025-05-12T02:51:15.623+0000][72][info ][safepoint   ] Safepoint "Cleanup", Time since last: 33736255232 ns, Reaching safepoint: 110194 ns, Cleanup: 15502 ns, At safepoint: 82395 ns, Total: 208091 ns
[2025-05-12T02:51:19.560+0000][72][info ][safepoint   ] Safepoint "Cleanup", Time since last: 3936861661 ns, Reaching safepoint: 21080 ns, Cleanup: 12634 ns, At safepoint: 8180 ns, Total: 41894 ns
[2025-05-12T02:51:21.481+0000][72][info ][safepoint   ] Safepoint "Cleanup", Time since last: 1921134886 ns, Reaching safepoint: 35095 ns, Cleanup: 19398 ns, At safepoint: 18110 ns, Total: 72603 ns
[2025-05-12T02:51:23.482+0000][72][info ][safepoint   ] Safepoint "Cleanup", Time since last: 2001034850 ns, Reaching safepoint: 35248 ns, Cleanup: 17297 ns, At safepoint: 15911 ns, Total: 68456 ns
[2025-05-12T02:51:31.482+0000][72][info ][safepoint   ] Safepoint "Cleanup", Time since last: 8002000236 ns, Reaching safepoint: 52488 ns, Cleanup: 13270 ns, At safepoint: 7965 ns, Total: 73723 ns
[2025-05-12T02:51:41.484+0000][72][info ][safepoint   ] Safepoint "Cleanup", Time since last: 10002674741 ns, Reaching safepoint: 72532 ns, Cleanup: 15389 ns, At safepoint: 14447 ns, Total: 102368 ns
[2025-05-12T02:51:50.487+0000][72][info ][safepoint   ] Safepoint "Cleanup", Time since last: 9002332174 ns, Reaching safepoint: 36605 ns, Cleanup: 16931 ns, At safepoint: 16606 ns, Total: 70142 ns
[2025-05-12T02:51:57.486+0000][72][info ][safepoint   ] Safepoint "Cleanup", Time since last: 7001737264 ns, Reaching safepoint: 78287 ns, Cleanup: 16233 ns, At safepoint: 17915 ns, Total: 112435 ns
[2025-05-12T02:52:07.489+0000][72][info ][safepoint   ] Safepoint "Cleanup", Time since last: 10003025573 ns, Reaching safepoint: 29099 ns, Cleanup: 16128 ns, At safepoint: 10641 ns, Total: 55868 ns
[2025-05-12T02:52:19.598+0000][72][info ][safepoint   ] Safepoint "Cleanup", Time since last: 12108599139 ns, Reaching safepoint: 6821 ns, Cleanup: 9740 ns, At safepoint: 12642 ns, Total: 29203 ns
[2025-05-12T02:52:23.520+0000][72][info ][safepoint   ] Safepoint "Cleanup", Time since last: 3922518486 ns, Reaching safepoint: 20006 ns, Cleanup: 14133 ns, At safepoint: 7511 ns, Total: 41650 ns
[2025-05-12T02:52:34.520+0000][72][info ][safepoint   ] Safepoint "Cleanup", Time since last: 11002700635 ns, Reaching safepoint: 79110 ns, Cleanup: 19413 ns, At safepoint: 18171 ns, Total: 116694 ns
[2025-05-12T02:52:41.522+0000][72][info ][safepoint   ] Safepoint "Cleanup", Time since last: 7002136854 ns, Reaching safepoint: 20390 ns, Cleanup: 17326 ns, At safepoint: 7981 ns, Total: 45697 ns
[2025-05-12T02:53:00.523+0000][72][info ][safepoint   ] Safepoint "Cleanup", Time since last: 19004007281 ns, Reaching safepoint: 49613 ns, Cleanup: 16298 ns, At safepoint: 8645 ns, Total: 74556 ns
[2025-05-12T02:53:10.526+0000][72][info ][safepoint   ] Safepoint "Cleanup", Time since last: 10002481331 ns, Reaching safepoint: 34746 ns, Cleanup: 18594 ns, At safepoint: 17209 ns, Total: 70549 ns
[2025-05-12T02:53:13.527+0000][72][info ][safepoint   ] Safepoint "Cleanup", Time since last: 3001174527 ns, Reaching safepoint: 149584 ns, Cleanup: 18191 ns, At safepoint: 18905 ns, Total: 186680 ns
[2025-05-12T02:53:20.531+0000][72][info ][safepoint   ] Safepoint "Cleanup", Time since last: 7004159551 ns, Reaching safepoint: 40329 ns, Cleanup: 16203 ns, At safepoint: 17468 ns, Total: 74000 ns
[2025-05-12T02:53:21.629+0000][72][info ][safepoint   ] Safepoint "Cleanup", Time since last: 1097585691 ns, Reaching safepoint: 18003 ns, Cleanup: 18058 ns, At safepoint: 75783 ns, Total: 111844 ns
[2025-05-12T02:53:22.654+0000][72][info ][safepoint   ] Safepoint "Cleanup", Time since last: 1024969472 ns, Reaching safepoint: 18615 ns, Cleanup: 25785 ns, At safepoint: 101983 ns, Total: 146383 ns
[2025-05-12T02:53:40.678+0000][72][info ][safepoint   ] Safepoint "Cleanup", Time since last: 18027355158 ns, Reaching safepoint: 83383 ns, Cleanup: 18765 ns, At safepoint: 17487 ns, Total: 119635 ns
[2025-05-12T02:53:54.682+0000][72][info ][safepoint   ] Safepoint "Cleanup", Time since last: 14003579010 ns, Reaching safepoint: 107072 ns, Cleanup: 16457 ns, At safepoint: 15290 ns, Total: 138819 ns
[2025-05-12T02:53:57.681+0000][72][info ][safepoint   ] Safepoint "Cleanup", Time since last: 3000971817 ns, Reaching safepoint: 35820 ns, Cleanup: 18504 ns, At safepoint: 16176 ns, Total: 70500 ns
[2025-05-12T02:54:18.639+0000][72][info ][safepoint   ] Safepoint "Cleanup", Time since last: 20958247567 ns, Reaching safepoint: 20732 ns, Cleanup: 8469 ns, At safepoint: 2783 ns, Total: 31984 ns
[2025-05-12T02:54:19.664+0000][72][info ][safepoint   ] Safepoint "Cleanup", Time since last: 1025225510 ns, Reaching safepoint: 33637 ns, Cleanup: 16582 ns, At safepoint: 17127 ns, Total: 67346 ns
[2025-05-12T02:54:31.832+0000][72][info ][safepoint   ] Safepoint "Cleanup", Time since last: 12169550174 ns, Reaching safepoint: 447119 ns, Cleanup: 15164 ns, At safepoint: 102661 ns, Total: 564944 ns
[2025-05-12T02:54:41.834+0000][72][info ][safepoint   ] Safepoint "Cleanup", Time since last: 10002141631 ns, Reaching safepoint: 107020 ns, Cleanup: 13721 ns, At safepoint: 39450 ns, Total: 160191 ns
[2025-05-12T02:54:45.980+0000][72][info ][safepoint   ] Safepoint "Cleanup", Time since last: 4145556934 ns, Reaching safepoint: 13656 ns, Cleanup: 20152 ns, At safepoint: 82924 ns, Total: 116732 ns
[2025-05-12T02:55:27.626+0000][72][info ][safepoint   ] Safepoint "Cleanup", Time since last: 41651879475 ns, Reaching safepoint: 8462 ns, Cleanup: 8161 ns, At safepoint: 12798 ns, Total: 29421 ns
[2025-05-12T02:55:41.882+0000][72][info ][safepoint   ] Safepoint "Cleanup", Time since last: 14256064431 ns, Reaching safepoint: 67129 ns, Cleanup: 17916 ns, At safepoint: 9238 ns, Total: 94283 ns
[2025-05-12T02:55:57.882+0000][72][info ][safepoint   ] Safepoint "Cleanup", Time since last: 16003256606 ns, Reaching safepoint: 85655 ns, Cleanup: 16442 ns, At safepoint: 17874 ns, Total: 119971 ns
[2025-05-12T02:56:31.924+0000][72][info ][safepoint   ] Safepoint "Cleanup", Time since last: 34043604163 ns, Reaching safepoint: 22366 ns, Cleanup: 12975 ns, At safepoint: 8522 ns, Total: 43863 ns
[2025-05-12T02:56:41.926+0000][72][info ][safepoint   ] Safepoint "Cleanup", Time since last: 10002340330 ns, Reaching safepoint: 44150 ns, Cleanup: 12812 ns, At safepoint: 7430 ns, Total: 64392 ns
[2025-05-12T02:56:51.928+0000][72][info ][safepoint   ] Safepoint "Cleanup", Time since last: 10002094243 ns, Reaching safepoint: 46076 ns, Cleanup: 13078 ns, At safepoint: 7920 ns, Total: 67074 ns
[2025-05-12T02:56:59.258+0000][72][info ][safepoint   ] Safepoint "Cleanup", Time since last: 7333445105 ns, Reaching safepoint: 34431 ns, Cleanup: 40934 ns, At safepoint: 15911 ns, Total: 91276 ns
[2025-05-12T02:57:33.613+0000][72][info ][safepoint   ] Safepoint "Cleanup", Time since last: 34357070526 ns, Reaching safepoint: 28059 ns, Cleanup: 82342 ns, At safepoint: 80471 ns, Total: 190872 ns
[2025-05-12T02:57:34.971+0000][72][info ][safepoint   ] Safepoint "Cleanup", Time since last: 1357842438 ns, Reaching safepoint: 32191 ns, Cleanup: 15603 ns, At safepoint: 15146 ns, Total: 62940 ns
[2025-05-12T02:57:58.973+0000][72][info ][safepoint   ] Safepoint "Cleanup", Time since last: 24004697107 ns, Reaching safepoint: 29831 ns, Cleanup: 14675 ns, At safepoint: 10359 ns, Total: 54865 ns
[2025-05-12T02:58:00.571+0000][72][info ][safepoint   ] Safepoint "Cleanup", Time since last: 1598807649 ns, Reaching safepoint: 36559 ns, Cleanup: 25238 ns, At safepoint: 16528 ns, Total: 78325 ns
[2025-05-12T02:58:03.572+0000][72][info ][safepoint   ] Safepoint "Cleanup", Time since last: 3000927571 ns, Reaching safepoint: 34817 ns, Cleanup: 20682 ns, At safepoint: 16475 ns, Total: 71974 ns
[2025-05-12T02:58:27.746+0000][72][info ][safepoint   ] Safepoint "Cleanup", Time since last: 24176537071 ns, Reaching safepoint: 50560 ns, Cleanup: 15601 ns, At safepoint: 14990 ns, Total: 81151 ns
[2025-05-12T02:58:34.748+0000][72][info ][safepoint   ] Safepoint "Cleanup", Time since last: 7001681462 ns, Reaching safepoint: 34506 ns, Cleanup: 20042 ns, At safepoint: 16898 ns, Total: 71446 ns
[2025-05-12T02:58:36.629+0000][72][info ][safepoint   ] Safepoint "Cleanup", Time since last: 1878915384 ns, Reaching safepoint: 2185746 ns, Cleanup: 16972 ns, At safepoint: 180869 ns, Total: 2383587 ns
[2025-05-12T02:58:42.022+0000][72][info ][safepoint   ] Safepoint "Cleanup", Time since last: 5392145620 ns, Reaching safepoint: 33535 ns, Cleanup: 106422 ns, At safepoint: 28587 ns, Total: 168544 ns
[2025-05-12T02:58:47.023+0000][72][info ][safepoint   ] Safepoint "Cleanup", Time since last: 5001299171 ns, Reaching safepoint: 34598 ns, Cleanup: 15516 ns, At safepoint: 16664 ns, Total: 66778 ns
[2025-05-12T02:58:48.617+0000][72][info ][safepoint   ] Safepoint "Cleanup", Time since last: 1593871046 ns, Reaching safepoint: 26119 ns, Cleanup: 33452 ns, At safepoint: 65819 ns, Total: 125390 ns
[2025-05-12T02:58:50.133+0000][72][info ][safepoint   ] Safepoint "Cleanup", Time since last: 1515939612 ns, Reaching safepoint: 34219 ns, Cleanup: 198851 ns, At safepoint: 23696 ns, Total: 256766 ns
[2025-05-12T02:58:51.163+0000][72][info ][safepoint   ] Safepoint "Cleanup", Time since last: 1029091328 ns, Reaching safepoint: 67924 ns, Cleanup: 98436 ns, At safepoint: 36773 ns, Total: 203133 ns
[2025-05-12T02:58:52.173+0000][72][info ][safepoint   ] Safepoint "Cleanup", Time since last: 1010425954 ns, Reaching safepoint: 31441 ns, Cleanup: 58172 ns, At safepoint: 74437 ns, Total: 164050 ns
[2025-05-12T02:58:53.186+0000][72][info ][safepoint   ] Safepoint "Cleanup", Time since last: 1012312656 ns, Reaching safepoint: 36461 ns, Cleanup: 15281 ns, At safepoint: 16481 ns, Total: 68223 ns
[2025-05-12T02:59:04.272+0000][72][info ][safepoint   ] Safepoint "Cleanup", Time since last: 11089267790 ns, Reaching safepoint: 19637 ns, Cleanup: 15453 ns, At safepoint: 18544 ns, Total: 53634 ns
[2025-05-12T02:59:05.288+0000][72][info ][safepoint   ] Safepoint "Cleanup", Time since last: 1015549726 ns, Reaching safepoint: 26901 ns, Cleanup: 14788 ns, At safepoint: 9418 ns, Total: 51107 ns
[2025-05-12T02:59:06.567+0000][72][info ][safepoint   ] Safepoint "Cleanup", Time since last: 1276866221 ns, Reaching safepoint: 2260094 ns, Cleanup: 21941 ns, At safepoint: 97481 ns, Total: 2379516 ns
[2025-05-12T02:59:07.568+0000][72][info ][safepoint   ] Safepoint "Cleanup", Time since last: 1000765753 ns, Reaching safepoint: 32973 ns, Cleanup: 18147 ns, At safepoint: 9945 ns, Total: 61065 ns
[2025-05-12T02:59:21.592+0000][72][info ][safepoint   ] Safepoint "Cleanup", Time since last: 14023606086 ns, Reaching safepoint: 191844 ns, Cleanup: 11674 ns, At safepoint: 37205 ns, Total: 240723 ns
[2025-05-12T02:59:23.349+0000][72][info ][safepoint   ] Safepoint "Cleanup", Time since last: 1757168302 ns, Reaching safepoint: 6715 ns, Cleanup: 12447 ns, At safepoint: 3176 ns, Total: 22338 ns
[2025-05-12T02:59:24.606+0000][72][info ][safepoint   ] Safepoint "Cleanup", Time since last: 1257185874 ns, Reaching safepoint: 7616 ns, Cleanup: 11900 ns, At safepoint: 12575 ns, Total: 32091 ns
[2025-05-12T02:59:26.934+0000][72][info ][safepoint   ] Safepoint "Cleanup", Time since last: 2330668215 ns, Reaching safepoint: 6730 ns, Cleanup: 14349 ns, At safepoint: 12561 ns, Total: 33640 ns
[2025-05-12T02:59:31.956+0000][72][info ][safepoint   ] Safepoint "Cleanup", Time since last: 5021508790 ns, Reaching safepoint: 32912 ns, Cleanup: 16623 ns, At safepoint: 16354 ns, Total: 65889 ns
[2025-05-12T02:59:33.957+0000][72][info ][safepoint   ] Safepoint "Cleanup", Time since last: 2001094715 ns, Reaching safepoint: 35452 ns, Cleanup: 16223 ns, At safepoint: 17015 ns, Total: 68690 ns
[2025-05-12T02:59:39.587+0000][72][info ][safepoint   ] Safepoint "Cleanup", Time since last: 5629846723 ns, Reaching safepoint: 16493 ns, Cleanup: 13454 ns, At safepoint: 19603 ns, Total: 49550 ns
[2025-05-12T02:59:41.457+0000][72][info ][safepoint   ] Safepoint "Cleanup", Time since last: 1870339804 ns, Reaching safepoint: 12084 ns, Cleanup: 18555 ns, At safepoint: 16126 ns, Total: 46765 ns
[2025-05-12T02:59:43.463+0000][72][info ][safepoint   ] Safepoint "Cleanup", Time since last: 2005210736 ns, Reaching safepoint: 37089 ns, Cleanup: 15652 ns, At safepoint: 17309 ns, Total: 70050 ns
[2025-05-12T03:00:02.508+0000][72][info ][safepoint   ] Safepoint "Cleanup", Time since last: 19048705403 ns, Reaching safepoint: 32707 ns, Cleanup: 12497 ns, At safepoint: 8099 ns, Total: 53303 ns
[2025-05-12T03:00:04.509+0000][72][info ][safepoint   ] Safepoint "Cleanup", Time since last: 2000754403 ns, Reaching safepoint: 32980 ns, Cleanup: 18305 ns, At safepoint: 15961 ns, Total: 67246 ns
[2025-05-12T03:00:05.680+0000][72][info ][safepoint   ] Safepoint "Cleanup", Time since last: 1171030565 ns, Reaching safepoint: 7135 ns, Cleanup: 9216 ns, At safepoint: 13653 ns, Total: 30004 ns
[2025-05-12T03:00:06.769+0000][72][info ][safepoint   ] Safepoint "Cleanup", Time since last: 1088706615 ns, Reaching safepoint: 24294 ns, Cleanup: 13124 ns, At safepoint: 8703 ns, Total: 46121 ns
[2025-05-12T03:00:34.816+0000][72][info ][safepoint   ] Safepoint "Cleanup", Time since last: 28049233203 ns, Reaching safepoint: 77872 ns, Cleanup: 15564 ns, At safepoint: 16305 ns, Total: 109741 ns
[2025-05-12T03:00:41.818+0000][72][info ][safepoint   ] Safepoint "Cleanup", Time since last: 7001890702 ns, Reaching safepoint: 131593 ns, Cleanup: 25889 ns, At safepoint: 12405 ns, Total: 169887 ns
[2025-05-12T03:00:43.481+0000][72][info ][safepoint   ] Safepoint "Cleanup", Time since last: 1662292538 ns, Reaching safepoint: 15042 ns, Cleanup: 13519 ns, At safepoint: 21985 ns, Total: 50546 ns
[2025-05-12T03:00:51.491+0000][72][info ][safepoint   ] Safepoint "Cleanup", Time since last: 8009833440 ns, Reaching safepoint: 41762 ns, Cleanup: 17991 ns, At safepoint: 17653 ns, Total: 77406 ns
[2025-05-12T03:01:06.930+0000][72][info ][safepoint   ] Safepoint "Cleanup", Time since last: 15442385140 ns, Reaching safepoint: 104697 ns, Cleanup: 12724 ns, At safepoint: 47997 ns, Total: 165418 ns
[2025-05-12T03:01:08.321+0000][72][info ][safepoint   ] Safepoint "Cleanup", Time since last: 1391391125 ns, Reaching safepoint: 33403 ns, Cleanup: 26434 ns, At safepoint: 15923 ns, Total: 75760 ns
[2025-05-12T03:01:13.323+0000][72][info ][safepoint   ] Safepoint "Cleanup", Time since last: 5001567029 ns, Reaching safepoint: 165712 ns, Cleanup: 18615 ns, At safepoint: 20292 ns, Total: 204619 ns
[2025-05-12T03:01:41.851+0000][72][info ][safepoint   ] Safepoint "Cleanup", Time since last: 28530695185 ns, Reaching safepoint: 44344 ns, Cleanup: 12786 ns, At safepoint: 7898 ns, Total: 65028 ns
[2025-05-12T03:01:42.852+0000][72][info ][safepoint   ] Safepoint "Cleanup", Time since last: 1000830418 ns, Reaching safepoint: 37876 ns, Cleanup: 19175 ns, At safepoint: 16780 ns, Total: 73831 ns
[2025-05-12T03:01:45.641+0000][72][info ][safepoint   ] Safepoint "Cleanup", Time since last: 2787871654 ns, Reaching safepoint: 334615 ns, Cleanup: 12550 ns, At safepoint: 178586 ns, Total: 525751 ns
[2025-05-12T03:02:13.543+0000][72][info ][safepoint   ] Safepoint "Cleanup", Time since last: 27905485269 ns, Reaching safepoint: 70289 ns, Cleanup: 16699 ns, At safepoint: 14680 ns, Total: 101668 ns
[2025-05-12T03:02:19.545+0000][72][info ][safepoint   ] Safepoint "Cleanup", Time since last: 6001813410 ns, Reaching safepoint: 34296 ns, Cleanup: 15656 ns, At safepoint: 16150 ns, Total: 66102 ns
[2025-05-12T03:02:41.895+0000][72][info ][safepoint   ] Safepoint "Cleanup", Time since last: 22352488999 ns, Reaching safepoint: 71292 ns, Cleanup: 18098 ns, At safepoint: 16176 ns, Total: 105566 ns
[2025-05-12T03:03:41.935+0000][72][info ][safepoint   ] Safepoint "Cleanup", Time since last: 60045181839 ns, Reaching safepoint: 74536 ns, Cleanup: 47991 ns, At safepoint: 18825 ns, Total: 141352 ns
[2025-05-12T03:03:46.937+0000][72][info ][safepoint   ] Safepoint "Cleanup", Time since last: 5001588930 ns, Reaching safepoint: 68122 ns, Cleanup: 16705 ns, At safepoint: 36984 ns, Total: 121811 ns
[2025-05-12T03:04:04.179+0000][72][info ][safepoint   ] Safepoint "Cleanup", Time since last: 17243999325 ns, Reaching safepoint: 32744 ns, Cleanup: 15243 ns, At safepoint: 15153 ns, Total: 63140 ns
[2025-05-12T03:04:21.975+0000][72][info ][safepoint   ] Safepoint "Cleanup", Time since last: 17796148887 ns, Reaching safepoint: 32994 ns, Cleanup: 18937 ns, At safepoint: 15463 ns, Total: 67394 ns
[2025-05-12T03:04:27.577+0000][72][info ][safepoint   ] Safepoint "Cleanup", Time since last: 5604084091 ns, Reaching safepoint: 16705 ns, Cleanup: 17492 ns, At safepoint: 84324 ns, Total: 118521 ns
[2025-05-12T03:04:28.695+0000][72][info ][safepoint   ] Safepoint "Cleanup", Time since last: 1118545488 ns, Reaching safepoint: 72181 ns, Cleanup: 15364 ns, At safepoint: 33363 ns, Total: 120908 ns
[2025-05-12T03:04:34.721+0000][72][info ][safepoint   ] Safepoint "Cleanup", Time since last: 6025336657 ns, Reaching safepoint: 37315 ns, Cleanup: 19887 ns, At safepoint: 15687 ns, Total: 72889 ns
[2025-05-12T03:04:45.723+0000][72][info ][safepoint   ] Safepoint "Cleanup", Time since last: 11002738426 ns, Reaching safepoint: 70272 ns, Cleanup: 19460 ns, At safepoint: 16229 ns, Total: 105961 ns
[2025-05-12T03:04:51.725+0000][72][info ][safepoint   ] Safepoint "Cleanup", Time since last: 6001871807 ns, Reaching safepoint: 32879 ns, Cleanup: 14296 ns, At safepoint: 14145 ns, Total: 61320 ns
[2025-05-12T03:04:54.615+0000][72][info ][safepoint   ] Safepoint "Cleanup", Time since last: 2889182713 ns, Reaching safepoint: 28811 ns, Cleanup: 12720 ns, At safepoint: 69393 ns, Total: 110924 ns
[2025-05-12T03:04:55.777+0000][72][info ][safepoint   ] Safepoint "Cleanup", Time since last: 1162587446 ns, Reaching safepoint: 35246 ns, Cleanup: 19954 ns, At safepoint: 16095 ns, Total: 71295 ns
[2025-05-12T03:05:22.017+0000][72][info ][safepoint   ] Safepoint "Cleanup", Time since last: 26242494771 ns, Reaching safepoint: 30864 ns, Cleanup: 19734 ns, At safepoint: 15158 ns, Total: 65756 ns
[2025-05-12T03:05:28.017+0000][72][info ][safepoint   ] Safepoint "Cleanup", Time since last: 6001924187 ns, Reaching safepoint: 34859 ns, Cleanup: 15077 ns, At safepoint: 15435 ns, Total: 65371 ns
[2025-05-12T03:05:41.020+0000][72][info ][safepoint   ] Safepoint "Cleanup", Time since last: 13002830333 ns, Reaching safepoint: 66400 ns, Cleanup: 20581 ns, At safepoint: 77938 ns, Total: 164919 ns
[2025-05-12T03:05:52.023+0000][72][info ][safepoint   ] Safepoint "Cleanup", Time since last: 11002926948 ns, Reaching safepoint: 71228 ns, Cleanup: 15677 ns, At safepoint: 15646 ns, Total: 102551 ns
[2025-05-12T03:06:41.061+0000][72][info ][safepoint   ] Safepoint "Cleanup", Time since last: 49042845696 ns, Reaching safepoint: 77292 ns, Cleanup: 19864 ns, At safepoint: 18421 ns, Total: 115577 ns
[2025-05-12T03:06:52.064+0000][72][info ][safepoint   ] Safepoint "Cleanup", Time since last: 11003190604 ns, Reaching safepoint: 60497 ns, Cleanup: 12520 ns, At safepoint: 7134 ns, Total: 80151 ns
[2025-05-12T03:07:41.103+0000][72][info ][safepoint   ] Safepoint "Cleanup", Time since last: 49044823302 ns, Reaching safepoint: 69457 ns, Cleanup: 18935 ns, At safepoint: 15201 ns, Total: 103593 ns
[2025-05-12T03:07:42.104+0000][72][info ][safepoint   ] Safepoint "Cleanup", Time since last: 1000933531 ns, Reaching safepoint: 39292 ns, Cleanup: 25832 ns, At safepoint: 18617 ns, Total: 83741 ns
[2025-05-12T03:08:02.107+0000][72][info ][safepoint   ] Safepoint "Cleanup", Time since last: 20004558746 ns, Reaching safepoint: 33539 ns, Cleanup: 25023 ns, At safepoint: 15238 ns, Total: 73800 ns
[2025-05-12T03:08:03.108+0000][72][info ][safepoint   ] Safepoint "Cleanup", Time since last: 1000983824 ns, Reaching safepoint: 31634 ns, Cleanup: 14318 ns, At safepoint: 14995 ns, Total: 60947 ns
[2025-05-12T03:08:04.977+0000][72][info ][safepoint   ] Safepoint "Cleanup", Time since last: 1869335495 ns, Reaching safepoint: 19499 ns, Cleanup: 12786 ns, At safepoint: 8234 ns, Total: 40519 ns
[2025-05-12T03:08:36.144+0000][72][info ][safepoint   ] Safepoint "Cleanup", Time since last: 31169236554 ns, Reaching safepoint: 73758 ns, Cleanup: 15208 ns, At safepoint: 16306 ns, Total: 105272 ns
[2025-05-12T03:08:41.145+0000][72][info ][safepoint   ] Safepoint "Cleanup", Time since last: 5001291916 ns, Reaching safepoint: 32218 ns, Cleanup: 14940 ns, At safepoint: 10298 ns, Total: 57456 ns
[2025-05-12T03:09:06.596+0000][72][info ][safepoint   ] Safepoint "Cleanup", Time since last: 25453037515 ns, Reaching safepoint: 506785 ns, Cleanup: 23255 ns, At safepoint: 92218 ns, Total: 622258 ns
[2025-05-12T03:09:20.935+0000][72][info ][safepoint   ] Safepoint "Cleanup", Time since last: 14338822206 ns, Reaching safepoint: 8344 ns, Cleanup: 8470 ns, At safepoint: 2973 ns, Total: 19787 ns
[2025-05-12T03:09:23.177+0000][72][info ][safepoint   ] Safepoint "Cleanup", Time since last: 2241510012 ns, Reaching safepoint: 20660 ns, Cleanup: 12194 ns, At safepoint: 7605 ns, Total: 40459 ns
[2025-05-12T03:09:32.074+0000][72][info ][safepoint   ] Safepoint "Cleanup", Time since last: 8900097636 ns, Reaching safepoint: 19230 ns, Cleanup: 11760 ns, At safepoint: 7295 ns, Total: 38285 ns
[2025-05-12T03:09:42.109+0000][72][info ][safepoint   ] Safepoint "Cleanup", Time since last: 10034916091 ns, Reaching safepoint: 70766 ns, Cleanup: 17027 ns, At safepoint: 15057 ns, Total: 102850 ns
[2025-05-12T03:09:56.565+0000][72][info ][safepoint   ] Safepoint "Cleanup", Time since last: 14462009937 ns, Reaching safepoint: 17997 ns, Cleanup: 10911 ns, At safepoint: 19564 ns, Total: 48472 ns
[2025-05-12T03:10:07.568+0000][72][info ][safepoint   ] Safepoint "Cleanup", Time since last: 11002475420 ns, Reaching safepoint: 153810 ns, Cleanup: 20070 ns, At safepoint: 17660 ns, Total: 191540 ns
[2025-05-12T03:10:08.568+0000][72][info ][safepoint   ] Safepoint "Cleanup", Time since last: 1000704392 ns, Reaching safepoint: 18690 ns, Cleanup: 12676 ns, At safepoint: 8436 ns, Total: 39802 ns
[2025-05-12T03:10:39.970+0000][72][info ][safepoint   ] Safepoint "Cleanup", Time since last: 31400638380 ns, Reaching safepoint: 80086 ns, Cleanup: 17803 ns, At safepoint: 16998 ns, Total: 114887 ns
[2025-05-12T03:10:41.971+0000][72][info ][safepoint   ] Safepoint "Cleanup", Time since last: 2001408159 ns, Reaching safepoint: 27460 ns, Cleanup: 15263 ns, At safepoint: 11386 ns, Total: 54109 ns
[2025-05-12T03:10:49.973+0000][72][info ][safepoint   ] Safepoint "Cleanup", Time since last: 8001752355 ns, Reaching safepoint: 25401 ns, Cleanup: 16404 ns, At safepoint: 8675 ns, Total: 50480 ns
[2025-05-12T03:11:10.975+0000][72][info ][safepoint   ] Safepoint "Cleanup", Time since last: 21004367175 ns, Reaching safepoint: 74645 ns, Cleanup: 16223 ns, At safepoint: 15440 ns, Total: 106308 ns
[2025-05-12T03:11:12.610+0000][72][info ][safepoint   ] Safepoint "Cleanup", Time since last: 1632824284 ns, Reaching safepoint: 2308244 ns, Cleanup: 25927 ns, At safepoint: 210248 ns, Total: 2544419 ns
[2025-05-12T03:11:14.197+0000][72][info ][safepoint   ] Safepoint "Cleanup", Time since last: 1586364649 ns, Reaching safepoint: 32351 ns, Cleanup: 26079 ns, At safepoint: 15684 ns, Total: 74114 ns
[2025-05-12T03:11:23.141+0000][72][info ][safepoint   ] Safepoint "Cleanup", Time since last: 8944310445 ns, Reaching safepoint: 27786 ns, Cleanup: 14030 ns, At safepoint: 75238 ns, Total: 117054 ns
[2025-05-12T03:11:24.394+0000][72][info ][safepoint   ] Safepoint "Cleanup", Time since last: 1252503780 ns, Reaching safepoint: 29115 ns, Cleanup: 19314 ns, At safepoint: 10238 ns, Total: 58667 ns
[2025-05-12T03:11:41.395+0000][72][info ][safepoint   ] Safepoint "Cleanup", Time since last: 17003770267 ns, Reaching safepoint: 76300 ns, Cleanup: 14785 ns, At safepoint: 30493 ns, Total: 121578 ns
[2025-05-12T03:11:57.396+0000][72][info ][safepoint   ] Safepoint "Cleanup", Time since last: 16003244284 ns, Reaching safepoint: 64033 ns, Cleanup: 15554 ns, At safepoint: 12326 ns, Total: 91913 ns
[2025-05-12T03:12:15.588+0000][72][info ][safepoint   ] Safepoint "Cleanup", Time since last: 18191951084 ns, Reaching safepoint: 33689 ns, Cleanup: 14964 ns, At safepoint: 77392 ns, Total: 126045 ns
[2025-05-12T03:12:17.247+0000][72][info ][safepoint   ] Safepoint "Cleanup", Time since last: 1659654521 ns, Reaching safepoint: 29515 ns, Cleanup: 75830 ns, At safepoint: 15942 ns, Total: 121287 ns
[2025-05-12T03:12:18.248+0000][72][info ][safepoint   ] Safepoint "Cleanup", Time since last: 1000666832 ns, Reaching safepoint: 28179 ns, Cleanup: 17445 ns, At safepoint: 32944 ns, Total: 78568 ns
[2025-05-12T03:12:23.270+0000][72][info ][safepoint   ] Safepoint "Cleanup", Time since last: 5021586150 ns, Reaching safepoint: 6460 ns, Cleanup: 8048 ns, At safepoint: 3403 ns, Total: 17911 ns
[2025-05-12T03:13:04.359+0000][72][info ][safepoint   ] Safepoint "Cleanup", Time since last: 41096802610 ns, Reaching safepoint: 188415 ns, Cleanup: 16048 ns, At safepoint: 25429 ns, Total: 229892 ns
[2025-05-12T03:13:18.597+0000][72][info ][safepoint   ] Safepoint "Cleanup", Time since last: 14236649979 ns, Reaching safepoint: 1134245 ns, Cleanup: 13725 ns, At safepoint: 161082 ns, Total: 1309052 ns
[2025-05-12T03:13:24.376+0000][72][info ][safepoint   ] Safepoint "Cleanup", Time since last: 5778731796 ns, Reaching safepoint: 153420 ns, Cleanup: 10226 ns, At safepoint: 41764 ns, Total: 205410 ns
[2025-05-12T03:14:06.633+0000][72][info ][safepoint   ] Safepoint "Cleanup", Time since last: 42263432201 ns, Reaching safepoint: 7624 ns, Cleanup: 8210 ns, At safepoint: 3124 ns, Total: 18958 ns
[2025-05-12T03:14:08.374+0000][72][info ][safepoint   ] Safepoint "Cleanup", Time since last: 1740973984 ns, Reaching safepoint: 32505 ns, Cleanup: 18646 ns, At safepoint: 15202 ns, Total: 66353 ns
[2025-05-12T03:14:30.605+0000][72][info ][safepoint   ] Safepoint "Cleanup", Time since last: 22234046617 ns, Reaching safepoint: 56801 ns, Cleanup: 9492 ns, At safepoint: 18425 ns, Total: 84718 ns
[2025-05-12T03:14:41.473+0000][72][info ][safepoint   ] Safepoint "Cleanup", Time since last: 10868067123 ns, Reaching safepoint: 21721 ns, Cleanup: 13031 ns, At safepoint: 8449 ns, Total: 43201 ns
[2025-05-12T03:14:56.441+0000][72][info ][safepoint   ] Safepoint "Cleanup", Time since last: 14971335107 ns, Reaching safepoint: 19014 ns, Cleanup: 11245 ns, At safepoint: 19146 ns, Total: 49405 ns
[2025-05-12T03:14:57.813+0000][72][info ][safepoint   ] Safepoint "Cleanup", Time since last: 1371359863 ns, Reaching safepoint: 21088 ns, Cleanup: 12935 ns, At safepoint: 17565 ns, Total: 51588 ns
[2025-05-12T03:15:22.399+0000][72][info ][safepoint   ] Safepoint "Cleanup", Time since last: 24585866361 ns, Reaching safepoint: 33181 ns, Cleanup: 16190 ns, At safepoint: 14623 ns, Total: 63994 ns
[2025-05-12T03:15:24.606+0000][72][info ][safepoint   ] Safepoint "Cleanup", Time since last: 2207180947 ns, Reaching safepoint: 30902 ns, Cleanup: 12196 ns, At safepoint: 66172 ns, Total: 109270 ns
[2025-05-12T03:15:26.524+0000][72][info ][safepoint   ] Safepoint "Cleanup", Time since last: 1920684782 ns, Reaching safepoint: 14407 ns, Cleanup: 23040 ns, At safepoint: 11267 ns, Total: 48714 ns
[2025-05-12T03:15:41.531+0000][72][info ][safepoint   ] Safepoint "Cleanup", Time since last: 15007458897 ns, Reaching safepoint: 70477 ns, Cleanup: 18581 ns, At safepoint: 15612 ns, Total: 104670 ns
[2025-05-12T03:16:28.564+0000][72][info ][safepoint   ] Safepoint "Cleanup", Time since last: 47038201708 ns, Reaching safepoint: 32503 ns, Cleanup: 295204 ns, At safepoint: 34352 ns, Total: 362059 ns
[2025-05-12T03:17:26.479+0000][72][info ][safepoint   ] Safepoint "Cleanup", Time since last: 57921089058 ns, Reaching safepoint: 36145 ns, Cleanup: 16139 ns, At safepoint: 15728 ns, Total: 68012 ns
[2025-05-12T03:18:03.644+0000][72][info ][safepoint   ] Safepoint "Cleanup", Time since last: 37167961861 ns, Reaching safepoint: 38832 ns, Cleanup: 17948 ns, At safepoint: 18498 ns, Total: 75278 ns
[2025-05-12T03:18:22.523+0000][72][info ][safepoint   ] Safepoint "Cleanup", Time since last: 18878623471 ns, Reaching safepoint: 31750 ns, Cleanup: 14382 ns, At safepoint: 15547 ns, Total: 61679 ns
[2025-05-12T03:18:34.596+0000][72][info ][safepoint   ] Safepoint "Cleanup", Time since last: 12076436629 ns, Reaching safepoint: 19018 ns, Cleanup: 31087 ns, At safepoint: 5891 ns, Total: 55996 ns
[2025-05-12T03:19:07.020+0000][72][info ][safepoint   ] Safepoint "Cleanup", Time since last: 32425862680 ns, Reaching safepoint: 163909 ns, Cleanup: 17606 ns, At safepoint: 39616 ns, Total: 221131 ns
[2025-05-12T03:19:33.735+0000][72][info ][gc,start    ] GC(20) Pause Young (Mixed) (G1 Evacuation Pause)
[2025-05-12T03:19:33.736+0000][72][info ][gc,task     ] GC(20) Using 10 workers of 10 for evacuation
[2025-05-12T03:19:33.737+0000][72][debug][gc,age      ] GC(20) Desired survivor size 113246208 bytes, new threshold 15 (max threshold 15)
[2025-05-12T03:19:33.850+0000][72][info ][gc,phases   ] GC(20)   Pre Evacuate Collection Set: 5.29ms
[2025-05-12T03:19:33.850+0000][72][info ][gc,phases   ] GC(20)   Merge Heap Roots: 2.75ms
[2025-05-12T03:19:33.851+0000][72][info ][gc,phases   ] GC(20)   Evacuate Collection Set: 96.02ms
[2025-05-12T03:19:33.851+0000][72][info ][gc,phases   ] GC(20)   Post Evacuate Collection Set: 7.54ms
[2025-05-12T03:19:33.852+0000][72][info ][gc,phases   ] GC(20)   Other: 2.22ms
[2025-05-12T03:19:33.852+0000][72][trace][gc,age      ] GC(20) Age table with threshold 15 (max threshold 15)
[2025-05-12T03:19:33.853+0000][72][trace][gc,age      ] GC(20) - age   1:    3285248 bytes,    3285248 total
[2025-05-12T03:19:33.853+0000][72][trace][gc,age      ] GC(20) - age   2:    3441344 bytes,    6726592 total
[2025-05-12T03:19:33.853+0000][72][trace][gc,age      ] GC(20) - age   3:      20528 bytes,    6747120 total
[2025-05-12T03:19:33.854+0000][72][trace][gc,age      ] GC(20) - age   4:    1899608 bytes,    8646728 total
[2025-05-12T03:19:33.854+0000][72][trace][gc,age      ] GC(20) - age   5:    7674320 bytes,   16321048 total
[2025-05-12T03:19:33.854+0000][72][info ][gc,heap     ] GC(20) Eden regions: 423->0(386)
[2025-05-12T03:19:33.855+0000][72][info ][gc,heap     ] GC(20) Survivor regions: 5->5(54)
[2025-05-12T03:19:33.855+0000][72][info ][gc,heap     ] GC(20) Old regions: 28->28
[2025-05-12T03:19:33.856+0000][72][info ][gc,heap     ] GC(20) Humongous regions: 0->0
[2025-05-12T03:19:33.856+0000][72][info ][gc,metaspace] GC(20) Metaspace: 148218K(152256K)->148218K(152256K) NonClass: 128148K(130304K)->128148K(130304K) Class: 20069K(21952K)->20069K(21952K)
[2025-05-12T03:19:33.856+0000][72][info ][gc          ] GC(20) Pause Young (Mixed) (G1 Evacuation Pause) 1821M->125M(3880M) 121.114ms
[2025-05-12T03:19:33.857+0000][72][info ][gc,cpu      ] GC(20) User=0.77s Sys=0.08s Real=0.13s
[2025-05-12T03:19:33.857+0000][72][info ][safepoint   ] Safepoint "G1CollectForAllocation", Time since last: 26717044623 ns, Reaching safepoint: 174522 ns, Cleanup: 6228 ns, At safepoint: 123293448 ns, Total: 123474198 ns
[2025-05-12T03:19:36.876+0000][72][info ][safepoint   ] Safepoint "Cleanup", Time since last: 3018776693 ns, Reaching safepoint: 194972 ns, Cleanup: 10655 ns, At safepoint: 43346 ns, Total: 248973 ns
[2025-05-12T03:19:38.887+0000][72][info ][safepoint   ] Safepoint "Cleanup", Time since last: 2011041545 ns, Reaching safepoint: 32306 ns, Cleanup: 14512 ns, At safepoint: 15140 ns, Total: 61958 ns
[2025-05-12T03:19:41.925+0000][72][info ][safepoint   ] Safepoint "Cleanup", Time since last: 3037079943 ns, Reaching safepoint: 33094 ns, Cleanup: 20305 ns, At safepoint: 15300 ns, Total: 68699 ns
[2025-05-12T03:20:04.090+0000][72][info ][safepoint   ] Safepoint "Cleanup", Time since last: 22168057489 ns, Reaching safepoint: 17900 ns, Cleanup: 9454 ns, At safepoint: 6296 ns, Total: 33650 ns
[2025-05-12T03:20:05.092+0000][72][info ][safepoint   ] Safepoint "Cleanup", Time since last: 1002008358 ns, Reaching safepoint: 47906 ns, Cleanup: 12016 ns, At safepoint: 9081 ns, Total: 69003 ns
[2025-05-12T03:20:41.972+0000][72][info ][safepoint   ] Safepoint "Cleanup", Time since last: 36883344853 ns, Reaching safepoint: 37632 ns, Cleanup: 17118 ns, At safepoint: 18363 ns, Total: 73113 ns
[2025-05-12T03:21:40.634+0000][72][info ][safepoint   ] Safepoint "Cleanup", Time since last: 58667711235 ns, Reaching safepoint: 81711 ns, Cleanup: 17142 ns, At safepoint: 18982 ns, Total: 117835 ns
[2025-05-12T03:21:42.606+0000][72][info ][safepoint   ] Safepoint "Cleanup", Time since last: 1971913989 ns, Reaching safepoint: 16384 ns, Cleanup: 17946 ns, At safepoint: 86557 ns, Total: 120887 ns
[2025-05-12T03:22:02.020+0000][72][info ][safepoint   ] Safepoint "Cleanup", Time since last: 19416720281 ns, Reaching safepoint: 59780 ns, Cleanup: 21330 ns, At safepoint: 11511 ns, Total: 92621 ns
[2025-05-12T03:22:05.021+0000][72][info ][safepoint   ] Safepoint "Cleanup", Time since last: 3000881599 ns, Reaching safepoint: 30580 ns, Cleanup: 36635 ns, At safepoint: 11956 ns, Total: 79171 ns
[2025-05-12T03:22:27.670+0000][72][info ][safepoint   ] Safepoint "Cleanup", Time since last: 22650665280 ns, Reaching safepoint: 146959 ns, Cleanup: 16849 ns, At safepoint: 12035 ns, Total: 175843 ns
[2025-05-12T03:22:42.673+0000][72][info ][safepoint   ] Safepoint "Cleanup", Time since last: 15003159755 ns, Reaching safepoint: 34033 ns, Cleanup: 20955 ns, At safepoint: 15323 ns, Total: 70311 ns
[2025-05-12T03:22:45.608+0000][72][info ][safepoint   ] Safepoint "Cleanup", Time since last: 2935568882 ns, Reaching safepoint: 25293 ns, Cleanup: 14902 ns, At safepoint: 78521 ns, Total: 118716 ns
[2025-05-12T03:23:41.707+0000][72][info ][safepoint   ] Safepoint "Cleanup", Time since last: 56104338285 ns, Reaching safepoint: 74888 ns, Cleanup: 17078 ns, At safepoint: 18710 ns, Total: 110676 ns
[2025-05-12T03:23:48.693+0000][72][info ][safepoint   ] Safepoint "Cleanup", Time since last: 6985892413 ns, Reaching safepoint: 162405 ns, Cleanup: 7444 ns, At safepoint: 46506 ns, Total: 216355 ns
[2025-05-12T03:23:53.117+0000][72][info ][safepoint   ] Safepoint "Cleanup", Time since last: 4423858325 ns, Reaching safepoint: 22336 ns, Cleanup: 15713 ns, At safepoint: 9748 ns, Total: 47797 ns
[2025-05-12T03:24:24.739+0000][72][info ][safepoint   ] Safepoint "Cleanup", Time since last: 31624038731 ns, Reaching safepoint: 38033 ns, Cleanup: 16034 ns, At safepoint: 17156 ns, Total: 71223 ns
[2025-05-12T03:24:29.438+0000][72][info ][safepoint   ] Safepoint "Cleanup", Time since last: 4702325129 ns, Reaching safepoint: 16207 ns, Cleanup: 12916 ns, At safepoint: 17215 ns, Total: 46338 ns
[2025-05-12T03:24:30.454+0000][72][info ][safepoint   ] Safepoint "Cleanup", Time since last: 1014276947 ns, Reaching safepoint: 829621 ns, Cleanup: 20742 ns, At safepoint: 63947 ns, Total: 914310 ns
[2025-05-12T03:24:36.737+0000][72][info ][safepoint   ] Safepoint "Cleanup", Time since last: 6283427363 ns, Reaching safepoint: 12305 ns, Cleanup: 9868 ns, At safepoint: 19076 ns, Total: 41249 ns
[2025-05-12T03:24:38.154+0000][72][info ][safepoint   ] Safepoint "Cleanup", Time since last: 1416934643 ns, Reaching safepoint: 164293 ns, Cleanup: 34174 ns, At safepoint: 24589 ns, Total: 223056 ns
[2025-05-12T03:24:55.275+0000][72][info ][safepoint   ] Safepoint "Cleanup", Time since last: 17121116997 ns, Reaching safepoint: 39953 ns, Cleanup: 20441 ns, At safepoint: 17606 ns, Total: 78000 ns
[2025-05-12T03:24:56.445+0000][72][info ][safepoint   ] Safepoint "Cleanup", Time since last: 1169186032 ns, Reaching safepoint: 137687 ns, Cleanup: 15031 ns, At safepoint: 70541 ns, Total: 223259 ns
[2025-05-12T03:25:13.389+0000][72][info ][safepoint   ] Safepoint "Cleanup", Time since last: 16946589754 ns, Reaching safepoint: 45771 ns, Cleanup: 12150 ns, At safepoint: 6913 ns, Total: 64834 ns
[2025-05-12T03:25:26.899+0000][72][info ][safepoint   ] Safepoint "Cleanup", Time since last: 13511740296 ns, Reaching safepoint: 128600 ns, Cleanup: 16900 ns, At safepoint: 19423 ns, Total: 164923 ns
[2025-05-12T03:25:30.900+0000][72][info ][safepoint   ] Safepoint "Cleanup", Time since last: 4001298687 ns, Reaching safepoint: 71508 ns, Cleanup: 15152 ns, At safepoint: 15232 ns, Total: 101892 ns
[2025-05-12T03:25:31.901+0000][72][info ][safepoint   ] Safepoint "Cleanup", Time since last: 1000809437 ns, Reaching safepoint: 32133 ns, Cleanup: 15027 ns, At safepoint: 15076 ns, Total: 62236 ns
[2025-05-12T03:25:33.902+0000][72][info ][safepoint   ] Safepoint "Cleanup", Time since last: 2001027176 ns, Reaching safepoint: 45933 ns, Cleanup: 18174 ns, At safepoint: 17556 ns, Total: 81663 ns
[2025-05-12T03:25:36.904+0000][72][info ][safepoint   ] Safepoint "Cleanup", Time since last: 3001197817 ns, Reaching safepoint: 42203 ns, Cleanup: 19218 ns, At safepoint: 17991 ns, Total: 79412 ns
[2025-05-12T03:25:44.850+0000][72][info ][safepoint   ] Safepoint "Cleanup", Time since last: 7946671217 ns, Reaching safepoint: 19757 ns, Cleanup: 26291 ns, At safepoint: 107294 ns, Total: 153342 ns
[2025-05-12T03:25:45.898+0000][72][info ][safepoint   ] Safepoint "Cleanup", Time since last: 1047176237 ns, Reaching safepoint: 21678 ns, Cleanup: 35214 ns, At safepoint: 8131 ns, Total: 65023 ns
[2025-05-12T03:25:54.573+0000][72][info ][safepoint   ] Safepoint "Cleanup", Time since last: 8674835530 ns, Reaching safepoint: 178955 ns, Cleanup: 11122 ns, At safepoint: 42901 ns, Total: 232978 ns
[2025-05-12T03:25:56.335+0000][72][info ][safepoint   ] Safepoint "Cleanup", Time since last: 1762441795 ns, Reaching safepoint: 34606 ns, Cleanup: 24169 ns, At safepoint: 16592 ns, Total: 75367 ns
[2025-05-12T03:25:58.333+0000][72][info ][safepoint   ] Safepoint "Cleanup", Time since last: 2000909420 ns, Reaching safepoint: 78243 ns, Cleanup: 18682 ns, At safepoint: 97380 ns, Total: 194305 ns
[2025-05-12T03:26:04.334+0000][72][info ][safepoint   ] Safepoint "Cleanup", Time since last: 6001336535 ns, Reaching safepoint: 33186 ns, Cleanup: 17755 ns, At safepoint: 9949 ns, Total: 60890 ns
[2025-05-12T03:26:34.932+0000][72][info ][safepoint   ] Safepoint "Cleanup", Time since last: 30599638092 ns, Reaching safepoint: 34343 ns, Cleanup: 15274 ns, At safepoint: 15269 ns, Total: 64886 ns
[2025-05-12T03:26:50.766+0000][72][info ][safepoint   ] Safepoint "Cleanup", Time since last: 15833780350 ns, Reaching safepoint: 126724 ns, Cleanup: 16337 ns, At safepoint: 23570 ns, Total: 166631 ns
[2025-05-12T03:26:51.767+0000][72][info ][safepoint   ] Safepoint "Cleanup", Time since last: 1000664105 ns, Reaching safepoint: 30922 ns, Cleanup: 14086 ns, At safepoint: 9892 ns, Total: 54900 ns
[2025-05-12T03:26:56.766+0000][72][info ][safepoint   ] Safepoint "Cleanup", Time since last: 5001204513 ns, Reaching safepoint: 42812 ns, Cleanup: 22022 ns, At safepoint: 18543 ns, Total: 83377 ns
[2025-05-12T03:27:02.378+0000][72][info ][safepoint   ] Safepoint "Cleanup", Time since last: 5612540973 ns, Reaching safepoint: 53972 ns, Cleanup: 15792 ns, At safepoint: 8748 ns, Total: 78512 ns
[2025-05-12T03:27:03.380+0000][72][info ][safepoint   ] Safepoint "Cleanup", Time since last: 1001567321 ns, Reaching safepoint: 25018 ns, Cleanup: 14796 ns, At safepoint: 12070 ns, Total: 51884 ns
[2025-05-12T03:27:13.382+0000][72][info ][safepoint   ] Safepoint "Cleanup", Time since last: 10001651806 ns, Reaching safepoint: 30221 ns, Cleanup: 14569 ns, At safepoint: 9572 ns, Total: 54362 ns
[2025-05-12T03:27:40.962+0000][72][info ][safepoint   ] Safepoint "Cleanup", Time since last: 27582325555 ns, Reaching safepoint: 65679 ns, Cleanup: 15207 ns, At safepoint: 8533 ns, Total: 89419 ns
[2025-05-12T03:28:00.551+0000][72][info ][safepoint   ] Safepoint "Cleanup", Time since last: 19589272018 ns, Reaching safepoint: 2157936 ns, Cleanup: 42184 ns, At safepoint: 89502 ns, Total: 2289622 ns
[2025-05-12T03:28:02.416+0000][72][info ][safepoint   ] Safepoint "Cleanup", Time since last: 1865176158 ns, Reaching safepoint: 55868 ns, Cleanup: 14229 ns, At safepoint: 11074 ns, Total: 81171 ns
[2025-05-12T03:28:17.419+0000][72][info ][safepoint   ] Safepoint "Cleanup", Time since last: 15002924524 ns, Reaching safepoint: 97296 ns, Cleanup: 14912 ns, At safepoint: 12666 ns, Total: 124874 ns
[2025-05-12T03:28:40.994+0000][72][info ][safepoint   ] Safepoint "Cleanup", Time since last: 23577196763 ns, Reaching safepoint: 116803 ns, Cleanup: 21292 ns, At safepoint: 14999 ns, Total: 153094 ns
[2025-05-12T03:28:42.995+0000][72][info ][safepoint   ] Safepoint "Cleanup", Time since last: 2000759803 ns, Reaching safepoint: 26475 ns, Cleanup: 20109 ns, At safepoint: 10681 ns, Total: 57265 ns
[2025-05-12T03:28:48.936+0000][72][info ][safepoint   ] Safepoint "Cleanup", Time since last: 5940668883 ns, Reaching safepoint: 22869 ns, Cleanup: 12845 ns, At safepoint: 26138 ns, Total: 61852 ns
[2025-05-12T03:28:51.991+0000][72][info ][safepoint   ] Safepoint "Cleanup", Time since last: 3054866000 ns, Reaching safepoint: 27373 ns, Cleanup: 14586 ns, At safepoint: 9365 ns, Total: 51324 ns
[2025-05-12T03:28:55.437+0000][72][info ][safepoint   ] Safepoint "Cleanup", Time since last: 3445598232 ns, Reaching safepoint: 33300 ns, Cleanup: 18566 ns, At safepoint: 77334 ns, Total: 129200 ns
[2025-05-12T03:28:57.454+0000][72][info ][safepoint   ] Safepoint "Cleanup", Time since last: 2020071124 ns, Reaching safepoint: 33034 ns, Cleanup: 15191 ns, At safepoint: 15909 ns, Total: 64134 ns
[2025-05-12T03:29:03.563+0000][72][info ][safepoint   ] Safepoint "Cleanup", Time since last: 6108151325 ns, Reaching safepoint: 7366 ns, Cleanup: 10719 ns, At safepoint: 14074 ns, Total: 32159 ns
[2025-05-12T03:29:05.533+0000][72][info ][safepoint   ] Safepoint "Cleanup", Time since last: 1969903939 ns, Reaching safepoint: 18648 ns, Cleanup: 12494 ns, At safepoint: 7479 ns, Total: 38621 ns
[2025-05-12T03:29:10.559+0000][72][info ][safepoint   ] Safepoint "Cleanup", Time since last: 5026013235 ns, Reaching safepoint: 37028 ns, Cleanup: 15576 ns, At safepoint: 95325 ns, Total: 147929 ns
[2025-05-12T03:29:12.572+0000][72][info ][safepoint   ] Safepoint "Cleanup", Time since last: 2013716419 ns, Reaching safepoint: 20607 ns, Cleanup: 12349 ns, At safepoint: 7887 ns, Total: 40843 ns
[2025-05-12T03:29:31.599+0000][72][info ][safepoint   ] Safepoint "Cleanup", Time since last: 19029530571 ns, Reaching safepoint: 35054 ns, Cleanup: 16945 ns, At safepoint: 16848 ns, Total: 68847 ns
[2025-05-12T03:29:34.601+0000][72][info ][safepoint   ] Safepoint "Cleanup", Time since last: 3001146635 ns, Reaching safepoint: 44770 ns, Cleanup: 12688 ns, At safepoint: 38428 ns, Total: 95886 ns
[2025-05-12T03:29:39.555+0000][72][info ][safepoint   ] Safepoint "Cleanup", Time since last: 4953970574 ns, Reaching safepoint: 6519 ns, Cleanup: 8290 ns, At safepoint: 11843 ns, Total: 26652 ns
[2025-05-12T03:29:40.572+0000][72][info ][safepoint   ] Safepoint "Cleanup", Time since last: 1017059124 ns, Reaching safepoint: 20245 ns, Cleanup: 15692 ns, At safepoint: 8193 ns, Total: 44130 ns
[2025-05-12T03:29:41.620+0000][72][info ][safepoint   ] Safepoint "Cleanup", Time since last: 1048411004 ns, Reaching safepoint: 21873 ns, Cleanup: 13840 ns, At safepoint: 8946 ns, Total: 44659 ns
[2025-05-12T03:29:52.125+0000][72][info ][safepoint   ] Safepoint "Cleanup", Time since last: 10504870124 ns, Reaching safepoint: 18156 ns, Cleanup: 11419 ns, At safepoint: 6537 ns, Total: 36112 ns
[2025-05-12T03:30:07.675+0000][72][info ][safepoint   ] Safepoint "Cleanup", Time since last: 15551925887 ns, Reaching safepoint: 12207 ns, Cleanup: 5986 ns, At safepoint: 31081 ns, Total: 49274 ns
[2025-05-12T03:30:08.681+0000][72][info ][safepoint   ] Safepoint "Cleanup", Time since last: 1006182414 ns, Reaching safepoint: 15915 ns, Cleanup: 15102 ns, At safepoint: 18966 ns, Total: 49983 ns
[2025-05-12T03:30:27.056+0000][72][info ][safepoint   ] Safepoint "Cleanup", Time since last: 18376860355 ns, Reaching safepoint: 27099 ns, Cleanup: 17197 ns, At safepoint: 10400 ns, Total: 54696 ns
[2025-05-12T03:30:31.058+0000][72][info ][safepoint   ] Safepoint "Cleanup", Time since last: 4001766583 ns, Reaching safepoint: 29834 ns, Cleanup: 14397 ns, At safepoint: 10987 ns, Total: 55218 ns
[2025-05-12T03:30:41.060+0000][72][info ][safepoint   ] Safepoint "Cleanup", Time since last: 10001704687 ns, Reaching safepoint: 53344 ns, Cleanup: 18412 ns, At safepoint: 8862 ns, Total: 80618 ns
[2025-05-12T03:30:43.061+0000][72][info ][safepoint   ] Safepoint "Cleanup", Time since last: 2001011623 ns, Reaching safepoint: 29571 ns, Cleanup: 16314 ns, At safepoint: 10679 ns, Total: 56564 ns
[2025-05-12T03:30:48.062+0000][72][info ][safepoint   ] Safepoint "Cleanup", Time since last: 5000977794 ns, Reaching safepoint: 31601 ns, Cleanup: 15151 ns, At safepoint: 11633 ns, Total: 58385 ns
[2025-05-12T03:30:51.325+0000][72][info ][safepoint   ] Safepoint "Cleanup", Time since last: 3263200537 ns, Reaching safepoint: 14222 ns, Cleanup: 10445 ns, At safepoint: 4268 ns, Total: 28935 ns
[2025-05-12T03:30:52.566+0000][72][info ][safepoint   ] Safepoint "Cleanup", Time since last: 1240525207 ns, Reaching safepoint: 34728 ns, Cleanup: 18562 ns, At safepoint: 16266 ns, Total: 69556 ns
[2025-05-12T03:31:25.090+0000][72][info ][safepoint   ] Safepoint "Cleanup", Time since last: 32526884316 ns, Reaching safepoint: 32603 ns, Cleanup: 14436 ns, At safepoint: 15723 ns, Total: 62762 ns
[2025-05-12T03:31:32.089+0000][72][info ][safepoint   ] Safepoint "Cleanup", Time since last: 7001841621 ns, Reaching safepoint: 33254 ns, Cleanup: 14403 ns, At safepoint: 15354 ns, Total: 63011 ns
[2025-05-12T03:31:44.092+0000][72][info ][safepoint   ] Safepoint "Cleanup", Time since last: 12002865641 ns, Reaching safepoint: 20730 ns, Cleanup: 15385 ns, At safepoint: 7127 ns, Total: 43242 ns
[2025-05-12T03:32:12.579+0000][72][info ][safepoint   ] Safepoint "Cleanup", Time since last: 28488597643 ns, Reaching safepoint: 553883 ns, Cleanup: 73203 ns, At safepoint: 138308 ns, Total: 765394 ns
[2025-05-12T03:32:13.777+0000][72][info ][safepoint   ] Safepoint "Cleanup", Time since last: 1197594575 ns, Reaching safepoint: 33582 ns, Cleanup: 14394 ns, At safepoint: 16069 ns, Total: 64045 ns
[2025-05-12T03:32:32.129+0000][72][info ][safepoint   ] Safepoint "Cleanup", Time since last: 18354030056 ns, Reaching safepoint: 47365 ns, Cleanup: 13400 ns, At safepoint: 10305 ns, Total: 71070 ns
[2025-05-12T03:33:03.133+0000][72][info ][safepoint   ] Safepoint "Cleanup", Time since last: 31006282625 ns, Reaching safepoint: 36924 ns, Cleanup: 15269 ns, At safepoint: 62837 ns, Total: 115030 ns
[2025-05-12T03:33:04.134+0000][72][info ][safepoint   ] Safepoint "Cleanup", Time since last: 1000860061 ns, Reaching safepoint: 18413 ns, Cleanup: 11555 ns, At safepoint: 7426 ns, Total: 37394 ns
[2025-05-12T03:33:08.135+0000][72][info ][safepoint   ] Safepoint "Cleanup", Time since last: 4001294524 ns, Reaching safepoint: 32336 ns, Cleanup: 13913 ns, At safepoint: 16047 ns, Total: 62296 ns
[2025-05-12T03:33:21.846+0000][72][info ][safepoint   ] Safepoint "Cleanup", Time since last: 13711232410 ns, Reaching safepoint: 34149 ns, Cleanup: 14700 ns, At safepoint: 16396 ns, Total: 65245 ns
[2025-05-12T03:33:42.171+0000][72][info ][safepoint   ] Safepoint "Cleanup", Time since last: 20326681244 ns, Reaching safepoint: 99627 ns, Cleanup: 16139 ns, At safepoint: 8912 ns, Total: 124678 ns
[2025-05-12T03:33:53.173+0000][72][info ][safepoint   ] Safepoint "Cleanup", Time since last: 11002512211 ns, Reaching safepoint: 34054 ns, Cleanup: 23601 ns, At safepoint: 16263 ns, Total: 73918 ns
[2025-05-12T03:34:08.174+0000][72][info ][safepoint   ] Safepoint "Cleanup", Time since last: 15003109048 ns, Reaching safepoint: 37112 ns, Cleanup: 18214 ns, At safepoint: 17144 ns, Total: 72470 ns
[2025-05-12T03:34:17.176+0000][72][info ][safepoint   ] Safepoint "Cleanup", Time since last: 9002306124 ns, Reaching safepoint: 79471 ns, Cleanup: 17423 ns, At safepoint: 35396 ns, Total: 132290 ns
[2025-05-12T03:34:42.565+0000][72][info ][safepoint   ] Safepoint "Cleanup", Time since last: 25391057774 ns, Reaching safepoint: 55602 ns, Cleanup: 16724 ns, At safepoint: 65340 ns, Total: 137666 ns
[2025-05-12T03:34:43.910+0000][72][info ][safepoint   ] Safepoint "Cleanup", Time since last: 1344528561 ns, Reaching safepoint: 35174 ns, Cleanup: 15406 ns, At safepoint: 17240 ns, Total: 67820 ns
[2025-05-12T03:35:12.433+0000][72][info ][safepoint   ] Safepoint "Cleanup", Time since last: 28525595321 ns, Reaching safepoint: 73405 ns, Cleanup: 16081 ns, At safepoint: 33785 ns, Total: 123271 ns
[2025-05-12T03:35:21.554+0000][72][info ][safepoint   ] Safepoint "Cleanup", Time since last: 9120333320 ns, Reaching safepoint: 83640 ns, Cleanup: 8578 ns, At safepoint: 22709 ns, Total: 114927 ns
[2025-05-12T03:35:22.985+0000][72][info ][safepoint   ] Safepoint "Cleanup", Time since last: 1428870678 ns, Reaching safepoint: 2291910 ns, Cleanup: 19480 ns, At safepoint: 200921 ns, Total: 2512311 ns
[2025-05-12T03:35:23.990+0000][72][info ][safepoint   ] Safepoint "Cleanup", Time since last: 1005346166 ns, Reaching safepoint: 34456 ns, Cleanup: 19160 ns, At safepoint: 16832 ns, Total: 70448 ns
[2025-05-12T03:36:06.918+0000][72][info ][safepoint   ] Safepoint "Cleanup", Time since last: 42932303140 ns, Reaching safepoint: 74313 ns, Cleanup: 13695 ns, At safepoint: 15816 ns, Total: 103824 ns
[2025-05-12T03:36:24.559+0000][72][info ][safepoint   ] Safepoint "Cleanup", Time since last: 17641390003 ns, Reaching safepoint: 14187 ns, Cleanup: 18880 ns, At safepoint: 80331 ns, Total: 113398 ns
[2025-05-12T03:36:26.033+0000][72][info ][safepoint   ] Safepoint "Cleanup", Time since last: 1473856421 ns, Reaching safepoint: 33550 ns, Cleanup: 15968 ns, At safepoint: 16345 ns, Total: 65863 ns
[2025-05-12T03:36:41.035+0000][72][info ][safepoint   ] Safepoint "Cleanup", Time since last: 15003588806 ns, Reaching safepoint: 34421 ns, Cleanup: 16225 ns, At safepoint: 66392 ns, Total: 117038 ns
[2025-05-12T03:37:27.569+0000][72][info ][safepoint   ] Safepoint "Cleanup", Time since last: 46538438331 ns, Reaching safepoint: 19053 ns, Cleanup: 14222 ns, At safepoint: 56080 ns, Total: 89355 ns
[2025-05-12T03:38:03.093+0000][72][info ][safepoint   ] Safepoint "Cleanup", Time since last: 35526319812 ns, Reaching safepoint: 66659 ns, Cleanup: 18720 ns, At safepoint: 44278 ns, Total: 129657 ns
[2025-05-12T03:38:04.121+0000][72][info ][safepoint   ] Safepoint "Cleanup", Time since last: 1028466437 ns, Reaching safepoint: 24722 ns, Cleanup: 15281 ns, At safepoint: 10745 ns, Total: 50748 ns
[2025-05-12T03:38:05.122+0000][72][info ][safepoint   ] Safepoint "Cleanup", Time since last: 1000595278 ns, Reaching safepoint: 21748 ns, Cleanup: 12459 ns, At safepoint: 7873 ns, Total: 42080 ns
[2025-05-12T03:38:22.125+0000][72][info ][safepoint   ] Safepoint "Cleanup", Time since last: 17003657972 ns, Reaching safepoint: 56701 ns, Cleanup: 13906 ns, At safepoint: 10189 ns, Total: 80796 ns
[2025-05-12T03:39:34.167+0000][72][info ][safepoint   ] Safepoint "Cleanup", Time since last: 72047760619 ns, Reaching safepoint: 154458 ns, Cleanup: 11603 ns, At safepoint: 46332 ns, Total: 212393 ns
[2025-05-12T03:40:11.138+0000][72][info ][safepoint   ] Safepoint "Cleanup", Time since last: 36972839942 ns, Reaching safepoint: 73618 ns, Cleanup: 32500 ns, At safepoint: 30160 ns, Total: 136278 ns
[2025-05-12T03:40:30.443+0000][72][info ][safepoint   ] Safepoint "Cleanup", Time since last: 19307817989 ns, Reaching safepoint: 33806 ns, Cleanup: 14410 ns, At safepoint: 15081 ns, Total: 63297 ns
[2025-05-12T03:40:38.269+0000][72][info ][safepoint   ] Safepoint "Cleanup", Time since last: 7826174589 ns, Reaching safepoint: 6837 ns, Cleanup: 8058 ns, At safepoint: 12277 ns, Total: 27172 ns
[2025-05-12T03:41:24.481+0000][72][info ][safepoint   ] Safepoint "Cleanup", Time since last: 46213524798 ns, Reaching safepoint: 34784 ns, Cleanup: 15199 ns, At safepoint: 14911 ns, Total: 64894 ns
[2025-05-12T03:41:37.482+0000][72][info ][safepoint   ] Safepoint "Cleanup", Time since last: 13003285873 ns, Reaching safepoint: 147335 ns, Cleanup: 15575 ns, At safepoint: 35852 ns, Total: 198762 ns
[2025-05-12T03:41:41.310+0000][72][info ][safepoint   ] Safepoint "Cleanup", Time since last: 3828248902 ns, Reaching safepoint: 47228 ns, Cleanup: 20904 ns, At safepoint: 17134 ns, Total: 85266 ns
[2025-05-12T03:44:47.600+0000][72][info ][safepoint   ] Safepoint "Cleanup", Time since last: 186304090373 ns, Reaching safepoint: 49791 ns, Cleanup: 15722 ns, At safepoint: 7977 ns, Total: 73490 ns
[2025-05-12T03:44:49.450+0000][72][info ][safepoint   ] Safepoint "Cleanup", Time since last: 1849208356 ns, Reaching safepoint: 17884 ns, Cleanup: 28148 ns, At safepoint: 148356 ns, Total: 194388 ns
[2025-05-12T03:45:41.639+0000][72][info ][safepoint   ] Safepoint "Cleanup", Time since last: 52194130082 ns, Reaching safepoint: 45581 ns, Cleanup: 15034 ns, At safepoint: 9793 ns, Total: 70408 ns
[2025-05-12T03:45:51.536+0000][72][info ][safepoint   ] Safepoint "Cleanup", Time since last: 9896196074 ns, Reaching safepoint: 239040 ns, Cleanup: 8676 ns, At safepoint: 47824 ns, Total: 295540 ns
[2025-05-12T03:45:52.553+0000][72][info ][safepoint   ] Safepoint "Cleanup", Time since last: 1017559869 ns, Reaching safepoint: 14203 ns, Cleanup: 24507 ns, At safepoint: 83421 ns, Total: 122131 ns
[2025-05-12T03:46:22.531+0000][72][info ][safepoint   ] Safepoint "Cleanup", Time since last: 29978834229 ns, Reaching safepoint: 51729 ns, Cleanup: 13859 ns, At safepoint: 8540 ns, Total: 74128 ns
[2025-05-12T03:46:41.680+0000][72][info ][safepoint   ] Safepoint "Cleanup", Time since last: 19151376890 ns, Reaching safepoint: 222121 ns, Cleanup: 17822 ns, At safepoint: 48256 ns, Total: 288199 ns
[2025-05-12T03:46:42.681+0000][72][info ][safepoint   ] Safepoint "Cleanup", Time since last: 1001566034 ns, Reaching safepoint: 138784 ns, Cleanup: 15769 ns, At safepoint: 32835 ns, Total: 187388 ns
[2025-05-12T03:47:41.722+0000][72][info ][safepoint   ] Safepoint "Cleanup", Time since last: 59044858809 ns, Reaching safepoint: 78545 ns, Cleanup: 16572 ns, At safepoint: 8529 ns, Total: 103646 ns
[2025-05-12T03:48:04.613+0000][72][info ][safepoint   ] Safepoint "Cleanup", Time since last: 22894013239 ns, Reaching safepoint: 33422 ns, Cleanup: 14362 ns, At safepoint: 15492 ns, Total: 63276 ns
[2025-05-12T03:48:22.617+0000][72][info ][safepoint   ] Safepoint "Cleanup", Time since last: 18004232293 ns, Reaching safepoint: 38276 ns, Cleanup: 16598 ns, At safepoint: 15561 ns, Total: 70435 ns
[2025-05-12T03:49:03.657+0000][72][info ][safepoint   ] Safepoint "Cleanup", Time since last: 41043369783 ns, Reaching safepoint: 33616 ns, Cleanup: 14811 ns, At safepoint: 15400 ns, Total: 63827 ns
[2025-05-12T03:49:17.660+0000][72][info ][safepoint   ] Safepoint "Cleanup", Time since last: 14003391089 ns, Reaching safepoint: 34468 ns, Cleanup: 15408 ns, At safepoint: 15021 ns, Total: 64897 ns
[2025-05-12T03:49:39.806+0000][72][info ][safepoint   ] Safepoint "Cleanup", Time since last: 22147973092 ns, Reaching safepoint: 32738 ns, Cleanup: 16262 ns, At safepoint: 15992 ns, Total: 64992 ns
[2025-05-12T03:49:40.807+0000][72][info ][safepoint   ] Safepoint "Cleanup", Time since last: 1001046871 ns, Reaching safepoint: 34201 ns, Cleanup: 18698 ns, At safepoint: 82802 ns, Total: 135701 ns
[2025-05-12T03:49:51.519+0000][72][info ][safepoint   ] Safepoint "Cleanup", Time since last: 10711665344 ns, Reaching safepoint: 28704 ns, Cleanup: 18107 ns, At safepoint: 73003 ns, Total: 119814 ns
[2025-05-12T03:49:52.686+0000][72][info ][safepoint   ] Safepoint "Cleanup", Time since last: 1166914298 ns, Reaching safepoint: 33826 ns, Cleanup: 22221 ns, At safepoint: 15210 ns, Total: 71257 ns
[2025-05-12T03:50:41.690+0000][72][info ][safepoint   ] Safepoint "Cleanup", Time since last: 49008602494 ns, Reaching safepoint: 73544 ns, Cleanup: 17325 ns, At safepoint: 15788 ns, Total: 106657 ns
[2025-05-12T03:51:06.776+0000][72][info ][safepoint   ] Safepoint "Cleanup", Time since last: 25087824542 ns, Reaching safepoint: 40485 ns, Cleanup: 15985 ns, At safepoint: 82658 ns, Total: 139128 ns
[2025-05-12T03:51:31.883+0000][72][info ][safepoint   ] Safepoint "Cleanup", Time since last: 25109412678 ns, Reaching safepoint: 35981 ns, Cleanup: 15161 ns, At safepoint: 97544 ns, Total: 148686 ns
[2025-05-12T03:51:40.885+0000][72][info ][safepoint   ] Safepoint "Cleanup", Time since last: 9002295108 ns, Reaching safepoint: 78076 ns, Cleanup: 16649 ns, At safepoint: 16154 ns, Total: 110879 ns
[2025-05-12T03:52:09.559+0000][72][info ][safepoint   ] Safepoint "Cleanup", Time since last: 28676698271 ns, Reaching safepoint: 16674 ns, Cleanup: 17979 ns, At safepoint: 80553 ns, Total: 115206 ns
[2025-05-12T03:53:12.532+0000][72][info ][safepoint   ] Safepoint "Cleanup", Time since last: 62975675413 ns, Reaching safepoint: 457066 ns, Cleanup: 11392 ns, At safepoint: 63446 ns, Total: 531904 ns
[2025-05-12T03:53:16.889+0000][72][info ][safepoint   ] Safepoint "Cleanup", Time since last: 4357520555 ns, Reaching safepoint: 36911 ns, Cleanup: 18852 ns, At safepoint: 18229 ns, Total: 73992 ns
[2025-05-12T03:54:15.503+0000][72][info ][safepoint   ] Safepoint "Cleanup", Time since last: 58619068850 ns, Reaching safepoint: 6666 ns, Cleanup: 7893 ns, At safepoint: 12529 ns, Total: 27088 ns
[2025-05-12T03:54:51.600+0000][72][info ][safepoint   ] Safepoint "Cleanup", Time since last: 36098909053 ns, Reaching safepoint: 60612 ns, Cleanup: 18787 ns, At safepoint: 78556 ns, Total: 157955 ns
[2025-05-12T03:54:52.977+0000][72][info ][safepoint   ] Safepoint "Cleanup", Time since last: 1377210733 ns, Reaching safepoint: 18551 ns, Cleanup: 13698 ns, At safepoint: 7411 ns, Total: 39660 ns
[2025-05-12T03:55:02.011+0000][72][info ][safepoint   ] Safepoint "Cleanup", Time since last: 9035767251 ns, Reaching safepoint: 36390 ns, Cleanup: 22338 ns, At safepoint: 17230 ns, Total: 75958 ns
[2025-05-12T03:55:07.013+0000][72][info ][safepoint   ] Safepoint "Cleanup", Time since last: 5001644166 ns, Reaching safepoint: 33834 ns, Cleanup: 16504 ns, At safepoint: 15650 ns, Total: 65988 ns
[2025-05-12T03:55:16.079+0000][72][info ][safepoint   ] Safepoint "Cleanup", Time since last: 9066376841 ns, Reaching safepoint: 14109 ns, Cleanup: 10504 ns, At safepoint: 19178 ns, Total: 43791 ns
[2025-05-12T03:55:27.386+0000][72][info ][safepoint   ] Safepoint "Cleanup", Time since last: 11308722759 ns, Reaching safepoint: 37961 ns, Cleanup: 17447 ns, At safepoint: 19137 ns, Total: 74545 ns
[2025-05-12T03:55:41.388+0000][72][info ][safepoint   ] Safepoint "Cleanup", Time since last: 14002552410 ns, Reaching safepoint: 48698 ns, Cleanup: 12827 ns, At safepoint: 7215 ns, Total: 68740 ns
[2025-05-12T03:56:19.082+0000][72][info ][safepoint   ] Safepoint "Cleanup", Time since last: 37695406929 ns, Reaching safepoint: 15926 ns, Cleanup: 10752 ns, At safepoint: 13533 ns, Total: 40211 ns
[2025-05-12T03:58:03.431+0000][72][info ][safepoint   ] Safepoint "Cleanup", Time since last: 104358674429 ns, Reaching safepoint: 33688 ns, Cleanup: 16622 ns, At safepoint: 59048 ns, Total: 109358 ns
[2025-05-12T03:58:04.432+0000][72][info ][safepoint   ] Safepoint "Cleanup", Time since last: 1000873985 ns, Reaching safepoint: 34453 ns, Cleanup: 16232 ns, At safepoint: 17286 ns, Total: 67971 ns
[2025-05-12T03:58:47.465+0000][72][info ][safepoint   ] Safepoint "Cleanup", Time since last: 43034245515 ns, Reaching safepoint: 139343 ns, Cleanup: 17949 ns, At safepoint: 29934 ns, Total: 187226 ns
[2025-05-12T03:58:51.622+0000][72][info ][safepoint   ] Safepoint "Cleanup", Time since last: 4157352607 ns, Reaching safepoint: 13765 ns, Cleanup: 18551 ns, At safepoint: 83023 ns, Total: 115339 ns
[2025-05-12T03:58:53.242+0000][72][info ][safepoint   ] Safepoint "Cleanup", Time since last: 1619526785 ns, Reaching safepoint: 39991 ns, Cleanup: 56551 ns, At safepoint: 19915 ns, Total: 116457 ns
[2025-05-12T03:58:54.609+0000][72][info ][safepoint   ] Safepoint "Cleanup", Time since last: 1367524233 ns, Reaching safepoint: 6753 ns, Cleanup: 8199 ns, At safepoint: 3003 ns, Total: 17955 ns
[2025-05-12T03:58:56.314+0000][72][info ][safepoint   ] Safepoint "Cleanup", Time since last: 1704868526 ns, Reaching safepoint: 32177 ns, Cleanup: 46096 ns, At safepoint: 15324 ns, Total: 93597 ns
[2025-05-12T03:58:58.156+0000][72][info ][safepoint   ] Safepoint "Cleanup", Time since last: 1843733523 ns, Reaching safepoint: 21007 ns, Cleanup: 16581 ns, At safepoint: 8121 ns, Total: 45709 ns
[2025-05-12T03:59:07.367+0000][72][info ][safepoint   ] Safepoint "Cleanup", Time since last: 9210885089 ns, Reaching safepoint: 15106 ns, Cleanup: 16945 ns, At safepoint: 65769 ns, Total: 97820 ns
[2025-05-12T03:59:28.504+0000][72][info ][safepoint   ] Safepoint "Cleanup", Time since last: 21139316113 ns, Reaching safepoint: 15290 ns, Cleanup: 20676 ns, At safepoint: 83646 ns, Total: 119612 ns
[2025-05-12T03:59:29.589+0000][72][info ][safepoint   ] Safepoint "Cleanup", Time since last: 1084797196 ns, Reaching safepoint: 16981 ns, Cleanup: 17127 ns, At safepoint: 72053 ns, Total: 106161 ns
[2025-05-12T03:59:30.674+0000][72][info ][safepoint   ] Safepoint "Cleanup", Time since last: 1085289034 ns, Reaching safepoint: 70726 ns, Cleanup: 21988 ns, At safepoint: 11241 ns, Total: 103955 ns
[2025-05-12T03:59:34.239+0000][72][info ][safepoint   ] Safepoint "Cleanup", Time since last: 3564661781 ns, Reaching safepoint: 14737 ns, Cleanup: 17954 ns, At safepoint: 86198 ns, Total: 118889 ns
[2025-05-12T03:59:37.243+0000][72][info ][safepoint   ] Safepoint "Cleanup", Time since last: 3003544298 ns, Reaching safepoint: 20937 ns, Cleanup: 12224 ns, At safepoint: 8022 ns, Total: 41183 ns
[2025-05-12T03:59:55.488+0000][72][info ][safepoint   ] Safepoint "Cleanup", Time since last: 18245235705 ns, Reaching safepoint: 6393 ns, Cleanup: 6889 ns, At safepoint: 2905 ns, Total: 16187 ns
[2025-05-12T03:59:56.506+0000][72][info ][safepoint   ] Safepoint "Cleanup", Time since last: 1017706132 ns, Reaching safepoint: 36663 ns, Cleanup: 16886 ns, At safepoint: 18752 ns, Total: 72301 ns
[2025-05-12T04:00:41.557+0000][72][info ][safepoint   ] Safepoint "Cleanup", Time since last: 45055173424 ns, Reaching safepoint: 76847 ns, Cleanup: 18176 ns, At safepoint: 14861 ns, Total: 109884 ns
[2025-05-12T04:00:42.557+0000][72][info ][safepoint   ] Safepoint "Cleanup", Time since last: 1000719231 ns, Reaching safepoint: 30475 ns, Cleanup: 12685 ns, At safepoint: 14653 ns, Total: 57813 ns
[2025-05-12T04:00:52.560+0000][72][info ][safepoint   ] Safepoint "Cleanup", Time since last: 10002090118 ns, Reaching safepoint: 62952 ns, Cleanup: 14455 ns, At safepoint: 12008 ns, Total: 89415 ns
[2025-05-12T04:01:34.629+0000][72][info ][safepoint   ] Safepoint "Cleanup", Time since last: 42073552188 ns, Reaching safepoint: 34805 ns, Cleanup: 14507 ns, At safepoint: 15853 ns, Total: 65165 ns
[2025-05-12T04:02:09.658+0000][72][info ][safepoint   ] Safepoint "Cleanup", Time since last: 35032229807 ns, Reaching safepoint: 75829 ns, Cleanup: 15738 ns, At safepoint: 16807 ns, Total: 108374 ns
[2025-05-12T04:02:36.607+0000][72][info ][safepoint   ] Safepoint "Cleanup", Time since last: 26950973111 ns, Reaching safepoint: 27246 ns, Cleanup: 15604 ns, At safepoint: 94083 ns, Total: 136933 ns
[2025-05-12T04:03:03.700+0000][72][info ][safepoint   ] Safepoint "Cleanup", Time since last: 27095024711 ns, Reaching safepoint: 37225 ns, Cleanup: 15903 ns, At safepoint: 16853 ns, Total: 69981 ns
[2025-05-12T04:04:32.357+0000][72][info ][safepoint   ] Safepoint "Cleanup", Time since last: 88663107085 ns, Reaching safepoint: 37804 ns, Cleanup: 18192 ns, At safepoint: 93411 ns, Total: 149407 ns
[2025-05-12T04:04:41.360+0000][72][info ][safepoint   ] Safepoint "Cleanup", Time since last: 9002963785 ns, Reaching safepoint: 68278 ns, Cleanup: 17404 ns, At safepoint: 10250 ns, Total: 95932 ns
[2025-05-12T04:04:42.361+0000][72][info ][safepoint   ] Safepoint "Cleanup", Time since last: 1000757462 ns, Reaching safepoint: 31955 ns, Cleanup: 18106 ns, At safepoint: 15250 ns, Total: 65311 ns
[2025-05-12T04:04:43.815+0000][72][info ][safepoint   ] Safepoint "Cleanup", Time since last: 1454463462 ns, Reaching safepoint: 26246 ns, Cleanup: 18841 ns, At safepoint: 10096 ns, Total: 55183 ns
[2025-05-12T04:04:57.811+0000][72][info ][safepoint   ] Safepoint "Cleanup", Time since last: 14008865897 ns, Reaching safepoint: 28225 ns, Cleanup: 7904 ns, At safepoint: 13753 ns, Total: 49882 ns
[2025-05-12T04:04:59.853+0000][72][info ][safepoint   ] Safepoint "Cleanup", Time since last: 2042391663 ns, Reaching safepoint: 16108 ns, Cleanup: 18637 ns, At safepoint: 89222 ns, Total: 123967 ns
[2025-05-12T04:05:07.855+0000][72][info ][safepoint   ] Safepoint "Cleanup", Time since last: 8001582897 ns, Reaching safepoint: 34659 ns, Cleanup: 15790 ns, At safepoint: 15915 ns, Total: 66364 ns
[2025-05-12T04:06:11.909+0000][72][info ][safepoint   ] Safepoint "Cleanup", Time since last: 64047528053 ns, Reaching safepoint: 77015 ns, Cleanup: 15514 ns, At safepoint: 9014 ns, Total: 101543 ns
[2025-05-12T04:06:12.913+0000][72][info ][safepoint   ] Safepoint "Cleanup", Time since last: 1003796602 ns, Reaching safepoint: 19467 ns, Cleanup: 12697 ns, At safepoint: 7659 ns, Total: 39823 ns
[2025-05-12T04:06:33.430+0000][72][info ][safepoint   ] Safepoint "Cleanup", Time since last: 20519373591 ns, Reaching safepoint: 72692 ns, Cleanup: 14701 ns, At safepoint: 30435 ns, Total: 117828 ns
[2025-05-12T04:06:41.433+0000][72][info ][safepoint   ] Safepoint "Cleanup", Time since last: 8002361896 ns, Reaching safepoint: 81175 ns, Cleanup: 23412 ns, At safepoint: 19322 ns, Total: 123909 ns
[2025-05-12T04:06:51.560+0000][72][info ][gc,start    ] GC(21) Pause Young (Normal) (G1 Evacuation Pause)
[2025-05-12T04:06:51.566+0000][72][info ][gc,task     ] GC(21) Using 10 workers of 10 for evacuation
[2025-05-12T04:06:51.569+0000][72][debug][gc,age      ] GC(21) Desired survivor size 153092096 bytes, new threshold 15 (max threshold 15)
[2025-05-12T04:06:51.733+0000][72][info ][gc,phases   ] GC(21)   Pre Evacuate Collection Set: 16.83ms
[2025-05-12T04:06:51.733+0000][72][info ][gc,phases   ] GC(21)   Merge Heap Roots: 2.15ms
[2025-05-12T04:06:51.733+0000][72][info ][gc,phases   ] GC(21)   Evacuate Collection Set: 132.02ms
[2025-05-12T04:06:51.734+0000][72][info ][gc,phases   ] GC(21)   Post Evacuate Collection Set: 10.84ms
[2025-05-12T04:06:51.734+0000][72][info ][gc,phases   ] GC(21)   Other: 6.65ms
[2025-05-12T04:06:51.734+0000][72][trace][gc,age      ] GC(21) Age table with threshold 15 (max threshold 15)
[2025-05-12T04:06:51.734+0000][72][trace][gc,age      ] GC(21) - age   1:    2552544 bytes,    2552544 total
[2025-05-12T04:06:51.735+0000][72][trace][gc,age      ] GC(21) - age   2:    1596128 bytes,    4148672 total
[2025-05-12T04:06:51.735+0000][72][trace][gc,age      ] GC(21) - age   3:    3429808 bytes,    7578480 total
[2025-05-12T04:06:51.735+0000][72][trace][gc,age      ] GC(21) - age   4:      20528 bytes,    7599008 total
[2025-05-12T04:06:51.736+0000][72][trace][gc,age      ] GC(21) - age   5:    1868400 bytes,    9467408 total
[2025-05-12T04:06:51.736+0000][72][trace][gc,age      ] GC(21) - age   6:    7532768 bytes,   17000176 total
[2025-05-12T04:06:51.736+0000][72][info ][gc,heap     ] GC(21) Eden regions: 577->0(325)
[2025-05-12T04:06:51.737+0000][72][info ][gc,heap     ] GC(21) Survivor regions: 5->5(73)
[2025-05-12T04:06:51.737+0000][72][info ][gc,heap     ] GC(21) Old regions: 28->28
[2025-05-12T04:06:51.738+0000][72][info ][gc,heap     ] GC(21) Humongous regions: 0->0
[2025-05-12T04:06:51.738+0000][72][info ][gc,metaspace] GC(21) Metaspace: 148851K(152896K)->148851K(152896K) NonClass: 128731K(130880K)->128731K(130880K) Class: 20119K(22016K)->20119K(22016K)
[2025-05-12T04:06:51.739+0000][72][info ][gc          ] GC(21) Pause Young (Normal) (G1 Evacuation Pause) 2433M->126M(3880M) 178.645ms
[2025-05-12T04:06:51.739+0000][72][info ][gc,cpu      ] GC(21) User=1.17s Sys=0.00s Real=0.18s
[2025-05-12T04:06:51.740+0000][72][info ][safepoint   ] Safepoint "G1CollectForAllocation", Time since last: 10123232933 ns, Reaching safepoint: 18999 ns, Cleanup: 5477 ns, At safepoint: 183431457 ns, Total: 183455933 ns
[2025-05-12T04:06:54.741+0000][72][info ][safepoint   ] Safepoint "Cleanup", Time since last: 3000864828 ns, Reaching safepoint: 33963 ns, Cleanup: 15426 ns, At safepoint: 16996 ns, Total: 66385 ns
[2025-05-12T04:07:51.496+0000][72][info ][safepoint   ] Safepoint "Cleanup", Time since last: 56759878670 ns, Reaching safepoint: 16035 ns, Cleanup: 14011 ns, At safepoint: 20944 ns, Total: 50990 ns
[2025-05-12T04:07:53.002+0000][72][info ][safepoint   ] Safepoint "Cleanup", Time since last: 1505773153 ns, Reaching safepoint: 36555 ns, Cleanup: 20598 ns, At safepoint: 16664 ns, Total: 73817 ns
[2025-05-12T04:08:02.003+0000][72][info ][safepoint   ] Safepoint "Cleanup", Time since last: 9004187903 ns, Reaching safepoint: 60991 ns, Cleanup: 15450 ns, At safepoint: 9747 ns, Total: 86188 ns
[2025-05-12T04:08:04.004+0000][72][info ][safepoint   ] Safepoint "Cleanup", Time since last: 2000893137 ns, Reaching safepoint: 37449 ns, Cleanup: 17461 ns, At safepoint: 19213 ns, Total: 74123 ns
[2025-05-12T04:08:41.503+0000][72][info ][safepoint   ] Safepoint "Cleanup", Time since last: 37500321571 ns, Reaching safepoint: 49174 ns, Cleanup: 15181 ns, At safepoint: 7643 ns, Total: 71998 ns
[2025-05-12T04:08:46.504+0000][72][info ][safepoint   ] Safepoint "Cleanup", Time since last: 5001335121 ns, Reaching safepoint: 65894 ns, Cleanup: 15636 ns, At safepoint: 78709 ns, Total: 160239 ns
[2025-05-12T04:08:54.586+0000][72][info ][safepoint   ] Safepoint "Cleanup", Time since last: 8081605291 ns, Reaching safepoint: 33680 ns, Cleanup: 11747 ns, At safepoint: 129574 ns, Total: 175001 ns
[2025-05-12T04:09:25.532+0000][72][info ][safepoint   ] Safepoint "Cleanup", Time since last: 30947540340 ns, Reaching safepoint: 28469 ns, Cleanup: 14992 ns, At safepoint: 9627 ns, Total: 53088 ns
[2025-05-12T04:09:42.532+0000][72][info ][safepoint   ] Safepoint "Cleanup", Time since last: 17003207493 ns, Reaching safepoint: 78572 ns, Cleanup: 18244 ns, At safepoint: 16830 ns, Total: 113646 ns
[2025-05-12T04:10:00.572+0000][72][info ][safepoint   ] Safepoint "Cleanup", Time since last: 18040847179 ns, Reaching safepoint: 197315 ns, Cleanup: 11499 ns, At safepoint: 33129 ns, Total: 241943 ns
[2025-05-12T04:10:02.117+0000][72][info ][safepoint   ] Safepoint "Cleanup", Time since last: 1545249992 ns, Reaching safepoint: 36194 ns, Cleanup: 20627 ns, At safepoint: 18353 ns, Total: 75174 ns
[2025-05-12T04:10:54.698+0000][72][info ][safepoint   ] Safepoint "Cleanup", Time since last: 52583029629 ns, Reaching safepoint: 75778 ns, Cleanup: 18572 ns, At safepoint: 11077 ns, Total: 105427 ns
[2025-05-12T04:10:56.696+0000][72][info ][safepoint   ] Safepoint "Cleanup", Time since last: 2000733949 ns, Reaching safepoint: 21370 ns, Cleanup: 13816 ns, At safepoint: 8129 ns, Total: 43315 ns
[2025-05-12T04:11:00.587+0000][72][info ][safepoint   ] Safepoint "Cleanup", Time since last: 3890772665 ns, Reaching safepoint: 107247 ns, Cleanup: 10739 ns, At safepoint: 45820 ns, Total: 163806 ns
[2025-05-12T04:11:39.597+0000][72][info ][safepoint   ] Safepoint "Cleanup", Time since last: 39011534384 ns, Reaching safepoint: 81272 ns, Cleanup: 18226 ns, At safepoint: 17498 ns, Total: 116996 ns
[2025-05-12T04:12:02.599+0000][72][info ][safepoint   ] Safepoint "Cleanup", Time since last: 23004230828 ns, Reaching safepoint: 61586 ns, Cleanup: 15449 ns, At safepoint: 11080 ns, Total: 88115 ns
[2025-05-12T04:12:12.244+0000][72][info ][safepoint   ] Safepoint "Cleanup", Time since last: 9644671460 ns, Reaching safepoint: 27759 ns, Cleanup: 15732 ns, At safepoint: 9677 ns, Total: 53168 ns
[2025-05-12T04:12:22.474+0000][72][info ][safepoint   ] Safepoint "Cleanup", Time since last: 10230587557 ns, Reaching safepoint: 58942 ns, Cleanup: 15449 ns, At safepoint: 12261 ns, Total: 86652 ns
[2025-05-12T04:12:41.629+0000][72][info ][safepoint   ] Safepoint "Cleanup", Time since last: 19156363361 ns, Reaching safepoint: 78752 ns, Cleanup: 21548 ns, At safepoint: 20167 ns, Total: 120467 ns
[2025-05-12T04:13:06.594+0000][72][info ][safepoint   ] Safepoint "Cleanup", Time since last: 24967974330 ns, Reaching safepoint: 7400 ns, Cleanup: 7835 ns, At safepoint: 2896 ns, Total: 18131 ns
[2025-05-12T04:13:46.663+0000][72][info ][safepoint   ] Safepoint "Cleanup", Time since last: 40070488337 ns, Reaching safepoint: 72655 ns, Cleanup: 12537 ns, At safepoint: 36527 ns, Total: 121719 ns
[2025-05-12T04:13:57.598+0000][72][info ][safepoint   ] Safepoint "Cleanup", Time since last: 10937107577 ns, Reaching safepoint: 70173 ns, Cleanup: 12807 ns, At safepoint: 26191 ns, Total: 109171 ns
[2025-05-12T04:14:16.380+0000][72][info ][safepoint   ] Safepoint "Cleanup", Time since last: 18781657267 ns, Reaching safepoint: 12200 ns, Cleanup: 9644 ns, At safepoint: 29559 ns, Total: 51403 ns
[2025-05-12T04:14:34.901+0000][72][info ][safepoint   ] Safepoint "Cleanup", Time since last: 18523893679 ns, Reaching safepoint: 35198 ns, Cleanup: 20138 ns, At safepoint: 15417 ns, Total: 70753 ns
[2025-05-12T04:15:12.622+0000][72][info ][safepoint   ] Safepoint "Cleanup", Time since last: 37722844720 ns, Reaching safepoint: 15782 ns, Cleanup: 10982 ns, At safepoint: 67012 ns, Total: 93776 ns
[2025-05-12T04:15:34.991+0000][72][info ][safepoint   ] Safepoint "Cleanup", Time since last: 22370435217 ns, Reaching safepoint: 33324 ns, Cleanup: 34288 ns, At safepoint: 14313 ns, Total: 81925 ns
[2025-05-12T04:16:15.629+0000][72][info ][safepoint   ] Safepoint "Cleanup", Time since last: 40642832472 ns, Reaching safepoint: 16004 ns, Cleanup: 40222 ns, At safepoint: 17974 ns, Total: 74200 ns
[2025-05-12T04:17:46.814+0000][72][info ][safepoint   ] Safepoint "Cleanup", Time since last: 91189457334 ns, Reaching safepoint: 72123 ns, Cleanup: 13968 ns, At safepoint: 7946 ns, Total: 94037 ns
[2025-05-12T04:18:03.816+0000][72][info ][safepoint   ] Safepoint "Cleanup", Time since last: 17004083927 ns, Reaching safepoint: 34688 ns, Cleanup: 16495 ns, At safepoint: 18020 ns, Total: 69203 ns
[2025-05-12T04:18:43.855+0000][72][info ][safepoint   ] Safepoint "Cleanup", Time since last: 40040699422 ns, Reaching safepoint: 72078 ns, Cleanup: 16188 ns, At safepoint: 29550 ns, Total: 117816 ns
[2025-05-12T04:19:01.856+0000][72][info ][safepoint   ] Safepoint "Cleanup", Time since last: 18004172557 ns, Reaching safepoint: 68569 ns, Cleanup: 15143 ns, At safepoint: 30453 ns, Total: 114165 ns
[2025-05-12T04:19:41.794+0000][72][info ][safepoint   ] Safepoint "Cleanup", Time since last: 39938653010 ns, Reaching safepoint: 351487 ns, Cleanup: 20491 ns, At safepoint: 28270 ns, Total: 400248 ns
[2025-05-12T04:20:06.811+0000][72][info ][safepoint   ] Safepoint "Cleanup", Time since last: 25019535513 ns, Reaching safepoint: 53564 ns, Cleanup: 12037 ns, At safepoint: 66644 ns, Total: 132245 ns
[2025-05-12T04:20:07.852+0000][72][info ][safepoint   ] Safepoint "Cleanup", Time since last: 1040996140 ns, Reaching safepoint: 6526 ns, Cleanup: 8055 ns, At safepoint: 12517 ns, Total: 27098 ns
[2025-05-12T04:20:40.901+0000][72][info ][safepoint   ] Safepoint "Cleanup", Time since last: 33050897480 ns, Reaching safepoint: 326851 ns, Cleanup: 20364 ns, At safepoint: 29502 ns, Total: 376717 ns
[2025-05-12T04:21:30.923+0000][72][info ][safepoint   ] Safepoint "Cleanup", Time since last: 50026274278 ns, Reaching safepoint: 17588 ns, Cleanup: 19150 ns, At safepoint: 96952 ns, Total: 133690 ns
[2025-05-12T04:21:31.945+0000][72][info ][safepoint   ] Safepoint "Cleanup", Time since last: 1022086242 ns, Reaching safepoint: 78329 ns, Cleanup: 16597 ns, At safepoint: 32796 ns, Total: 127722 ns
[2025-05-12T04:21:40.948+0000][72][info ][safepoint   ] Safepoint "Cleanup", Time since last: 9002345933 ns, Reaching safepoint: 31840 ns, Cleanup: 14901 ns, At safepoint: 14626 ns, Total: 61367 ns
[2025-05-12T04:23:36.576+0000][72][info ][safepoint   ] Safepoint "Cleanup", Time since last: 115635972193 ns, Reaching safepoint: 31092 ns, Cleanup: 79325 ns, At safepoint: 74687 ns, Total: 185104 ns
[2025-05-12T04:23:38.027+0000][72][info ][safepoint   ] Safepoint "Cleanup", Time since last: 1451181317 ns, Reaching safepoint: 24344 ns, Cleanup: 16737 ns, At safepoint: 10730 ns, Total: 51811 ns
[2025-05-12T04:24:23.034+0000][72][info ][safepoint   ] Safepoint "Cleanup", Time since last: 45008696284 ns, Reaching safepoint: 74952 ns, Cleanup: 16147 ns, At safepoint: 16980 ns, Total: 108079 ns
[2025-05-12T04:24:40.053+0000][72][info ][safepoint   ] Safepoint "Cleanup", Time since last: 17021009808 ns, Reaching safepoint: 25812 ns, Cleanup: 15497 ns, At safepoint: 82863 ns, Total: 124172 ns
[2025-05-12T04:25:09.554+0000][72][info ][safepoint   ] Safepoint "Cleanup", Time since last: 29503232852 ns, Reaching safepoint: 189926 ns, Cleanup: 12513 ns, At safepoint: 32517 ns, Total: 234956 ns
[2025-05-12T04:25:11.094+0000][72][info ][safepoint   ] Safepoint "Cleanup", Time since last: 1540153600 ns, Reaching safepoint: 29269 ns, Cleanup: 19529 ns, At safepoint: 14643 ns, Total: 63441 ns
[2025-05-12T04:25:21.144+0000][72][info ][safepoint   ] Safepoint "Cleanup", Time since last: 10050043004 ns, Reaching safepoint: 71660 ns, Cleanup: 16091 ns, At safepoint: 12000 ns, Total: 99751 ns
[2025-05-12T04:25:43.161+0000][72][info ][safepoint   ] Safepoint "Cleanup", Time since last: 22017970873 ns, Reaching safepoint: 6569 ns, Cleanup: 10402 ns, At safepoint: 3190 ns, Total: 20161 ns
[2025-05-12T04:25:44.189+0000][72][info ][safepoint   ] Safepoint "Cleanup", Time since last: 1028112578 ns, Reaching safepoint: 15518 ns, Cleanup: 25242 ns, At safepoint: 83754 ns, Total: 124514 ns
[2025-05-12T04:26:07.196+0000][72][info ][safepoint   ] Safepoint "Cleanup", Time since last: 23009425054 ns, Reaching safepoint: 170008 ns, Cleanup: 19953 ns, At safepoint: 17127 ns, Total: 207088 ns
[2025-05-12T04:26:41.153+0000][72][info ][safepoint   ] Safepoint "Cleanup", Time since last: 33958470622 ns, Reaching safepoint: 62632 ns, Cleanup: 13963 ns, At safepoint: 15113 ns, Total: 91708 ns
[2025-05-12T04:26:45.558+0000][72][info ][safepoint   ] Safepoint "Cleanup", Time since last: 4404873767 ns, Reaching safepoint: 33868 ns, Cleanup: 13292 ns, At safepoint: 75899 ns, Total: 123059 ns
[2025-05-12T04:26:47.233+0000][72][info ][safepoint   ] Safepoint "Cleanup", Time since last: 1674536842 ns, Reaching safepoint: 32390 ns, Cleanup: 20628 ns, At safepoint: 15919 ns, Total: 68937 ns
[2025-05-12T04:28:03.286+0000][72][info ][safepoint   ] Safepoint "Cleanup", Time since last: 76059565754 ns, Reaching safepoint: 32244 ns, Cleanup: 16391 ns, At safepoint: 64127 ns, Total: 112762 ns
[2025-05-12T04:30:12.615+0000][72][info ][safepoint   ] Safepoint "Cleanup", Time since last: 129336995275 ns, Reaching safepoint: 9270 ns, Cleanup: 8540 ns, At safepoint: 12244 ns, Total: 30054 ns
[2025-05-12T04:30:14.447+0000][72][info ][safepoint   ] Safepoint "Cleanup", Time since last: 1832012740 ns, Reaching safepoint: 76587 ns, Cleanup: 26802 ns, At safepoint: 19609 ns, Total: 122998 ns
[2025-05-12T04:30:21.449+0000][72][info ][safepoint   ] Safepoint "Cleanup", Time since last: 7002077683 ns, Reaching safepoint: 30000 ns, Cleanup: 15044 ns, At safepoint: 15156 ns, Total: 60200 ns
[2025-05-12T04:30:51.848+0000][72][info ][safepoint   ] Safepoint "Cleanup", Time since last: 30400550580 ns, Reaching safepoint: 82414 ns, Cleanup: 15964 ns, At safepoint: 7443 ns, Total: 105821 ns
[2025-05-12T04:30:58.473+0000][72][info ][safepoint   ] Safepoint "Cleanup", Time since last: 6627801254 ns, Reaching safepoint: 19685 ns, Cleanup: 13049 ns, At safepoint: 66052 ns, Total: 98786 ns
[2025-05-12T04:31:41.348+0000][72][info ][safepoint   ] Safepoint "Cleanup", Time since last: 42876849162 ns, Reaching safepoint: 157564 ns, Cleanup: 16000 ns, At safepoint: 16787 ns, Total: 190351 ns
[2025-05-12T04:32:00.614+0000][72][info ][safepoint   ] Safepoint "Cleanup", Time since last: 19267930913 ns, Reaching safepoint: 31320 ns, Cleanup: 15265 ns, At safepoint: 67448 ns, Total: 114033 ns
[2025-05-12T04:36:54.554+0000][72][info ][safepoint   ] Safepoint "Cleanup", Time since last: 293957735643 ns, Reaching safepoint: 66578 ns, Cleanup: 17795 ns, At safepoint: 13128 ns, Total: 97501 ns
[2025-05-12T04:37:15.786+0000][72][info ][safepoint   ] Safepoint "Cleanup", Time since last: 21234770068 ns, Reaching safepoint: 15109 ns, Cleanup: 11770 ns, At safepoint: 18573 ns, Total: 45452 ns
[2025-05-12T04:38:03.578+0000][72][info ][safepoint   ] Safepoint "Cleanup", Time since last: 47795179035 ns, Reaching safepoint: 24185 ns, Cleanup: 13072 ns, At safepoint: 8314 ns, Total: 45571 ns
[2025-05-12T04:38:08.579+0000][72][info ][safepoint   ] Safepoint "Cleanup", Time since last: 5001141146 ns, Reaching safepoint: 23823 ns, Cleanup: 14439 ns, At safepoint: 11307 ns, Total: 49569 ns
[2025-05-12T04:39:05.603+0000][72][info ][safepoint   ] Safepoint "Cleanup", Time since last: 57028002582 ns, Reaching safepoint: 32419 ns, Cleanup: 19579 ns, At safepoint: 46443 ns, Total: 98441 ns
[2025-05-12T04:39:21.863+0000][72][info ][safepoint   ] Safepoint "Cleanup", Time since last: 16259994798 ns, Reaching safepoint: 17140 ns, Cleanup: 11121 ns, At safepoint: 25839 ns, Total: 54100 ns
[2025-05-12T04:39:22.883+0000][72][info ][safepoint   ] Safepoint "Cleanup", Time since last: 1019884035 ns, Reaching safepoint: 18625 ns, Cleanup: 17471 ns, At safepoint: 8326 ns, Total: 44422 ns
[2025-05-12T04:42:30.535+0000][72][info ][safepoint   ] Safepoint "Cleanup", Time since last: 187666000467 ns, Reaching safepoint: 111586 ns, Cleanup: 15765 ns, At safepoint: 45405 ns, Total: 172756 ns
[2025-05-12T04:42:32.051+0000][72][info ][safepoint   ] Safepoint "Cleanup", Time since last: 1516148757 ns, Reaching safepoint: 25501 ns, Cleanup: 16522 ns, At safepoint: 11292 ns, Total: 53315 ns
[2025-05-12T04:43:04.054+0000][72][info ][safepoint   ] Safepoint "Cleanup", Time since last: 32004669666 ns, Reaching safepoint: 25224 ns, Cleanup: 16254 ns, At safepoint: 10296 ns, Total: 51774 ns
[2025-05-12T04:43:34.069+0000][72][info ][safepoint   ] Safepoint "Cleanup", Time since last: 30016617611 ns, Reaching safepoint: 14296 ns, Cleanup: 11479 ns, At safepoint: 17231 ns, Total: 43006 ns
[2025-05-12T04:44:36.531+0000][72][info ][safepoint   ] Safepoint "Cleanup", Time since last: 62465972389 ns, Reaching safepoint: 11639 ns, Cleanup: 8249 ns, At safepoint: 18481 ns, Total: 38369 ns
[2025-05-12T04:45:07.150+0000][72][info ][safepoint   ] Safepoint "Cleanup", Time since last: 30621166103 ns, Reaching safepoint: 93347 ns, Cleanup: 16062 ns, At safepoint: 13122 ns, Total: 122531 ns
[2025-05-12T04:45:21.519+0000][72][info ][safepoint   ] Safepoint "Cleanup", Time since last: 14369041613 ns, Reaching safepoint: 10459 ns, Cleanup: 9210 ns, At safepoint: 13540 ns, Total: 33209 ns
[2025-05-12T04:45:41.268+0000][72][info ][safepoint   ] Safepoint "Cleanup", Time since last: 19751081811 ns, Reaching safepoint: 17014 ns, Cleanup: 11071 ns, At safepoint: 16803 ns, Total: 44888 ns
[2025-05-12T04:45:51.277+0000][72][info ][safepoint   ] Safepoint "Cleanup", Time since last: 10008423920 ns, Reaching safepoint: 77339 ns, Cleanup: 20442 ns, At safepoint: 34369 ns, Total: 132150 ns
[2025-05-12T04:48:04.347+0000][72][info ][safepoint   ] Safepoint "Cleanup", Time since last: 133079646320 ns, Reaching safepoint: 118571 ns, Cleanup: 21331 ns, At safepoint: 14728 ns, Total: 154630 ns
[2025-05-12T04:48:30.855+0000][72][info ][safepoint   ] Safepoint "Cleanup", Time since last: 26509703735 ns, Reaching safepoint: 24880 ns, Cleanup: 15766 ns, At safepoint: 10867 ns, Total: 51513 ns
[2025-05-12T04:49:51.518+0000][72][info ][safepoint   ] Safepoint "Cleanup", Time since last: 80667456624 ns, Reaching safepoint: 12566 ns, Cleanup: 8736 ns, At safepoint: 22913 ns, Total: 44215 ns
[2025-05-12T04:49:53.421+0000][72][info ][safepoint   ] Safepoint "Cleanup", Time since last: 1902753710 ns, Reaching safepoint: 24457 ns, Cleanup: 13503 ns, At safepoint: 10103 ns, Total: 48063 ns
[2025-05-12T04:50:24.537+0000][72][info ][safepoint   ] Safepoint "Cleanup", Time since last: 31117907555 ns, Reaching safepoint: 68877 ns, Cleanup: 11432 ns, At safepoint: 21770 ns, Total: 102079 ns
[2025-05-12T04:50:26.441+0000][72][info ][safepoint   ] Safepoint "Cleanup", Time since last: 1903457669 ns, Reaching safepoint: 34410 ns, Cleanup: 17808 ns, At safepoint: 17088 ns, Total: 69306 ns
[2025-05-12T04:51:52.046+0000][72][info ][gc,start    ] GC(22) Pause Young (Concurrent Start) (CodeCache GC Threshold)
[2025-05-12T04:51:52.047+0000][72][info ][gc,task     ] GC(22) Using 10 workers of 10 for evacuation
[2025-05-12T04:51:52.048+0000][72][debug][gc,age      ] GC(22) Desired survivor size 153092096 bytes, new threshold 15 (max threshold 15)
[2025-05-12T04:51:52.113+0000][72][info ][gc,phases   ] GC(22)   Pre Evacuate Collection Set: 4.61ms
[2025-05-12T04:51:52.114+0000][72][info ][gc,phases   ] GC(22)   Merge Heap Roots: 0.66ms
[2025-05-12T04:51:52.115+0000][72][info ][gc,phases   ] GC(22)   Evacuate Collection Set: 54.01ms
[2025-05-12T04:51:52.115+0000][72][info ][gc,phases   ] GC(22)   Post Evacuate Collection Set: 4.23ms
[2025-05-12T04:51:52.115+0000][72][info ][gc,phases   ] GC(22)   Other: 1.99ms
[2025-05-12T04:51:52.115+0000][72][trace][gc,age      ] GC(22) Age table with threshold 15 (max threshold 15)
[2025-05-12T04:51:52.116+0000][72][trace][gc,age      ] GC(22) - age   1:     998000 bytes,     998000 total
[2025-05-12T04:51:52.116+0000][72][trace][gc,age      ] GC(22) - age   2:     549144 bytes,    1547144 total
[2025-05-12T04:51:52.116+0000][72][trace][gc,age      ] GC(22) - age   3:    1481744 bytes,    3028888 total
[2025-05-12T04:51:52.117+0000][72][trace][gc,age      ] GC(22) - age   4:    3429536 bytes,    6458424 total
[2025-05-12T04:51:52.117+0000][72][trace][gc,age      ] GC(22) - age   5:      20528 bytes,    6478952 total
[2025-05-12T04:51:52.117+0000][72][trace][gc,age      ] GC(22) - age   6:    1866616 bytes,    8345568 total
[2025-05-12T04:51:52.117+0000][72][trace][gc,age      ] GC(22) - age   7:    7532728 bytes,   15878296 total
[2025-05-12T04:51:52.118+0000][72][info ][gc,heap     ] GC(22) Eden regions: 538->0(577)
[2025-05-12T04:51:52.118+0000][72][info ][gc,heap     ] GC(22) Survivor regions: 5->5(73)
[2025-05-12T04:51:52.118+0000][72][info ][gc,heap     ] GC(22) Old regions: 28->28
[2025-05-12T04:51:52.118+0000][72][info ][gc,heap     ] GC(22) Humongous regions: 0->0
[2025-05-12T04:51:52.119+0000][72][info ][gc,metaspace] GC(22) Metaspace: 148978K(153024K)->148978K(153024K) NonClass: 128857K(131008K)->128857K(131008K) Class: 20120K(22016K)->20120K(22016K)
[2025-05-12T04:51:52.119+0000][72][info ][gc          ] GC(22) Pause Young (Concurrent Start) (CodeCache GC Threshold) 2278M->127M(3880M) 72.724ms
[2025-05-12T04:51:52.120+0000][72][info ][gc,cpu      ] GC(22) User=0.41s Sys=0.00s Real=0.08s
[2025-05-12T04:51:52.120+0000][72][info ][safepoint   ] Safepoint "G1TryInitiateConcMark", Time since last: 85610674826 ns, Reaching safepoint: 45418 ns, Cleanup: 4975 ns, At safepoint: 73950100 ns, Total: 74000493 ns
[2025-05-12T04:51:52.120+0000][72][info ][gc          ] GC(23) Concurrent Mark Cycle
[2025-05-12T04:51:52.121+0000][72][info ][gc,marking  ] GC(23) Concurrent Scan Root Regions
[2025-05-12T04:51:52.209+0000][72][info ][gc,marking  ] GC(23) Concurrent Scan Root Regions 88.022ms
[2025-05-12T04:51:52.209+0000][72][info ][gc,marking  ] GC(23) Concurrent Mark
[2025-05-12T04:51:52.210+0000][72][info ][gc,marking  ] GC(23) Concurrent Mark From Roots
[2025-05-12T04:51:52.210+0000][72][info ][gc,task     ] GC(23) Using 3 workers of 3 for marking
[2025-05-12T04:51:52.463+0000][72][info ][gc,marking  ] GC(23) Concurrent Mark From Roots 253.436ms
[2025-05-12T04:51:52.463+0000][72][info ][gc,marking  ] GC(23) Concurrent Preclean
[2025-05-12T04:51:52.465+0000][72][info ][gc,marking  ] GC(23) Concurrent Preclean 1.392ms
[2025-05-12T04:51:52.465+0000][72][info ][gc,start    ] GC(23) Pause Remark
[2025-05-12T04:51:52.583+0000][72][info ][gc          ] GC(23) Pause Remark 128M->128M(3880M) 117.505ms
[2025-05-12T04:51:52.584+0000][72][info ][gc,cpu      ] GC(23) User=0.84s Sys=0.02s Real=0.12s
[2025-05-12T04:51:52.584+0000][72][info ][safepoint   ] Safepoint "G1PauseRemark", Time since last: 345488339 ns, Reaching safepoint: 23605 ns, Cleanup: 5563 ns, At safepoint: 118562914 ns, Total: 118592082 ns
[2025-05-12T04:51:52.584+0000][72][info ][gc,marking  ] GC(23) Concurrent Mark 375.208ms
[2025-05-12T04:51:52.585+0000][72][info ][gc,marking  ] GC(23) Concurrent Rebuild Remembered Sets and Scrub Regions
[2025-05-12T04:51:52.628+0000][72][info ][gc,marking  ] GC(23) Concurrent Rebuild Remembered Sets and Scrub Regions 43.285ms
[2025-05-12T04:51:52.630+0000][72][info ][gc,start    ] GC(23) Pause Cleanup
[2025-05-12T04:51:52.631+0000][72][info ][gc          ] GC(23) Pause Cleanup 130M->130M(3880M) 0.593ms
[2025-05-12T04:51:52.631+0000][72][info ][gc,cpu      ] GC(23) User=0.00s Sys=0.00s Real=0.00s
[2025-05-12T04:51:52.631+0000][72][info ][safepoint   ] Safepoint "G1PauseCleanup", Time since last: 45819101 ns, Reaching safepoint: 120577 ns, Cleanup: 178270 ns, At safepoint: 1304994 ns, Total: 1603841 ns
[2025-05-12T04:51:52.632+0000][72][info ][gc,marking  ] GC(23) Concurrent Clear Claimed Marks
[2025-05-12T04:51:52.632+0000][72][info ][gc,marking  ] GC(23) Concurrent Clear Claimed Marks 0.481ms
[2025-05-12T04:51:52.633+0000][72][info ][gc,marking  ] GC(23) Concurrent Cleanup for Next Mark
[2025-05-12T04:51:52.695+0000][72][info ][gc,marking  ] GC(23) Concurrent Cleanup for Next Mark 62.061ms
[2025-05-12T04:51:52.695+0000][72][info ][gc          ] GC(23) Concurrent Mark Cycle 575.109ms
[2025-05-12T04:53:00.532+0000][72][info ][safepoint   ] Safepoint "Cleanup", Time since last: 67906078603 ns, Reaching safepoint: 14616 ns, Cleanup: 11100 ns, At safepoint: 17444 ns, Total: 43160 ns
[2025-05-12T04:53:01.550+0000][72][info ][safepoint   ] Safepoint "Cleanup", Time since last: 1018040003 ns, Reaching safepoint: 19958 ns, Cleanup: 14660 ns, At safepoint: 8582 ns, Total: 43200 ns
[2025-05-12T04:55:06.546+0000][72][info ][safepoint   ] Safepoint "Cleanup", Time since last: 125003497240 ns, Reaching safepoint: 9297 ns, Cleanup: 8958 ns, At safepoint: 16410 ns, Total: 34665 ns
[2025-05-12T04:55:07.710+0000][72][info ][safepoint   ] Safepoint "Cleanup", Time since last: 1164577406 ns, Reaching safepoint: 25879 ns, Cleanup: 16133 ns, At safepoint: 11820 ns, Total: 53832 ns
[2025-05-12T04:55:27.717+0000][72][info ][safepoint   ] Safepoint "Cleanup", Time since last: 20008329361 ns, Reaching safepoint: 13874 ns, Cleanup: 11170 ns, At safepoint: 17327 ns, Total: 42371 ns
[2025-05-12T04:56:09.505+0000][72][info ][safepoint   ] Safepoint "Cleanup", Time since last: 41789402933 ns, Reaching safepoint: 7236 ns, Cleanup: 9562 ns, At safepoint: 11765 ns, Total: 28563 ns
[2025-05-12T04:57:22.818+0000][72][info ][safepoint   ] Safepoint "Cleanup", Time since last: 73316864324 ns, Reaching safepoint: 55033 ns, Cleanup: 16537 ns, At safepoint: 14299 ns, Total: 85869 ns
[2025-05-12T04:58:04.124+0000][72][info ][safepoint   ] Safepoint "Cleanup", Time since last: 41309873255 ns, Reaching safepoint: 21440 ns, Cleanup: 12968 ns, At safepoint: 9647 ns, Total: 44055 ns
[2025-05-12T04:58:54.501+0000][72][info ][safepoint   ] Safepoint "Cleanup", Time since last: 50378657655 ns, Reaching safepoint: 16607 ns, Cleanup: 11954 ns, At safepoint: 12678 ns, Total: 41239 ns
[2025-05-12T04:58:55.877+0000][72][info ][safepoint   ] Safepoint "Cleanup", Time since last: 1375799597 ns, Reaching safepoint: 27983 ns, Cleanup: 24328 ns, At safepoint: 12635 ns, Total: 64946 ns
[2025-05-12T04:58:56.951+0000][72][info ][safepoint   ] Safepoint "Cleanup", Time since last: 1075956463 ns, Reaching safepoint: 14950 ns, Cleanup: 10149 ns, At safepoint: 19428 ns, Total: 44527 ns
[2025-05-12T04:58:58.912+0000][72][info ][safepoint   ] Safepoint "Cleanup", Time since last: 1961311278 ns, Reaching safepoint: 25907 ns, Cleanup: 19959 ns, At safepoint: 11297 ns, Total: 57163 ns
[2025-05-12T04:59:09.992+0000][72][info ][safepoint   ] Safepoint "Cleanup", Time since last: 11079721459 ns, Reaching safepoint: 23439 ns, Cleanup: 11648 ns, At safepoint: 13463 ns, Total: 48550 ns
[2025-05-12T04:59:17.002+0000][72][info ][safepoint   ] Safepoint "Cleanup", Time since last: 7010003764 ns, Reaching safepoint: 31293 ns, Cleanup: 16881 ns, At safepoint: 12320 ns, Total: 60494 ns
[2025-05-12T04:59:19.047+0000][72][info ][safepoint   ] Safepoint "Cleanup", Time since last: 2044619072 ns, Reaching safepoint: 105657 ns, Cleanup: 8045 ns, At safepoint: 59553 ns, Total: 173255 ns
[2025-05-12T04:59:33.992+0000][72][info ][safepoint   ] Safepoint "Cleanup", Time since last: 14947075076 ns, Reaching safepoint: 6098 ns, Cleanup: 8010 ns, At safepoint: 12451 ns, Total: 26559 ns
[2025-05-12T05:00:12.009+0000][72][info ][safepoint   ] Safepoint "Cleanup", Time since last: 38018700533 ns, Reaching safepoint: 44516 ns, Cleanup: 13850 ns, At safepoint: 8289 ns, Total: 66655 ns
[2025-05-12T05:00:23.104+0000][72][info ][safepoint   ] Safepoint "Cleanup", Time since last: 11095044430 ns, Reaching safepoint: 14417 ns, Cleanup: 10965 ns, At safepoint: 18901 ns, Total: 44283 ns
[2025-05-12T05:00:32.124+0000][72][info ][safepoint   ] Safepoint "Cleanup", Time since last: 9021221662 ns, Reaching safepoint: 24258 ns, Cleanup: 13981 ns, At safepoint: 57970 ns, Total: 96209 ns
[2025-05-12T05:01:25.211+0000][72][info ][safepoint   ] Safepoint "Cleanup", Time since last: 53088676752 ns, Reaching safepoint: 7352 ns, Cleanup: 9633 ns, At safepoint: 3236 ns, Total: 20221 ns
[2025-05-12T05:01:34.193+0000][72][info ][safepoint   ] Safepoint "Cleanup", Time since last: 8983876951 ns, Reaching safepoint: 58944 ns, Cleanup: 14508 ns, At safepoint: 10762 ns, Total: 84214 ns
[2025-05-12T05:02:27.496+0000][72][info ][safepoint   ] Safepoint "Cleanup", Time since last: 53306371655 ns, Reaching safepoint: 13634 ns, Cleanup: 10378 ns, At safepoint: 18630 ns, Total: 42642 ns
[2025-05-12T05:04:34.268+0000][72][info ][safepoint   ] Safepoint "Cleanup", Time since last: 126779251741 ns, Reaching safepoint: 15269 ns, Cleanup: 12351 ns, At safepoint: 4597 ns, Total: 32217 ns
[2025-05-12T05:04:35.283+0000][72][info ][safepoint   ] Safepoint "Cleanup", Time since last: 1014926456 ns, Reaching safepoint: 25636 ns, Cleanup: 14435 ns, At safepoint: 10599 ns, Total: 50670 ns
[2025-05-12T05:05:36.498+0000][72][info ][safepoint   ] Safepoint "Cleanup", Time since last: 61218732250 ns, Reaching safepoint: 5999 ns, Cleanup: 8078 ns, At safepoint: 2691 ns, Total: 16768 ns
[2025-05-12T05:06:41.357+0000][72][info ][safepoint   ] Safepoint "Cleanup", Time since last: 64862920406 ns, Reaching safepoint: 18493 ns, Cleanup: 13976 ns, At safepoint: 8093 ns, Total: 40562 ns
[2025-05-12T05:08:04.385+0000][72][info ][safepoint   ] Safepoint "Cleanup", Time since last: 83032938128 ns, Reaching safepoint: 25095 ns, Cleanup: 15138 ns, At safepoint: 10274 ns, Total: 50507 ns
[2025-05-12T05:10:36.493+0000][72][info ][safepoint   ] Safepoint "Cleanup", Time since last: 152116931219 ns, Reaching safepoint: 17704 ns, Cleanup: 11586 ns, At safepoint: 4941 ns, Total: 34231 ns
[2025-05-12T05:10:40.486+0000][72][info ][safepoint   ] Safepoint "Cleanup", Time since last: 3992973376 ns, Reaching safepoint: 46575 ns, Cleanup: 13235 ns, At safepoint: 8161 ns, Total: 67971 ns
[2025-05-12T05:10:55.507+0000][72][info ][safepoint   ] Safepoint "Cleanup", Time since last: 15021290983 ns, Reaching safepoint: 56644 ns, Cleanup: 15327 ns, At safepoint: 13817 ns, Total: 85788 ns
[2025-05-12T05:11:15.197+0000][72][info ][safepoint   ] Safepoint "Cleanup", Time since last: 19691653925 ns, Reaching safepoint: 60564 ns, Cleanup: 16225 ns, At safepoint: 13795 ns, Total: 90584 ns
[2025-05-12T05:11:54.503+0000][72][info ][safepoint   ] Safepoint "Cleanup", Time since last: 39307940748 ns, Reaching safepoint: 6486 ns, Cleanup: 8344 ns, At safepoint: 3009 ns, Total: 17839 ns
[2025-05-12T05:11:55.527+0000][72][info ][safepoint   ] Safepoint "Cleanup", Time since last: 1023679463 ns, Reaching safepoint: 6812 ns, Cleanup: 12322 ns, At safepoint: 13190 ns, Total: 32324 ns
[2025-05-12T05:14:00.516+0000][72][info ][safepoint   ] Safepoint "Cleanup", Time since last: 124997515095 ns, Reaching safepoint: 9242 ns, Cleanup: 10250 ns, At safepoint: 12499 ns, Total: 31991 ns
[2025-05-12T05:14:01.603+0000][72][info ][safepoint   ] Safepoint "Cleanup", Time since last: 1086877633 ns, Reaching safepoint: 106705 ns, Cleanup: 11560 ns, At safepoint: 41033 ns, Total: 159298 ns
[2025-05-12T05:14:04.615+0000][72][info ][safepoint   ] Safepoint "Cleanup", Time since last: 3012774071 ns, Reaching safepoint: 26414 ns, Cleanup: 16252 ns, At safepoint: 10951 ns, Total: 53617 ns
[2025-05-12T05:14:24.619+0000][72][info ][safepoint   ] Safepoint "Cleanup", Time since last: 20003000171 ns, Reaching safepoint: 105040 ns, Cleanup: 13040 ns, At safepoint: 10289 ns, Total: 128369 ns
[2025-05-12T05:15:01.640+0000][72][info ][safepoint   ] Safepoint "Cleanup", Time since last: 37024876544 ns, Reaching safepoint: 47182 ns, Cleanup: 16680 ns, At safepoint: 10247 ns, Total: 74109 ns
[2025-05-12T05:15:03.650+0000][72][info ][safepoint   ] Safepoint "Cleanup", Time since last: 2009962033 ns, Reaching safepoint: 7107 ns, Cleanup: 9405 ns, At safepoint: 12567 ns, Total: 29079 ns
[2025-05-12T05:15:39.501+0000][72][info ][safepoint   ] Safepoint "Cleanup", Time since last: 35852856481 ns, Reaching safepoint: 39459 ns, Cleanup: 10578 ns, At safepoint: 20234 ns, Total: 70271 ns
[2025-05-12T05:15:40.679+0000][72][info ][safepoint   ] Safepoint "Cleanup", Time since last: 1178086973 ns, Reaching safepoint: 26338 ns, Cleanup: 19119 ns, At safepoint: 11199 ns, Total: 56656 ns
[2025-05-12T05:16:06.527+0000][72][info ][safepoint   ] Safepoint "Cleanup", Time since last: 25849900026 ns, Reaching safepoint: 97905 ns, Cleanup: 11217 ns, At safepoint: 33423 ns, Total: 142545 ns
[2025-05-12T05:16:07.717+0000][72][info ][safepoint   ] Safepoint "Cleanup", Time since last: 1189725048 ns, Reaching safepoint: 6980 ns, Cleanup: 16438 ns, At safepoint: 13945 ns, Total: 37363 ns
[2025-05-12T05:18:02.666+0000][72][info ][safepoint   ] Safepoint "Cleanup", Time since last: 114955894136 ns, Reaching safepoint: 27224 ns, Cleanup: 16243 ns, At safepoint: 52999 ns, Total: 96466 ns
[2025-05-12T05:20:40.747+0000][72][info ][safepoint   ] Safepoint "Cleanup", Time since last: 158089157462 ns, Reaching safepoint: 83724 ns, Cleanup: 15655 ns, At safepoint: 15653 ns, Total: 115032 ns
[2025-05-12T05:23:40.944+0000][72][info ][safepoint   ] Safepoint "Cleanup", Time since last: 180207670141 ns, Reaching safepoint: 55145 ns, Cleanup: 15736 ns, At safepoint: 10575 ns, Total: 81456 ns
[2025-05-12T05:24:30.967+0000][72][info ][safepoint   ] Safepoint "Cleanup", Time since last: 50026273973 ns, Reaching safepoint: 7162 ns, Cleanup: 8534 ns, At safepoint: 13302 ns, Total: 28998 ns
[2025-05-12T05:24:40.969+0000][72][info ][safepoint   ] Safepoint "Cleanup", Time since last: 10002514708 ns, Reaching safepoint: 24622 ns, Cleanup: 19795 ns, At safepoint: 11360 ns, Total: 55777 ns
[2025-05-12T05:24:51.971+0000][72][info ][safepoint   ] Safepoint "Cleanup", Time since last: 11002142626 ns, Reaching safepoint: 58712 ns, Cleanup: 15977 ns, At safepoint: 10787 ns, Total: 85476 ns
[2025-05-12T05:24:52.972+0000][72][info ][safepoint   ] Safepoint "Cleanup", Time since last: 1000720255 ns, Reaching safepoint: 24919 ns, Cleanup: 15102 ns, At safepoint: 11623 ns, Total: 51644 ns
[2025-05-12T05:25:04.972+0000][72][info ][safepoint   ] Safepoint "Cleanup", Time since last: 12002003568 ns, Reaching safepoint: 56227 ns, Cleanup: 18253 ns, At safepoint: 10245 ns, Total: 84725 ns
[2025-05-12T05:26:37.075+0000][72][info ][safepoint   ] Safepoint "Cleanup", Time since last: 92107776433 ns, Reaching safepoint: 13880 ns, Cleanup: 13081 ns, At safepoint: 20590 ns, Total: 47551 ns
[2025-05-12T05:26:41.073+0000][72][info ][safepoint   ] Safepoint "Cleanup", Time since last: 3998245635 ns, Reaching safepoint: 25996 ns, Cleanup: 15401 ns, At safepoint: 37401 ns, Total: 78798 ns
[2025-05-12T05:27:05.076+0000][72][info ][safepoint   ] Safepoint "Cleanup", Time since last: 24003834621 ns, Reaching safepoint: 89607 ns, Cleanup: 13585 ns, At safepoint: 10715 ns, Total: 113907 ns
[2025-05-12T05:28:40.974+0000][72][info ][safepoint   ] Safepoint "Cleanup", Time since last: 95903146917 ns, Reaching safepoint: 74814 ns, Cleanup: 19718 ns, At safepoint: 35260 ns, Total: 129792 ns
[2025-05-12T05:28:52.119+0000][72][info ][safepoint   ] Safepoint "Cleanup", Time since last: 11144746478 ns, Reaching safepoint: 56293 ns, Cleanup: 18193 ns, At safepoint: 13315 ns, Total: 87801 ns
[2025-05-12T05:29:41.134+0000][72][info ][safepoint   ] Safepoint "Cleanup", Time since last: 49018988286 ns, Reaching safepoint: 52689 ns, Cleanup: 15613 ns, At safepoint: 10145 ns, Total: 78447 ns
[2025-05-12T05:30:47.030+0000][72][info ][safepoint   ] Safepoint "Cleanup", Time since last: 65899171875 ns, Reaching safepoint: 53487 ns, Cleanup: 18070 ns, At safepoint: 10724 ns, Total: 82281 ns
[2025-05-12T05:30:48.538+0000][72][info ][safepoint   ] Safepoint "Cleanup", Time since last: 1507366111 ns, Reaching safepoint: 93130 ns, Cleanup: 10425 ns, At safepoint: 40095 ns, Total: 143650 ns
[2025-05-12T05:30:50.187+0000][72][info ][safepoint   ] Safepoint "Cleanup", Time since last: 1649037555 ns, Reaching safepoint: 25600 ns, Cleanup: 17543 ns, At safepoint: 11675 ns, Total: 54818 ns
[2025-05-12T05:31:02.206+0000][72][info ][safepoint   ] Safepoint "Cleanup", Time since last: 12020947497 ns, Reaching safepoint: 58964 ns, Cleanup: 14889 ns, At safepoint: 12173 ns, Total: 86026 ns
[2025-05-12T05:31:07.207+0000][72][info ][safepoint   ] Safepoint "Cleanup", Time since last: 5001095209 ns, Reaching safepoint: 18483 ns, Cleanup: 13866 ns, At safepoint: 8734 ns, Total: 41083 ns
[2025-05-12T05:31:26.558+0000][72][info ][safepoint   ] Safepoint "Cleanup", Time since last: 19350558656 ns, Reaching safepoint: 14316 ns, Cleanup: 10257 ns, At safepoint: 4355 ns, Total: 28928 ns
[2025-05-12T05:31:27.582+0000][72][info ][safepoint   ] Safepoint "Cleanup", Time since last: 1025980333 ns, Reaching safepoint: 24899 ns, Cleanup: 14656 ns, At safepoint: 10978 ns, Total: 50533 ns
[2025-05-12T05:32:02.234+0000][72][info ][safepoint   ] Safepoint "Cleanup", Time since last: 34653763613 ns, Reaching safepoint: 56249 ns, Cleanup: 13995 ns, At safepoint: 10349 ns, Total: 80593 ns
[2025-05-12T05:32:54.523+0000][72][info ][safepoint   ] Safepoint "Cleanup", Time since last: 52290329356 ns, Reaching safepoint: 7224 ns, Cleanup: 9278 ns, At safepoint: 2944 ns, Total: 19446 ns
[2025-05-12T05:32:56.255+0000][72][info ][safepoint   ] Safepoint "Cleanup", Time since last: 1732255532 ns, Reaching safepoint: 29116 ns, Cleanup: 18362 ns, At safepoint: 10446 ns, Total: 57924 ns
[2025-05-12T05:33:03.255+0000][72][info ][safepoint   ] Safepoint "Cleanup", Time since last: 7001246467 ns, Reaching safepoint: 24253 ns, Cleanup: 15160 ns, At safepoint: 43915 ns, Total: 83328 ns
[2025-05-12T05:33:42.113+0000][72][info ][safepoint   ] Safepoint "Cleanup", Time since last: 38859850194 ns, Reaching safepoint: 89568 ns, Cleanup: 14597 ns, At safepoint: 11072 ns, Total: 115237 ns
[2025-05-12T05:34:32.137+0000][72][info ][safepoint   ] Safepoint "Cleanup", Time since last: 50027628581 ns, Reaching safepoint: 54203 ns, Cleanup: 16166 ns, At safepoint: 13428 ns, Total: 83797 ns
[2025-05-12T05:36:04.374+0000][72][info ][safepoint   ] Safepoint "Cleanup", Time since last: 92242062163 ns, Reaching safepoint: 11256 ns, Cleanup: 11591 ns, At safepoint: 18029 ns, Total: 40876 ns
[2025-05-12T05:36:21.398+0000][72][info ][safepoint   ] Safepoint "Cleanup", Time since last: 17023503070 ns, Reaching safepoint: 107817 ns, Cleanup: 17451 ns, At safepoint: 19082 ns, Total: 144350 ns
[2025-05-12T05:36:26.221+0000][72][info ][safepoint   ] Safepoint "Cleanup", Time since last: 4822803810 ns, Reaching safepoint: 13331 ns, Cleanup: 12483 ns, At safepoint: 19888 ns, Total: 45702 ns
[2025-05-12T05:37:06.519+0000][72][info ][safepoint   ] Safepoint "Cleanup", Time since last: 40301214769 ns, Reaching safepoint: 8448 ns, Cleanup: 10620 ns, At safepoint: 3174 ns, Total: 22242 ns
[2025-05-12T05:39:12.245+0000][72][info ][safepoint   ] Safepoint "Cleanup", Time since last: 125732838152 ns, Reaching safepoint: 88012 ns, Cleanup: 15437 ns, At safepoint: 12324 ns, Total: 115773 ns
[2025-05-12T05:39:52.268+0000][72][info ][safepoint   ] Safepoint "Cleanup", Time since last: 40025456240 ns, Reaching safepoint: 62456 ns, Cleanup: 15666 ns, At safepoint: 11379 ns, Total: 89501 ns
[2025-05-12T05:40:47.294+0000][72][info ][safepoint   ] Safepoint "Cleanup", Time since last: 55029319058 ns, Reaching safepoint: 61487 ns, Cleanup: 16340 ns, At safepoint: 12573 ns, Total: 90400 ns
[2025-05-12T05:42:21.644+0000][72][info ][safepoint   ] Safepoint "Cleanup", Time since last: 94354818286 ns, Reaching safepoint: 14092 ns, Cleanup: 11245 ns, At safepoint: 18724 ns, Total: 44061 ns
[2025-05-12T05:43:24.706+0000][72][info ][gc,start    ] GC(24) Pause Young (Prepare Mixed) (G1 Evacuation Pause)
[2025-05-12T05:43:24.706+0000][72][info ][gc,task     ] GC(24) Using 10 workers of 10 for evacuation
[2025-05-12T05:43:24.707+0000][72][debug][gc,age      ] GC(24) Desired survivor size 153092096 bytes, new threshold 15 (max threshold 15)
[2025-05-12T05:43:24.729+0000][72][info ][gc,phases   ] GC(24)   Pre Evacuate Collection Set: 0.82ms
[2025-05-12T05:43:24.729+0000][72][info ][gc,phases   ] GC(24)   Merge Heap Roots: 0.75ms
[2025-05-12T05:43:24.729+0000][72][info ][gc,phases   ] GC(24)   Evacuate Collection Set: 16.53ms
[2025-05-12T05:43:24.730+0000][72][info ][gc,phases   ] GC(24)   Post Evacuate Collection Set: 2.96ms
[2025-05-12T05:43:24.730+0000][72][info ][gc,phases   ] GC(24)   Other: 1.16ms
[2025-05-12T05:43:24.730+0000][72][trace][gc,age      ] GC(24) Age table with threshold 15 (max threshold 15)
[2025-05-12T05:43:24.730+0000][72][trace][gc,age      ] GC(24) - age   1:    1831880 bytes,    1831880 total
[2025-05-12T05:43:24.731+0000][72][trace][gc,age      ] GC(24) - age   2:     408096 bytes,    2239976 total
[2025-05-12T05:43:24.731+0000][72][trace][gc,age      ] GC(24) - age   3:     340416 bytes,    2580392 total
[2025-05-12T05:43:24.731+0000][72][trace][gc,age      ] GC(24) - age   4:    1481376 bytes,    4061768 total
[2025-05-12T05:43:24.731+0000][72][trace][gc,age      ] GC(24) - age   5:    3426960 bytes,    7488728 total
[2025-05-12T05:43:24.732+0000][72][trace][gc,age      ] GC(24) - age   6:      20448 bytes,    7509176 total
[2025-05-12T05:43:24.732+0000][72][trace][gc,age      ] GC(24) - age   7:    1828816 bytes,    9337992 total
[2025-05-12T05:43:24.732+0000][72][trace][gc,age      ] GC(24) - age   8:    7517936 bytes,   16855928 total
[2025-05-12T05:43:24.732+0000][72][info ][gc,heap     ] GC(24) Eden regions: 577->0(577)
[2025-05-12T05:43:24.733+0000][72][info ][gc,heap     ] GC(24) Survivor regions: 5->5(73)
[2025-05-12T05:43:24.733+0000][72][info ][gc,heap     ] GC(24) Old regions: 28->28
[2025-05-12T05:43:24.733+0000][72][info ][gc,heap     ] GC(24) Humongous regions: 0->0
[2025-05-12T05:43:24.733+0000][72][info ][gc,metaspace] GC(24) Metaspace: 146693K(153024K)->146693K(153024K) NonClass: 127205K(131008K)->127205K(131008K) Class: 19487K(22016K)->19487K(22016K)
[2025-05-12T05:43:24.734+0000][72][info ][gc          ] GC(24) Pause Young (Prepare Mixed) (G1 Evacuation Pause) 2435M->127M(3880M) 28.018ms
[2025-05-12T05:43:24.734+0000][72][info ][gc,cpu      ] GC(24) User=0.15s Sys=0.01s Real=0.02s
[2025-05-12T05:43:24.734+0000][72][info ][safepoint   ] Safepoint "G1CollectForAllocation", Time since last: 63064701766 ns, Reaching safepoint: 19425 ns, Cleanup: 5238 ns, At safepoint: 28970098 ns, Total: 28994761 ns
[2025-05-12T05:44:40.846+0000][72][info ][safepoint   ] Safepoint "Cleanup", Time since last: 76116857365 ns, Reaching safepoint: 25747 ns, Cleanup: 17602 ns, At safepoint: 11931 ns, Total: 55280 ns
[2025-05-12T05:45:24.851+0000][72][info ][safepoint   ] Safepoint "Cleanup", Time since last: 44006675968 ns, Reaching safepoint: 59969 ns, Cleanup: 16526 ns, At safepoint: 11689 ns, Total: 88184 ns
[2025-05-12T05:47:16.943+0000][72][info ][safepoint   ] Safepoint "Cleanup", Time since last: 112099228647 ns, Reaching safepoint: 56358 ns, Cleanup: 15881 ns, At safepoint: 14986 ns, Total: 87225 ns
[2025-05-12T05:47:36.964+0000][72][info ][safepoint   ] Safepoint "Cleanup", Time since last: 20021613954 ns, Reaching safepoint: 12892 ns, Cleanup: 10535 ns, At safepoint: 42221 ns, Total: 65648 ns
[2025-05-12T05:47:56.982+0000][72][info ][safepoint   ] Safepoint "Cleanup", Time since last: 20019889434 ns, Reaching safepoint: 61739 ns, Cleanup: 14394 ns, At safepoint: 10099 ns, Total: 86232 ns
[2025-05-12T05:48:03.983+0000][72][info ][safepoint   ] Safepoint "Cleanup", Time since last: 7001287303 ns, Reaching safepoint: 58003 ns, Cleanup: 15706 ns, At safepoint: 12518 ns, Total: 86227 ns
[2025-05-12T05:51:49.137+0000][72][info ][safepoint   ] Safepoint "Cleanup", Time since last: 225166037937 ns, Reaching safepoint: 6458 ns, Cleanup: 8979 ns, At safepoint: 12516 ns, Total: 27953 ns
[2025-05-12T05:52:40.615+0000][72][info ][safepoint   ] Safepoint "Cleanup", Time since last: 51480259872 ns, Reaching safepoint: 57229 ns, Cleanup: 17441 ns, At safepoint: 12793 ns, Total: 87463 ns
[2025-05-12T05:52:52.152+0000][72][info ][safepoint   ] Safepoint "Cleanup", Time since last: 11537570010 ns, Reaching safepoint: 12448 ns, Cleanup: 12084 ns, At safepoint: 59270 ns, Total: 83802 ns
[2025-05-12T05:53:54.517+0000][72][info ][safepoint   ] Safepoint "Cleanup", Time since last: 62367350204 ns, Reaching safepoint: 14122 ns, Cleanup: 10059 ns, At safepoint: 17101 ns, Total: 41282 ns
[2025-05-12T05:54:58.201+0000][72][info ][safepoint   ] Safepoint "Cleanup", Time since last: 63689806511 ns, Reaching safepoint: 8164 ns, Cleanup: 10226 ns, At safepoint: 14021 ns, Total: 32411 ns
[2025-05-12T05:57:04.280+0000][72][info ][safepoint   ] Safepoint "Cleanup", Time since last: 126085745913 ns, Reaching safepoint: 16471 ns, Cleanup: 11163 ns, At safepoint: 4567 ns, Total: 32201 ns
[2025-05-12T05:58:03.745+0000][72][info ][safepoint   ] Safepoint "Cleanup", Time since last: 59468228862 ns, Reaching safepoint: 18711 ns, Cleanup: 14994 ns, At safepoint: 9474 ns, Total: 43179 ns
[2025-05-12T05:58:05.746+0000][72][info ][safepoint   ] Safepoint "Cleanup", Time since last: 2000657389 ns, Reaching safepoint: 27329 ns, Cleanup: 15713 ns, At safepoint: 10892 ns, Total: 53934 ns
[2025-05-12T05:58:35.769+0000][72][info ][safepoint   ] Safepoint "Cleanup", Time since last: 30024757556 ns, Reaching safepoint: 50087 ns, Cleanup: 14026 ns, At safepoint: 10964 ns, Total: 75077 ns
[2025-05-12T05:58:57.508+0000][72][info ][safepoint   ] Safepoint "Cleanup", Time since last: 21740770811 ns, Reaching safepoint: 70318 ns, Cleanup: 11463 ns, At safepoint: 19341 ns, Total: 101122 ns
[2025-05-12T05:58:59.335+0000][72][info ][safepoint   ] Safepoint "Cleanup", Time since last: 1826216149 ns, Reaching safepoint: 25494 ns, Cleanup: 21204 ns, At safepoint: 11009 ns, Total: 57707 ns
[2025-05-12T05:59:13.387+0000][72][info ][safepoint   ] Safepoint "Cleanup", Time since last: 14051765955 ns, Reaching safepoint: 7772 ns, Cleanup: 11110 ns, At safepoint: 3321 ns, Total: 22203 ns
[2025-05-12T06:00:13.422+0000][72][info ][safepoint   ] Safepoint "Cleanup", Time since last: 60038962489 ns, Reaching safepoint: 15486 ns, Cleanup: 15784 ns, At safepoint: 16093 ns, Total: 47363 ns
[2025-05-12T06:00:14.439+0000][72][info ][safepoint   ] Safepoint "Cleanup", Time since last: 1017545433 ns, Reaching safepoint: 14410 ns, Cleanup: 9666 ns, At safepoint: 17214 ns, Total: 41290 ns
[2025-05-12T06:00:40.825+0000][72][info ][safepoint   ] Safepoint "Cleanup", Time since last: 26387453076 ns, Reaching safepoint: 80438 ns, Cleanup: 21448 ns, At safepoint: 35009 ns, Total: 136895 ns
[2025-05-12T06:01:54.853+0000][72][info ][safepoint   ] Safepoint "Cleanup", Time since last: 74030248022 ns, Reaching safepoint: 54736 ns, Cleanup: 19203 ns, At safepoint: 22883 ns, Total: 96822 ns
[2025-05-12T06:03:02.878+0000][72][info ][safepoint   ] Safepoint "Cleanup", Time since last: 68029910015 ns, Reaching safepoint: 27434 ns, Cleanup: 17193 ns, At safepoint: 46607 ns, Total: 91234 ns
[2025-05-12T06:03:21.523+0000][72][info ][safepoint   ] Safepoint "Cleanup", Time since last: 18645430377 ns, Reaching safepoint: 7795 ns, Cleanup: 7587 ns, At safepoint: 2730 ns, Total: 18112 ns
[2025-05-12T06:03:59.906+0000][72][info ][safepoint   ] Safepoint "Cleanup", Time since last: 38385743301 ns, Reaching safepoint: 62286 ns, Cleanup: 13337 ns, At safepoint: 7712 ns, Total: 83335 ns
[2025-05-12T06:05:21.938+0000][72][info ][safepoint   ] Safepoint "Cleanup", Time since last: 82034813395 ns, Reaching safepoint: 58593 ns, Cleanup: 16559 ns, At safepoint: 12264 ns, Total: 87416 ns
[2025-05-12T06:07:40.694+0000][72][info ][safepoint   ] Safepoint "Cleanup", Time since last: 138764277997 ns, Reaching safepoint: 24642 ns, Cleanup: 14173 ns, At safepoint: 10238 ns, Total: 49053 ns
[2025-05-12T06:08:03.696+0000][72][info ][safepoint   ] Safepoint "Cleanup", Time since last: 23003718874 ns, Reaching safepoint: 26380 ns, Cleanup: 31290 ns, At safepoint: 12782 ns, Total: 70452 ns
[2025-05-12T06:08:36.707+0000][72][info ][safepoint   ] Safepoint "Cleanup", Time since last: 33012473728 ns, Reaching safepoint: 8722 ns, Cleanup: 9797 ns, At safepoint: 15835 ns, Total: 34354 ns
[2025-05-12T06:10:11.870+0000][72][info ][safepoint   ] Safepoint "Cleanup", Time since last: 95167009535 ns, Reaching safepoint: 72441 ns, Cleanup: 260599 ns, At safepoint: 126812 ns, Total: 459852 ns
[2025-05-12T06:11:26.320+0000][72][info ][safepoint   ] Safepoint "Cleanup", Time since last: 74453332737 ns, Reaching safepoint: 17485 ns, Cleanup: 145423 ns, At safepoint: 93392 ns, Total: 256300 ns
[2025-05-12T06:11:45.648+0000][72][info ][safepoint   ] Safepoint "Cleanup", Time since last: 19329324835 ns, Reaching safepoint: 26265 ns, Cleanup: 17836 ns, At safepoint: 70661 ns, Total: 114762 ns
[2025-05-12T06:11:46.973+0000][72][info ][safepoint   ] Safepoint "Cleanup", Time since last: 1325209378 ns, Reaching safepoint: 18452 ns, Cleanup: 15061 ns, At safepoint: 8966 ns, Total: 42479 ns
[2025-05-12T06:13:49.336+0000][72][info ][safepoint   ] Safepoint "Cleanup", Time since last: 122369741325 ns, Reaching safepoint: 76788 ns, Cleanup: 16997 ns, At safepoint: 17916 ns, Total: 111701 ns
[2025-05-12T06:13:51.510+0000][72][info ][safepoint   ] Safepoint "Cleanup", Time since last: 2173808646 ns, Reaching safepoint: 35124 ns, Cleanup: 21522 ns, At safepoint: 78907 ns, Total: 135553 ns
[2025-05-12T06:15:57.512+0000][72][info ][safepoint   ] Safepoint "Cleanup", Time since last: 126010201668 ns, Reaching safepoint: 31875 ns, Cleanup: 239978 ns, At safepoint: 83886 ns, Total: 355739 ns
[2025-05-12T06:16:12.173+0000][72][info ][safepoint   ] Safepoint "Cleanup", Time since last: 14661153557 ns, Reaching safepoint: 17224 ns, Cleanup: 12472 ns, At safepoint: 7612 ns, Total: 37308 ns
[2025-05-12T06:16:17.189+0000][72][info ][safepoint   ] Safepoint "Cleanup", Time since last: 5016536961 ns, Reaching safepoint: 30353 ns, Cleanup: 17870 ns, At safepoint: 17996 ns, Total: 66219 ns
[2025-05-12T06:17:01.240+0000][72][info ][safepoint   ] Safepoint "Cleanup", Time since last: 44054046997 ns, Reaching safepoint: 16454 ns, Cleanup: 25527 ns, At safepoint: 87586 ns, Total: 129567 ns
[2025-05-12T06:18:41.523+0000][72][info ][safepoint   ] Safepoint "Cleanup", Time since last: 100287404400 ns, Reaching safepoint: 65279 ns, Cleanup: 15583 ns, At safepoint: 16204 ns, Total: 97066 ns
[2025-05-12T06:19:06.523+0000][72][info ][safepoint   ] Safepoint "Cleanup", Time since last: 25001248010 ns, Reaching safepoint: 400299 ns, Cleanup: 17037 ns, At safepoint: 165330 ns, Total: 582666 ns
[2025-05-12T06:19:40.561+0000][72][info ][safepoint   ] Safepoint "Cleanup", Time since last: 34039202479 ns, Reaching safepoint: 71119 ns, Cleanup: 23583 ns, At safepoint: 18449 ns, Total: 113151 ns
[2025-05-12T06:21:40.634+0000][72][info ][safepoint   ] Safepoint "Cleanup", Time since last: 120081304060 ns, Reaching safepoint: 49218 ns, Cleanup: 16216 ns, At safepoint: 8122 ns, Total: 73556 ns
[2025-05-12T06:22:40.674+0000][72][info ][safepoint   ] Safepoint "Cleanup", Time since last: 60043127662 ns, Reaching safepoint: 44607 ns, Cleanup: 13349 ns, At safepoint: 52789 ns, Total: 110745 ns
[2025-05-12T06:23:19.564+0000][72][info ][safepoint   ] Safepoint "Cleanup", Time since last: 38891623549 ns, Reaching safepoint: 29409 ns, Cleanup: 15872 ns, At safepoint: 85051 ns, Total: 130332 ns
[2025-05-12T06:24:40.755+0000][72][info ][safepoint   ] Safepoint "Cleanup", Time since last: 81196093217 ns, Reaching safepoint: 66305 ns, Cleanup: 18717 ns, At safepoint: 30271 ns, Total: 115293 ns
[2025-05-12T06:26:27.937+0000][72][info ][safepoint   ] Safepoint "Cleanup", Time since last: 107189774373 ns, Reaching safepoint: 15555 ns, Cleanup: 15120 ns, At safepoint: 33511 ns, Total: 64186 ns
[2025-05-12T06:26:39.940+0000][72][info ][safepoint   ] Safepoint "Cleanup", Time since last: 12002742076 ns, Reaching safepoint: 31369 ns, Cleanup: 16026 ns, At safepoint: 15504 ns, Total: 62899 ns
[2025-05-12T06:26:50.943+0000][72][info ][safepoint   ] Safepoint "Cleanup", Time since last: 11003015948 ns, Reaching safepoint: 76493 ns, Cleanup: 17176 ns, At safepoint: 18534 ns, Total: 112203 ns
[2025-05-12T06:26:57.735+0000][72][info ][safepoint   ] Safepoint "Cleanup", Time since last: 6794568060 ns, Reaching safepoint: 42499 ns, Cleanup: 13708 ns, At safepoint: 9129 ns, Total: 65336 ns
[2025-05-12T06:27:30.797+0000][72][info ][safepoint   ] Safepoint "Cleanup", Time since last: 33063663001 ns, Reaching safepoint: 8656 ns, Cleanup: 9036 ns, At safepoint: 12770 ns, Total: 30462 ns
[2025-05-12T06:28:32.021+0000][72][info ][safepoint   ] Safepoint "Cleanup", Time since last: 61227225847 ns, Reaching safepoint: 70212 ns, Cleanup: 18037 ns, At safepoint: 36259 ns, Total: 124508 ns
[2025-05-12T06:29:06.539+0000][72][info ][safepoint   ] Safepoint "Cleanup", Time since last: 34520010323 ns, Reaching safepoint: 7356 ns, Cleanup: 5619 ns, At safepoint: 11764 ns, Total: 24739 ns
[2025-05-12T06:30:39.480+0000][72][info ][gc,start    ] GC(25) Pause Young (Mixed) (G1 Evacuation Pause)
[2025-05-12T06:30:39.481+0000][72][info ][gc,task     ] GC(25) Using 10 workers of 10 for evacuation
[2025-05-12T06:30:39.481+0000][72][debug][gc,age      ] GC(25) Desired survivor size 153092096 bytes, new threshold 15 (max threshold 15)
[2025-05-12T06:30:39.681+0000][72][info ][gc,phases   ] GC(25)   Pre Evacuate Collection Set: 8.50ms
[2025-05-12T06:30:39.681+0000][72][info ][gc,phases   ] GC(25)   Merge Heap Roots: 2.07ms
[2025-05-12T06:30:39.682+0000][72][info ][gc,phases   ] GC(25)   Evacuate Collection Set: 171.88ms
[2025-05-12T06:30:39.682+0000][72][info ][gc,phases   ] GC(25)   Post Evacuate Collection Set: 15.77ms
[2025-05-12T06:30:39.682+0000][72][info ][gc,phases   ] GC(25)   Other: 2.09ms
[2025-05-12T06:30:39.683+0000][72][trace][gc,age      ] GC(25) Age table with threshold 15 (max threshold 15)
[2025-05-12T06:30:39.683+0000][72][trace][gc,age      ] GC(25) - age   1:    2067272 bytes,    2067272 total
[2025-05-12T06:30:39.684+0000][72][trace][gc,age      ] GC(25) - age   2:     224624 bytes,    2291896 total
[2025-05-12T06:30:39.684+0000][72][trace][gc,age      ] GC(25) - age   3:     405560 bytes,    2697456 total
[2025-05-12T06:30:39.684+0000][72][trace][gc,age      ] GC(25) - age   4:     338160 bytes,    3035616 total
[2025-05-12T06:30:39.685+0000][72][trace][gc,age      ] GC(25) - age   5:    1481032 bytes,    4516648 total
[2025-05-12T06:30:39.685+0000][72][trace][gc,age      ] GC(25) - age   6:    3426736 bytes,    7943384 total
[2025-05-12T06:30:39.686+0000][72][trace][gc,age      ] GC(25) - age   7:      20176 bytes,    7963560 total
[2025-05-12T06:30:39.686+0000][72][trace][gc,age      ] GC(25) - age   8:    1828736 bytes,    9792296 total
[2025-05-12T06:30:39.686+0000][72][trace][gc,age      ] GC(25) - age   9:    7517728 bytes,   17310024 total
[2025-05-12T06:30:39.687+0000][72][info ][gc,heap     ] GC(25) Eden regions: 577->0(577)
[2025-05-12T06:30:39.687+0000][72][info ][gc,heap     ] GC(25) Survivor regions: 5->5(73)
[2025-05-12T06:30:39.688+0000][72][info ][gc,heap     ] GC(25) Old regions: 28->27
[2025-05-12T06:30:39.688+0000][72][info ][gc,heap     ] GC(25) Humongous regions: 0->0
[2025-05-12T06:30:39.688+0000][72][info ][gc,metaspace] GC(25) Metaspace: 146927K(153088K)->146927K(153088K) NonClass: 127439K(131072K)->127439K(131072K) Class: 19487K(22016K)->19487K(22016K)
[2025-05-12T06:30:39.689+0000][72][info ][gc          ] GC(25) Pause Young (Mixed) (G1 Evacuation Pause) 2435M->124M(3880M) 209.869ms
[2025-05-12T06:30:39.690+0000][72][info ][gc,cpu      ] GC(25) User=1.26s Sys=0.18s Real=0.21s
[2025-05-12T06:30:39.690+0000][72][info ][safepoint   ] Safepoint "G1CollectForAllocation", Time since last: 92945700376 ns, Reaching safepoint: 71155 ns, Cleanup: 6225 ns, At safepoint: 211528074 ns, Total: 211605454 ns
[2025-05-12T06:30:41.035+0000][72][info ][safepoint   ] Safepoint "Cleanup", Time since last: 1344694619 ns, Reaching safepoint: 16182 ns, Cleanup: 33039 ns, At safepoint: 69118 ns, Total: 118339 ns
[2025-05-12T06:31:40.135+0000][72][info ][safepoint   ] Safepoint "Cleanup", Time since last: 59103638327 ns, Reaching safepoint: 32639 ns, Cleanup: 15379 ns, At safepoint: 15299 ns, Total: 63317 ns
[2025-05-12T06:31:42.136+0000][72][info ][safepoint   ] Safepoint "Cleanup", Time since last: 2001231000 ns, Reaching safepoint: 32060 ns, Cleanup: 18758 ns, At safepoint: 15845 ns, Total: 66663 ns
[2025-05-12T06:31:43.178+0000][72][info ][safepoint   ] Safepoint "Cleanup", Time since last: 1042252751 ns, Reaching safepoint: 89377 ns, Cleanup: 9646 ns, At safepoint: 19537 ns, Total: 118560 ns
[2025-05-12T06:32:45.518+0000][72][info ][safepoint   ] Safepoint "Cleanup", Time since last: 62342909652 ns, Reaching safepoint: 9737 ns, Cleanup: 47804 ns, At safepoint: 14113 ns, Total: 71654 ns
[2025-05-12T06:35:40.285+0000][72][info ][safepoint   ] Safepoint "Cleanup", Time since last: 174777908376 ns, Reaching safepoint: 66783 ns, Cleanup: 17497 ns, At safepoint: 16208 ns, Total: 100488 ns
[2025-05-12T06:36:56.232+0000][72][info ][safepoint   ] Safepoint "Cleanup", Time since last: 75950854489 ns, Reaching safepoint: 31867 ns, Cleanup: 27407 ns, At safepoint: 130073 ns, Total: 189347 ns
[2025-05-12T06:36:57.520+0000][72][info ][safepoint   ] Safepoint "Cleanup", Time since last: 1289581311 ns, Reaching safepoint: 24701 ns, Cleanup: 25973 ns, At safepoint: 77287 ns, Total: 127961 ns
[2025-05-12T06:36:59.439+0000][72][info ][safepoint   ] Safepoint "Cleanup", Time since last: 1919641169 ns, Reaching safepoint: 15153 ns, Cleanup: 22001 ns, At safepoint: 79945 ns, Total: 117099 ns
[2025-05-12T06:42:12.855+0000][72][info ][safepoint   ] Safepoint "Cleanup", Time since last: 313434475373 ns, Reaching safepoint: 155364 ns, Cleanup: 11603 ns, At safepoint: 47005 ns, Total: 213972 ns
[2025-05-12T06:47:27.515+0000][72][info ][safepoint   ] Safepoint "Cleanup", Time since last: 314682777355 ns, Reaching safepoint: 17249 ns, Cleanup: 11773 ns, At safepoint: 23614 ns, Total: 52636 ns
[2025-05-12T06:47:40.730+0000][72][info ][safepoint   ] Safepoint "Cleanup", Time since last: 13214986407 ns, Reaching safepoint: 31359 ns, Cleanup: 15575 ns, At safepoint: 15405 ns, Total: 62339 ns
[2025-05-12T06:48:40.268+0000][72][info ][safepoint   ] Safepoint "Cleanup", Time since last: 59541708932 ns, Reaching safepoint: 34239 ns, Cleanup: 18157 ns, At safepoint: 19217 ns, Total: 71613 ns
[2025-05-12T06:51:36.645+0000][72][info ][safepoint   ] Safepoint "Cleanup", Time since last: 176390395260 ns, Reaching safepoint: 21108 ns, Cleanup: 10502 ns, At safepoint: 30826 ns, Total: 62436 ns
[2025-05-12T06:51:37.731+0000][72][info ][safepoint   ] Safepoint "Cleanup", Time since last: 1086197331 ns, Reaching safepoint: 29389 ns, Cleanup: 16189 ns, At safepoint: 15033 ns, Total: 60611 ns
[2025-05-12T06:54:49.574+0000][72][info ][safepoint   ] Safepoint "Cleanup", Time since last: 191854817417 ns, Reaching safepoint: 14548 ns, Cleanup: 8041 ns, At safepoint: 5033 ns, Total: 27622 ns
[2025-05-12T06:56:56.236+0000][72][info ][safepoint   ] Safepoint "Cleanup", Time since last: 126671131047 ns, Reaching safepoint: 9296 ns, Cleanup: 8562 ns, At safepoint: 22810 ns, Total: 40668 ns
[2025-05-12T06:57:40.103+0000][72][info ][safepoint   ] Safepoint "Cleanup", Time since last: 43871085449 ns, Reaching safepoint: 180438 ns, Cleanup: 16094 ns, At safepoint: 84090 ns, Total: 280622 ns
[2025-05-12T06:57:57.866+0000][72][info ][safepoint   ] Safepoint "Cleanup", Time since last: 17764728782 ns, Reaching safepoint: 18096 ns, Cleanup: 24790 ns, At safepoint: 88393 ns, Total: 131279 ns
[2025-05-12T06:58:03.868+0000][72][info ][safepoint   ] Safepoint "Cleanup", Time since last: 6002083945 ns, Reaching safepoint: 32147 ns, Cleanup: 86442 ns, At safepoint: 23138 ns, Total: 141727 ns
[2025-05-12T06:59:00.609+0000][72][info ][safepoint   ] Safepoint "Cleanup", Time since last: 56743682727 ns, Reaching safepoint: 122878 ns, Cleanup: 19193 ns, At safepoint: 212252 ns, Total: 354323 ns
[2025-05-12T06:59:01.926+0000][72][info ][safepoint   ] Safepoint "Cleanup", Time since last: 1316994552 ns, Reaching safepoint: 28126 ns, Cleanup: 13722 ns, At safepoint: 70905 ns, Total: 112753 ns
[2025-05-12T06:59:03.553+0000][72][info ][safepoint   ] Safepoint "Cleanup", Time since last: 1627137274 ns, Reaching safepoint: 19332 ns, Cleanup: 19650 ns, At safepoint: 79823 ns, Total: 118805 ns
[2025-05-12T06:59:04.970+0000][72][info ][safepoint   ] Safepoint "Cleanup", Time since last: 1416990864 ns, Reaching safepoint: 18850 ns, Cleanup: 15256 ns, At safepoint: 7941 ns, Total: 42047 ns
[2025-05-12T06:59:16.040+0000][72][info ][safepoint   ] Safepoint "Cleanup", Time since last: 11070124743 ns, Reaching safepoint: 22321 ns, Cleanup: 10453 ns, At safepoint: 10139 ns, Total: 42913 ns
[2025-05-12T06:59:31.176+0000][72][info ][safepoint   ] Safepoint "Cleanup", Time since last: 15138387735 ns, Reaching safepoint: 30020 ns, Cleanup: 15622 ns, At safepoint: 16368 ns, Total: 62010 ns
[2025-05-12T07:00:02.096+0000][72][info ][safepoint   ] Safepoint "Cleanup", Time since last: 30921237963 ns, Reaching safepoint: 70202 ns, Cleanup: 15022 ns, At safepoint: 31004 ns, Total: 116228 ns
[2025-05-12T07:00:03.508+0000][72][info ][safepoint   ] Safepoint "Cleanup", Time since last: 1412718912 ns, Reaching safepoint: 26724 ns, Cleanup: 13091 ns, At safepoint: 67495 ns, Total: 107310 ns
[2025-05-12T07:00:05.148+0000][72][info ][safepoint   ] Safepoint "Cleanup", Time since last: 1639097750 ns, Reaching safepoint: 15865 ns, Cleanup: 17301 ns, At safepoint: 12339 ns, Total: 45505 ns
[2025-05-12T07:00:40.217+0000][72][info ][safepoint   ] Safepoint "Cleanup", Time since last: 35071409951 ns, Reaching safepoint: 34321 ns, Cleanup: 23551 ns, At safepoint: 16941 ns, Total: 74813 ns
[2025-05-12T07:01:44.261+0000][72][info ][safepoint   ] Safepoint "Cleanup", Time since last: 64048448586 ns, Reaching safepoint: 60234 ns, Cleanup: 16782 ns, At safepoint: 8956 ns, Total: 85972 ns
[2025-05-12T07:02:10.308+0000][72][info ][safepoint   ] Safepoint "Cleanup", Time since last: 26048529947 ns, Reaching safepoint: 21536 ns, Cleanup: 15564 ns, At safepoint: 20032 ns, Total: 57132 ns
[2025-05-12T07:03:12.293+0000][72][info ][safepoint   ] Safepoint "Cleanup", Time since last: 61989058513 ns, Reaching safepoint: 91818 ns, Cleanup: 14435 ns, At safepoint: 14578 ns, Total: 120831 ns
[2025-05-12T07:03:13.372+0000][72][info ][safepoint   ] Safepoint "Cleanup", Time since last: 1078649429 ns, Reaching safepoint: 20823 ns, Cleanup: 18512 ns, At safepoint: 78148 ns, Total: 117483 ns
[2025-05-12T07:06:08.401+0000][72][info ][safepoint   ] Safepoint "Cleanup", Time since last: 175042050821 ns, Reaching safepoint: 80411 ns, Cleanup: 24218 ns, At safepoint: 36358 ns, Total: 140987 ns
[2025-05-12T07:07:24.672+0000][72][info ][safepoint   ] Safepoint "Cleanup", Time since last: 76274603270 ns, Reaching safepoint: 24976 ns, Cleanup: 10954 ns, At safepoint: 59047 ns, Total: 94977 ns
[2025-05-12T07:07:40.474+0000][72][info ][safepoint   ] Safepoint "Cleanup", Time since last: 15804069847 ns, Reaching safepoint: 27525 ns, Cleanup: 16498 ns, At safepoint: 49355 ns, Total: 93378 ns
[2025-05-12T07:10:40.842+0000][72][info ][safepoint   ] Safepoint "Cleanup", Time since last: 180382933932 ns, Reaching safepoint: 33209 ns, Cleanup: 18433 ns, At safepoint: 17243 ns, Total: 68885 ns
[2025-05-12T07:11:40.899+0000][72][info ][safepoint   ] Safepoint "Cleanup", Time since last: 60060793597 ns, Reaching safepoint: 31519 ns, Cleanup: 15773 ns, At safepoint: 15401 ns, Total: 62693 ns
[2025-05-12T07:11:52.041+0000][72][info ][safepoint   ] Safepoint "Cleanup", Time since last: 11142145783 ns, Reaching safepoint: 14788 ns, Cleanup: 11303 ns, At safepoint: 18281 ns, Total: 44372 ns
[2025-05-12T07:13:42.511+0000][72][info ][safepoint   ] Safepoint "Cleanup", Time since last: 110480148527 ns, Reaching safepoint: 32588 ns, Cleanup: 16456 ns, At safepoint: 21089 ns, Total: 70133 ns
[2025-05-12T07:14:09.506+0000][72][info ][safepoint   ] Safepoint "Cleanup", Time since last: 26996421939 ns, Reaching safepoint: 125132 ns, Cleanup: 11906 ns, At safepoint: 50397 ns, Total: 187435 ns
[2025-05-12T07:14:46.144+0000][72][info ][safepoint   ] Safepoint "Cleanup", Time since last: 36639275511 ns, Reaching safepoint: 24795 ns, Cleanup: 61994 ns, At safepoint: 25214 ns, Total: 112003 ns
[2025-05-12T07:16:40.789+0000][72][info ][safepoint   ] Safepoint "Cleanup", Time since last: 114654790928 ns, Reaching safepoint: 68046 ns, Cleanup: 16904 ns, At safepoint: 16009 ns, Total: 100959 ns
[2025-05-12T07:16:41.790+0000][72][info ][safepoint   ] Safepoint "Cleanup", Time since last: 1000681503 ns, Reaching safepoint: 30556 ns, Cleanup: 16143 ns, At safepoint: 15928 ns, Total: 62627 ns
[2025-05-12T07:16:53.341+0000][72][info ][safepoint   ] Safepoint "Cleanup", Time since last: 11551260668 ns, Reaching safepoint: 54331 ns, Cleanup: 12644 ns, At safepoint: 67266 ns, Total: 134241 ns
[2025-05-12T07:16:54.364+0000][72][info ][safepoint   ] Safepoint "Cleanup", Time since last: 1023082799 ns, Reaching safepoint: 34485 ns, Cleanup: 20186 ns, At safepoint: 19849 ns, Total: 74520 ns
[2025-05-12T07:17:40.558+0000][72][info ][safepoint   ] Safepoint "Cleanup", Time since last: 46198072520 ns, Reaching safepoint: 8384 ns, Cleanup: 10572 ns, At safepoint: 13906 ns, Total: 32862 ns
[2025-05-12T07:18:06.414+0000][72][info ][safepoint   ] Safepoint "Cleanup", Time since last: 25858727824 ns, Reaching safepoint: 77886 ns, Cleanup: 16939 ns, At safepoint: 19715 ns, Total: 114540 ns
[2025-05-12T07:18:35.852+0000][72][info ][safepoint   ] Safepoint "Cleanup", Time since last: 29440649867 ns, Reaching safepoint: 30558 ns, Cleanup: 15525 ns, At safepoint: 16157 ns, Total: 62240 ns
[2025-05-12T07:19:36.436+0000][72][info ][gc,start    ] GC(26) Pause Young (Normal) (G1 Evacuation Pause)
[2025-05-12T07:19:36.442+0000][72][info ][gc,task     ] GC(26) Using 10 workers of 10 for evacuation
[2025-05-12T07:19:36.443+0000][72][debug][gc,age      ] GC(26) Desired survivor size 153092096 bytes, new threshold 15 (max threshold 15)
[2025-05-12T07:19:36.633+0000][72][info ][gc,phases   ] GC(26)   Pre Evacuate Collection Set: 22.02ms
[2025-05-12T07:19:36.634+0000][72][info ][gc,phases   ] GC(26)   Merge Heap Roots: 4.49ms
[2025-05-12T07:19:36.634+0000][72][info ][gc,phases   ] GC(26)   Evacuate Collection Set: 136.47ms
[2025-05-12T07:19:36.635+0000][72][info ][gc,phases   ] GC(26)   Post Evacuate Collection Set: 23.54ms
[2025-05-12T07:19:36.636+0000][72][info ][gc,phases   ] GC(26)   Other: 6.53ms
[2025-05-12T07:19:36.637+0000][72][trace][gc,age      ] GC(26) Age table with threshold 15 (max threshold 15)
[2025-05-12T07:19:36.637+0000][72][trace][gc,age      ] GC(26) - age   1:    2114320 bytes,    2114320 total
[2025-05-12T07:19:36.637+0000][72][trace][gc,age      ] GC(26) - age   2:     198048 bytes,    2312368 total
[2025-05-12T07:19:36.638+0000][72][trace][gc,age      ] GC(26) - age   3:     173064 bytes,    2485432 total
[2025-05-12T07:19:36.638+0000][72][trace][gc,age      ] GC(26) - age   4:     367472 bytes,    2852904 total
[2025-05-12T07:19:36.638+0000][72][trace][gc,age      ] GC(26) - age   5:     313504 bytes,    3166408 total
[2025-05-12T07:19:36.639+0000][72][trace][gc,age      ] GC(26) - age   6:    1468920 bytes,    4635328 total
[2025-05-12T07:19:36.639+0000][72][trace][gc,age      ] GC(26) - age   7:    3426680 bytes,    8062008 total
[2025-05-12T07:19:36.640+0000][72][trace][gc,age      ] GC(26) - age   8:      20176 bytes,    8082184 total
[2025-05-12T07:19:36.640+0000][72][trace][gc,age      ] GC(26) - age   9:    1740256 bytes,    9822440 total
[2025-05-12T07:19:36.640+0000][72][trace][gc,age      ] GC(26) - age  10:    7517672 bytes,   17340112 total
[2025-05-12T07:19:36.641+0000][72][info ][gc,heap     ] GC(26) Eden regions: 577->0(577)
[2025-05-12T07:19:36.641+0000][72][info ][gc,heap     ] GC(26) Survivor regions: 5->5(73)
[2025-05-12T07:19:36.641+0000][72][info ][gc,heap     ] GC(26) Old regions: 27->27
[2025-05-12T07:19:36.642+0000][72][info ][gc,heap     ] GC(26) Humongous regions: 0->0
[2025-05-12T07:19:36.643+0000][72][info ][gc,metaspace] GC(26) Metaspace: 147020K(153088K)->147020K(153088K) NonClass: 127530K(131072K)->127530K(131072K) Class: 19489K(22016K)->19489K(22016K)
[2025-05-12T07:19:36.643+0000][72][info ][gc          ] GC(26) Pause Young (Normal) (G1 Evacuation Pause) 2432M->124M(3880M) 207.707ms
[2025-05-12T07:19:36.644+0000][72][info ][gc,cpu      ] GC(26) User=1.30s Sys=0.00s Real=0.21s
[2025-05-12T07:19:36.645+0000][72][info ][safepoint   ] Safepoint "G1CollectForAllocation", Time since last: 60581511520 ns, Reaching safepoint: 27170 ns, Cleanup: 5807 ns, At safepoint: 214630651 ns, Total: 214663628 ns
[2025-05-12T07:22:06.919+0000][72][info ][safepoint   ] Safepoint "Cleanup", Time since last: 150285702907 ns, Reaching safepoint: 17763 ns, Cleanup: 14136 ns, At safepoint: 13088 ns, Total: 44987 ns
[2025-05-12T07:22:26.620+0000][72][info ][safepoint   ] Safepoint "Cleanup", Time since last: 19700870919 ns, Reaching safepoint: 17599 ns, Cleanup: 15948 ns, At safepoint: 73344 ns, Total: 106891 ns
[2025-05-12T07:22:31.024+0000][72][info ][safepoint   ] Safepoint "Cleanup", Time since last: 4405894887 ns, Reaching safepoint: 129191 ns, Cleanup: 19720 ns, At safepoint: 23284 ns, Total: 172195 ns
[2025-05-12T07:22:41.052+0000][72][info ][safepoint   ] Safepoint "Cleanup", Time since last: 10028061373 ns, Reaching safepoint: 31387 ns, Cleanup: 14860 ns, At safepoint: 16694 ns, Total: 62941 ns
[2025-05-12T07:26:11.144+0000][72][info ][safepoint   ] Safepoint "Cleanup", Time since last: 210107434017 ns, Reaching safepoint: 74488 ns, Cleanup: 18622 ns, At safepoint: 30661 ns, Total: 123771 ns
[2025-05-12T07:26:57.481+0000][72][info ][safepoint   ] Safepoint "Cleanup", Time since last: 46340545083 ns, Reaching safepoint: 51886 ns, Cleanup: 14834 ns, At safepoint: 71111 ns, Total: 137831 ns
[2025-05-12T07:27:21.486+0000][72][info ][safepoint   ] Safepoint "Cleanup", Time since last: 24004954201 ns, Reaching safepoint: 7551 ns, Cleanup: 7845 ns, At safepoint: 2892 ns, Total: 18288 ns
[2025-05-12T07:28:03.929+0000][72][info ][safepoint   ] Safepoint "Cleanup", Time since last: 42447767204 ns, Reaching safepoint: 30817 ns, Cleanup: 17339 ns, At safepoint: 16957 ns, Total: 65113 ns
[2025-05-12T07:28:47.260+0000][72][info ][safepoint   ] Safepoint "Cleanup", Time since last: 43334295691 ns, Reaching safepoint: 31886 ns, Cleanup: 15850 ns, At safepoint: 12352 ns, Total: 60088 ns
[2025-05-12T07:30:02.330+0000][72][info ][safepoint   ] Safepoint "Cleanup", Time since last: 75075423342 ns, Reaching safepoint: 71070 ns, Cleanup: 16127 ns, At safepoint: 15774 ns, Total: 102971 ns
[2025-05-12T07:30:40.382+0000][72][info ][safepoint   ] Safepoint "Cleanup", Time since last: 38054258964 ns, Reaching safepoint: 35548 ns, Cleanup: 23494 ns, At safepoint: 17619 ns, Total: 76661 ns
[2025-05-12T07:32:01.437+0000][72][info ][safepoint   ] Safepoint "Cleanup", Time since last: 81061083431 ns, Reaching safepoint: 14700 ns, Cleanup: 13396 ns, At safepoint: 69734 ns, Total: 97830 ns
[2025-05-12T07:32:40.544+0000][72][info ][safepoint   ] Safepoint "Cleanup", Time since last: 39109698068 ns, Reaching safepoint: 24540 ns, Cleanup: 20712 ns, At safepoint: 10440 ns, Total: 55692 ns
[2025-05-12T07:35:03.175+0000][72][info ][safepoint   ] Safepoint "Cleanup", Time since last: 142641572462 ns, Reaching safepoint: 10409 ns, Cleanup: 12432 ns, At safepoint: 12181 ns, Total: 35022 ns
[2025-05-12T07:35:04.199+0000][72][info ][safepoint   ] Safepoint "Cleanup", Time since last: 1023549012 ns, Reaching safepoint: 26294 ns, Cleanup: 17597 ns, At safepoint: 10574 ns, Total: 54465 ns
[2025-05-12T07:37:05.916+0000][72][info ][safepoint   ] Safepoint "Cleanup", Time since last: 121725384154 ns, Reaching safepoint: 69667 ns, Cleanup: 86660 ns, At safepoint: 41838 ns, Total: 198165 ns
[2025-05-12T07:37:51.485+0000][72][info ][safepoint   ] Safepoint "Cleanup", Time since last: 45570927984 ns, Reaching safepoint: 26883 ns, Cleanup: 14247 ns, At safepoint: 69635 ns, Total: 110765 ns
[2025-05-12T07:37:53.021+0000][72][info ][safepoint   ] Safepoint "Cleanup", Time since last: 1535979497 ns, Reaching safepoint: 6760 ns, Cleanup: 9485 ns, At safepoint: 12615 ns, Total: 28860 ns
[2025-05-12T07:42:35.835+0000][72][info ][safepoint   ] Safepoint "Cleanup", Time since last: 282836740873 ns, Reaching safepoint: 24902 ns, Cleanup: 11784 ns, At safepoint: 7580 ns, Total: 44266 ns
[2025-05-12T07:43:06.509+0000][72][info ][safepoint   ] Safepoint "Cleanup", Time since last: 30676342173 ns, Reaching safepoint: 9494 ns, Cleanup: 6295 ns, At safepoint: 14577 ns, Total: 30366 ns
[2025-05-12T07:43:08.392+0000][72][info ][safepoint   ] Safepoint "Cleanup", Time since last: 1883518939 ns, Reaching safepoint: 18498 ns, Cleanup: 13117 ns, At safepoint: 80039 ns, Total: 111654 ns
[2025-05-12T07:45:48.367+0000][72][info ][safepoint   ] Safepoint "Cleanup", Time since last: 159984674096 ns, Reaching safepoint: 19248 ns, Cleanup: 137959 ns, At safepoint: 130192 ns, Total: 287399 ns
[2025-05-12T07:45:49.404+0000][72][info ][safepoint   ] Safepoint "Cleanup", Time since last: 1036591487 ns, Reaching safepoint: 17268 ns, Cleanup: 17239 ns, At safepoint: 10649 ns, Total: 45156 ns
[2025-05-12T07:46:53.327+0000][72][info ][safepoint   ] Safepoint "Cleanup", Time since last: 63928171431 ns, Reaching safepoint: 34492 ns, Cleanup: 21095 ns, At safepoint: 17999 ns, Total: 73586 ns
[2025-05-12T07:47:09.521+0000][72][info ][safepoint   ] Safepoint "Cleanup", Time since last: 16195612317 ns, Reaching safepoint: 114250 ns, Cleanup: 13464 ns, At safepoint: 31783 ns, Total: 159497 ns
[2025-05-12T07:47:26.920+0000][72][info ][safepoint   ] Safepoint "Cleanup", Time since last: 17399318406 ns, Reaching safepoint: 32227 ns, Cleanup: 19768 ns, At safepoint: 18231 ns, Total: 70226 ns
[2025-05-12T07:49:24.753+0000][72][info ][safepoint   ] Safepoint "Cleanup", Time since last: 117841803330 ns, Reaching safepoint: 8117 ns, Cleanup: 7933 ns, At safepoint: 2975 ns, Total: 19025 ns
[2025-05-12T07:50:04.640+0000][72][info ][safepoint   ] Safepoint "Cleanup", Time since last: 39891227066 ns, Reaching safepoint: 16820 ns, Cleanup: 22480 ns, At safepoint: 88705 ns, Total: 128005 ns
[2025-05-12T07:50:05.705+0000][72][info ][safepoint   ] Safepoint "Cleanup", Time since last: 1064916993 ns, Reaching safepoint: 29670 ns, Cleanup: 15506 ns, At safepoint: 16657 ns, Total: 61833 ns
[2025-05-12T07:50:39.095+0000][72][info ][safepoint   ] Safepoint "Cleanup", Time since last: 33391827351 ns, Reaching safepoint: 26604 ns, Cleanup: 15920 ns, At safepoint: 11033 ns, Total: 53557 ns
[2025-05-12T07:51:04.781+0000][72][info ][safepoint   ] Safepoint "Cleanup", Time since last: 25688080491 ns, Reaching safepoint: 26002 ns, Cleanup: 19196 ns, At safepoint: 77070 ns, Total: 122268 ns
[2025-05-12T07:51:05.868+0000][72][info ][safepoint   ] Safepoint "Cleanup", Time since last: 1087296847 ns, Reaching safepoint: 31163 ns, Cleanup: 19041 ns, At safepoint: 17861 ns, Total: 68065 ns
[2025-05-12T07:52:12.906+0000][72][info ][safepoint   ] Safepoint "Cleanup", Time since last: 67040925047 ns, Reaching safepoint: 658244 ns, Cleanup: 15182 ns, At safepoint: 86165 ns, Total: 759591 ns
[2025-05-12T07:52:33.963+0000][72][info ][safepoint   ] Safepoint "Cleanup", Time since last: 21059012095 ns, Reaching safepoint: 13435 ns, Cleanup: 20993 ns, At safepoint: 80378 ns, Total: 114806 ns
[2025-05-12T07:53:37.035+0000][72][info ][safepoint   ] Safepoint "Cleanup", Time since last: 63076906863 ns, Reaching safepoint: 36845 ns, Cleanup: 16010 ns, At safepoint: 151433 ns, Total: 204288 ns
[2025-05-12T07:54:39.481+0000][72][info ][safepoint   ] Safepoint "Cleanup", Time since last: 62445987074 ns, Reaching safepoint: 3419894 ns, Cleanup: 20457 ns, At safepoint: 91895 ns, Total: 3532246 ns
[2025-05-12T07:55:16.399+0000][72][info ][safepoint   ] Safepoint "Cleanup", Time since last: 36920338871 ns, Reaching safepoint: 34295 ns, Cleanup: 13239 ns, At safepoint: 10097 ns, Total: 57631 ns
[2025-05-12T07:56:40.307+0000][72][info ][safepoint   ] Safepoint "Cleanup", Time since last: 83914020901 ns, Reaching safepoint: 73714 ns, Cleanup: 15906 ns, At safepoint: 15992 ns, Total: 105612 ns
[2025-05-12T07:57:40.341+0000][72][info ][safepoint   ] Safepoint "Cleanup", Time since last: 60040019678 ns, Reaching safepoint: 79158 ns, Cleanup: 20317 ns, At safepoint: 17528 ns, Total: 117003 ns
[2025-05-12T07:57:46.769+0000][72][info ][safepoint   ] Safepoint "Cleanup", Time since last: 6427609275 ns, Reaching safepoint: 25834 ns, Cleanup: 14503 ns, At safepoint: 11712 ns, Total: 52049 ns
[2025-05-12T07:57:50.299+0000][72][info ][safepoint   ] Safepoint "Cleanup", Time since last: 3529615915 ns, Reaching safepoint: 72684 ns, Cleanup: 19365 ns, At safepoint: 23406 ns, Total: 115455 ns
[2025-05-12T07:58:44.838+0000][72][info ][safepoint   ] Safepoint "Cleanup", Time since last: 54543055976 ns, Reaching safepoint: 20095 ns, Cleanup: 13740 ns, At safepoint: 21499 ns, Total: 55334 ns
[2025-05-12T07:58:52.359+0000][72][info ][safepoint   ] Safepoint "Cleanup", Time since last: 7520568385 ns, Reaching safepoint: 28986 ns, Cleanup: 55786 ns, At safepoint: 72763 ns, Total: 157535 ns
[2025-05-12T07:58:53.360+0000][72][info ][safepoint   ] Safepoint "Cleanup", Time since last: 1000945528 ns, Reaching safepoint: 35946 ns, Cleanup: 18932 ns, At safepoint: 18701 ns, Total: 73579 ns
[2025-05-12T07:59:01.360+0000][72][info ][safepoint   ] Safepoint "Cleanup", Time since last: 8002133127 ns, Reaching safepoint: 34096 ns, Cleanup: 19903 ns, At safepoint: 17468 ns, Total: 71467 ns
[2025-05-12T07:59:03.524+0000][72][info ][safepoint   ] Safepoint "Cleanup", Time since last: 2160152437 ns, Reaching safepoint: 3473721 ns, Cleanup: 19004 ns, At safepoint: 115975 ns, Total: 3608700 ns
[2025-05-12T07:59:05.405+0000][72][info ][safepoint   ] Safepoint "Cleanup", Time since last: 1880702398 ns, Reaching safepoint: 23901 ns, Cleanup: 17595 ns, At safepoint: 10722 ns, Total: 52218 ns
[2025-05-12T07:59:19.467+0000][72][info ][safepoint   ] Safepoint "Cleanup", Time since last: 14061913724 ns, Reaching safepoint: 32463 ns, Cleanup: 21949 ns, At safepoint: 13154 ns, Total: 67566 ns
[2025-05-12T07:59:27.578+0000][72][info ][safepoint   ] Safepoint "Cleanup", Time since last: 8114110957 ns, Reaching safepoint: 55379 ns, Cleanup: 14650 ns, At safepoint: 11582 ns, Total: 81611 ns
[2025-05-12T07:59:33.405+0000][72][info ][safepoint   ] Safepoint "Cleanup", Time since last: 5826707249 ns, Reaching safepoint: 90519 ns, Cleanup: 14655 ns, At safepoint: 46602 ns, Total: 151776 ns
[2025-05-12T07:59:34.615+0000][72][info ][safepoint   ] Safepoint "Cleanup", Time since last: 1209234119 ns, Reaching safepoint: 19807 ns, Cleanup: 430588 ns, At safepoint: 44931 ns, Total: 495326 ns
[2025-05-12T07:59:40.618+0000][72][info ][safepoint   ] Safepoint "Cleanup", Time since last: 6002983379 ns, Reaching safepoint: 56010 ns, Cleanup: 14352 ns, At safepoint: 8546 ns, Total: 78908 ns
[2025-05-12T07:59:45.630+0000][72][info ][safepoint   ] Safepoint "Cleanup", Time since last: 5011637474 ns, Reaching safepoint: 30329 ns, Cleanup: 16405 ns, At safepoint: 11477 ns, Total: 58211 ns
[2025-05-12T08:00:02.657+0000][72][info ][safepoint   ] Safepoint "Cleanup", Time since last: 17028844854 ns, Reaching safepoint: 32555 ns, Cleanup: 18286 ns, At safepoint: 18075 ns, Total: 68916 ns
[2025-05-12T08:00:06.665+0000][72][info ][safepoint   ] Safepoint "Cleanup", Time since last: 4007573137 ns, Reaching safepoint: 33809 ns, Cleanup: 18792 ns, At safepoint: 18810 ns, Total: 71411 ns
[2025-05-12T08:00:17.667+0000][72][info ][safepoint   ] Safepoint "Cleanup", Time since last: 11002396331 ns, Reaching safepoint: 34058 ns, Cleanup: 20606 ns, At safepoint: 19594 ns, Total: 74258 ns
[2025-05-12T08:00:57.684+0000][72][info ][safepoint   ] Safepoint "Cleanup", Time since last: 40024796004 ns, Reaching safepoint: 28218 ns, Cleanup: 101800 ns, At safepoint: 75197 ns, Total: 205215 ns
[2025-05-12T08:01:43.469+0000][72][info ][safepoint   ] Safepoint "Cleanup", Time since last: 45788144226 ns, Reaching safepoint: 74601 ns, Cleanup: 16433 ns, At safepoint: 17151 ns, Total: 108185 ns
[2025-05-12T08:02:51.130+0000][72][info ][safepoint   ] Safepoint "Cleanup", Time since last: 67667638990 ns, Reaching safepoint: 10830 ns, Cleanup: 12223 ns, At safepoint: 3380 ns, Total: 26433 ns
[2025-05-12T08:02:52.167+0000][72][info ][safepoint   ] Safepoint "Cleanup", Time since last: 1037109816 ns, Reaching safepoint: 31119 ns, Cleanup: 18028 ns, At safepoint: 16691 ns, Total: 65838 ns
[2025-05-12T08:02:59.166+0000][72][info ][safepoint   ] Safepoint "Cleanup", Time since last: 7001542672 ns, Reaching safepoint: 59748 ns, Cleanup: 18686 ns, At safepoint: 10872 ns, Total: 89306 ns
[2025-05-12T08:03:14.552+0000][72][info ][safepoint   ] Safepoint "Cleanup", Time since last: 15386378030 ns, Reaching safepoint: 33504 ns, Cleanup: 13067 ns, At safepoint: 20473 ns, Total: 67044 ns
[2025-05-12T08:04:42.409+0000][72][info ][gc,start    ] GC(27) Pause Young (Normal) (G1 Evacuation Pause)
[2025-05-12T08:04:42.413+0000][72][info ][gc,task     ] GC(27) Using 10 workers of 10 for evacuation
[2025-05-12T08:04:42.414+0000][72][debug][gc,age      ] GC(27) Desired survivor size 153092096 bytes, new threshold 15 (max threshold 15)
[2025-05-12T08:04:42.566+0000][72][info ][gc,phases   ] GC(27)   Pre Evacuate Collection Set: 16.46ms
[2025-05-12T08:04:42.566+0000][72][info ][gc,phases   ] GC(27)   Merge Heap Roots: 4.09ms
[2025-05-12T08:04:42.567+0000][72][info ][gc,phases   ] GC(27)   Evacuate Collection Set: 114.74ms
[2025-05-12T08:04:42.567+0000][72][info ][gc,phases   ] GC(27)   Post Evacuate Collection Set: 12.56ms
[2025-05-12T08:04:42.568+0000][72][info ][gc,phases   ] GC(27)   Other: 6.00ms
[2025-05-12T08:04:42.568+0000][72][trace][gc,age      ] GC(27) Age table with threshold 15 (max threshold 15)
[2025-05-12T08:04:42.569+0000][72][trace][gc,age      ] GC(27) - age   1:    3011776 bytes,    3011776 total
[2025-05-12T08:04:42.569+0000][72][trace][gc,age      ] GC(27) - age   2:     271752 bytes,    3283528 total
[2025-05-12T08:04:42.569+0000][72][trace][gc,age      ] GC(27) - age   3:     142856 bytes,    3426384 total
[2025-05-12T08:04:42.570+0000][72][trace][gc,age      ] GC(27) - age   4:     171784 bytes,    3598168 total
[2025-05-12T08:04:42.570+0000][72][trace][gc,age      ] GC(27) - age   5:     162488 bytes,    3760656 total
[2025-05-12T08:04:42.570+0000][72][trace][gc,age      ] GC(27) - age   6:     216480 bytes,    3977136 total
[2025-05-12T08:04:42.571+0000][72][trace][gc,age      ] GC(27) - age   7:    1412128 bytes,    5389264 total
[2025-05-12T08:04:42.572+0000][72][trace][gc,age      ] GC(27) - age   8:    3426488 bytes,    8815752 total
[2025-05-12T08:04:42.572+0000][72][trace][gc,age      ] GC(27) - age   9:      20176 bytes,    8835928 total
[2025-05-12T08:04:42.573+0000][72][trace][gc,age      ] GC(27) - age  10:    1740056 bytes,   10575984 total
[2025-05-12T08:04:42.573+0000][72][trace][gc,age      ] GC(27) - age  11:    7514016 bytes,   18090000 total
[2025-05-12T08:04:42.573+0000][72][info ][gc,heap     ] GC(27) Eden regions: 577->0(577)
[2025-05-12T08:04:42.573+0000][72][info ][gc,heap     ] GC(27) Survivor regions: 5->5(73)
[2025-05-12T08:04:42.574+0000][72][info ][gc,heap     ] GC(27) Old regions: 27->27
[2025-05-12T08:04:42.574+0000][72][info ][gc,heap     ] GC(27) Humongous regions: 0->0
[2025-05-12T08:04:42.575+0000][72][info ][gc,metaspace] GC(27) Metaspace: 147053K(153088K)->147053K(153088K) NonClass: 127562K(131072K)->127562K(131072K) Class: 19490K(22016K)->19490K(22016K)
[2025-05-12T08:04:42.576+0000][72][info ][gc          ] GC(27) Pause Young (Normal) (G1 Evacuation Pause) 2432M->124M(3880M) 167.120ms
[2025-05-12T08:04:42.576+0000][72][info ][gc,cpu      ] GC(27) User=0.97s Sys=0.04s Real=0.16s
[2025-05-12T08:04:42.577+0000][72][info ][safepoint   ] Safepoint "G1CollectForAllocation", Time since last: 87863016427 ns, Reaching safepoint: 31257 ns, Cleanup: 6304 ns, At safepoint: 170655824 ns, Total: 170693385 ns
[2025-05-12T08:08:44.706+0000][72][info ][safepoint   ] Safepoint "Cleanup", Time since last: 242153203172 ns, Reaching safepoint: 77896 ns, Cleanup: 17837 ns, At safepoint: 17683 ns, Total: 113416 ns
[2025-05-12T08:08:51.052+0000][72][info ][safepoint   ] Safepoint "Cleanup", Time since last: 6344922053 ns, Reaching safepoint: 169217 ns, Cleanup: 17848 ns, At safepoint: 42065 ns, Total: 229130 ns
[2025-05-12T08:09:45.331+0000][72][info ][safepoint   ] Safepoint "Cleanup", Time since last: 54284665054 ns, Reaching safepoint: 9452 ns, Cleanup: 9306 ns, At safepoint: 3920 ns, Total: 22678 ns
[2025-05-12T08:09:46.635+0000][72][info ][safepoint   ] Safepoint "Cleanup", Time since last: 1304667239 ns, Reaching safepoint: 33563 ns, Cleanup: 213914 ns, At safepoint: 39994 ns, Total: 287471 ns
[2025-05-12T08:12:31.394+0000][72][info ][safepoint   ] Safepoint "Cleanup", Time since last: 164775123534 ns, Reaching safepoint: 9061 ns, Cleanup: 11316 ns, At safepoint: 12602 ns, Total: 32979 ns
[2025-05-12T08:13:45.597+0000][72][info ][safepoint   ] Safepoint "Cleanup", Time since last: 74208733807 ns, Reaching safepoint: 10432 ns, Cleanup: 41301 ns, At safepoint: 14794 ns, Total: 66527 ns
[2025-05-12T08:15:19.601+0000][72][info ][safepoint   ] Safepoint "Cleanup", Time since last: 94010859842 ns, Reaching safepoint: 57674 ns, Cleanup: 15350 ns, At safepoint: 9221 ns, Total: 82245 ns
[2025-05-12T08:15:40.644+0000][72][info ][safepoint   ] Safepoint "Cleanup", Time since last: 21046139861 ns, Reaching safepoint: 24451 ns, Cleanup: 15293 ns, At safepoint: 11390 ns, Total: 51134 ns
[2025-05-12T08:15:46.207+0000][72][info ][safepoint   ] Safepoint "Cleanup", Time since last: 5563135935 ns, Reaching safepoint: 17400 ns, Cleanup: 25079 ns, At safepoint: 90084 ns, Total: 132563 ns
[2025-05-12T08:15:47.266+0000][72][info ][safepoint   ] Safepoint "Cleanup", Time since last: 1058642510 ns, Reaching safepoint: 26322 ns, Cleanup: 15304 ns, At safepoint: 11053 ns, Total: 52679 ns
[2025-05-12T08:16:46.322+0000][72][info ][safepoint   ] Safepoint "Cleanup", Time since last: 59059965617 ns, Reaching safepoint: 110481 ns, Cleanup: 14294 ns, At safepoint: 47491 ns, Total: 172266 ns
[2025-05-12T08:17:51.344+0000][72][info ][safepoint   ] Safepoint "Cleanup", Time since last: 65027462683 ns, Reaching safepoint: 82989 ns, Cleanup: 8510 ns, At safepoint: 14591 ns, Total: 106090 ns
[2025-05-12T08:17:56.346+0000][72][info ][safepoint   ] Safepoint "Cleanup", Time since last: 5001547688 ns, Reaching safepoint: 47835 ns, Cleanup: 15862 ns, At safepoint: 10938 ns, Total: 74635 ns
[2025-05-12T08:20:42.112+0000][72][info ][safepoint   ] Safepoint "Cleanup", Time since last: 165780685896 ns, Reaching safepoint: 81485 ns, Cleanup: 16292 ns, At safepoint: 9810 ns, Total: 107587 ns
[2025-05-12T08:21:03.117+0000][72][info ][safepoint   ] Safepoint "Cleanup", Time since last: 21007255527 ns, Reaching safepoint: 6817 ns, Cleanup: 8735 ns, At safepoint: 12037 ns, Total: 27589 ns
[2025-05-12T08:22:06.958+0000][72][info ][safepoint   ] Safepoint "Cleanup", Time since last: 63845345117 ns, Reaching safepoint: 22072 ns, Cleanup: 16937 ns, At safepoint: 9743 ns, Total: 48752 ns
[2025-05-12T08:22:40.171+0000][72][info ][safepoint   ] Safepoint "Cleanup", Time since last: 33215450638 ns, Reaching safepoint: 308449 ns, Cleanup: 75743 ns, At safepoint: 57536 ns, Total: 441728 ns
[2025-05-12T08:23:01.053+0000][72][info ][safepoint   ] Safepoint "Cleanup", Time since last: 20884388778 ns, Reaching safepoint: 10376 ns, Cleanup: 7048 ns, At safepoint: 22840 ns, Total: 40264 ns
[2025-05-12T08:24:11.102+0000][72][info ][safepoint   ] Safepoint "Cleanup", Time since last: 70053552398 ns, Reaching safepoint: 31511 ns, Cleanup: 15330 ns, At safepoint: 15790 ns, Total: 62631 ns
[2025-05-12T08:27:12.473+0000][72][info ][safepoint   ] Safepoint "Cleanup", Time since last: 181384909211 ns, Reaching safepoint: 15779 ns, Cleanup: 9507 ns, At safepoint: 44930 ns, Total: 70216 ns
[2025-05-12T08:28:03.789+0000][72][info ][safepoint   ] Safepoint "Cleanup", Time since last: 51319876572 ns, Reaching safepoint: 28827 ns, Cleanup: 14840 ns, At safepoint: 12363 ns, Total: 56030 ns
[2025-05-12T08:28:15.449+0000][72][info ][safepoint   ] Safepoint "Cleanup", Time since last: 11659813535 ns, Reaching safepoint: 7465 ns, Cleanup: 8335 ns, At safepoint: 4779 ns, Total: 20579 ns
[2025-05-12T08:28:22.986+0000][72][info ][safepoint   ] Safepoint "Cleanup", Time since last: 7537347110 ns, Reaching safepoint: 118755 ns, Cleanup: 15717 ns, At safepoint: 42153 ns, Total: 176625 ns
[2025-05-12T08:29:18.457+0000][72][info ][safepoint   ] Safepoint "Cleanup", Time since last: 55475179315 ns, Reaching safepoint: 13646 ns, Cleanup: 21204 ns, At safepoint: 13097 ns, Total: 47947 ns
[2025-05-12T08:29:20.406+0000][72][info ][safepoint   ] Safepoint "Cleanup", Time since last: 1949240680 ns, Reaching safepoint: 65495 ns, Cleanup: 20560 ns, At safepoint: 17311 ns, Total: 103366 ns
[2025-05-12T08:30:06.507+0000][72][info ][safepoint   ] Safepoint "Cleanup", Time since last: 46105036257 ns, Reaching safepoint: 9930 ns, Cleanup: 15524 ns, At safepoint: 12307 ns, Total: 37761 ns
[2025-05-12T08:30:21.450+0000][72][info ][safepoint   ] Safepoint "Cleanup", Time since last: 14942916731 ns, Reaching safepoint: 17082 ns, Cleanup: 20809 ns, At safepoint: 78521 ns, Total: 116412 ns
[2025-05-12T08:30:22.464+0000][72][info ][safepoint   ] Safepoint "Cleanup", Time since last: 1014698691 ns, Reaching safepoint: 14449 ns, Cleanup: 11821 ns, At safepoint: 18098 ns, Total: 44368 ns
[2025-05-12T08:31:25.510+0000][72][info ][safepoint   ] Safepoint "Cleanup", Time since last: 63049807110 ns, Reaching safepoint: 22042 ns, Cleanup: 21360 ns, At safepoint: 89963 ns, Total: 133365 ns
[2025-05-12T08:32:00.478+0000][72][info ][safepoint   ] Safepoint "Cleanup", Time since last: 34971766747 ns, Reaching safepoint: 47796 ns, Cleanup: 13047 ns, At safepoint: 8499 ns, Total: 69342 ns
[2025-05-12T08:33:30.760+0000][72][info ][safepoint   ] Safepoint "Cleanup", Time since last: 90289834043 ns, Reaching safepoint: 11214 ns, Cleanup: 11324 ns, At safepoint: 3771 ns, Total: 26309 ns
[2025-05-12T08:36:06.819+0000][72][info ][safepoint   ] Safepoint "Cleanup", Time since last: 156069598610 ns, Reaching safepoint: 71748 ns, Cleanup: 15298 ns, At safepoint: 16766 ns, Total: 103812 ns
[2025-05-12T08:38:11.395+0000][72][info ][safepoint   ] Safepoint "Cleanup", Time since last: 124585429600 ns, Reaching safepoint: 31340 ns, Cleanup: 16110 ns, At safepoint: 17382 ns, Total: 64832 ns
[2025-05-12T08:39:39.783+0000][72][info ][safepoint   ] Safepoint "Cleanup", Time since last: 88393765563 ns, Reaching safepoint: 36661 ns, Cleanup: 32088 ns, At safepoint: 16610 ns, Total: 85359 ns
[2025-05-12T08:39:41.784+0000][72][info ][safepoint   ] Safepoint "Cleanup", Time since last: 2000741729 ns, Reaching safepoint: 21220 ns, Cleanup: 15881 ns, At safepoint: 7926 ns, Total: 45027 ns
[2025-05-12T08:40:52.048+0000][72][info ][safepoint   ] Safepoint "Cleanup", Time since last: 70268659850 ns, Reaching safepoint: 17357 ns, Cleanup: 12422 ns, At safepoint: 19269 ns, Total: 49048 ns
[2025-05-12T08:42:44.145+0000][72][info ][safepoint   ] Safepoint "Cleanup", Time since last: 112105449534 ns, Reaching safepoint: 46096 ns, Cleanup: 16073 ns, At safepoint: 8458 ns, Total: 70627 ns
[2025-05-12T08:43:04.227+0000][72][info ][safepoint   ] Safepoint "Cleanup", Time since last: 20084270115 ns, Reaching safepoint: 25289 ns, Cleanup: 18555 ns, At safepoint: 11522 ns, Total: 55366 ns
[2025-05-12T08:45:04.343+0000][72][info ][safepoint   ] Safepoint "Cleanup", Time since last: 120124485358 ns, Reaching safepoint: 21167 ns, Cleanup: 18057 ns, At safepoint: 23656 ns, Total: 62880 ns
[2025-05-12T08:47:11.492+0000][72][info ][safepoint   ] Safepoint "Cleanup", Time since last: 127157087208 ns, Reaching safepoint: 30094 ns, Cleanup: 15157 ns, At safepoint: 16798 ns, Total: 62049 ns
[2025-05-12T08:47:45.491+0000][72][info ][safepoint   ] Safepoint "Cleanup", Time since last: 34002098173 ns, Reaching safepoint: 22144 ns, Cleanup: 11584 ns, At safepoint: 72680 ns, Total: 106408 ns
[2025-05-12T08:48:03.758+0000][72][info ][safepoint   ] Safepoint "Cleanup", Time since last: 18269367267 ns, Reaching safepoint: 28293 ns, Cleanup: 19165 ns, At safepoint: 11868 ns, Total: 59326 ns
[2025-05-12T08:48:22.617+0000][72][info ][safepoint   ] Safepoint "Cleanup", Time since last: 18858261075 ns, Reaching safepoint: 71100 ns, Cleanup: 18152 ns, At safepoint: 19223 ns, Total: 108475 ns
[2025-05-12T08:48:39.619+0000][72][info ][gc,start    ] GC(28) Pause Young (Normal) (G1 Evacuation Pause)
[2025-05-12T08:48:39.622+0000][72][info ][gc,task     ] GC(28) Using 10 workers of 10 for evacuation
[2025-05-12T08:48:39.623+0000][72][debug][gc,age      ] GC(28) Desired survivor size 153092096 bytes, new threshold 15 (max threshold 15)
[2025-05-12T08:48:39.718+0000][72][info ][gc,phases   ] GC(28)   Pre Evacuate Collection Set: 5.94ms
[2025-05-12T08:48:39.719+0000][72][info ][gc,phases   ] GC(28)   Merge Heap Roots: 1.34ms
[2025-05-12T08:48:39.719+0000][72][info ][gc,phases   ] GC(28)   Evacuate Collection Set: 76.34ms
[2025-05-12T08:48:39.720+0000][72][info ][gc,phases   ] GC(28)   Post Evacuate Collection Set: 8.89ms
[2025-05-12T08:48:39.720+0000][72][info ][gc,phases   ] GC(28)   Other: 4.59ms
[2025-05-12T08:48:39.721+0000][72][trace][gc,age      ] GC(28) Age table with threshold 15 (max threshold 15)
[2025-05-12T08:48:39.721+0000][72][trace][gc,age      ] GC(28) - age   1:    1867264 bytes,    1867264 total
[2025-05-12T08:48:39.722+0000][72][trace][gc,age      ] GC(28) - age   2:     495408 bytes,    2362672 total
[2025-05-12T08:48:39.722+0000][72][trace][gc,age      ] GC(28) - age   3:     221752 bytes,    2584424 total
[2025-05-12T08:48:39.723+0000][72][trace][gc,age      ] GC(28) - age   4:     125896 bytes,    2710320 total
[2025-05-12T08:48:39.723+0000][72][trace][gc,age      ] GC(28) - age   5:     155512 bytes,    2865832 total
[2025-05-12T08:48:39.723+0000][72][trace][gc,age      ] GC(28) - age   6:     113496 bytes,    2979328 total
[2025-05-12T08:48:39.724+0000][72][trace][gc,age      ] GC(28) - age   7:     216192 bytes,    3195520 total
[2025-05-12T08:48:39.724+0000][72][trace][gc,age      ] GC(28) - age   8:    1411552 bytes,    4607072 total
[2025-05-12T08:48:39.725+0000][72][trace][gc,age      ] GC(28) - age   9:    3378168 bytes,    7985240 total
[2025-05-12T08:48:39.725+0000][72][trace][gc,age      ] GC(28) - age  10:      20176 bytes,    8005416 total
[2025-05-12T08:48:39.726+0000][72][trace][gc,age      ] GC(28) - age  11:    1740056 bytes,    9745472 total
[2025-05-12T08:48:39.726+0000][72][trace][gc,age      ] GC(28) - age  12:    7513960 bytes,   17259432 total
[2025-05-12T08:48:39.726+0000][72][info ][gc,heap     ] GC(28) Eden regions: 577->0(577)
[2025-05-12T08:48:39.727+0000][72][info ][gc,heap     ] GC(28) Survivor regions: 5->5(73)
[2025-05-12T08:48:39.727+0000][72][info ][gc,heap     ] GC(28) Old regions: 27->27
[2025-05-12T08:48:39.727+0000][72][info ][gc,heap     ] GC(28) Humongous regions: 0->0
[2025-05-12T08:48:39.728+0000][72][info ][gc,metaspace] GC(28) Metaspace: 147130K(153088K)->147130K(153088K) NonClass: 127638K(131072K)->127638K(131072K) Class: 19491K(22016K)->19491K(22016K)
[2025-05-12T08:48:39.729+0000][72][info ][gc          ] GC(28) Pause Young (Normal) (G1 Evacuation Pause) 2432M->124M(3880M) 109.921ms
[2025-05-12T08:48:39.729+0000][72][info ][gc,cpu      ] GC(28) User=0.68s Sys=0.02s Real=0.11s
[2025-05-12T08:48:39.730+0000][72][info ][safepoint   ] Safepoint "G1CollectForAllocation", Time since last: 17003539149 ns, Reaching safepoint: 29740 ns, Cleanup: 6869 ns, At safepoint: 112093925 ns, Total: 112130534 ns
[2025-05-12T08:49:15.746+0000][72][info ][safepoint   ] Safepoint "Cleanup", Time since last: 36017555173 ns, Reaching safepoint: 30865 ns, Cleanup: 12900 ns, At safepoint: 66324 ns, Total: 110089 ns
[2025-05-12T08:50:18.453+0000][72][info ][safepoint   ] Safepoint "Cleanup", Time since last: 62711642547 ns, Reaching safepoint: 25838 ns, Cleanup: 13970 ns, At safepoint: 68949 ns, Total: 108757 ns
[2025-05-12T08:51:21.424+0000][72][info ][safepoint   ] Safepoint "Cleanup", Time since last: 62973433363 ns, Reaching safepoint: 2165869 ns, Cleanup: 18307 ns, At safepoint: 87142 ns, Total: 2271318 ns
[2025-05-12T08:53:31.010+0000][72][info ][safepoint   ] Safepoint "Cleanup", Time since last: 129596506050 ns, Reaching safepoint: 23108 ns, Cleanup: 16393 ns, At safepoint: 9404 ns, Total: 48905 ns
[2025-05-12T08:56:37.127+0000][72][info ][safepoint   ] Safepoint "Cleanup", Time since last: 186131020397 ns, Reaching safepoint: 6829 ns, Cleanup: 11032 ns, At safepoint: 12400 ns, Total: 30261 ns
[2025-05-12T08:57:02.145+0000][72][info ][safepoint   ] Safepoint "Cleanup", Time since last: 25019814669 ns, Reaching safepoint: 48631 ns, Cleanup: 15634 ns, At safepoint: 9778 ns, Total: 74043 ns
[2025-05-12T08:57:47.193+0000][72][info ][safepoint   ] Safepoint "Cleanup", Time since last: 45050312419 ns, Reaching safepoint: 64666 ns, Cleanup: 17281 ns, At safepoint: 28174 ns, Total: 110121 ns
[2025-05-12T08:57:52.201+0000][72][info ][safepoint   ] Safepoint "Cleanup", Time since last: 5008118022 ns, Reaching safepoint: 25182 ns, Cleanup: 17045 ns, At safepoint: 72251 ns, Total: 114478 ns
[2025-05-12T08:58:04.256+0000][72][info ][safepoint   ] Safepoint "Cleanup", Time since last: 12056995578 ns, Reaching safepoint: 32281 ns, Cleanup: 16878 ns, At safepoint: 18053 ns, Total: 67212 ns
[2025-05-12T08:59:07.313+0000][72][info ][safepoint   ] Safepoint "Cleanup", Time since last: 63061003172 ns, Reaching safepoint: 13159 ns, Cleanup: 20617 ns, At safepoint: 23113 ns, Total: 56889 ns
[2025-05-12T08:59:11.237+0000][72][info ][safepoint   ] Safepoint "Cleanup", Time since last: 3924217022 ns, Reaching safepoint: 5914 ns, Cleanup: 8104 ns, At safepoint: 4753 ns, Total: 18771 ns
[2025-05-12T08:59:21.411+0000][72][info ][safepoint   ] Safepoint "Cleanup", Time since last: 10174004121 ns, Reaching safepoint: 65393 ns, Cleanup: 14159 ns, At safepoint: 79211 ns, Total: 158763 ns
[2025-05-12T08:59:22.442+0000][72][info ][safepoint   ] Safepoint "Cleanup", Time since last: 1030519908 ns, Reaching safepoint: 18163 ns, Cleanup: 13434 ns, At safepoint: 22203 ns, Total: 53800 ns
[2025-05-12T09:03:20.730+0000][72][info ][safepoint   ] Safepoint "Cleanup", Time since last: 238305810639 ns, Reaching safepoint: 34433 ns, Cleanup: 18823 ns, At safepoint: 153388 ns, Total: 206644 ns
[2025-05-12T09:03:39.591+0000][72][info ][safepoint   ] Safepoint "Cleanup", Time since last: 18865972591 ns, Reaching safepoint: 69261 ns, Cleanup: 15984 ns, At safepoint: 30570 ns, Total: 115815 ns
[2025-05-12T09:03:57.804+0000][72][info ][safepoint   ] Safepoint "Cleanup", Time since last: 18212448743 ns, Reaching safepoint: 336167 ns, Cleanup: 15889 ns, At safepoint: 141056 ns, Total: 493112 ns
[2025-05-12T09:10:16.112+0000][72][info ][safepoint   ] Safepoint "Cleanup", Time since last: 378335341704 ns, Reaching safepoint: 32699 ns, Cleanup: 17686 ns, At safepoint: 20920 ns, Total: 71305 ns
[2025-05-12T09:10:17.129+0000][72][info ][safepoint   ] Safepoint "Cleanup", Time since last: 1017267408 ns, Reaching safepoint: 28234 ns, Cleanup: 14214 ns, At safepoint: 15054 ns, Total: 57502 ns
[2025-05-12T09:14:28.332+0000][72][info ][safepoint   ] Safepoint "Cleanup", Time since last: 251224003929 ns, Reaching safepoint: 40978 ns, Cleanup: 16548 ns, At safepoint: 29023 ns, Total: 86549 ns
[2025-05-12T09:16:40.458+0000][72][info ][safepoint   ] Safepoint "Cleanup", Time since last: 132132946914 ns, Reaching safepoint: 73460 ns, Cleanup: 20778 ns, At safepoint: 29984 ns, Total: 124222 ns
[2025-05-12T09:18:03.520+0000][72][info ][safepoint   ] Safepoint "Cleanup", Time since last: 83068178949 ns, Reaching safepoint: 435288 ns, Cleanup: 20910 ns, At safepoint: 153343 ns, Total: 609541 ns
[2025-05-12T09:18:39.580+0000][72][info ][safepoint   ] Safepoint "Cleanup", Time since last: 36062866204 ns, Reaching safepoint: 7047 ns, Cleanup: 8048 ns, At safepoint: 13728 ns, Total: 28823 ns
[2025-05-12T09:20:45.677+0000][72][info ][safepoint   ] Safepoint "Cleanup", Time since last: 126104772417 ns, Reaching safepoint: 19171 ns, Cleanup: 12626 ns, At safepoint: 12384 ns, Total: 44181 ns
[2025-05-12T09:21:16.682+0000][72][info ][safepoint   ] Safepoint "Cleanup", Time since last: 31006556636 ns, Reaching safepoint: 66422 ns, Cleanup: 23117 ns, At safepoint: 29271 ns, Total: 118810 ns
[2025-05-12T09:23:40.363+0000][72][info ][safepoint   ] Safepoint "Cleanup", Time since last: 143691838546 ns, Reaching safepoint: 68486 ns, Cleanup: 15305 ns, At safepoint: 29807 ns, Total: 113598 ns
[2025-05-12T09:25:33.920+0000][72][info ][safepoint   ] Safepoint "Cleanup", Time since last: 113565573493 ns, Reaching safepoint: 96589 ns, Cleanup: 14594 ns, At safepoint: 9253 ns, Total: 120436 ns
[2025-05-12T09:25:56.439+0000][72][info ][safepoint   ] Safepoint "Cleanup", Time since last: 22518259821 ns, Reaching safepoint: 139795 ns, Cleanup: 16542 ns, At safepoint: 17946 ns, Total: 174283 ns
[2025-05-12T09:26:19.960+0000][72][info ][safepoint   ] Safepoint "Cleanup", Time since last: 23523727353 ns, Reaching safepoint: 29337 ns, Cleanup: 15584 ns, At safepoint: 15778 ns, Total: 60699 ns
[2025-05-12T09:26:39.475+0000][72][info ][safepoint   ] Safepoint "Cleanup", Time since last: 19516900952 ns, Reaching safepoint: 30122 ns, Cleanup: 16403 ns, At safepoint: 16808 ns, Total: 63333 ns
[2025-05-12T09:30:39.628+0000][72][info ][safepoint   ] Safepoint "Cleanup", Time since last: 240169611599 ns, Reaching safepoint: 33420 ns, Cleanup: 28191 ns, At safepoint: 17237 ns, Total: 78848 ns
[2025-05-12T09:33:12.477+0000][72][info ][safepoint   ] Safepoint "Cleanup", Time since last: 152858394104 ns, Reaching safepoint: 34667 ns, Cleanup: 41866 ns, At safepoint: 77642 ns, Total: 154175 ns
[2025-05-12T09:34:24.388+0000][72][info ][safepoint   ] Safepoint "Cleanup", Time since last: 71915294711 ns, Reaching safepoint: 149592 ns, Cleanup: 10937 ns, At safepoint: 46212 ns, Total: 206741 ns
[2025-05-12T09:35:27.513+0000][72][info ][safepoint   ] Safepoint "Cleanup", Time since last: 63128303339 ns, Reaching safepoint: 367931 ns, Cleanup: 15232 ns, At safepoint: 136346 ns, Total: 519509 ns
[2025-05-12T09:36:30.596+0000][72][info ][gc,start    ] GC(29) Pause Young (Normal) (G1 Evacuation Pause)
[2025-05-12T09:36:30.602+0000][72][info ][gc,task     ] GC(29) Using 10 workers of 10 for evacuation
[2025-05-12T09:36:30.604+0000][72][debug][gc,age      ] GC(29) Desired survivor size 153092096 bytes, new threshold 15 (max threshold 15)
[2025-05-12T09:36:30.738+0000][72][info ][gc,phases   ] GC(29)   Pre Evacuate Collection Set: 8.62ms
[2025-05-12T09:36:30.739+0000][72][info ][gc,phases   ] GC(29)   Merge Heap Roots: 1.90ms
[2025-05-12T09:36:30.739+0000][72][info ][gc,phases   ] GC(29)   Evacuate Collection Set: 112.45ms
[2025-05-12T09:36:30.740+0000][72][info ][gc,phases   ] GC(29)   Post Evacuate Collection Set: 9.83ms
[2025-05-12T09:36:30.740+0000][72][info ][gc,phases   ] GC(29)   Other: 5.15ms
[2025-05-12T09:36:30.741+0000][72][trace][gc,age      ] GC(29) Age table with threshold 15 (max threshold 15)
[2025-05-12T09:36:30.741+0000][72][trace][gc,age      ] GC(29) - age   1:    1758456 bytes,    1758456 total
[2025-05-12T09:36:30.742+0000][72][trace][gc,age      ] GC(29) - age   2:     690640 bytes,    2449096 total
[2025-05-12T09:36:30.742+0000][72][trace][gc,age      ] GC(29) - age   3:     120240 bytes,    2569336 total
[2025-05-12T09:36:30.743+0000][72][trace][gc,age      ] GC(29) - age   4:     221728 bytes,    2791064 total
[2025-05-12T09:36:30.743+0000][72][trace][gc,age      ] GC(29) - age   5:     125432 bytes,    2916496 total
[2025-05-12T09:36:30.743+0000][72][trace][gc,age      ] GC(29) - age   6:     138816 bytes,    3055312 total
[2025-05-12T09:36:30.744+0000][72][trace][gc,age      ] GC(29) - age   7:     113256 bytes,    3168568 total
[2025-05-12T09:36:30.744+0000][72][trace][gc,age      ] GC(29) - age   8:     215928 bytes,    3384496 total
[2025-05-12T09:36:30.745+0000][72][trace][gc,age      ] GC(29) - age   9:    1411512 bytes,    4796008 total
[2025-05-12T09:36:30.745+0000][72][trace][gc,age      ] GC(29) - age  10:    3378168 bytes,    8174176 total
[2025-05-12T09:36:30.745+0000][72][trace][gc,age      ] GC(29) - age  11:      20176 bytes,    8194352 total
[2025-05-12T09:36:30.746+0000][72][trace][gc,age      ] GC(29) - age  12:    1740056 bytes,    9934408 total
[2025-05-12T09:36:30.746+0000][72][trace][gc,age      ] GC(29) - age  13:    7513960 bytes,   17448368 total
[2025-05-12T09:36:30.746+0000][72][info ][gc,heap     ] GC(29) Eden regions: 577->0(577)
[2025-05-12T09:36:30.747+0000][72][info ][gc,heap     ] GC(29) Survivor regions: 5->5(73)
[2025-05-12T09:36:30.747+0000][72][info ][gc,heap     ] GC(29) Old regions: 27->27
[2025-05-12T09:36:30.748+0000][72][info ][gc,heap     ] GC(29) Humongous regions: 0->0
[2025-05-12T09:36:30.748+0000][72][info ][gc,metaspace] GC(29) Metaspace: 147194K(153088K)->147194K(153088K) NonClass: 127703K(131072K)->127703K(131072K) Class: 19491K(22016K)->19491K(22016K)
[2025-05-12T09:36:30.749+0000][72][info ][gc          ] GC(29) Pause Young (Normal) (G1 Evacuation Pause) 2432M->124M(3880M) 152.451ms
[2025-05-12T09:36:30.749+0000][72][info ][gc,cpu      ] GC(29) User=0.99s Sys=0.02s Real=0.15s
[2025-05-12T09:36:30.750+0000][72][info ][safepoint   ] Safepoint "G1CollectForAllocation", Time since last: 63088762340 ns, Reaching safepoint: 17120 ns, Cleanup: 5400 ns, At safepoint: 154313492 ns, Total: 154336012 ns
[2025-05-12T09:36:31.755+0000][72][info ][safepoint   ] Safepoint "Cleanup", Time since last: 1005195666 ns, Reaching safepoint: 18384 ns, Cleanup: 12887 ns, At safepoint: 9087 ns, Total: 40358 ns
[2025-05-12T09:36:36.871+0000][72][info ][safepoint   ] Safepoint "Cleanup", Time since last: 5115585161 ns, Reaching safepoint: 28890 ns, Cleanup: 16491 ns, At safepoint: 15727 ns, Total: 61108 ns
[2025-05-12T09:36:45.873+0000][72][info ][safepoint   ] Safepoint "Cleanup", Time since last: 9001847685 ns, Reaching safepoint: 69631 ns, Cleanup: 13806 ns, At safepoint: 10027 ns, Total: 93464 ns
[2025-05-12T09:36:50.874+0000][72][info ][safepoint   ] Safepoint "Cleanup", Time since last: 5001290519 ns, Reaching safepoint: 28327 ns, Cleanup: 14834 ns, At safepoint: 11095 ns, Total: 54256 ns
[2025-05-12T09:38:15.833+0000][72][info ][safepoint   ] Safepoint "Cleanup", Time since last: 84964578436 ns, Reaching safepoint: 150170 ns, Cleanup: 16015 ns, At safepoint: 80037 ns, Total: 246222 ns
[2025-05-12T09:41:45.405+0000][72][info ][safepoint   ] Safepoint "Cleanup", Time since last: 209586859623 ns, Reaching safepoint: 10566 ns, Cleanup: 10599 ns, At safepoint: 12787 ns, Total: 33952 ns
[2025-05-12T09:41:50.038+0000][72][info ][safepoint   ] Safepoint "Cleanup", Time since last: 4633172179 ns, Reaching safepoint: 29042 ns, Cleanup: 14965 ns, At safepoint: 14753 ns, Total: 58760 ns
[2025-05-12T09:42:40.087+0000][72][info ][safepoint   ] Safepoint "Cleanup", Time since last: 50052806479 ns, Reaching safepoint: 28869 ns, Cleanup: 17313 ns, At safepoint: 15676 ns, Total: 61858 ns
[2025-05-12T09:45:21.401+0000][72][info ][safepoint   ] Safepoint "Cleanup", Time since last: 161323463152 ns, Reaching safepoint: 11377 ns, Cleanup: 9039 ns, At safepoint: 22398 ns, Total: 42814 ns
[2025-05-12T09:45:58.287+0000][72][info ][safepoint   ] Safepoint "Cleanup", Time since last: 36889971104 ns, Reaching safepoint: 26168 ns, Cleanup: 15233 ns, At safepoint: 71054 ns, Total: 112455 ns
[2025-05-12T09:46:36.233+0000][72][info ][safepoint   ] Safepoint "Cleanup", Time since last: 37948027405 ns, Reaching safepoint: 16865 ns, Cleanup: 13598 ns, At safepoint: 8073 ns, Total: 38536 ns
[2025-05-12T09:47:19.164+0000][72][info ][safepoint   ] Safepoint "Cleanup", Time since last: 40135019427 ns, Reaching safepoint: 25154 ns, Cleanup: 11432 ns, At safepoint: 8015 ns, Total: 44601 ns
[2025-05-12T09:48:26.782+0000][72][info ][safepoint   ] Safepoint "Cleanup", Time since last: 67621406400 ns, Reaching safepoint: 29012 ns, Cleanup: 187881 ns, At safepoint: 29578 ns, Total: 246471 ns
[2025-05-12T09:49:09.271+0000][72][info ][safepoint   ] Safepoint "Cleanup", Time since last: 42492949296 ns, Reaching safepoint: 34662 ns, Cleanup: 21321 ns, At safepoint: 67792 ns, Total: 123775 ns
[2025-05-12T09:49:10.294+0000][72][info ][safepoint   ] Safepoint "Cleanup", Time since last: 1023269988 ns, Reaching safepoint: 116763 ns, Cleanup: 9860 ns, At safepoint: 40885 ns, Total: 167508 ns
[2025-05-12T09:50:13.283+0000][72][info ][safepoint   ] Safepoint "Cleanup", Time since last: 62992380286 ns, Reaching safepoint: 31259 ns, Cleanup: 15705 ns, At safepoint: 10669 ns, Total: 57633 ns
[2025-05-12T09:58:36.910+0000][72][info ][safepoint   ] Safepoint "Cleanup", Time since last: 503662538759 ns, Reaching safepoint: 16027 ns, Cleanup: 46571 ns, At safepoint: 22651 ns, Total: 85249 ns
[2025-05-12T09:58:38.613+0000][72][info ][safepoint   ] Safepoint "Cleanup", Time since last: 1702820719 ns, Reaching safepoint: 8009 ns, Cleanup: 11490 ns, At safepoint: 12392 ns, Total: 31891 ns
[2025-05-12T09:59:02.384+0000][72][info ][safepoint   ] Safepoint "Cleanup", Time since last: 23772080756 ns, Reaching safepoint: 15419 ns, Cleanup: 52092 ns, At safepoint: 21090 ns, Total: 88601 ns
[2025-05-12T09:59:09.910+0000][72][info ][safepoint   ] Safepoint "Cleanup", Time since last: 7525906797 ns, Reaching safepoint: 21216 ns, Cleanup: 13427 ns, At safepoint: 80702 ns, Total: 115345 ns
[2025-05-12T10:01:03.661+0000][72][info ][safepoint   ] Safepoint "Cleanup", Time since last: 113759591346 ns, Reaching safepoint: 9489 ns, Cleanup: 9332 ns, At safepoint: 13359 ns, Total: 32180 ns
