[2025-05-08T12:06:40.669+0000][72][info][gc,init] CardTable entry size: 512
[2025-05-08T12:06:40.671+0000][72][info][gc     ] Using G1
[2025-05-08T12:06:42.498+0000][72][info][gc,init] Version: 22+36-2370 (release)
[2025-05-08T12:06:42.499+0000][72][info][gc,init] CPUs: 12 total, 12 available
[2025-05-08T12:06:42.506+0000][72][info][gc,init] Memory: 7757M
[2025-05-08T12:06:42.509+0000][72][info][gc,init] Large Page Support: Disabled
[2025-05-08T12:06:42.510+0000][72][info][gc,init] NUMA Support: Disabled
[2025-05-08T12:06:42.510+0000][72][info][gc,init] Compressed Oops: Enabled (Zero based)
[2025-05-08T12:06:42.511+0000][72][info][gc,init] Heap Region Size: 4M
[2025-05-08T12:06:42.511+0000][72][info][gc,init] Heap Min Capacity: 3880M
[2025-05-08T12:06:42.512+0000][72][info][gc,init] Heap Initial Capacity: 3880M
[2025-05-08T12:06:42.512+0000][72][info][gc,init] Heap Max Capacity: 3880M
[2025-05-08T12:06:42.513+0000][72][info][gc,init] Pre-touch: Enabled
[2025-05-08T12:06:42.515+0000][72][info][gc,init] Parallel Workers: 10
[2025-05-08T12:06:42.518+0000][72][info][gc,init] Concurrent Workers: 3
[2025-05-08T12:06:42.519+0000][72][info][gc,init] Concurrent Refinement Workers: 10
[2025-05-08T12:06:42.519+0000][72][info][gc,init] Periodic GC: Disabled
[2025-05-08T12:06:42.674+0000][72][info][gc,metaspace] CDS archive(s) mapped at: [0x00007f5a66000000-0x00007f5a66c74000-0x00007f5a66c74000), size 13058048, SharedBaseAddress: 0x00007f5a66000000, ArchiveRelocationMode: 1.
[2025-05-08T12:06:42.675+0000][72][info][gc,metaspace] Compressed class space mapped at: 0x00007f5a67000000-0x00007f5aa7000000, reserved size: 1073741824
[2025-05-08T12:06:42.676+0000][72][info][gc,metaspace] Narrow klass base: 0x00007f5a66000000, Narrow klass shift: 0, Narrow klass range: 0x100000000
[2025-05-08T12:06:43.881+0000][72][info][safepoint   ] Safepoint "Cleanup", Time since last: 1176465853 ns, Reaching safepoint: 137079 ns, Cleanup: 279152 ns, At safepoint: 382226 ns, Total: 798457 ns
[2025-05-08T12:06:45.119+0000][72][info][safepoint   ] Safepoint "ICBufferFull", Time since last: 1238008340 ns, Reaching safepoint: 8252 ns, Cleanup: 118602 ns, At safepoint: 10207 ns, Total: 137061 ns
[2025-05-08T12:06:46.231+0000][72][info][safepoint   ] Safepoint "Cleanup", Time since last: 1111825275 ns, Reaching safepoint: 3635 ns, Cleanup: 101239 ns, At safepoint: 17997 ns, Total: 122871 ns
[2025-05-08T12:06:47.381+0000][72][info][safepoint   ] Safepoint "ICBufferFull", Time since last: 1149780787 ns, Reaching safepoint: 5783 ns, Cleanup: 197072 ns, At safepoint: 89300 ns, Total: 292155 ns
[2025-05-08T12:06:48.506+0000][72][info][safepoint   ] Safepoint "Cleanup", Time since last: 1114762269 ns, Reaching safepoint: 10056924 ns, Cleanup: 96963 ns, At safepoint: 102920 ns, Total: 10256807 ns
[2025-05-08T12:06:49.523+0000][72][info][safepoint   ] Safepoint "Cleanup", Time since last: 1016393374 ns, Reaching safepoint: 99807 ns, Cleanup: 80093 ns, At safepoint: 29753 ns, Total: 209653 ns
[2025-05-08T12:06:50.415+0000][72][info][gc,start    ] GC(0) Pause Young (Concurrent Start) (Metadata GC Threshold)
[2025-05-08T12:06:50.419+0000][72][info][gc,task     ] GC(0) Using 10 workers of 10 for evacuation
[2025-05-08T12:06:50.421+0000][72][debug][gc,age      ] GC(0) Desired survivor size 12582912 bytes, new threshold 15 (max threshold 15)
[2025-05-08T12:06:50.444+0000][72][info ][gc,phases   ] GC(0)   Pre Evacuate Collection Set: 2.80ms
[2025-05-08T12:06:50.445+0000][72][info ][gc,phases   ] GC(0)   Merge Heap Roots: 0.59ms
[2025-05-08T12:06:50.445+0000][72][info ][gc,phases   ] GC(0)   Evacuate Collection Set: 6.97ms
[2025-05-08T12:06:50.446+0000][72][info ][gc,phases   ] GC(0)   Post Evacuate Collection Set: 9.05ms
[2025-05-08T12:06:50.446+0000][72][info ][gc,phases   ] GC(0)   Other: 5.19ms
[2025-05-08T12:06:50.447+0000][72][trace][gc,age      ] GC(0) Age table with threshold 15 (max threshold 15)
[2025-05-08T12:06:50.447+0000][72][trace][gc,age      ] GC(0) - age   1:   10229624 bytes,   10229624 total
[2025-05-08T12:06:50.448+0000][72][info ][gc,heap     ] GC(0) Eden regions: 44->0(45)
[2025-05-08T12:06:50.448+0000][72][info ][gc,heap     ] GC(0) Survivor regions: 0->3(6)
[2025-05-08T12:06:50.448+0000][72][info ][gc,heap     ] GC(0) Old regions: 1->1
[2025-05-08T12:06:50.449+0000][72][info ][gc,heap     ] GC(0) Humongous regions: 0->0
[2025-05-08T12:06:50.450+0000][72][info ][gc,metaspace] GC(0) Metaspace: 20994K(21504K)->20994K(21504K) NonClass: 18609K(18880K)->18609K(18880K) Class: 2384K(2624K)->2384K(2624K)
[2025-05-08T12:06:50.452+0000][72][info ][gc          ] GC(0) Pause Young (Concurrent Start) (Metadata GC Threshold) 175M->11M(3880M) 37.022ms
[2025-05-08T12:06:50.453+0000][72][info ][gc,cpu      ] GC(0) User=0.07s Sys=0.01s Real=0.04s
[2025-05-08T12:06:50.453+0000][72][info ][safepoint   ] Safepoint "CollectForMetadataAllocation", Time since last: 892294864 ns, Reaching safepoint: 6826 ns, Cleanup: 140742 ns, At safepoint: 38197697 ns, Total: 38345265 ns
[2025-05-08T12:06:50.456+0000][72][info ][gc          ] GC(1) Concurrent Mark Cycle
[2025-05-08T12:06:50.457+0000][72][info ][gc,marking  ] GC(1) Concurrent Scan Root Regions
[2025-05-08T12:06:50.468+0000][72][info ][gc,marking  ] GC(1) Concurrent Scan Root Regions 10.386ms
[2025-05-08T12:06:50.469+0000][72][info ][gc,marking  ] GC(1) Concurrent Mark
[2025-05-08T12:06:50.470+0000][72][info ][gc,marking  ] GC(1) Concurrent Mark From Roots
[2025-05-08T12:06:50.473+0000][72][info ][gc,task     ] GC(1) Using 3 workers of 3 for marking
[2025-05-08T12:06:50.476+0000][72][info ][gc,marking  ] GC(1) Concurrent Mark From Roots 6.460ms
[2025-05-08T12:06:50.477+0000][72][info ][gc,marking  ] GC(1) Concurrent Preclean
[2025-05-08T12:06:50.478+0000][72][info ][gc,marking  ] GC(1) Concurrent Preclean 0.808ms
[2025-05-08T12:06:50.480+0000][72][info ][gc,start    ] GC(1) Pause Remark
[2025-05-08T12:06:50.490+0000][72][info ][gc          ] GC(1) Pause Remark 15M->15M(3880M) 9.720ms
[2025-05-08T12:06:50.491+0000][72][info ][gc,cpu      ] GC(1) User=0.01s Sys=0.00s Real=0.01s
[2025-05-08T12:06:50.492+0000][72][info ][safepoint   ] Safepoint "G1PauseRemark", Time since last: 24602330 ns, Reaching safepoint: 2104848 ns, Cleanup: 22061 ns, At safepoint: 12216994 ns, Total: 14343903 ns
[2025-05-08T12:06:50.495+0000][72][info ][gc,marking  ] GC(1) Concurrent Mark 26.290ms
[2025-05-08T12:06:50.496+0000][72][info ][gc,marking  ] GC(1) Concurrent Rebuild Remembered Sets and Scrub Regions
[2025-05-08T12:06:50.498+0000][72][info ][gc,marking  ] GC(1) Concurrent Rebuild Remembered Sets and Scrub Regions 1.602ms
[2025-05-08T12:06:50.501+0000][72][info ][gc,start    ] GC(1) Pause Cleanup
[2025-05-08T12:06:50.502+0000][72][info ][gc          ] GC(1) Pause Cleanup 15M->15M(3880M) 3.216ms
[2025-05-08T12:06:50.503+0000][72][info ][gc,cpu      ] GC(1) User=0.01s Sys=0.00s Real=0.00s
[2025-05-08T12:06:50.503+0000][72][info ][safepoint   ] Safepoint "G1PauseCleanup", Time since last: 6296984 ns, Reaching safepoint: 84530 ns, Cleanup: 6659 ns, At safepoint: 4479069 ns, Total: 4570258 ns
[2025-05-08T12:06:50.505+0000][72][info ][gc,marking  ] GC(1) Concurrent Clear Claimed Marks
[2025-05-08T12:06:50.508+0000][72][info ][gc,marking  ] GC(1) Concurrent Clear Claimed Marks 2.913ms
[2025-05-08T12:06:50.509+0000][72][info ][gc,marking  ] GC(1) Concurrent Cleanup for Next Mark
[2025-05-08T12:06:50.525+0000][72][info ][gc,marking  ] GC(1) Concurrent Cleanup for Next Mark 15.611ms
[2025-05-08T12:06:50.526+0000][72][info ][gc          ] GC(1) Concurrent Mark Cycle 70.401ms
[2025-05-08T12:06:51.941+0000][72][info ][safepoint   ] Safepoint "Cleanup", Time since last: 1437012520 ns, Reaching safepoint: 110416 ns, Cleanup: 78607 ns, At safepoint: 38940 ns, Total: 227963 ns
[2025-05-08T12:06:52.942+0000][72][info ][safepoint   ] Safepoint "Cleanup", Time since last: 1001109341 ns, Reaching safepoint: 6039 ns, Cleanup: 77729 ns, At safepoint: 30570 ns, Total: 114338 ns
[2025-05-08T12:06:53.019+0000][72][info ][gc,start    ] GC(2) Pause Young (Prepare Mixed) (G1 Evacuation Pause)
[2025-05-08T12:06:53.024+0000][72][info ][gc,task     ] GC(2) Using 10 workers of 10 for evacuation
[2025-05-08T12:06:53.025+0000][72][debug][gc,age      ] GC(2) Desired survivor size 12582912 bytes, new threshold 15 (max threshold 15)
[2025-05-08T12:06:53.061+0000][72][info ][gc,phases   ] GC(2)   Pre Evacuate Collection Set: 1.36ms
[2025-05-08T12:06:53.061+0000][72][info ][gc,phases   ] GC(2)   Merge Heap Roots: 0.39ms
[2025-05-08T12:06:53.062+0000][72][info ][gc,phases   ] GC(2)   Evacuate Collection Set: 24.48ms
[2025-05-08T12:06:53.063+0000][72][info ][gc,phases   ] GC(2)   Post Evacuate Collection Set: 4.49ms
[2025-05-08T12:06:53.065+0000][72][info ][gc,phases   ] GC(2)   Other: 6.33ms
[2025-05-08T12:06:53.065+0000][72][trace][gc,age      ] GC(2) Age table with threshold 15 (max threshold 15)
[2025-05-08T12:06:53.066+0000][72][trace][gc,age      ] GC(2) - age   1:    6152864 bytes,    6152864 total
[2025-05-08T12:06:53.068+0000][72][trace][gc,age      ] GC(2) - age   2:    9300136 bytes,   15453000 total
[2025-05-08T12:06:53.077+0000][72][info ][gc,heap     ] GC(2) Eden regions: 45->0(43)
[2025-05-08T12:06:53.085+0000][72][info ][gc,heap     ] GC(2) Survivor regions: 3->5(6)
[2025-05-08T12:06:53.089+0000][72][info ][gc,heap     ] GC(2) Old regions: 1->1
[2025-05-08T12:06:53.096+0000][72][info ][gc,heap     ] GC(2) Humongous regions: 0->0
[2025-05-08T12:06:53.097+0000][72][info ][gc,metaspace] GC(2) Metaspace: 27549K(28160K)->27549K(28160K) NonClass: 24434K(24768K)->24434K(24768K) Class: 3115K(3392K)->3115K(3392K)
[2025-05-08T12:06:53.097+0000][72][info ][gc          ] GC(2) Pause Young (Prepare Mixed) (G1 Evacuation Pause) 191M->17M(3880M) 77.845ms
[2025-05-08T12:06:53.097+0000][72][info ][gc,cpu      ] GC(2) User=0.05s Sys=0.02s Real=0.07s
[2025-05-08T12:06:53.098+0000][72][info ][safepoint   ] Safepoint "G1CollectForAllocation", Time since last: 77261729 ns, Reaching safepoint: 5490 ns, Cleanup: 18340 ns, At safepoint: 78961810 ns, Total: 78985640 ns
[2025-05-08T12:06:54.195+0000][72][info ][safepoint   ] Safepoint "ICBufferFull", Time since last: 1096262215 ns, Reaching safepoint: 686428 ns, Cleanup: 154398 ns, At safepoint: 139086 ns, Total: 979912 ns
[2025-05-08T12:06:54.507+0000][72][info ][gc,start    ] GC(3) Pause Young (Mixed) (G1 Evacuation Pause)
[2025-05-08T12:06:54.508+0000][72][info ][gc,task     ] GC(3) Using 10 workers of 10 for evacuation
[2025-05-08T12:06:54.509+0000][72][debug][gc,age      ] GC(3) Desired survivor size 12582912 bytes, new threshold 2 (max threshold 15)
[2025-05-08T12:06:54.539+0000][72][info ][gc,phases   ] GC(3)   Pre Evacuate Collection Set: 0.42ms
[2025-05-08T12:06:54.539+0000][72][info ][gc,phases   ] GC(3)   Merge Heap Roots: 0.09ms
[2025-05-08T12:06:54.540+0000][72][info ][gc,phases   ] GC(3)   Evacuate Collection Set: 27.33ms
[2025-05-08T12:06:54.541+0000][72][info ][gc,phases   ] GC(3)   Post Evacuate Collection Set: 1.70ms
[2025-05-08T12:06:54.542+0000][72][info ][gc,phases   ] GC(3)   Other: 0.87ms
[2025-05-08T12:06:54.543+0000][72][trace][gc,age      ] GC(3) Age table with threshold 2 (max threshold 15)
[2025-05-08T12:06:54.545+0000][72][trace][gc,age      ] GC(3) - age   1:    4675560 bytes,    4675560 total
[2025-05-08T12:06:54.546+0000][72][trace][gc,age      ] GC(3) - age   2:    4250016 bytes,    8925576 total
[2025-05-08T12:06:54.548+0000][72][info ][gc,heap     ] GC(3) Eden regions: 43->0(87)
[2025-05-08T12:06:54.551+0000][72][info ][gc,heap     ] GC(3) Survivor regions: 5->3(6)
[2025-05-08T12:06:54.557+0000][72][info ][gc,heap     ] GC(3) Old regions: 1->3
[2025-05-08T12:06:54.560+0000][72][info ][gc,heap     ] GC(3) Humongous regions: 0->0
[2025-05-08T12:06:54.560+0000][72][info ][gc,metaspace] GC(3) Metaspace: 29039K(29696K)->29039K(29696K) NonClass: 25644K(25984K)->25644K(25984K) Class: 3395K(3712K)->3395K(3712K)
[2025-05-08T12:06:54.561+0000][72][info ][gc          ] GC(3) Pause Young (Mixed) (G1 Evacuation Pause) 189M->20M(3880M) 53.406ms
[2025-05-08T12:06:54.561+0000][72][info ][gc,cpu      ] GC(3) User=0.11s Sys=0.00s Real=0.05s
[2025-05-08T12:06:54.561+0000][72][info ][safepoint   ] Safepoint "G1CollectForAllocation", Time since last: 311911712 ns, Reaching safepoint: 6298 ns, Cleanup: 36029 ns, At safepoint: 53878011 ns, Total: 53920338 ns
[2025-05-08T12:06:56.144+0000][72][info ][gc,start    ] GC(4) Pause Young (Normal) (G1 Evacuation Pause)
[2025-05-08T12:06:56.144+0000][72][info ][gc,task     ] GC(4) Using 10 workers of 10 for evacuation
[2025-05-08T12:06:56.145+0000][72][debug][gc,age      ] GC(4) Desired survivor size 25165824 bytes, new threshold 15 (max threshold 15)
[2025-05-08T12:06:56.169+0000][72][info ][gc,phases   ] GC(4)   Pre Evacuate Collection Set: 2.96ms
[2025-05-08T12:06:56.170+0000][72][info ][gc,phases   ] GC(4)   Merge Heap Roots: 2.25ms
[2025-05-08T12:06:56.172+0000][72][info ][gc,phases   ] GC(4)   Evacuate Collection Set: 14.91ms
[2025-05-08T12:06:56.175+0000][72][info ][gc,phases   ] GC(4)   Post Evacuate Collection Set: 2.17ms
[2025-05-08T12:06:56.176+0000][72][info ][gc,phases   ] GC(4)   Other: 2.20ms
[2025-05-08T12:06:56.177+0000][72][trace][gc,age      ] GC(4) Age table with threshold 15 (max threshold 15)
[2025-05-08T12:06:56.177+0000][72][trace][gc,age      ] GC(4) - age   1:    3399640 bytes,    3399640 total
[2025-05-08T12:06:56.179+0000][72][trace][gc,age      ] GC(4) - age   2:    4113368 bytes,    7513008 total
[2025-05-08T12:06:56.183+0000][72][trace][gc,age      ] GC(4) - age   3:    4249184 bytes,   11762192 total
[2025-05-08T12:06:56.187+0000][72][info ][gc,heap     ] GC(4) Eden regions: 87->0(578)
[2025-05-08T12:06:56.190+0000][72][info ][gc,heap     ] GC(4) Survivor regions: 3->4(12)
[2025-05-08T12:06:56.194+0000][72][info ][gc,heap     ] GC(4) Old regions: 3->3
[2025-05-08T12:06:56.197+0000][72][info ][gc,heap     ] GC(4) Humongous regions: 0->0
[2025-05-08T12:06:56.198+0000][72][info ][gc,metaspace] GC(4) Metaspace: 29916K(30656K)->29916K(30656K) NonClass: 26411K(26816K)->26411K(26816K) Class: 3505K(3840K)->3505K(3840K)
[2025-05-08T12:06:56.198+0000][72][info ][gc          ] GC(4) Pause Young (Normal) (G1 Evacuation Pause) 368M->22M(3880M) 54.663ms
[2025-05-08T12:06:56.201+0000][72][info ][gc,cpu      ] GC(4) User=0.04s Sys=0.02s Real=0.06s
[2025-05-08T12:06:56.201+0000][72][info ][safepoint   ] Safepoint "G1CollectForAllocation", Time since last: 1582346330 ns, Reaching safepoint: 6852 ns, Cleanup: 147670 ns, At safepoint: 57723883 ns, Total: 57878405 ns
[2025-05-08T12:06:57.319+0000][72][info ][safepoint   ] Safepoint "Cleanup", Time since last: 1117266697 ns, Reaching safepoint: 5635 ns, Cleanup: 94446 ns, At safepoint: 6610 ns, Total: 106691 ns
[2025-05-08T12:06:58.131+0000][72][info ][gc,start    ] GC(5) Pause Young (Concurrent Start) (Metadata GC Threshold)
[2025-05-08T12:06:58.135+0000][72][info ][gc,task     ] GC(5) Using 10 workers of 10 for evacuation
[2025-05-08T12:06:58.138+0000][72][debug][gc,age      ] GC(5) Desired survivor size 153092096 bytes, new threshold 15 (max threshold 15)
[2025-05-08T12:06:58.158+0000][72][info ][gc,phases   ] GC(5)   Pre Evacuate Collection Set: 0.60ms
[2025-05-08T12:06:58.160+0000][72][info ][gc,phases   ] GC(5)   Merge Heap Roots: 0.16ms
[2025-05-08T12:06:58.165+0000][72][info ][gc,phases   ] GC(5)   Evacuate Collection Set: 12.49ms
[2025-05-08T12:06:58.171+0000][72][info ][gc,phases   ] GC(5)   Post Evacuate Collection Set: 1.26ms
[2025-05-08T12:06:58.172+0000][72][info ][gc,phases   ] GC(5)   Other: 8.92ms
[2025-05-08T12:06:58.172+0000][72][trace][gc,age      ] GC(5) Age table with threshold 15 (max threshold 15)
[2025-05-08T12:06:58.175+0000][72][trace][gc,age      ] GC(5) - age   1:    3794824 bytes,    3794824 total
[2025-05-08T12:06:58.176+0000][72][trace][gc,age      ] GC(5) - age   2:    3039624 bytes,    6834448 total
[2025-05-08T12:06:58.177+0000][72][trace][gc,age      ] GC(5) - age   3:    4109272 bytes,   10943720 total
[2025-05-08T12:06:58.178+0000][72][trace][gc,age      ] GC(5) - age   4:    4248032 bytes,   15191752 total
[2025-05-08T12:06:58.182+0000][72][info ][gc,heap     ] GC(5) Eden regions: 28->0(577)
[2025-05-08T12:06:58.184+0000][72][info ][gc,heap     ] GC(5) Survivor regions: 4->5(73)
[2025-05-08T12:06:58.187+0000][72][info ][gc,heap     ] GC(5) Old regions: 3->3
[2025-05-08T12:06:58.188+0000][72][info ][gc,heap     ] GC(5) Humongous regions: 0->0
[2025-05-08T12:06:58.188+0000][72][info ][gc,metaspace] GC(5) Metaspace: 35286K(36096K)->35286K(36096K) NonClass: 31183K(31680K)->31183K(31680K) Class: 4102K(4416K)->4102K(4416K)
[2025-05-08T12:06:58.189+0000][72][info ][gc          ] GC(5) Pause Young (Concurrent Start) (Metadata GC Threshold) 134M->26M(3880M) 57.903ms
[2025-05-08T12:06:58.189+0000][72][info ][gc,cpu      ] GC(5) User=0.04s Sys=0.01s Real=0.06s
[2025-05-08T12:06:58.189+0000][72][info ][gc          ] GC(6) Concurrent Mark Cycle
[2025-05-08T12:06:58.190+0000][72][info ][gc,marking  ] GC(6) Concurrent Scan Root Regions
[2025-05-08T12:06:58.191+0000][72][info ][safepoint   ] Safepoint "CollectForMetadataAllocation", Time since last: 812193407 ns, Reaching safepoint: 4773 ns, Cleanup: 43224 ns, At safepoint: 60534363 ns, Total: 60582360 ns
[2025-05-08T12:06:58.195+0000][72][info ][gc,marking  ] GC(6) Concurrent Scan Root Regions 5.280ms
[2025-05-08T12:06:58.196+0000][72][info ][gc,marking  ] GC(6) Concurrent Mark
[2025-05-08T12:06:58.197+0000][72][info ][gc,marking  ] GC(6) Concurrent Mark From Roots
[2025-05-08T12:06:58.197+0000][72][info ][gc,task     ] GC(6) Using 3 workers of 3 for marking
[2025-05-08T12:06:58.225+0000][72][info ][gc,marking  ] GC(6) Concurrent Mark From Roots 28.103ms
[2025-05-08T12:06:58.225+0000][72][info ][gc,marking  ] GC(6) Concurrent Preclean
[2025-05-08T12:06:58.226+0000][72][info ][gc,marking  ] GC(6) Concurrent Preclean 1.085ms
[2025-05-08T12:06:58.227+0000][72][info ][gc,start    ] GC(6) Pause Remark
[2025-05-08T12:06:58.255+0000][72][info ][gc          ] GC(6) Pause Remark 42M->42M(3880M) 27.504ms
[2025-05-08T12:06:58.256+0000][72][info ][gc,cpu      ] GC(6) User=0.03s Sys=0.01s Real=0.02s
[2025-05-08T12:06:58.256+0000][72][info ][safepoint   ] Safepoint "G1PauseRemark", Time since last: 35644835 ns, Reaching safepoint: 170010 ns, Cleanup: 20241 ns, At safepoint: 29099096 ns, Total: 29289347 ns
[2025-05-08T12:06:58.257+0000][72][info ][gc,marking  ] GC(6) Concurrent Mark 61.054ms
[2025-05-08T12:06:58.258+0000][72][info ][gc,marking  ] GC(6) Concurrent Rebuild Remembered Sets and Scrub Regions
[2025-05-08T12:06:58.268+0000][72][info ][gc,marking  ] GC(6) Concurrent Rebuild Remembered Sets and Scrub Regions 10.106ms
[2025-05-08T12:06:58.268+0000][72][info ][gc,start    ] GC(6) Pause Cleanup
[2025-05-08T12:06:58.269+0000][72][info ][gc          ] GC(6) Pause Cleanup 46M->46M(3880M) 0.999ms
[2025-05-08T12:06:58.270+0000][72][info ][gc,cpu      ] GC(6) User=0.00s Sys=0.00s Real=0.00s
[2025-05-08T12:06:58.270+0000][72][info ][safepoint   ] Safepoint "G1PauseCleanup", Time since last: 11795530 ns, Reaching safepoint: 5277 ns, Cleanup: 13558 ns, At safepoint: 1833356 ns, Total: 1852191 ns
[2025-05-08T12:06:58.270+0000][72][info ][gc,marking  ] GC(6) Concurrent Clear Claimed Marks
[2025-05-08T12:06:58.271+0000][72][info ][gc,marking  ] GC(6) Concurrent Clear Claimed Marks 0.376ms
[2025-05-08T12:06:58.271+0000][72][info ][gc,marking  ] GC(6) Concurrent Cleanup for Next Mark
[2025-05-08T12:06:58.288+0000][72][info ][gc,marking  ] GC(6) Concurrent Cleanup for Next Mark 17.186ms
[2025-05-08T12:06:58.291+0000][72][info ][gc          ] GC(6) Concurrent Mark Cycle 102.039ms
[2025-05-08T12:06:59.273+0000][72][info ][safepoint   ] Safepoint "Cleanup", Time since last: 1000403241 ns, Reaching safepoint: 2131816 ns, Cleanup: 103103 ns, At safepoint: 33376 ns, Total: 2268295 ns
[2025-05-08T12:07:00.275+0000][72][info ][safepoint   ] Safepoint "Cleanup", Time since last: 1001630496 ns, Reaching safepoint: 356300 ns, Cleanup: 31286 ns, At safepoint: 31332 ns, Total: 418918 ns
[2025-05-08T12:07:01.267+0000][72][info ][safepoint   ] Safepoint "Cleanup", Time since last: 1001663132 ns, Reaching safepoint: 5416 ns, Cleanup: 29069 ns, At safepoint: 9747 ns, Total: 44232 ns
[2025-05-08T12:07:02.285+0000][72][info ][safepoint   ] Safepoint "Cleanup", Time since last: 1017610018 ns, Reaching safepoint: 7053 ns, Cleanup: 78047 ns, At safepoint: 12510 ns, Total: 97610 ns
[2025-05-08T12:07:03.287+0000][72][info ][safepoint   ] Safepoint "Cleanup", Time since last: 1001846366 ns, Reaching safepoint: 7532 ns, Cleanup: 50349 ns, At safepoint: 10922 ns, Total: 68803 ns
[2025-05-08T12:07:04.287+0000][72][info ][safepoint   ] Safepoint "Cleanup", Time since last: 1000620874 ns, Reaching safepoint: 8123 ns, Cleanup: 65348 ns, At safepoint: 13332 ns, Total: 86803 ns
[2025-05-08T12:07:05.290+0000][72][info ][safepoint   ] Safepoint "Cleanup", Time since last: 1000579324 ns, Reaching safepoint: 2174198 ns, Cleanup: 89491 ns, At safepoint: 31128 ns, Total: 2294817 ns
[2025-05-08T12:07:06.291+0000][72][info ][safepoint   ] Safepoint "Cleanup", Time since last: 1000872001 ns, Reaching safepoint: 6478 ns, Cleanup: 65586 ns, At safepoint: 11525 ns, Total: 83589 ns
[2025-05-08T12:07:07.293+0000][72][info ][safepoint   ] Safepoint "Cleanup", Time since last: 1001367098 ns, Reaching safepoint: 118869 ns, Cleanup: 122445 ns, At safepoint: 29942 ns, Total: 271256 ns
[2025-05-08T12:07:08.728+0000][72][info ][safepoint   ] Safepoint "Cleanup", Time since last: 1434426932 ns, Reaching safepoint: 89122 ns, Cleanup: 50754 ns, At safepoint: 26833 ns, Total: 166709 ns
[2025-05-08T12:07:09.350+0000][72][info ][gc,start    ] GC(7) Pause Young (Concurrent Start) (Metadata GC Threshold)
[2025-05-08T12:07:09.351+0000][72][info ][gc,task     ] GC(7) Using 10 workers of 10 for evacuation
[2025-05-08T12:07:09.351+0000][72][debug][gc,age      ] GC(7) Desired survivor size 153092096 bytes, new threshold 15 (max threshold 15)
[2025-05-08T12:07:09.364+0000][72][info ][gc,phases   ] GC(7)   Pre Evacuate Collection Set: 0.95ms
[2025-05-08T12:07:09.364+0000][72][info ][gc,phases   ] GC(7)   Merge Heap Roots: 0.19ms
[2025-05-08T12:07:09.365+0000][72][info ][gc,phases   ] GC(7)   Evacuate Collection Set: 8.02ms
[2025-05-08T12:07:09.365+0000][72][info ][gc,phases   ] GC(7)   Post Evacuate Collection Set: 2.50ms
[2025-05-08T12:07:09.366+0000][72][info ][gc,phases   ] GC(7)   Other: 1.39ms
[2025-05-08T12:07:09.366+0000][72][trace][gc,age      ] GC(7) Age table with threshold 15 (max threshold 15)
[2025-05-08T12:07:09.366+0000][72][trace][gc,age      ] GC(7) - age   1:   15004504 bytes,   15004504 total
[2025-05-08T12:07:09.367+0000][72][trace][gc,age      ] GC(7) - age   2:    3766200 bytes,   18770704 total
[2025-05-08T12:07:09.367+0000][72][trace][gc,age      ] GC(7) - age   3:    3032296 bytes,   21803000 total
[2025-05-08T12:07:09.368+0000][72][trace][gc,age      ] GC(7) - age   4:    4093272 bytes,   25896272 total
[2025-05-08T12:07:09.368+0000][72][trace][gc,age      ] GC(7) - age   5:    4232776 bytes,   30129048 total
[2025-05-08T12:07:09.369+0000][72][info ][gc,heap     ] GC(7) Eden regions: 239->0(570)
[2025-05-08T12:07:09.369+0000][72][info ][gc,heap     ] GC(7) Survivor regions: 5->8(73)
[2025-05-08T12:07:09.370+0000][72][info ][gc,heap     ] GC(7) Old regions: 3->3
[2025-05-08T12:07:09.370+0000][72][info ][gc,heap     ] GC(7) Humongous regions: 0->0
[2025-05-08T12:07:09.371+0000][72][info ][gc,metaspace] GC(7) Metaspace: 58960K(60288K)->58960K(60288K) NonClass: 51448K(52224K)->51448K(52224K) Class: 7511K(8064K)->7511K(8064K)
[2025-05-08T12:07:09.371+0000][72][info ][gc          ] GC(7) Pause Young (Concurrent Start) (Metadata GC Threshold) 980M->41M(3880M) 21.046ms
[2025-05-08T12:07:09.372+0000][72][info ][gc          ] GC(8) Concurrent Mark Cycle
[2025-05-08T12:07:09.372+0000][72][info ][gc,marking  ] GC(8) Concurrent Scan Root Regions
[2025-05-08T12:07:09.372+0000][72][info ][gc,cpu      ] GC(7) User=0.07s Sys=0.00s Real=0.02s
[2025-05-08T12:07:09.374+0000][72][info ][safepoint   ] Safepoint "CollectForMetadataAllocation", Time since last: 622447686 ns, Reaching safepoint: 6906 ns, Cleanup: 25335 ns, At safepoint: 24380825 ns, Total: 24413066 ns
[2025-05-08T12:07:09.378+0000][72][info ][gc,marking  ] GC(8) Concurrent Scan Root Regions 6.131ms
[2025-05-08T12:07:09.379+0000][72][info ][gc,marking  ] GC(8) Concurrent Mark
[2025-05-08T12:07:09.379+0000][72][info ][gc,marking  ] GC(8) Concurrent Mark From Roots
[2025-05-08T12:07:09.379+0000][72][info ][gc,task     ] GC(8) Using 3 workers of 3 for marking
[2025-05-08T12:07:09.385+0000][72][info ][gc,marking  ] GC(8) Concurrent Mark From Roots 5.966ms
[2025-05-08T12:07:09.385+0000][72][info ][gc,marking  ] GC(8) Concurrent Preclean
[2025-05-08T12:07:09.386+0000][72][info ][gc,marking  ] GC(8) Concurrent Preclean 0.454ms
[2025-05-08T12:07:09.386+0000][72][info ][gc,start    ] GC(8) Pause Remark
[2025-05-08T12:07:09.391+0000][72][info ][gc          ] GC(8) Pause Remark 47M->47M(3880M) 4.533ms
[2025-05-08T12:07:09.391+0000][72][info ][gc,cpu      ] GC(8) User=0.03s Sys=0.00s Real=0.01s
[2025-05-08T12:07:09.392+0000][72][info ][safepoint   ] Safepoint "G1PauseRemark", Time since last: 11930791 ns, Reaching safepoint: 4251 ns, Cleanup: 3297 ns, At safepoint: 5630513 ns, Total: 5638061 ns
[2025-05-08T12:07:09.392+0000][72][info ][gc,marking  ] GC(8) Concurrent Mark 13.819ms
[2025-05-08T12:07:09.393+0000][72][info ][gc,marking  ] GC(8) Concurrent Rebuild Remembered Sets and Scrub Regions
[2025-05-08T12:07:09.396+0000][72][info ][gc,marking  ] GC(8) Concurrent Rebuild Remembered Sets and Scrub Regions 3.181ms
[2025-05-08T12:07:09.397+0000][72][info ][gc,start    ] GC(8) Pause Cleanup
[2025-05-08T12:07:09.398+0000][72][info ][gc          ] GC(8) Pause Cleanup 47M->47M(3880M) 1.602ms
[2025-05-08T12:07:09.399+0000][72][info ][gc,cpu      ] GC(8) User=0.00s Sys=0.00s Real=0.00s
[2025-05-08T12:07:09.399+0000][72][info ][safepoint   ] Safepoint "G1PauseCleanup", Time since last: 4564784 ns, Reaching safepoint: 159146 ns, Cleanup: 15223 ns, At safepoint: 2387371 ns, Total: 2561740 ns
[2025-05-08T12:07:09.399+0000][72][info ][gc,marking  ] GC(8) Concurrent Clear Claimed Marks
[2025-05-08T12:07:09.400+0000][72][info ][gc,marking  ] GC(8) Concurrent Clear Claimed Marks 0.428ms
[2025-05-08T12:07:09.400+0000][72][info ][gc,marking  ] GC(8) Concurrent Cleanup for Next Mark
[2025-05-08T12:07:09.403+0000][72][info ][gc,marking  ] GC(8) Concurrent Cleanup for Next Mark 3.097ms
[2025-05-08T12:07:09.404+0000][72][info ][gc          ] GC(8) Concurrent Mark Cycle 32.315ms
[2025-05-08T12:07:10.400+0000][72][info ][safepoint   ] Safepoint "Cleanup", Time since last: 1000491565 ns, Reaching safepoint: 6065 ns, Cleanup: 27058 ns, At safepoint: 24154 ns, Total: 57277 ns
[2025-05-08T12:07:11.588+0000][72][info ][safepoint   ] Safepoint "Cleanup", Time since last: 1188544927 ns, Reaching safepoint: 120981 ns, Cleanup: 103598 ns, At safepoint: 37159 ns, Total: 261738 ns
[2025-05-08T12:07:12.609+0000][72][info ][safepoint   ] Safepoint "Cleanup", Time since last: 1006024383 ns, Reaching safepoint: 14528579 ns, Cleanup: 46146 ns, At safepoint: 44294 ns, Total: 14619019 ns
[2025-05-08T12:07:13.681+0000][72][info ][safepoint   ] Safepoint "Cleanup", Time since last: 1017095268 ns, Reaching safepoint: 54289941 ns, Cleanup: 49153 ns, At safepoint: 50751 ns, Total: 54389845 ns
[2025-05-08T12:07:14.681+0000][72][info ][safepoint   ] Safepoint "Cleanup", Time since last: 1000524022 ns, Reaching safepoint: 100448 ns, Cleanup: 46657 ns, At safepoint: 35711 ns, Total: 182816 ns
[2025-05-08T12:07:15.682+0000][72][info ][safepoint   ] Safepoint "Cleanup", Time since last: 1000594029 ns, Reaching safepoint: 7116 ns, Cleanup: 105625 ns, At safepoint: 11275 ns, Total: 124016 ns
[2025-05-08T12:07:16.683+0000][72][info ][safepoint   ] Safepoint "Cleanup", Time since last: 1000539042 ns, Reaching safepoint: 131734 ns, Cleanup: 161630 ns, At safepoint: 113031 ns, Total: 406395 ns
[2025-05-08T12:07:18.527+0000][72][info ][safepoint   ] Safepoint "Cleanup", Time since last: 1844110842 ns, Reaching safepoint: 127196 ns, Cleanup: 117702 ns, At safepoint: 32974 ns, Total: 277872 ns
[2025-05-08T12:07:19.528+0000][72][info ][safepoint   ] Safepoint "Cleanup", Time since last: 1000505785 ns, Reaching safepoint: 146202 ns, Cleanup: 20069 ns, At safepoint: 74615 ns, Total: 240886 ns
[2025-05-08T12:07:20.571+0000][72][info ][safepoint   ] Safepoint "Cleanup", Time since last: 1042272004 ns, Reaching safepoint: 142462 ns, Cleanup: 144643 ns, At safepoint: 77922 ns, Total: 365027 ns
[2025-05-08T12:07:21.571+0000][72][info ][safepoint   ] Safepoint "Cleanup", Time since last: 1000672516 ns, Reaching safepoint: 6258 ns, Cleanup: 54842 ns, At safepoint: 8935 ns, Total: 70035 ns
[2025-05-08T12:07:22.720+0000][72][info ][safepoint   ] Safepoint "Cleanup", Time since last: 1088281314 ns, Reaching safepoint: 60088855 ns, Cleanup: 40927 ns, At safepoint: 82479 ns, Total: 60212261 ns
[2025-05-08T12:07:24.241+0000][72][info ][safepoint   ] Safepoint "Cleanup", Time since last: 1521232581 ns, Reaching safepoint: 9882 ns, Cleanup: 97050 ns, At safepoint: 13045 ns, Total: 119977 ns
[2025-05-08T12:07:25.250+0000][72][info ][safepoint   ] Safepoint "Cleanup", Time since last: 1000706800 ns, Reaching safepoint: 7656080 ns, Cleanup: 40556 ns, At safepoint: 21177 ns, Total: 7717813 ns
[2025-05-08T12:07:26.512+0000][72][info ][safepoint   ] Safepoint "Cleanup", Time since last: 1122547612 ns, Reaching safepoint: 140060408 ns, Cleanup: 26421 ns, At safepoint: 62502 ns, Total: 140149331 ns
[2025-05-08T12:07:27.529+0000][72][info ][safepoint   ] Safepoint "Cleanup", Time since last: 1007004870 ns, Reaching safepoint: 8992858 ns, Cleanup: 27287 ns, At safepoint: 140333 ns, Total: 9160478 ns
[2025-05-08T12:07:28.597+0000][72][info ][safepoint   ] Safepoint "Cleanup", Time since last: 1068759716 ns, Reaching safepoint: 4769 ns, Cleanup: 71054 ns, At safepoint: 39907 ns, Total: 115730 ns
[2025-05-08T12:07:28.862+0000][72][info ][gc,start    ] GC(9) Pause Young (Concurrent Start) (Metadata GC Threshold)
[2025-05-08T12:07:28.863+0000][72][info ][gc,task     ] GC(9) Using 10 workers of 10 for evacuation
[2025-05-08T12:07:28.863+0000][72][debug][gc,age      ] GC(9) Desired survivor size 153092096 bytes, new threshold 15 (max threshold 15)
[2025-05-08T12:07:28.912+0000][72][info ][gc,phases   ] GC(9)   Pre Evacuate Collection Set: 0.88ms
[2025-05-08T12:07:28.915+0000][72][info ][gc,phases   ] GC(9)   Merge Heap Roots: 0.25ms
[2025-05-08T12:07:28.915+0000][72][info ][gc,phases   ] GC(9)   Evacuate Collection Set: 31.05ms
[2025-05-08T12:07:28.915+0000][72][info ][gc,phases   ] GC(9)   Post Evacuate Collection Set: 16.12ms
[2025-05-08T12:07:28.916+0000][72][info ][gc,phases   ] GC(9)   Other: 1.12ms
[2025-05-08T12:07:28.916+0000][72][trace][gc,age      ] GC(9) Age table with threshold 15 (max threshold 15)
[2025-05-08T12:07:28.917+0000][72][trace][gc,age      ] GC(9) - age   1:   21143920 bytes,   21143920 total
[2025-05-08T12:07:28.917+0000][72][trace][gc,age      ] GC(9) - age   2:   14365192 bytes,   35509112 total
[2025-05-08T12:07:28.917+0000][72][trace][gc,age      ] GC(9) - age   3:    3741568 bytes,   39250680 total
[2025-05-08T12:07:28.918+0000][72][trace][gc,age      ] GC(9) - age   4:    3005576 bytes,   42256256 total
[2025-05-08T12:07:28.919+0000][72][trace][gc,age      ] GC(9) - age   5:    4075840 bytes,   46332096 total
[2025-05-08T12:07:28.921+0000][72][trace][gc,age      ] GC(9) - age   6:    4203536 bytes,   50535632 total
[2025-05-08T12:07:28.922+0000][72][info ][gc,heap     ] GC(9) Eden regions: 208->0(318)
[2025-05-08T12:07:28.923+0000][72][info ][gc,heap     ] GC(9) Survivor regions: 8->14(73)
[2025-05-08T12:07:28.923+0000][72][info ][gc,heap     ] GC(9) Old regions: 3->3
[2025-05-08T12:07:28.924+0000][72][info ][gc,heap     ] GC(9) Humongous regions: 0->0
[2025-05-08T12:07:28.924+0000][72][info ][gc,metaspace] GC(9) Metaspace: 98654K(100608K)->98654K(100608K) NonClass: 85577K(86720K)->85577K(86720K) Class: 13076K(13888K)->13076K(13888K)
[2025-05-08T12:07:28.924+0000][72][info ][gc          ] GC(9) Pause Young (Concurrent Start) (Metadata GC Threshold) 871M->63M(3880M) 62.172ms
[2025-05-08T12:07:28.925+0000][72][info ][gc,cpu      ] GC(9) User=0.26s Sys=0.00s Real=0.06s
[2025-05-08T12:07:28.925+0000][72][info ][safepoint   ] Safepoint "CollectForMetadataAllocation", Time since last: 264554761 ns, Reaching safepoint: 7333 ns, Cleanup: 90432 ns, At safepoint: 62947982 ns, Total: 63045747 ns
[2025-05-08T12:07:28.925+0000][72][info ][gc          ] GC(10) Concurrent Mark Cycle
[2025-05-08T12:07:28.927+0000][72][info ][gc,marking  ] GC(10) Concurrent Scan Root Regions
[2025-05-08T12:07:28.957+0000][72][info ][gc,marking  ] GC(10) Concurrent Scan Root Regions 29.035ms
[2025-05-08T12:07:28.958+0000][72][info ][gc,marking  ] GC(10) Concurrent Mark
[2025-05-08T12:07:28.958+0000][72][info ][gc,marking  ] GC(10) Concurrent Mark From Roots
[2025-05-08T12:07:28.959+0000][72][info ][gc,task     ] GC(10) Using 3 workers of 3 for marking
[2025-05-08T12:07:28.968+0000][72][info ][gc,marking  ] GC(10) Concurrent Mark From Roots 9.775ms
[2025-05-08T12:07:28.969+0000][72][info ][gc,marking  ] GC(10) Concurrent Preclean
[2025-05-08T12:07:28.969+0000][72][info ][gc,marking  ] GC(10) Concurrent Preclean 0.466ms
[2025-05-08T12:07:28.970+0000][72][info ][gc,start    ] GC(10) Pause Remark
[2025-05-08T12:07:29.009+0000][72][info ][gc          ] GC(10) Pause Remark 67M->67M(3880M) 38.989ms
[2025-05-08T12:07:29.009+0000][72][info ][gc,cpu      ] GC(10) User=0.03s Sys=0.04s Real=0.04s
[2025-05-08T12:07:29.010+0000][72][info ][safepoint   ] Safepoint "G1PauseRemark", Time since last: 44716591 ns, Reaching safepoint: 141276 ns, Cleanup: 17723 ns, At safepoint: 39777407 ns, Total: 39936406 ns
[2025-05-08T12:07:29.010+0000][72][info ][gc,marking  ] GC(10) Concurrent Mark 52.122ms
[2025-05-08T12:07:29.011+0000][72][info ][gc,marking  ] GC(10) Concurrent Rebuild Remembered Sets and Scrub Regions
[2025-05-08T12:07:29.016+0000][72][info ][gc,marking  ] GC(10) Concurrent Rebuild Remembered Sets and Scrub Regions 5.313ms
[2025-05-08T12:07:29.017+0000][72][info ][gc,start    ] GC(10) Pause Cleanup
[2025-05-08T12:07:29.018+0000][72][info ][gc          ] GC(10) Pause Cleanup 69M->69M(3880M) 1.182ms
[2025-05-08T12:07:29.019+0000][72][info ][gc,cpu      ] GC(10) User=0.01s Sys=0.00s Real=0.00s
[2025-05-08T12:07:29.019+0000][72][info ][safepoint   ] Safepoint "G1PauseCleanup", Time since last: 7098730 ns, Reaching safepoint: 108294 ns, Cleanup: 14158 ns, At safepoint: 2197612 ns, Total: 2320064 ns
[2025-05-08T12:07:29.020+0000][72][info ][gc,marking  ] GC(10) Concurrent Clear Claimed Marks
[2025-05-08T12:07:29.020+0000][72][info ][gc,marking  ] GC(10) Concurrent Clear Claimed Marks 0.540ms
[2025-05-08T12:07:29.020+0000][72][info ][gc,marking  ] GC(10) Concurrent Cleanup for Next Mark
[2025-05-08T12:07:29.031+0000][72][info ][gc,marking  ] GC(10) Concurrent Cleanup for Next Mark 10.643ms
[2025-05-08T12:07:29.032+0000][72][info ][gc          ] GC(10) Concurrent Mark Cycle 106.940ms
[2025-05-08T12:07:30.708+0000][72][info ][safepoint   ] Safepoint "Cleanup", Time since last: 1685260180 ns, Reaching safepoint: 206436 ns, Cleanup: 128878 ns, At safepoint: 46354 ns, Total: 381668 ns
[2025-05-08T12:07:31.709+0000][72][info ][safepoint   ] Safepoint "Cleanup", Time since last: 1000725674 ns, Reaching safepoint: 8113 ns, Cleanup: 134163 ns, At safepoint: 13203 ns, Total: 155479 ns
[2025-05-08T12:07:32.811+0000][72][info ][safepoint   ] Safepoint "ICBufferFull", Time since last: 1101416507 ns, Reaching safepoint: 306926 ns, Cleanup: 179737 ns, At safepoint: 293289 ns, Total: 779952 ns
[2025-05-08T12:07:33.182+0000][72][info ][safepoint   ] Safepoint "ICBufferFull", Time since last: 370229347 ns, Reaching safepoint: 14175 ns, Cleanup: 181429 ns, At safepoint: 15262 ns, Total: 210866 ns
[2025-05-08T12:07:33.454+0000][72][info ][safepoint   ] Safepoint "ICBufferFull", Time since last: 271702434 ns, Reaching safepoint: 14490 ns, Cleanup: 134319 ns, At safepoint: 217266 ns, Total: 366075 ns
[2025-05-08T12:07:33.718+0000][72][info ][safepoint   ] Safepoint "ICBufferFull", Time since last: 263337971 ns, Reaching safepoint: 165590 ns, Cleanup: 154726 ns, At safepoint: 86877 ns, Total: 407193 ns
[2025-05-08T12:07:34.098+0000][72][info ][safepoint   ] Safepoint "ICBufferFull", Time since last: 380567307 ns, Reaching safepoint: 173599 ns, Cleanup: 121960 ns, At safepoint: 23844 ns, Total: 319403 ns
[2025-05-08T12:07:34.789+0000][72][info ][safepoint   ] Safepoint "ICBufferFull", Time since last: 689777886 ns, Reaching safepoint: 726437 ns, Cleanup: 243624 ns, At safepoint: 158000 ns, Total: 1128061 ns
[2025-05-08T12:07:35.483+0000][72][info ][safepoint   ] Safepoint "ICBufferFull", Time since last: 693944211 ns, Reaching safepoint: 13961 ns, Cleanup: 205129 ns, At safepoint: 15303 ns, Total: 234393 ns
[2025-05-08T12:07:36.072+0000][72][info ][safepoint   ] Safepoint "ICBufferFull", Time since last: 588679418 ns, Reaching safepoint: 12593 ns, Cleanup: 212544 ns, At safepoint: 71946 ns, Total: 297083 ns
[2025-05-08T12:07:37.073+0000][72][info ][safepoint   ] Safepoint "Cleanup", Time since last: 1000760883 ns, Reaching safepoint: 15030 ns, Cleanup: 227173 ns, At safepoint: 17968 ns, Total: 260171 ns
[2025-05-08T12:07:38.074+0000][72][info ][safepoint   ] Safepoint "Cleanup", Time since last: 1000728664 ns, Reaching safepoint: 17398 ns, Cleanup: 61911 ns, At safepoint: 19923 ns, Total: 99232 ns
[2025-05-08T12:07:39.075+0000][72][info ][safepoint   ] Safepoint "Cleanup", Time since last: 1000709018 ns, Reaching safepoint: 16211 ns, Cleanup: 28498 ns, At safepoint: 14648 ns, Total: 59357 ns
[2025-05-08T12:07:41.893+0000][72][info ][safepoint   ] Safepoint "Cleanup", Time since last: 2818075182 ns, Reaching safepoint: 14158 ns, Cleanup: 47960 ns, At safepoint: 11347 ns, Total: 73465 ns
[2025-05-08T12:07:42.894+0000][72][info ][safepoint   ] Safepoint "Cleanup", Time since last: 1000613789 ns, Reaching safepoint: 17904 ns, Cleanup: 252155 ns, At safepoint: 20796 ns, Total: 290855 ns
[2025-05-08T12:07:43.946+0000][72][info ][safepoint   ] Safepoint "Cleanup", Time since last: 1051808288 ns, Reaching safepoint: 10215 ns, Cleanup: 109671 ns, At safepoint: 139685 ns, Total: 259571 ns
[2025-05-08T12:07:45.382+0000][72][info ][safepoint   ] Safepoint "Cleanup", Time since last: 1382056483 ns, Reaching safepoint: 53273965 ns, Cleanup: 144128 ns, At safepoint: 514942 ns, Total: 53933035 ns
[2025-05-08T12:07:45.940+0000][72][info ][safepoint   ] Safepoint "ICBufferFull", Time since last: 557226359 ns, Reaching safepoint: 14136 ns, Cleanup: 141015 ns, At safepoint: 13984 ns, Total: 169135 ns
[2025-05-08T12:07:45.959+0000][72][info ][safepoint   ] Safepoint "ICBufferFull", Time since last: 11347648 ns, Reaching safepoint: 7807569 ns, Cleanup: 18849 ns, At safepoint: 65026 ns, Total: 7891444 ns
[2025-05-08T12:07:45.986+0000][72][info ][safepoint   ] Safepoint "ICBufferFull", Time since last: 27227461 ns, Reaching safepoint: 14368 ns, Cleanup: 19066 ns, At safepoint: 6894 ns, Total: 40328 ns
[2025-05-08T12:07:46.381+0000][72][info ][safepoint   ] Safepoint "ICBufferFull", Time since last: 395055463 ns, Reaching safepoint: 119315 ns, Cleanup: 139515 ns, At safepoint: 46152 ns, Total: 304982 ns
[2025-05-08T12:07:47.186+0000][72][info ][safepoint   ] Safepoint "ICBufferFull", Time since last: 804332333 ns, Reaching safepoint: 109941 ns, Cleanup: 128221 ns, At safepoint: 53325 ns, Total: 291487 ns
[2025-05-08T12:07:48.511+0000][72][info ][safepoint   ] Safepoint "Cleanup", Time since last: 1325008933 ns, Reaching safepoint: 19771 ns, Cleanup: 210189 ns, At safepoint: 21176 ns, Total: 251136 ns
[2025-05-08T12:07:49.554+0000][72][info ][safepoint   ] Safepoint "Cleanup", Time since last: 1042107445 ns, Reaching safepoint: 14183 ns, Cleanup: 110255 ns, At safepoint: 57175 ns, Total: 181613 ns
[2025-05-08T12:07:50.643+0000][72][info ][safepoint   ] Safepoint "Cleanup", Time since last: 1088916902 ns, Reaching safepoint: 22011 ns, Cleanup: 206955 ns, At safepoint: 78627 ns, Total: 307593 ns
[2025-05-08T12:07:51.995+0000][72][info ][safepoint   ] Safepoint "Cleanup", Time since last: 1351710208 ns, Reaching safepoint: 180441 ns, Cleanup: 179751 ns, At safepoint: 80653 ns, Total: 440845 ns
[2025-05-08T12:07:53.070+0000][72][info ][safepoint   ] Safepoint "Cleanup", Time since last: 1074600115 ns, Reaching safepoint: 21947 ns, Cleanup: 86938 ns, At safepoint: 17199 ns, Total: 126084 ns
[2025-05-08T12:07:54.224+0000][72][info ][safepoint   ] Safepoint "Cleanup", Time since last: 1154255961 ns, Reaching safepoint: 16709 ns, Cleanup: 92858 ns, At safepoint: 44618 ns, Total: 154185 ns
[2025-05-08T12:07:54.510+0000][72][info ][safepoint   ] Safepoint "ICBufferFull", Time since last: 285337581 ns, Reaching safepoint: 146157 ns, Cleanup: 143343 ns, At safepoint: 63000 ns, Total: 352500 ns
[2025-05-08T12:07:54.760+0000][72][info ][safepoint   ] Safepoint "ICBufferFull", Time since last: 249242433 ns, Reaching safepoint: 307997 ns, Cleanup: 143842 ns, At safepoint: 86086 ns, Total: 537925 ns
[2025-05-08T12:07:56.678+0000][72][info ][safepoint   ] Safepoint "Cleanup", Time since last: 1917869676 ns, Reaching safepoint: 16320 ns, Cleanup: 152170 ns, At safepoint: 36447 ns, Total: 204937 ns
[2025-05-08T12:07:57.839+0000][72][info ][safepoint   ] Safepoint "Cleanup", Time since last: 1161608055 ns, Reaching safepoint: 76950 ns, Cleanup: 70912 ns, At safepoint: 57021 ns, Total: 204883 ns
[2025-05-08T12:07:59.241+0000][72][info ][safepoint   ] Safepoint "Cleanup", Time since last: 1401395901 ns, Reaching safepoint: 16692 ns, Cleanup: 93013 ns, At safepoint: 8385 ns, Total: 118090 ns
[2025-05-08T12:08:00.746+0000][72][info ][safepoint   ] Safepoint "ICBufferFull", Time since last: 1506955742 ns, Reaching safepoint: 19800 ns, Cleanup: 166061 ns, At safepoint: 13808 ns, Total: 199669 ns
[2025-05-08T12:08:01.856+0000][72][info ][safepoint   ] Safepoint "Cleanup", Time since last: 1110491131 ns, Reaching safepoint: 9511 ns, Cleanup: 101806 ns, At safepoint: 25563 ns, Total: 136880 ns
[2025-05-08T12:08:03.707+0000][72][info ][safepoint   ] Safepoint "Cleanup", Time since last: 1847872476 ns, Reaching safepoint: 969199 ns, Cleanup: 1338131 ns, At safepoint: 351507 ns, Total: 2658837 ns
[2025-05-08T12:08:04.774+0000][72][info ][safepoint   ] Safepoint "Cleanup", Time since last: 1067529990 ns, Reaching safepoint: 20827 ns, Cleanup: 126492 ns, At safepoint: 18798 ns, Total: 166117 ns
[2025-05-08T12:08:05.861+0000][72][info ][safepoint   ] Safepoint "Cleanup", Time since last: 1086417662 ns, Reaching safepoint: 20204 ns, Cleanup: 27769 ns, At safepoint: 15129 ns, Total: 63102 ns
[2025-05-08T12:08:06.862+0000][72][info ][safepoint   ] Safepoint "Cleanup", Time since last: 1000631693 ns, Reaching safepoint: 14247 ns, Cleanup: 15897 ns, At safepoint: 10176 ns, Total: 40320 ns
[2025-05-08T12:08:07.862+0000][72][info ][safepoint   ] Safepoint "Cleanup", Time since last: 1000635339 ns, Reaching safepoint: 17927 ns, Cleanup: 21106 ns, At safepoint: 12906 ns, Total: 51939 ns
[2025-05-08T12:08:09.865+0000][72][info ][safepoint   ] Safepoint "Cleanup", Time since last: 2002393093 ns, Reaching safepoint: 17548 ns, Cleanup: 34187 ns, At safepoint: 13360 ns, Total: 65095 ns
[2025-05-08T12:08:11.866+0000][72][info ][safepoint   ] Safepoint "Cleanup", Time since last: 2001103986 ns, Reaching safepoint: 17834 ns, Cleanup: 17447 ns, At safepoint: 12683 ns, Total: 47964 ns
[2025-05-08T12:08:13.867+0000][72][info ][safepoint   ] Safepoint "Cleanup", Time since last: 2000860649 ns, Reaching safepoint: 19121 ns, Cleanup: 45908 ns, At safepoint: 15025 ns, Total: 80054 ns
[2025-05-08T12:08:16.868+0000][72][info ][safepoint   ] Safepoint "Cleanup", Time since last: 3001124498 ns, Reaching safepoint: 31221 ns, Cleanup: 14020 ns, At safepoint: 7125 ns, Total: 52366 ns
[2025-05-08T12:08:17.869+0000][72][info ][safepoint   ] Safepoint "Cleanup", Time since last: 1000728347 ns, Reaching safepoint: 11503 ns, Cleanup: 15101 ns, At safepoint: 7870 ns, Total: 34474 ns
[2025-05-08T12:08:18.438+0000][72][info ][safepoint   ] Safepoint "ICBufferFull", Time since last: 568756168 ns, Reaching safepoint: 14719 ns, Cleanup: 113701 ns, At safepoint: 8873 ns, Total: 137293 ns
[2025-05-08T12:08:18.678+0000][72][info ][safepoint   ] Safepoint "ICBufferFull", Time since last: 240035623 ns, Reaching safepoint: 20527 ns, Cleanup: 246495 ns, At safepoint: 183954 ns, Total: 450976 ns
[2025-05-08T12:08:20.078+0000][72][info ][safepoint   ] Safepoint "Cleanup", Time since last: 1399644065 ns, Reaching safepoint: 18437 ns, Cleanup: 224094 ns, At safepoint: 21793 ns, Total: 264324 ns
[2025-05-08T12:08:21.799+0000][72][info ][safepoint   ] Safepoint "Cleanup", Time since last: 1720636428 ns, Reaching safepoint: 19602 ns, Cleanup: 280343 ns, At safepoint: 21554 ns, Total: 321499 ns
[2025-05-08T12:08:22.800+0000][72][info ][safepoint   ] Safepoint "Cleanup", Time since last: 1000823947 ns, Reaching safepoint: 12530 ns, Cleanup: 12621 ns, At safepoint: 7767 ns, Total: 32918 ns
[2025-05-08T12:08:25.495+0000][72][info ][safepoint   ] Safepoint "Cleanup", Time since last: 2695276843 ns, Reaching safepoint: 5442 ns, Cleanup: 13828 ns, At safepoint: 13770 ns, Total: 33040 ns
[2025-05-08T12:08:25.630+0000][72][info ][safepoint   ] Safepoint "ICBufferFull", Time since last: 134071330 ns, Reaching safepoint: 109810 ns, Cleanup: 96432 ns, At safepoint: 78058 ns, Total: 284300 ns
[2025-05-08T12:08:25.694+0000][72][info ][safepoint   ] Safepoint "ICBufferFull", Time since last: 63463106 ns, Reaching safepoint: 766539 ns, Cleanup: 200451 ns, At safepoint: 457538 ns, Total: 1424528 ns
[2025-05-08T12:08:26.061+0000][72][info ][safepoint   ] Safepoint "ICBufferFull", Time since last: 364198181 ns, Reaching safepoint: 2191884 ns, Cleanup: 210853 ns, At safepoint: 315896 ns, Total: 2718633 ns
[2025-05-08T12:08:26.590+0000][72][info ][safepoint   ] Safepoint "ICBufferFull", Time since last: 521662122 ns, Reaching safepoint: 6659597 ns, Cleanup: 149552 ns, At safepoint: 82382 ns, Total: 6891531 ns
[2025-05-08T12:08:27.518+0000][72][info ][safepoint   ] Safepoint "ICBufferFull", Time since last: 928029228 ns, Reaching safepoint: 20719 ns, Cleanup: 147159 ns, At safepoint: 13644 ns, Total: 181522 ns
[2025-05-08T12:08:28.165+0000][72][info ][safepoint   ] Safepoint "ICBufferFull", Time since last: 646305467 ns, Reaching safepoint: 152651 ns, Cleanup: 213732 ns, At safepoint: 78578 ns, Total: 444961 ns
[2025-05-08T12:08:28.754+0000][72][info ][gc,start    ] GC(11) Pause Young (Normal) (G1 Evacuation Pause)
[2025-05-08T12:08:28.755+0000][72][info ][gc,task     ] GC(11) Using 10 workers of 10 for evacuation
[2025-05-08T12:08:28.755+0000][72][debug][gc,age      ] GC(11) Desired survivor size 88080384 bytes, new threshold 15 (max threshold 15)
[2025-05-08T12:08:28.811+0000][72][info ][gc,phases   ] GC(11)   Pre Evacuate Collection Set: 4.00ms
[2025-05-08T12:08:28.811+0000][72][info ][gc,phases   ] GC(11)   Merge Heap Roots: 0.47ms
[2025-05-08T12:08:28.812+0000][72][info ][gc,phases   ] GC(11)   Evacuate Collection Set: 43.90ms
[2025-05-08T12:08:28.812+0000][72][info ][gc,phases   ] GC(11)   Post Evacuate Collection Set: 6.33ms
[2025-05-08T12:08:28.812+0000][72][info ][gc,phases   ] GC(11)   Other: 1.04ms
[2025-05-08T12:08:28.813+0000][72][trace][gc,age      ] GC(11) Age table with threshold 15 (max threshold 15)
[2025-05-08T12:08:28.813+0000][72][trace][gc,age      ] GC(11) - age   1:   48278720 bytes,   48278720 total
[2025-05-08T12:08:28.814+0000][72][trace][gc,age      ] GC(11) - age   2:   20084520 bytes,   68363240 total
[2025-05-08T12:08:28.814+0000][72][trace][gc,age      ] GC(11) - age   3:   14334888 bytes,   82698128 total
[2025-05-08T12:08:28.814+0000][72][trace][gc,age      ] GC(11) - age   4:    3740024 bytes,   86438152 total
[2025-05-08T12:08:28.815+0000][72][trace][gc,age      ] GC(11) - age   5:    3002000 bytes,   89440152 total
[2025-05-08T12:08:28.815+0000][72][trace][gc,age      ] GC(11) - age   6:    4074344 bytes,   93514496 total
[2025-05-08T12:08:28.815+0000][72][trace][gc,age      ] GC(11) - age   7:    4195040 bytes,   97709536 total
[2025-05-08T12:08:28.816+0000][72][info ][gc,heap     ] GC(11) Eden regions: 318->0(183)
[2025-05-08T12:08:28.816+0000][72][info ][gc,heap     ] GC(11) Survivor regions: 14->26(42)
[2025-05-08T12:08:28.817+0000][72][info ][gc,heap     ] GC(11) Old regions: 3->3
[2025-05-08T12:08:28.817+0000][72][info ][gc,heap     ] GC(11) Humongous regions: 0->0
[2025-05-08T12:08:28.817+0000][72][info ][gc,metaspace] GC(11) Metaspace: 138761K(142656K)->138761K(142656K) NonClass: 119431K(121536K)->119431K(121536K) Class: 19330K(21120K)->19330K(21120K)
[2025-05-08T12:08:28.818+0000][72][info ][gc          ] GC(11) Pause Young (Normal) (G1 Evacuation Pause) 1335M->112M(3880M) 64.283ms
[2025-05-08T12:08:28.819+0000][72][info ][gc,cpu      ] GC(11) User=0.40s Sys=0.06s Real=0.07s
[2025-05-08T12:08:28.820+0000][72][info ][safepoint   ] Safepoint "G1CollectForAllocation", Time since last: 588576731 ns, Reaching safepoint: 109415 ns, Cleanup: 151469 ns, At safepoint: 66048664 ns, Total: 66309548 ns
[2025-05-08T12:08:29.196+0000][72][info ][safepoint   ] Safepoint "ICBufferFull", Time since last: 376096534 ns, Reaching safepoint: 18379 ns, Cleanup: 129125 ns, At safepoint: 54745 ns, Total: 202249 ns
[2025-05-08T12:08:29.554+0000][72][info ][safepoint   ] Safepoint "ICBufferFull", Time since last: 358138657 ns, Reaching safepoint: 18358 ns, Cleanup: 145476 ns, At safepoint: 26146 ns, Total: 189980 ns
[2025-05-08T12:08:30.389+0000][72][info ][safepoint   ] Safepoint "ICBufferFull", Time since last: 834019488 ns, Reaching safepoint: 28253 ns, Cleanup: 179399 ns, At safepoint: 88647 ns, Total: 296299 ns
[2025-05-08T12:08:30.965+0000][72][info ][gc,start    ] GC(12) Pause Young (Concurrent Start) (CodeCache GC Threshold)
[2025-05-08T12:08:30.965+0000][72][info ][gc,task     ] GC(12) Using 10 workers of 10 for evacuation
[2025-05-08T12:08:30.966+0000][72][debug][gc,age      ] GC(12) Desired survivor size 56623104 bytes, new threshold 2 (max threshold 15)
[2025-05-08T12:08:31.127+0000][72][info ][gc,phases   ] GC(12)   Pre Evacuate Collection Set: 0.94ms
[2025-05-08T12:08:31.128+0000][72][info ][gc,phases   ] GC(12)   Merge Heap Roots: 0.57ms
[2025-05-08T12:08:31.128+0000][72][info ][gc,phases   ] GC(12)   Evacuate Collection Set: 152.11ms
[2025-05-08T12:08:31.129+0000][72][info ][gc,phases   ] GC(12)   Post Evacuate Collection Set: 7.33ms
[2025-05-08T12:08:31.129+0000][72][info ][gc,phases   ] GC(12)   Other: 1.08ms
[2025-05-08T12:08:31.129+0000][72][trace][gc,age      ] GC(12) Age table with threshold 2 (max threshold 15)
[2025-05-08T12:08:31.130+0000][72][trace][gc,age      ] GC(12) - age   1:    4574016 bytes,    4574016 total
[2025-05-08T12:08:31.130+0000][72][trace][gc,age      ] GC(12) - age   2:   45880048 bytes,   50454064 total
[2025-05-08T12:08:31.131+0000][72][info ][gc,heap     ] GC(12) Eden regions: 93->0(221)
[2025-05-08T12:08:31.131+0000][72][info ][gc,heap     ] GC(12) Survivor regions: 26->15(27)
[2025-05-08T12:08:31.131+0000][72][info ][gc,heap     ] GC(12) Old regions: 3->17
[2025-05-08T12:08:31.132+0000][72][info ][gc,heap     ] GC(12) Humongous regions: 0->0
[2025-05-08T12:08:31.132+0000][72][info ][gc,metaspace] GC(12) Metaspace: 139987K(143936K)->139987K(143936K) NonClass: 120545K(122688K)->120545K(122688K) Class: 19442K(21248K)->19442K(21248K)
[2025-05-08T12:08:31.132+0000][72][info ][gc          ] GC(12) Pause Young (Concurrent Start) (CodeCache GC Threshold) (Evacuation Failure: Pinned) 484M->123M(3880M) 167.766ms
[2025-05-08T12:08:31.133+0000][72][info ][gc          ] GC(13) Concurrent Mark Cycle
[2025-05-08T12:08:31.133+0000][72][info ][gc,marking  ] GC(13) Concurrent Scan Root Regions
[2025-05-08T12:08:31.133+0000][72][info ][gc,cpu      ] GC(12) User=0.52s Sys=0.24s Real=0.16s
[2025-05-08T12:08:31.134+0000][72][info ][safepoint   ] Safepoint "G1TryInitiateConcMark", Time since last: 578563767 ns, Reaching safepoint: 27963 ns, Cleanup: 276349 ns, At safepoint: 169770641 ns, Total: 170074953 ns
[2025-05-08T12:08:31.157+0000][72][info ][gc,marking  ] GC(13) Concurrent Scan Root Regions 23.546ms
[2025-05-08T12:08:31.157+0000][72][info ][gc,marking  ] GC(13) Concurrent Mark
[2025-05-08T12:08:31.158+0000][72][info ][gc,marking  ] GC(13) Concurrent Mark From Roots
[2025-05-08T12:08:31.158+0000][72][info ][gc,task     ] GC(13) Using 3 workers of 3 for marking
[2025-05-08T12:08:31.164+0000][72][info ][gc,marking  ] GC(13) Concurrent Mark From Roots 5.733ms
[2025-05-08T12:08:31.164+0000][72][info ][gc,marking  ] GC(13) Concurrent Preclean
[2025-05-08T12:08:31.165+0000][72][info ][gc,marking  ] GC(13) Concurrent Preclean 0.522ms
[2025-05-08T12:08:31.165+0000][72][info ][gc,start    ] GC(13) Pause Remark
[2025-05-08T12:08:31.176+0000][72][info ][gc          ] GC(13) Pause Remark 130M->130M(3880M) 10.643ms
[2025-05-08T12:08:31.176+0000][72][info ][gc,cpu      ] GC(13) User=0.07s Sys=0.01s Real=0.01s
[2025-05-08T12:08:31.177+0000][72][info ][safepoint   ] Safepoint "G1PauseRemark", Time since last: 30851729 ns, Reaching safepoint: 28544 ns, Cleanup: 31556 ns, At safepoint: 11470040 ns, Total: 11530140 ns
[2025-05-08T12:08:31.177+0000][72][info ][gc,marking  ] GC(13) Concurrent Mark 19.633ms
[2025-05-08T12:08:31.178+0000][72][info ][gc,marking  ] GC(13) Concurrent Rebuild Remembered Sets and Scrub Regions
[2025-05-08T12:08:31.189+0000][72][info ][gc,marking  ] GC(13) Concurrent Rebuild Remembered Sets and Scrub Regions 11.670ms
[2025-05-08T12:08:31.190+0000][72][info ][gc,start    ] GC(13) Pause Cleanup
[2025-05-08T12:08:31.191+0000][72][info ][gc          ] GC(13) Pause Cleanup 130M->130M(3880M) 0.698ms
[2025-05-08T12:08:31.191+0000][72][info ][gc,cpu      ] GC(13) User=0.00s Sys=0.00s Real=0.00s
[2025-05-08T12:08:31.191+0000][72][info ][safepoint   ] Safepoint "G1PauseCleanup", Time since last: 13112888 ns, Reaching safepoint: 27054 ns, Cleanup: 28001 ns, At safepoint: 1520607 ns, Total: 1575662 ns
[2025-05-08T12:08:31.192+0000][72][info ][gc,marking  ] GC(13) Concurrent Clear Claimed Marks
[2025-05-08T12:08:31.193+0000][72][info ][gc,marking  ] GC(13) Concurrent Clear Claimed Marks 0.837ms
[2025-05-08T12:08:31.193+0000][72][info ][gc,marking  ] GC(13) Concurrent Cleanup for Next Mark
[2025-05-08T12:08:31.202+0000][72][info ][gc,marking  ] GC(13) Concurrent Cleanup for Next Mark 8.441ms
[2025-05-08T12:08:31.202+0000][72][info ][gc          ] GC(13) Concurrent Mark Cycle 69.089ms
[2025-05-08T12:08:31.870+0000][72][info ][safepoint   ] Safepoint "ICBufferFull", Time since last: 678008683 ns, Reaching safepoint: 168856 ns, Cleanup: 214753 ns, At safepoint: 173492 ns, Total: 557101 ns
[2025-05-08T12:08:32.159+0000][72][info ][safepoint   ] Safepoint "ICBufferFull", Time since last: 288948373 ns, Reaching safepoint: 152036 ns, Cleanup: 134012 ns, At safepoint: 44566 ns, Total: 330614 ns
[2025-05-08T12:08:32.267+0000][72][info ][safepoint   ] Safepoint "ICBufferFull", Time since last: 107447805 ns, Reaching safepoint: 25133 ns, Cleanup: 200103 ns, At safepoint: 120006 ns, Total: 345242 ns
[2025-05-08T12:08:32.872+0000][72][info ][safepoint   ] Safepoint "ICBufferFull", Time since last: 604594292 ns, Reaching safepoint: 14767 ns, Cleanup: 126222 ns, At safepoint: 22144 ns, Total: 163133 ns
[2025-05-08T12:08:34.209+0000][72][info ][safepoint   ] Safepoint "Cleanup", Time since last: 1337281119 ns, Reaching safepoint: 11702 ns, Cleanup: 141348 ns, At safepoint: 80730 ns, Total: 233780 ns
[2025-05-08T12:08:35.045+0000][72][info ][safepoint   ] Safepoint "ICBufferFull", Time since last: 835669291 ns, Reaching safepoint: 136145 ns, Cleanup: 163866 ns, At safepoint: 103078 ns, Total: 403089 ns
[2025-05-08T12:08:36.241+0000][72][info ][safepoint   ] Safepoint "Cleanup", Time since last: 1195141784 ns, Reaching safepoint: 28478 ns, Cleanup: 209940 ns, At safepoint: 79011 ns, Total: 317429 ns
[2025-05-08T12:08:37.252+0000][72][info ][safepoint   ] Safepoint "Cleanup", Time since last: 1010492444 ns, Reaching safepoint: 14629 ns, Cleanup: 147471 ns, At safepoint: 31340 ns, Total: 193440 ns
[2025-05-08T12:08:39.099+0000][72][info ][safepoint   ] Safepoint "Cleanup", Time since last: 1847585292 ns, Reaching safepoint: 18499 ns, Cleanup: 51862 ns, At safepoint: 8424 ns, Total: 78785 ns
[2025-05-08T12:08:40.103+0000][72][info ][safepoint   ] Safepoint "Cleanup", Time since last: 1003318954 ns, Reaching safepoint: 36412 ns, Cleanup: 28455 ns, At safepoint: 17358 ns, Total: 82225 ns
[2025-05-08T12:08:41.104+0000][72][info ][safepoint   ] Safepoint "Cleanup", Time since last: 1000718026 ns, Reaching safepoint: 28728 ns, Cleanup: 167525 ns, At safepoint: 20068 ns, Total: 216321 ns
[2025-05-08T12:08:42.366+0000][72][info ][safepoint   ] Safepoint "Cleanup", Time since last: 1262174482 ns, Reaching safepoint: 17535 ns, Cleanup: 46530 ns, At safepoint: 9181 ns, Total: 73246 ns
[2025-05-08T12:08:43.372+0000][72][info ][safepoint   ] Safepoint "Cleanup", Time since last: 1006338952 ns, Reaching safepoint: 28828 ns, Cleanup: 16358 ns, At safepoint: 15005 ns, Total: 60191 ns
[2025-05-08T12:08:44.373+0000][72][info ][safepoint   ] Safepoint "Cleanup", Time since last: 1000726304 ns, Reaching safepoint: 29710 ns, Cleanup: 33344 ns, At safepoint: 15094 ns, Total: 78148 ns
[2025-05-08T12:08:45.374+0000][72][info ][safepoint   ] Safepoint "Cleanup", Time since last: 1000732770 ns, Reaching safepoint: 18958 ns, Cleanup: 13326 ns, At safepoint: 8789 ns, Total: 41073 ns
[2025-05-08T12:08:46.375+0000][72][info ][safepoint   ] Safepoint "Cleanup", Time since last: 1000672677 ns, Reaching safepoint: 101724 ns, Cleanup: 31253 ns, At safepoint: 15704 ns, Total: 148681 ns
[2025-05-08T12:08:47.375+0000][72][info ][safepoint   ] Safepoint "Cleanup", Time since last: 1000747984 ns, Reaching safepoint: 30308 ns, Cleanup: 43990 ns, At safepoint: 15259 ns, Total: 89557 ns
[2025-05-08T12:08:48.376+0000][72][info ][safepoint   ] Safepoint "Cleanup", Time since last: 1000873476 ns, Reaching safepoint: 29320 ns, Cleanup: 21955 ns, At safepoint: 14915 ns, Total: 66190 ns
[2025-05-08T12:08:49.377+0000][72][info ][safepoint   ] Safepoint "Cleanup", Time since last: 1000803823 ns, Reaching safepoint: 20335 ns, Cleanup: 16724 ns, At safepoint: 8189 ns, Total: 45248 ns
[2025-05-08T12:08:50.378+0000][72][info ][safepoint   ] Safepoint "Cleanup", Time since last: 1000688378 ns, Reaching safepoint: 32198 ns, Cleanup: 44308 ns, At safepoint: 17994 ns, Total: 94500 ns
[2025-05-08T12:08:51.379+0000][72][info ][safepoint   ] Safepoint "Cleanup", Time since last: 1000782254 ns, Reaching safepoint: 27697 ns, Cleanup: 143146 ns, At safepoint: 25036 ns, Total: 195879 ns
[2025-05-08T12:08:53.380+0000][72][info ][safepoint   ] Safepoint "Cleanup", Time since last: 2001006515 ns, Reaching safepoint: 32652 ns, Cleanup: 37935 ns, At safepoint: 16804 ns, Total: 87391 ns
[2025-05-08T12:08:56.382+0000][72][info ][safepoint   ] Safepoint "Cleanup", Time since last: 3001337621 ns, Reaching safepoint: 30433 ns, Cleanup: 65187 ns, At safepoint: 15542 ns, Total: 111162 ns
[2025-05-08T12:08:57.382+0000][72][info ][safepoint   ] Safepoint "Cleanup", Time since last: 1000740096 ns, Reaching safepoint: 20092 ns, Cleanup: 14847 ns, At safepoint: 9150 ns, Total: 44089 ns
[2025-05-08T12:08:58.383+0000][72][info ][safepoint   ] Safepoint "Cleanup", Time since last: 1000874469 ns, Reaching safepoint: 32754 ns, Cleanup: 26547 ns, At safepoint: 17367 ns, Total: 76668 ns
[2025-05-08T12:08:59.384+0000][72][info ][safepoint   ] Safepoint "Cleanup", Time since last: 1000753869 ns, Reaching safepoint: 29103 ns, Cleanup: 25907 ns, At safepoint: 15744 ns, Total: 70754 ns
[2025-05-08T12:09:00.385+0000][72][info ][safepoint   ] Safepoint "Cleanup", Time since last: 1000774339 ns, Reaching safepoint: 17853 ns, Cleanup: 13158 ns, At safepoint: 8531 ns, Total: 39542 ns
[2025-05-08T12:09:01.383+0000][72][info ][safepoint   ] Safepoint "Cleanup", Time since last: 1000763645 ns, Reaching safepoint: 18157 ns, Cleanup: 26817 ns, At safepoint: 8109 ns, Total: 53083 ns
[2025-05-08T12:09:02.384+0000][72][info ][safepoint   ] Safepoint "Cleanup", Time since last: 1000662954 ns, Reaching safepoint: 29636 ns, Cleanup: 40774 ns, At safepoint: 15378 ns, Total: 85788 ns
[2025-05-08T12:09:03.384+0000][72][info ][safepoint   ] Safepoint "Cleanup", Time since last: 1000832108 ns, Reaching safepoint: 33523 ns, Cleanup: 29510 ns, At safepoint: 16649 ns, Total: 79682 ns
[2025-05-08T12:09:04.385+0000][72][info ][safepoint   ] Safepoint "Cleanup", Time since last: 1000903453 ns, Reaching safepoint: 28081 ns, Cleanup: 16479 ns, At safepoint: 13862 ns, Total: 58422 ns
[2025-05-08T12:09:05.386+0000][72][info ][safepoint   ] Safepoint "Cleanup", Time since last: 1000692401 ns, Reaching safepoint: 28913 ns, Cleanup: 20052 ns, At safepoint: 14422 ns, Total: 63387 ns
[2025-05-08T12:09:06.386+0000][72][info ][safepoint   ] Safepoint "Cleanup", Time since last: 1000239769 ns, Reaching safepoint: 5527 ns, Cleanup: 17949 ns, At safepoint: 2940 ns, Total: 26416 ns
[2025-05-08T12:09:07.390+0000][72][info ][safepoint   ] Safepoint "Cleanup", Time since last: 1003657704 ns, Reaching safepoint: 27543 ns, Cleanup: 56040 ns, At safepoint: 14470 ns, Total: 98053 ns
[2025-05-08T12:09:08.392+0000][72][info ][safepoint   ] Safepoint "Cleanup", Time since last: 1001804576 ns, Reaching safepoint: 30344 ns, Cleanup: 26746 ns, At safepoint: 15394 ns, Total: 72484 ns
[2025-05-08T12:09:11.393+0000][72][info ][safepoint   ] Safepoint "Cleanup", Time since last: 3001040666 ns, Reaching safepoint: 27858 ns, Cleanup: 172378 ns, At safepoint: 17369 ns, Total: 217605 ns
[2025-05-08T12:09:14.394+0000][72][info ][safepoint   ] Safepoint "Cleanup", Time since last: 3001031231 ns, Reaching safepoint: 29868 ns, Cleanup: 39830 ns, At safepoint: 15120 ns, Total: 84818 ns
[2025-05-08T12:09:16.396+0000][72][info ][safepoint   ] Safepoint "Cleanup", Time since last: 2001002927 ns, Reaching safepoint: 18346 ns, Cleanup: 19174 ns, At safepoint: 8962 ns, Total: 46482 ns
[2025-05-08T12:09:17.396+0000][72][info ][safepoint   ] Safepoint "Cleanup", Time since last: 1000662980 ns, Reaching safepoint: 68327 ns, Cleanup: 28419 ns, At safepoint: 15044 ns, Total: 111790 ns
[2025-05-08T12:09:19.529+0000][72][info ][safepoint   ] Safepoint "Cleanup", Time since last: 2132200198 ns, Reaching safepoint: 14392 ns, Cleanup: 20275 ns, At safepoint: 82832 ns, Total: 117499 ns
[2025-05-08T12:09:21.414+0000][72][info ][safepoint   ] Safepoint "Cleanup", Time since last: 1885044133 ns, Reaching safepoint: 32115 ns, Cleanup: 172202 ns, At safepoint: 18063 ns, Total: 222380 ns
[2025-05-08T12:09:23.415+0000][72][info ][safepoint   ] Safepoint "Cleanup", Time since last: 2000985213 ns, Reaching safepoint: 25411 ns, Cleanup: 33744 ns, At safepoint: 10704 ns, Total: 69859 ns
[2025-05-08T12:09:26.423+0000][72][info ][safepoint   ] Safepoint "Cleanup", Time since last: 3007784560 ns, Reaching safepoint: 29602 ns, Cleanup: 137907 ns, At safepoint: 15696 ns, Total: 183205 ns
[2025-05-08T12:09:27.424+0000][72][info ][safepoint   ] Safepoint "Cleanup", Time since last: 1000577061 ns, Reaching safepoint: 18182 ns, Cleanup: 15958 ns, At safepoint: 7499 ns, Total: 41639 ns
[2025-05-08T12:09:28.425+0000][72][info ][safepoint   ] Safepoint "Cleanup", Time since last: 1001235773 ns, Reaching safepoint: 19590 ns, Cleanup: 19186 ns, At safepoint: 9554 ns, Total: 48330 ns
[2025-05-08T12:09:29.426+0000][72][info ][safepoint   ] Safepoint "Cleanup", Time since last: 1000821445 ns, Reaching safepoint: 18187 ns, Cleanup: 19398 ns, At safepoint: 8438 ns, Total: 46023 ns
[2025-05-08T12:09:30.426+0000][72][info ][safepoint   ] Safepoint "Cleanup", Time since last: 1000532948 ns, Reaching safepoint: 20117 ns, Cleanup: 16061 ns, At safepoint: 8430 ns, Total: 44608 ns
[2025-05-08T12:09:31.421+0000][72][info ][safepoint   ] Safepoint "Cleanup", Time since last: 1000629158 ns, Reaching safepoint: 16992 ns, Cleanup: 26185 ns, At safepoint: 8013 ns, Total: 51190 ns
[2025-05-08T12:09:33.297+0000][72][info ][safepoint   ] Safepoint "ICBufferFull", Time since last: 1875816075 ns, Reaching safepoint: 15938 ns, Cleanup: 106846 ns, At safepoint: 8469 ns, Total: 131253 ns
[2025-05-08T12:09:34.303+0000][72][info ][safepoint   ] Safepoint "Cleanup", Time since last: 1005870111 ns, Reaching safepoint: 31081 ns, Cleanup: 25718 ns, At safepoint: 15604 ns, Total: 72403 ns
[2025-05-08T12:09:35.304+0000][72][info ][safepoint   ] Safepoint "Cleanup", Time since last: 1000836105 ns, Reaching safepoint: 31304 ns, Cleanup: 28345 ns, At safepoint: 16813 ns, Total: 76462 ns
[2025-05-08T12:09:36.305+0000][72][info ][safepoint   ] Safepoint "Cleanup", Time since last: 1000701084 ns, Reaching safepoint: 16272 ns, Cleanup: 20128 ns, At safepoint: 21964 ns, Total: 58364 ns
[2025-05-08T12:09:37.305+0000][72][info ][safepoint   ] Safepoint "Cleanup", Time since last: 1000576016 ns, Reaching safepoint: 93411 ns, Cleanup: 17788 ns, At safepoint: 21722 ns, Total: 132921 ns
[2025-05-08T12:09:38.306+0000][72][info ][safepoint   ] Safepoint "Cleanup", Time since last: 1000759871 ns, Reaching safepoint: 172876 ns, Cleanup: 20629 ns, At safepoint: 17581 ns, Total: 211086 ns
[2025-05-08T12:09:41.137+0000][72][info ][safepoint   ] Safepoint "Cleanup", Time since last: 2830192337 ns, Reaching safepoint: 6340 ns, Cleanup: 15034 ns, At safepoint: 2815 ns, Total: 24189 ns
[2025-05-08T12:09:44.138+0000][72][info ][safepoint   ] Safepoint "Cleanup", Time since last: 3001513748 ns, Reaching safepoint: 28764 ns, Cleanup: 88134 ns, At safepoint: 18865 ns, Total: 135763 ns
[2025-05-08T12:09:46.139+0000][72][info ][safepoint   ] Safepoint "Cleanup", Time since last: 2001034454 ns, Reaching safepoint: 34938 ns, Cleanup: 27358 ns, At safepoint: 17467 ns, Total: 79763 ns
[2025-05-08T12:09:47.140+0000][72][info ][safepoint   ] Safepoint "Cleanup", Time since last: 1000695870 ns, Reaching safepoint: 29014 ns, Cleanup: 24215 ns, At safepoint: 14887 ns, Total: 68116 ns
[2025-05-08T12:09:48.141+0000][72][info ][safepoint   ] Safepoint "Cleanup", Time since last: 1000781314 ns, Reaching safepoint: 42168 ns, Cleanup: 14601 ns, At safepoint: 7881 ns, Total: 64650 ns
[2025-05-08T12:09:50.142+0000][72][info ][safepoint   ] Safepoint "Cleanup", Time since last: 2001121197 ns, Reaching safepoint: 25845 ns, Cleanup: 18561 ns, At safepoint: 10705 ns, Total: 55111 ns
[2025-05-08T12:09:51.143+0000][72][info ][safepoint   ] Safepoint "Cleanup", Time since last: 1000634928 ns, Reaching safepoint: 29582 ns, Cleanup: 23801 ns, At safepoint: 14312 ns, Total: 67695 ns
[2025-05-08T12:09:53.144+0000][72][info ][safepoint   ] Safepoint "Cleanup", Time since last: 2001168133 ns, Reaching safepoint: 30775 ns, Cleanup: 22277 ns, At safepoint: 15245 ns, Total: 68297 ns
[2025-05-08T12:09:56.145+0000][72][info ][safepoint   ] Safepoint "Cleanup", Time since last: 3001015759 ns, Reaching safepoint: 29828 ns, Cleanup: 35434 ns, At safepoint: 14977 ns, Total: 80239 ns
[2025-05-08T12:09:57.146+0000][72][info ][safepoint   ] Safepoint "Cleanup", Time since last: 1000758784 ns, Reaching safepoint: 31975 ns, Cleanup: 18647 ns, At safepoint: 14669 ns, Total: 65291 ns
[2025-05-08T12:09:59.147+0000][72][info ][safepoint   ] Safepoint "Cleanup", Time since last: 2001053432 ns, Reaching safepoint: 17762 ns, Cleanup: 13185 ns, At safepoint: 7898 ns, Total: 38845 ns
[2025-05-08T12:10:00.148+0000][72][info ][safepoint   ] Safepoint "Cleanup", Time since last: 1000766087 ns, Reaching safepoint: 31240 ns, Cleanup: 17937 ns, At safepoint: 15192 ns, Total: 64369 ns
[2025-05-08T12:10:02.146+0000][72][info ][safepoint   ] Safepoint "Cleanup", Time since last: 2000991267 ns, Reaching safepoint: 172087 ns, Cleanup: 25980 ns, At safepoint: 18368 ns, Total: 216435 ns
[2025-05-08T12:10:03.147+0000][72][info ][safepoint   ] Safepoint "Cleanup", Time since last: 1000705188 ns, Reaching safepoint: 55582 ns, Cleanup: 19891 ns, At safepoint: 11373 ns, Total: 86846 ns
[2025-05-08T12:10:05.148+0000][72][info ][safepoint   ] Safepoint "Cleanup", Time since last: 2000973428 ns, Reaching safepoint: 30095 ns, Cleanup: 17980 ns, At safepoint: 14764 ns, Total: 62839 ns
[2025-05-08T12:10:06.149+0000][72][info ][safepoint   ] Safepoint "Cleanup", Time since last: 1000728304 ns, Reaching safepoint: 17950 ns, Cleanup: 17975 ns, At safepoint: 8585 ns, Total: 44510 ns
[2025-05-08T12:10:07.149+0000][72][info ][safepoint   ] Safepoint "Cleanup", Time since last: 1000871134 ns, Reaching safepoint: 28559 ns, Cleanup: 31387 ns, At safepoint: 15781 ns, Total: 75727 ns
[2025-05-08T12:10:08.150+0000][72][info ][safepoint   ] Safepoint "Cleanup", Time since last: 1000808229 ns, Reaching safepoint: 29352 ns, Cleanup: 17419 ns, At safepoint: 14359 ns, Total: 61130 ns
[2025-05-08T12:10:10.151+0000][72][info ][safepoint   ] Safepoint "Cleanup", Time since last: 2001085601 ns, Reaching safepoint: 30036 ns, Cleanup: 21212 ns, At safepoint: 14750 ns, Total: 65998 ns
[2025-05-08T12:10:11.152+0000][72][info ][safepoint   ] Safepoint "Cleanup", Time since last: 1000825905 ns, Reaching safepoint: 29388 ns, Cleanup: 17985 ns, At safepoint: 14754 ns, Total: 62127 ns
[2025-05-08T12:10:12.153+0000][72][info ][safepoint   ] Safepoint "Cleanup", Time since last: 1000880354 ns, Reaching safepoint: 29357 ns, Cleanup: 17058 ns, At safepoint: 14459 ns, Total: 60874 ns
[2025-05-08T12:10:14.154+0000][72][info ][safepoint   ] Safepoint "Cleanup", Time since last: 2001058075 ns, Reaching safepoint: 18376 ns, Cleanup: 15246 ns, At safepoint: 8193 ns, Total: 41815 ns
[2025-05-08T12:10:16.156+0000][72][info ][safepoint   ] Safepoint "Cleanup", Time since last: 2001711705 ns, Reaching safepoint: 30110 ns, Cleanup: 30718 ns, At safepoint: 14396 ns, Total: 75224 ns
[2025-05-08T12:10:17.157+0000][72][info ][safepoint   ] Safepoint "Cleanup", Time since last: 1000804797 ns, Reaching safepoint: 30655 ns, Cleanup: 18825 ns, At safepoint: 15477 ns, Total: 64957 ns
[2025-05-08T12:10:18.158+0000][72][info ][safepoint   ] Safepoint "Cleanup", Time since last: 1000649464 ns, Reaching safepoint: 42610 ns, Cleanup: 15207 ns, At safepoint: 8281 ns, Total: 66098 ns
[2025-05-08T12:10:19.159+0000][72][info ][safepoint   ] Safepoint "Cleanup", Time since last: 1000807064 ns, Reaching safepoint: 18731 ns, Cleanup: 14508 ns, At safepoint: 8429 ns, Total: 41668 ns
[2025-05-08T12:10:20.162+0000][72][info ][safepoint   ] Safepoint "Cleanup", Time since last: 1003759274 ns, Reaching safepoint: 25461 ns, Cleanup: 27630 ns, At safepoint: 10802 ns, Total: 63893 ns
[2025-05-08T12:10:21.167+0000][72][info ][safepoint   ] Safepoint "Cleanup", Time since last: 1004610383 ns, Reaching safepoint: 189730 ns, Cleanup: 21491 ns, At safepoint: 157782 ns, Total: 369003 ns
[2025-05-08T12:10:23.168+0000][72][info ][safepoint   ] Safepoint "Cleanup", Time since last: 2000860328 ns, Reaching safepoint: 27232 ns, Cleanup: 15288 ns, At safepoint: 13578 ns, Total: 56098 ns
[2025-05-08T12:10:26.170+0000][72][info ][safepoint   ] Safepoint "Cleanup", Time since last: 3001090170 ns, Reaching safepoint: 27425 ns, Cleanup: 44429 ns, At safepoint: 14589 ns, Total: 86443 ns
[2025-05-08T12:10:29.171+0000][72][info ][safepoint   ] Safepoint "Cleanup", Time since last: 3001104912 ns, Reaching safepoint: 31204 ns, Cleanup: 23543 ns, At safepoint: 15946 ns, Total: 70693 ns
[2025-05-08T12:10:30.171+0000][72][info ][safepoint   ] Safepoint "Cleanup", Time since last: 1000651944 ns, Reaching safepoint: 28080 ns, Cleanup: 14051 ns, At safepoint: 15549 ns, Total: 57680 ns
[2025-05-08T12:10:31.168+0000][72][info ][safepoint   ] Safepoint "Cleanup", Time since last: 1000627944 ns, Reaching safepoint: 27771 ns, Cleanup: 32749 ns, At safepoint: 15327 ns, Total: 75847 ns
[2025-05-08T12:10:32.169+0000][72][info ][safepoint   ] Safepoint "Cleanup", Time since last: 1000707195 ns, Reaching safepoint: 27158 ns, Cleanup: 19332 ns, At safepoint: 28411 ns, Total: 74901 ns
[2025-05-08T12:10:33.170+0000][72][info ][safepoint   ] Safepoint "Cleanup", Time since last: 1000832663 ns, Reaching safepoint: 27065 ns, Cleanup: 17516 ns, At safepoint: 14571 ns, Total: 59152 ns
[2025-05-08T12:10:34.171+0000][72][info ][safepoint   ] Safepoint "Cleanup", Time since last: 1000816510 ns, Reaching safepoint: 42424 ns, Cleanup: 16559 ns, At safepoint: 9778 ns, Total: 68761 ns
[2025-05-08T12:10:35.328+0000][72][info ][safepoint   ] Safepoint "Cleanup", Time since last: 1156693250 ns, Reaching safepoint: 18814 ns, Cleanup: 63551 ns, At safepoint: 64965 ns, Total: 147330 ns
[2025-05-08T12:10:36.333+0000][72][info ][safepoint   ] Safepoint "Cleanup", Time since last: 1005507525 ns, Reaching safepoint: 32264 ns, Cleanup: 24282 ns, At safepoint: 15740 ns, Total: 72286 ns
[2025-05-08T12:10:37.334+0000][72][info ][safepoint   ] Safepoint "Cleanup", Time since last: 1000612048 ns, Reaching safepoint: 19534 ns, Cleanup: 18218 ns, At safepoint: 10045 ns, Total: 47797 ns
[2025-05-08T12:10:41.173+0000][72][info ][safepoint   ] Safepoint "Cleanup", Time since last: 3838583130 ns, Reaching safepoint: 7173 ns, Cleanup: 14467 ns, At safepoint: 2838 ns, Total: 24478 ns
[2025-05-08T12:10:44.174+0000][72][info ][safepoint   ] Safepoint "Cleanup", Time since last: 3001183079 ns, Reaching safepoint: 113463 ns, Cleanup: 18925 ns, At safepoint: 17996 ns, Total: 150384 ns
[2025-05-08T12:10:46.175+0000][72][info ][safepoint   ] Safepoint "Cleanup", Time since last: 2000949199 ns, Reaching safepoint: 30353 ns, Cleanup: 31440 ns, At safepoint: 16530 ns, Total: 78323 ns
[2025-05-08T12:10:47.176+0000][72][info ][safepoint   ] Safepoint "Cleanup", Time since last: 1000786030 ns, Reaching safepoint: 18075 ns, Cleanup: 14677 ns, At safepoint: 7647 ns, Total: 40399 ns
[2025-05-08T12:10:48.176+0000][72][info ][safepoint   ] Safepoint "Cleanup", Time since last: 1000638146 ns, Reaching safepoint: 19295 ns, Cleanup: 16949 ns, At safepoint: 8902 ns, Total: 45146 ns
[2025-05-08T12:10:50.177+0000][72][info ][safepoint   ] Safepoint "Cleanup", Time since last: 2000758818 ns, Reaching safepoint: 41826 ns, Cleanup: 19844 ns, At safepoint: 7740 ns, Total: 69410 ns
[2025-05-08T12:10:51.178+0000][72][info ][safepoint   ] Safepoint "Cleanup", Time since last: 1000846938 ns, Reaching safepoint: 20439 ns, Cleanup: 15351 ns, At safepoint: 7938 ns, Total: 43728 ns
[2025-05-08T12:10:53.179+0000][72][info ][safepoint   ] Safepoint "Cleanup", Time since last: 2000901336 ns, Reaching safepoint: 18395 ns, Cleanup: 12684 ns, At safepoint: 7954 ns, Total: 39033 ns
[2025-05-08T12:10:56.180+0000][72][info ][safepoint   ] Safepoint "Cleanup", Time since last: 3000984142 ns, Reaching safepoint: 20710 ns, Cleanup: 14762 ns, At safepoint: 8423 ns, Total: 43895 ns
[2025-05-08T12:10:58.181+0000][72][info ][safepoint   ] Safepoint "Cleanup", Time since last: 2000861763 ns, Reaching safepoint: 18514 ns, Cleanup: 18499 ns, At safepoint: 7273 ns, Total: 44286 ns
[2025-05-08T12:10:59.182+0000][72][info ][safepoint   ] Safepoint "Cleanup", Time since last: 1000619207 ns, Reaching safepoint: 20493 ns, Cleanup: 24240 ns, At safepoint: 8072 ns, Total: 52805 ns
[2025-05-08T12:11:02.179+0000][72][info ][safepoint   ] Safepoint "Cleanup", Time since last: 3001085265 ns, Reaching safepoint: 28764 ns, Cleanup: 15869 ns, At safepoint: 14666 ns, Total: 59299 ns
[2025-05-08T12:11:03.180+0000][72][info ][safepoint   ] Safepoint "Cleanup", Time since last: 1000851554 ns, Reaching safepoint: 33887 ns, Cleanup: 25715 ns, At safepoint: 17305 ns, Total: 76907 ns
[2025-05-08T12:11:05.181+0000][72][info ][safepoint   ] Safepoint "Cleanup", Time since last: 2001374665 ns, Reaching safepoint: 74872 ns, Cleanup: 30186 ns, At safepoint: 17504 ns, Total: 122562 ns
[2025-05-08T12:11:06.182+0000][72][info ][safepoint   ] Safepoint "Cleanup", Time since last: 1000613105 ns, Reaching safepoint: 18247 ns, Cleanup: 19245 ns, At safepoint: 8220 ns, Total: 45712 ns
[2025-05-08T12:11:08.183+0000][72][info ][safepoint   ] Safepoint "Cleanup", Time since last: 2000707624 ns, Reaching safepoint: 26183 ns, Cleanup: 23449 ns, At safepoint: 11214 ns, Total: 60846 ns
[2025-05-08T12:11:11.185+0000][72][info ][safepoint   ] Safepoint "Cleanup", Time since last: 3001760951 ns, Reaching safepoint: 31286 ns, Cleanup: 18916 ns, At safepoint: 81378 ns, Total: 131580 ns
[2025-05-08T12:11:12.185+0000][72][info ][safepoint   ] Safepoint "Cleanup", Time since last: 1000612707 ns, Reaching safepoint: 34393 ns, Cleanup: 18300 ns, At safepoint: 17886 ns, Total: 70579 ns
[2025-05-08T12:11:16.187+0000][72][info ][safepoint   ] Safepoint "Cleanup", Time since last: 4001121820 ns, Reaching safepoint: 28876 ns, Cleanup: 16735 ns, At safepoint: 10170 ns, Total: 55781 ns
[2025-05-08T12:11:18.187+0000][72][info ][safepoint   ] Safepoint "Cleanup", Time since last: 2000774453 ns, Reaching safepoint: 18659 ns, Cleanup: 12062 ns, At safepoint: 8176 ns, Total: 38897 ns
[2025-05-08T12:11:20.189+0000][72][info ][safepoint   ] Safepoint "Cleanup", Time since last: 2001210140 ns, Reaching safepoint: 70210 ns, Cleanup: 19469 ns, At safepoint: 14836 ns, Total: 104515 ns
[2025-05-08T12:11:21.190+0000][72][info ][safepoint   ] Safepoint "Cleanup", Time since last: 1000826938 ns, Reaching safepoint: 30939 ns, Cleanup: 20852 ns, At safepoint: 15040 ns, Total: 66831 ns
[2025-05-08T12:11:23.191+0000][72][info ][safepoint   ] Safepoint "Cleanup", Time since last: 2001067811 ns, Reaching safepoint: 31301 ns, Cleanup: 20060 ns, At safepoint: 15938 ns, Total: 67299 ns
[2025-05-08T12:11:26.192+0000][72][info ][safepoint   ] Safepoint "Cleanup", Time since last: 3001225574 ns, Reaching safepoint: 29074 ns, Cleanup: 58812 ns, At safepoint: 14440 ns, Total: 102326 ns
[2025-05-08T12:11:27.193+0000][72][info ][safepoint   ] Safepoint "Cleanup", Time since last: 1000749743 ns, Reaching safepoint: 30452 ns, Cleanup: 22203 ns, At safepoint: 14029 ns, Total: 66684 ns
[2025-05-08T12:11:28.194+0000][72][info ][safepoint   ] Safepoint "Cleanup", Time since last: 1000759050 ns, Reaching safepoint: 32034 ns, Cleanup: 18417 ns, At safepoint: 15493 ns, Total: 65944 ns
[2025-05-08T12:11:29.195+0000][72][info ][safepoint   ] Safepoint "Cleanup", Time since last: 1000856483 ns, Reaching safepoint: 29547 ns, Cleanup: 19283 ns, At safepoint: 14958 ns, Total: 63788 ns
[2025-05-08T12:11:31.192+0000][72][info ][safepoint   ] Safepoint "Cleanup", Time since last: 2001077984 ns, Reaching safepoint: 19270 ns, Cleanup: 22038 ns, At safepoint: 8554 ns, Total: 49862 ns
[2025-05-08T12:11:32.193+0000][72][info ][safepoint   ] Safepoint "Cleanup", Time since last: 1000768234 ns, Reaching safepoint: 29077 ns, Cleanup: 23289 ns, At safepoint: 15744 ns, Total: 68110 ns
[2025-05-08T12:11:33.193+0000][72][info ][safepoint   ] Safepoint "Cleanup", Time since last: 1000694331 ns, Reaching safepoint: 29815 ns, Cleanup: 39802 ns, At safepoint: 15050 ns, Total: 84667 ns
[2025-05-08T12:11:35.195+0000][72][info ][safepoint   ] Safepoint "Cleanup", Time since last: 2000972033 ns, Reaching safepoint: 110430 ns, Cleanup: 21657 ns, At safepoint: 14139 ns, Total: 146226 ns
[2025-05-08T12:11:36.196+0000][72][info ][safepoint   ] Safepoint "Cleanup", Time since last: 1000740335 ns, Reaching safepoint: 225446 ns, Cleanup: 30808 ns, At safepoint: 23357 ns, Total: 279611 ns
[2025-05-08T12:11:37.867+0000][72][info ][safepoint   ] Safepoint "Cleanup", Time since last: 1671065908 ns, Reaching safepoint: 35534 ns, Cleanup: 58999 ns, At safepoint: 123166 ns, Total: 217699 ns
[2025-05-08T12:11:39.376+0000][72][info ][safepoint   ] Safepoint "Cleanup", Time since last: 1508783999 ns, Reaching safepoint: 115007 ns, Cleanup: 41217 ns, At safepoint: 19337 ns, Total: 175561 ns
[2025-05-08T12:11:41.205+0000][72][info ][safepoint   ] Safepoint "Cleanup", Time since last: 1828841257 ns, Reaching safepoint: 6527 ns, Cleanup: 20265 ns, At safepoint: 13841 ns, Total: 40633 ns
[2025-05-08T12:11:43.206+0000][72][info ][safepoint   ] Safepoint "Cleanup", Time since last: 2000936843 ns, Reaching safepoint: 29937 ns, Cleanup: 16806 ns, At safepoint: 14552 ns, Total: 61295 ns
[2025-05-08T12:11:44.206+0000][72][info ][safepoint   ] Safepoint "Cleanup", Time since last: 1000613758 ns, Reaching safepoint: 25928 ns, Cleanup: 67690 ns, At safepoint: 12540 ns, Total: 106158 ns
[2025-05-08T12:11:46.208+0000][72][info ][safepoint   ] Safepoint "Cleanup", Time since last: 2001524919 ns, Reaching safepoint: 32533 ns, Cleanup: 24513 ns, At safepoint: 12758 ns, Total: 69804 ns
[2025-05-08T12:11:50.213+0000][72][info ][safepoint   ] Safepoint "Cleanup", Time since last: 4004434806 ns, Reaching safepoint: 70732 ns, Cleanup: 22341 ns, At safepoint: 30780 ns, Total: 123853 ns
[2025-05-08T12:11:51.214+0000][72][info ][safepoint   ] Safepoint "Cleanup", Time since last: 1000822427 ns, Reaching safepoint: 34523 ns, Cleanup: 19181 ns, At safepoint: 16025 ns, Total: 69729 ns
[2025-05-08T12:11:56.215+0000][72][info ][safepoint   ] Safepoint "Cleanup", Time since last: 5001352009 ns, Reaching safepoint: 27160 ns, Cleanup: 23045 ns, At safepoint: 13890 ns, Total: 64095 ns
[2025-05-08T12:11:58.216+0000][72][info ][safepoint   ] Safepoint "Cleanup", Time since last: 2001141591 ns, Reaching safepoint: 29544 ns, Cleanup: 20313 ns, At safepoint: 13946 ns, Total: 63803 ns
[2025-05-08T12:11:59.217+0000][72][info ][safepoint   ] Safepoint "Cleanup", Time since last: 1000707024 ns, Reaching safepoint: 17959 ns, Cleanup: 13267 ns, At safepoint: 8243 ns, Total: 39469 ns
[2025-05-08T12:12:01.214+0000][72][info ][safepoint   ] Safepoint "Cleanup", Time since last: 2000901250 ns, Reaching safepoint: 21846 ns, Cleanup: 18073 ns, At safepoint: 9952 ns, Total: 49871 ns
[2025-05-08T12:12:02.215+0000][72][info ][safepoint   ] Safepoint "Cleanup", Time since last: 1001102862 ns, Reaching safepoint: 22148 ns, Cleanup: 14880 ns, At safepoint: 8149 ns, Total: 45177 ns
[2025-05-08T12:12:05.216+0000][72][info ][safepoint   ] Safepoint "Cleanup", Time since last: 3000963676 ns, Reaching safepoint: 35128 ns, Cleanup: 13902 ns, At safepoint: 8972 ns, Total: 58002 ns
[2025-05-08T12:12:06.217+0000][72][info ][safepoint   ] Safepoint "Cleanup", Time since last: 1000779163 ns, Reaching safepoint: 52442 ns, Cleanup: 19993 ns, At safepoint: 8869 ns, Total: 81304 ns
[2025-05-08T12:12:08.218+0000][72][info ][safepoint   ] Safepoint "Cleanup", Time since last: 2000827916 ns, Reaching safepoint: 17613 ns, Cleanup: 15718 ns, At safepoint: 7510 ns, Total: 40841 ns
[2025-05-08T12:12:11.219+0000][72][info ][safepoint   ] Safepoint "Cleanup", Time since last: 3001238643 ns, Reaching safepoint: 30707 ns, Cleanup: 17356 ns, At safepoint: 16549 ns, Total: 64612 ns
[2025-05-08T12:12:14.221+0000][72][info ][safepoint   ] Safepoint "Cleanup", Time since last: 3001257514 ns, Reaching safepoint: 31718 ns, Cleanup: 22559 ns, At safepoint: 15657 ns, Total: 69934 ns
[2025-05-08T12:12:16.222+0000][72][info ][safepoint   ] Safepoint "Cleanup", Time since last: 2000957510 ns, Reaching safepoint: 19827 ns, Cleanup: 23399 ns, At safepoint: 8300 ns, Total: 51526 ns
[2025-05-08T12:12:17.223+0000][72][info ][safepoint   ] Safepoint "Cleanup", Time since last: 1000891723 ns, Reaching safepoint: 18364 ns, Cleanup: 13361 ns, At safepoint: 8061 ns, Total: 39786 ns
[2025-05-08T12:12:18.224+0000][72][info ][safepoint   ] Safepoint "Cleanup", Time since last: 1000854003 ns, Reaching safepoint: 35441 ns, Cleanup: 21789 ns, At safepoint: 15900 ns, Total: 73130 ns
[2025-05-08T12:12:20.225+0000][72][info ][safepoint   ] Safepoint "Cleanup", Time since last: 2001121855 ns, Reaching safepoint: 29571 ns, Cleanup: 17416 ns, At safepoint: 14717 ns, Total: 61704 ns
[2025-05-08T12:12:21.226+0000][72][info ][safepoint   ] Safepoint "Cleanup", Time since last: 1000924951 ns, Reaching safepoint: 69395 ns, Cleanup: 17173 ns, At safepoint: 30011 ns, Total: 116579 ns
[2025-05-08T12:12:23.227+0000][72][info ][safepoint   ] Safepoint "Cleanup", Time since last: 2000883678 ns, Reaching safepoint: 31192 ns, Cleanup: 20102 ns, At safepoint: 15354 ns, Total: 66648 ns
[2025-05-08T12:12:25.228+0000][72][info ][safepoint   ] Safepoint "Cleanup", Time since last: 2000992763 ns, Reaching safepoint: 126083 ns, Cleanup: 22027 ns, At safepoint: 19358 ns, Total: 167468 ns
[2025-05-08T12:12:26.229+0000][72][info ][safepoint   ] Safepoint "Cleanup", Time since last: 1000682065 ns, Reaching safepoint: 20534 ns, Cleanup: 44860 ns, At safepoint: 9422 ns, Total: 74816 ns
[2025-05-08T12:12:27.230+0000][72][info ][safepoint   ] Safepoint "Cleanup", Time since last: 1000819145 ns, Reaching safepoint: 27293 ns, Cleanup: 17009 ns, At safepoint: 11506 ns, Total: 55808 ns
[2025-05-08T12:12:31.227+0000][72][info ][safepoint   ] Safepoint "Cleanup", Time since last: 4001193333 ns, Reaching safepoint: 19472 ns, Cleanup: 22311 ns, At safepoint: 8520 ns, Total: 50303 ns
[2025-05-08T12:12:32.228+0000][72][info ][safepoint   ] Safepoint "Cleanup", Time since last: 1000781541 ns, Reaching safepoint: 78813 ns, Cleanup: 21099 ns, At safepoint: 14019 ns, Total: 113931 ns
[2025-05-08T12:12:33.229+0000][72][info ][safepoint   ] Safepoint "Cleanup", Time since last: 1000671723 ns, Reaching safepoint: 32766 ns, Cleanup: 38149 ns, At safepoint: 17360 ns, Total: 88275 ns
[2025-05-08T12:12:35.230+0000][72][info ][safepoint   ] Safepoint "Cleanup", Time since last: 2001079015 ns, Reaching safepoint: 33449 ns, Cleanup: 24186 ns, At safepoint: 17064 ns, Total: 74699 ns
[2025-05-08T12:12:36.231+0000][72][info ][safepoint   ] Safepoint "Cleanup", Time since last: 1000814987 ns, Reaching safepoint: 55364 ns, Cleanup: 24600 ns, At safepoint: 34389 ns, Total: 114353 ns
[2025-05-08T12:12:38.232+0000][72][info ][safepoint   ] Safepoint "Cleanup", Time since last: 2000781850 ns, Reaching safepoint: 20486 ns, Cleanup: 23292 ns, At safepoint: 8134 ns, Total: 51912 ns
[2025-05-08T12:12:40.914+0000][72][info ][safepoint   ] Safepoint "Cleanup", Time since last: 2681821674 ns, Reaching safepoint: 13343 ns, Cleanup: 58522 ns, At safepoint: 41450 ns, Total: 113315 ns
[2025-05-08T12:12:42.411+0000][72][info ][safepoint   ] Safepoint "Cleanup", Time since last: 1496599187 ns, Reaching safepoint: 19635 ns, Cleanup: 28969 ns, At safepoint: 9228 ns, Total: 57832 ns
[2025-05-08T12:12:44.412+0000][72][info ][safepoint   ] Safepoint "Cleanup", Time since last: 2000923524 ns, Reaching safepoint: 32554 ns, Cleanup: 19314 ns, At safepoint: 19647 ns, Total: 71515 ns
[2025-05-08T12:12:47.413+0000][72][info ][safepoint   ] Safepoint "Cleanup", Time since last: 3000967220 ns, Reaching safepoint: 32045 ns, Cleanup: 20241 ns, At safepoint: 77000 ns, Total: 129286 ns
[2025-05-08T12:12:48.414+0000][72][info ][safepoint   ] Safepoint "Cleanup", Time since last: 1000818602 ns, Reaching safepoint: 30404 ns, Cleanup: 20344 ns, At safepoint: 16894 ns, Total: 67642 ns
[2025-05-08T12:12:49.414+0000][72][info ][safepoint   ] Safepoint "Cleanup", Time since last: 1000744722 ns, Reaching safepoint: 30310 ns, Cleanup: 18899 ns, At safepoint: 17286 ns, Total: 66495 ns
[2025-05-08T12:12:50.415+0000][72][info ][safepoint   ] Safepoint "Cleanup", Time since last: 1000865449 ns, Reaching safepoint: 31262 ns, Cleanup: 18211 ns, At safepoint: 17049 ns, Total: 66522 ns
[2025-05-08T12:12:56.417+0000][72][info ][safepoint   ] Safepoint "Cleanup", Time since last: 6001716753 ns, Reaching safepoint: 73574 ns, Cleanup: 23400 ns, At safepoint: 16485 ns, Total: 113459 ns
[2025-05-08T12:12:59.418+0000][72][info ][safepoint   ] Safepoint "Cleanup", Time since last: 3001150137 ns, Reaching safepoint: 31009 ns, Cleanup: 18961 ns, At safepoint: 15480 ns, Total: 65450 ns
[2025-05-08T12:13:00.419+0000][72][info ][safepoint   ] Safepoint "Cleanup", Time since last: 1000735609 ns, Reaching safepoint: 38750 ns, Cleanup: 22856 ns, At safepoint: 18565 ns, Total: 80171 ns
[2025-05-08T12:13:01.416+0000][72][info ][safepoint   ] Safepoint "Cleanup", Time since last: 1000596100 ns, Reaching safepoint: 18119 ns, Cleanup: 17306 ns, At safepoint: 7949 ns, Total: 43374 ns
[2025-05-08T12:13:03.417+0000][72][info ][safepoint   ] Safepoint "Cleanup", Time since last: 2001031078 ns, Reaching safepoint: 28354 ns, Cleanup: 19016 ns, At safepoint: 14514 ns, Total: 61884 ns
[2025-05-08T12:13:05.418+0000][72][info ][safepoint   ] Safepoint "Cleanup", Time since last: 2001185530 ns, Reaching safepoint: 30971 ns, Cleanup: 17301 ns, At safepoint: 15966 ns, Total: 64238 ns
[2025-05-08T12:13:07.419+0000][72][info ][safepoint   ] Safepoint "Cleanup", Time since last: 2001015570 ns, Reaching safepoint: 42999 ns, Cleanup: 13912 ns, At safepoint: 10768 ns, Total: 67679 ns
[2025-05-08T12:13:17.422+0000][72][info ][safepoint   ] Safepoint "Cleanup", Time since last: 10002220364 ns, Reaching safepoint: 96247 ns, Cleanup: 21562 ns, At safepoint: 11886 ns, Total: 129695 ns
[2025-05-08T12:13:20.423+0000][72][info ][safepoint   ] Safepoint "Cleanup", Time since last: 3000840024 ns, Reaching safepoint: 24701 ns, Cleanup: 16317 ns, At safepoint: 10640 ns, Total: 51658 ns
[2025-05-08T12:13:20.809+0000][72][info ][safepoint   ] Safepoint "ICBufferFull", Time since last: 385686398 ns, Reaching safepoint: 294319 ns, Cleanup: 133270 ns, At safepoint: 143833 ns, Total: 571422 ns
[2025-05-08T12:13:21.336+0000][72][info ][safepoint   ] Safepoint "ICBufferFull", Time since last: 526548011 ns, Reaching safepoint: 697874 ns, Cleanup: 166924 ns, At safepoint: 80525 ns, Total: 945323 ns
[2025-05-08T12:13:21.367+0000][72][info ][safepoint   ] Safepoint "ICBufferFull", Time since last: 29834555 ns, Reaching safepoint: 975563 ns, Cleanup: 23600 ns, At safepoint: 108242 ns, Total: 1107405 ns
[2025-05-08T12:13:22.485+0000][72][info ][safepoint   ] Safepoint "Cleanup", Time since last: 1117614401 ns, Reaching safepoint: 58608 ns, Cleanup: 121494 ns, At safepoint: 25600 ns, Total: 205702 ns
[2025-05-08T12:13:23.487+0000][72][info ][safepoint   ] Safepoint "Cleanup", Time since last: 1001660605 ns, Reaching safepoint: 29604 ns, Cleanup: 102955 ns, At safepoint: 21575 ns, Total: 154134 ns
[2025-05-08T12:13:24.509+0000][72][info ][safepoint   ] Safepoint "Cleanup", Time since last: 1022168577 ns, Reaching safepoint: 34327 ns, Cleanup: 18021 ns, At safepoint: 17476 ns, Total: 69824 ns
[2025-05-08T12:13:25.510+0000][72][info ][safepoint   ] Safepoint "Cleanup", Time since last: 1000604036 ns, Reaching safepoint: 31088 ns, Cleanup: 35383 ns, At safepoint: 15914 ns, Total: 82385 ns
[2025-05-08T12:13:26.511+0000][72][info ][safepoint   ] Safepoint "Cleanup", Time since last: 1001297693 ns, Reaching safepoint: 96378 ns, Cleanup: 59032 ns, At safepoint: 13441 ns, Total: 168851 ns
[2025-05-08T12:13:27.515+0000][72][info ][safepoint   ] Safepoint "Cleanup", Time since last: 1003969977 ns, Reaching safepoint: 27776 ns, Cleanup: 19505 ns, At safepoint: 12110 ns, Total: 59391 ns
[2025-05-08T12:13:29.516+0000][72][info ][safepoint   ] Safepoint "Cleanup", Time since last: 2000914240 ns, Reaching safepoint: 30697 ns, Cleanup: 23572 ns, At safepoint: 14603 ns, Total: 68872 ns
[2025-05-08T12:13:30.520+0000][72][info ][safepoint   ] Safepoint "Cleanup", Time since last: 1003022692 ns, Reaching safepoint: 104269 ns, Cleanup: 18686 ns, At safepoint: 13125 ns, Total: 136080 ns
[2025-05-08T12:13:31.518+0000][72][info ][safepoint   ] Safepoint "Cleanup", Time since last: 1003930461 ns, Reaching safepoint: 24518 ns, Cleanup: 21408 ns, At safepoint: 9753 ns, Total: 55679 ns
[2025-05-08T12:13:33.450+0000][72][info ][safepoint   ] Safepoint "Cleanup", Time since last: 1931938905 ns, Reaching safepoint: 23904 ns, Cleanup: 42884 ns, At safepoint: 9082 ns, Total: 75870 ns
[2025-05-08T12:13:34.816+0000][72][info ][safepoint   ] Safepoint "Cleanup", Time since last: 1366617813 ns, Reaching safepoint: 32079 ns, Cleanup: 21415 ns, At safepoint: 72865 ns, Total: 126359 ns
[2025-05-08T12:13:36.491+0000][72][info ][safepoint   ] Safepoint "Cleanup", Time since last: 1674275108 ns, Reaching safepoint: 32237 ns, Cleanup: 39031 ns, At safepoint: 12297 ns, Total: 83565 ns
[2025-05-08T12:13:37.530+0000][72][info ][safepoint   ] Safepoint "Cleanup", Time since last: 1039329610 ns, Reaching safepoint: 40560 ns, Cleanup: 38887 ns, At safepoint: 21005 ns, Total: 100452 ns
[2025-05-08T12:13:40.532+0000][72][info ][safepoint   ] Safepoint "Cleanup", Time since last: 3001215337 ns, Reaching safepoint: 257224 ns, Cleanup: 18707 ns, At safepoint: 18968 ns, Total: 294899 ns
[2025-05-08T12:13:42.278+0000][72][info ][safepoint   ] Safepoint "Cleanup", Time since last: 1746519143 ns, Reaching safepoint: 27408 ns, Cleanup: 69839 ns, At safepoint: 15856 ns, Total: 113103 ns
[2025-05-08T12:13:43.846+0000][72][info ][safepoint   ] Safepoint "Cleanup", Time since last: 1567416914 ns, Reaching safepoint: 36006 ns, Cleanup: 26771 ns, At safepoint: 76371 ns, Total: 139148 ns
[2025-05-08T12:13:45.590+0000][72][info ][safepoint   ] Safepoint "Cleanup", Time since last: 1744343187 ns, Reaching safepoint: 26756 ns, Cleanup: 25882 ns, At safepoint: 10809 ns, Total: 63447 ns
[2025-05-08T12:13:46.591+0000][72][info ][safepoint   ] Safepoint "Cleanup", Time since last: 1000738546 ns, Reaching safepoint: 28367 ns, Cleanup: 18840 ns, At safepoint: 10908 ns, Total: 58115 ns
[2025-05-08T12:13:47.592+0000][72][info ][safepoint   ] Safepoint "Cleanup", Time since last: 1000588722 ns, Reaching safepoint: 29382 ns, Cleanup: 29832 ns, At safepoint: 14536 ns, Total: 73750 ns
[2025-05-08T12:13:48.592+0000][72][info ][safepoint   ] Safepoint "Cleanup", Time since last: 1000644697 ns, Reaching safepoint: 27327 ns, Cleanup: 16522 ns, At safepoint: 10841 ns, Total: 54690 ns
[2025-05-08T12:13:51.593+0000][72][info ][safepoint   ] Safepoint "Cleanup", Time since last: 3000906935 ns, Reaching safepoint: 35555 ns, Cleanup: 30436 ns, At safepoint: 17207 ns, Total: 83198 ns
[2025-05-08T12:13:53.594+0000][72][info ][safepoint   ] Safepoint "Cleanup", Time since last: 2000724834 ns, Reaching safepoint: 62806 ns, Cleanup: 22742 ns, At safepoint: 32832 ns, Total: 118380 ns
[2025-05-08T12:13:56.595+0000][72][info ][safepoint   ] Safepoint "Cleanup", Time since last: 3000912247 ns, Reaching safepoint: 27302 ns, Cleanup: 29569 ns, At safepoint: 10271 ns, Total: 67142 ns
[2025-05-08T12:13:59.598+0000][72][info ][safepoint   ] Safepoint "Cleanup", Time since last: 3002306435 ns, Reaching safepoint: 22990 ns, Cleanup: 22222 ns, At safepoint: 10500 ns, Total: 55712 ns
[2025-05-08T12:14:01.596+0000][72][info ][safepoint   ] Safepoint "Cleanup", Time since last: 2000714024 ns, Reaching safepoint: 37962 ns, Cleanup: 35069 ns, At safepoint: 13997 ns, Total: 87028 ns
[2025-05-08T12:14:02.596+0000][72][info ][safepoint   ] Safepoint "Cleanup", Time since last: 1000675859 ns, Reaching safepoint: 29771 ns, Cleanup: 17470 ns, At safepoint: 11474 ns, Total: 58715 ns
[2025-05-08T12:14:05.526+0000][72][info ][safepoint   ] Safepoint "Cleanup", Time since last: 2929710521 ns, Reaching safepoint: 13357 ns, Cleanup: 16494 ns, At safepoint: 21124 ns, Total: 50975 ns
[2025-05-08T12:14:06.555+0000][72][info ][safepoint   ] Safepoint "Cleanup", Time since last: 1029280253 ns, Reaching safepoint: 26155 ns, Cleanup: 25711 ns, At safepoint: 11287 ns, Total: 63153 ns
[2025-05-08T12:14:07.556+0000][72][info ][safepoint   ] Safepoint "Cleanup", Time since last: 1000668333 ns, Reaching safepoint: 18947 ns, Cleanup: 17568 ns, At safepoint: 8684 ns, Total: 45199 ns
[2025-05-08T12:14:08.557+0000][72][info ][safepoint   ] Safepoint "Cleanup", Time since last: 1000604033 ns, Reaching safepoint: 78027 ns, Cleanup: 24468 ns, At safepoint: 15140 ns, Total: 117635 ns
[2025-05-08T12:14:11.562+0000][72][info ][safepoint   ] Safepoint "Cleanup", Time since last: 3005329758 ns, Reaching safepoint: 35470 ns, Cleanup: 24646 ns, At safepoint: 15820 ns, Total: 75936 ns
[2025-05-08T12:14:12.563+0000][72][info ][safepoint   ] Safepoint "Cleanup", Time since last: 1000610746 ns, Reaching safepoint: 28319 ns, Cleanup: 18645 ns, At safepoint: 10434 ns, Total: 57398 ns
[2025-05-08T12:14:14.568+0000][72][info ][safepoint   ] Safepoint "Cleanup", Time since last: 2004940731 ns, Reaching safepoint: 31688 ns, Cleanup: 19806 ns, At safepoint: 11931 ns, Total: 63425 ns
[2025-05-08T12:14:16.575+0000][72][info ][safepoint   ] Safepoint "Cleanup", Time since last: 2006870791 ns, Reaching safepoint: 33021 ns, Cleanup: 18271 ns, At safepoint: 16113 ns, Total: 67405 ns
[2025-05-08T12:14:18.576+0000][72][info ][safepoint   ] Safepoint "Cleanup", Time since last: 2000816344 ns, Reaching safepoint: 34212 ns, Cleanup: 19313 ns, At safepoint: 11343 ns, Total: 64868 ns
[2025-05-08T12:14:20.577+0000][72][info ][safepoint   ] Safepoint "Cleanup", Time since last: 2000794257 ns, Reaching safepoint: 34064 ns, Cleanup: 21531 ns, At safepoint: 12022 ns, Total: 67617 ns
[2025-05-08T12:14:21.579+0000][72][info ][safepoint   ] Safepoint "Cleanup", Time since last: 1002592887 ns, Reaching safepoint: 26727 ns, Cleanup: 27075 ns, At safepoint: 10577 ns, Total: 64379 ns
[2025-05-08T12:14:22.580+0000][72][info ][safepoint   ] Safepoint "Cleanup", Time since last: 1000712407 ns, Reaching safepoint: 34353 ns, Cleanup: 17765 ns, At safepoint: 17019 ns, Total: 69137 ns
[2025-05-08T12:14:23.581+0000][72][info ][safepoint   ] Safepoint "Cleanup", Time since last: 1000675089 ns, Reaching safepoint: 32615 ns, Cleanup: 16830 ns, At safepoint: 11972 ns, Total: 61417 ns
[2025-05-08T12:14:25.582+0000][72][info ][safepoint   ] Safepoint "Cleanup", Time since last: 2000838291 ns, Reaching safepoint: 55628 ns, Cleanup: 71207 ns, At safepoint: 11184 ns, Total: 138019 ns
[2025-05-08T12:14:26.584+0000][72][info ][safepoint   ] Safepoint "Cleanup", Time since last: 1002421187 ns, Reaching safepoint: 41644 ns, Cleanup: 39428 ns, At safepoint: 10152 ns, Total: 91224 ns
[2025-05-08T12:14:28.585+0000][72][info ][safepoint   ] Safepoint "Cleanup", Time since last: 2000741078 ns, Reaching safepoint: 30459 ns, Cleanup: 20107 ns, At safepoint: 10063 ns, Total: 60629 ns
[2025-05-08T12:14:29.586+0000][72][info ][safepoint   ] Safepoint "Cleanup", Time since last: 1000700083 ns, Reaching safepoint: 28057 ns, Cleanup: 21356 ns, At safepoint: 10922 ns, Total: 60335 ns
[2025-05-08T12:14:31.584+0000][72][info ][safepoint   ] Safepoint "Cleanup", Time since last: 2001572681 ns, Reaching safepoint: 44415 ns, Cleanup: 29114 ns, At safepoint: 17995 ns, Total: 91524 ns
[2025-05-08T12:14:32.584+0000][72][info ][safepoint   ] Safepoint "Cleanup", Time since last: 1000682173 ns, Reaching safepoint: 42343 ns, Cleanup: 24278 ns, At safepoint: 17783 ns, Total: 84404 ns
[2025-05-08T12:14:33.585+0000][72][info ][safepoint   ] Safepoint "Cleanup", Time since last: 1000710564 ns, Reaching safepoint: 26208 ns, Cleanup: 16640 ns, At safepoint: 10952 ns, Total: 53800 ns
[2025-05-08T12:14:36.586+0000][72][info ][safepoint   ] Safepoint "Cleanup", Time since last: 3000844897 ns, Reaching safepoint: 22874 ns, Cleanup: 36948 ns, At safepoint: 9967 ns, Total: 69789 ns
[2025-05-08T12:14:38.587+0000][72][info ][safepoint   ] Safepoint "Cleanup", Time since last: 2000817716 ns, Reaching safepoint: 28434 ns, Cleanup: 24658 ns, At safepoint: 11133 ns, Total: 64225 ns
[2025-05-08T12:14:41.344+0000][72][info ][safepoint   ] Safepoint "Cleanup", Time since last: 2756725011 ns, Reaching safepoint: 63195 ns, Cleanup: 39846 ns, At safepoint: 14650 ns, Total: 117691 ns
[2025-05-08T12:14:42.345+0000][72][info ][safepoint   ] Safepoint "Cleanup", Time since last: 1001032887 ns, Reaching safepoint: 37780 ns, Cleanup: 18876 ns, At safepoint: 10515 ns, Total: 67171 ns
[2025-05-08T12:14:43.348+0000][72][info ][safepoint   ] Safepoint "Cleanup", Time since last: 1003174893 ns, Reaching safepoint: 36694 ns, Cleanup: 19185 ns, At safepoint: 16150 ns, Total: 72029 ns
[2025-05-08T12:14:46.349+0000][72][info ][safepoint   ] Safepoint "Cleanup", Time since last: 3000939534 ns, Reaching safepoint: 26567 ns, Cleanup: 19656 ns, At safepoint: 12013 ns, Total: 58236 ns
[2025-05-08T12:14:47.694+0000][72][info ][safepoint   ] Safepoint "Cleanup", Time since last: 1344715327 ns, Reaching safepoint: 12712 ns, Cleanup: 50829 ns, At safepoint: 38923 ns, Total: 102464 ns
[2025-05-08T12:14:48.719+0000][72][info ][safepoint   ] Safepoint "Cleanup", Time since last: 1024793192 ns, Reaching safepoint: 43160 ns, Cleanup: 31957 ns, At safepoint: 24268 ns, Total: 99385 ns
[2025-05-08T12:14:50.720+0000][72][info ][safepoint   ] Safepoint "Cleanup", Time since last: 2000993015 ns, Reaching safepoint: 28286 ns, Cleanup: 21341 ns, At safepoint: 39720 ns, Total: 89347 ns
[2025-05-08T12:14:51.721+0000][72][info ][safepoint   ] Safepoint "Cleanup", Time since last: 1000600105 ns, Reaching safepoint: 31352 ns, Cleanup: 29509 ns, At safepoint: 15058 ns, Total: 75919 ns
[2025-05-08T12:14:53.722+0000][72][info ][safepoint   ] Safepoint "Cleanup", Time since last: 2000918712 ns, Reaching safepoint: 32612 ns, Cleanup: 24929 ns, At safepoint: 15407 ns, Total: 72948 ns
[2025-05-08T12:14:55.723+0000][72][info ][safepoint   ] Safepoint "Cleanup", Time since last: 2000759290 ns, Reaching safepoint: 46151 ns, Cleanup: 25574 ns, At safepoint: 7765 ns, Total: 79490 ns
[2025-05-08T12:14:56.723+0000][72][info ][safepoint   ] Safepoint "Cleanup", Time since last: 1000731883 ns, Reaching safepoint: 33745 ns, Cleanup: 24121 ns, At safepoint: 16448 ns, Total: 74314 ns
[2025-05-08T12:14:59.724+0000][72][info ][safepoint   ] Safepoint "Cleanup", Time since last: 3001049384 ns, Reaching safepoint: 36007 ns, Cleanup: 28154 ns, At safepoint: 13024 ns, Total: 77185 ns
[2025-05-08T12:15:00.721+0000][72][info ][safepoint   ] Safepoint "Cleanup", Time since last: 1000871566 ns, Reaching safepoint: 38462 ns, Cleanup: 41797 ns, At safepoint: 23256 ns, Total: 103515 ns
[2025-05-08T12:15:02.722+0000][72][info ][safepoint   ] Safepoint "Cleanup", Time since last: 2000988561 ns, Reaching safepoint: 32917 ns, Cleanup: 17736 ns, At safepoint: 12307 ns, Total: 62960 ns
[2025-05-08T12:15:03.723+0000][72][info ][safepoint   ] Safepoint "Cleanup", Time since last: 1000703202 ns, Reaching safepoint: 21873 ns, Cleanup: 17148 ns, At safepoint: 9625 ns, Total: 48646 ns
[2025-05-08T12:15:05.724+0000][72][info ][safepoint   ] Safepoint "Cleanup", Time since last: 2001068036 ns, Reaching safepoint: 20518 ns, Cleanup: 19490 ns, At safepoint: 11231 ns, Total: 51239 ns
[2025-05-08T12:15:07.725+0000][72][info ][safepoint   ] Safepoint "Cleanup", Time since last: 2000753823 ns, Reaching safepoint: 25566 ns, Cleanup: 22254 ns, At safepoint: 12776 ns, Total: 60596 ns
[2025-05-08T12:15:08.727+0000][72][info ][safepoint   ] Safepoint "Cleanup", Time since last: 1001336048 ns, Reaching safepoint: 28260 ns, Cleanup: 21943 ns, At safepoint: 11645 ns, Total: 61848 ns
[2025-05-08T12:15:10.728+0000][72][info ][safepoint   ] Safepoint "Cleanup", Time since last: 2000839788 ns, Reaching safepoint: 219507 ns, Cleanup: 14422 ns, At safepoint: 83281 ns, Total: 317210 ns
[2025-05-08T12:15:11.728+0000][72][info ][safepoint   ] Safepoint "Cleanup", Time since last: 1000665720 ns, Reaching safepoint: 31889 ns, Cleanup: 17685 ns, At safepoint: 16765 ns, Total: 66339 ns
[2025-05-08T12:15:12.729+0000][72][info ][safepoint   ] Safepoint "Cleanup", Time since last: 1000700336 ns, Reaching safepoint: 35051 ns, Cleanup: 19706 ns, At safepoint: 16870 ns, Total: 71627 ns
[2025-05-08T12:15:14.730+0000][72][info ][safepoint   ] Safepoint "Cleanup", Time since last: 2000814742 ns, Reaching safepoint: 32368 ns, Cleanup: 20261 ns, At safepoint: 16303 ns, Total: 68932 ns
[2025-05-08T12:15:17.739+0000][72][info ][safepoint   ] Safepoint "Cleanup", Time since last: 3001037916 ns, Reaching safepoint: 7886028 ns, Cleanup: 19270 ns, At safepoint: 131092 ns, Total: 8036390 ns
[2025-05-08T12:15:18.740+0000][72][info ][safepoint   ] Safepoint "Cleanup", Time since last: 1000667544 ns, Reaching safepoint: 36483 ns, Cleanup: 21695 ns, At safepoint: 18446 ns, Total: 76624 ns
[2025-05-08T12:15:20.741+0000][72][info ][safepoint   ] Safepoint "Cleanup", Time since last: 2000780732 ns, Reaching safepoint: 31648 ns, Cleanup: 20839 ns, At safepoint: 14018 ns, Total: 66505 ns
[2025-05-08T12:15:25.742+0000][72][info ][safepoint   ] Safepoint "Cleanup", Time since last: 5001235202 ns, Reaching safepoint: 57546 ns, Cleanup: 55458 ns, At safepoint: 12677 ns, Total: 125681 ns
[2025-05-08T12:15:29.744+0000][72][info ][safepoint   ] Safepoint "Cleanup", Time since last: 4001307516 ns, Reaching safepoint: 20204 ns, Cleanup: 19402 ns, At safepoint: 8630 ns, Total: 48236 ns
[2025-05-08T12:15:38.742+0000][72][info ][safepoint   ] Safepoint "Cleanup", Time since last: 9001628095 ns, Reaching safepoint: 22525 ns, Cleanup: 15964 ns, At safepoint: 8414 ns, Total: 46903 ns
[2025-05-08T12:15:40.743+0000][72][info ][safepoint   ] Safepoint "Cleanup", Time since last: 2000890265 ns, Reaching safepoint: 77991 ns, Cleanup: 19661 ns, At safepoint: 10979 ns, Total: 108631 ns
[2025-05-08T12:15:42.495+0000][72][info ][safepoint   ] Safepoint "Cleanup", Time since last: 1752568034 ns, Reaching safepoint: 22126 ns, Cleanup: 21636 ns, At safepoint: 9947 ns, Total: 53709 ns
[2025-05-08T12:15:49.858+0000][72][info ][safepoint   ] Safepoint "Cleanup", Time since last: 7362645656 ns, Reaching safepoint: 12421 ns, Cleanup: 18289 ns, At safepoint: 18287 ns, Total: 48997 ns
[2025-05-08T12:15:51.802+0000][72][info ][safepoint   ] Safepoint "Cleanup", Time since last: 1943423944 ns, Reaching safepoint: 184727 ns, Cleanup: 46420 ns, At safepoint: 21308 ns, Total: 252455 ns
[2025-05-08T12:15:52.803+0000][72][info ][safepoint   ] Safepoint "Cleanup", Time since last: 1000706599 ns, Reaching safepoint: 33410 ns, Cleanup: 16775 ns, At safepoint: 84265 ns, Total: 134450 ns
[2025-05-08T12:15:58.804+0000][72][info ][safepoint   ] Safepoint "Cleanup", Time since last: 6001300019 ns, Reaching safepoint: 48648 ns, Cleanup: 15766 ns, At safepoint: 46869 ns, Total: 111283 ns
[2025-05-08T12:16:02.814+0000][72][info ][safepoint   ] Safepoint "Cleanup", Time since last: 4013290115 ns, Reaching safepoint: 41869 ns, Cleanup: 20999 ns, At safepoint: 18153 ns, Total: 81021 ns
[2025-05-08T12:16:10.816+0000][72][info ][safepoint   ] Safepoint "Cleanup", Time since last: 8001869790 ns, Reaching safepoint: 22556 ns, Cleanup: 18706 ns, At safepoint: 10442 ns, Total: 51704 ns
[2025-05-08T12:16:16.818+0000][72][info ][safepoint   ] Safepoint "Cleanup", Time since last: 6001958671 ns, Reaching safepoint: 64645 ns, Cleanup: 17861 ns, At safepoint: 11594 ns, Total: 94100 ns
[2025-05-08T12:16:18.819+0000][72][info ][safepoint   ] Safepoint "Cleanup", Time since last: 2000843208 ns, Reaching safepoint: 23920 ns, Cleanup: 19556 ns, At safepoint: 10323 ns, Total: 53799 ns
[2025-05-08T12:16:20.820+0000][72][info ][safepoint   ] Safepoint "Cleanup", Time since last: 2000930436 ns, Reaching safepoint: 35913 ns, Cleanup: 24051 ns, At safepoint: 16805 ns, Total: 76769 ns
[2025-05-08T12:16:25.822+0000][72][info ][safepoint   ] Safepoint "Cleanup", Time since last: 5001639094 ns, Reaching safepoint: 32912 ns, Cleanup: 37168 ns, At safepoint: 15458 ns, Total: 85538 ns
[2025-05-08T12:16:34.819+0000][72][info ][safepoint   ] Safepoint "Cleanup", Time since last: 9001772684 ns, Reaching safepoint: 83966 ns, Cleanup: 17278 ns, At safepoint: 16324 ns, Total: 117568 ns
[2025-05-08T12:16:35.820+0000][72][info ][safepoint   ] Safepoint "Cleanup", Time since last: 1000799857 ns, Reaching safepoint: 35902 ns, Cleanup: 27929 ns, At safepoint: 15871 ns, Total: 79702 ns
[2025-05-08T12:16:37.824+0000][72][info ][safepoint   ] Safepoint "Cleanup", Time since last: 2003488245 ns, Reaching safepoint: 486811 ns, Cleanup: 17689 ns, At safepoint: 90648 ns, Total: 595148 ns
[2025-05-08T12:16:38.825+0000][72][info ][safepoint   ] Safepoint "Cleanup", Time since last: 1000703730 ns, Reaching safepoint: 28843 ns, Cleanup: 18481 ns, At safepoint: 11445 ns, Total: 58769 ns
[2025-05-08T12:16:40.826+0000][72][info ][safepoint   ] Safepoint "Cleanup", Time since last: 2000795696 ns, Reaching safepoint: 28259 ns, Cleanup: 18367 ns, At safepoint: 10624 ns, Total: 57250 ns
[2025-05-08T12:16:44.526+0000][72][info ][safepoint   ] Safepoint "Cleanup", Time since last: 3700032641 ns, Reaching safepoint: 77916 ns, Cleanup: 33838 ns, At safepoint: 17823 ns, Total: 129577 ns
[2025-05-08T12:16:48.527+0000][72][info ][safepoint   ] Safepoint "Cleanup", Time since last: 4001175769 ns, Reaching safepoint: 52661 ns, Cleanup: 21458 ns, At safepoint: 18185 ns, Total: 92304 ns
[2025-05-08T12:16:50.528+0000][72][info ][safepoint   ] Safepoint "Cleanup", Time since last: 2000961048 ns, Reaching safepoint: 54496 ns, Cleanup: 17181 ns, At safepoint: 10092 ns, Total: 81769 ns
[2025-05-08T12:16:51.529+0000][72][info ][safepoint   ] Safepoint "Cleanup", Time since last: 1000652750 ns, Reaching safepoint: 63770 ns, Cleanup: 23618 ns, At safepoint: 17795 ns, Total: 105183 ns
[2025-05-08T12:16:52.830+0000][72][info ][safepoint   ] Safepoint "Cleanup", Time since last: 1299628462 ns, Reaching safepoint: 889637 ns, Cleanup: 88602 ns, At safepoint: 250958 ns, Total: 1229197 ns
[2025-05-08T12:16:53.886+0000][72][info ][safepoint   ] Safepoint "Cleanup", Time since last: 1055856752 ns, Reaching safepoint: 43892 ns, Cleanup: 44092 ns, At safepoint: 92706 ns, Total: 180690 ns
[2025-05-08T12:16:54.941+0000][72][info ][safepoint   ] Safepoint "Cleanup", Time since last: 1055443824 ns, Reaching safepoint: 28821 ns, Cleanup: 18198 ns, At safepoint: 14782 ns, Total: 61801 ns
[2025-05-08T12:16:55.942+0000][72][info ][safepoint   ] Safepoint "Cleanup", Time since last: 1000799123 ns, Reaching safepoint: 35908 ns, Cleanup: 19757 ns, At safepoint: 18306 ns, Total: 73971 ns
[2025-05-08T12:16:57.943+0000][72][info ][safepoint   ] Safepoint "Cleanup", Time since last: 2000788527 ns, Reaching safepoint: 54275 ns, Cleanup: 27816 ns, At safepoint: 9604 ns, Total: 91695 ns
[2025-05-08T12:16:58.944+0000][72][info ][safepoint   ] Safepoint "Cleanup", Time since last: 1000598488 ns, Reaching safepoint: 25931 ns, Cleanup: 16405 ns, At safepoint: 42522 ns, Total: 84858 ns
[2025-05-08T12:17:00.941+0000][72][info ][safepoint   ] Safepoint "Cleanup", Time since last: 2000810277 ns, Reaching safepoint: 122695 ns, Cleanup: 15757 ns, At safepoint: 85004 ns, Total: 223456 ns
[2025-05-08T12:17:03.942+0000][72][info ][safepoint   ] Safepoint "Cleanup", Time since last: 3000832799 ns, Reaching safepoint: 64385 ns, Cleanup: 18510 ns, At safepoint: 78599 ns, Total: 161494 ns
[2025-05-08T12:17:04.943+0000][72][info ][safepoint   ] Safepoint "Cleanup", Time since last: 1000716598 ns, Reaching safepoint: 37185 ns, Cleanup: 33340 ns, At safepoint: 16977 ns, Total: 87502 ns
[2025-05-08T12:17:05.944+0000][72][info ][safepoint   ] Safepoint "Cleanup", Time since last: 1000920445 ns, Reaching safepoint: 38403 ns, Cleanup: 27429 ns, At safepoint: 17679 ns, Total: 83511 ns
[2025-05-08T12:17:08.945+0000][72][info ][safepoint   ] Safepoint "Cleanup", Time since last: 3001056446 ns, Reaching safepoint: 37935 ns, Cleanup: 16657 ns, At safepoint: 10766 ns, Total: 65358 ns
[2025-05-08T12:17:10.946+0000][72][info ][safepoint   ] Safepoint "Cleanup", Time since last: 2000772837 ns, Reaching safepoint: 29862 ns, Cleanup: 25006 ns, At safepoint: 10621 ns, Total: 65489 ns
[2025-05-08T12:17:13.947+0000][72][info ][safepoint   ] Safepoint "Cleanup", Time since last: 3001043563 ns, Reaching safepoint: 84465 ns, Cleanup: 23567 ns, At safepoint: 13174 ns, Total: 121206 ns
[2025-05-08T12:17:14.948+0000][72][info ][safepoint   ] Safepoint "Cleanup", Time since last: 1000603504 ns, Reaching safepoint: 19310 ns, Cleanup: 15789 ns, At safepoint: 7317 ns, Total: 42416 ns
[2025-05-08T12:17:15.948+0000][72][info ][safepoint   ] Safepoint "Cleanup", Time since last: 1000692816 ns, Reaching safepoint: 40023 ns, Cleanup: 19287 ns, At safepoint: 15630 ns, Total: 74940 ns
[2025-05-08T12:17:18.950+0000][72][info ][safepoint   ] Safepoint "Cleanup", Time since last: 3001037113 ns, Reaching safepoint: 29429 ns, Cleanup: 18168 ns, At safepoint: 11759 ns, Total: 59356 ns
[2025-05-08T12:17:20.951+0000][72][info ][safepoint   ] Safepoint "Cleanup", Time since last: 2001141789 ns, Reaching safepoint: 34436 ns, Cleanup: 19484 ns, At safepoint: 13900 ns, Total: 67820 ns
[2025-05-08T12:17:23.952+0000][72][info ][safepoint   ] Safepoint "Cleanup", Time since last: 3001026727 ns, Reaching safepoint: 36439 ns, Cleanup: 25845 ns, At safepoint: 17015 ns, Total: 79299 ns
[2025-05-08T12:17:25.953+0000][72][info ][safepoint   ] Safepoint "Cleanup", Time since last: 2000816959 ns, Reaching safepoint: 25698 ns, Cleanup: 28741 ns, At safepoint: 11309 ns, Total: 65748 ns
[2025-05-08T12:17:28.954+0000][72][info ][safepoint   ] Safepoint "Cleanup", Time since last: 3000984752 ns, Reaching safepoint: 37574 ns, Cleanup: 18414 ns, At safepoint: 9960 ns, Total: 65948 ns
[2025-05-08T12:17:31.951+0000][72][info ][safepoint   ] Safepoint "Cleanup", Time since last: 3000844003 ns, Reaching safepoint: 22043 ns, Cleanup: 14301 ns, At safepoint: 8742 ns, Total: 45086 ns
[2025-05-08T12:17:32.952+0000][72][info ][safepoint   ] Safepoint "Cleanup", Time since last: 1000630764 ns, Reaching safepoint: 23417 ns, Cleanup: 70354 ns, At safepoint: 34661 ns, Total: 128432 ns
[2025-05-08T12:17:33.952+0000][72][info ][safepoint   ] Safepoint "Cleanup", Time since last: 1000631842 ns, Reaching safepoint: 22064 ns, Cleanup: 50012 ns, At safepoint: 10329 ns, Total: 82405 ns
[2025-05-08T12:17:34.953+0000][72][info ][safepoint   ] Safepoint "Cleanup", Time since last: 1000876048 ns, Reaching safepoint: 28238 ns, Cleanup: 17380 ns, At safepoint: 12161 ns, Total: 57779 ns
[2025-05-08T12:17:35.954+0000][72][info ][safepoint   ] Safepoint "Cleanup", Time since last: 1000830859 ns, Reaching safepoint: 35670 ns, Cleanup: 17329 ns, At safepoint: 12931 ns, Total: 65930 ns
[2025-05-08T12:17:38.955+0000][72][info ][safepoint   ] Safepoint "Cleanup", Time since last: 3000989869 ns, Reaching safepoint: 28983 ns, Cleanup: 13186 ns, At safepoint: 10337 ns, Total: 52506 ns
[2025-05-08T12:17:43.703+0000][72][info ][safepoint   ] Safepoint "Cleanup", Time since last: 4747821561 ns, Reaching safepoint: 78591 ns, Cleanup: 22262 ns, At safepoint: 35549 ns, Total: 136402 ns
[2025-05-08T12:17:49.705+0000][72][info ][safepoint   ] Safepoint "Cleanup", Time since last: 6001399330 ns, Reaching safepoint: 33556 ns, Cleanup: 19211 ns, At safepoint: 15662 ns, Total: 68429 ns
[2025-05-08T12:17:51.706+0000][72][info ][safepoint   ] Safepoint "Cleanup", Time since last: 2000818305 ns, Reaching safepoint: 36218 ns, Cleanup: 20999 ns, At safepoint: 196351 ns, Total: 253568 ns
[2025-05-08T12:17:55.848+0000][72][info ][safepoint   ] Safepoint "Cleanup", Time since last: 4142130817 ns, Reaching safepoint: 6957 ns, Cleanup: 22480 ns, At safepoint: 37580 ns, Total: 67017 ns
[2025-05-08T12:17:56.902+0000][72][info ][safepoint   ] Safepoint "Cleanup", Time since last: 1053680562 ns, Reaching safepoint: 32013 ns, Cleanup: 34572 ns, At safepoint: 17633 ns, Total: 84218 ns
[2025-05-08T12:17:58.008+0000][72][info ][safepoint   ] Safepoint "Cleanup", Time since last: 1106451201 ns, Reaching safepoint: 40063 ns, Cleanup: 27756 ns, At safepoint: 20322 ns, Total: 88141 ns
[2025-05-08T12:17:59.009+0000][72][info ][safepoint   ] Safepoint "Cleanup", Time since last: 1000776530 ns, Reaching safepoint: 51780 ns, Cleanup: 22466 ns, At safepoint: 35578 ns, Total: 109824 ns
[2025-05-08T12:18:02.006+0000][72][info ][safepoint   ] Safepoint "Cleanup", Time since last: 3001009303 ns, Reaching safepoint: 19600 ns, Cleanup: 13751 ns, At safepoint: 8668 ns, Total: 42019 ns
[2025-05-08T12:18:04.007+0000][72][info ][safepoint   ] Safepoint "Cleanup", Time since last: 2000788592 ns, Reaching safepoint: 32308 ns, Cleanup: 18060 ns, At safepoint: 45330 ns, Total: 95698 ns
[2025-05-08T12:18:06.008+0000][72][info ][safepoint   ] Safepoint "Cleanup", Time since last: 2000943961 ns, Reaching safepoint: 34025 ns, Cleanup: 14539 ns, At safepoint: 121085 ns, Total: 169649 ns
[2025-05-08T12:18:09.009+0000][72][info ][safepoint   ] Safepoint "Cleanup", Time since last: 3000913604 ns, Reaching safepoint: 25751 ns, Cleanup: 16860 ns, At safepoint: 42597 ns, Total: 85208 ns
[2025-05-08T12:18:11.010+0000][72][info ][safepoint   ] Safepoint "Cleanup", Time since last: 2000812896 ns, Reaching safepoint: 53061 ns, Cleanup: 17973 ns, At safepoint: 96086 ns, Total: 167120 ns
[2025-05-08T12:18:16.012+0000][72][info ][safepoint   ] Safepoint "Cleanup", Time since last: 5001422215 ns, Reaching safepoint: 73791 ns, Cleanup: 23418 ns, At safepoint: 18608 ns, Total: 115817 ns
[2025-05-08T12:18:19.014+0000][72][info ][safepoint   ] Safepoint "Cleanup", Time since last: 3001944864 ns, Reaching safepoint: 30910 ns, Cleanup: 20609 ns, At safepoint: 15004 ns, Total: 66523 ns
[2025-05-08T12:18:21.015+0000][72][info ][safepoint   ] Safepoint "Cleanup", Time since last: 2000788472 ns, Reaching safepoint: 25281 ns, Cleanup: 16024 ns, At safepoint: 11581 ns, Total: 52886 ns
[2025-05-08T12:18:24.016+0000][72][info ][safepoint   ] Safepoint "Cleanup", Time since last: 3000934114 ns, Reaching safepoint: 210635 ns, Cleanup: 17239 ns, At safepoint: 198998 ns, Total: 426872 ns
[2025-05-08T12:18:26.017+0000][72][info ][safepoint   ] Safepoint "Cleanup", Time since last: 2001041228 ns, Reaching safepoint: 34605 ns, Cleanup: 30731 ns, At safepoint: 15707 ns, Total: 81043 ns
[2025-05-08T12:18:30.019+0000][72][info ][safepoint   ] Safepoint "Cleanup", Time since last: 4001156300 ns, Reaching safepoint: 71634 ns, Cleanup: 20781 ns, At safepoint: 30050 ns, Total: 122465 ns
[2025-05-08T12:18:31.016+0000][72][info ][safepoint   ] Safepoint "Cleanup", Time since last: 1000829971 ns, Reaching safepoint: 28766 ns, Cleanup: 19762 ns, At safepoint: 11075 ns, Total: 59603 ns
[2025-05-08T12:18:32.017+0000][72][info ][safepoint   ] Safepoint "Cleanup", Time since last: 1000667724 ns, Reaching safepoint: 19399 ns, Cleanup: 12677 ns, At safepoint: 8565 ns, Total: 40641 ns
[2025-05-08T12:18:34.018+0000][72][info ][safepoint   ] Safepoint "Cleanup", Time since last: 2000890139 ns, Reaching safepoint: 31928 ns, Cleanup: 20381 ns, At safepoint: 16158 ns, Total: 68467 ns
[2025-05-08T12:18:35.024+0000][72][info ][safepoint   ] Safepoint "Cleanup", Time since last: 1005953374 ns, Reaching safepoint: 15939 ns, Cleanup: 40378 ns, At safepoint: 25336 ns, Total: 81653 ns
[2025-05-08T12:18:36.040+0000][72][info ][safepoint   ] Safepoint "Cleanup", Time since last: 1015826658 ns, Reaching safepoint: 19432 ns, Cleanup: 27314 ns, At safepoint: 8758 ns, Total: 55504 ns
[2025-05-08T12:18:37.074+0000][72][info ][safepoint   ] Safepoint "Cleanup", Time since last: 1034591336 ns, Reaching safepoint: 36448 ns, Cleanup: 20529 ns, At safepoint: 18608 ns, Total: 75585 ns
[2025-05-08T12:18:38.097+0000][72][info ][safepoint   ] Safepoint "Cleanup", Time since last: 1022504370 ns, Reaching safepoint: 15839 ns, Cleanup: 19770 ns, At safepoint: 100068 ns, Total: 135677 ns
[2025-05-08T12:18:39.108+0000][72][info ][safepoint   ] Safepoint "Cleanup", Time since last: 1010974912 ns, Reaching safepoint: 27696 ns, Cleanup: 25208 ns, At safepoint: 9215 ns, Total: 62119 ns
[2025-05-08T12:18:41.156+0000][72][info ][safepoint   ] Safepoint "Cleanup", Time since last: 2048340995 ns, Reaching safepoint: 23919 ns, Cleanup: 20687 ns, At safepoint: 9527 ns, Total: 54133 ns
[2025-05-08T12:18:42.734+0000][72][info ][safepoint   ] Safepoint "Cleanup", Time since last: 1577704789 ns, Reaching safepoint: 34287 ns, Cleanup: 17486 ns, At safepoint: 11135 ns, Total: 62908 ns
[2025-05-08T12:18:43.735+0000][72][info ][safepoint   ] Safepoint "Cleanup", Time since last: 1000707591 ns, Reaching safepoint: 26194 ns, Cleanup: 18917 ns, At safepoint: 10575 ns, Total: 55686 ns
[2025-05-08T12:18:44.743+0000][72][info ][safepoint   ] Safepoint "Cleanup", Time since last: 1007830352 ns, Reaching safepoint: 33449 ns, Cleanup: 17438 ns, At safepoint: 16699 ns, Total: 67586 ns
[2025-05-08T12:18:45.744+0000][72][info ][safepoint   ] Safepoint "Cleanup", Time since last: 1001155532 ns, Reaching safepoint: 69689 ns, Cleanup: 20899 ns, At safepoint: 30992 ns, Total: 121580 ns
[2025-05-08T12:18:46.745+0000][72][info ][safepoint   ] Safepoint "Cleanup", Time since last: 1000672979 ns, Reaching safepoint: 36113 ns, Cleanup: 19266 ns, At safepoint: 19710 ns, Total: 75089 ns
[2025-05-08T12:18:48.746+0000][72][info ][safepoint   ] Safepoint "Cleanup", Time since last: 2000756989 ns, Reaching safepoint: 143345 ns, Cleanup: 27802 ns, At safepoint: 28024 ns, Total: 199171 ns
[2025-05-08T12:18:49.746+0000][72][info ][safepoint   ] Safepoint "Cleanup", Time since last: 1000683694 ns, Reaching safepoint: 32608 ns, Cleanup: 17744 ns, At safepoint: 15864 ns, Total: 66216 ns
[2025-05-08T12:18:50.747+0000][72][info ][safepoint   ] Safepoint "Cleanup", Time since last: 1000681240 ns, Reaching safepoint: 34005 ns, Cleanup: 26217 ns, At safepoint: 16766 ns, Total: 76988 ns
[2025-05-08T12:18:53.748+0000][72][info ][safepoint   ] Safepoint "Cleanup", Time since last: 3001007563 ns, Reaching safepoint: 34728 ns, Cleanup: 21591 ns, At safepoint: 20023 ns, Total: 76342 ns
[2025-05-08T12:18:55.749+0000][72][info ][safepoint   ] Safepoint "Cleanup", Time since last: 2000949710 ns, Reaching safepoint: 33990 ns, Cleanup: 17837 ns, At safepoint: 15239 ns, Total: 67066 ns
[2025-05-08T12:18:56.750+0000][72][info ][safepoint   ] Safepoint "Cleanup", Time since last: 1000691444 ns, Reaching safepoint: 31182 ns, Cleanup: 17842 ns, At safepoint: 14028 ns, Total: 63052 ns
[2025-05-08T12:18:58.751+0000][72][info ][safepoint   ] Safepoint "Cleanup", Time since last: 2000958633 ns, Reaching safepoint: 32421 ns, Cleanup: 18001 ns, At safepoint: 15233 ns, Total: 65655 ns
[2025-05-08T12:19:00.252+0000][72][info ][safepoint   ] Safepoint "Cleanup", Time since last: 1500157267 ns, Reaching safepoint: 360699 ns, Cleanup: 36838 ns, At safepoint: 30306 ns, Total: 427843 ns
[2025-05-08T12:19:01.248+0000][72][info ][safepoint   ] Safepoint "Cleanup", Time since last: 1000698760 ns, Reaching safepoint: 146617 ns, Cleanup: 24438 ns, At safepoint: 19489 ns, Total: 190544 ns
[2025-05-08T12:19:04.250+0000][72][info ][safepoint   ] Safepoint "Cleanup", Time since last: 3000910711 ns, Reaching safepoint: 479393 ns, Cleanup: 21447 ns, At safepoint: 20033 ns, Total: 520873 ns
[2025-05-08T12:19:05.251+0000][72][info ][safepoint   ] Safepoint "Cleanup", Time since last: 1000652934 ns, Reaching safepoint: 33658 ns, Cleanup: 17694 ns, At safepoint: 14177 ns, Total: 65529 ns
[2025-05-08T12:19:06.528+0000][72][info ][safepoint   ] Safepoint "Cleanup", Time since last: 1277138576 ns, Reaching safepoint: 34997 ns, Cleanup: 37491 ns, At safepoint: 15745 ns, Total: 88233 ns
[2025-05-08T12:19:13.530+0000][72][info ][safepoint   ] Safepoint "Cleanup", Time since last: 7001953756 ns, Reaching safepoint: 84181 ns, Cleanup: 13735 ns, At safepoint: 8980 ns, Total: 106896 ns
[2025-05-08T12:19:14.531+0000][72][info ][safepoint   ] Safepoint "Cleanup", Time since last: 1000789507 ns, Reaching safepoint: 28280 ns, Cleanup: 15534 ns, At safepoint: 72422 ns, Total: 116236 ns
[2025-05-08T12:19:19.532+0000][72][info ][safepoint   ] Safepoint "Cleanup", Time since last: 5001200652 ns, Reaching safepoint: 44086 ns, Cleanup: 22912 ns, At safepoint: 61702 ns, Total: 128700 ns
[2025-05-08T12:19:23.533+0000][72][info ][safepoint   ] Safepoint "Cleanup", Time since last: 4000912749 ns, Reaching safepoint: 210056 ns, Cleanup: 27364 ns, At safepoint: 112397 ns, Total: 349817 ns
[2025-05-08T12:19:25.535+0000][72][info ][safepoint   ] Safepoint "Cleanup", Time since last: 2001355380 ns, Reaching safepoint: 35847 ns, Cleanup: 34852 ns, At safepoint: 15992 ns, Total: 86691 ns
[2025-05-08T12:19:26.536+0000][72][info ][safepoint   ] Safepoint "Cleanup", Time since last: 1000960978 ns, Reaching safepoint: 33881 ns, Cleanup: 19463 ns, At safepoint: 17926 ns, Total: 71270 ns
[2025-05-08T12:19:30.538+0000][72][info ][safepoint   ] Safepoint "Cleanup", Time since last: 4001710831 ns, Reaching safepoint: 34187 ns, Cleanup: 24110 ns, At safepoint: 15499 ns, Total: 73796 ns
[2025-05-08T12:19:31.534+0000][72][info ][safepoint   ] Safepoint "Cleanup", Time since last: 1000683820 ns, Reaching safepoint: 65126 ns, Cleanup: 110438 ns, At safepoint: 35711 ns, Total: 211275 ns
[2025-05-08T12:19:32.535+0000][72][info ][safepoint   ] Safepoint "Cleanup", Time since last: 1000905285 ns, Reaching safepoint: 31484 ns, Cleanup: 17846 ns, At safepoint: 15907 ns, Total: 65237 ns
[2025-05-08T12:19:33.536+0000][72][info ][safepoint   ] Safepoint "Cleanup", Time since last: 1000752415 ns, Reaching safepoint: 30722 ns, Cleanup: 109300 ns, At safepoint: 29629 ns, Total: 169651 ns
[2025-05-08T12:19:39.537+0000][72][info ][safepoint   ] Safepoint "Cleanup", Time since last: 6001482518 ns, Reaching safepoint: 32762 ns, Cleanup: 18547 ns, At safepoint: 16012 ns, Total: 67321 ns
[2025-05-08T12:19:41.538+0000][72][info ][safepoint   ] Safepoint "Cleanup", Time since last: 2000781204 ns, Reaching safepoint: 30793 ns, Cleanup: 15856 ns, At safepoint: 13160 ns, Total: 59809 ns
[2025-05-08T12:19:45.765+0000][72][info ][safepoint   ] Safepoint "Cleanup", Time since last: 4226494835 ns, Reaching safepoint: 50595 ns, Cleanup: 18676 ns, At safepoint: 18022 ns, Total: 87293 ns
[2025-05-08T12:19:49.766+0000][72][info ][safepoint   ] Safepoint "Cleanup", Time since last: 4001350446 ns, Reaching safepoint: 93459 ns, Cleanup: 24565 ns, At safepoint: 20557 ns, Total: 138581 ns
[2025-05-08T12:19:50.767+0000][72][info ][safepoint   ] Safepoint "Cleanup", Time since last: 1000712819 ns, Reaching safepoint: 25920 ns, Cleanup: 21182 ns, At safepoint: 11339 ns, Total: 58441 ns
[2025-05-08T12:19:55.769+0000][72][info ][safepoint   ] Safepoint "Cleanup", Time since last: 5001345988 ns, Reaching safepoint: 33173 ns, Cleanup: 19824 ns, At safepoint: 87200 ns, Total: 140197 ns
[2025-05-08T12:20:00.767+0000][72][info ][safepoint   ] Safepoint "Cleanup", Time since last: 5001087541 ns, Reaching safepoint: 32084 ns, Cleanup: 21622 ns, At safepoint: 10971 ns, Total: 64677 ns
[2025-05-08T12:20:01.829+0000][72][info ][safepoint   ] Safepoint "Cleanup", Time since last: 1061495361 ns, Reaching safepoint: 28207 ns, Cleanup: 62760 ns, At safepoint: 118327 ns, Total: 209294 ns
[2025-05-08T12:20:03.303+0000][72][info ][safepoint   ] Safepoint "Cleanup", Time since last: 1473839188 ns, Reaching safepoint: 30865 ns, Cleanup: 25517 ns, At safepoint: 15795 ns, Total: 72177 ns
[2025-05-08T12:20:06.304+0000][72][info ][safepoint   ] Safepoint "Cleanup", Time since last: 3001249122 ns, Reaching safepoint: 32659 ns, Cleanup: 21026 ns, At safepoint: 15924 ns, Total: 69609 ns
[2025-05-08T12:20:07.796+0000][72][info ][gc,start    ] GC(14) Pause Young (Normal) (G1 Evacuation Pause)
[2025-05-08T12:20:07.803+0000][72][info ][gc,task     ] GC(14) Using 10 workers of 10 for evacuation
[2025-05-08T12:20:07.804+0000][72][debug][gc,age      ] GC(14) Desired survivor size 62914560 bytes, new threshold 15 (max threshold 15)
[2025-05-08T12:20:08.652+0000][72][info ][gc,mmu      ] GC(14) MMU target violated: 201.0ms (200.0ms/201.0ms)
[2025-05-08T12:20:08.654+0000][72][info ][gc,phases   ] GC(14)   Pre Evacuate Collection Set: 21.65ms
[2025-05-08T12:20:08.654+0000][72][info ][gc,phases   ] GC(14)   Merge Heap Roots: 4.83ms
[2025-05-08T12:20:08.655+0000][72][info ][gc,phases   ] GC(14)   Evacuate Collection Set: 776.63ms
[2025-05-08T12:20:08.655+0000][72][info ][gc,phases   ] GC(14)   Post Evacuate Collection Set: 35.71ms
[2025-05-08T12:20:08.657+0000][72][info ][gc,phases   ] GC(14)   Other: 11.82ms
[2025-05-08T12:20:08.658+0000][72][trace][gc,age      ] GC(14) Age table with threshold 15 (max threshold 15)
[2025-05-08T12:20:08.658+0000][72][trace][gc,age      ] GC(14) - age   1:    8859880 bytes,    8859880 total
[2025-05-08T12:20:08.659+0000][72][trace][gc,age      ] GC(14) - age   2:    2613152 bytes,   11473032 total
[2025-05-08T12:20:08.659+0000][72][trace][gc,age      ] GC(14) - age   3:   44689504 bytes,   56162536 total
[2025-05-08T12:20:08.660+0000][72][info ][gc,heap     ] GC(14) Eden regions: 221->0(33)
[2025-05-08T12:20:08.660+0000][72][info ][gc,heap     ] GC(14) Survivor regions: 15->15(30)
[2025-05-08T12:20:08.660+0000][72][info ][gc,heap     ] GC(14) Old regions: 17->17
[2025-05-08T12:20:08.661+0000][72][info ][gc,heap     ] GC(14) Humongous regions: 0->0
[2025-05-08T12:20:08.661+0000][72][info ][gc,metaspace] GC(14) Metaspace: 146656K(150720K)->146656K(150720K) NonClass: 126541K(128768K)->126541K(128768K) Class: 20115K(21952K)->20115K(21952K)
[2025-05-08T12:20:08.664+0000][72][info ][gc          ] GC(14) Pause Young (Normal) (G1 Evacuation Pause) 1007M->126M(3880M) 867.592ms
[2025-05-08T12:20:08.664+0000][72][info ][gc,cpu      ] GC(14) User=7.82s Sys=0.00s Real=0.87s
[2025-05-08T12:20:08.666+0000][72][info ][safepoint   ] Safepoint "G1CollectForAllocation", Time since last: 1489461425 ns, Reaching safepoint: 26910 ns, Cleanup: 6279 ns, At safepoint: 872148901 ns, Total: 872182090 ns
[2025-05-08T12:20:09.667+0000][72][info ][safepoint   ] Safepoint "Cleanup", Time since last: 1001652794 ns, Reaching safepoint: 35119 ns, Cleanup: 26968 ns, At safepoint: 16596 ns, Total: 78683 ns
[2025-05-08T12:20:16.671+0000][72][info ][safepoint   ] Safepoint "Cleanup", Time since last: 7002670555 ns, Reaching safepoint: 459162 ns, Cleanup: 24220 ns, At safepoint: 27312 ns, Total: 510694 ns
[2025-05-08T12:20:19.673+0000][72][info ][safepoint   ] Safepoint "Cleanup", Time since last: 3001826308 ns, Reaching safepoint: 73967 ns, Cleanup: 17346 ns, At safepoint: 16409 ns, Total: 107722 ns
[2025-05-08T12:20:20.673+0000][72][info ][safepoint   ] Safepoint "Cleanup", Time since last: 1000718062 ns, Reaching safepoint: 28455 ns, Cleanup: 19858 ns, At safepoint: 12059 ns, Total: 60372 ns
[2025-05-08T12:20:23.675+0000][72][info ][safepoint   ] Safepoint "Cleanup", Time since last: 3001137250 ns, Reaching safepoint: 26182 ns, Cleanup: 16773 ns, At safepoint: 11359 ns, Total: 54314 ns
[2025-05-08T12:20:25.675+0000][72][info ][safepoint   ] Safepoint "Cleanup", Time since last: 2000821581 ns, Reaching safepoint: 32342 ns, Cleanup: 33035 ns, At safepoint: 16798 ns, Total: 82175 ns
[2025-05-08T12:20:26.676+0000][72][info ][safepoint   ] Safepoint "Cleanup", Time since last: 1000804918 ns, Reaching safepoint: 31267 ns, Cleanup: 22312 ns, At safepoint: 15742 ns, Total: 69321 ns
[2025-05-08T12:20:29.678+0000][72][info ][safepoint   ] Safepoint "Cleanup", Time since last: 3001166674 ns, Reaching safepoint: 32781 ns, Cleanup: 21384 ns, At safepoint: 16477 ns, Total: 70642 ns
[2025-05-08T12:20:32.675+0000][72][info ][safepoint   ] Safepoint "Cleanup", Time since last: 3001053113 ns, Reaching safepoint: 78099 ns, Cleanup: 19895 ns, At safepoint: 32952 ns, Total: 130946 ns
[2025-05-08T12:20:36.677+0000][72][info ][safepoint   ] Safepoint "Cleanup", Time since last: 4001804507 ns, Reaching safepoint: 32687 ns, Cleanup: 18001 ns, At safepoint: 15944 ns, Total: 66632 ns
[2025-05-08T12:20:43.800+0000][72][info ][safepoint   ] Safepoint "Cleanup", Time since last: 7123194682 ns, Reaching safepoint: 40748 ns, Cleanup: 14377 ns, At safepoint: 9183 ns, Total: 64308 ns
[2025-05-08T12:20:49.802+0000][72][info ][safepoint   ] Safepoint "Cleanup", Time since last: 6001452728 ns, Reaching safepoint: 43674 ns, Cleanup: 13746 ns, At safepoint: 8711 ns, Total: 66131 ns
[2025-05-08T12:20:52.803+0000][72][info ][safepoint   ] Safepoint "Cleanup", Time since last: 3000968756 ns, Reaching safepoint: 21018 ns, Cleanup: 15778 ns, At safepoint: 8470 ns, Total: 45266 ns
[2025-05-08T12:20:59.804+0000][72][info ][safepoint   ] Safepoint "Cleanup", Time since last: 7001743702 ns, Reaching safepoint: 28074 ns, Cleanup: 25770 ns, At safepoint: 11298 ns, Total: 65142 ns
[2025-05-08T12:21:01.801+0000][72][info ][safepoint   ] Safepoint "Cleanup", Time since last: 2000704308 ns, Reaching safepoint: 21002 ns, Cleanup: 85693 ns, At safepoint: 12900 ns, Total: 119595 ns
[2025-05-08T12:21:04.803+0000][72][info ][safepoint   ] Safepoint "Cleanup", Time since last: 3001225335 ns, Reaching safepoint: 26480 ns, Cleanup: 17753 ns, At safepoint: 9632 ns, Total: 53865 ns
[2025-05-08T12:21:06.738+0000][72][info ][safepoint   ] Safepoint "Cleanup", Time since last: 1935233256 ns, Reaching safepoint: 30639 ns, Cleanup: 35610 ns, At safepoint: 17214 ns, Total: 83463 ns
[2025-05-08T12:21:07.739+0000][72][info ][safepoint   ] Safepoint "Cleanup", Time since last: 1000903455 ns, Reaching safepoint: 34951 ns, Cleanup: 20297 ns, At safepoint: 14949 ns, Total: 70197 ns
[2025-05-08T12:21:08.740+0000][72][info ][safepoint   ] Safepoint "Cleanup", Time since last: 1000722913 ns, Reaching safepoint: 30525 ns, Cleanup: 18056 ns, At safepoint: 15534 ns, Total: 64115 ns
[2025-05-08T12:21:11.741+0000][72][info ][safepoint   ] Safepoint "Cleanup", Time since last: 3001019471 ns, Reaching safepoint: 37578 ns, Cleanup: 19041 ns, At safepoint: 18845 ns, Total: 75464 ns
[2025-05-08T12:21:18.742+0000][72][info ][safepoint   ] Safepoint "Cleanup", Time since last: 7001544536 ns, Reaching safepoint: 61400 ns, Cleanup: 17192 ns, At safepoint: 14170 ns, Total: 92762 ns
[2025-05-08T12:21:20.744+0000][72][info ][safepoint   ] Safepoint "Cleanup", Time since last: 2000988706 ns, Reaching safepoint: 30816 ns, Cleanup: 22514 ns, At safepoint: 15458 ns, Total: 68788 ns
[2025-05-08T12:21:25.745+0000][72][info ][safepoint   ] Safepoint "Cleanup", Time since last: 5001405051 ns, Reaching safepoint: 65133 ns, Cleanup: 31593 ns, At safepoint: 8000 ns, Total: 104726 ns
[2025-05-08T12:21:26.746+0000][72][info ][safepoint   ] Safepoint "Cleanup", Time since last: 1000776610 ns, Reaching safepoint: 37228 ns, Cleanup: 23494 ns, At safepoint: 17921 ns, Total: 78643 ns
[2025-05-08T12:21:30.744+0000][72][info ][safepoint   ] Safepoint "Cleanup", Time since last: 4001295255 ns, Reaching safepoint: 38818 ns, Cleanup: 19281 ns, At safepoint: 10532 ns, Total: 68631 ns
[2025-05-08T12:21:35.746+0000][72][info ][safepoint   ] Safepoint "Cleanup", Time since last: 5001339400 ns, Reaching safepoint: 255971 ns, Cleanup: 22365 ns, At safepoint: 104176 ns, Total: 382512 ns
[2025-05-08T12:21:38.747+0000][72][info ][safepoint   ] Safepoint "Cleanup", Time since last: 3001074411 ns, Reaching safepoint: 30823 ns, Cleanup: 22163 ns, At safepoint: 15336 ns, Total: 68322 ns
[2025-05-08T12:21:40.748+0000][72][info ][safepoint   ] Safepoint "Cleanup", Time since last: 2001100728 ns, Reaching safepoint: 33693 ns, Cleanup: 19654 ns, At safepoint: 16983 ns, Total: 70330 ns
[2025-05-08T12:21:55.837+0000][72][info ][safepoint   ] Safepoint "Cleanup", Time since last: 15088302073 ns, Reaching safepoint: 87901 ns, Cleanup: 23641 ns, At safepoint: 17788 ns, Total: 129330 ns
[2025-05-08T12:21:59.838+0000][72][info ][safepoint   ] Safepoint "Cleanup", Time since last: 4001110555 ns, Reaching safepoint: 21779 ns, Cleanup: 11206 ns, At safepoint: 39445 ns, Total: 72430 ns
[2025-05-08T12:22:01.835+0000][72][info ][safepoint   ] Safepoint "Cleanup", Time since last: 2000728907 ns, Reaching safepoint: 20491 ns, Cleanup: 14821 ns, At safepoint: 9668 ns, Total: 44980 ns
[2025-05-08T12:22:05.836+0000][72][info ][safepoint   ] Safepoint "Cleanup", Time since last: 4001140411 ns, Reaching safepoint: 77966 ns, Cleanup: 25339 ns, At safepoint: 17419 ns, Total: 120724 ns
[2025-05-08T12:22:07.825+0000][72][info ][safepoint   ] Safepoint "Cleanup", Time since last: 1988301826 ns, Reaching safepoint: 17917 ns, Cleanup: 14300 ns, At safepoint: 38917 ns, Total: 71134 ns
[2025-05-08T12:22:09.801+0000][72][info ][safepoint   ] Safepoint "Cleanup", Time since last: 1975939468 ns, Reaching safepoint: 32750 ns, Cleanup: 18260 ns, At safepoint: 16939 ns, Total: 67949 ns
[2025-05-08T12:22:20.803+0000][72][info ][safepoint   ] Safepoint "Cleanup", Time since last: 11002433433 ns, Reaching safepoint: 89640 ns, Cleanup: 23637 ns, At safepoint: 18614 ns, Total: 131891 ns
[2025-05-08T12:22:23.804+0000][72][info ][safepoint   ] Safepoint "Cleanup", Time since last: 3001116713 ns, Reaching safepoint: 36747 ns, Cleanup: 23929 ns, At safepoint: 15974 ns, Total: 76650 ns
[2025-05-08T12:22:25.805+0000][72][info ][safepoint   ] Safepoint "Cleanup", Time since last: 2000841988 ns, Reaching safepoint: 27080 ns, Cleanup: 27316 ns, At safepoint: 14771 ns, Total: 69167 ns
[2025-05-08T12:22:26.806+0000][72][info ][safepoint   ] Safepoint "Cleanup", Time since last: 1000643409 ns, Reaching safepoint: 41902 ns, Cleanup: 24651 ns, At safepoint: 19161 ns, Total: 85714 ns
[2025-05-08T12:22:28.807+0000][72][info ][safepoint   ] Safepoint "Cleanup", Time since last: 2000852189 ns, Reaching safepoint: 35837 ns, Cleanup: 19557 ns, At safepoint: 16842 ns, Total: 72236 ns
[2025-05-08T12:22:30.805+0000][72][info ][safepoint   ] Safepoint "Cleanup", Time since last: 2000868218 ns, Reaching safepoint: 36322 ns, Cleanup: 19528 ns, At safepoint: 16998 ns, Total: 72848 ns
[2025-05-08T12:22:32.806+0000][72][info ][safepoint   ] Safepoint "Cleanup", Time since last: 2000974815 ns, Reaching safepoint: 31778 ns, Cleanup: 22742 ns, At safepoint: 16623 ns, Total: 71143 ns
[2025-05-08T12:22:33.807+0000][72][info ][safepoint   ] Safepoint "Cleanup", Time since last: 1000756013 ns, Reaching safepoint: 35625 ns, Cleanup: 20647 ns, At safepoint: 17590 ns, Total: 73862 ns
[2025-05-08T12:22:37.784+0000][72][info ][gc,start    ] GC(15) Pause Young (Normal) (G1 Evacuation Pause)
[2025-05-08T12:22:37.784+0000][72][info ][gc,task     ] GC(15) Using 10 workers of 10 for evacuation
[2025-05-08T12:22:37.784+0000][72][debug][gc,age      ] GC(15) Desired survivor size 12582912 bytes, new threshold 3 (max threshold 15)
[2025-05-08T12:22:38.198+0000][72][info ][gc,mmu      ] GC(15) MMU target violated: 201.0ms (200.0ms/201.0ms)
[2025-05-08T12:22:38.199+0000][72][info ][gc,phases   ] GC(15)   Pre Evacuate Collection Set: 1.16ms
[2025-05-08T12:22:38.199+0000][72][info ][gc,phases   ] GC(15)   Merge Heap Roots: 0.36ms
[2025-05-08T12:22:38.200+0000][72][info ][gc,phases   ] GC(15)   Evacuate Collection Set: 406.91ms
[2025-05-08T12:22:38.201+0000][72][info ][gc,phases   ] GC(15)   Post Evacuate Collection Set: 4.38ms
[2025-05-08T12:22:38.201+0000][72][info ][gc,phases   ] GC(15)   Other: 1.87ms
[2025-05-08T12:22:38.202+0000][72][trace][gc,age      ] GC(15) Age table with threshold 3 (max threshold 15)
[2025-05-08T12:22:38.202+0000][72][trace][gc,age      ] GC(15) - age   1:     484328 bytes,     484328 total
[2025-05-08T12:22:38.203+0000][72][trace][gc,age      ] GC(15) - age   2:    8330496 bytes,    8814824 total
[2025-05-08T12:22:38.204+0000][72][trace][gc,age      ] GC(15) - age   3:    2613056 bytes,   11427880 total
[2025-05-08T12:22:38.205+0000][72][info ][gc,heap     ] GC(15) Eden regions: 33->0(44)
[2025-05-08T12:22:38.205+0000][72][info ][gc,heap     ] GC(15) Survivor regions: 15->4(6)
[2025-05-08T12:22:38.205+0000][72][info ][gc,heap     ] GC(15) Old regions: 17->28
[2025-05-08T12:22:38.206+0000][72][info ][gc,heap     ] GC(15) Humongous regions: 0->0
[2025-05-08T12:22:38.206+0000][72][info ][gc,metaspace] GC(15) Metaspace: 146847K(150976K)->146847K(150976K) NonClass: 126721K(128960K)->126721K(128960K) Class: 20125K(22016K)->20125K(22016K)
[2025-05-08T12:22:38.207+0000][72][info ][gc          ] GC(15) Pause Young (Normal) (G1 Evacuation Pause) 258M->126M(3880M) 423.776ms
[2025-05-08T12:22:38.208+0000][72][info ][gc,cpu      ] GC(15) User=0.85s Sys=0.71s Real=0.42s
[2025-05-08T12:22:38.208+0000][72][info ][safepoint   ] Safepoint "G1CollectForAllocation", Time since last: 3976862927 ns, Reaching safepoint: 66012 ns, Cleanup: 20048 ns, At safepoint: 424930348 ns, Total: 425016408 ns
[2025-05-08T12:22:39.209+0000][72][info ][safepoint   ] Safepoint "Cleanup", Time since last: 1000582649 ns, Reaching safepoint: 33890 ns, Cleanup: 18605 ns, At safepoint: 15003 ns, Total: 67498 ns
[2025-05-08T12:22:47.867+0000][72][info ][safepoint   ] Safepoint "Cleanup", Time since last: 8658092398 ns, Reaching safepoint: 33151 ns, Cleanup: 20389 ns, At safepoint: 12854 ns, Total: 66394 ns
[2025-05-08T12:22:48.868+0000][72][info ][safepoint   ] Safepoint "Cleanup", Time since last: 1000653255 ns, Reaching safepoint: 29648 ns, Cleanup: 16798 ns, At safepoint: 9841 ns, Total: 56287 ns
[2025-05-08T12:22:50.869+0000][72][info ][safepoint   ] Safepoint "Cleanup", Time since last: 2000758344 ns, Reaching safepoint: 60253 ns, Cleanup: 16051 ns, At safepoint: 10053 ns, Total: 86357 ns
[2025-05-08T12:22:51.869+0000][72][info ][safepoint   ] Safepoint "Cleanup", Time since last: 1000632931 ns, Reaching safepoint: 61408 ns, Cleanup: 15274 ns, At safepoint: 10261 ns, Total: 86943 ns
[2025-05-08T12:22:55.871+0000][72][info ][safepoint   ] Safepoint "Cleanup", Time since last: 4001263566 ns, Reaching safepoint: 124103 ns, Cleanup: 21467 ns, At safepoint: 18887 ns, Total: 164457 ns
[2025-05-08T12:22:58.872+0000][72][info ][safepoint   ] Safepoint "Cleanup", Time since last: 3000882471 ns, Reaching safepoint: 21041 ns, Cleanup: 34114 ns, At safepoint: 9329 ns, Total: 64484 ns
[2025-05-08T12:23:02.870+0000][72][info ][safepoint   ] Safepoint "Cleanup", Time since last: 4001029135 ns, Reaching safepoint: 33185 ns, Cleanup: 17167 ns, At safepoint: 15060 ns, Total: 65412 ns
[2025-05-08T12:23:03.871+0000][72][info ][safepoint   ] Safepoint "Cleanup", Time since last: 1000636912 ns, Reaching safepoint: 19904 ns, Cleanup: 14541 ns, At safepoint: 8991 ns, Total: 43436 ns
[2025-05-08T12:23:04.872+0000][72][info ][safepoint   ] Safepoint "Cleanup", Time since last: 1000841122 ns, Reaching safepoint: 35251 ns, Cleanup: 22169 ns, At safepoint: 18085 ns, Total: 75505 ns
[2025-05-08T12:23:07.873+0000][72][info ][safepoint   ] Safepoint "Cleanup", Time since last: 3001026400 ns, Reaching safepoint: 83284 ns, Cleanup: 21161 ns, At safepoint: 20221 ns, Total: 124666 ns
[2025-05-08T12:23:10.798+0000][72][info ][safepoint   ] Safepoint "Cleanup", Time since last: 2925385648 ns, Reaching safepoint: 12743 ns, Cleanup: 11691 ns, At safepoint: 4899 ns, Total: 29333 ns
[2025-05-08T12:23:12.242+0000][72][info ][safepoint   ] Safepoint "Cleanup", Time since last: 1443723454 ns, Reaching safepoint: 34871 ns, Cleanup: 26054 ns, At safepoint: 17071 ns, Total: 77996 ns
[2025-05-08T12:23:16.244+0000][72][info ][safepoint   ] Safepoint "Cleanup", Time since last: 4001512414 ns, Reaching safepoint: 34792 ns, Cleanup: 19523 ns, At safepoint: 16734 ns, Total: 71049 ns
[2025-05-08T12:23:18.245+0000][72][info ][safepoint   ] Safepoint "Cleanup", Time since last: 2001006775 ns, Reaching safepoint: 269768 ns, Cleanup: 25191 ns, At safepoint: 122559 ns, Total: 417518 ns
[2025-05-08T12:23:19.246+0000][72][info ][safepoint   ] Safepoint "Cleanup", Time since last: 1000617529 ns, Reaching safepoint: 29834 ns, Cleanup: 17725 ns, At safepoint: 11395 ns, Total: 58954 ns
[2025-05-08T12:23:21.247+0000][72][info ][safepoint   ] Safepoint "Cleanup", Time since last: 2000712909 ns, Reaching safepoint: 32853 ns, Cleanup: 19268 ns, At safepoint: 15499 ns, Total: 67620 ns
[2025-05-08T12:23:26.248+0000][72][info ][safepoint   ] Safepoint "Cleanup", Time since last: 5001405929 ns, Reaching safepoint: 60783 ns, Cleanup: 18607 ns, At safepoint: 11622 ns, Total: 91012 ns
[2025-05-08T12:23:28.805+0000][72][info ][safepoint   ] Safepoint "Cleanup", Time since last: 2557163872 ns, Reaching safepoint: 6390 ns, Cleanup: 12058 ns, At safepoint: 15353 ns, Total: 33801 ns
[2025-05-08T12:23:30.263+0000][72][info ][safepoint   ] Safepoint "Cleanup", Time since last: 1457740781 ns, Reaching safepoint: 33207 ns, Cleanup: 33850 ns, At safepoint: 17533 ns, Total: 84590 ns
[2025-05-08T12:23:32.261+0000][72][info ][safepoint   ] Safepoint "Cleanup", Time since last: 2000898806 ns, Reaching safepoint: 35009 ns, Cleanup: 20487 ns, At safepoint: 17487 ns, Total: 72983 ns
[2025-05-08T12:23:37.805+0000][72][info ][safepoint   ] Safepoint "Cleanup", Time since last: 5543200500 ns, Reaching safepoint: 167072 ns, Cleanup: 29466 ns, At safepoint: 164365 ns, Total: 360903 ns
[2025-05-08T12:23:39.290+0000][72][info ][safepoint   ] Safepoint "Cleanup", Time since last: 1485177937 ns, Reaching safepoint: 38405 ns, Cleanup: 27551 ns, At safepoint: 19208 ns, Total: 85164 ns
[2025-05-08T12:23:40.790+0000][72][info ][safepoint   ] Safepoint "Cleanup", Time since last: 1499679090 ns, Reaching safepoint: 19438 ns, Cleanup: 17023 ns, At safepoint: 5441 ns, Total: 41902 ns
[2025-05-08T12:23:41.897+0000][72][info ][safepoint   ] Safepoint "Cleanup", Time since last: 1107635472 ns, Reaching safepoint: 15413 ns, Cleanup: 26098 ns, At safepoint: 70436 ns, Total: 111947 ns
[2025-05-08T12:23:46.359+0000][72][info ][safepoint   ] Safepoint "Cleanup", Time since last: 4461325298 ns, Reaching safepoint: 28083 ns, Cleanup: 17136 ns, At safepoint: 9841 ns, Total: 55060 ns
[2025-05-08T12:23:51.360+0000][72][info ][safepoint   ] Safepoint "Cleanup", Time since last: 5001420420 ns, Reaching safepoint: 28164 ns, Cleanup: 18910 ns, At safepoint: 11360 ns, Total: 58434 ns
[2025-05-08T12:23:54.361+0000][72][info ][safepoint   ] Safepoint "Cleanup", Time since last: 3001022099 ns, Reaching safepoint: 53861 ns, Cleanup: 39681 ns, At safepoint: 9718 ns, Total: 103260 ns
[2025-05-08T12:23:59.363+0000][72][info ][safepoint   ] Safepoint "Cleanup", Time since last: 5001253023 ns, Reaching safepoint: 31974 ns, Cleanup: 17857 ns, At safepoint: 11571 ns, Total: 61402 ns
[2025-05-08T12:24:05.360+0000][72][info ][safepoint   ] Safepoint "Cleanup", Time since last: 6001400476 ns, Reaching safepoint: 25961 ns, Cleanup: 20969 ns, At safepoint: 17293 ns, Total: 64223 ns
[2025-05-08T12:24:07.261+0000][72][info ][safepoint   ] Safepoint "Cleanup", Time since last: 1900128707 ns, Reaching safepoint: 29224 ns, Cleanup: 32315 ns, At safepoint: 11094 ns, Total: 72633 ns
[2025-05-08T12:24:08.262+0000][72][info ][safepoint   ] Safepoint "Cleanup", Time since last: 1000941151 ns, Reaching safepoint: 78605 ns, Cleanup: 23641 ns, At safepoint: 13307 ns, Total: 115553 ns
[2025-05-08T12:24:11.263+0000][72][info ][safepoint   ] Safepoint "Cleanup", Time since last: 3001290373 ns, Reaching safepoint: 34471 ns, Cleanup: 25308 ns, At safepoint: 10691 ns, Total: 70470 ns
[2025-05-08T12:24:13.809+0000][72][info ][safepoint   ] Safepoint "Cleanup", Time since last: 2546046979 ns, Reaching safepoint: 146809 ns, Cleanup: 15883 ns, At safepoint: 62475 ns, Total: 225167 ns
[2025-05-08T12:24:15.408+0000][72][info ][safepoint   ] Safepoint "Cleanup", Time since last: 1598855452 ns, Reaching safepoint: 16822 ns, Cleanup: 143274 ns, At safepoint: 111640 ns, Total: 271736 ns
[2025-05-08T12:24:16.414+0000][72][info ][safepoint   ] Safepoint "Cleanup", Time since last: 1005456902 ns, Reaching safepoint: 28244 ns, Cleanup: 35865 ns, At safepoint: 12179 ns, Total: 76288 ns
[2025-05-08T12:24:17.415+0000][72][info ][safepoint   ] Safepoint "Cleanup", Time since last: 1000620874 ns, Reaching safepoint: 27394 ns, Cleanup: 19109 ns, At safepoint: 10350 ns, Total: 56853 ns
[2025-05-08T12:24:21.416+0000][72][info ][safepoint   ] Safepoint "Cleanup", Time since last: 4001319826 ns, Reaching safepoint: 92973 ns, Cleanup: 21332 ns, At safepoint: 76054 ns, Total: 190359 ns
[2025-05-08T12:24:23.417+0000][72][info ][safepoint   ] Safepoint "Cleanup", Time since last: 2000735996 ns, Reaching safepoint: 64210 ns, Cleanup: 21959 ns, At safepoint: 10244 ns, Total: 96413 ns
[2025-05-08T12:24:25.418+0000][72][info ][safepoint   ] Safepoint "Cleanup", Time since last: 2000812619 ns, Reaching safepoint: 32062 ns, Cleanup: 24276 ns, At safepoint: 14909 ns, Total: 71247 ns
[2025-05-08T12:24:26.419+0000][72][info ][safepoint   ] Safepoint "Cleanup", Time since last: 1000746864 ns, Reaching safepoint: 34754 ns, Cleanup: 21550 ns, At safepoint: 16478 ns, Total: 72782 ns
[2025-05-08T12:24:36.417+0000][72][info ][safepoint   ] Safepoint "Cleanup", Time since last: 10002105029 ns, Reaching safepoint: 195242 ns, Cleanup: 17708 ns, At safepoint: 54253 ns, Total: 267203 ns
[2025-05-08T12:24:40.419+0000][72][info ][safepoint   ] Safepoint "Cleanup", Time since last: 4001082532 ns, Reaching safepoint: 88675 ns, Cleanup: 24392 ns, At safepoint: 41732 ns, Total: 154799 ns
[2025-05-08T12:24:41.419+0000][72][info ][safepoint   ] Safepoint "Cleanup", Time since last: 1000644523 ns, Reaching safepoint: 17683 ns, Cleanup: 16061 ns, At safepoint: 7643 ns, Total: 41387 ns
[2025-05-08T12:24:43.929+0000][72][info ][safepoint   ] Safepoint "Cleanup", Time since last: 2509955355 ns, Reaching safepoint: 18968 ns, Cleanup: 13634 ns, At safepoint: 9122 ns, Total: 41724 ns
[2025-05-08T12:24:45.931+0000][72][info ][safepoint   ] Safepoint "Cleanup", Time since last: 2001341379 ns, Reaching safepoint: 37195 ns, Cleanup: 19701 ns, At safepoint: 15954 ns, Total: 72850 ns
[2025-05-08T12:24:50.932+0000][72][info ][safepoint   ] Safepoint "Cleanup", Time since last: 5001478591 ns, Reaching safepoint: 33210 ns, Cleanup: 17925 ns, At safepoint: 16068 ns, Total: 67203 ns
[2025-05-08T12:25:01.932+0000][72][info ][safepoint   ] Safepoint "Cleanup", Time since last: 11002430698 ns, Reaching safepoint: 50842 ns, Cleanup: 15118 ns, At safepoint: 9011 ns, Total: 74971 ns
[2025-05-08T12:25:05.934+0000][72][info ][safepoint   ] Safepoint "Cleanup", Time since last: 4001220422 ns, Reaching safepoint: 34771 ns, Cleanup: 23211 ns, At safepoint: 17622 ns, Total: 75604 ns
[2025-05-08T12:25:13.936+0000][72][info ][safepoint   ] Safepoint "Cleanup", Time since last: 8001881023 ns, Reaching safepoint: 85130 ns, Cleanup: 19539 ns, At safepoint: 17215 ns, Total: 121884 ns
[2025-05-08T12:25:16.792+0000][72][info ][safepoint   ] Safepoint "Cleanup", Time since last: 2856514033 ns, Reaching safepoint: 14625 ns, Cleanup: 34696 ns, At safepoint: 91052 ns, Total: 140373 ns
[2025-05-08T12:25:18.450+0000][72][info ][safepoint   ] Safepoint "Cleanup", Time since last: 1657915112 ns, Reaching safepoint: 32431 ns, Cleanup: 27784 ns, At safepoint: 16040 ns, Total: 76255 ns
[2025-05-08T12:25:21.451+0000][72][info ][safepoint   ] Safepoint "Cleanup", Time since last: 3001014098 ns, Reaching safepoint: 32236 ns, Cleanup: 19083 ns, At safepoint: 72239 ns, Total: 123558 ns
[2025-05-08T12:25:25.453+0000][72][info ][safepoint   ] Safepoint "Cleanup", Time since last: 4001142621 ns, Reaching safepoint: 66938 ns, Cleanup: 25408 ns, At safepoint: 12452 ns, Total: 104798 ns
[2025-05-08T12:25:26.454+0000][72][info ][safepoint   ] Safepoint "Cleanup", Time since last: 1000930205 ns, Reaching safepoint: 34167 ns, Cleanup: 17836 ns, At safepoint: 15174 ns, Total: 67177 ns
[2025-05-08T12:25:32.452+0000][72][info ][safepoint   ] Safepoint "Cleanup", Time since last: 6001433029 ns, Reaching safepoint: 21279 ns, Cleanup: 17506 ns, At safepoint: 8252 ns, Total: 47037 ns
[2025-05-08T12:25:36.453+0000][72][info ][safepoint   ] Safepoint "Cleanup", Time since last: 4001193215 ns, Reaching safepoint: 34829 ns, Cleanup: 27180 ns, At safepoint: 17206 ns, Total: 79215 ns
[2025-05-08T12:25:45.963+0000][72][info ][safepoint   ] Safepoint "Cleanup", Time since last: 9509644706 ns, Reaching safepoint: 33350 ns, Cleanup: 18808 ns, At safepoint: 18712 ns, Total: 70870 ns
[2025-05-08T12:25:48.964+0000][72][info ][safepoint   ] Safepoint "Cleanup", Time since last: 3001285161 ns, Reaching safepoint: 19238 ns, Cleanup: 14106 ns, At safepoint: 8503 ns, Total: 41847 ns
[2025-05-08T12:25:49.965+0000][72][info ][safepoint   ] Safepoint "Cleanup", Time since last: 1000655595 ns, Reaching safepoint: 28211 ns, Cleanup: 19835 ns, At safepoint: 12500 ns, Total: 60546 ns
[2025-05-08T12:25:55.967+0000][72][info ][safepoint   ] Safepoint "Cleanup", Time since last: 6001508849 ns, Reaching safepoint: 88841 ns, Cleanup: 19922 ns, At safepoint: 18189 ns, Total: 126952 ns
[2025-05-08T12:26:03.965+0000][72][info ][safepoint   ] Safepoint "Cleanup", Time since last: 8001712748 ns, Reaching safepoint: 35006 ns, Cleanup: 20615 ns, At safepoint: 17313 ns, Total: 72934 ns
[2025-05-08T12:26:04.966+0000][72][info ][safepoint   ] Safepoint "Cleanup", Time since last: 1000916331 ns, Reaching safepoint: 39209 ns, Cleanup: 20665 ns, At safepoint: 17145 ns, Total: 77019 ns
[2025-05-08T12:26:13.968+0000][72][info ][safepoint   ] Safepoint "Cleanup", Time since last: 9001774432 ns, Reaching safepoint: 87092 ns, Cleanup: 22836 ns, At safepoint: 18869 ns, Total: 128797 ns
[2025-05-08T12:26:15.972+0000][72][info ][safepoint   ] Safepoint "Cleanup", Time since last: 2003197347 ns, Reaching safepoint: 33845 ns, Cleanup: 19162 ns, At safepoint: 17381 ns, Total: 70388 ns
[2025-05-08T12:26:16.972+0000][72][info ][safepoint   ] Safepoint "Cleanup", Time since last: 1000784849 ns, Reaching safepoint: 25867 ns, Cleanup: 14773 ns, At safepoint: 9952 ns, Total: 50592 ns
[2025-05-08T12:26:18.973+0000][72][info ][safepoint   ] Safepoint "Cleanup", Time since last: 2000907339 ns, Reaching safepoint: 31643 ns, Cleanup: 18787 ns, At safepoint: 12299 ns, Total: 62729 ns
[2025-05-08T12:26:20.484+0000][72][info ][safepoint   ] Safepoint "Cleanup", Time since last: 1511115073 ns, Reaching safepoint: 12911 ns, Cleanup: 22492 ns, At safepoint: 23714 ns, Total: 59117 ns
[2025-05-08T12:26:25.521+0000][72][info ][safepoint   ] Safepoint "Cleanup", Time since last: 5036740796 ns, Reaching safepoint: 41187 ns, Cleanup: 24726 ns, At safepoint: 16189 ns, Total: 82102 ns
[2025-05-08T12:26:26.522+0000][72][info ][safepoint   ] Safepoint "Cleanup", Time since last: 1000683995 ns, Reaching safepoint: 72254 ns, Cleanup: 19690 ns, At safepoint: 31126 ns, Total: 123070 ns
[2025-05-08T12:26:28.523+0000][72][info ][safepoint   ] Safepoint "Cleanup", Time since last: 2000804074 ns, Reaching safepoint: 33149 ns, Cleanup: 17784 ns, At safepoint: 16483 ns, Total: 67416 ns
[2025-05-08T12:26:41.522+0000][72][info ][safepoint   ] Safepoint "Cleanup", Time since last: 13002650677 ns, Reaching safepoint: 70786 ns, Cleanup: 18353 ns, At safepoint: 13592 ns, Total: 102731 ns
[2025-05-08T12:26:43.995+0000][72][info ][safepoint   ] Safepoint "Cleanup", Time since last: 2472096563 ns, Reaching safepoint: 48851 ns, Cleanup: 32426 ns, At safepoint: 19580 ns, Total: 100857 ns
[2025-05-08T12:26:50.996+0000][72][info ][safepoint   ] Safepoint "Cleanup", Time since last: 7001601440 ns, Reaching safepoint: 35127 ns, Cleanup: 19516 ns, At safepoint: 17588 ns, Total: 72231 ns
[2025-05-08T12:26:58.998+0000][72][info ][safepoint   ] Safepoint "Cleanup", Time since last: 8001839280 ns, Reaching safepoint: 75470 ns, Cleanup: 19401 ns, At safepoint: 12350 ns, Total: 107221 ns
[2025-05-08T12:27:00.996+0000][72][info ][safepoint   ] Safepoint "Cleanup", Time since last: 2000790106 ns, Reaching safepoint: 36540 ns, Cleanup: 24411 ns, At safepoint: 17408 ns, Total: 78359 ns
[2025-05-08T12:27:04.997+0000][72][info ][safepoint   ] Safepoint "Cleanup", Time since last: 4001226202 ns, Reaching safepoint: 137708 ns, Cleanup: 23241 ns, At safepoint: 21141 ns, Total: 182090 ns
[2025-05-08T12:27:16.000+0000][72][info ][safepoint   ] Safepoint "Cleanup", Time since last: 11002276823 ns, Reaching safepoint: 75966 ns, Cleanup: 20831 ns, At safepoint: 16057 ns, Total: 112854 ns
[2025-05-08T12:27:20.001+0000][72][info ][safepoint   ] Safepoint "Cleanup", Time since last: 4001184015 ns, Reaching safepoint: 29762 ns, Cleanup: 28937 ns, At safepoint: 10507 ns, Total: 69206 ns
[2025-05-08T12:27:21.001+0000][72][info ][safepoint   ] Safepoint "Cleanup", Time since last: 1000614104 ns, Reaching safepoint: 22363 ns, Cleanup: 15985 ns, At safepoint: 9586 ns, Total: 47934 ns
[2025-05-08T12:27:22.803+0000][72][info ][safepoint   ] Safepoint "Cleanup", Time since last: 1801120418 ns, Reaching safepoint: 298206 ns, Cleanup: 16294 ns, At safepoint: 170072 ns, Total: 484572 ns
[2025-05-08T12:27:22.809+0000][72][info ][gc,start    ] GC(16) Pause Young (Concurrent Start) (CodeCache GC Threshold)
[2025-05-08T12:27:22.810+0000][72][info ][gc,task     ] GC(16) Using 10 workers of 10 for evacuation
[2025-05-08T12:27:22.810+0000][72][debug][gc,age      ] GC(16) Desired survivor size 27262976 bytes, new threshold 15 (max threshold 15)
[2025-05-08T12:27:22.850+0000][72][info ][gc,phases   ] GC(16)   Pre Evacuate Collection Set: 2.06ms
[2025-05-08T12:27:22.850+0000][72][info ][gc,phases   ] GC(16)   Merge Heap Roots: 0.25ms
[2025-05-08T12:27:22.851+0000][72][info ][gc,phases   ] GC(16)   Evacuate Collection Set: 34.79ms
[2025-05-08T12:27:22.851+0000][72][info ][gc,phases   ] GC(16)   Post Evacuate Collection Set: 1.71ms
[2025-05-08T12:27:22.851+0000][72][info ][gc,phases   ] GC(16)   Other: 1.14ms
[2025-05-08T12:27:22.852+0000][72][trace][gc,age      ] GC(16) Age table with threshold 15 (max threshold 15)
[2025-05-08T12:27:22.852+0000][72][trace][gc,age      ] GC(16) - age   1:    1134688 bytes,    1134688 total
[2025-05-08T12:27:22.852+0000][72][trace][gc,age      ] GC(16) - age   2:      39440 bytes,    1174128 total
[2025-05-08T12:27:22.853+0000][72][trace][gc,age      ] GC(16) - age   3:    7533992 bytes,    8708120 total
[2025-05-08T12:27:22.853+0000][72][trace][gc,age      ] GC(16) - age   4:    2612928 bytes,   11321048 total
[2025-05-08T12:27:22.854+0000][72][info ][gc,heap     ] GC(16) Eden regions: 58->0(189)
[2025-05-08T12:27:22.854+0000][72][info ][gc,heap     ] GC(16) Survivor regions: 4->4(13)
[2025-05-08T12:27:22.854+0000][72][info ][gc,heap     ] GC(16) Old regions: 28->28
[2025-05-08T12:27:22.855+0000][72][info ][gc,heap     ] GC(16) Humongous regions: 0->0
[2025-05-08T12:27:22.856+0000][72][info ][gc,metaspace] GC(16) Metaspace: 147145K(151232K)->147145K(151232K) NonClass: 127020K(129216K)->127020K(129216K) Class: 20125K(22016K)->20125K(22016K)
[2025-05-08T12:27:22.856+0000][72][info ][gc          ] GC(16) Pause Young (Concurrent Start) (CodeCache GC Threshold) 356M->124M(3880M) 47.452ms
[2025-05-08T12:27:22.856+0000][72][info ][gc,cpu      ] GC(16) User=0.32s Sys=0.00s Real=0.05s
[2025-05-08T12:27:22.857+0000][72][info ][safepoint   ] Safepoint "G1TryInitiateConcMark", Time since last: 5377285 ns, Reaching safepoint: 116988 ns, Cleanup: 6073 ns, At safepoint: 48419206 ns, Total: 48542267 ns
[2025-05-08T12:27:22.857+0000][72][info ][gc          ] GC(17) Concurrent Mark Cycle
[2025-05-08T12:27:22.858+0000][72][info ][gc,marking  ] GC(17) Concurrent Scan Root Regions
[2025-05-08T12:27:22.899+0000][72][info ][gc,marking  ] GC(17) Concurrent Scan Root Regions 40.545ms
[2025-05-08T12:27:22.899+0000][72][info ][gc,marking  ] GC(17) Concurrent Mark
[2025-05-08T12:27:22.900+0000][72][info ][gc,marking  ] GC(17) Concurrent Mark From Roots
[2025-05-08T12:27:22.900+0000][72][info ][gc,task     ] GC(17) Using 3 workers of 3 for marking
[2025-05-08T12:27:23.156+0000][72][info ][gc,marking  ] GC(17) Concurrent Mark From Roots 256.020ms
[2025-05-08T12:27:23.156+0000][72][info ][gc,marking  ] GC(17) Concurrent Preclean
[2025-05-08T12:27:23.158+0000][72][info ][gc,marking  ] GC(17) Concurrent Preclean 1.176ms
[2025-05-08T12:27:23.158+0000][72][info ][gc,start    ] GC(17) Pause Remark
[2025-05-08T12:27:24.139+0000][72][info ][gc,mmu      ] GC(17) MMU target violated: 201.0ms (200.0ms/201.0ms)
[2025-05-08T12:27:24.140+0000][72][info ][gc          ] GC(17) Pause Remark 129M->129M(3880M) 981.391ms
[2025-05-08T12:27:24.142+0000][72][info ][gc,cpu      ] GC(17) User=9.03s Sys=0.00s Real=0.99s
[2025-05-08T12:27:24.145+0000][72][info ][safepoint   ] Safepoint "G1PauseRemark", Time since last: 301185887 ns, Reaching safepoint: 20969 ns, Cleanup: 20859 ns, At safepoint: 986479083 ns, Total: 986520911 ns
[2025-05-08T12:27:24.150+0000][72][info ][gc,marking  ] GC(17) Concurrent Mark 1251.131ms
[2025-05-08T12:27:24.155+0000][72][info ][gc,marking  ] GC(17) Concurrent Rebuild Remembered Sets and Scrub Regions
[2025-05-08T12:27:24.192+0000][72][info ][gc,marking  ] GC(17) Concurrent Rebuild Remembered Sets and Scrub Regions 36.808ms
[2025-05-08T12:27:24.201+0000][72][info ][gc,start    ] GC(17) Pause Cleanup
[2025-05-08T12:27:24.202+0000][72][info ][gc          ] GC(17) Pause Cleanup 132M->132M(3880M) 1.232ms
[2025-05-08T12:27:24.203+0000][72][info ][gc,cpu      ] GC(17) User=0.00s Sys=0.00s Real=0.00s
[2025-05-08T12:27:24.204+0000][72][info ][safepoint   ] Safepoint "G1PauseCleanup", Time since last: 51231526 ns, Reaching safepoint: 4755226 ns, Cleanup: 131810 ns, At safepoint: 2743510 ns, Total: 7630546 ns
[2025-05-08T12:27:24.204+0000][72][info ][gc,marking  ] GC(17) Concurrent Clear Claimed Marks
[2025-05-08T12:27:24.205+0000][72][info ][gc,marking  ] GC(17) Concurrent Clear Claimed Marks 0.919ms
[2025-05-08T12:27:24.206+0000][72][info ][gc,marking  ] GC(17) Concurrent Cleanup for Next Mark
[2025-05-08T12:27:24.322+0000][72][info ][gc,marking  ] GC(17) Concurrent Cleanup for Next Mark 116.664ms
[2025-05-08T12:27:24.347+0000][72][info ][gc          ] GC(17) Concurrent Mark Cycle 1489.577ms
[2025-05-08T12:27:25.260+0000][72][info ][safepoint   ] Safepoint "Cleanup", Time since last: 1056863437 ns, Reaching safepoint: 41695 ns, Cleanup: 24775 ns, At safepoint: 16543 ns, Total: 83013 ns
[2025-05-08T12:27:26.261+0000][72][info ][safepoint   ] Safepoint "Cleanup", Time since last: 1000667998 ns, Reaching safepoint: 76335 ns, Cleanup: 40258 ns, At safepoint: 28452 ns, Total: 145045 ns
[2025-05-08T12:27:31.260+0000][72][info ][safepoint   ] Safepoint "Cleanup", Time since last: 5001235114 ns, Reaching safepoint: 158209 ns, Cleanup: 18972 ns, At safepoint: 10001 ns, Total: 187182 ns
[2025-05-08T12:27:32.261+0000][72][info ][safepoint   ] Safepoint "Cleanup", Time since last: 1000804040 ns, Reaching safepoint: 31907 ns, Cleanup: 19672 ns, At safepoint: 12175 ns, Total: 63754 ns
[2025-05-08T12:27:33.262+0000][72][info ][safepoint   ] Safepoint "Cleanup", Time since last: 1000606190 ns, Reaching safepoint: 32823 ns, Cleanup: 30182 ns, At safepoint: 13097 ns, Total: 76102 ns
[2025-05-08T12:27:35.262+0000][72][info ][safepoint   ] Safepoint "Cleanup", Time since last: 2000743356 ns, Reaching safepoint: 32928 ns, Cleanup: 18340 ns, At safepoint: 11308 ns, Total: 62576 ns
[2025-05-08T12:27:38.263+0000][72][info ][safepoint   ] Safepoint "Cleanup", Time since last: 3000920842 ns, Reaching safepoint: 34659 ns, Cleanup: 18515 ns, At safepoint: 17307 ns, Total: 70481 ns
[2025-05-08T12:27:51.031+0000][72][info ][safepoint   ] Safepoint "Cleanup", Time since last: 12767203423 ns, Reaching safepoint: 48838 ns, Cleanup: 16037 ns, At safepoint: 9487 ns, Total: 74362 ns
[2025-05-08T12:28:06.031+0000][72][info ][safepoint   ] Safepoint "Cleanup", Time since last: 15003004368 ns, Reaching safepoint: 67214 ns, Cleanup: 17564 ns, At safepoint: 12507 ns, Total: 97285 ns
[2025-05-08T12:28:11.032+0000][72][info ][safepoint   ] Safepoint "Cleanup", Time since last: 5001296606 ns, Reaching safepoint: 25733 ns, Cleanup: 19946 ns, At safepoint: 11126 ns, Total: 56805 ns
[2025-05-08T12:28:21.034+0000][72][info ][safepoint   ] Safepoint "Cleanup", Time since last: 10002013741 ns, Reaching safepoint: 172066 ns, Cleanup: 19178 ns, At safepoint: 20434 ns, Total: 211678 ns
[2025-05-08T12:28:25.796+0000][72][info ][safepoint   ] Safepoint "Cleanup", Time since last: 4761703640 ns, Reaching safepoint: 8596 ns, Cleanup: 19649 ns, At safepoint: 26621 ns, Total: 54866 ns
[2025-05-08T12:28:27.297+0000][72][info ][safepoint   ] Safepoint "Cleanup", Time since last: 1500354176 ns, Reaching safepoint: 35583 ns, Cleanup: 46836 ns, At safepoint: 17488 ns, Total: 99907 ns
[2025-05-08T12:28:29.297+0000][72][info ][safepoint   ] Safepoint "Cleanup", Time since last: 2000834467 ns, Reaching safepoint: 53071 ns, Cleanup: 15767 ns, At safepoint: 10550 ns, Total: 79388 ns
[2025-05-08T12:28:30.298+0000][72][info ][safepoint   ] Safepoint "Cleanup", Time since last: 1000656241 ns, Reaching safepoint: 38116 ns, Cleanup: 21413 ns, At safepoint: 18831 ns, Total: 78360 ns
[2025-05-08T12:28:31.295+0000][72][info ][safepoint   ] Safepoint "Cleanup", Time since last: 1000808718 ns, Reaching safepoint: 20759 ns, Cleanup: 14301 ns, At safepoint: 8559 ns, Total: 43619 ns
[2025-05-08T12:28:40.791+0000][72][info ][safepoint   ] Safepoint "Cleanup", Time since last: 9496068753 ns, Reaching safepoint: 42387 ns, Cleanup: 26177 ns, At safepoint: 83871 ns, Total: 152435 ns
[2025-05-08T12:28:42.061+0000][72][info ][safepoint   ] Safepoint "Cleanup", Time since last: 1269556254 ns, Reaching safepoint: 15121 ns, Cleanup: 23036 ns, At safepoint: 68303 ns, Total: 106460 ns
[2025-05-08T12:28:44.322+0000][72][info ][safepoint   ] Safepoint "Cleanup", Time since last: 2260965334 ns, Reaching safepoint: 132368 ns, Cleanup: 24272 ns, At safepoint: 84180 ns, Total: 240820 ns
[2025-05-08T12:28:45.329+0000][72][info ][safepoint   ] Safepoint "Cleanup", Time since last: 1006512709 ns, Reaching safepoint: 39692 ns, Cleanup: 28628 ns, At safepoint: 19065 ns, Total: 87385 ns
[2025-05-08T12:29:01.350+0000][72][info ][safepoint   ] Safepoint "Cleanup", Time since last: 16023912348 ns, Reaching safepoint: 104069 ns, Cleanup: 21367 ns, At safepoint: 20475 ns, Total: 145911 ns
[2025-05-08T12:29:06.185+0000][72][info ][safepoint   ] Safepoint "Cleanup", Time since last: 4835137817 ns, Reaching safepoint: 17942 ns, Cleanup: 12718 ns, At safepoint: 23514 ns, Total: 54174 ns
[2025-05-08T12:29:11.187+0000][72][info ][safepoint   ] Safepoint "Cleanup", Time since last: 5001864897 ns, Reaching safepoint: 134107 ns, Cleanup: 13649 ns, At safepoint: 138075 ns, Total: 285831 ns
[2025-05-08T12:29:18.189+0000][72][info ][safepoint   ] Safepoint "Cleanup", Time since last: 7001918525 ns, Reaching safepoint: 76279 ns, Cleanup: 15442 ns, At safepoint: 9597 ns, Total: 101318 ns
[2025-05-08T12:29:19.190+0000][72][info ][safepoint   ] Safepoint "Cleanup", Time since last: 1000596753 ns, Reaching safepoint: 35636 ns, Cleanup: 20887 ns, At safepoint: 39118 ns, Total: 95641 ns
[2025-05-08T12:29:20.191+0000][72][info ][safepoint   ] Safepoint "Cleanup", Time since last: 1000811799 ns, Reaching safepoint: 40823 ns, Cleanup: 15843 ns, At safepoint: 11690 ns, Total: 68356 ns
[2025-05-08T12:29:21.192+0000][72][info ][safepoint   ] Safepoint "Cleanup", Time since last: 1000725722 ns, Reaching safepoint: 109557 ns, Cleanup: 24446 ns, At safepoint: 48013 ns, Total: 182016 ns
[2025-05-08T12:29:28.804+0000][72][info ][safepoint   ] Safepoint "Cleanup", Time since last: 7611913248 ns, Reaching safepoint: 17740 ns, Cleanup: 85924 ns, At safepoint: 79148 ns, Total: 182812 ns
[2025-05-08T12:29:30.389+0000][72][info ][safepoint   ] Safepoint "Cleanup", Time since last: 1585385733 ns, Reaching safepoint: 63468 ns, Cleanup: 23276 ns, At safepoint: 10593 ns, Total: 97337 ns
[2025-05-08T12:29:31.388+0000][72][info ][safepoint   ] Safepoint "Cleanup", Time since last: 1000631479 ns, Reaching safepoint: 151747 ns, Cleanup: 15216 ns, At safepoint: 62524 ns, Total: 229487 ns
[2025-05-08T12:29:38.389+0000][72][info ][safepoint   ] Safepoint "Cleanup", Time since last: 7001555665 ns, Reaching safepoint: 32586 ns, Cleanup: 18328 ns, At safepoint: 31856 ns, Total: 82770 ns
[2025-05-08T12:29:44.095+0000][72][info ][safepoint   ] Safepoint "Cleanup", Time since last: 5705498762 ns, Reaching safepoint: 39207 ns, Cleanup: 18067 ns, At safepoint: 12360 ns, Total: 69634 ns
[2025-05-08T12:29:46.096+0000][72][info ][safepoint   ] Safepoint "Cleanup", Time since last: 2000876203 ns, Reaching safepoint: 76546 ns, Cleanup: 24947 ns, At safepoint: 16537 ns, Total: 118030 ns
[2025-05-08T12:29:47.097+0000][72][info ][safepoint   ] Safepoint "Cleanup", Time since last: 1000708852 ns, Reaching safepoint: 30045 ns, Cleanup: 18835 ns, At safepoint: 12134 ns, Total: 61014 ns
[2025-05-08T12:29:51.098+0000][72][info ][safepoint   ] Safepoint "Cleanup", Time since last: 4001160295 ns, Reaching safepoint: 33938 ns, Cleanup: 20267 ns, At safepoint: 17650 ns, Total: 71855 ns
[2025-05-08T12:29:56.099+0000][72][info ][safepoint   ] Safepoint "Cleanup", Time since last: 5001398246 ns, Reaching safepoint: 33723 ns, Cleanup: 22708 ns, At safepoint: 17940 ns, Total: 74371 ns
[2025-05-08T12:30:07.098+0000][72][info ][safepoint   ] Safepoint "Cleanup", Time since last: 11002470531 ns, Reaching safepoint: 88002 ns, Cleanup: 21055 ns, At safepoint: 22625 ns, Total: 131682 ns
[2025-05-08T12:30:16.100+0000][72][info ][safepoint   ] Safepoint "Cleanup", Time since last: 9002003400 ns, Reaching safepoint: 76348 ns, Cleanup: 19137 ns, At safepoint: 33721 ns, Total: 129206 ns
[2025-05-08T12:30:17.101+0000][72][info ][safepoint   ] Safepoint "Cleanup", Time since last: 1000772678 ns, Reaching safepoint: 42609 ns, Cleanup: 23629 ns, At safepoint: 18594 ns, Total: 84832 ns
[2025-05-08T12:30:26.103+0000][72][info ][safepoint   ] Safepoint "Cleanup", Time since last: 9001937431 ns, Reaching safepoint: 39806 ns, Cleanup: 46290 ns, At safepoint: 23086 ns, Total: 109182 ns
[2025-05-08T12:30:31.809+0000][72][info ][safepoint   ] Safepoint "Cleanup", Time since last: 5708468215 ns, Reaching safepoint: 20900 ns, Cleanup: 22285 ns, At safepoint: 135428 ns, Total: 178613 ns
[2025-05-08T12:30:33.429+0000][72][info ][safepoint   ] Safepoint "Cleanup", Time since last: 1620171281 ns, Reaching safepoint: 31947 ns, Cleanup: 32760 ns, At safepoint: 10583 ns, Total: 75290 ns
[2025-05-08T12:30:38.431+0000][72][info ][safepoint   ] Safepoint "Cleanup", Time since last: 5001332844 ns, Reaching safepoint: 33147 ns, Cleanup: 19070 ns, At safepoint: 15670 ns, Total: 67887 ns
[2025-05-08T12:30:46.130+0000][72][info ][safepoint   ] Safepoint "Cleanup", Time since last: 7699225028 ns, Reaching safepoint: 32879 ns, Cleanup: 18224 ns, At safepoint: 15808 ns, Total: 66911 ns
[2025-05-08T12:30:51.132+0000][72][info ][safepoint   ] Safepoint "Cleanup", Time since last: 5001462352 ns, Reaching safepoint: 82734 ns, Cleanup: 24006 ns, At safepoint: 17355 ns, Total: 124095 ns
[2025-05-08T12:31:02.131+0000][72][info ][safepoint   ] Safepoint "Cleanup", Time since last: 11002362820 ns, Reaching safepoint: 58460 ns, Cleanup: 16777 ns, At safepoint: 12315 ns, Total: 87552 ns
[2025-05-08T12:31:05.133+0000][72][info ][safepoint   ] Safepoint "Cleanup", Time since last: 3001436716 ns, Reaching safepoint: 39044 ns, Cleanup: 22375 ns, At safepoint: 19189 ns, Total: 80608 ns
[2025-05-08T12:31:06.134+0000][72][info ][safepoint   ] Safepoint "Cleanup", Time since last: 1000885272 ns, Reaching safepoint: 35929 ns, Cleanup: 19599 ns, At safepoint: 14567 ns, Total: 70095 ns
[2025-05-08T12:31:09.135+0000][72][info ][safepoint   ] Safepoint "Cleanup", Time since last: 3001100213 ns, Reaching safepoint: 32301 ns, Cleanup: 18181 ns, At safepoint: 15933 ns, Total: 66415 ns
[2025-05-08T12:31:21.137+0000][72][info ][safepoint   ] Safepoint "Cleanup", Time since last: 12002562392 ns, Reaching safepoint: 35400 ns, Cleanup: 20111 ns, At safepoint: 16907 ns, Total: 72418 ns
[2025-05-08T12:31:26.139+0000][72][info ][safepoint   ] Safepoint "Cleanup", Time since last: 5001244752 ns, Reaching safepoint: 36328 ns, Cleanup: 22682 ns, At safepoint: 17167 ns, Total: 76177 ns
[2025-05-08T12:31:28.140+0000][72][info ][safepoint   ] Safepoint "Cleanup", Time since last: 2000899400 ns, Reaching safepoint: 41318 ns, Cleanup: 22429 ns, At safepoint: 18255 ns, Total: 82002 ns
[2025-05-08T12:31:34.800+0000][72][info ][safepoint   ] Safepoint "Cleanup", Time since last: 6663175092 ns, Reaching safepoint: 7131 ns, Cleanup: 9183 ns, At safepoint: 3210 ns, Total: 19524 ns
[2025-05-08T12:31:36.469+0000][72][info ][safepoint   ] Safepoint "Cleanup", Time since last: 1668967284 ns, Reaching safepoint: 31662 ns, Cleanup: 19131 ns, At safepoint: 16915 ns, Total: 67708 ns
[2025-05-08T12:31:40.470+0000][72][info ][safepoint   ] Safepoint "Cleanup", Time since last: 4001416399 ns, Reaching safepoint: 37596 ns, Cleanup: 19810 ns, At safepoint: 19331 ns, Total: 76737 ns
[2025-05-08T12:31:49.170+0000][72][info ][safepoint   ] Safepoint "Cleanup", Time since last: 8699510789 ns, Reaching safepoint: 78131 ns, Cleanup: 20482 ns, At safepoint: 19491 ns, Total: 118104 ns
[2025-05-08T12:31:50.171+0000][72][info ][safepoint   ] Safepoint "Cleanup", Time since last: 1000664695 ns, Reaching safepoint: 39342 ns, Cleanup: 29058 ns, At safepoint: 14702 ns, Total: 83102 ns
[2025-05-08T12:31:51.171+0000][72][info ][safepoint   ] Safepoint "Cleanup", Time since last: 1000621084 ns, Reaching safepoint: 36063 ns, Cleanup: 28791 ns, At safepoint: 13456 ns, Total: 78310 ns
[2025-05-08T12:32:01.171+0000][72][info ][safepoint   ] Safepoint "Cleanup", Time since last: 10002692906 ns, Reaching safepoint: 39106 ns, Cleanup: 28854 ns, At safepoint: 14733 ns, Total: 82693 ns
[2025-05-08T12:32:03.172+0000][72][info ][safepoint   ] Safepoint "Cleanup", Time since last: 2001337198 ns, Reaching safepoint: 33196 ns, Cleanup: 20769 ns, At safepoint: 18161 ns, Total: 72126 ns
[2025-05-08T12:32:11.184+0000][72][info ][safepoint   ] Safepoint "Cleanup", Time since last: 8011467954 ns, Reaching safepoint: 304883 ns, Cleanup: 14413 ns, At safepoint: 20602 ns, Total: 339898 ns
[2025-05-08T12:32:16.185+0000][72][info ][safepoint   ] Safepoint "Cleanup", Time since last: 5001193236 ns, Reaching safepoint: 29877 ns, Cleanup: 16980 ns, At safepoint: 11468 ns, Total: 58325 ns
[2025-05-08T12:32:17.186+0000][72][info ][safepoint   ] Safepoint "Cleanup", Time since last: 1000664209 ns, Reaching safepoint: 68879 ns, Cleanup: 18188 ns, At safepoint: 12991 ns, Total: 100058 ns
[2025-05-08T12:32:21.187+0000][72][info ][safepoint   ] Safepoint "Cleanup", Time since last: 4001236704 ns, Reaching safepoint: 39266 ns, Cleanup: 19411 ns, At safepoint: 17716 ns, Total: 76393 ns
[2025-05-08T12:32:31.187+0000][72][info ][safepoint   ] Safepoint "Cleanup", Time since last: 10002257877 ns, Reaching safepoint: 35828 ns, Cleanup: 24195 ns, At safepoint: 35956 ns, Total: 95979 ns
[2025-05-08T12:32:33.187+0000][72][info ][safepoint   ] Safepoint "Cleanup", Time since last: 2000825067 ns, Reaching safepoint: 26702 ns, Cleanup: 16782 ns, At safepoint: 9131 ns, Total: 52615 ns
[2025-05-08T12:32:37.818+0000][72][info ][safepoint   ] Safepoint "Cleanup", Time since last: 4630109174 ns, Reaching safepoint: 517806 ns, Cleanup: 23439 ns, At safepoint: 162043 ns, Total: 703288 ns
[2025-05-08T12:32:39.528+0000][72][info ][safepoint   ] Safepoint "Cleanup", Time since last: 1709286988 ns, Reaching safepoint: 36008 ns, Cleanup: 29061 ns, At safepoint: 17987 ns, Total: 83056 ns
[2025-05-08T12:32:50.200+0000][72][info ][safepoint   ] Safepoint "Cleanup", Time since last: 10672393589 ns, Reaching safepoint: 65838 ns, Cleanup: 18865 ns, At safepoint: 11948 ns, Total: 96651 ns
[2025-05-08T12:32:53.201+0000][72][info ][safepoint   ] Safepoint "Cleanup", Time since last: 3000968632 ns, Reaching safepoint: 42113 ns, Cleanup: 25008 ns, At safepoint: 16736 ns, Total: 83857 ns
[2025-05-08T12:32:56.202+0000][72][info ][safepoint   ] Safepoint "Cleanup", Time since last: 3000956154 ns, Reaching safepoint: 34907 ns, Cleanup: 18311 ns, At safepoint: 12058 ns, Total: 65276 ns
[2025-05-08T12:32:59.203+0000][72][info ][safepoint   ] Safepoint "Cleanup", Time since last: 3001061423 ns, Reaching safepoint: 32954 ns, Cleanup: 16801 ns, At safepoint: 12845 ns, Total: 62600 ns
[2025-05-08T12:33:04.202+0000][72][info ][safepoint   ] Safepoint "Cleanup", Time since last: 5001569145 ns, Reaching safepoint: 35862 ns, Cleanup: 17989 ns, At safepoint: 16192 ns, Total: 70043 ns
[2025-05-08T12:33:11.204+0000][72][info ][safepoint   ] Safepoint "Cleanup", Time since last: 7001800456 ns, Reaching safepoint: 80458 ns, Cleanup: 19560 ns, At safepoint: 16195 ns, Total: 116213 ns
[2025-05-08T12:33:18.206+0000][72][info ][safepoint   ] Safepoint "Cleanup", Time since last: 7001634776 ns, Reaching safepoint: 38803 ns, Cleanup: 25662 ns, At safepoint: 17840 ns, Total: 82305 ns
[2025-05-08T12:33:20.207+0000][72][info ][safepoint   ] Safepoint "Cleanup", Time since last: 2000954216 ns, Reaching safepoint: 40571 ns, Cleanup: 19017 ns, At safepoint: 17139 ns, Total: 76727 ns
[2025-05-08T12:33:26.208+0000][72][info ][safepoint   ] Safepoint "Cleanup", Time since last: 6001398654 ns, Reaching safepoint: 84651 ns, Cleanup: 23614 ns, At safepoint: 17263 ns, Total: 125528 ns
[2025-05-08T12:33:31.207+0000][72][info ][safepoint   ] Safepoint "Cleanup", Time since last: 5001643222 ns, Reaching safepoint: 21727 ns, Cleanup: 15271 ns, At safepoint: 9020 ns, Total: 46018 ns
[2025-05-08T12:33:38.209+0000][72][info ][safepoint   ] Safepoint "Cleanup", Time since last: 7001734360 ns, Reaching safepoint: 77173 ns, Cleanup: 23553 ns, At safepoint: 13232 ns, Total: 113958 ns
[2025-05-08T12:33:40.778+0000][72][info ][safepoint   ] Safepoint "Cleanup", Time since last: 2568823421 ns, Reaching safepoint: 8457 ns, Cleanup: 14099 ns, At safepoint: 4087 ns, Total: 26643 ns
[2025-05-08T12:33:42.231+0000][72][info ][safepoint   ] Safepoint "Cleanup", Time since last: 1453574093 ns, Reaching safepoint: 13910 ns, Cleanup: 33952 ns, At safepoint: 23044 ns, Total: 70906 ns
[2025-05-08T12:33:43.793+0000][72][info ][safepoint   ] Safepoint "Cleanup", Time since last: 1562003187 ns, Reaching safepoint: 12363 ns, Cleanup: 13345 ns, At safepoint: 20630 ns, Total: 46338 ns
[2025-05-08T12:33:45.612+0000][72][info ][safepoint   ] Safepoint "Cleanup", Time since last: 1818538530 ns, Reaching safepoint: 30804 ns, Cleanup: 17402 ns, At safepoint: 10903 ns, Total: 59109 ns
[2025-05-08T12:33:46.775+0000][72][info ][safepoint   ] Safepoint "Cleanup", Time since last: 1162869943 ns, Reaching safepoint: 116989 ns, Cleanup: 14582 ns, At safepoint: 50598 ns, Total: 182169 ns
[2025-05-08T12:33:48.651+0000][72][info ][safepoint   ] Safepoint "Cleanup", Time since last: 1876267161 ns, Reaching safepoint: 37143 ns, Cleanup: 44057 ns, At safepoint: 13643 ns, Total: 94843 ns
[2025-05-08T12:33:53.653+0000][72][info ][safepoint   ] Safepoint "Cleanup", Time since last: 5001421822 ns, Reaching safepoint: 93361 ns, Cleanup: 17281 ns, At safepoint: 9002 ns, Total: 119644 ns
[2025-05-08T12:33:55.654+0000][72][info ][safepoint   ] Safepoint "Cleanup", Time since last: 2000775992 ns, Reaching safepoint: 134699 ns, Cleanup: 20047 ns, At safepoint: 11714 ns, Total: 166460 ns
[2025-05-08T12:33:56.655+0000][72][info ][safepoint   ] Safepoint "Cleanup", Time since last: 1000672155 ns, Reaching safepoint: 32736 ns, Cleanup: 21818 ns, At safepoint: 36786 ns, Total: 91340 ns
[2025-05-08T12:34:05.452+0000][72][info ][safepoint   ] Safepoint "Cleanup", Time since last: 8800194263 ns, Reaching safepoint: 8265 ns, Cleanup: 10007 ns, At safepoint: 18153 ns, Total: 36425 ns
[2025-05-08T12:34:07.368+0000][72][info ][safepoint   ] Safepoint "Cleanup", Time since last: 1915754892 ns, Reaching safepoint: 69224 ns, Cleanup: 25815 ns, At safepoint: 11905 ns, Total: 106944 ns
[2025-05-08T12:34:19.370+0000][72][info ][safepoint   ] Safepoint "Cleanup", Time since last: 12002242732 ns, Reaching safepoint: 33599 ns, Cleanup: 20049 ns, At safepoint: 12288 ns, Total: 65936 ns
[2025-05-08T12:34:21.372+0000][72][info ][safepoint   ] Safepoint "Cleanup", Time since last: 2001899072 ns, Reaching safepoint: 30860 ns, Cleanup: 23511 ns, At safepoint: 11675 ns, Total: 66046 ns
[2025-05-08T12:34:25.373+0000][72][info ][safepoint   ] Safepoint "Cleanup", Time since last: 4001197950 ns, Reaching safepoint: 76539 ns, Cleanup: 23564 ns, At safepoint: 18584 ns, Total: 118687 ns
[2025-05-08T12:34:26.374+0000][72][info ][safepoint   ] Safepoint "Cleanup", Time since last: 1000652625 ns, Reaching safepoint: 33885 ns, Cleanup: 28499 ns, At safepoint: 16187 ns, Total: 78571 ns
[2025-05-08T12:34:31.373+0000][72][info ][safepoint   ] Safepoint "Cleanup", Time since last: 5001372199 ns, Reaching safepoint: 33670 ns, Cleanup: 20228 ns, At safepoint: 15790 ns, Total: 69688 ns
[2025-05-08T12:34:36.374+0000][72][info ][safepoint   ] Safepoint "Cleanup", Time since last: 5001188409 ns, Reaching safepoint: 28315 ns, Cleanup: 16501 ns, At safepoint: 12174 ns, Total: 56990 ns
[2025-05-08T12:34:44.688+0000][72][info ][safepoint   ] Safepoint "Cleanup", Time since last: 8313967773 ns, Reaching safepoint: 16194 ns, Cleanup: 15559 ns, At safepoint: 22934 ns, Total: 54687 ns
[2025-05-08T12:34:45.719+0000][72][info ][safepoint   ] Safepoint "Cleanup", Time since last: 1030733510 ns, Reaching safepoint: 14965 ns, Cleanup: 61451 ns, At safepoint: 25059 ns, Total: 101475 ns
[2025-05-08T12:34:47.723+0000][72][info ][safepoint   ] Safepoint "Cleanup", Time since last: 2004150113 ns, Reaching safepoint: 37411 ns, Cleanup: 19177 ns, At safepoint: 16516 ns, Total: 73104 ns
[2025-05-08T12:34:51.725+0000][72][info ][safepoint   ] Safepoint "Cleanup", Time since last: 4001055511 ns, Reaching safepoint: 38149 ns, Cleanup: 25141 ns, At safepoint: 18072 ns, Total: 81362 ns
[2025-05-08T12:34:55.726+0000][72][info ][safepoint   ] Safepoint "Cleanup", Time since last: 4001213887 ns, Reaching safepoint: 125991 ns, Cleanup: 14373 ns, At safepoint: 7882 ns, Total: 148246 ns
[2025-05-08T12:34:56.727+0000][72][info ][safepoint   ] Safepoint "Cleanup", Time since last: 1000637228 ns, Reaching safepoint: 36659 ns, Cleanup: 18971 ns, At safepoint: 17347 ns, Total: 72977 ns
[2025-05-08T12:35:25.728+0000][72][info ][safepoint   ] Safepoint "Cleanup", Time since last: 29004718860 ns, Reaching safepoint: 75710 ns, Cleanup: 25019 ns, At safepoint: 16480 ns, Total: 117209 ns
[2025-05-08T12:35:30.730+0000][72][info ][safepoint   ] Safepoint "Cleanup", Time since last: 5001325622 ns, Reaching safepoint: 37274 ns, Cleanup: 22341 ns, At safepoint: 18321 ns, Total: 77936 ns
[2025-05-08T12:35:46.296+0000][72][info ][safepoint   ] Safepoint "Cleanup", Time since last: 15568751323 ns, Reaching safepoint: 27237 ns, Cleanup: 20761 ns, At safepoint: 11741 ns, Total: 59739 ns
[2025-05-08T12:35:47.747+0000][72][info ][safepoint   ] Safepoint "Cleanup", Time since last: 1450949694 ns, Reaching safepoint: 10963 ns, Cleanup: 17729 ns, At safepoint: 16840 ns, Total: 45532 ns
[2025-05-08T12:35:50.765+0000][72][info ][safepoint   ] Safepoint "Cleanup", Time since last: 3017922587 ns, Reaching safepoint: 24428 ns, Cleanup: 23242 ns, At safepoint: 9019 ns, Total: 56689 ns
[2025-05-08T12:36:10.766+0000][72][info ][safepoint   ] Safepoint "Cleanup", Time since last: 20003379480 ns, Reaching safepoint: 56821 ns, Cleanup: 15482 ns, At safepoint: 12645 ns, Total: 84948 ns
[2025-05-08T12:36:25.768+0000][72][info ][safepoint   ] Safepoint "Cleanup", Time since last: 15002607713 ns, Reaching safepoint: 56836 ns, Cleanup: 24388 ns, At safepoint: 11575 ns, Total: 92799 ns
[2025-05-08T12:36:26.769+0000][72][info ][safepoint   ] Safepoint "Cleanup", Time since last: 1000756546 ns, Reaching safepoint: 33476 ns, Cleanup: 20282 ns, At safepoint: 15682 ns, Total: 69440 ns
[2025-05-08T12:36:28.770+0000][72][info ][safepoint   ] Safepoint "Cleanup", Time since last: 2000849682 ns, Reaching safepoint: 34396 ns, Cleanup: 19576 ns, At safepoint: 16378 ns, Total: 70350 ns
[2025-05-08T12:36:31.769+0000][72][info ][safepoint   ] Safepoint "Cleanup", Time since last: 3001070469 ns, Reaching safepoint: 49877 ns, Cleanup: 25152 ns, At safepoint: 22087 ns, Total: 97116 ns
[2025-05-08T12:36:33.770+0000][72][info ][safepoint   ] Safepoint "Cleanup", Time since last: 2001012588 ns, Reaching safepoint: 33255 ns, Cleanup: 20750 ns, At safepoint: 14458 ns, Total: 68463 ns
[2025-05-08T12:36:40.772+0000][72][info ][safepoint   ] Safepoint "Cleanup", Time since last: 7001822289 ns, Reaching safepoint: 43151 ns, Cleanup: 14648 ns, At safepoint: 9294 ns, Total: 67093 ns
[2025-05-08T12:36:41.773+0000][72][info ][safepoint   ] Safepoint "Cleanup", Time since last: 1000907016 ns, Reaching safepoint: 35456 ns, Cleanup: 20392 ns, At safepoint: 17616 ns, Total: 73464 ns
[2025-05-08T12:36:49.780+0000][72][info ][safepoint   ] Safepoint "Cleanup", Time since last: 8006793063 ns, Reaching safepoint: 16190 ns, Cleanup: 26164 ns, At safepoint: 207280 ns, Total: 249634 ns
[2025-05-08T12:36:50.807+0000][72][info ][safepoint   ] Safepoint "Cleanup", Time since last: 1027012279 ns, Reaching safepoint: 15959 ns, Cleanup: 15143 ns, At safepoint: 68282 ns, Total: 99384 ns
[2025-05-08T12:36:53.845+0000][72][info ][safepoint   ] Safepoint "Cleanup", Time since last: 3038570476 ns, Reaching safepoint: 36091 ns, Cleanup: 23227 ns, At safepoint: 17199 ns, Total: 76517 ns
[2025-05-08T12:37:01.845+0000][72][info ][safepoint   ] Safepoint "Cleanup", Time since last: 8001928681 ns, Reaching safepoint: 58885 ns, Cleanup: 17250 ns, At safepoint: 12794 ns, Total: 88929 ns
[2025-05-08T12:37:07.846+0000][72][info ][safepoint   ] Safepoint "Cleanup", Time since last: 6001417416 ns, Reaching safepoint: 36859 ns, Cleanup: 18461 ns, At safepoint: 16029 ns, Total: 71349 ns
[2025-05-08T12:37:21.849+0000][72][info ][safepoint   ] Safepoint "Cleanup", Time since last: 14002821417 ns, Reaching safepoint: 38557 ns, Cleanup: 19689 ns, At safepoint: 16550 ns, Total: 74796 ns
[2025-05-08T12:37:25.850+0000][72][info ][safepoint   ] Safepoint "Cleanup", Time since last: 4001313689 ns, Reaching safepoint: 39125 ns, Cleanup: 28745 ns, At safepoint: 18590 ns, Total: 86460 ns
[2025-05-08T12:37:26.851+0000][72][info ][safepoint   ] Safepoint "Cleanup", Time since last: 1000736923 ns, Reaching safepoint: 56333 ns, Cleanup: 18696 ns, At safepoint: 8678 ns, Total: 83707 ns
[2025-05-08T12:37:28.852+0000][72][info ][safepoint   ] Safepoint "Cleanup", Time since last: 2000827088 ns, Reaching safepoint: 37446 ns, Cleanup: 22911 ns, At safepoint: 18959 ns, Total: 79316 ns
[2025-05-08T12:37:32.850+0000][72][info ][safepoint   ] Safepoint "Cleanup", Time since last: 4001116356 ns, Reaching safepoint: 27582 ns, Cleanup: 17327 ns, At safepoint: 11560 ns, Total: 56469 ns
[2025-05-08T12:37:33.851+0000][72][info ][safepoint   ] Safepoint "Cleanup", Time since last: 1000701169 ns, Reaching safepoint: 38188 ns, Cleanup: 19321 ns, At safepoint: 16319 ns, Total: 73828 ns
[2025-05-08T12:37:34.851+0000][72][info ][safepoint   ] Safepoint "Cleanup", Time since last: 1000648841 ns, Reaching safepoint: 36409 ns, Cleanup: 22224 ns, At safepoint: 15821 ns, Total: 74454 ns
[2025-05-08T12:37:35.852+0000][72][info ][safepoint   ] Safepoint "Cleanup", Time since last: 1000676605 ns, Reaching safepoint: 37909 ns, Cleanup: 20196 ns, At safepoint: 19375 ns, Total: 77480 ns
[2025-05-08T12:37:40.854+0000][72][info ][safepoint   ] Safepoint "Cleanup", Time since last: 5001436891 ns, Reaching safepoint: 33582 ns, Cleanup: 19739 ns, At safepoint: 17407 ns, Total: 70728 ns
[2025-05-08T12:37:51.360+0000][72][info ][safepoint   ] Safepoint "Cleanup", Time since last: 10506380236 ns, Reaching safepoint: 21041 ns, Cleanup: 13839 ns, At safepoint: 9206 ns, Total: 44086 ns
[2025-05-08T12:37:52.766+0000][72][info ][safepoint   ] Safepoint "Cleanup", Time since last: 1405366325 ns, Reaching safepoint: 14677 ns, Cleanup: 10837 ns, At safepoint: 37061 ns, Total: 62575 ns
[2025-05-08T12:37:53.805+0000][72][info ][safepoint   ] Safepoint "Cleanup", Time since last: 1039890139 ns, Reaching safepoint: 22120 ns, Cleanup: 15937 ns, At safepoint: 9463 ns, Total: 47520 ns
[2025-05-08T12:37:55.906+0000][72][info ][safepoint   ] Safepoint "Cleanup", Time since last: 2100427398 ns, Reaching safepoint: 35884 ns, Cleanup: 24094 ns, At safepoint: 16453 ns, Total: 76431 ns
[2025-05-08T12:38:05.904+0000][72][info ][safepoint   ] Safepoint "Cleanup", Time since last: 10002150830 ns, Reaching safepoint: 77929 ns, Cleanup: 19327 ns, At safepoint: 17232 ns, Total: 114488 ns
[2025-05-08T12:38:25.907+0000][72][info ][safepoint   ] Safepoint "Cleanup", Time since last: 20003723479 ns, Reaching safepoint: 36240 ns, Cleanup: 18964 ns, At safepoint: 17024 ns, Total: 72228 ns
[2025-05-08T12:38:26.908+0000][72][info ][safepoint   ] Safepoint "Cleanup", Time since last: 1000637593 ns, Reaching safepoint: 27595 ns, Cleanup: 16602 ns, At safepoint: 11886 ns, Total: 56083 ns
[2025-05-08T12:38:31.779+0000][72][info ][safepoint   ] Safepoint "Cleanup", Time since last: 4870867509 ns, Reaching safepoint: 87683 ns, Cleanup: 9136 ns, At safepoint: 16959 ns, Total: 113778 ns
[2025-05-08T12:38:32.948+0000][72][info ][safepoint   ] Safepoint "Cleanup", Time since last: 1169114464 ns, Reaching safepoint: 38988 ns, Cleanup: 24871 ns, At safepoint: 18073 ns, Total: 81932 ns
[2025-05-08T12:38:33.984+0000][72][info ][safepoint   ] Safepoint "Cleanup", Time since last: 1036255538 ns, Reaching safepoint: 22069 ns, Cleanup: 14396 ns, At safepoint: 8863 ns, Total: 45328 ns
[2025-05-08T12:38:46.761+0000][72][info ][safepoint   ] Safepoint "Cleanup", Time since last: 12776917234 ns, Reaching safepoint: 68840 ns, Cleanup: 20649 ns, At safepoint: 83648 ns, Total: 173137 ns
[2025-05-08T12:38:48.032+0000][72][info ][safepoint   ] Safepoint "Cleanup", Time since last: 1270652503 ns, Reaching safepoint: 22460 ns, Cleanup: 16368 ns, At safepoint: 10143 ns, Total: 48971 ns
[2025-05-08T12:38:50.065+0000][72][info ][safepoint   ] Safepoint "Cleanup", Time since last: 2033266275 ns, Reaching safepoint: 17039 ns, Cleanup: 23127 ns, At safepoint: 116563 ns, Total: 156729 ns
[2025-05-08T12:38:51.085+0000][72][info ][safepoint   ] Safepoint "Cleanup", Time since last: 1019168685 ns, Reaching safepoint: 38449 ns, Cleanup: 29626 ns, At safepoint: 20426 ns, Total: 88501 ns
[2025-05-08T12:38:52.128+0000][72][info ][safepoint   ] Safepoint "Cleanup", Time since last: 1043009745 ns, Reaching safepoint: 22038 ns, Cleanup: 14553 ns, At safepoint: 10121 ns, Total: 46712 ns
[2025-05-08T12:38:55.835+0000][72][info ][safepoint   ] Safepoint "Cleanup", Time since last: 3707679853 ns, Reaching safepoint: 88560 ns, Cleanup: 8331 ns, At safepoint: 28456 ns, Total: 125347 ns
[2025-05-08T12:38:57.191+0000][72][info ][safepoint   ] Safepoint "Cleanup", Time since last: 1355024850 ns, Reaching safepoint: 41552 ns, Cleanup: 36085 ns, At safepoint: 22985 ns, Total: 100622 ns
[2025-05-08T12:39:04.189+0000][72][info ][safepoint   ] Safepoint "Cleanup", Time since last: 7001638326 ns, Reaching safepoint: 25047 ns, Cleanup: 18132 ns, At safepoint: 10045 ns, Total: 53224 ns
[2025-05-08T12:39:05.190+0000][72][info ][safepoint   ] Safepoint "Cleanup", Time since last: 1000661858 ns, Reaching safepoint: 43607 ns, Cleanup: 26922 ns, At safepoint: 23060 ns, Total: 93589 ns
[2025-05-08T12:39:06.649+0000][72][info ][safepoint   ] Safepoint "Cleanup", Time since last: 1458699403 ns, Reaching safepoint: 37986 ns, Cleanup: 24531 ns, At safepoint: 17405 ns, Total: 79922 ns
[2025-05-08T12:39:21.652+0000][72][info ][safepoint   ] Safepoint "Cleanup", Time since last: 15002835952 ns, Reaching safepoint: 84370 ns, Cleanup: 20921 ns, At safepoint: 17677 ns, Total: 122968 ns
[2025-05-08T12:39:25.653+0000][72][info ][safepoint   ] Safepoint "Cleanup", Time since last: 4001166558 ns, Reaching safepoint: 40665 ns, Cleanup: 22207 ns, At safepoint: 17008 ns, Total: 79880 ns
[2025-05-08T12:39:32.652+0000][72][info ][safepoint   ] Safepoint "Cleanup", Time since last: 7001612118 ns, Reaching safepoint: 41794 ns, Cleanup: 15986 ns, At safepoint: 11190 ns, Total: 68970 ns
[2025-05-08T12:39:36.653+0000][72][info ][safepoint   ] Safepoint "Cleanup", Time since last: 4000992067 ns, Reaching safepoint: 24090 ns, Cleanup: 17706 ns, At safepoint: 8635 ns, Total: 50431 ns
[2025-05-08T12:39:53.427+0000][72][info ][safepoint   ] Safepoint "Cleanup", Time since last: 16774093537 ns, Reaching safepoint: 59995 ns, Cleanup: 20990 ns, At safepoint: 11683 ns, Total: 92668 ns
[2025-05-08T12:39:58.768+0000][72][info ][safepoint   ] Safepoint "Cleanup", Time since last: 5340638732 ns, Reaching safepoint: 96695 ns, Cleanup: 9994 ns, At safepoint: 38424 ns, Total: 145113 ns
[2025-05-08T12:40:00.249+0000][72][info ][safepoint   ] Safepoint "Cleanup", Time since last: 1480797961 ns, Reaching safepoint: 37761 ns, Cleanup: 33359 ns, At safepoint: 17976 ns, Total: 89096 ns
[2025-05-08T12:40:01.247+0000][72][info ][safepoint   ] Safepoint "Cleanup", Time since last: 1000814042 ns, Reaching safepoint: 24632 ns, Cleanup: 14787 ns, At safepoint: 29572 ns, Total: 68991 ns
[2025-05-08T12:40:02.248+0000][72][info ][safepoint   ] Safepoint "Cleanup", Time since last: 1000670997 ns, Reaching safepoint: 20667 ns, Cleanup: 14873 ns, At safepoint: 10005 ns, Total: 45545 ns
[2025-05-08T12:40:11.250+0000][72][info ][safepoint   ] Safepoint "Cleanup", Time since last: 9002057949 ns, Reaching safepoint: 31350 ns, Cleanup: 21115 ns, At safepoint: 12309 ns, Total: 64774 ns
[2025-05-08T12:40:14.251+0000][72][info ][safepoint   ] Safepoint "Cleanup", Time since last: 3000902896 ns, Reaching safepoint: 39533 ns, Cleanup: 22975 ns, At safepoint: 117468 ns, Total: 179976 ns
[2025-05-08T12:40:23.253+0000][72][info ][safepoint   ] Safepoint "Cleanup", Time since last: 9001871459 ns, Reaching safepoint: 63498 ns, Cleanup: 23626 ns, At safepoint: 10573 ns, Total: 97697 ns
[2025-05-08T12:40:26.254+0000][72][info ][safepoint   ] Safepoint "Cleanup", Time since last: 3000958497 ns, Reaching safepoint: 35312 ns, Cleanup: 27275 ns, At safepoint: 66665 ns, Total: 129252 ns
[2025-05-08T12:40:46.459+0000][72][info ][safepoint   ] Safepoint "Cleanup", Time since last: 20207570200 ns, Reaching safepoint: 80693 ns, Cleanup: 21580 ns, At safepoint: 14990 ns, Total: 117263 ns
[2025-05-08T12:41:02.306+0000][72][info ][safepoint   ] Safepoint "Cleanup", Time since last: 15850401630 ns, Reaching safepoint: 7110 ns, Cleanup: 9243 ns, At safepoint: 3872 ns, Total: 20225 ns
[2025-05-08T12:41:06.307+0000][72][info ][safepoint   ] Safepoint "Cleanup", Time since last: 4001021038 ns, Reaching safepoint: 37199 ns, Cleanup: 20353 ns, At safepoint: 18692 ns, Total: 76244 ns
[2025-05-08T12:41:07.308+0000][72][info ][safepoint   ] Safepoint "Cleanup", Time since last: 1000708776 ns, Reaching safepoint: 39642 ns, Cleanup: 25974 ns, At safepoint: 19891 ns, Total: 85507 ns
[2025-05-08T12:41:20.311+0000][72][info ][safepoint   ] Safepoint "Cleanup", Time since last: 13002339949 ns, Reaching safepoint: 80672 ns, Cleanup: 19980 ns, At safepoint: 16674 ns, Total: 117326 ns
[2025-05-08T12:41:21.311+0000][72][info ][safepoint   ] Safepoint "Cleanup", Time since last: 1000660347 ns, Reaching safepoint: 36385 ns, Cleanup: 19483 ns, At safepoint: 16915 ns, Total: 72783 ns
[2025-05-08T12:41:23.312+0000][72][info ][safepoint   ] Safepoint "Cleanup", Time since last: 2000797057 ns, Reaching safepoint: 36195 ns, Cleanup: 20547 ns, At safepoint: 18459 ns, Total: 75201 ns
[2025-05-08T12:41:25.313+0000][72][info ][safepoint   ] Safepoint "Cleanup", Time since last: 2000941392 ns, Reaching safepoint: 27381 ns, Cleanup: 16772 ns, At safepoint: 11747 ns, Total: 55900 ns
[2025-05-08T12:41:26.314+0000][72][info ][safepoint   ] Safepoint "Cleanup", Time since last: 1000625372 ns, Reaching safepoint: 25794 ns, Cleanup: 18317 ns, At safepoint: 11922 ns, Total: 56033 ns
[2025-05-08T12:41:27.314+0000][72][info ][safepoint   ] Safepoint "Cleanup", Time since last: 1000561713 ns, Reaching safepoint: 37468 ns, Cleanup: 20112 ns, At safepoint: 17964 ns, Total: 75544 ns
[2025-05-08T12:41:33.314+0000][72][info ][safepoint   ] Safepoint "Cleanup", Time since last: 6001269005 ns, Reaching safepoint: 26593 ns, Cleanup: 16657 ns, At safepoint: 10362 ns, Total: 53612 ns
[2025-05-08T12:41:47.492+0000][72][info ][safepoint   ] Safepoint "Cleanup", Time since last: 14178686065 ns, Reaching safepoint: 47128 ns, Cleanup: 16800 ns, At safepoint: 10775 ns, Total: 74703 ns
[2025-05-08T12:41:51.494+0000][72][info ][safepoint   ] Safepoint "Cleanup", Time since last: 4001030612 ns, Reaching safepoint: 42847 ns, Cleanup: 23238 ns, At safepoint: 20529 ns, Total: 86614 ns
[2025-05-08T12:41:56.495+0000][72][info ][safepoint   ] Safepoint "Cleanup", Time since last: 5001436143 ns, Reaching safepoint: 34152 ns, Cleanup: 17971 ns, At safepoint: 14716 ns, Total: 66839 ns
[2025-05-08T12:42:05.332+0000][72][info ][safepoint   ] Safepoint "Cleanup", Time since last: 8839846785 ns, Reaching safepoint: 17730 ns, Cleanup: 19150 ns, At safepoint: 119930 ns, Total: 156810 ns
[2025-05-08T12:42:07.365+0000][72][info ][safepoint   ] Safepoint "Cleanup", Time since last: 2032569266 ns, Reaching safepoint: 126412 ns, Cleanup: 29049 ns, At safepoint: 22851 ns, Total: 178312 ns
[2025-05-08T12:42:17.367+0000][72][info ][safepoint   ] Safepoint "Cleanup", Time since last: 10002029403 ns, Reaching safepoint: 32105 ns, Cleanup: 98615 ns, At safepoint: 20081 ns, Total: 150801 ns
[2025-05-08T12:42:23.369+0000][72][info ][safepoint   ] Safepoint "Cleanup", Time since last: 6001738434 ns, Reaching safepoint: 38694 ns, Cleanup: 26937 ns, At safepoint: 17099 ns, Total: 82730 ns
[2025-05-08T12:42:33.367+0000][72][info ][safepoint   ] Safepoint "Cleanup", Time since last: 10002110181 ns, Reaching safepoint: 69740 ns, Cleanup: 19257 ns, At safepoint: 12065 ns, Total: 101062 ns
[2025-05-08T12:42:41.369+0000][72][info ][safepoint   ] Safepoint "Cleanup", Time since last: 8001695011 ns, Reaching safepoint: 20274 ns, Cleanup: 14678 ns, At safepoint: 10284 ns, Total: 45236 ns
[2025-05-08T12:42:44.524+0000][72][info ][safepoint   ] Safepoint "Cleanup", Time since last: 3155293852 ns, Reaching safepoint: 34246 ns, Cleanup: 18786 ns, At safepoint: 16069 ns, Total: 69101 ns
[2025-05-08T12:42:48.526+0000][72][info ][safepoint   ] Safepoint "Cleanup", Time since last: 4001239481 ns, Reaching safepoint: 67073 ns, Cleanup: 29441 ns, At safepoint: 35947 ns, Total: 132461 ns
[2025-05-08T12:42:56.528+0000][72][info ][safepoint   ] Safepoint "Cleanup", Time since last: 8001944058 ns, Reaching safepoint: 34299 ns, Cleanup: 19163 ns, At safepoint: 16165 ns, Total: 69627 ns
[2025-05-08T12:43:06.528+0000][72][info ][safepoint   ] Safepoint "Cleanup", Time since last: 10001938247 ns, Reaching safepoint: 198475 ns, Cleanup: 22352 ns, At safepoint: 25623 ns, Total: 246450 ns
[2025-05-08T12:43:11.421+0000][72][info ][safepoint   ] Safepoint "Cleanup", Time since last: 4892973817 ns, Reaching safepoint: 23539 ns, Cleanup: 19827 ns, At safepoint: 42566 ns, Total: 85932 ns
[2025-05-08T12:43:16.422+0000][72][info ][safepoint   ] Safepoint "Cleanup", Time since last: 5001234934 ns, Reaching safepoint: 54778 ns, Cleanup: 32390 ns, At safepoint: 21478 ns, Total: 108646 ns
[2025-05-08T12:43:25.424+0000][72][info ][safepoint   ] Safepoint "Cleanup", Time since last: 9002004885 ns, Reaching safepoint: 83975 ns, Cleanup: 21311 ns, At safepoint: 16121 ns, Total: 121407 ns
[2025-05-08T12:43:47.558+0000][72][info ][safepoint   ] Safepoint "Cleanup", Time since last: 22136501042 ns, Reaching safepoint: 35217 ns, Cleanup: 20261 ns, At safepoint: 16382 ns, Total: 71860 ns
[2025-05-08T12:43:49.801+0000][72][info ][safepoint   ] Safepoint "Cleanup", Time since last: 2242937530 ns, Reaching safepoint: 16176 ns, Cleanup: 19995 ns, At safepoint: 136707 ns, Total: 172878 ns
[2025-05-08T12:43:50.463+0000][72][info ][gc,start    ] GC(18) Pause Young (Prepare Mixed) (G1 Evacuation Pause)
[2025-05-08T12:43:50.464+0000][72][info ][gc,task     ] GC(18) Using 10 workers of 10 for evacuation
[2025-05-08T12:43:50.465+0000][72][debug][gc,age      ] GC(18) Desired survivor size 54525952 bytes, new threshold 15 (max threshold 15)
[2025-05-08T12:43:50.523+0000][72][info ][gc,phases   ] GC(18)   Pre Evacuate Collection Set: 4.52ms
[2025-05-08T12:43:50.523+0000][72][info ][gc,phases   ] GC(18)   Merge Heap Roots: 1.45ms
[2025-05-08T12:43:50.523+0000][72][info ][gc,phases   ] GC(18)   Evacuate Collection Set: 45.42ms
[2025-05-08T12:43:50.524+0000][72][info ][gc,phases   ] GC(18)   Post Evacuate Collection Set: 5.00ms
[2025-05-08T12:43:50.524+0000][72][info ][gc,phases   ] GC(18)   Other: 1.91ms
[2025-05-08T12:43:50.525+0000][72][trace][gc,age      ] GC(18) Age table with threshold 15 (max threshold 15)
[2025-05-08T12:43:50.525+0000][72][trace][gc,age      ] GC(18) - age   1:     907192 bytes,     907192 total
[2025-05-08T12:43:50.526+0000][72][trace][gc,age      ] GC(18) - age   2:      32272 bytes,     939464 total
[2025-05-08T12:43:50.526+0000][72][trace][gc,age      ] GC(18) - age   3:      37600 bytes,     977064 total
[2025-05-08T12:43:50.527+0000][72][trace][gc,age      ] GC(18) - age   4:    7477688 bytes,    8454752 total
[2025-05-08T12:43:50.527+0000][72][trace][gc,age      ] GC(18) - age   5:    2612584 bytes,   11067336 total
[2025-05-08T12:43:50.527+0000][72][info ][gc,heap     ] GC(18) Eden regions: 200->0(282)
[2025-05-08T12:43:50.528+0000][72][info ][gc,heap     ] GC(18) Survivor regions: 4->3(26)
[2025-05-08T12:43:50.528+0000][72][info ][gc,heap     ] GC(18) Old regions: 28->28
[2025-05-08T12:43:50.529+0000][72][info ][gc,heap     ] GC(18) Humongous regions: 0->0
[2025-05-08T12:43:50.530+0000][72][info ][gc,metaspace] GC(18) Metaspace: 147496K(151552K)->147496K(151552K) NonClass: 127379K(129536K)->127379K(129536K) Class: 20117K(22016K)->20117K(22016K)
[2025-05-08T12:43:50.530+0000][72][info ][gc          ] GC(18) Pause Young (Prepare Mixed) (G1 Evacuation Pause) 924M->123M(3880M) 66.893ms
[2025-05-08T12:43:50.531+0000][72][info ][gc,cpu      ] GC(18) User=0.49s Sys=0.00s Real=0.07s
[2025-05-08T12:43:50.531+0000][72][info ][safepoint   ] Safepoint "G1CollectForAllocation", Time since last: 661909303 ns, Reaching safepoint: 42891 ns, Cleanup: 12354 ns, At safepoint: 68506610 ns, Total: 68561855 ns
[2025-05-08T12:43:51.532+0000][72][info ][safepoint   ] Safepoint "Cleanup", Time since last: 1000487377 ns, Reaching safepoint: 309553 ns, Cleanup: 27445 ns, At safepoint: 86996 ns, Total: 423994 ns
[2025-05-08T12:43:52.754+0000][72][info ][safepoint   ] Safepoint "Cleanup", Time since last: 1221852960 ns, Reaching safepoint: 94466 ns, Cleanup: 11584 ns, At safepoint: 47622 ns, Total: 153672 ns
[2025-05-08T12:43:54.555+0000][72][info ][safepoint   ] Safepoint "Cleanup", Time since last: 1800821382 ns, Reaching safepoint: 38984 ns, Cleanup: 20318 ns, At safepoint: 18073 ns, Total: 77375 ns
[2025-05-08T12:43:56.556+0000][72][info ][safepoint   ] Safepoint "Cleanup", Time since last: 2000971362 ns, Reaching safepoint: 40182 ns, Cleanup: 25214 ns, At safepoint: 17765 ns, Total: 83161 ns
[2025-05-08T12:44:05.429+0000][72][info ][safepoint   ] Safepoint "Cleanup", Time since last: 8874874130 ns, Reaching safepoint: 21184 ns, Cleanup: 23851 ns, At safepoint: 80153 ns, Total: 125188 ns
[2025-05-08T12:44:06.894+0000][72][info ][safepoint   ] Safepoint "Cleanup", Time since last: 1464718243 ns, Reaching safepoint: 19148 ns, Cleanup: 18624 ns, At safepoint: 7992 ns, Total: 45764 ns
[2025-05-08T12:44:10.758+0000][72][info ][safepoint   ] Safepoint "Cleanup", Time since last: 3863022444 ns, Reaching safepoint: 319510 ns, Cleanup: 22438 ns, At safepoint: 235289 ns, Total: 577237 ns
[2025-05-08T12:44:12.586+0000][72][info ][safepoint   ] Safepoint "Cleanup", Time since last: 1828847761 ns, Reaching safepoint: 29310 ns, Cleanup: 22224 ns, At safepoint: 13624 ns, Total: 65158 ns
[2025-05-08T12:44:25.589+0000][72][info ][safepoint   ] Safepoint "Cleanup", Time since last: 13002596571 ns, Reaching safepoint: 74531 ns, Cleanup: 26592 ns, At safepoint: 12952 ns, Total: 114075 ns
[2025-05-08T12:44:32.588+0000][72][info ][safepoint   ] Safepoint "Cleanup", Time since last: 7001577414 ns, Reaching safepoint: 37044 ns, Cleanup: 21845 ns, At safepoint: 16956 ns, Total: 75845 ns
[2025-05-08T12:44:51.590+0000][72][info ][safepoint   ] Safepoint "Cleanup", Time since last: 19001852440 ns, Reaching safepoint: 85327 ns, Cleanup: 19986 ns, At safepoint: 16570 ns, Total: 121883 ns
[2025-05-08T12:44:53.591+0000][72][info ][safepoint   ] Safepoint "Cleanup", Time since last: 2000903131 ns, Reaching safepoint: 38204 ns, Cleanup: 19084 ns, At safepoint: 18688 ns, Total: 75976 ns
[2025-05-08T12:44:55.592+0000][72][info ][safepoint   ] Safepoint "Cleanup", Time since last: 2000877194 ns, Reaching safepoint: 41376 ns, Cleanup: 21121 ns, At safepoint: 19177 ns, Total: 81674 ns
[2025-05-08T12:44:56.593+0000][72][info ][safepoint   ] Safepoint "Cleanup", Time since last: 1000645753 ns, Reaching safepoint: 23416 ns, Cleanup: 13697 ns, At safepoint: 10554 ns, Total: 47667 ns
[2025-05-08T12:44:58.593+0000][72][info ][safepoint   ] Safepoint "Cleanup", Time since last: 2000804316 ns, Reaching safepoint: 28141 ns, Cleanup: 19905 ns, At safepoint: 11036 ns, Total: 59082 ns
[2025-05-08T12:45:06.593+0000][72][info ][safepoint   ] Safepoint "Cleanup", Time since last: 8002272939 ns, Reaching safepoint: 35967 ns, Cleanup: 18484 ns, At safepoint: 12423 ns, Total: 66874 ns
[2025-05-08T12:45:13.776+0000][72][info ][safepoint   ] Safepoint "Cleanup", Time since last: 7182308481 ns, Reaching safepoint: 14282 ns, Cleanup: 14410 ns, At safepoint: 25031 ns, Total: 53723 ns
[2025-05-08T12:45:15.636+0000][72][info ][safepoint   ] Safepoint "Cleanup", Time since last: 1860121715 ns, Reaching safepoint: 30557 ns, Cleanup: 59528 ns, At safepoint: 52185 ns, Total: 142270 ns
[2025-05-08T12:45:25.638+0000][72][info ][safepoint   ] Safepoint "Cleanup", Time since last: 10001944850 ns, Reaching safepoint: 53295 ns, Cleanup: 19486 ns, At safepoint: 9139 ns, Total: 81920 ns
[2025-05-08T12:45:26.639+0000][72][info ][safepoint   ] Safepoint "Cleanup", Time since last: 1000579603 ns, Reaching safepoint: 22997 ns, Cleanup: 16208 ns, At safepoint: 10476 ns, Total: 49681 ns
[2025-05-08T12:45:48.622+0000][72][info ][safepoint   ] Safepoint "Cleanup", Time since last: 21985933988 ns, Reaching safepoint: 60823 ns, Cleanup: 22297 ns, At safepoint: 104001 ns, Total: 187121 ns
[2025-05-08T12:45:56.624+0000][72][info ][safepoint   ] Safepoint "Cleanup", Time since last: 8001719441 ns, Reaching safepoint: 106503 ns, Cleanup: 18860 ns, At safepoint: 18323 ns, Total: 143686 ns
[2025-05-08T12:46:08.623+0000][72][info ][safepoint   ] Safepoint "Cleanup", Time since last: 12002267467 ns, Reaching safepoint: 54149 ns, Cleanup: 20457 ns, At safepoint: 12048 ns, Total: 86654 ns
[2025-05-08T12:46:16.625+0000][72][info ][safepoint   ] Safepoint "Cleanup", Time since last: 8001646489 ns, Reaching safepoint: 35615 ns, Cleanup: 18529 ns, At safepoint: 16363 ns, Total: 70507 ns
[2025-05-08T12:46:17.654+0000][72][info ][safepoint   ] Safepoint "Cleanup", Time since last: 1028888230 ns, Reaching safepoint: 18784 ns, Cleanup: 20322 ns, At safepoint: 39495 ns, Total: 78601 ns
[2025-05-08T12:46:25.680+0000][72][info ][safepoint   ] Safepoint "Cleanup", Time since last: 8025528436 ns, Reaching safepoint: 86499 ns, Cleanup: 33485 ns, At safepoint: 17945 ns, Total: 137929 ns
[2025-05-08T12:46:30.681+0000][72][info ][safepoint   ] Safepoint "Cleanup", Time since last: 5001285633 ns, Reaching safepoint: 34575 ns, Cleanup: 20266 ns, At safepoint: 16576 ns, Total: 71417 ns
[2025-05-08T12:46:56.657+0000][72][info ][safepoint   ] Safepoint "Cleanup", Time since last: 25978640629 ns, Reaching safepoint: 49031 ns, Cleanup: 14047 ns, At safepoint: 9224 ns, Total: 72302 ns
[2025-05-08T12:46:58.658+0000][72][info ][safepoint   ] Safepoint "Cleanup", Time since last: 2001127472 ns, Reaching safepoint: 23235 ns, Cleanup: 15618 ns, At safepoint: 9363 ns, Total: 48216 ns
[2025-05-08T12:47:19.767+0000][72][info ][safepoint   ] Safepoint "Cleanup", Time since last: 21111963553 ns, Reaching safepoint: 20105 ns, Cleanup: 25350 ns, At safepoint: 140347 ns, Total: 185802 ns
[2025-05-08T12:47:21.713+0000][72][info ][safepoint   ] Safepoint "Cleanup", Time since last: 1945792862 ns, Reaching safepoint: 20718 ns, Cleanup: 18017 ns, At safepoint: 9998 ns, Total: 48733 ns
[2025-05-08T12:47:25.714+0000][72][info ][safepoint   ] Safepoint "Cleanup", Time since last: 4001160409 ns, Reaching safepoint: 77386 ns, Cleanup: 24984 ns, At safepoint: 17055 ns, Total: 119425 ns
[2025-05-08T12:47:33.713+0000][72][info ][safepoint   ] Safepoint "Cleanup", Time since last: 8001721881 ns, Reaching safepoint: 36695 ns, Cleanup: 26403 ns, At safepoint: 16471 ns, Total: 79569 ns
[2025-05-08T12:47:48.688+0000][72][info ][safepoint   ] Safepoint "Cleanup", Time since last: 14974516423 ns, Reaching safepoint: 22566 ns, Cleanup: 39379 ns, At safepoint: 12320 ns, Total: 74265 ns
[2025-05-08T12:47:49.693+0000][72][info ][safepoint   ] Safepoint "Cleanup", Time since last: 1004753911 ns, Reaching safepoint: 35820 ns, Cleanup: 19069 ns, At safepoint: 16117 ns, Total: 71006 ns
[2025-05-08T12:47:53.694+0000][72][info ][safepoint   ] Safepoint "Cleanup", Time since last: 4001175384 ns, Reaching safepoint: 31537 ns, Cleanup: 20398 ns, At safepoint: 12289 ns, Total: 64224 ns
[2025-05-08T12:48:20.696+0000][72][info ][safepoint   ] Safepoint "Cleanup", Time since last: 27004487455 ns, Reaching safepoint: 88387 ns, Cleanup: 17951 ns, At safepoint: 19604 ns, Total: 125942 ns
[2025-05-08T12:48:22.755+0000][72][info ][safepoint   ] Safepoint "Cleanup", Time since last: 2059035688 ns, Reaching safepoint: 34921 ns, Cleanup: 12927 ns, At safepoint: 21574 ns, Total: 69422 ns
[2025-05-08T12:48:23.761+0000][72][info ][safepoint   ] Safepoint "Cleanup", Time since last: 1005383746 ns, Reaching safepoint: 8485 ns, Cleanup: 16068 ns, At safepoint: 3735 ns, Total: 28288 ns
[2025-05-08T12:48:25.762+0000][72][info ][safepoint   ] Safepoint "Cleanup", Time since last: 2001568182 ns, Reaching safepoint: 36429 ns, Cleanup: 31589 ns, At safepoint: 13868 ns, Total: 81886 ns
[2025-05-08T12:48:28.763+0000][72][info ][safepoint   ] Safepoint "Cleanup", Time since last: 3000977229 ns, Reaching safepoint: 110928 ns, Cleanup: 17262 ns, At safepoint: 39024 ns, Total: 167214 ns
[2025-05-08T12:48:29.764+0000][72][info ][safepoint   ] Safepoint "Cleanup", Time since last: 1001021371 ns, Reaching safepoint: 28578 ns, Cleanup: 16564 ns, At safepoint: 34754 ns, Total: 79896 ns
[2025-05-08T12:48:30.765+0000][72][info ][safepoint   ] Safepoint "Cleanup", Time since last: 1000649571 ns, Reaching safepoint: 34949 ns, Cleanup: 24238 ns, At safepoint: 16642 ns, Total: 75829 ns
[2025-05-08T12:48:39.765+0000][72][info ][safepoint   ] Safepoint "Cleanup", Time since last: 9002062585 ns, Reaching safepoint: 41889 ns, Cleanup: 27381 ns, At safepoint: 21095 ns, Total: 90365 ns
[2025-05-08T12:48:40.766+0000][72][info ][safepoint   ] Safepoint "Cleanup", Time since last: 1000685645 ns, Reaching safepoint: 30600 ns, Cleanup: 18585 ns, At safepoint: 12045 ns, Total: 61230 ns
[2025-05-08T12:48:45.719+0000][72][info ][safepoint   ] Safepoint "Cleanup", Time since last: 4953039968 ns, Reaching safepoint: 37049 ns, Cleanup: 23507 ns, At safepoint: 25237 ns, Total: 85793 ns
[2025-05-08T12:48:52.747+0000][72][info ][safepoint   ] Safepoint "Cleanup", Time since last: 7028129638 ns, Reaching safepoint: 9182 ns, Cleanup: 11233 ns, At safepoint: 17937 ns, Total: 38352 ns
[2025-05-08T12:48:55.758+0000][72][info ][safepoint   ] Safepoint "Cleanup", Time since last: 3010943710 ns, Reaching safepoint: 16355 ns, Cleanup: 13389 ns, At safepoint: 5750 ns, Total: 35494 ns
[2025-05-08T12:48:56.784+0000][72][info ][safepoint   ] Safepoint "Cleanup", Time since last: 1025675709 ns, Reaching safepoint: 187708 ns, Cleanup: 19372 ns, At safepoint: 110190 ns, Total: 317270 ns
[2025-05-08T12:48:57.813+0000][72][info ][safepoint   ] Safepoint "Cleanup", Time since last: 1029012572 ns, Reaching safepoint: 89948 ns, Cleanup: 20223 ns, At safepoint: 36142 ns, Total: 146313 ns
[2025-05-08T12:49:07.004+0000][72][info ][safepoint   ] Safepoint "Cleanup", Time since last: 9193796847 ns, Reaching safepoint: 29605 ns, Cleanup: 17393 ns, At safepoint: 13271 ns, Total: 60269 ns
[2025-05-08T12:49:23.007+0000][72][info ][safepoint   ] Safepoint "Cleanup", Time since last: 16002685912 ns, Reaching safepoint: 42710 ns, Cleanup: 23158 ns, At safepoint: 19840 ns, Total: 85708 ns
[2025-05-08T12:49:25.771+0000][72][info ][safepoint   ] Safepoint "Cleanup", Time since last: 2763754252 ns, Reaching safepoint: 142382 ns, Cleanup: 18277 ns, At safepoint: 111643 ns, Total: 272302 ns
[2025-05-08T12:49:26.802+0000][72][info ][safepoint   ] Safepoint "Cleanup", Time since last: 1031343177 ns, Reaching safepoint: 95429 ns, Cleanup: 28344 ns, At safepoint: 18217 ns, Total: 141990 ns
[2025-05-08T12:49:27.876+0000][72][info ][safepoint   ] Safepoint "Cleanup", Time since last: 1074035131 ns, Reaching safepoint: 9165 ns, Cleanup: 11933 ns, At safepoint: 3680 ns, Total: 24778 ns
[2025-05-08T12:49:41.880+0000][72][info ][safepoint   ] Safepoint "Cleanup", Time since last: 14005707218 ns, Reaching safepoint: 38093 ns, Cleanup: 19564 ns, At safepoint: 15921 ns, Total: 73578 ns
[2025-05-08T12:49:45.751+0000][72][info ][safepoint   ] Safepoint "Cleanup", Time since last: 3870768010 ns, Reaching safepoint: 62922 ns, Cleanup: 21136 ns, At safepoint: 14582 ns, Total: 98640 ns
[2025-05-08T12:49:48.752+0000][72][info ][safepoint   ] Safepoint "Cleanup", Time since last: 3001307422 ns, Reaching safepoint: 44890 ns, Cleanup: 22426 ns, At safepoint: 17597 ns, Total: 84913 ns
[2025-05-08T12:49:52.754+0000][72][info ][safepoint   ] Safepoint "Cleanup", Time since last: 4001203289 ns, Reaching safepoint: 22713 ns, Cleanup: 21708 ns, At safepoint: 10124 ns, Total: 54545 ns
[2025-05-08T12:49:55.755+0000][72][info ][safepoint   ] Safepoint "Cleanup", Time since last: 3001149230 ns, Reaching safepoint: 41802 ns, Cleanup: 20567 ns, At safepoint: 17710 ns, Total: 80079 ns
[2025-05-08T12:50:00.756+0000][72][info ][safepoint   ] Safepoint "Cleanup", Time since last: 5001312228 ns, Reaching safepoint: 65471 ns, Cleanup: 18256 ns, At safepoint: 13555 ns, Total: 97282 ns
[2025-05-08T12:50:04.754+0000][72][info ][safepoint   ] Safepoint "Cleanup", Time since last: 4001301023 ns, Reaching safepoint: 26241 ns, Cleanup: 15168 ns, At safepoint: 10961 ns, Total: 52370 ns
[2025-05-08T12:50:07.756+0000][72][info ][safepoint   ] Safepoint "Cleanup", Time since last: 3001520045 ns, Reaching safepoint: 39385 ns, Cleanup: 19860 ns, At safepoint: 18120 ns, Total: 77365 ns
[2025-05-08T12:50:20.759+0000][72][info ][safepoint   ] Safepoint "Cleanup", Time since last: 13002677916 ns, Reaching safepoint: 50374 ns, Cleanup: 16125 ns, At safepoint: 10222 ns, Total: 76721 ns
[2025-05-08T12:50:25.760+0000][72][info ][safepoint   ] Safepoint "Cleanup", Time since last: 5001324810 ns, Reaching safepoint: 40031 ns, Cleanup: 23202 ns, At safepoint: 18569 ns, Total: 81802 ns
[2025-05-08T12:50:28.900+0000][72][info ][safepoint   ] Safepoint "Cleanup", Time since last: 3139321715 ns, Reaching safepoint: 34455 ns, Cleanup: 22124 ns, At safepoint: 77094 ns, Total: 133673 ns
[2025-05-08T12:50:33.925+0000][72][info ][safepoint   ] Safepoint "Cleanup", Time since last: 5028029928 ns, Reaching safepoint: 75715 ns, Cleanup: 18859 ns, At safepoint: 17567 ns, Total: 112141 ns
[2025-05-08T12:50:35.926+0000][72][info ][safepoint   ] Safepoint "Cleanup", Time since last: 2001021893 ns, Reaching safepoint: 139269 ns, Cleanup: 23189 ns, At safepoint: 35535 ns, Total: 197993 ns
[2025-05-08T12:51:02.782+0000][72][info ][safepoint   ] Safepoint "Cleanup", Time since last: 26858076655 ns, Reaching safepoint: 85075 ns, Cleanup: 22820 ns, At safepoint: 18408 ns, Total: 126303 ns
[2025-05-08T12:51:03.783+0000][72][info ][safepoint   ] Safepoint "Cleanup", Time since last: 1000602983 ns, Reaching safepoint: 30748 ns, Cleanup: 19659 ns, At safepoint: 12482 ns, Total: 62889 ns
[2025-05-08T12:51:16.785+0000][72][info ][safepoint   ] Safepoint "Cleanup", Time since last: 13002555349 ns, Reaching safepoint: 72778 ns, Cleanup: 19804 ns, At safepoint: 17646 ns, Total: 110228 ns
[2025-05-08T12:51:25.787+0000][72][info ][safepoint   ] Safepoint "Cleanup", Time since last: 9001938503 ns, Reaching safepoint: 36143 ns, Cleanup: 27771 ns, At safepoint: 11392 ns, Total: 75306 ns
[2025-05-08T12:51:31.773+0000][72][info ][safepoint   ] Safepoint "Cleanup", Time since last: 5987986603 ns, Reaching safepoint: 8928 ns, Cleanup: 13922 ns, At safepoint: 15961 ns, Total: 38811 ns
[2025-05-08T12:51:32.984+0000][72][info ][safepoint   ] Safepoint "Cleanup", Time since last: 1211163089 ns, Reaching safepoint: 41686 ns, Cleanup: 21621 ns, At safepoint: 21414 ns, Total: 84721 ns
[2025-05-08T12:51:34.007+0000][72][info ][safepoint   ] Safepoint "Cleanup", Time since last: 1023313333 ns, Reaching safepoint: 34195 ns, Cleanup: 23894 ns, At safepoint: 15192 ns, Total: 73281 ns
[2025-05-08T12:51:37.008+0000][72][info ][safepoint   ] Safepoint "Cleanup", Time since last: 3001074290 ns, Reaching safepoint: 30378 ns, Cleanup: 17347 ns, At safepoint: 13605 ns, Total: 61330 ns
[2025-05-08T12:51:43.813+0000][72][info ][safepoint   ] Safepoint "Cleanup", Time since last: 6804933624 ns, Reaching safepoint: 32587 ns, Cleanup: 18088 ns, At safepoint: 15374 ns, Total: 66049 ns
[2025-05-08T12:51:50.816+0000][72][info ][safepoint   ] Safepoint "Cleanup", Time since last: 7001919763 ns, Reaching safepoint: 266087 ns, Cleanup: 22248 ns, At safepoint: 22972 ns, Total: 311307 ns
[2025-05-08T12:51:52.818+0000][72][info ][safepoint   ] Safepoint "Cleanup", Time since last: 2001899289 ns, Reaching safepoint: 42459 ns, Cleanup: 55231 ns, At safepoint: 19134 ns, Total: 116824 ns
[2025-05-08T12:51:55.819+0000][72][info ][safepoint   ] Safepoint "Cleanup", Time since last: 3000909058 ns, Reaching safepoint: 26395 ns, Cleanup: 20342 ns, At safepoint: 9542 ns, Total: 56279 ns
[2025-05-08T12:52:32.820+0000][72][info ][safepoint   ] Safepoint "Cleanup", Time since last: 37006545521 ns, Reaching safepoint: 39450 ns, Cleanup: 23348 ns, At safepoint: 13132 ns, Total: 75930 ns
[2025-05-08T12:53:03.846+0000][72][info ][safepoint   ] Safepoint "Cleanup", Time since last: 31028866844 ns, Reaching safepoint: 167863 ns, Cleanup: 24267 ns, At safepoint: 68304 ns, Total: 260434 ns
[2025-05-08T12:53:05.847+0000][72][info ][safepoint   ] Safepoint "Cleanup", Time since last: 2000996408 ns, Reaching safepoint: 138541 ns, Cleanup: 23304 ns, At safepoint: 21704 ns, Total: 183549 ns
[2025-05-08T12:53:13.850+0000][72][info ][safepoint   ] Safepoint "Cleanup", Time since last: 8001969823 ns, Reaching safepoint: 39237 ns, Cleanup: 23319 ns, At safepoint: 19622 ns, Total: 82178 ns
[2025-05-08T12:53:34.762+0000][72][info ][safepoint   ] Safepoint "Cleanup", Time since last: 20914861732 ns, Reaching safepoint: 51268 ns, Cleanup: 12722 ns, At safepoint: 23210 ns, Total: 87200 ns
[2025-05-08T12:53:36.116+0000][72][info ][safepoint   ] Safepoint "Cleanup", Time since last: 1353362090 ns, Reaching safepoint: 28254 ns, Cleanup: 23738 ns, At safepoint: 11678 ns, Total: 63670 ns
[2025-05-08T12:53:37.150+0000][72][info ][safepoint   ] Safepoint "Cleanup", Time since last: 1033676503 ns, Reaching safepoint: 27020 ns, Cleanup: 19163 ns, At safepoint: 87891 ns, Total: 134074 ns
[2025-05-08T12:53:38.174+0000][72][info ][safepoint   ] Safepoint "Cleanup", Time since last: 1023983545 ns, Reaching safepoint: 396257 ns, Cleanup: 16163 ns, At safepoint: 159002 ns, Total: 571422 ns
[2025-05-08T12:53:42.184+0000][72][info ][safepoint   ] Safepoint "Cleanup", Time since last: 4010042149 ns, Reaching safepoint: 47744 ns, Cleanup: 24744 ns, At safepoint: 19124 ns, Total: 91612 ns
[2025-05-08T12:53:45.878+0000][72][info ][safepoint   ] Safepoint "Cleanup", Time since last: 3693930797 ns, Reaching safepoint: 31105 ns, Cleanup: 22221 ns, At safepoint: 12927 ns, Total: 66253 ns
[2025-05-08T12:53:48.879+0000][72][info ][safepoint   ] Safepoint "Cleanup", Time since last: 3001091228 ns, Reaching safepoint: 42809 ns, Cleanup: 22923 ns, At safepoint: 20577 ns, Total: 86309 ns
[2025-05-08T12:53:52.881+0000][72][info ][safepoint   ] Safepoint "Cleanup", Time since last: 4001205873 ns, Reaching safepoint: 85911 ns, Cleanup: 22585 ns, At safepoint: 18922 ns, Total: 127418 ns
[2025-05-08T12:53:55.776+0000][72][info ][safepoint   ] Safepoint "Cleanup", Time since last: 2895437160 ns, Reaching safepoint: 28252 ns, Cleanup: 19932 ns, At safepoint: 28894 ns, Total: 77078 ns
[2025-05-08T12:54:01.314+0000][72][info ][safepoint   ] Safepoint "Cleanup", Time since last: 5541349471 ns, Reaching safepoint: 40175 ns, Cleanup: 23211 ns, At safepoint: 16723 ns, Total: 80109 ns
[2025-05-08T12:54:03.315+0000][72][info ][safepoint   ] Safepoint "Cleanup", Time since last: 2000948942 ns, Reaching safepoint: 94318 ns, Cleanup: 19341 ns, At safepoint: 18369 ns, Total: 132028 ns
[2025-05-08T12:54:04.317+0000][72][info ][safepoint   ] Safepoint "Cleanup", Time since last: 1001025450 ns, Reaching safepoint: 86122 ns, Cleanup: 20511 ns, At safepoint: 35656 ns, Total: 142289 ns
[2025-05-08T12:54:06.200+0000][72][info ][safepoint   ] Safepoint "Cleanup", Time since last: 1883340488 ns, Reaching safepoint: 19860 ns, Cleanup: 26183 ns, At safepoint: 94213 ns, Total: 140256 ns
[2025-05-08T12:54:25.203+0000][72][info ][safepoint   ] Safepoint "Cleanup", Time since last: 19003288788 ns, Reaching safepoint: 57020 ns, Cleanup: 23471 ns, At safepoint: 10416 ns, Total: 90907 ns
[2025-05-08T12:54:28.204+0000][72][info ][safepoint   ] Safepoint "Cleanup", Time since last: 3000984877 ns, Reaching safepoint: 22222 ns, Cleanup: 16041 ns, At safepoint: 9448 ns, Total: 47711 ns
[2025-05-08T12:54:36.205+0000][72][info ][safepoint   ] Safepoint "Cleanup", Time since last: 8001983189 ns, Reaching safepoint: 64475 ns, Cleanup: 17771 ns, At safepoint: 12930 ns, Total: 95176 ns
[2025-05-08T12:54:40.751+0000][72][info ][safepoint   ] Safepoint "Cleanup", Time since last: 4545803578 ns, Reaching safepoint: 141720 ns, Cleanup: 9628 ns, At safepoint: 63601 ns, Total: 214949 ns
[2025-05-08T12:54:42.390+0000][72][info ][safepoint   ] Safepoint "Cleanup", Time since last: 1638882469 ns, Reaching safepoint: 26697 ns, Cleanup: 36240 ns, At safepoint: 9248 ns, Total: 72185 ns
[2025-05-08T12:55:25.914+0000][72][info ][safepoint   ] Safepoint "Cleanup", Time since last: 43527141460 ns, Reaching safepoint: 57726 ns, Cleanup: 19476 ns, At safepoint: 10823 ns, Total: 88025 ns
[2025-05-08T12:55:37.915+0000][72][info ][safepoint   ] Safepoint "Cleanup", Time since last: 12002554314 ns, Reaching safepoint: 57236 ns, Cleanup: 15333 ns, At safepoint: 12018 ns, Total: 84587 ns
[2025-05-08T12:55:42.916+0000][72][info ][safepoint   ] Safepoint "Cleanup", Time since last: 5001320862 ns, Reaching safepoint: 32894 ns, Cleanup: 18420 ns, At safepoint: 13320 ns, Total: 64634 ns
[2025-05-08T12:55:44.430+0000][72][info ][safepoint   ] Safepoint "Cleanup", Time since last: 1514129049 ns, Reaching safepoint: 89026 ns, Cleanup: 9896 ns, At safepoint: 31271 ns, Total: 130193 ns
[2025-05-08T12:56:42.435+0000][72][info ][safepoint   ] Safepoint "Cleanup", Time since last: 58010327053 ns, Reaching safepoint: 81795 ns, Cleanup: 19110 ns, At safepoint: 19963 ns, Total: 120868 ns
[2025-05-08T12:56:43.975+0000][72][info ][safepoint   ] Safepoint "Cleanup", Time since last: 1539655104 ns, Reaching safepoint: 34730 ns, Cleanup: 18795 ns, At safepoint: 12798 ns, Total: 66323 ns
[2025-05-08T12:56:46.787+0000][72][info ][safepoint   ] Safepoint "Cleanup", Time since last: 2812357528 ns, Reaching safepoint: 15447 ns, Cleanup: 12997 ns, At safepoint: 23713 ns, Total: 52157 ns
[2025-05-08T12:56:48.472+0000][72][info ][safepoint   ] Safepoint "Cleanup", Time since last: 1684830957 ns, Reaching safepoint: 40883 ns, Cleanup: 23738 ns, At safepoint: 16959 ns, Total: 81580 ns
[2025-05-08T12:56:56.474+0000][72][info ][safepoint   ] Safepoint "Cleanup", Time since last: 8001736334 ns, Reaching safepoint: 81397 ns, Cleanup: 26029 ns, At safepoint: 15225 ns, Total: 122651 ns
[2025-05-08T12:56:58.478+0000][72][info ][safepoint   ] Safepoint "Cleanup", Time since last: 2003188504 ns, Reaching safepoint: 28360 ns, Cleanup: 16203 ns, At safepoint: 11592 ns, Total: 56155 ns
[2025-05-08T12:57:03.476+0000][72][info ][safepoint   ] Safepoint "Cleanup", Time since last: 5001169910 ns, Reaching safepoint: 30957 ns, Cleanup: 19271 ns, At safepoint: 11204 ns, Total: 61432 ns
[2025-05-08T12:57:16.479+0000][72][info ][safepoint   ] Safepoint "Cleanup", Time since last: 13002828359 ns, Reaching safepoint: 93718 ns, Cleanup: 23976 ns, At safepoint: 22000 ns, Total: 139694 ns
[2025-05-08T12:57:21.481+0000][72][info ][safepoint   ] Safepoint "Cleanup", Time since last: 5001716787 ns, Reaching safepoint: 131571 ns, Cleanup: 21506 ns, At safepoint: 15770 ns, Total: 168847 ns
[2025-05-08T12:57:22.482+0000][72][info ][safepoint   ] Safepoint "Cleanup", Time since last: 1000533987 ns, Reaching safepoint: 140642 ns, Cleanup: 22248 ns, At safepoint: 43548 ns, Total: 206438 ns
[2025-05-08T12:57:25.484+0000][72][info ][safepoint   ] Safepoint "Cleanup", Time since last: 3001556114 ns, Reaching safepoint: 46465 ns, Cleanup: 15515 ns, At safepoint: 8290 ns, Total: 70270 ns
[2025-05-08T12:57:32.482+0000][72][info ][safepoint   ] Safepoint "Cleanup", Time since last: 7001335507 ns, Reaching safepoint: 49797 ns, Cleanup: 23881 ns, At safepoint: 23710 ns, Total: 97388 ns
[2025-05-08T12:57:33.483+0000][72][info ][safepoint   ] Safepoint "Cleanup", Time since last: 1000705165 ns, Reaching safepoint: 38749 ns, Cleanup: 20504 ns, At safepoint: 20124 ns, Total: 79377 ns
[2025-05-08T12:57:49.763+0000][72][info ][safepoint   ] Safepoint "Cleanup", Time since last: 16279301104 ns, Reaching safepoint: 147888 ns, Cleanup: 18788 ns, At safepoint: 232642 ns, Total: 399318 ns
[2025-05-08T12:57:51.515+0000][72][info ][safepoint   ] Safepoint "Cleanup", Time since last: 1752141948 ns, Reaching safepoint: 22235 ns, Cleanup: 40456 ns, At safepoint: 10928 ns, Total: 73619 ns
[2025-05-08T12:57:53.516+0000][72][info ][safepoint   ] Safepoint "Cleanup", Time since last: 2000800026 ns, Reaching safepoint: 27326 ns, Cleanup: 27732 ns, At safepoint: 11136 ns, Total: 66194 ns
[2025-05-08T12:58:03.515+0000][72][info ][safepoint   ] Safepoint "Cleanup", Time since last: 10001962871 ns, Reaching safepoint: 73276 ns, Cleanup: 18824 ns, At safepoint: 14092 ns, Total: 106192 ns
[2025-05-08T12:58:18.519+0000][72][info ][safepoint   ] Safepoint "Cleanup", Time since last: 15002980566 ns, Reaching safepoint: 98391 ns, Cleanup: 19374 ns, At safepoint: 12506 ns, Total: 130271 ns
[2025-05-08T12:58:52.760+0000][72][info ][safepoint   ] Safepoint "Cleanup", Time since last: 34244167723 ns, Reaching safepoint: 18732 ns, Cleanup: 11678 ns, At safepoint: 3792 ns, Total: 34202 ns
[2025-05-08T12:58:59.587+0000][72][info ][safepoint   ] Safepoint "Cleanup", Time since last: 6826853515 ns, Reaching safepoint: 63457 ns, Cleanup: 11042 ns, At safepoint: 19506 ns, Total: 94005 ns
[2025-05-08T12:59:01.762+0000][72][info ][safepoint   ] Safepoint "Cleanup", Time since last: 2177539636 ns, Reaching safepoint: 12823 ns, Cleanup: 12019 ns, At safepoint: 20376 ns, Total: 45218 ns
[2025-05-08T12:59:03.635+0000][72][info ][safepoint   ] Safepoint "Cleanup", Time since last: 1873382273 ns, Reaching safepoint: 40591 ns, Cleanup: 22082 ns, At safepoint: 11992 ns, Total: 74665 ns
[2025-05-08T12:59:04.636+0000][72][info ][safepoint   ] Safepoint "Cleanup", Time since last: 1000794045 ns, Reaching safepoint: 38118 ns, Cleanup: 19157 ns, At safepoint: 18543 ns, Total: 75818 ns
[2025-05-08T12:59:06.364+0000][72][info ][safepoint   ] Safepoint "Cleanup", Time since last: 1728008753 ns, Reaching safepoint: 16899 ns, Cleanup: 39344 ns, At safepoint: 92151 ns, Total: 148394 ns
[2025-05-08T12:59:07.366+0000][72][info ][safepoint   ] Safepoint "Cleanup", Time since last: 1001185649 ns, Reaching safepoint: 23326 ns, Cleanup: 17801 ns, At safepoint: 10476 ns, Total: 51603 ns
[2025-05-08T12:59:11.367+0000][72][info ][safepoint   ] Safepoint "Cleanup", Time since last: 4001194111 ns, Reaching safepoint: 150251 ns, Cleanup: 15444 ns, At safepoint: 69495 ns, Total: 235190 ns
[2025-05-08T12:59:46.070+0000][72][info ][safepoint   ] Safepoint "Cleanup", Time since last: 34705630427 ns, Reaching safepoint: 39297 ns, Cleanup: 18985 ns, At safepoint: 16163 ns, Total: 74445 ns
[2025-05-08T12:59:56.700+0000][72][info ][safepoint   ] Safepoint "Cleanup", Time since last: 10629159692 ns, Reaching safepoint: 19739 ns, Cleanup: 27845 ns, At safepoint: 99301 ns, Total: 146885 ns
[2025-05-08T13:00:00.703+0000][72][info ][safepoint   ] Safepoint "Cleanup", Time since last: 4003354113 ns, Reaching safepoint: 82190 ns, Cleanup: 26985 ns, At safepoint: 17389 ns, Total: 126564 ns
[2025-05-08T13:00:18.705+0000][72][info ][safepoint   ] Safepoint "Cleanup", Time since last: 18003789463 ns, Reaching safepoint: 53322 ns, Cleanup: 16564 ns, At safepoint: 10867 ns, Total: 80753 ns
[2025-05-08T13:00:22.707+0000][72][info ][safepoint   ] Safepoint "Cleanup", Time since last: 4001510327 ns, Reaching safepoint: 434111 ns, Cleanup: 18574 ns, At safepoint: 83232 ns, Total: 535917 ns
[2025-05-08T13:00:23.707+0000][72][info ][safepoint   ] Safepoint "Cleanup", Time since last: 1000657123 ns, Reaching safepoint: 47148 ns, Cleanup: 23554 ns, At safepoint: 18926 ns, Total: 89628 ns
[2025-05-08T13:00:25.708+0000][72][info ][safepoint   ] Safepoint "Cleanup", Time since last: 2000785377 ns, Reaching safepoint: 115241 ns, Cleanup: 14254 ns, At safepoint: 52059 ns, Total: 181554 ns
[2025-05-08T13:00:48.102+0000][72][info ][safepoint   ] Safepoint "Cleanup", Time since last: 22396213637 ns, Reaching safepoint: 86192 ns, Cleanup: 20307 ns, At safepoint: 19827 ns, Total: 126326 ns
[2025-05-08T13:00:58.745+0000][72][info ][safepoint   ] Safepoint "Cleanup", Time since last: 10643502127 ns, Reaching safepoint: 8568 ns, Cleanup: 11921 ns, At safepoint: 20530 ns, Total: 41019 ns
[2025-05-08T13:00:59.766+0000][72][info ][safepoint   ] Safepoint "Cleanup", Time since last: 1020875836 ns, Reaching safepoint: 19038 ns, Cleanup: 17579 ns, At safepoint: 26004 ns, Total: 62621 ns
[2025-05-08T13:01:08.766+0000][72][info ][safepoint   ] Safepoint "Cleanup", Time since last: 9002253084 ns, Reaching safepoint: 42668 ns, Cleanup: 30489 ns, At safepoint: 18877 ns, Total: 92034 ns
[2025-05-08T13:01:10.768+0000][72][info ][safepoint   ] Safepoint "Cleanup", Time since last: 2000987904 ns, Reaching safepoint: 36365 ns, Cleanup: 20796 ns, At safepoint: 15154 ns, Total: 72315 ns
[2025-05-08T13:01:35.769+0000][72][info ][safepoint   ] Safepoint "Cleanup", Time since last: 25004016311 ns, Reaching safepoint: 59352 ns, Cleanup: 18577 ns, At safepoint: 10133 ns, Total: 88062 ns
[2025-05-08T13:01:45.134+0000][72][info ][safepoint   ] Safepoint "Cleanup", Time since last: 9365024174 ns, Reaching safepoint: 76511 ns, Cleanup: 17237 ns, At safepoint: 32746 ns, Total: 126494 ns
[2025-05-08T13:01:53.136+0000][72][info ][safepoint   ] Safepoint "Cleanup", Time since last: 8001867575 ns, Reaching safepoint: 39136 ns, Cleanup: 31815 ns, At safepoint: 16732 ns, Total: 87683 ns
[2025-05-08T13:01:55.137+0000][72][info ][safepoint   ] Safepoint "Cleanup", Time since last: 2000962312 ns, Reaching safepoint: 36752 ns, Cleanup: 25511 ns, At safepoint: 17159 ns, Total: 79422 ns
[2025-05-08T13:01:59.138+0000][72][info ][safepoint   ] Safepoint "Cleanup", Time since last: 4001201098 ns, Reaching safepoint: 34733 ns, Cleanup: 18383 ns, At safepoint: 12274 ns, Total: 65390 ns
[2025-05-08T13:02:02.792+0000][72][info ][safepoint   ] Safepoint "Cleanup", Time since last: 3656599511 ns, Reaching safepoint: 19609 ns, Cleanup: 20773 ns, At safepoint: 10877 ns, Total: 51259 ns
[2025-05-08T13:02:13.835+0000][72][info ][safepoint   ] Safepoint "Cleanup", Time since last: 11042347684 ns, Reaching safepoint: 38285 ns, Cleanup: 19893 ns, At safepoint: 19624 ns, Total: 77802 ns
[2025-05-08T13:02:25.837+0000][72][info ][safepoint   ] Safepoint "Cleanup", Time since last: 12002583377 ns, Reaching safepoint: 78866 ns, Cleanup: 34216 ns, At safepoint: 15971 ns, Total: 129053 ns
[2025-05-08T13:02:32.837+0000][72][info ][safepoint   ] Safepoint "Cleanup", Time since last: 7001580034 ns, Reaching safepoint: 29077 ns, Cleanup: 16637 ns, At safepoint: 11137 ns, Total: 56851 ns
[2025-05-08T13:02:48.167+0000][72][info ][safepoint   ] Safepoint "Cleanup", Time since last: 15329430604 ns, Reaching safepoint: 79407 ns, Cleanup: 20904 ns, At safepoint: 17924 ns, Total: 118235 ns
[2025-05-08T13:03:04.754+0000][72][info ][safepoint   ] Safepoint "Cleanup", Time since last: 16590046962 ns, Reaching safepoint: 18891 ns, Cleanup: 19863 ns, At safepoint: 12519 ns, Total: 51273 ns
[2025-05-08T13:03:05.789+0000][72][info ][safepoint   ] Safepoint "Cleanup", Time since last: 1034753049 ns, Reaching safepoint: 43421 ns, Cleanup: 21309 ns, At safepoint: 19063 ns, Total: 83793 ns
[2025-05-08T13:03:06.891+0000][72][info ][safepoint   ] Safepoint "Cleanup", Time since last: 1102304948 ns, Reaching safepoint: 39196 ns, Cleanup: 24073 ns, At safepoint: 17749 ns, Total: 81018 ns
[2025-05-08T13:03:47.199+0000][72][info ][safepoint   ] Safepoint "Cleanup", Time since last: 40311062145 ns, Reaching safepoint: 39843 ns, Cleanup: 20558 ns, At safepoint: 19240 ns, Total: 79641 ns
[2025-05-08T13:03:51.201+0000][72][info ][safepoint   ] Safepoint "Cleanup", Time since last: 4001235146 ns, Reaching safepoint: 49175 ns, Cleanup: 15339 ns, At safepoint: 9260 ns, Total: 73774 ns
[2025-05-08T13:04:01.751+0000][72][info ][safepoint   ] Safepoint "Cleanup", Time since last: 10552570877 ns, Reaching safepoint: 17625 ns, Cleanup: 16224 ns, At safepoint: 23891 ns, Total: 57740 ns
[2025-05-08T13:04:02.931+0000][72][info ][safepoint   ] Safepoint "Cleanup", Time since last: 1179332875 ns, Reaching safepoint: 37562 ns, Cleanup: 31206 ns, At safepoint: 16825 ns, Total: 85593 ns
[2025-05-08T13:04:03.963+0000][72][info ][safepoint   ] Safepoint "Cleanup", Time since last: 1032327661 ns, Reaching safepoint: 29846 ns, Cleanup: 17534 ns, At safepoint: 15143 ns, Total: 62523 ns
[2025-05-08T13:04:05.982+0000][72][info ][safepoint   ] Safepoint "Cleanup", Time since last: 2018362213 ns, Reaching safepoint: 20927 ns, Cleanup: 14065 ns, At safepoint: 24734 ns, Total: 59726 ns
[2025-05-08T13:04:06.997+0000][72][info ][safepoint   ] Safepoint "Cleanup", Time since last: 1014822635 ns, Reaching safepoint: 34499 ns, Cleanup: 23705 ns, At safepoint: 12837 ns, Total: 71041 ns
[2025-05-08T13:04:17.040+0000][72][info ][safepoint   ] Safepoint "Cleanup", Time since last: 10043799151 ns, Reaching safepoint: 42218 ns, Cleanup: 22147 ns, At safepoint: 19897 ns, Total: 84262 ns
[2025-05-08T13:04:26.043+0000][72][info ][safepoint   ] Safepoint "Cleanup", Time since last: 9002153746 ns, Reaching safepoint: 200506 ns, Cleanup: 21287 ns, At safepoint: 106581 ns, Total: 328374 ns
[2025-05-08T13:04:38.692+0000][72][info ][safepoint   ] Safepoint "Cleanup", Time since last: 12652260262 ns, Reaching safepoint: 39846 ns, Cleanup: 21360 ns, At safepoint: 17916 ns, Total: 79122 ns
[2025-05-08T13:04:40.693+0000][72][info ][safepoint   ] Safepoint "Cleanup", Time since last: 2000893496 ns, Reaching safepoint: 32369 ns, Cleanup: 20337 ns, At safepoint: 12208 ns, Total: 64914 ns
[2025-05-08T13:04:46.232+0000][72][info ][safepoint   ] Safepoint "Cleanup", Time since last: 5538667239 ns, Reaching safepoint: 40487 ns, Cleanup: 21105 ns, At safepoint: 17147 ns, Total: 78739 ns
[2025-05-08T13:04:56.234+0000][72][info ][safepoint   ] Safepoint "Cleanup", Time since last: 10002188183 ns, Reaching safepoint: 58974 ns, Cleanup: 18394 ns, At safepoint: 10293 ns, Total: 87661 ns
[2025-05-08T13:05:11.082+0000][72][info ][safepoint   ] Safepoint "Cleanup", Time since last: 14850270550 ns, Reaching safepoint: 21403 ns, Cleanup: 16493 ns, At safepoint: 77721 ns, Total: 115617 ns
[2025-05-08T13:05:26.128+0000][72][info ][safepoint   ] Safepoint "Cleanup", Time since last: 15045726613 ns, Reaching safepoint: 43019 ns, Cleanup: 58660 ns, At safepoint: 15678 ns, Total: 117357 ns
[2025-05-08T13:05:27.129+0000][72][info ][safepoint   ] Safepoint "Cleanup", Time since last: 1000658223 ns, Reaching safepoint: 37493 ns, Cleanup: 25359 ns, At safepoint: 11325 ns, Total: 74177 ns
[2025-05-08T13:05:29.130+0000][72][info ][safepoint   ] Safepoint "Cleanup", Time since last: 2000880640 ns, Reaching safepoint: 40448 ns, Cleanup: 23580 ns, At safepoint: 19030 ns, Total: 83058 ns
[2025-05-08T13:06:13.768+0000][72][info ][safepoint   ] Safepoint "Cleanup", Time since last: 44646234712 ns, Reaching safepoint: 17870 ns, Cleanup: 13374 ns, At safepoint: 5316 ns, Total: 36560 ns
[2025-05-08T13:06:15.180+0000][72][info ][safepoint   ] Safepoint "Cleanup", Time since last: 1411689033 ns, Reaching safepoint: 39732 ns, Cleanup: 26800 ns, At safepoint: 18829 ns, Total: 85361 ns
[2025-05-08T13:06:18.181+0000][72][info ][safepoint   ] Safepoint "Cleanup", Time since last: 3001009543 ns, Reaching safepoint: 30101 ns, Cleanup: 17479 ns, At safepoint: 13151 ns, Total: 60731 ns
[2025-05-08T13:06:28.183+0000][72][info ][safepoint   ] Safepoint "Cleanup", Time since last: 10002031560 ns, Reaching safepoint: 98998 ns, Cleanup: 21829 ns, At safepoint: 19991 ns, Total: 140818 ns
[2025-05-08T13:06:43.183+0000][72][info ][safepoint   ] Safepoint "Cleanup", Time since last: 15003162324 ns, Reaching safepoint: 35799 ns, Cleanup: 19000 ns, At safepoint: 16743 ns, Total: 71542 ns
[2025-05-08T13:06:53.297+0000][72][info ][safepoint   ] Safepoint "Cleanup", Time since last: 10113734514 ns, Reaching safepoint: 80688 ns, Cleanup: 29477 ns, At safepoint: 37686 ns, Total: 147851 ns
[2025-05-08T13:07:03.296+0000][72][info ][safepoint   ] Safepoint "Cleanup", Time since last: 10002175780 ns, Reaching safepoint: 35764 ns, Cleanup: 18592 ns, At safepoint: 15664 ns, Total: 70020 ns
[2025-05-08T13:07:16.299+0000][72][info ][safepoint   ] Safepoint "Cleanup", Time since last: 13002610642 ns, Reaching safepoint: 38635 ns, Cleanup: 21218 ns, At safepoint: 18797 ns, Total: 78650 ns
[2025-05-08T13:07:18.245+0000][72][info ][safepoint   ] Safepoint "Cleanup", Time since last: 1945606893 ns, Reaching safepoint: 21331 ns, Cleanup: 16638 ns, At safepoint: 9629 ns, Total: 47598 ns
[2025-05-08T13:07:23.246+0000][72][info ][safepoint   ] Safepoint "Cleanup", Time since last: 5001294976 ns, Reaching safepoint: 79153 ns, Cleanup: 24623 ns, At safepoint: 31669 ns, Total: 135445 ns
[2025-05-08T13:07:25.247+0000][72][info ][safepoint   ] Safepoint "Cleanup", Time since last: 2001010023 ns, Reaching safepoint: 33775 ns, Cleanup: 18673 ns, At safepoint: 14947 ns, Total: 67395 ns
[2025-05-08T13:07:33.246+0000][72][info ][safepoint   ] Safepoint "Cleanup", Time since last: 8001887907 ns, Reaching safepoint: 97678 ns, Cleanup: 20343 ns, At safepoint: 13655 ns, Total: 131676 ns
[2025-05-08T13:07:36.248+0000][72][info ][safepoint   ] Safepoint "Cleanup", Time since last: 3001369609 ns, Reaching safepoint: 38687 ns, Cleanup: 21276 ns, At safepoint: 18281 ns, Total: 78244 ns
[2025-05-08T13:08:20.268+0000][72][info ][safepoint   ] Safepoint "Cleanup", Time since last: 44022926663 ns, Reaching safepoint: 18884 ns, Cleanup: 21309 ns, At safepoint: 93253 ns, Total: 133446 ns
[2025-05-08T13:08:26.303+0000][72][info ][safepoint   ] Safepoint "Cleanup", Time since last: 6034897581 ns, Reaching safepoint: 36317 ns, Cleanup: 18912 ns, At safepoint: 17015 ns, Total: 72244 ns
[2025-05-08T13:08:31.301+0000][72][info ][safepoint   ] Safepoint "Cleanup", Time since last: 5001365786 ns, Reaching safepoint: 38795 ns, Cleanup: 22865 ns, At safepoint: 17699 ns, Total: 79359 ns
[2025-05-08T13:08:32.314+0000][72][info ][safepoint   ] Safepoint "Cleanup", Time since last: 1012440246 ns, Reaching safepoint: 13430 ns, Cleanup: 411349 ns, At safepoint: 93320 ns, Total: 518099 ns
[2025-05-08T13:08:34.737+0000][72][info ][safepoint   ] Safepoint "Cleanup", Time since last: 2422311558 ns, Reaching safepoint: 18866 ns, Cleanup: 25019 ns, At safepoint: 75479 ns, Total: 119364 ns
[2025-05-08T13:08:35.810+0000][72][info ][safepoint   ] Safepoint "Cleanup", Time since last: 1073581951 ns, Reaching safepoint: 30626 ns, Cleanup: 90921 ns, At safepoint: 108682 ns, Total: 230229 ns
[2025-05-08T13:08:36.420+0000][72][info ][gc,start    ] GC(19) Pause Young (Mixed) (G1 Evacuation Pause)
[2025-05-08T13:08:36.421+0000][72][info ][gc,task     ] GC(19) Using 10 workers of 10 for evacuation
[2025-05-08T13:08:36.422+0000][72][debug][gc,age      ] GC(19) Desired survivor size 83886080 bytes, new threshold 15 (max threshold 15)
[2025-05-08T13:08:36.518+0000][72][info ][gc,phases   ] GC(19)   Pre Evacuate Collection Set: 5.93ms
[2025-05-08T13:08:36.518+0000][72][info ][gc,phases   ] GC(19)   Merge Heap Roots: 1.06ms
[2025-05-08T13:08:36.518+0000][72][info ][gc,phases   ] GC(19)   Evacuate Collection Set: 80.38ms
[2025-05-08T13:08:36.519+0000][72][info ][gc,phases   ] GC(19)   Post Evacuate Collection Set: 6.83ms
[2025-05-08T13:08:36.519+0000][72][info ][gc,phases   ] GC(19)   Other: 2.88ms
[2025-05-08T13:08:36.520+0000][72][trace][gc,age      ] GC(19) Age table with threshold 15 (max threshold 15)
[2025-05-08T13:08:36.520+0000][72][trace][gc,age      ] GC(19) - age   1:    1168944 bytes,    1168944 total
[2025-05-08T13:08:36.521+0000][72][trace][gc,age      ] GC(19) - age   2:      86000 bytes,    1254944 total
[2025-05-08T13:08:36.521+0000][72][trace][gc,age      ] GC(19) - age   3:      30880 bytes,    1285824 total
[2025-05-08T13:08:36.521+0000][72][trace][gc,age      ] GC(19) - age   4:      36904 bytes,    1322728 total
[2025-05-08T13:08:36.522+0000][72][trace][gc,age      ] GC(19) - age   5:    6851288 bytes,    8174016 total
[2025-05-08T13:08:36.522+0000][72][trace][gc,age      ] GC(19) - age   6:    2612464 bytes,   10786480 total
[2025-05-08T13:08:36.523+0000][72][info ][gc,heap     ] GC(19) Eden regions: 313->0(343)
[2025-05-08T13:08:36.523+0000][72][info ][gc,heap     ] GC(19) Survivor regions: 3->3(40)
[2025-05-08T13:08:36.523+0000][72][info ][gc,heap     ] GC(19) Old regions: 28->28
[2025-05-08T13:08:36.524+0000][72][info ][gc,heap     ] GC(19) Humongous regions: 0->0
[2025-05-08T13:08:36.525+0000][72][info ][gc,metaspace] GC(19) Metaspace: 148013K(152128K)->148013K(152128K) NonClass: 127895K(130112K)->127895K(130112K) Class: 20118K(22016K)->20118K(22016K)
[2025-05-08T13:08:36.525+0000][72][info ][gc          ] GC(19) Pause Young (Mixed) (G1 Evacuation Pause) 1375M->120M(3880M) 105.447ms
[2025-05-08T13:08:36.525+0000][72][info ][gc,cpu      ] GC(19) User=0.69s Sys=0.02s Real=0.10s
[2025-05-08T13:08:36.526+0000][72][info ][safepoint   ] Safepoint "G1CollectForAllocation", Time since last: 608733735 ns, Reaching safepoint: 19640 ns, Cleanup: 5648 ns, At safepoint: 106655462 ns, Total: 106680750 ns
[2025-05-08T13:08:37.738+0000][72][info ][safepoint   ] Safepoint "Cleanup", Time since last: 1212378157 ns, Reaching safepoint: 8749 ns, Cleanup: 14710 ns, At safepoint: 19356 ns, Total: 42815 ns
[2025-05-08T13:08:39.566+0000][72][info ][safepoint   ] Safepoint "Cleanup", Time since last: 1827296888 ns, Reaching safepoint: 36581 ns, Cleanup: 30447 ns, At safepoint: 17148 ns, Total: 84176 ns
[2025-05-08T13:08:43.358+0000][72][info ][safepoint   ] Safepoint "Cleanup", Time since last: 3792669716 ns, Reaching safepoint: 128085 ns, Cleanup: 20761 ns, At safepoint: 15490 ns, Total: 164336 ns
[2025-05-08T13:08:56.361+0000][72][info ][safepoint   ] Safepoint "Cleanup", Time since last: 13002693424 ns, Reaching safepoint: 75389 ns, Cleanup: 18020 ns, At safepoint: 17076 ns, Total: 110485 ns
[2025-05-08T13:09:03.358+0000][72][info ][safepoint   ] Safepoint "Cleanup", Time since last: 7001644615 ns, Reaching safepoint: 27756 ns, Cleanup: 18491 ns, At safepoint: 11358 ns, Total: 57605 ns
[2025-05-08T13:09:04.359+0000][72][info ][safepoint   ] Safepoint "Cleanup", Time since last: 1000765669 ns, Reaching safepoint: 43110 ns, Cleanup: 19852 ns, At safepoint: 18379 ns, Total: 81341 ns
[2025-05-08T13:09:05.581+0000][72][info ][safepoint   ] Safepoint "Cleanup", Time since last: 1221792264 ns, Reaching safepoint: 8197 ns, Cleanup: 11574 ns, At safepoint: 3580 ns, Total: 23351 ns
[2025-05-08T13:09:06.862+0000][72][info ][safepoint   ] Safepoint "Cleanup", Time since last: 1280970264 ns, Reaching safepoint: 35127 ns, Cleanup: 23775 ns, At safepoint: 12437 ns, Total: 71339 ns
[2025-05-08T13:09:08.619+0000][72][info ][safepoint   ] Safepoint "Cleanup", Time since last: 1757388505 ns, Reaching safepoint: 20198 ns, Cleanup: 25486 ns, At safepoint: 85626 ns, Total: 131310 ns
[2025-05-08T13:09:17.634+0000][72][info ][safepoint   ] Safepoint "Cleanup", Time since last: 9014926273 ns, Reaching safepoint: 36844 ns, Cleanup: 20310 ns, At safepoint: 16151 ns, Total: 73305 ns
[2025-05-08T13:09:19.635+0000][72][info ][safepoint   ] Safepoint "Cleanup", Time since last: 2000718804 ns, Reaching safepoint: 29121 ns, Cleanup: 19533 ns, At safepoint: 9740 ns, Total: 58394 ns
[2025-05-08T13:09:22.995+0000][72][info ][safepoint   ] Safepoint "Cleanup", Time since last: 3360020697 ns, Reaching safepoint: 11247 ns, Cleanup: 24615 ns, At safepoint: 23468 ns, Total: 59330 ns
[2025-05-08T13:09:24.697+0000][72][info ][safepoint   ] Safepoint "Cleanup", Time since last: 1702354825 ns, Reaching safepoint: 36944 ns, Cleanup: 18747 ns, At safepoint: 12639 ns, Total: 68330 ns
[2025-05-08T13:09:25.698+0000][72][info ][safepoint   ] Safepoint "Cleanup", Time since last: 1000600912 ns, Reaching safepoint: 197220 ns, Cleanup: 51446 ns, At safepoint: 200928 ns, Total: 449594 ns
[2025-05-08T13:09:33.699+0000][72][info ][safepoint   ] Safepoint "Cleanup", Time since last: 8001636274 ns, Reaching safepoint: 86070 ns, Cleanup: 19174 ns, At safepoint: 17540 ns, Total: 122784 ns
[2025-05-08T13:09:35.700+0000][72][info ][safepoint   ] Safepoint "Cleanup", Time since last: 2000724934 ns, Reaching safepoint: 29677 ns, Cleanup: 19304 ns, At safepoint: 12488 ns, Total: 61469 ns
[2025-05-08T13:09:36.952+0000][72][info ][safepoint   ] Safepoint "Cleanup", Time since last: 1251850076 ns, Reaching safepoint: 28709 ns, Cleanup: 18058 ns, At safepoint: 11751 ns, Total: 58518 ns
[2025-05-08T13:09:42.954+0000][72][info ][safepoint   ] Safepoint "Cleanup", Time since last: 6001773918 ns, Reaching safepoint: 38361 ns, Cleanup: 32439 ns, At safepoint: 13236 ns, Total: 84036 ns
[2025-05-08T13:10:03.392+0000][72][info ][safepoint   ] Safepoint "Cleanup", Time since last: 20441196008 ns, Reaching safepoint: 58290 ns, Cleanup: 14542 ns, At safepoint: 9608 ns, Total: 82440 ns
[2025-05-08T13:10:25.396+0000][72][info ][safepoint   ] Safepoint "Cleanup", Time since last: 22003987394 ns, Reaching safepoint: 34731 ns, Cleanup: 17426 ns, At safepoint: 11250 ns, Total: 63407 ns
[2025-05-08T13:10:26.729+0000][72][info ][safepoint   ] Safepoint "Cleanup", Time since last: 1332896797 ns, Reaching safepoint: 22025 ns, Cleanup: 15479 ns, At safepoint: 10002 ns, Total: 47506 ns
[2025-05-08T13:10:33.750+0000][72][info ][safepoint   ] Safepoint "Cleanup", Time since last: 7024091033 ns, Reaching safepoint: 86809 ns, Cleanup: 19557 ns, At safepoint: 19296 ns, Total: 125662 ns
[2025-05-08T13:11:23.428+0000][72][info ][safepoint   ] Safepoint "Cleanup", Time since last: 49680848974 ns, Reaching safepoint: 84651 ns, Cleanup: 19603 ns, At safepoint: 18809 ns, Total: 123063 ns
[2025-05-08T13:11:28.715+0000][72][info ][safepoint   ] Safepoint "Cleanup", Time since last: 5286880336 ns, Reaching safepoint: 20849 ns, Cleanup: 12228 ns, At safepoint: 23486 ns, Total: 56563 ns
[2025-05-08T13:11:51.459+0000][72][info ][safepoint   ] Safepoint "Cleanup", Time since last: 22746486988 ns, Reaching safepoint: 31299 ns, Cleanup: 19621 ns, At safepoint: 10035 ns, Total: 60955 ns
[2025-05-08T13:11:53.460+0000][72][info ][safepoint   ] Safepoint "Cleanup", Time since last: 2000733061 ns, Reaching safepoint: 28960 ns, Cleanup: 17130 ns, At safepoint: 12385 ns, Total: 58475 ns
[2025-05-08T13:12:26.463+0000][72][info ][safepoint   ] Safepoint "Cleanup", Time since last: 33005714516 ns, Reaching safepoint: 130220 ns, Cleanup: 23415 ns, At safepoint: 14175 ns, Total: 167810 ns
[2025-05-08T13:12:31.724+0000][72][info ][safepoint   ] Safepoint "Cleanup", Time since last: 5262999351 ns, Reaching safepoint: 1109257 ns, Cleanup: 22932 ns, At safepoint: 113720 ns, Total: 1245909 ns
[2025-05-08T13:12:32.749+0000][72][info ][safepoint   ] Safepoint "Cleanup", Time since last: 1025312780 ns, Reaching safepoint: 29608 ns, Cleanup: 20514 ns, At safepoint: 13305 ns, Total: 63427 ns
[2025-05-08T13:12:35.819+0000][72][info ][safepoint   ] Safepoint "Cleanup", Time since last: 3069324764 ns, Reaching safepoint: 39142 ns, Cleanup: 20603 ns, At safepoint: 19400 ns, Total: 79145 ns
[2025-05-08T13:12:55.491+0000][72][info ][safepoint   ] Safepoint "Cleanup", Time since last: 19672173466 ns, Reaching safepoint: 36003 ns, Cleanup: 21692 ns, At safepoint: 16234 ns, Total: 73929 ns
[2025-05-08T13:13:08.491+0000][72][info ][safepoint   ] Safepoint "Cleanup", Time since last: 13003105362 ns, Reaching safepoint: 97907 ns, Cleanup: 22521 ns, At safepoint: 13697 ns, Total: 134125 ns
[2025-05-08T13:13:25.495+0000][72][info ][safepoint   ] Safepoint "Cleanup", Time since last: 17003883287 ns, Reaching safepoint: 38657 ns, Cleanup: 20376 ns, At safepoint: 13087 ns, Total: 72120 ns
[2025-05-08T13:13:26.496+0000][72][info ][safepoint   ] Safepoint "Cleanup", Time since last: 1000838216 ns, Reaching safepoint: 35787 ns, Cleanup: 22592 ns, At safepoint: 15367 ns, Total: 73746 ns
[2025-05-08T13:13:33.481+0000][72][info ][safepoint   ] Safepoint "Cleanup", Time since last: 7001699923 ns, Reaching safepoint: 74010 ns, Cleanup: 15300 ns, At safepoint: 9677 ns, Total: 98987 ns
[2025-05-08T13:13:34.730+0000][72][info ][safepoint   ] Safepoint "Cleanup", Time since last: 1248673427 ns, Reaching safepoint: 11657 ns, Cleanup: 11816 ns, At safepoint: 17972 ns, Total: 41445 ns
[2025-05-08T13:13:35.843+0000][72][info ][safepoint   ] Safepoint "Cleanup", Time since last: 1112566553 ns, Reaching safepoint: 37986 ns, Cleanup: 31919 ns, At safepoint: 16353 ns, Total: 86258 ns
[2025-05-08T13:14:03.502+0000][72][info ][safepoint   ] Safepoint "Cleanup", Time since last: 27669248745 ns, Reaching safepoint: 604684 ns, Cleanup: 21631 ns, At safepoint: 20217 ns, Total: 646532 ns
[2025-05-08T13:14:06.503+0000][72][info ][safepoint   ] Safepoint "Cleanup", Time since last: 3001330075 ns, Reaching safepoint: 39233 ns, Cleanup: 19766 ns, At safepoint: 18087 ns, Total: 77086 ns
[2025-05-08T13:14:07.860+0000][72][info ][safepoint   ] Safepoint "Cleanup", Time since last: 1357124216 ns, Reaching safepoint: 24559 ns, Cleanup: 20425 ns, At safepoint: 158350 ns, Total: 203334 ns
[2025-05-08T13:14:10.680+0000][72][info ][safepoint   ] Safepoint "Cleanup", Time since last: 2819181416 ns, Reaching safepoint: 13616 ns, Cleanup: 15058 ns, At safepoint: 21796 ns, Total: 50470 ns
[2025-05-08T13:14:11.906+0000][72][info ][safepoint   ] Safepoint "Cleanup", Time since last: 1226535532 ns, Reaching safepoint: 30037 ns, Cleanup: 16228 ns, At safepoint: 11724 ns, Total: 57989 ns
[2025-05-08T13:14:25.926+0000][72][info ][safepoint   ] Safepoint "Cleanup", Time since last: 14020020223 ns, Reaching safepoint: 37786 ns, Cleanup: 24716 ns, At safepoint: 18078 ns, Total: 80580 ns
[2025-05-08T13:14:26.927+0000][72][info ][safepoint   ] Safepoint "Cleanup", Time since last: 1000688325 ns, Reaching safepoint: 69118 ns, Cleanup: 20058 ns, At safepoint: 18968 ns, Total: 108144 ns
[2025-05-08T13:14:28.928+0000][72][info ][safepoint   ] Safepoint "Cleanup", Time since last: 2000999974 ns, Reaching safepoint: 36159 ns, Cleanup: 18827 ns, At safepoint: 10360 ns, Total: 65346 ns
[2025-05-08T13:14:31.924+0000][72][info ][safepoint   ] Safepoint "Cleanup", Time since last: 3001031424 ns, Reaching safepoint: 38802 ns, Cleanup: 19366 ns, At safepoint: 17691 ns, Total: 75859 ns
[2025-05-08T13:14:33.925+0000][72][info ][safepoint   ] Safepoint "Cleanup", Time since last: 2000914816 ns, Reaching safepoint: 61907 ns, Cleanup: 17574 ns, At safepoint: 15015 ns, Total: 94496 ns
[2025-05-08T13:14:35.353+0000][72][info ][safepoint   ] Safepoint "Cleanup", Time since last: 1427836824 ns, Reaching safepoint: 27430 ns, Cleanup: 19343 ns, At safepoint: 67104 ns, Total: 113877 ns
[2025-05-08T13:14:36.378+0000][72][info ][safepoint   ] Safepoint "Cleanup", Time since last: 1025438666 ns, Reaching safepoint: 32503 ns, Cleanup: 20105 ns, At safepoint: 11795 ns, Total: 64403 ns
[2025-05-08T13:14:37.843+0000][72][info ][safepoint   ] Safepoint "Cleanup", Time since last: 1464898082 ns, Reaching safepoint: 50734 ns, Cleanup: 14299 ns, At safepoint: 28520 ns, Total: 93553 ns
[2025-05-08T13:14:38.959+0000][72][info ][safepoint   ] Safepoint "Cleanup", Time since last: 1115592737 ns, Reaching safepoint: 40268 ns, Cleanup: 19770 ns, At safepoint: 17733 ns, Total: 77771 ns
[2025-05-08T13:14:48.535+0000][72][info ][safepoint   ] Safepoint "Cleanup", Time since last: 9575524303 ns, Reaching safepoint: 35105 ns, Cleanup: 18483 ns, At safepoint: 17188 ns, Total: 70776 ns
[2025-05-08T13:15:03.530+0000][72][info ][safepoint   ] Safepoint "Cleanup", Time since last: 15003369193 ns, Reaching safepoint: 36722 ns, Cleanup: 17807 ns, At safepoint: 16951 ns, Total: 71480 ns
[2025-05-08T13:15:25.534+0000][72][info ][safepoint   ] Safepoint "Cleanup", Time since last: 22004130096 ns, Reaching safepoint: 109495 ns, Cleanup: 23269 ns, At safepoint: 21961 ns, Total: 154725 ns
[2025-05-08T13:15:26.535+0000][72][info ][safepoint   ] Safepoint "Cleanup", Time since last: 1000886603 ns, Reaching safepoint: 41814 ns, Cleanup: 36843 ns, At safepoint: 51374 ns, Total: 130031 ns
[2025-05-08T13:15:28.536+0000][72][info ][safepoint   ] Safepoint "Cleanup", Time since last: 2000938845 ns, Reaching safepoint: 36974 ns, Cleanup: 18096 ns, At safepoint: 18501 ns, Total: 73571 ns
[2025-05-08T13:15:40.695+0000][72][info ][safepoint   ] Safepoint "Cleanup", Time since last: 12162534244 ns, Reaching safepoint: 16361 ns, Cleanup: 13237 ns, At safepoint: 40039 ns, Total: 69637 ns
[2025-05-08T13:15:42.001+0000][72][info ][safepoint   ] Safepoint "Cleanup", Time since last: 1306260931 ns, Reaching safepoint: 26679 ns, Cleanup: 20490 ns, At safepoint: 10747 ns, Total: 57916 ns
[2025-05-08T13:15:48.561+0000][72][info ][safepoint   ] Safepoint "Cleanup", Time since last: 6559228695 ns, Reaching safepoint: 36402 ns, Cleanup: 20148 ns, At safepoint: 17453 ns, Total: 74003 ns
[2025-05-08T13:16:03.559+0000][72][info ][safepoint   ] Safepoint "Cleanup", Time since last: 15002838353 ns, Reaching safepoint: 30811 ns, Cleanup: 19119 ns, At safepoint: 11317 ns, Total: 61247 ns
[2025-05-08T13:16:25.563+0000][72][info ][safepoint   ] Safepoint "Cleanup", Time since last: 22003916775 ns, Reaching safepoint: 75477 ns, Cleanup: 18309 ns, At safepoint: 11953 ns, Total: 105739 ns
[2025-05-08T13:16:30.564+0000][72][info ][safepoint   ] Safepoint "Cleanup", Time since last: 5001198811 ns, Reaching safepoint: 33158 ns, Cleanup: 23693 ns, At safepoint: 12365 ns, Total: 69216 ns
[2025-05-08T13:16:43.783+0000][72][info ][safepoint   ] Safepoint "Cleanup", Time since last: 13223132949 ns, Reaching safepoint: 17959 ns, Cleanup: 17899 ns, At safepoint: 5790 ns, Total: 41648 ns
[2025-05-08T13:16:45.061+0000][72][info ][safepoint   ] Safepoint "Cleanup", Time since last: 1277230807 ns, Reaching safepoint: 42363 ns, Cleanup: 23203 ns, At safepoint: 19528 ns, Total: 85094 ns
[2025-05-08T13:17:11.062+0000][72][info ][safepoint   ] Safepoint "Cleanup", Time since last: 26004552650 ns, Reaching safepoint: 83055 ns, Cleanup: 19186 ns, At safepoint: 17036 ns, Total: 119277 ns
[2025-05-08T13:17:14.063+0000][72][info ][safepoint   ] Safepoint "Cleanup", Time since last: 3001159375 ns, Reaching safepoint: 36708 ns, Cleanup: 19478 ns, At safepoint: 15174 ns, Total: 71360 ns
[2025-05-08T13:17:25.065+0000][72][info ][safepoint   ] Safepoint "Cleanup", Time since last: 11002590488 ns, Reaching safepoint: 79238 ns, Cleanup: 24420 ns, At safepoint: 12173 ns, Total: 115831 ns
[2025-05-08T13:17:47.081+0000][72][info ][safepoint   ] Safepoint "Cleanup", Time since last: 22018681057 ns, Reaching safepoint: 19401 ns, Cleanup: 16427 ns, At safepoint: 68930 ns, Total: 104758 ns
[2025-05-08T13:18:25.116+0000][72][info ][safepoint   ] Safepoint "Cleanup", Time since last: 38038495492 ns, Reaching safepoint: 83638 ns, Cleanup: 20206 ns, At safepoint: 13923 ns, Total: 117767 ns
[2025-05-08T13:18:46.654+0000][72][info ][safepoint   ] Safepoint "Cleanup", Time since last: 21540650151 ns, Reaching safepoint: 29384 ns, Cleanup: 14869 ns, At safepoint: 47590 ns, Total: 91843 ns
[2025-05-08T13:18:50.175+0000][72][info ][safepoint   ] Safepoint "Cleanup", Time since last: 3520227600 ns, Reaching safepoint: 18300 ns, Cleanup: 16030 ns, At safepoint: 75117 ns, Total: 109447 ns
[2025-05-08T13:19:06.176+0000][72][info ][safepoint   ] Safepoint "Cleanup", Time since last: 16004259650 ns, Reaching safepoint: 251571 ns, Cleanup: 20024 ns, At safepoint: 22219 ns, Total: 293814 ns
[2025-05-08T13:19:14.238+0000][72][info ][safepoint   ] Safepoint "Cleanup", Time since last: 8061834991 ns, Reaching safepoint: 141334 ns, Cleanup: 18031 ns, At safepoint: 73801 ns, Total: 233166 ns
[2025-05-08T13:19:15.258+0000][72][info ][safepoint   ] Safepoint "Cleanup", Time since last: 1019555206 ns, Reaching safepoint: 43744 ns, Cleanup: 21043 ns, At safepoint: 19396 ns, Total: 84183 ns
[2025-05-08T13:19:26.300+0000][72][info ][safepoint   ] Safepoint "Cleanup", Time since last: 11042288854 ns, Reaching safepoint: 68394 ns, Cleanup: 28150 ns, At safepoint: 12092 ns, Total: 108636 ns
[2025-05-08T13:19:50.689+0000][72][info ][safepoint   ] Safepoint "Cleanup", Time since last: 24390990139 ns, Reaching safepoint: 31505 ns, Cleanup: 27450 ns, At safepoint: 12463 ns, Total: 71418 ns
[2025-05-08T13:19:53.343+0000][72][info ][safepoint   ] Safepoint "Cleanup", Time since last: 2654771872 ns, Reaching safepoint: 8057 ns, Cleanup: 9082 ns, At safepoint: 3759 ns, Total: 20898 ns
[2025-05-08T13:20:25.385+0000][72][info ][safepoint   ] Safepoint "Cleanup", Time since last: 32044547938 ns, Reaching safepoint: 55262 ns, Cleanup: 19129 ns, At safepoint: 10194 ns, Total: 84585 ns
[2025-05-08T13:20:33.384+0000][72][info ][safepoint   ] Safepoint "Cleanup", Time since last: 8001872307 ns, Reaching safepoint: 65206 ns, Cleanup: 18311 ns, At safepoint: 14026 ns, Total: 97543 ns
[2025-05-08T13:20:52.720+0000][72][info ][safepoint   ] Safepoint "Cleanup", Time since last: 19335839006 ns, Reaching safepoint: 26625 ns, Cleanup: 21249 ns, At safepoint: 11779 ns, Total: 59653 ns
[2025-05-08T13:20:55.705+0000][72][info ][safepoint   ] Safepoint "Cleanup", Time since last: 2982046089 ns, Reaching safepoint: 2210511 ns, Cleanup: 25316 ns, At safepoint: 386890 ns, Total: 2622717 ns
[2025-05-08T13:20:57.447+0000][72][info ][safepoint   ] Safepoint "Cleanup", Time since last: 1742154904 ns, Reaching safepoint: 91343 ns, Cleanup: 20983 ns, At safepoint: 35821 ns, Total: 148147 ns
[2025-05-08T13:21:03.446+0000][72][info ][safepoint   ] Safepoint "Cleanup", Time since last: 6001812873 ns, Reaching safepoint: 31054 ns, Cleanup: 17717 ns, At safepoint: 27192 ns, Total: 75963 ns
[2025-05-08T13:21:25.451+0000][72][info ][safepoint   ] Safepoint "Cleanup", Time since last: 22004414634 ns, Reaching safepoint: 81580 ns, Cleanup: 27728 ns, At safepoint: 19335 ns, Total: 128643 ns
[2025-05-08T13:21:50.751+0000][72][info ][safepoint   ] Safepoint "Cleanup", Time since last: 25303446026 ns, Reaching safepoint: 23193 ns, Cleanup: 15397 ns, At safepoint: 8557 ns, Total: 47147 ns
[2025-05-08T13:21:58.688+0000][72][info ][safepoint   ] Safepoint "Cleanup", Time since last: 7936161246 ns, Reaching safepoint: 12904 ns, Cleanup: 12237 ns, At safepoint: 7380 ns, Total: 32521 ns
[2025-05-08T13:22:00.506+0000][72][info ][safepoint   ] Safepoint "Cleanup", Time since last: 1818780433 ns, Reaching safepoint: 26662 ns, Cleanup: 12821 ns, At safepoint: 38918 ns, Total: 78401 ns
[2025-05-08T13:22:32.507+0000][72][info ][safepoint   ] Safepoint "Cleanup", Time since last: 32005350736 ns, Reaching safepoint: 44212 ns, Cleanup: 19912 ns, At safepoint: 19270 ns, Total: 83394 ns
[2025-05-08T13:23:02.529+0000][72][info ][safepoint   ] Safepoint "Cleanup", Time since last: 30024025685 ns, Reaching safepoint: 21161 ns, Cleanup: 16341 ns, At safepoint: 69153 ns, Total: 106655 ns
[2025-05-08T13:23:29.564+0000][72][info ][safepoint   ] Safepoint "Cleanup", Time since last: 27035017826 ns, Reaching safepoint: 67335 ns, Cleanup: 16161 ns, At safepoint: 11257 ns, Total: 94753 ns
[2025-05-08T13:23:41.585+0000][72][info ][safepoint   ] Safepoint "Cleanup", Time since last: 12023711813 ns, Reaching safepoint: 11203 ns, Cleanup: 10383 ns, At safepoint: 20024 ns, Total: 41610 ns
[2025-05-08T13:24:03.814+0000][72][info ][safepoint   ] Safepoint "Cleanup", Time since last: 22234167441 ns, Reaching safepoint: 91702 ns, Cleanup: 22618 ns, At safepoint: 21803 ns, Total: 136123 ns
[2025-05-08T13:24:05.616+0000][72][info ][safepoint   ] Safepoint "Cleanup", Time since last: 1801380962 ns, Reaching safepoint: 14023 ns, Cleanup: 25629 ns, At safepoint: 83690 ns, Total: 123342 ns
[2025-05-08T13:24:06.653+0000][72][info ][safepoint   ] Safepoint "Cleanup", Time since last: 1037078144 ns, Reaching safepoint: 20131 ns, Cleanup: 55577 ns, At safepoint: 75479 ns, Total: 151187 ns
[2025-05-08T13:24:10.661+0000][72][info ][safepoint   ] Safepoint "Cleanup", Time since last: 4007403745 ns, Reaching safepoint: 36583 ns, Cleanup: 21984 ns, At safepoint: 11400 ns, Total: 69967 ns
[2025-05-08T13:24:16.670+0000][72][info ][safepoint   ] Safepoint "Cleanup", Time since last: 6009202978 ns, Reaching safepoint: 10962 ns, Cleanup: 9605 ns, At safepoint: 17237 ns, Total: 37804 ns
[2025-05-08T13:24:48.849+0000][72][info ][safepoint   ] Safepoint "Cleanup", Time since last: 32180859797 ns, Reaching safepoint: 55368 ns, Cleanup: 18519 ns, At safepoint: 11667 ns, Total: 85554 ns
[2025-05-08T13:25:05.849+0000][72][info ][safepoint   ] Safepoint "Cleanup", Time since last: 17003141442 ns, Reaching safepoint: 27620 ns, Cleanup: 15649 ns, At safepoint: 11010 ns, Total: 54279 ns
[2025-05-08T13:25:08.735+0000][72][info ][safepoint   ] Safepoint "Cleanup", Time since last: 2886467216 ns, Reaching safepoint: 36079 ns, Cleanup: 22670 ns, At safepoint: 16686 ns, Total: 75435 ns
[2025-05-08T13:25:09.834+0000][72][info ][safepoint   ] Safepoint "Cleanup", Time since last: 1098741369 ns, Reaching safepoint: 16725 ns, Cleanup: 15208 ns, At safepoint: 23338 ns, Total: 55271 ns
[2025-05-08T13:25:15.841+0000][72][info ][safepoint   ] Safepoint "Cleanup", Time since last: 6006494822 ns, Reaching safepoint: 72452 ns, Cleanup: 15323 ns, At safepoint: 22543 ns, Total: 110318 ns
[2025-05-08T13:25:25.843+0000][72][info ][safepoint   ] Safepoint "Cleanup", Time since last: 10001977026 ns, Reaching safepoint: 347609 ns, Cleanup: 24821 ns, At safepoint: 35468 ns, Total: 407898 ns
[2025-05-08T13:25:29.844+0000][72][info ][safepoint   ] Safepoint "Cleanup", Time since last: 4001154455 ns, Reaching safepoint: 36271 ns, Cleanup: 17819 ns, At safepoint: 15947 ns, Total: 70037 ns
[2025-05-08T13:26:10.688+0000][72][info ][safepoint   ] Safepoint "Cleanup", Time since last: 40848927820 ns, Reaching safepoint: 103414 ns, Cleanup: 19434 ns, At safepoint: 20451 ns, Total: 143299 ns
[2025-05-08T13:26:11.881+0000][72][info ][safepoint   ] Safepoint "Cleanup", Time since last: 1192779991 ns, Reaching safepoint: 37833 ns, Cleanup: 21020 ns, At safepoint: 18361 ns, Total: 77214 ns
[2025-05-08T13:26:27.920+0000][72][info ][safepoint   ] Safepoint "Cleanup", Time since last: 16039287760 ns, Reaching safepoint: 91318 ns, Cleanup: 21477 ns, At safepoint: 19613 ns, Total: 132408 ns
[2025-05-08T13:26:53.913+0000][72][info ][safepoint   ] Safepoint "Cleanup", Time since last: 25994884477 ns, Reaching safepoint: 87402 ns, Cleanup: 20164 ns, At safepoint: 18611 ns, Total: 126177 ns
[2025-05-08T13:27:13.699+0000][72][info ][safepoint   ] Safepoint "Cleanup", Time since last: 19788395853 ns, Reaching safepoint: 18056 ns, Cleanup: 18576 ns, At safepoint: 82720 ns, Total: 119352 ns
[2025-05-08T13:27:32.970+0000][72][info ][safepoint   ] Safepoint "Cleanup", Time since last: 19274315055 ns, Reaching safepoint: 36127 ns, Cleanup: 18523 ns, At safepoint: 11002 ns, Total: 65652 ns
[2025-05-08T13:27:33.971+0000][72][info ][safepoint   ] Safepoint "Cleanup", Time since last: 1000677104 ns, Reaching safepoint: 44780 ns, Cleanup: 19592 ns, At safepoint: 18182 ns, Total: 82554 ns
[2025-05-08T13:27:36.972+0000][72][info ][safepoint   ] Safepoint "Cleanup", Time since last: 3001214714 ns, Reaching safepoint: 38167 ns, Cleanup: 19330 ns, At safepoint: 18360 ns, Total: 75857 ns
[2025-05-08T13:27:55.944+0000][72][info ][safepoint   ] Safepoint "Cleanup", Time since last: 18971498133 ns, Reaching safepoint: 63108 ns, Cleanup: 17856 ns, At safepoint: 11689 ns, Total: 92653 ns
[2025-05-08T13:28:08.944+0000][72][info ][safepoint   ] Safepoint "Cleanup", Time since last: 13002478417 ns, Reaching safepoint: 37770 ns, Cleanup: 19055 ns, At safepoint: 17191 ns, Total: 74016 ns
[2025-05-08T13:28:16.992+0000][72][info ][safepoint   ] Safepoint "Cleanup", Time since last: 8048270424 ns, Reaching safepoint: 16924 ns, Cleanup: 18008 ns, At safepoint: 116042 ns, Total: 150974 ns
[2025-05-08T13:28:26.016+0000][72][info ][safepoint   ] Safepoint "Cleanup", Time since last: 9023274574 ns, Reaching safepoint: 62267 ns, Cleanup: 19441 ns, At safepoint: 10111 ns, Total: 91819 ns
[2025-05-08T13:29:15.977+0000][72][info ][safepoint   ] Safepoint "Cleanup", Time since last: 49967726343 ns, Reaching safepoint: 67570 ns, Cleanup: 20064 ns, At safepoint: 12818 ns, Total: 100452 ns
[2025-05-08T13:29:17.905+0000][72][info ][safepoint   ] Safepoint "Cleanup", Time since last: 1927761777 ns, Reaching safepoint: 32805 ns, Cleanup: 17884 ns, At safepoint: 11218 ns, Total: 61907 ns
[2025-05-08T13:29:19.701+0000][72][info ][safepoint   ] Safepoint "Cleanup", Time since last: 1795556660 ns, Reaching safepoint: 84753 ns, Cleanup: 12131 ns, At safepoint: 30042 ns, Total: 126926 ns
[2025-05-08T13:29:21.053+0000][72][info ][safepoint   ] Safepoint "Cleanup", Time since last: 1352244916 ns, Reaching safepoint: 25757 ns, Cleanup: 15139 ns, At safepoint: 10630 ns, Total: 51526 ns
[2025-05-08T13:29:25.109+0000][72][info ][safepoint   ] Safepoint "Cleanup", Time since last: 4055109167 ns, Reaching safepoint: 85240 ns, Cleanup: 20395 ns, At safepoint: 17725 ns, Total: 123360 ns
[2025-05-08T13:29:26.109+0000][72][info ][safepoint   ] Safepoint "Cleanup", Time since last: 1000822699 ns, Reaching safepoint: 37967 ns, Cleanup: 19354 ns, At safepoint: 16222 ns, Total: 73543 ns
[2025-05-08T13:29:35.316+0000][72][info ][safepoint   ] Safepoint "Cleanup", Time since last: 9208991089 ns, Reaching safepoint: 165591 ns, Cleanup: 16313 ns, At safepoint: 48436 ns, Total: 230340 ns
[2025-05-08T13:30:06.009+0000][72][info ][safepoint   ] Safepoint "Cleanup", Time since last: 30695383363 ns, Reaching safepoint: 105227 ns, Cleanup: 18446 ns, At safepoint: 16037 ns, Total: 139710 ns
[2025-05-08T13:30:09.010+0000][72][info ][safepoint   ] Safepoint "Cleanup", Time since last: 3000923924 ns, Reaching safepoint: 34996 ns, Cleanup: 17507 ns, At safepoint: 17109 ns, Total: 69612 ns
[2025-05-08T13:30:23.132+0000][72][info ][safepoint   ] Safepoint "Cleanup", Time since last: 14121929610 ns, Reaching safepoint: 18577 ns, Cleanup: 28375 ns, At safepoint: 91318 ns, Total: 138270 ns
[2025-05-08T13:30:26.169+0000][72][info ][safepoint   ] Safepoint "Cleanup", Time since last: 3036677543 ns, Reaching safepoint: 81742 ns, Cleanup: 18279 ns, At safepoint: 33669 ns, Total: 133690 ns
[2025-05-08T13:31:04.040+0000][72][info ][safepoint   ] Safepoint "Cleanup", Time since last: 37876605976 ns, Reaching safepoint: 68907 ns, Cleanup: 16440 ns, At safepoint: 10087 ns, Total: 95434 ns
[2025-05-08T13:31:32.224+0000][72][info ][safepoint   ] Safepoint "Cleanup", Time since last: 28186679259 ns, Reaching safepoint: 85054 ns, Cleanup: 20143 ns, At safepoint: 39364 ns, Total: 144561 ns
[2025-05-08T13:31:41.227+0000][72][info ][safepoint   ] Safepoint "Cleanup", Time since last: 9002023518 ns, Reaching safepoint: 47709 ns, Cleanup: 36409 ns, At safepoint: 18778 ns, Total: 102896 ns
[2025-05-08T13:33:25.113+0000][72][info ][safepoint   ] Safepoint "Cleanup", Time since last: 103893830190 ns, Reaching safepoint: 79338 ns, Cleanup: 18171 ns, At safepoint: 16271 ns, Total: 113780 ns
[2025-05-08T13:33:32.339+0000][72][info ][safepoint   ] Safepoint "Cleanup", Time since last: 7229928984 ns, Reaching safepoint: 7889 ns, Cleanup: 10329 ns, At safepoint: 3925 ns, Total: 22143 ns
[2025-05-08T13:34:06.142+0000][72][info ][safepoint   ] Safepoint "Cleanup", Time since last: 33804685041 ns, Reaching safepoint: 86114 ns, Cleanup: 20615 ns, At safepoint: 17450 ns, Total: 124179 ns
[2025-05-08T13:34:19.704+0000][72][info ][safepoint   ] Safepoint "Cleanup", Time since last: 13561583308 ns, Reaching safepoint: 124245 ns, Cleanup: 14404 ns, At safepoint: 69274 ns, Total: 207923 ns
[2025-05-08T13:34:22.675+0000][72][info ][safepoint   ] Safepoint "Cleanup", Time since last: 2970819331 ns, Reaching safepoint: 16649 ns, Cleanup: 15738 ns, At safepoint: 12538 ns, Total: 44925 ns
[2025-05-08T13:34:34.409+0000][72][info ][safepoint   ] Safepoint "Cleanup", Time since last: 11737541291 ns, Reaching safepoint: 36532 ns, Cleanup: 23176 ns, At safepoint: 16703 ns, Total: 76411 ns
[2025-05-08T13:34:35.434+0000][72][info ][safepoint   ] Safepoint "Cleanup", Time since last: 1024933844 ns, Reaching safepoint: 15201 ns, Cleanup: 13515 ns, At safepoint: 36808 ns, Total: 65524 ns
[2025-05-08T13:34:36.733+0000][72][info ][safepoint   ] Safepoint "Cleanup", Time since last: 1298312253 ns, Reaching safepoint: 35286 ns, Cleanup: 17914 ns, At safepoint: 16702 ns, Total: 69902 ns
[2025-05-08T13:35:21.175+0000][72][info ][safepoint   ] Safepoint "Cleanup", Time since last: 44444881192 ns, Reaching safepoint: 189153 ns, Cleanup: 21660 ns, At safepoint: 18880 ns, Total: 229693 ns
[2025-05-08T13:35:23.176+0000][72][info ][safepoint   ] Safepoint "Cleanup", Time since last: 2000817802 ns, Reaching safepoint: 44095 ns, Cleanup: 24732 ns, At safepoint: 14371 ns, Total: 83198 ns
[2025-05-08T13:35:37.685+0000][72][info ][safepoint   ] Safepoint "Cleanup", Time since last: 14511147417 ns, Reaching safepoint: 545670 ns, Cleanup: 28536 ns, At safepoint: 142775 ns, Total: 716981 ns
[2025-05-08T13:35:39.517+0000][72][info ][safepoint   ] Safepoint "Cleanup", Time since last: 1831488657 ns, Reaching safepoint: 31288 ns, Cleanup: 28343 ns, At safepoint: 11814 ns, Total: 71445 ns
[2025-05-08T13:36:04.203+0000][72][info ][safepoint   ] Safepoint "Cleanup", Time since last: 24688812371 ns, Reaching safepoint: 92456 ns, Cleanup: 20604 ns, At safepoint: 13560 ns, Total: 126620 ns
[2025-05-08T13:36:25.207+0000][72][info ][safepoint   ] Safepoint "Cleanup", Time since last: 21004041990 ns, Reaching safepoint: 88474 ns, Cleanup: 24571 ns, At safepoint: 14378 ns, Total: 127423 ns
[2025-05-08T13:36:26.209+0000][72][info ][safepoint   ] Safepoint "Cleanup", Time since last: 1001028330 ns, Reaching safepoint: 29783 ns, Cleanup: 42155 ns, At safepoint: 12603 ns, Total: 84541 ns
[2025-05-08T13:36:28.210+0000][72][info ][safepoint   ] Safepoint "Cleanup", Time since last: 2000947215 ns, Reaching safepoint: 32416 ns, Cleanup: 18423 ns, At safepoint: 12208 ns, Total: 63047 ns
[2025-05-08T13:36:40.666+0000][72][info ][safepoint   ] Safepoint "Cleanup", Time since last: 12459114509 ns, Reaching safepoint: 17734 ns, Cleanup: 13120 ns, At safepoint: 20935 ns, Total: 51789 ns
[2025-05-08T13:37:21.240+0000][72][info ][safepoint   ] Safepoint "Cleanup", Time since last: 40575848839 ns, Reaching safepoint: 68362 ns, Cleanup: 17906 ns, At safepoint: 12197 ns, Total: 98465 ns
[2025-05-08T13:37:25.241+0000][72][info ][safepoint   ] Safepoint "Cleanup", Time since last: 4001102769 ns, Reaching safepoint: 35023 ns, Cleanup: 18098 ns, At safepoint: 15546 ns, Total: 68667 ns
[2025-05-08T13:37:44.592+0000][72][info ][safepoint   ] Safepoint "Cleanup", Time since last: 19354135599 ns, Reaching safepoint: 32623 ns, Cleanup: 15559 ns, At safepoint: 92010 ns, Total: 140192 ns
[2025-05-08T13:37:50.626+0000][72][info ][safepoint   ] Safepoint "Cleanup", Time since last: 6033568401 ns, Reaching safepoint: 71179 ns, Cleanup: 97108 ns, At safepoint: 45868 ns, Total: 214155 ns
[2025-05-08T13:37:57.628+0000][72][info ][safepoint   ] Safepoint "Cleanup", Time since last: 7001906118 ns, Reaching safepoint: 29574 ns, Cleanup: 17138 ns, At safepoint: 12391 ns, Total: 59103 ns
[2025-05-08T13:38:26.631+0000][72][info ][safepoint   ] Safepoint "Cleanup", Time since last: 29005243396 ns, Reaching safepoint: 122701 ns, Cleanup: 21850 ns, At safepoint: 14845 ns, Total: 159396 ns
[2025-05-08T13:38:31.630+0000][72][info ][safepoint   ] Safepoint "Cleanup", Time since last: 5001522912 ns, Reaching safepoint: 187378 ns, Cleanup: 18060 ns, At safepoint: 80212 ns, Total: 285650 ns
[2025-05-08T13:39:05.330+0000][72][info ][safepoint   ] Safepoint "Cleanup", Time since last: 33702816884 ns, Reaching safepoint: 10501 ns, Cleanup: 11492 ns, At safepoint: 16623 ns, Total: 38616 ns
[2025-05-08T13:39:10.962+0000][72][info ][safepoint   ] Safepoint "Cleanup", Time since last: 5631413453 ns, Reaching safepoint: 215425 ns, Cleanup: 17199 ns, At safepoint: 56027 ns, Total: 288651 ns
[2025-05-08T13:39:22.657+0000][72][info ][safepoint   ] Safepoint "Cleanup", Time since last: 11694758095 ns, Reaching safepoint: 17557 ns, Cleanup: 15003 ns, At safepoint: 21363 ns, Total: 53923 ns
[2025-05-08T13:39:23.687+0000][72][info ][safepoint   ] Safepoint "Cleanup", Time since last: 1029552795 ns, Reaching safepoint: 83801 ns, Cleanup: 30906 ns, At safepoint: 37373 ns, Total: 152080 ns
[2025-05-08T13:39:25.668+0000][72][info ][safepoint   ] Safepoint "Cleanup", Time since last: 1981418085 ns, Reaching safepoint: 10766 ns, Cleanup: 18661 ns, At safepoint: 18470 ns, Total: 47897 ns
[2025-05-08T13:39:30.780+0000][72][info ][safepoint   ] Safepoint "Cleanup", Time since last: 5111947926 ns, Reaching safepoint: 31175 ns, Cleanup: 19450 ns, At safepoint: 11828 ns, Total: 62453 ns
[2025-05-08T13:39:33.778+0000][72][info ][safepoint   ] Safepoint "Cleanup", Time since last: 3001098505 ns, Reaching safepoint: 34152 ns, Cleanup: 17887 ns, At safepoint: 16294 ns, Total: 68333 ns
[2025-05-08T13:39:35.779+0000][72][info ][safepoint   ] Safepoint "Cleanup", Time since last: 2000852983 ns, Reaching safepoint: 34009 ns, Cleanup: 18239 ns, At safepoint: 16423 ns, Total: 68671 ns
[2025-05-08T13:39:49.838+0000][72][info ][safepoint   ] Safepoint "Cleanup", Time since last: 14058699066 ns, Reaching safepoint: 18145 ns, Cleanup: 13210 ns, At safepoint: 22074 ns, Total: 53429 ns
[2025-05-08T13:39:51.826+0000][72][info ][safepoint   ] Safepoint "Cleanup", Time since last: 1987977066 ns, Reaching safepoint: 40456 ns, Cleanup: 24626 ns, At safepoint: 46714 ns, Total: 111796 ns
[2025-05-08T13:40:07.827+0000][72][info ][safepoint   ] Safepoint "Cleanup", Time since last: 16003131304 ns, Reaching safepoint: 82345 ns, Cleanup: 17384 ns, At safepoint: 15629 ns, Total: 115358 ns
[2025-05-08T13:40:10.828+0000][72][info ][safepoint   ] Safepoint "Cleanup", Time since last: 3001104758 ns, Reaching safepoint: 40772 ns, Cleanup: 23274 ns, At safepoint: 17768 ns, Total: 81814 ns
[2025-05-08T13:40:20.830+0000][72][info ][safepoint   ] Safepoint "Cleanup", Time since last: 10002057362 ns, Reaching safepoint: 21826 ns, Cleanup: 15556 ns, At safepoint: 9364 ns, Total: 46746 ns
[2025-05-08T13:40:25.832+0000][72][info ][safepoint   ] Safepoint "Cleanup", Time since last: 5001401900 ns, Reaching safepoint: 86420 ns, Cleanup: 29590 ns, At safepoint: 19949 ns, Total: 135959 ns
[2025-05-08T13:40:29.833+0000][72][info ][safepoint   ] Safepoint "Cleanup", Time since last: 4001334946 ns, Reaching safepoint: 28531 ns, Cleanup: 16236 ns, At safepoint: 10427 ns, Total: 55194 ns
[2025-05-08T13:40:50.374+0000][72][info ][safepoint   ] Safepoint "Cleanup", Time since last: 20542590650 ns, Reaching safepoint: 33867 ns, Cleanup: 18904 ns, At safepoint: 11186 ns, Total: 63957 ns
[2025-05-08T13:40:52.665+0000][72][info ][safepoint   ] Safepoint "Cleanup", Time since last: 2291334540 ns, Reaching safepoint: 8043 ns, Cleanup: 18031 ns, At safepoint: 3650 ns, Total: 29724 ns
[2025-05-08T13:40:53.870+0000][72][info ][safepoint   ] Safepoint "Cleanup", Time since last: 1205103425 ns, Reaching safepoint: 37964 ns, Cleanup: 21941 ns, At safepoint: 18818 ns, Total: 78723 ns
[2025-05-08T13:41:00.872+0000][72][info ][safepoint   ] Safepoint "Cleanup", Time since last: 7001681591 ns, Reaching safepoint: 81098 ns, Cleanup: 26311 ns, At safepoint: 15071 ns, Total: 122480 ns
[2025-05-08T13:41:03.870+0000][72][info ][safepoint   ] Safepoint "Cleanup", Time since last: 3001041392 ns, Reaching safepoint: 39122 ns, Cleanup: 19780 ns, At safepoint: 16148 ns, Total: 75050 ns
[2025-05-08T13:41:05.871+0000][72][info ][safepoint   ] Safepoint "Cleanup", Time since last: 2000876959 ns, Reaching safepoint: 115860 ns, Cleanup: 13854 ns, At safepoint: 33927 ns, Total: 163641 ns
[2025-05-08T13:41:25.875+0000][72][info ][safepoint   ] Safepoint "Cleanup", Time since last: 20003687106 ns, Reaching safepoint: 80638 ns, Cleanup: 19948 ns, At safepoint: 40255 ns, Total: 140841 ns
[2025-05-08T13:41:45.449+0000][72][info ][gc,start    ] GC(20) Pause Young (Normal) (G1 Evacuation Pause)
[2025-05-08T13:41:45.453+0000][72][info ][gc,task     ] GC(20) Using 10 workers of 10 for evacuation
[2025-05-08T13:41:45.454+0000][72][debug][gc,age      ] GC(20) Desired survivor size 109051904 bytes, new threshold 15 (max threshold 15)
[2025-05-08T13:41:45.573+0000][72][info ][gc,phases   ] GC(20)   Pre Evacuate Collection Set: 8.99ms
[2025-05-08T13:41:45.574+0000][72][info ][gc,phases   ] GC(20)   Merge Heap Roots: 1.76ms
[2025-05-08T13:41:45.574+0000][72][info ][gc,phases   ] GC(20)   Evacuate Collection Set: 91.33ms
[2025-05-08T13:41:45.574+0000][72][info ][gc,phases   ] GC(20)   Post Evacuate Collection Set: 12.36ms
[2025-05-08T13:41:45.575+0000][72][info ][gc,phases   ] GC(20)   Other: 7.39ms
[2025-05-08T13:41:45.575+0000][72][trace][gc,age      ] GC(20) Age table with threshold 15 (max threshold 15)
[2025-05-08T13:41:45.576+0000][72][trace][gc,age      ] GC(20) - age   1:    1025088 bytes,    1025088 total
[2025-05-08T13:41:45.576+0000][72][trace][gc,age      ] GC(20) - age   2:     458280 bytes,    1483368 total
[2025-05-08T13:41:45.577+0000][72][trace][gc,age      ] GC(20) - age   3:      83584 bytes,    1566952 total
[2025-05-08T13:41:45.577+0000][72][trace][gc,age      ] GC(20) - age   4:      30688 bytes,    1597640 total
[2025-05-08T13:41:45.577+0000][72][trace][gc,age      ] GC(20) - age   5:      36752 bytes,    1634392 total
[2025-05-08T13:41:45.578+0000][72][trace][gc,age      ] GC(20) - age   6:    6838160 bytes,    8472552 total
[2025-05-08T13:41:45.578+0000][72][trace][gc,age      ] GC(20) - age   7:    2610704 bytes,   11083256 total
[2025-05-08T13:41:45.578+0000][72][info ][gc,heap     ] GC(20) Eden regions: 410->0(579)
[2025-05-08T13:41:45.579+0000][72][info ][gc,heap     ] GC(20) Survivor regions: 3->3(52)
[2025-05-08T13:41:45.579+0000][72][info ][gc,heap     ] GC(20) Old regions: 28->28
[2025-05-08T13:41:45.579+0000][72][info ][gc,heap     ] GC(20) Humongous regions: 0->0
[2025-05-08T13:41:45.580+0000][72][info ][gc,metaspace] GC(20) Metaspace: 148355K(152448K)->148355K(152448K) NonClass: 128233K(130432K)->128233K(130432K) Class: 20122K(22016K)->20122K(22016K)
[2025-05-08T13:41:45.581+0000][72][info ][gc          ] GC(20) Pause Young (Normal) (G1 Evacuation Pause) 1760M->120M(3880M) 131.670ms
[2025-05-08T13:41:45.582+0000][72][info ][gc,cpu      ] GC(20) User=0.87s Sys=0.00s Real=0.14s
[2025-05-08T13:41:45.583+0000][72][info ][safepoint   ] Safepoint "G1CollectForAllocation", Time since last: 19573790124 ns, Reaching safepoint: 92909 ns, Cleanup: 7514 ns, At safepoint: 136136655 ns, Total: 136237078 ns
[2025-05-08T13:41:55.677+0000][72][info ][safepoint   ] Safepoint "Cleanup", Time since last: 10094241768 ns, Reaching safepoint: 14863 ns, Cleanup: 12416 ns, At safepoint: 14502 ns, Total: 41781 ns
[2025-05-08T13:41:56.931+0000][72][info ][safepoint   ] Safepoint "Cleanup", Time since last: 1253892089 ns, Reaching safepoint: 69560 ns, Cleanup: 19694 ns, At safepoint: 16230 ns, Total: 105484 ns
[2025-05-08T13:42:25.954+0000][72][info ][safepoint   ] Safepoint "Cleanup", Time since last: 29026681926 ns, Reaching safepoint: 148082 ns, Cleanup: 19103 ns, At safepoint: 20588 ns, Total: 187773 ns
[2025-05-08T13:42:32.955+0000][72][info ][safepoint   ] Safepoint "Cleanup", Time since last: 7001642185 ns, Reaching safepoint: 128805 ns, Cleanup: 41998 ns, At safepoint: 61448 ns, Total: 232251 ns
[2025-05-08T13:42:36.956+0000][72][info ][safepoint   ] Safepoint "Cleanup", Time since last: 4001546439 ns, Reaching safepoint: 55616 ns, Cleanup: 17167 ns, At safepoint: 17209 ns, Total: 89992 ns
[2025-05-08T13:42:58.694+0000][72][info ][safepoint   ] Safepoint "Cleanup", Time since last: 21737641443 ns, Reaching safepoint: 33921 ns, Cleanup: 28694 ns, At safepoint: 37449 ns, Total: 100064 ns
[2025-05-08T13:43:06.024+0000][72][info ][safepoint   ] Safepoint "Cleanup", Time since last: 7334309098 ns, Reaching safepoint: 36187 ns, Cleanup: 18730 ns, At safepoint: 17875 ns, Total: 72792 ns
[2025-05-08T13:43:16.026+0000][72][info ][safepoint   ] Safepoint "Cleanup", Time since last: 10002064654 ns, Reaching safepoint: 25533 ns, Cleanup: 325782 ns, At safepoint: 47101 ns, Total: 398416 ns
[2025-05-08T13:43:37.027+0000][72][info ][safepoint   ] Safepoint "Cleanup", Time since last: 21003686269 ns, Reaching safepoint: 36851 ns, Cleanup: 20620 ns, At safepoint: 17930 ns, Total: 75401 ns
[2025-05-08T13:44:00.723+0000][72][info ][safepoint   ] Safepoint "Cleanup", Time since last: 23696361642 ns, Reaching safepoint: 72792 ns, Cleanup: 19787 ns, At safepoint: 14614 ns, Total: 107193 ns
[2025-05-08T13:44:07.114+0000][72][info ][safepoint   ] Safepoint "Cleanup", Time since last: 6393588107 ns, Reaching safepoint: 35994 ns, Cleanup: 19264 ns, At safepoint: 16402 ns, Total: 71660 ns
[2025-05-08T13:44:25.671+0000][72][info ][safepoint   ] Safepoint "Cleanup", Time since last: 18556772998 ns, Reaching safepoint: 6711 ns, Cleanup: 9658 ns, At safepoint: 14393 ns, Total: 30762 ns
[2025-05-08T13:44:27.144+0000][72][info ][safepoint   ] Safepoint "Cleanup", Time since last: 1472813041 ns, Reaching safepoint: 34733 ns, Cleanup: 19371 ns, At safepoint: 15903 ns, Total: 70007 ns
[2025-05-08T13:44:35.467+0000][72][info ][safepoint   ] Safepoint "Cleanup", Time since last: 8324872138 ns, Reaching safepoint: 773463 ns, Cleanup: 17577 ns, At safepoint: 132899 ns, Total: 923939 ns
[2025-05-08T13:44:36.489+0000][72][info ][safepoint   ] Safepoint "Cleanup", Time since last: 1021680870 ns, Reaching safepoint: 48947 ns, Cleanup: 22000 ns, At safepoint: 20083 ns, Total: 91030 ns
[2025-05-08T13:45:04.688+0000][72][info ][safepoint   ] Safepoint "Cleanup", Time since last: 28201921792 ns, Reaching safepoint: 24175 ns, Cleanup: 12666 ns, At safepoint: 21763 ns, Total: 58604 ns
[2025-05-08T13:45:06.280+0000][72][info ][safepoint   ] Safepoint "Cleanup", Time since last: 1592180439 ns, Reaching safepoint: 44901 ns, Cleanup: 24055 ns, At safepoint: 21022 ns, Total: 89978 ns
[2025-05-08T13:45:44.284+0000][72][info ][safepoint   ] Safepoint "Cleanup", Time since last: 38006513004 ns, Reaching safepoint: 95269 ns, Cleanup: 13605 ns, At safepoint: 10418 ns, Total: 119292 ns
[2025-05-08T13:45:55.857+0000][72][info ][safepoint   ] Safepoint "Cleanup", Time since last: 11572939883 ns, Reaching safepoint: 40483 ns, Cleanup: 20372 ns, At safepoint: 17565 ns, Total: 78420 ns
[2025-05-08T13:46:05.856+0000][72][info ][safepoint   ] Safepoint "Cleanup", Time since last: 10002079527 ns, Reaching safepoint: 73292 ns, Cleanup: 19242 ns, At safepoint: 35075 ns, Total: 127609 ns
[2025-05-08T13:46:07.744+0000][72][info ][safepoint   ] Safepoint "Cleanup", Time since last: 1887238407 ns, Reaching safepoint: 763212 ns, Cleanup: 19399 ns, At safepoint: 170614 ns, Total: 953225 ns
[2025-05-08T13:46:09.342+0000][72][info ][safepoint   ] Safepoint "Cleanup", Time since last: 1598269601 ns, Reaching safepoint: 27933 ns, Cleanup: 16905 ns, At safepoint: 10471 ns, Total: 55309 ns
[2025-05-08T13:46:11.343+0000][72][info ][safepoint   ] Safepoint "Cleanup", Time since last: 2000869324 ns, Reaching safepoint: 21817 ns, Cleanup: 17058 ns, At safepoint: 13558 ns, Total: 52433 ns
[2025-05-08T13:46:53.886+0000][72][info ][safepoint   ] Safepoint "Cleanup", Time since last: 42545497208 ns, Reaching safepoint: 65518 ns, Cleanup: 18479 ns, At safepoint: 12039 ns, Total: 96036 ns
[2025-05-08T13:46:54.886+0000][72][info ][safepoint   ] Safepoint "Cleanup", Time since last: 1000660712 ns, Reaching safepoint: 31942 ns, Cleanup: 17561 ns, At safepoint: 10722 ns, Total: 60225 ns
[2025-05-08T13:47:10.694+0000][72][info ][safepoint   ] Safepoint "Cleanup", Time since last: 15810131500 ns, Reaching safepoint: 20158 ns, Cleanup: 17103 ns, At safepoint: 76295 ns, Total: 113556 ns
[2025-05-08T13:47:12.410+0000][72][info ][safepoint   ] Safepoint "Cleanup", Time since last: 1715288383 ns, Reaching safepoint: 35504 ns, Cleanup: 22700 ns, At safepoint: 16660 ns, Total: 74864 ns
[2025-05-08T13:47:15.411+0000][72][info ][safepoint   ] Safepoint "Cleanup", Time since last: 3001173977 ns, Reaching safepoint: 119871 ns, Cleanup: 48405 ns, At safepoint: 15314 ns, Total: 183590 ns
[2025-05-08T13:47:34.412+0000][72][info ][safepoint   ] Safepoint "Cleanup", Time since last: 19003153697 ns, Reaching safepoint: 154505 ns, Cleanup: 23428 ns, At safepoint: 21999 ns, Total: 199932 ns
[2025-05-08T13:49:33.619+0000][72][info ][safepoint   ] Safepoint "Cleanup", Time since last: 119218593456 ns, Reaching safepoint: 41491 ns, Cleanup: 19642 ns, At safepoint: 19682 ns, Total: 80815 ns
[2025-05-08T13:50:20.772+0000][72][info ][safepoint   ] Safepoint "Cleanup", Time since last: 47156106779 ns, Reaching safepoint: 28567 ns, Cleanup: 15021 ns, At safepoint: 21185 ns, Total: 64773 ns
[2025-05-08T13:50:25.777+0000][72][info ][safepoint   ] Safepoint "Cleanup", Time since last: 5004738511 ns, Reaching safepoint: 26023 ns, Cleanup: 16535 ns, At safepoint: 12434 ns, Total: 54992 ns
[2025-05-08T13:51:04.035+0000][72][info ][safepoint   ] Safepoint "Cleanup", Time since last: 38263997031 ns, Reaching safepoint: 42001 ns, Cleanup: 19806 ns, At safepoint: 16958 ns, Total: 78765 ns
[2025-05-08T13:51:20.038+0000][72][info ][safepoint   ] Safepoint "Cleanup", Time since last: 16003063089 ns, Reaching safepoint: 78257 ns, Cleanup: 19189 ns, At safepoint: 17899 ns, Total: 115345 ns
[2025-05-08T13:51:22.800+0000][72][info ][safepoint   ] Safepoint "Cleanup", Time since last: 2761600949 ns, Reaching safepoint: 17350 ns, Cleanup: 10440 ns, At safepoint: 18932 ns, Total: 46722 ns
[2025-05-08T13:51:27.866+0000][72][info ][safepoint   ] Safepoint "Cleanup", Time since last: 5066024816 ns, Reaching safepoint: 34110 ns, Cleanup: 18498 ns, At safepoint: 15541 ns, Total: 68149 ns
[2025-05-08T13:53:46.133+0000][72][info ][safepoint   ] Safepoint "Cleanup", Time since last: 138280045421 ns, Reaching safepoint: 31535 ns, Cleanup: 15391 ns, At safepoint: 10784 ns, Total: 57710 ns
[2025-05-08T13:53:48.015+0000][72][info ][safepoint   ] Safepoint "Cleanup", Time since last: 1882309471 ns, Reaching safepoint: 35581 ns, Cleanup: 18033 ns, At safepoint: 18059 ns, Total: 71673 ns
[2025-05-08T13:54:25.018+0000][72][info ][safepoint   ] Safepoint "Cleanup", Time since last: 37006126212 ns, Reaching safepoint: 66862 ns, Cleanup: 22377 ns, At safepoint: 14522 ns, Total: 103761 ns
[2025-05-08T13:54:32.051+0000][72][info ][safepoint   ] Safepoint "Cleanup", Time since last: 7034682752 ns, Reaching safepoint: 14026 ns, Cleanup: 11891 ns, At safepoint: 4914 ns, Total: 30831 ns
[2025-05-08T13:54:33.085+0000][72][info ][safepoint   ] Safepoint "Cleanup", Time since last: 1034662571 ns, Reaching safepoint: 22382 ns, Cleanup: 16246 ns, At safepoint: 11347 ns, Total: 49975 ns
[2025-05-08T13:54:35.953+0000][72][info ][safepoint   ] Safepoint "Cleanup", Time since last: 2868070582 ns, Reaching safepoint: 7131 ns, Cleanup: 9584 ns, At safepoint: 16500 ns, Total: 33215 ns
[2025-05-08T13:54:55.172+0000][72][info ][safepoint   ] Safepoint "Cleanup", Time since last: 19218816463 ns, Reaching safepoint: 33672 ns, Cleanup: 114122 ns, At safepoint: 17536 ns, Total: 165330 ns
[2025-05-08T13:55:25.299+0000][72][info ][safepoint   ] Safepoint "Cleanup", Time since last: 30129706376 ns, Reaching safepoint: 81116 ns, Cleanup: 17260 ns, At safepoint: 13891 ns, Total: 112267 ns
[2025-05-08T13:55:34.681+0000][72][info ][safepoint   ] Safepoint "Cleanup", Time since last: 9381628341 ns, Reaching safepoint: 2197508 ns, Cleanup: 26841 ns, At safepoint: 197119 ns, Total: 2421468 ns
[2025-05-08T13:55:36.456+0000][72][info ][safepoint   ] Safepoint "Cleanup", Time since last: 1775572566 ns, Reaching safepoint: 13311 ns, Cleanup: 60202 ns, At safepoint: 42593 ns, Total: 116106 ns
[2025-05-08T13:55:37.468+0000][72][info ][safepoint   ] Safepoint "Cleanup", Time since last: 1011493953 ns, Reaching safepoint: 32967 ns, Cleanup: 21103 ns, At safepoint: 12482 ns, Total: 66552 ns
[2025-05-08T13:56:05.238+0000][72][info ][safepoint   ] Safepoint "Cleanup", Time since last: 27772071921 ns, Reaching safepoint: 74718 ns, Cleanup: 20547 ns, At safepoint: 12738 ns, Total: 108003 ns
[2025-05-08T13:56:06.238+0000][72][info ][safepoint   ] Safepoint "Cleanup", Time since last: 1000716401 ns, Reaching safepoint: 40712 ns, Cleanup: 20643 ns, At safepoint: 18432 ns, Total: 79787 ns
[2025-05-08T13:56:25.242+0000][72][info ][safepoint   ] Safepoint "Cleanup", Time since last: 19003367488 ns, Reaching safepoint: 62652 ns, Cleanup: 14403 ns, At safepoint: 9090 ns, Total: 86145 ns
[2025-05-08T13:56:38.490+0000][72][info ][safepoint   ] Safepoint "Cleanup", Time since last: 13252167863 ns, Reaching safepoint: 6975 ns, Cleanup: 12879 ns, At safepoint: 14548 ns, Total: 34402 ns
[2025-05-08T13:57:25.272+0000][72][info ][safepoint   ] Safepoint "Cleanup", Time since last: 46783001421 ns, Reaching safepoint: 255071 ns, Cleanup: 27282 ns, At safepoint: 21117 ns, Total: 303470 ns
[2025-05-08T13:58:06.300+0000][72][info ][safepoint   ] Safepoint "Cleanup", Time since last: 41033833104 ns, Reaching safepoint: 50968 ns, Cleanup: 16297 ns, At safepoint: 9715 ns, Total: 76980 ns
[2025-05-08T13:58:08.301+0000][72][info ][safepoint   ] Safepoint "Cleanup", Time since last: 2000789208 ns, Reaching safepoint: 20321 ns, Cleanup: 17882 ns, At safepoint: 8918 ns, Total: 47121 ns
[2025-05-08T13:58:16.302+0000][72][info ][safepoint   ] Safepoint "Cleanup", Time since last: 8001513973 ns, Reaching safepoint: 19651 ns, Cleanup: 15725 ns, At safepoint: 28682 ns, Total: 64058 ns
[2025-05-08T13:58:25.304+0000][72][info ][safepoint   ] Safepoint "Cleanup", Time since last: 9001679933 ns, Reaching safepoint: 111421 ns, Cleanup: 14464 ns, At safepoint: 10229 ns, Total: 136114 ns
[2025-05-08T13:58:35.303+0000][72][info ][safepoint   ] Safepoint "Cleanup", Time since last: 10002019109 ns, Reaching safepoint: 38669 ns, Cleanup: 21771 ns, At safepoint: 16125 ns, Total: 76565 ns
[2025-05-08T13:58:43.716+0000][72][info ][safepoint   ] Safepoint "Cleanup", Time since last: 8412323278 ns, Reaching safepoint: 16602 ns, Cleanup: 17499 ns, At safepoint: 69311 ns, Total: 103412 ns
[2025-05-08T13:59:11.334+0000][72][info ][safepoint   ] Safepoint "Cleanup", Time since last: 27620931060 ns, Reaching safepoint: 46408 ns, Cleanup: 13759 ns, At safepoint: 8109 ns, Total: 68276 ns
[2025-05-08T13:59:23.336+0000][72][info ][safepoint   ] Safepoint "Cleanup", Time since last: 12002265619 ns, Reaching safepoint: 59814 ns, Cleanup: 17667 ns, At safepoint: 13645 ns, Total: 91126 ns
[2025-05-08T13:59:25.337+0000][72][info ][safepoint   ] Safepoint "Cleanup", Time since last: 2000916404 ns, Reaching safepoint: 35664 ns, Cleanup: 23528 ns, At safepoint: 16473 ns, Total: 75665 ns
[2025-05-08T13:59:34.685+0000][72][info ][safepoint   ] Safepoint "Cleanup", Time since last: 9349924565 ns, Reaching safepoint: 18450 ns, Cleanup: 13485 ns, At safepoint: 24105 ns, Total: 56040 ns
[2025-05-08T13:59:36.679+0000][72][info ][safepoint   ] Safepoint "Cleanup", Time since last: 1994002944 ns, Reaching safepoint: 35942 ns, Cleanup: 22378 ns, At safepoint: 12144 ns, Total: 70464 ns
[2025-05-08T13:59:38.741+0000][72][info ][safepoint   ] Safepoint "Cleanup", Time since last: 2061982250 ns, Reaching safepoint: 183425 ns, Cleanup: 120453 ns, At safepoint: 173974 ns, Total: 477852 ns
[2025-05-08T14:00:10.437+0000][72][info ][safepoint   ] Safepoint "Cleanup", Time since last: 31698916804 ns, Reaching safepoint: 40327 ns, Cleanup: 23482 ns, At safepoint: 21135 ns, Total: 84944 ns
[2025-05-08T14:00:25.440+0000][72][info ][safepoint   ] Safepoint "Cleanup", Time since last: 15002881752 ns, Reaching safepoint: 81763 ns, Cleanup: 22166 ns, At safepoint: 19097 ns, Total: 123026 ns
[2025-05-08T14:00:35.440+0000][72][info ][safepoint   ] Safepoint "Cleanup", Time since last: 10002082512 ns, Reaching safepoint: 35944 ns, Cleanup: 18889 ns, At safepoint: 10554 ns, Total: 65387 ns
[2025-05-08T14:00:49.719+0000][72][info ][safepoint   ] Safepoint "Cleanup", Time since last: 14278340387 ns, Reaching safepoint: 549020 ns, Cleanup: 18013 ns, At safepoint: 228031 ns, Total: 795064 ns
[2025-05-08T14:00:50.843+0000][72][info ][safepoint   ] Safepoint "Cleanup", Time since last: 1123862090 ns, Reaching safepoint: 21662 ns, Cleanup: 14845 ns, At safepoint: 8240 ns, Total: 44747 ns
[2025-05-08T14:00:51.884+0000][72][info ][safepoint   ] Safepoint "Cleanup", Time since last: 1040702557 ns, Reaching safepoint: 39546 ns, Cleanup: 23514 ns, At safepoint: 18511 ns, Total: 81571 ns
[2025-05-08T14:01:18.886+0000][72][info ][safepoint   ] Safepoint "Cleanup", Time since last: 27005084013 ns, Reaching safepoint: 43831 ns, Cleanup: 20834 ns, At safepoint: 19750 ns, Total: 84415 ns
[2025-05-08T14:01:53.967+0000][72][info ][safepoint   ] Safepoint "Cleanup", Time since last: 35083038514 ns, Reaching safepoint: 8326 ns, Cleanup: 13464 ns, At safepoint: 14540 ns, Total: 36330 ns
[2025-05-08T14:02:56.036+0000][72][info ][safepoint   ] Safepoint "Cleanup", Time since last: 62074144570 ns, Reaching safepoint: 18208 ns, Cleanup: 14183 ns, At safepoint: 23701 ns, Total: 56092 ns
[2025-05-08T14:03:04.060+0000][72][info ][safepoint   ] Safepoint "Cleanup", Time since last: 8026780731 ns, Reaching safepoint: 39452 ns, Cleanup: 22739 ns, At safepoint: 18799 ns, Total: 80990 ns
[2025-05-08T14:03:16.062+0000][72][info ][safepoint   ] Safepoint "Cleanup", Time since last: 12002312669 ns, Reaching safepoint: 22371 ns, Cleanup: 14205 ns, At safepoint: 9734 ns, Total: 46310 ns
[2025-05-08T14:03:58.669+0000][72][info ][safepoint   ] Safepoint "Cleanup", Time since last: 42609433599 ns, Reaching safepoint: 17940 ns, Cleanup: 20320 ns, At safepoint: 86638 ns, Total: 124898 ns
[2025-05-08T14:04:00.122+0000][72][info ][safepoint   ] Safepoint "Cleanup", Time since last: 1452791504 ns, Reaching safepoint: 36516 ns, Cleanup: 17854 ns, At safepoint: 16087 ns, Total: 70457 ns
[2025-05-08T14:04:01.123+0000][72][info ][safepoint   ] Safepoint "Cleanup", Time since last: 1000769815 ns, Reaching safepoint: 35604 ns, Cleanup: 18397 ns, At safepoint: 15482 ns, Total: 69483 ns
[2025-05-08T14:04:23.125+0000][72][info ][safepoint   ] Safepoint "Cleanup", Time since last: 22004803616 ns, Reaching safepoint: 77768 ns, Cleanup: 20523 ns, At safepoint: 16962 ns, Total: 115253 ns
[2025-05-08T14:04:26.126+0000][72][info ][safepoint   ] Safepoint "Cleanup", Time since last: 3000996176 ns, Reaching safepoint: 36683 ns, Cleanup: 18313 ns, At safepoint: 15897 ns, Total: 70893 ns
[2025-05-08T14:04:32.126+0000][72][info ][safepoint   ] Safepoint "Cleanup", Time since last: 6001740297 ns, Reaching safepoint: 136414 ns, Cleanup: 18168 ns, At safepoint: 41091 ns, Total: 195673 ns
[2025-05-08T14:04:38.137+0000][72][info ][safepoint   ] Safepoint "Cleanup", Time since last: 6011054939 ns, Reaching safepoint: 16393 ns, Cleanup: 23689 ns, At safepoint: 93754 ns, Total: 133836 ns
[2025-05-08T14:04:45.527+0000][72][info ][safepoint   ] Safepoint "Cleanup", Time since last: 7390285365 ns, Reaching safepoint: 12262 ns, Cleanup: 17885 ns, At safepoint: 18889 ns, Total: 49036 ns
[2025-05-08T14:04:46.528+0000][72][info ][safepoint   ] Safepoint "Cleanup", Time since last: 1000811585 ns, Reaching safepoint: 88339 ns, Cleanup: 20901 ns, At safepoint: 21560 ns, Total: 130800 ns
[2025-05-08T14:04:50.530+0000][72][info ][safepoint   ] Safepoint "Cleanup", Time since last: 4001086452 ns, Reaching safepoint: 22402 ns, Cleanup: 16026 ns, At safepoint: 9597 ns, Total: 48025 ns
[2025-05-08T14:05:01.703+0000][72][info ][safepoint   ] Safepoint "Cleanup", Time since last: 11175688177 ns, Reaching safepoint: 342766 ns, Cleanup: 12424 ns, At safepoint: 65279 ns, Total: 420469 ns
[2025-05-08T14:05:03.250+0000][72][info ][safepoint   ] Safepoint "Cleanup", Time since last: 1547767861 ns, Reaching safepoint: 30946 ns, Cleanup: 20398 ns, At safepoint: 13173 ns, Total: 64517 ns
[2025-05-08T14:05:25.696+0000][72][info ][safepoint   ] Safepoint "Cleanup", Time since last: 22445711821 ns, Reaching safepoint: 40110 ns, Cleanup: 14728 ns, At safepoint: 11032 ns, Total: 65870 ns
[2025-05-08T14:06:04.679+0000][72][info ][safepoint   ] Safepoint "Cleanup", Time since last: 38987918312 ns, Reaching safepoint: 267600 ns, Cleanup: 14267 ns, At safepoint: 59461 ns, Total: 341328 ns
[2025-05-08T14:06:55.594+0000][72][info ][safepoint   ] Safepoint "Cleanup", Time since last: 50917007106 ns, Reaching safepoint: 41273 ns, Cleanup: 19770 ns, At safepoint: 16513 ns, Total: 77556 ns
[2025-05-08T14:07:08.361+0000][72][info ][safepoint   ] Safepoint "Cleanup", Time since last: 12769991603 ns, Reaching safepoint: 8064 ns, Cleanup: 10016 ns, At safepoint: 16364 ns, Total: 34444 ns
[2025-05-08T14:07:25.388+0000][72][info ][safepoint   ] Safepoint "Cleanup", Time since last: 17026948081 ns, Reaching safepoint: 35834 ns, Cleanup: 18324 ns, At safepoint: 15169 ns, Total: 69327 ns
[2025-05-08T14:07:32.387+0000][72][info ][safepoint   ] Safepoint "Cleanup", Time since last: 7001554648 ns, Reaching safepoint: 80732 ns, Cleanup: 22107 ns, At safepoint: 16060 ns, Total: 118899 ns
[2025-05-08T14:07:35.388+0000][72][info ][safepoint   ] Safepoint "Cleanup", Time since last: 3001014266 ns, Reaching safepoint: 25766 ns, Cleanup: 14384 ns, At safepoint: 11127 ns, Total: 51277 ns
[2025-05-08T14:08:34.707+0000][72][info ][safepoint   ] Safepoint "Cleanup", Time since last: 59323099197 ns, Reaching safepoint: 132944 ns, Cleanup: 16062 ns, At safepoint: 69880 ns, Total: 218886 ns
[2025-05-08T14:08:36.719+0000][72][info ][safepoint   ] Safepoint "Cleanup", Time since last: 1995100042 ns, Reaching safepoint: 17017245 ns, Cleanup: 201380 ns, At safepoint: 204770 ns, Total: 17423395 ns
[2025-05-08T14:08:37.764+0000][72][info ][safepoint   ] Safepoint "Cleanup", Time since last: 1044247735 ns, Reaching safepoint: 110771 ns, Cleanup: 23340 ns, At safepoint: 46777 ns, Total: 180888 ns
[2025-05-08T14:08:38.815+0000][72][info ][safepoint   ] Safepoint "Cleanup", Time since last: 1050808137 ns, Reaching safepoint: 309301 ns, Cleanup: 39567 ns, At safepoint: 81959 ns, Total: 430827 ns
[2025-05-08T14:08:40.369+0000][72][info ][safepoint   ] Safepoint "Cleanup", Time since last: 1554146178 ns, Reaching safepoint: 8442 ns, Cleanup: 10683 ns, At safepoint: 15689 ns, Total: 34814 ns
[2025-05-08T14:08:41.895+0000][72][info ][safepoint   ] Safepoint "Cleanup", Time since last: 1524933799 ns, Reaching safepoint: 888974 ns, Cleanup: 18241 ns, At safepoint: 79148 ns, Total: 986363 ns
[2025-05-08T14:08:49.693+0000][72][info ][safepoint   ] Safepoint "Cleanup", Time since last: 7797610034 ns, Reaching safepoint: 19235 ns, Cleanup: 16687 ns, At safepoint: 67370 ns, Total: 103292 ns
[2025-05-08T14:09:05.979+0000][72][info ][safepoint   ] Safepoint "Cleanup", Time since last: 16288697045 ns, Reaching safepoint: 70689 ns, Cleanup: 14064 ns, At safepoint: 73325 ns, Total: 158078 ns
[2025-05-08T14:09:07.983+0000][72][info ][safepoint   ] Safepoint "Cleanup", Time since last: 2004079487 ns, Reaching safepoint: 41867 ns, Cleanup: 21375 ns, At safepoint: 19592 ns, Total: 82834 ns
[2025-05-08T14:09:13.721+0000][72][info ][safepoint   ] Safepoint "Cleanup", Time since last: 5738372411 ns, Reaching safepoint: 26164 ns, Cleanup: 16492 ns, At safepoint: 37110 ns, Total: 79766 ns
[2025-05-08T14:09:15.357+0000][72][info ][safepoint   ] Safepoint "Cleanup", Time since last: 1406969165 ns, Reaching safepoint: 228464293 ns, Cleanup: 41604 ns, At safepoint: 284473 ns, Total: 228790370 ns
[2025-05-08T14:09:16.403+0000][72][info ][safepoint   ] Safepoint "Cleanup", Time since last: 1045720914 ns, Reaching safepoint: 29933 ns, Cleanup: 29311 ns, At safepoint: 13000 ns, Total: 72244 ns
[2025-05-08T14:09:19.031+0000][72][info ][safepoint   ] Safepoint "Cleanup", Time since last: 2628133937 ns, Reaching safepoint: 44495 ns, Cleanup: 20848 ns, At safepoint: 27288 ns, Total: 92631 ns
[2025-05-08T14:09:25.039+0000][72][info ][safepoint   ] Safepoint "Cleanup", Time since last: 6007338958 ns, Reaching safepoint: 37487 ns, Cleanup: 22671 ns, At safepoint: 89933 ns, Total: 150091 ns
[2025-05-08T14:09:42.436+0000][72][info ][safepoint   ] Safepoint "Cleanup", Time since last: 17400346227 ns, Reaching safepoint: 62798 ns, Cleanup: 15229 ns, At safepoint: 8134 ns, Total: 86161 ns
[2025-05-08T14:09:45.505+0000][72][info ][safepoint   ] Safepoint "Cleanup", Time since last: 3068762754 ns, Reaching safepoint: 18209 ns, Cleanup: 15505 ns, At safepoint: 69246 ns, Total: 102960 ns
[2025-05-08T14:10:03.880+0000][72][info ][safepoint   ] Safepoint "Cleanup", Time since last: 18377179150 ns, Reaching safepoint: 35309 ns, Cleanup: 19167 ns, At safepoint: 15998 ns, Total: 70474 ns
[2025-05-08T14:10:06.405+0000][72][info ][safepoint   ] Safepoint "Cleanup", Time since last: 2524389960 ns, Reaching safepoint: 100494 ns, Cleanup: 22211 ns, At safepoint: 14251 ns, Total: 136956 ns
[2025-05-08T14:10:16.683+0000][72][info ][safepoint   ] Safepoint "Cleanup", Time since last: 10278588689 ns, Reaching safepoint: 10155 ns, Cleanup: 12965 ns, At safepoint: 18958 ns, Total: 42078 ns
[2025-05-08T14:10:20.598+0000][72][info ][safepoint   ] Safepoint "Cleanup", Time since last: 3915049769 ns, Reaching safepoint: 36596 ns, Cleanup: 21570 ns, At safepoint: 17243 ns, Total: 75409 ns
[2025-05-08T14:10:57.913+0000][72][info ][safepoint   ] Safepoint "Cleanup", Time since last: 37316838261 ns, Reaching safepoint: 43870 ns, Cleanup: 22544 ns, At safepoint: 17955 ns, Total: 84369 ns
[2025-05-08T14:11:19.689+0000][72][info ][safepoint   ] Safepoint "Cleanup", Time since last: 21780356420 ns, Reaching safepoint: 427318 ns, Cleanup: 17499 ns, At safepoint: 226411 ns, Total: 671228 ns
[2025-05-08T14:11:21.657+0000][72][info ][safepoint   ] Safepoint "Cleanup", Time since last: 1968545212 ns, Reaching safepoint: 34933 ns, Cleanup: 20298 ns, At safepoint: 17693 ns, Total: 72924 ns
[2025-05-08T14:11:25.658+0000][72][info ][safepoint   ] Safepoint "Cleanup", Time since last: 4001054764 ns, Reaching safepoint: 26133 ns, Cleanup: 16912 ns, At safepoint: 11016 ns, Total: 54061 ns
[2025-05-08T14:12:20.943+0000][72][info ][safepoint   ] Safepoint "Cleanup", Time since last: 55288191444 ns, Reaching safepoint: 123973 ns, Cleanup: 22583 ns, At safepoint: 13203 ns, Total: 159759 ns
[2025-05-08T14:12:33.713+0000][72][info ][safepoint   ] Safepoint "Cleanup", Time since last: 12771663917 ns, Reaching safepoint: 85621 ns, Cleanup: 21075 ns, At safepoint: 12705 ns, Total: 119401 ns
[2025-05-08T14:13:24.976+0000][72][info ][safepoint   ] Safepoint "Cleanup", Time since last: 51265460004 ns, Reaching safepoint: 92041 ns, Cleanup: 20141 ns, At safepoint: 18282 ns, Total: 130464 ns
[2025-05-08T14:14:33.833+0000][72][info ][safepoint   ] Safepoint "Cleanup", Time since last: 68864453309 ns, Reaching safepoint: 51382 ns, Cleanup: 21152 ns, At safepoint: 18430 ns, Total: 90964 ns
[2025-05-08T14:14:36.834+0000][72][info ][safepoint   ] Safepoint "Cleanup", Time since last: 3001329267 ns, Reaching safepoint: 68543 ns, Cleanup: 22209 ns, At safepoint: 20162 ns, Total: 110914 ns
[2025-05-08T14:14:43.712+0000][72][info ][safepoint   ] Safepoint "Cleanup", Time since last: 6877441039 ns, Reaching safepoint: 359458 ns, Cleanup: 13591 ns, At safepoint: 38277 ns, Total: 411326 ns
[2025-05-08T14:14:44.857+0000][72][info ][safepoint   ] Safepoint "Cleanup", Time since last: 1144949348 ns, Reaching safepoint: 32479 ns, Cleanup: 17015 ns, At safepoint: 11564 ns, Total: 61058 ns
[2025-05-08T14:14:48.963+0000][72][info ][safepoint   ] Safepoint "Cleanup", Time since last: 4106246238 ns, Reaching safepoint: 37011 ns, Cleanup: 17942 ns, At safepoint: 17014 ns, Total: 71967 ns
[2025-05-08T14:14:55.965+0000][72][info ][safepoint   ] Safepoint "Cleanup", Time since last: 7001741734 ns, Reaching safepoint: 34309 ns, Cleanup: 18407 ns, At safepoint: 13095 ns, Total: 65811 ns
[2025-05-08T14:15:03.965+0000][72][info ][safepoint   ] Safepoint "Cleanup", Time since last: 8001924226 ns, Reaching safepoint: 100982 ns, Cleanup: 32108 ns, At safepoint: 17671 ns, Total: 150761 ns
[2025-05-08T14:15:05.373+0000][72][info ][safepoint   ] Safepoint "Cleanup", Time since last: 1408351051 ns, Reaching safepoint: 15223 ns, Cleanup: 19060 ns, At safepoint: 81979 ns, Total: 116262 ns
[2025-05-08T14:15:07.326+0000][72][info ][safepoint   ] Safepoint "Cleanup", Time since last: 1952463980 ns, Reaching safepoint: 41464 ns, Cleanup: 21352 ns, At safepoint: 15429 ns, Total: 78245 ns
[2025-05-08T14:15:31.731+0000][72][info ][safepoint   ] Safepoint "Cleanup", Time since last: 24408805985 ns, Reaching safepoint: 10744 ns, Cleanup: 11410 ns, At safepoint: 17160 ns, Total: 39314 ns
[2025-05-08T14:15:33.022+0000][72][info ][safepoint   ] Safepoint "Cleanup", Time since last: 1290153069 ns, Reaching safepoint: 37547 ns, Cleanup: 22427 ns, At safepoint: 16918 ns, Total: 76892 ns
[2025-05-08T14:15:34.023+0000][72][info ][safepoint   ] Safepoint "Cleanup", Time since last: 1000743391 ns, Reaching safepoint: 162915 ns, Cleanup: 21013 ns, At safepoint: 73111 ns, Total: 257039 ns
[2025-05-08T14:16:02.271+0000][72][info ][safepoint   ] Safepoint "Cleanup", Time since last: 28250309249 ns, Reaching safepoint: 35588 ns, Cleanup: 17295 ns, At safepoint: 16022 ns, Total: 68905 ns
[2025-05-08T14:16:04.272+0000][72][info ][safepoint   ] Safepoint "Cleanup", Time since last: 2000877894 ns, Reaching safepoint: 41408 ns, Cleanup: 19521 ns, At safepoint: 16984 ns, Total: 77913 ns
[2025-05-08T14:16:13.274+0000][72][info ][safepoint   ] Safepoint "Cleanup", Time since last: 9002205818 ns, Reaching safepoint: 133069 ns, Cleanup: 29917 ns, At safepoint: 17604 ns, Total: 180590 ns
[2025-05-08T14:16:25.277+0000][72][info ][safepoint   ] Safepoint "Cleanup", Time since last: 12002419502 ns, Reaching safepoint: 107306 ns, Cleanup: 29716 ns, At safepoint: 20157 ns, Total: 157179 ns
[2025-05-08T14:16:28.278+0000][72][info ][safepoint   ] Safepoint "Cleanup", Time since last: 3001095807 ns, Reaching safepoint: 36800 ns, Cleanup: 21513 ns, At safepoint: 15752 ns, Total: 74065 ns
[2025-05-08T14:16:29.279+0000][72][info ][safepoint   ] Safepoint "Cleanup", Time since last: 1000687729 ns, Reaching safepoint: 35999 ns, Cleanup: 19636 ns, At safepoint: 15902 ns, Total: 71537 ns
[2025-05-08T14:16:34.278+0000][72][info ][safepoint   ] Safepoint "Cleanup", Time since last: 5001889371 ns, Reaching safepoint: 32637 ns, Cleanup: 18114 ns, At safepoint: 12989 ns, Total: 63740 ns
[2025-05-08T14:16:35.325+0000][72][info ][safepoint   ] Safepoint "Cleanup", Time since last: 1047078659 ns, Reaching safepoint: 24466 ns, Cleanup: 15658 ns, At safepoint: 30563 ns, Total: 70687 ns
[2025-05-08T14:16:48.305+0000][72][info ][safepoint   ] Safepoint "Cleanup", Time since last: 12979733462 ns, Reaching safepoint: 21506 ns, Cleanup: 13266 ns, At safepoint: 9879 ns, Total: 44651 ns
[2025-05-08T14:17:09.304+0000][72][info ][safepoint   ] Safepoint "Cleanup", Time since last: 21003671054 ns, Reaching safepoint: 42179 ns, Cleanup: 23245 ns, At safepoint: 14179 ns, Total: 79603 ns
[2025-05-08T14:17:17.306+0000][72][info ][safepoint   ] Safepoint "Cleanup", Time since last: 8001729891 ns, Reaching safepoint: 71273 ns, Cleanup: 20109 ns, At safepoint: 14136 ns, Total: 105518 ns
[2025-05-08T14:17:32.309+0000][72][info ][safepoint   ] Safepoint "Cleanup", Time since last: 15002998070 ns, Reaching safepoint: 34992 ns, Cleanup: 20801 ns, At safepoint: 55527 ns, Total: 111320 ns
[2025-05-08T14:18:07.337+0000][72][info ][safepoint   ] Safepoint "Cleanup", Time since last: 35030791639 ns, Reaching safepoint: 75986 ns, Cleanup: 16634 ns, At safepoint: 11738 ns, Total: 104358 ns
[2025-05-08T14:18:45.452+0000][72][info ][safepoint   ] Safepoint "Cleanup", Time since last: 38117837710 ns, Reaching safepoint: 45292 ns, Cleanup: 23835 ns, At safepoint: 19106 ns, Total: 88233 ns
[2025-05-08T14:18:47.369+0000][72][info ][safepoint   ] Safepoint "Cleanup", Time since last: 1916806650 ns, Reaching safepoint: 36599 ns, Cleanup: 18446 ns, At safepoint: 16565 ns, Total: 71610 ns
[2025-05-08T14:19:00.372+0000][72][info ][safepoint   ] Safepoint "Cleanup", Time since last: 13002583000 ns, Reaching safepoint: 51478 ns, Cleanup: 27119 ns, At safepoint: 12487 ns, Total: 91084 ns
[2025-05-08T14:19:25.374+0000][72][info ][safepoint   ] Safepoint "Cleanup", Time since last: 25004939051 ns, Reaching safepoint: 84150 ns, Cleanup: 170210 ns, At safepoint: 29485 ns, Total: 283845 ns
[2025-05-08T14:19:46.683+0000][72][info ][safepoint   ] Safepoint "Cleanup", Time since last: 21310727778 ns, Reaching safepoint: 13681 ns, Cleanup: 9201 ns, At safepoint: 4356 ns, Total: 27238 ns
[2025-05-08T14:19:48.532+0000][72][info ][safepoint   ] Safepoint "Cleanup", Time since last: 1848791730 ns, Reaching safepoint: 37749 ns, Cleanup: 31044 ns, At safepoint: 16974 ns, Total: 85767 ns
[2025-05-08T14:19:51.569+0000][72][info ][safepoint   ] Safepoint "Cleanup", Time since last: 3036609185 ns, Reaching safepoint: 82596 ns, Cleanup: 20557 ns, At safepoint: 20098 ns, Total: 123251 ns
[2025-05-08T14:19:52.609+0000][72][info ][safepoint   ] Safepoint "Cleanup", Time since last: 1039939278 ns, Reaching safepoint: 36426 ns, Cleanup: 20787 ns, At safepoint: 17655 ns, Total: 74868 ns
[2025-05-08T14:20:25.451+0000][72][info ][safepoint   ] Safepoint "Cleanup", Time since last: 32844719603 ns, Reaching safepoint: 82754 ns, Cleanup: 21841 ns, At safepoint: 17831 ns, Total: 122426 ns
[2025-05-08T14:21:25.675+0000][72][info ][safepoint   ] Safepoint "Cleanup", Time since last: 60229439709 ns, Reaching safepoint: 50494 ns, Cleanup: 16405 ns, At safepoint: 8105 ns, Total: 75004 ns
[2025-05-08T14:21:28.677+0000][72][info ][safepoint   ] Safepoint "Cleanup", Time since last: 3001120652 ns, Reaching safepoint: 36204 ns, Cleanup: 19559 ns, At safepoint: 16567 ns, Total: 72330 ns
[2025-05-08T14:22:04.729+0000][72][info ][safepoint   ] Safepoint "Cleanup", Time since last: 36057024408 ns, Reaching safepoint: 86944 ns, Cleanup: 23863 ns, At safepoint: 18510 ns, Total: 129317 ns
[2025-05-08T14:22:24.733+0000][72][info ][safepoint   ] Safepoint "Cleanup", Time since last: 20003951647 ns, Reaching safepoint: 67022 ns, Cleanup: 19544 ns, At safepoint: 11571 ns, Total: 98137 ns
[2025-05-08T14:23:25.774+0000][72][info ][safepoint   ] Safepoint "Cleanup", Time since last: 61046702493 ns, Reaching safepoint: 48980 ns, Cleanup: 14748 ns, At safepoint: 9354 ns, Total: 73082 ns
[2025-05-08T14:23:40.672+0000][72][info ][safepoint   ] Safepoint "Cleanup", Time since last: 14900232961 ns, Reaching safepoint: 13836 ns, Cleanup: 11119 ns, At safepoint: 21673 ns, Total: 46628 ns
[2025-05-08T14:23:41.802+0000][72][info ][safepoint   ] Safepoint "Cleanup", Time since last: 1130550342 ns, Reaching safepoint: 35654 ns, Cleanup: 22923 ns, At safepoint: 17030 ns, Total: 75607 ns
[2025-05-08T14:23:52.896+0000][72][info ][safepoint   ] Safepoint "Cleanup", Time since last: 11094026957 ns, Reaching safepoint: 10544 ns, Cleanup: 10657 ns, At safepoint: 17222 ns, Total: 38423 ns
[2025-05-08T14:24:49.904+0000][72][info ][safepoint   ] Safepoint "Cleanup", Time since last: 57012033397 ns, Reaching safepoint: 32705 ns, Cleanup: 12874 ns, At safepoint: 27364 ns, Total: 72943 ns
[2025-05-08T14:26:34.049+0000][72][info ][safepoint   ] Safepoint "Cleanup", Time since last: 104155734655 ns, Reaching safepoint: 69916 ns, Cleanup: 17828 ns, At safepoint: 13004 ns, Total: 100748 ns
[2025-05-08T14:27:05.090+0000][72][info ][gc,start    ] GC(21) Pause Young (Normal) (G1 Evacuation Pause)
[2025-05-08T14:27:05.097+0000][72][info ][gc,task     ] GC(21) Using 10 workers of 10 for evacuation
[2025-05-08T14:27:05.098+0000][72][debug][gc,age      ] GC(21) Desired survivor size 153092096 bytes, new threshold 15 (max threshold 15)
[2025-05-08T14:27:05.347+0000][72][info ][gc,mmu      ] GC(21) MMU target violated: 201.0ms (200.0ms/201.0ms)
[2025-05-08T14:27:05.347+0000][72][info ][gc,phases   ] GC(21)   Pre Evacuate Collection Set: 12.53ms
[2025-05-08T14:27:05.348+0000][72][info ][gc,phases   ] GC(21)   Merge Heap Roots: 4.45ms
[2025-05-08T14:27:05.348+0000][72][info ][gc,phases   ] GC(21)   Evacuate Collection Set: 206.98ms
[2025-05-08T14:27:05.349+0000][72][info ][gc,phases   ] GC(21)   Post Evacuate Collection Set: 19.06ms
[2025-05-08T14:27:05.350+0000][72][info ][gc,phases   ] GC(21)   Other: 10.48ms
[2025-05-08T14:27:05.350+0000][72][trace][gc,age      ] GC(21) Age table with threshold 15 (max threshold 15)
[2025-05-08T14:27:05.350+0000][72][trace][gc,age      ] GC(21) - age   1:    1615208 bytes,    1615208 total
[2025-05-08T14:27:05.351+0000][72][trace][gc,age      ] GC(21) - age   2:     113840 bytes,    1729048 total
[2025-05-08T14:27:05.351+0000][72][trace][gc,age      ] GC(21) - age   3:     455512 bytes,    2184560 total
[2025-05-08T14:27:05.351+0000][72][trace][gc,age      ] GC(21) - age   4:      75224 bytes,    2259784 total
[2025-05-08T14:27:05.352+0000][72][trace][gc,age      ] GC(21) - age   5:      30648 bytes,    2290432 total
[2025-05-08T14:27:05.352+0000][72][trace][gc,age      ] GC(21) - age   6:      36592 bytes,    2327024 total
[2025-05-08T14:27:05.352+0000][72][trace][gc,age      ] GC(21) - age   7:    6649096 bytes,    8976120 total
[2025-05-08T14:27:05.353+0000][72][trace][gc,age      ] GC(21) - age   8:    2599392 bytes,   11575512 total
[2025-05-08T14:27:05.353+0000][72][info ][gc,heap     ] GC(21) Eden regions: 579->0(234)
[2025-05-08T14:27:05.354+0000][72][info ][gc,heap     ] GC(21) Survivor regions: 3->4(73)
[2025-05-08T14:27:05.354+0000][72][info ][gc,heap     ] GC(21) Old regions: 28->28
[2025-05-08T14:27:05.354+0000][72][info ][gc,heap     ] GC(21) Humongous regions: 0->0
[2025-05-08T14:27:05.355+0000][72][info ][gc,metaspace] GC(21) Metaspace: 148869K(152896K)->148869K(152896K) NonClass: 128697K(130880K)->128697K(130880K) Class: 20172K(22016K)->20172K(22016K)
[2025-05-08T14:27:05.357+0000][72][info ][gc          ] GC(21) Pause Young (Normal) (G1 Evacuation Pause) 2436M->121M(3880M) 266.932ms
[2025-05-08T14:27:05.357+0000][72][info ][gc,cpu      ] GC(21) User=1.70s Sys=0.01s Real=0.27s
[2025-05-08T14:27:05.358+0000][72][info ][safepoint   ] Safepoint "G1CollectForAllocation", Time since last: 31038608933 ns, Reaching safepoint: 20230 ns, Cleanup: 5110 ns, At safepoint: 272779124 ns, Total: 272804464 ns
[2025-05-08T14:27:17.374+0000][72][info ][safepoint   ] Safepoint "Cleanup", Time since last: 12015746085 ns, Reaching safepoint: 22829 ns, Cleanup: 18110 ns, At safepoint: 9656 ns, Total: 50595 ns
[2025-05-08T14:27:18.375+0000][72][info ][safepoint   ] Safepoint "Cleanup", Time since last: 1000878541 ns, Reaching safepoint: 28953 ns, Cleanup: 19515 ns, At safepoint: 12837 ns, Total: 61305 ns
[2025-05-08T14:27:30.377+0000][72][info ][safepoint   ] Safepoint "Cleanup", Time since last: 12002622395 ns, Reaching safepoint: 72015 ns, Cleanup: 18447 ns, At safepoint: 32002 ns, Total: 122464 ns
[2025-05-08T14:27:33.376+0000][72][info ][safepoint   ] Safepoint "Cleanup", Time since last: 3000936880 ns, Reaching safepoint: 44400 ns, Cleanup: 23899 ns, At safepoint: 20361 ns, Total: 88660 ns
[2025-05-08T14:28:03.823+0000][72][info ][safepoint   ] Safepoint "Cleanup", Time since last: 30449144908 ns, Reaching safepoint: 79582 ns, Cleanup: 19513 ns, At safepoint: 18008 ns, Total: 117103 ns
[2025-05-08T14:28:07.663+0000][72][info ][safepoint   ] Safepoint "Cleanup", Time since last: 3840379933 ns, Reaching safepoint: 18129 ns, Cleanup: 21313 ns, At safepoint: 74899 ns, Total: 114341 ns
[2025-05-08T14:28:09.428+0000][72][info ][safepoint   ] Safepoint "Cleanup", Time since last: 1765218661 ns, Reaching safepoint: 35491 ns, Cleanup: 21238 ns, At safepoint: 16713 ns, Total: 73442 ns
[2025-05-08T14:28:26.432+0000][72][info ][safepoint   ] Safepoint "Cleanup", Time since last: 17003315813 ns, Reaching safepoint: 47055 ns, Cleanup: 20484 ns, At safepoint: 12207 ns, Total: 79746 ns
[2025-05-08T14:28:47.856+0000][72][info ][safepoint   ] Safepoint "Cleanup", Time since last: 21426460924 ns, Reaching safepoint: 74744 ns, Cleanup: 21195 ns, At safepoint: 34996 ns, Total: 130935 ns
[2025-05-08T14:30:30.636+0000][72][info ][safepoint   ] Safepoint "Cleanup", Time since last: 102787270070 ns, Reaching safepoint: 35156 ns, Cleanup: 18544 ns, At safepoint: 17022 ns, Total: 70722 ns
[2025-05-08T14:31:16.678+0000][72][info ][safepoint   ] Safepoint "Cleanup", Time since last: 46046802282 ns, Reaching safepoint: 19668 ns, Cleanup: 7870 ns, At safepoint: 32536 ns, Total: 60074 ns
[2025-05-08T14:31:17.679+0000][72][info ][safepoint   ] Safepoint "Cleanup", Time since last: 1000748612 ns, Reaching safepoint: 128636 ns, Cleanup: 17822 ns, At safepoint: 53618 ns, Total: 200076 ns
[2025-05-08T14:31:24.702+0000][72][info ][safepoint   ] Safepoint "Cleanup", Time since last: 7023034680 ns, Reaching safepoint: 88981 ns, Cleanup: 22930 ns, At safepoint: 12554 ns, Total: 124465 ns
[2025-05-08T14:32:20.699+0000][72][info ][safepoint   ] Safepoint "Cleanup", Time since last: 56001836734 ns, Reaching safepoint: 104394 ns, Cleanup: 23663 ns, At safepoint: 13829 ns, Total: 141886 ns
[2025-05-08T14:32:32.767+0000][72][info ][safepoint   ] Safepoint "Cleanup", Time since last: 12070238948 ns, Reaching safepoint: 168276 ns, Cleanup: 11717 ns, At safepoint: 70442 ns, Total: 250435 ns
[2025-05-08T14:33:00.989+0000][72][info ][safepoint   ] Safepoint "Cleanup", Time since last: 28221542713 ns, Reaching safepoint: 82172 ns, Cleanup: 18494 ns, At safepoint: 19006 ns, Total: 119672 ns
[2025-05-08T14:33:24.829+0000][72][info ][safepoint   ] Safepoint "Cleanup", Time since last: 23857484476 ns, Reaching safepoint: 242471 ns, Cleanup: 15665 ns, At safepoint: 65238 ns, Total: 323374 ns
[2025-05-08T14:33:48.057+0000][72][info ][safepoint   ] Safepoint "Cleanup", Time since last: 23217294147 ns, Reaching safepoint: 42762 ns, Cleanup: 19128 ns, At safepoint: 16696 ns, Total: 78586 ns
[2025-05-08T14:34:17.062+0000][72][info ][safepoint   ] Safepoint "Cleanup", Time since last: 29005541719 ns, Reaching safepoint: 178817 ns, Cleanup: 19857 ns, At safepoint: 41424 ns, Total: 240098 ns
[2025-05-08T14:34:25.713+0000][72][info ][safepoint   ] Safepoint "Cleanup", Time since last: 8646453563 ns, Reaching safepoint: 4517394 ns, Cleanup: 23086 ns, At safepoint: 171682 ns, Total: 4712162 ns
[2025-05-08T14:34:55.925+0000][72][info ][safepoint   ] Safepoint "Cleanup", Time since last: 30213492276 ns, Reaching safepoint: 1034380 ns, Cleanup: 15151 ns, At safepoint: 87036 ns, Total: 1136567 ns
[2025-05-08T14:34:56.986+0000][72][info ][safepoint   ] Safepoint "Cleanup", Time since last: 1060966454 ns, Reaching safepoint: 14571 ns, Cleanup: 11510 ns, At safepoint: 4735 ns, Total: 30816 ns
[2025-05-08T14:34:58.014+0000][72][info ][safepoint   ] Safepoint "Cleanup", Time since last: 1028160573 ns, Reaching safepoint: 28008 ns, Cleanup: 18333 ns, At safepoint: 10317 ns, Total: 56658 ns
[2025-05-08T14:34:59.041+0000][72][info ][safepoint   ] Safepoint "Cleanup", Time since last: 1027262630 ns, Reaching safepoint: 17279 ns, Cleanup: 18979 ns, At safepoint: 89297 ns, Total: 125555 ns
[2025-05-08T14:35:03.110+0000][72][info ][safepoint   ] Safepoint "Cleanup", Time since last: 4071007033 ns, Reaching safepoint: 36754 ns, Cleanup: 18751 ns, At safepoint: 17611 ns, Total: 73116 ns
[2025-05-08T14:35:29.143+0000][72][info ][safepoint   ] Safepoint "Cleanup", Time since last: 26033128865 ns, Reaching safepoint: 30295 ns, Cleanup: 17430 ns, At safepoint: 93635 ns, Total: 141360 ns
[2025-05-08T14:35:56.123+0000][72][info ][safepoint   ] Safepoint "Cleanup", Time since last: 26982006912 ns, Reaching safepoint: 59222 ns, Cleanup: 21518 ns, At safepoint: 18792 ns, Total: 99532 ns
[2025-05-08T14:36:32.203+0000][72][info ][safepoint   ] Safepoint "Cleanup", Time since last: 36084269746 ns, Reaching safepoint: 100165 ns, Cleanup: 22913 ns, At safepoint: 84803 ns, Total: 207881 ns
[2025-05-08T14:36:48.169+0000][72][info ][safepoint   ] Safepoint "Cleanup", Time since last: 15966569022 ns, Reaching safepoint: 28909 ns, Cleanup: 17071 ns, At safepoint: 9985 ns, Total: 55965 ns
[2025-05-08T14:37:06.169+0000][72][info ][safepoint   ] Safepoint "Cleanup", Time since last: 18003162050 ns, Reaching safepoint: 86141 ns, Cleanup: 23917 ns, At safepoint: 16212 ns, Total: 126270 ns
[2025-05-08T14:37:32.173+0000][72][info ][safepoint   ] Safepoint "Cleanup", Time since last: 26005287118 ns, Reaching safepoint: 23992 ns, Cleanup: 14856 ns, At safepoint: 39454 ns, Total: 78302 ns
[2025-05-08T14:37:33.173+0000][72][info ][safepoint   ] Safepoint "Cleanup", Time since last: 1000576114 ns, Reaching safepoint: 31796 ns, Cleanup: 19813 ns, At safepoint: 20656 ns, Total: 72265 ns
[2025-05-08T14:37:34.633+0000][72][info ][safepoint   ] Safepoint "Cleanup", Time since last: 1459086806 ns, Reaching safepoint: 6553 ns, Cleanup: 6070 ns, At safepoint: 15034 ns, Total: 27657 ns
[2025-05-08T14:37:36.418+0000][72][info ][safepoint   ] Safepoint "Cleanup", Time since last: 1785592730 ns, Reaching safepoint: 37205 ns, Cleanup: 18843 ns, At safepoint: 17005 ns, Total: 73053 ns
[2025-05-08T14:37:39.420+0000][72][info ][safepoint   ] Safepoint "Cleanup", Time since last: 3002043912 ns, Reaching safepoint: 37514 ns, Cleanup: 20137 ns, At safepoint: 19099 ns, Total: 76750 ns
[2025-05-08T14:38:28.207+0000][72][info ][safepoint   ] Safepoint "Cleanup", Time since last: 48789262502 ns, Reaching safepoint: 90056 ns, Cleanup: 14831 ns, At safepoint: 9931 ns, Total: 114818 ns
[2025-05-08T14:38:37.707+0000][72][info ][safepoint   ] Safepoint "Cleanup", Time since last: 9501757533 ns, Reaching safepoint: 43196 ns, Cleanup: 11705 ns, At safepoint: 21244 ns, Total: 76145 ns
[2025-05-08T14:39:25.516+0000][72][info ][safepoint   ] Safepoint "Cleanup", Time since last: 47813909851 ns, Reaching safepoint: 104454 ns, Cleanup: 28252 ns, At safepoint: 22271 ns, Total: 154977 ns
[2025-05-08T14:39:41.558+0000][72][info ][safepoint   ] Safepoint "Cleanup", Time since last: 16043089045 ns, Reaching safepoint: 22504 ns, Cleanup: 23484 ns, At safepoint: 107550 ns, Total: 153538 ns
[2025-05-08T14:39:42.634+0000][72][info ][safepoint   ] Safepoint "Cleanup", Time since last: 1076859202 ns, Reaching safepoint: 14470 ns, Cleanup: 11655 ns, At safepoint: 4742 ns, Total: 30867 ns
[2025-05-08T14:40:03.734+0000][72][info ][safepoint   ] Safepoint "Cleanup", Time since last: 21100922173 ns, Reaching safepoint: 72545 ns, Cleanup: 21285 ns, At safepoint: 11883 ns, Total: 105713 ns
[2025-05-08T14:40:05.445+0000][72][info ][safepoint   ] Safepoint "Cleanup", Time since last: 1710897103 ns, Reaching safepoint: 16972 ns, Cleanup: 21572 ns, At safepoint: 93315 ns, Total: 131859 ns
[2025-05-08T14:40:07.165+0000][72][info ][safepoint   ] Safepoint "Cleanup", Time since last: 1720069606 ns, Reaching safepoint: 30288 ns, Cleanup: 19106 ns, At safepoint: 13029 ns, Total: 62423 ns
[2025-05-08T14:40:44.860+0000][72][info ][safepoint   ] Safepoint "Cleanup", Time since last: 37697256790 ns, Reaching safepoint: 32672 ns, Cleanup: 21429 ns, At safepoint: 25459 ns, Total: 79560 ns
[2025-05-08T14:40:49.301+0000][72][info ][safepoint   ] Safepoint "Cleanup", Time since last: 4441195913 ns, Reaching safepoint: 75896 ns, Cleanup: 19270 ns, At safepoint: 10825 ns, Total: 105991 ns
[2025-05-08T14:41:09.303+0000][72][info ][safepoint   ] Safepoint "Cleanup", Time since last: 20003731765 ns, Reaching safepoint: 33371 ns, Cleanup: 18875 ns, At safepoint: 11969 ns, Total: 64215 ns
[2025-05-08T14:42:39.337+0000][72][info ][safepoint   ] Safepoint "Cleanup", Time since last: 90041760139 ns, Reaching safepoint: 82920 ns, Cleanup: 20802 ns, At safepoint: 20363 ns, Total: 124085 ns
[2025-05-08T14:42:49.900+0000][72][info ][safepoint   ] Safepoint "Cleanup", Time since last: 10563624267 ns, Reaching safepoint: 21869 ns, Cleanup: 18573 ns, At safepoint: 86476 ns, Total: 126918 ns
[2025-05-08T14:43:31.935+0000][72][info ][safepoint   ] Safepoint "Cleanup", Time since last: 42038954227 ns, Reaching safepoint: 46453 ns, Cleanup: 210116 ns, At safepoint: 35413 ns, Total: 291982 ns
[2025-05-08T14:43:41.938+0000][72][info ][safepoint   ] Safepoint "Cleanup", Time since last: 10003712978 ns, Reaching safepoint: 38354 ns, Cleanup: 19233 ns, At safepoint: 17610 ns, Total: 75197 ns
[2025-05-08T14:43:52.960+0000][72][info ][safepoint   ] Safepoint "Cleanup", Time since last: 11021111143 ns, Reaching safepoint: 19571 ns, Cleanup: 15152 ns, At safepoint: 65752 ns, Total: 100475 ns
[2025-05-08T14:44:55.661+0000][72][info ][safepoint   ] Safepoint "Cleanup", Time since last: 62706340163 ns, Reaching safepoint: 322101 ns, Cleanup: 20671 ns, At safepoint: 167029 ns, Total: 509801 ns
[2025-05-08T14:45:06.177+0000][72][info ][safepoint   ] Safepoint "Cleanup", Time since last: 10517530179 ns, Reaching safepoint: 35277 ns, Cleanup: 18213 ns, At safepoint: 16321 ns, Total: 69811 ns
[2025-05-08T14:45:25.218+0000][72][info ][safepoint   ] Safepoint "Cleanup", Time since last: 19041018444 ns, Reaching safepoint: 43348 ns, Cleanup: 24316 ns, At safepoint: 20196 ns, Total: 87860 ns
[2025-05-08T14:46:02.293+0000][72][info ][safepoint   ] Safepoint "Cleanup", Time since last: 37079578314 ns, Reaching safepoint: 24241 ns, Cleanup: 14360 ns, At safepoint: 10273 ns, Total: 48874 ns
[2025-05-08T14:47:02.320+0000][72][info ][safepoint   ] Safepoint "Cleanup", Time since last: 60032176968 ns, Reaching safepoint: 21301 ns, Cleanup: 17426 ns, At safepoint: 74090 ns, Total: 112817 ns
[2025-05-08T14:47:33.365+0000][72][info ][safepoint   ] Safepoint "Cleanup", Time since last: 31047192935 ns, Reaching safepoint: 45293 ns, Cleanup: 22805 ns, At safepoint: 23416 ns, Total: 91514 ns
[2025-05-08T14:49:04.565+0000][72][info ][safepoint   ] Safepoint "Cleanup", Time since last: 91206670499 ns, Reaching safepoint: 147848 ns, Cleanup: 24778 ns, At safepoint: 42203 ns, Total: 214829 ns
[2025-05-08T14:49:08.439+0000][72][info ][safepoint   ] Safepoint "Cleanup", Time since last: 3874414956 ns, Reaching safepoint: 19082 ns, Cleanup: 15736 ns, At safepoint: 21183 ns, Total: 56001 ns
[2025-05-08T14:50:05.492+0000][72][info ][safepoint   ] Safepoint "Cleanup", Time since last: 57057850389 ns, Reaching safepoint: 23036 ns, Cleanup: 8534 ns, At safepoint: 6992 ns, Total: 38562 ns
[2025-05-08T14:50:08.795+0000][72][info ][safepoint   ] Safepoint "Cleanup", Time since last: 3303015970 ns, Reaching safepoint: 28450 ns, Cleanup: 24429 ns, At safepoint: 10642 ns, Total: 63521 ns
[2025-05-08T14:51:04.630+0000][72][info ][safepoint   ] Safepoint "Cleanup", Time since last: 55840431731 ns, Reaching safepoint: 79326 ns, Cleanup: 20405 ns, At safepoint: 33234 ns, Total: 132965 ns
[2025-05-08T14:51:13.689+0000][72][info ][safepoint   ] Safepoint "Cleanup", Time since last: 9058563784 ns, Reaching safepoint: 18080 ns, Cleanup: 14082 ns, At safepoint: 4892 ns, Total: 37054 ns
[2025-05-08T14:51:14.695+0000][72][info ][safepoint   ] Safepoint "Cleanup", Time since last: 1006031898 ns, Reaching safepoint: 31492 ns, Cleanup: 13597 ns, At safepoint: 10083 ns, Total: 55172 ns
[2025-05-08T14:53:19.620+0000][72][info ][safepoint   ] Safepoint "Cleanup", Time since last: 124933911609 ns, Reaching safepoint: 846014 ns, Cleanup: 15856 ns, At safepoint: 86327 ns, Total: 948197 ns
[2025-05-08T14:53:20.877+0000][72][info ][safepoint   ] Safepoint "Cleanup", Time since last: 1256542522 ns, Reaching safepoint: 36384 ns, Cleanup: 21623 ns, At safepoint: 17855 ns, Total: 75862 ns
[2025-05-08T14:53:58.629+0000][72][info ][safepoint   ] Safepoint "Cleanup", Time since last: 37754073673 ns, Reaching safepoint: 88475 ns, Cleanup: 9443 ns, At safepoint: 34537 ns, Total: 132455 ns
[2025-05-08T14:53:59.928+0000][72][info ][safepoint   ] Safepoint "Cleanup", Time since last: 1298767580 ns, Reaching safepoint: 33162 ns, Cleanup: 20083 ns, At safepoint: 15708 ns, Total: 68953 ns
[2025-05-08T14:54:22.613+0000][72][info ][safepoint   ] Safepoint "Cleanup", Time since last: 22688237378 ns, Reaching safepoint: 218716 ns, Cleanup: 17405 ns, At safepoint: 61712 ns, Total: 297833 ns
[2025-05-08T14:55:26.454+0000][72][info ][safepoint   ] Safepoint "Cleanup", Time since last: 63845691963 ns, Reaching safepoint: 18361 ns, Cleanup: 10164 ns, At safepoint: 17211 ns, Total: 45736 ns
[2025-05-08T14:55:35.708+0000][72][info ][safepoint   ] Safepoint "Cleanup", Time since last: 9255140579 ns, Reaching safepoint: 121257 ns, Cleanup: 21313 ns, At safepoint: 61222 ns, Total: 203792 ns
[2025-05-08T14:55:37.145+0000][72][info ][safepoint   ] Safepoint "Cleanup", Time since last: 1437343687 ns, Reaching safepoint: 35947 ns, Cleanup: 17627 ns, At safepoint: 17177 ns, Total: 70751 ns
[2025-05-08T14:57:31.669+0000][72][info ][safepoint   ] Safepoint "Cleanup", Time since last: 114533210153 ns, Reaching safepoint: 18782 ns, Cleanup: 11256 ns, At safepoint: 17334 ns, Total: 47372 ns
[2025-05-08T14:57:33.353+0000][72][info ][safepoint   ] Safepoint "Cleanup", Time since last: 1684379176 ns, Reaching safepoint: 36728 ns, Cleanup: 23612 ns, At safepoint: 15379 ns, Total: 75719 ns
[2025-05-08T15:00:14.545+0000][72][info ][safepoint   ] Safepoint "Cleanup", Time since last: 161203422429 ns, Reaching safepoint: 185415 ns, Cleanup: 13985 ns, At safepoint: 49224 ns, Total: 248624 ns
[2025-05-08T15:00:40.601+0000][72][info ][safepoint   ] Safepoint "Cleanup", Time since last: 26058246125 ns, Reaching safepoint: 26371 ns, Cleanup: 15873 ns, At safepoint: 39494 ns, Total: 81738 ns
[2025-05-08T15:00:41.636+0000][72][info ][safepoint   ] Safepoint "Cleanup", Time since last: 1034689769 ns, Reaching safepoint: 16383 ns, Cleanup: 17980 ns, At safepoint: 69685 ns, Total: 104048 ns
[2025-05-08T15:00:57.958+0000][72][info ][safepoint   ] Safepoint "Cleanup", Time since last: 16321440117 ns, Reaching safepoint: 44358 ns, Cleanup: 25596 ns, At safepoint: 18126 ns, Total: 88080 ns
[2025-05-08T15:03:07.610+0000][72][info ][safepoint   ] Safepoint "Cleanup", Time since last: 129662944595 ns, Reaching safepoint: 1213107 ns, Cleanup: 160034 ns, At safepoint: 363734 ns, Total: 1736875 ns
[2025-05-08T15:03:08.637+0000][72][info ][safepoint   ] Safepoint "Cleanup", Time since last: 1026696598 ns, Reaching safepoint: 288593 ns, Cleanup: 377918 ns, At safepoint: 264567 ns, Total: 931078 ns
[2025-05-08T15:03:09.361+0000][72][info ][gc,start    ] GC(22) Pause Young (Normal) (G1 Evacuation Pause)
[2025-05-08T15:03:09.368+0000][72][info ][gc,task     ] GC(22) Using 10 workers of 10 for evacuation
[2025-05-08T15:03:09.371+0000][72][debug][gc,age      ] GC(22) Desired survivor size 119537664 bytes, new threshold 15 (max threshold 15)
[2025-05-08T15:03:09.442+0000][72][info ][gc,phases   ] GC(22)   Pre Evacuate Collection Set: 3.53ms
[2025-05-08T15:03:09.443+0000][72][info ][gc,phases   ] GC(22)   Merge Heap Roots: 1.76ms
[2025-05-08T15:03:09.443+0000][72][info ][gc,phases   ] GC(22)   Evacuate Collection Set: 53.07ms
[2025-05-08T15:03:09.443+0000][72][info ][gc,phases   ] GC(22)   Post Evacuate Collection Set: 11.47ms
[2025-05-08T15:03:09.444+0000][72][info ][gc,phases   ] GC(22)   Other: 4.94ms
[2025-05-08T15:03:09.444+0000][72][trace][gc,age      ] GC(22) Age table with threshold 15 (max threshold 15)
[2025-05-08T15:03:09.445+0000][72][trace][gc,age      ] GC(22) - age   1:     558872 bytes,     558872 total
[2025-05-08T15:03:09.445+0000][72][trace][gc,age      ] GC(22) - age   2:     197840 bytes,     756712 total
[2025-05-08T15:03:09.445+0000][72][trace][gc,age      ] GC(22) - age   3:     110808 bytes,     867520 total
[2025-05-08T15:03:09.446+0000][72][trace][gc,age      ] GC(22) - age   4:     308456 bytes,    1175976 total
[2025-05-08T15:03:09.446+0000][72][trace][gc,age      ] GC(22) - age   5:      72576 bytes,    1248552 total
[2025-05-08T15:03:09.447+0000][72][trace][gc,age      ] GC(22) - age   6:      29672 bytes,    1278224 total
[2025-05-08T15:03:09.447+0000][72][trace][gc,age      ] GC(22) - age   7:      36056 bytes,    1314280 total
[2025-05-08T15:03:09.447+0000][72][trace][gc,age      ] GC(22) - age   8:    3090312 bytes,    4404592 total
[2025-05-08T15:03:09.448+0000][72][trace][gc,age      ] GC(22) - age   9:    1880712 bytes,    6285304 total
[2025-05-08T15:03:09.448+0000][72][info ][gc,heap     ] GC(22) Eden regions: 451->0(580)
[2025-05-08T15:03:09.448+0000][72][info ][gc,heap     ] GC(22) Survivor regions: 4->2(57)
[2025-05-08T15:03:09.449+0000][72][info ][gc,heap     ] GC(22) Old regions: 28->28
[2025-05-08T15:03:09.449+0000][72][info ][gc,heap     ] GC(22) Humongous regions: 0->0
[2025-05-08T15:03:09.450+0000][72][info ][gc,metaspace] GC(22) Metaspace: 149331K(153280K)->149331K(153280K) NonClass: 129087K(131200K)->129087K(131200K) Class: 20243K(22080K)->20243K(22080K)
[2025-05-08T15:03:09.451+0000][72][info ][gc          ] GC(22) Pause Young (Normal) (G1 Evacuation Pause) 1925M->115M(3880M) 89.389ms
[2025-05-08T15:03:09.451+0000][72][info ][gc,cpu      ] GC(22) User=0.49s Sys=0.01s Real=0.10s
[2025-05-08T15:03:09.451+0000][72][info ][safepoint   ] Safepoint "G1CollectForAllocation", Time since last: 723353836 ns, Reaching safepoint: 4151 ns, Cleanup: 38524 ns, At safepoint: 90737478 ns, Total: 90780153 ns
[2025-05-08T15:03:10.684+0000][72][info ][gc,heap,exit] Heap
[2025-05-08T15:03:10.684+0000][72][info ][gc,heap,exit]  garbage-first heap   total reserved 3973120K, committed 3973120K, used 121170K [0x000000070d800000, 0x0000000800000000)
[2025-05-08T15:03:10.684+0000][72][info ][gc,heap,exit]   region size 4096K, 3 young (12288K), 2 survivors (8192K)
[2025-05-08T15:03:10.685+0000][72][info ][gc,heap,exit]  Metaspace       used 149342K, committed 153344K, reserved 1245184K
[2025-05-08T15:03:10.686+0000][72][info ][gc,heap,exit]   class space    used 20246K, committed 22080K, reserved 1048576K
