[2025-05-08T12:06:39.930+0000][54][info][gc,init] CardTable entry size: 512
[2025-05-08T12:06:39.932+0000][54][info][gc     ] Using G1
[2025-05-08T12:06:39.968+0000][54][info][gc,init] Version: 22+36-2370 (release)
[2025-05-08T12:06:39.971+0000][54][info][gc,init] CPUs: 12 total, 12 available
[2025-05-08T12:06:39.972+0000][54][info][gc,init] Memory: 7757M
[2025-05-08T12:06:39.984+0000][54][info][gc,init] Large Page Support: Disabled
[2025-05-08T12:06:39.990+0000][54][info][gc,init] NUMA Support: Disabled
[2025-05-08T12:06:39.993+0000][54][info][gc,init] Compressed Oops: Enabled (Zero based)
[2025-05-08T12:06:39.999+0000][54][info][gc,init] Heap Region Size: 2M
[2025-05-08T12:06:40.001+0000][54][info][gc,init] Heap Min Capacity: 3878M
[2025-05-08T12:06:40.021+0000][54][info][gc,init] Heap Initial Capacity: 3878M
[2025-05-08T12:06:40.031+0000][54][info][gc,init] Heap Max Capacity: 3878M
[2025-05-08T12:06:40.031+0000][54][info][gc,init] Pre-touch: Disabled
[2025-05-08T12:06:40.032+0000][54][info][gc,init] Parallel Workers: 10
[2025-05-08T12:06:40.032+0000][54][info][gc,init] Concurrent Workers: 3
[2025-05-08T12:06:40.032+0000][54][info][gc,init] Concurrent Refinement Workers: 10
[2025-05-08T12:06:40.033+0000][54][info][gc,init] Periodic GC: Disabled
[2025-05-08T12:06:40.080+0000][54][info][gc,metaspace] CDS archive(s) mapped at: [0x00007f8d6a000000-0x00007f8d6ac74000-0x00007f8d6ac74000), size 13058048, SharedBaseAddress: 0x00007f8d6a000000, ArchiveRelocationMode: 1.
[2025-05-08T12:06:40.092+0000][54][info][gc,metaspace] Compressed class space mapped at: 0x00007f8d6b000000-0x00007f8dab000000, reserved size: 1073741824
[2025-05-08T12:06:40.110+0000][54][info][gc,metaspace] Narrow klass base: 0x00007f8d6a000000, Narrow klass shift: 0, Narrow klass range: 0x100000000
[2025-05-08T12:06:40.338+0000][54][info][gc,heap,exit] Heap
[2025-05-08T12:06:40.345+0000][54][info][gc,heap,exit]  garbage-first heap   total reserved 3971072K, committed 3971072K, used 6177K [0x000000070da00000, 0x0000000800000000)
[2025-05-08T12:06:40.351+0000][54][info][gc,heap,exit]   region size 2048K, 3 young (6144K), 0 survivors (0K)
[2025-05-08T12:06:40.354+0000][54][info][gc,heap,exit]  Metaspace       used 222K, committed 448K, reserved 1114112K
[2025-05-08T12:06:40.357+0000][54][info][gc,heap,exit]   class space    used 5K, committed 128K, reserved 1048576K
