[2025-05-07T23:30:19.037+0000][68][info][gc,init] CardTable entry size: 512
[2025-05-07T23:30:19.039+0000][68][info][gc     ] Using G1
[2025-05-07T23:30:25.439+0000][68][info][gc,init] Version: 22+36-2370 (release)
[2025-05-07T23:30:25.441+0000][68][info][gc,init] CPUs: 12 total, 12 available
[2025-05-07T23:30:25.443+0000][68][info][gc,init] Memory: 7757M
[2025-05-07T23:30:25.443+0000][68][info][gc,init] Large Page Support: Disabled
[2025-05-07T23:30:25.444+0000][68][info][gc,init] NUMA Support: Disabled
[2025-05-07T23:30:25.444+0000][68][info][gc,init] Compressed Oops: Enabled (Zero based)
[2025-05-07T23:30:25.445+0000][68][info][gc,init] Heap Region Size: 4M
[2025-05-07T23:30:25.445+0000][68][info][gc,init] Heap Min Capacity: 3880M
[2025-05-07T23:30:25.446+0000][68][info][gc,init] Heap Initial Capacity: 3880M
[2025-05-07T23:30:25.446+0000][68][info][gc,init] Heap Max Capacity: 3880M
[2025-05-07T23:30:25.446+0000][68][info][gc,init] Pre-touch: Enabled
[2025-05-07T23:30:25.447+0000][68][info][gc,init] Parallel Workers: 10
[2025-05-07T23:30:25.447+0000][68][info][gc,init] Concurrent Workers: 3
[2025-05-07T23:30:25.448+0000][68][info][gc,init] Concurrent Refinement Workers: 10
[2025-05-07T23:30:25.449+0000][68][info][gc,init] Periodic GC: Disabled
[2025-05-07T23:30:25.596+0000][68][info][gc,metaspace] CDS archive(s) mapped at: [0x00007f3f32000000-0x00007f3f32c74000-0x00007f3f32c74000), size 13058048, SharedBaseAddress: 0x00007f3f32000000, ArchiveRelocationMode: 1.
[2025-05-07T23:30:25.597+0000][68][info][gc,metaspace] Compressed class space mapped at: 0x00007f3f33000000-0x00007f3f73000000, reserved size: 1073741824
[2025-05-07T23:30:25.597+0000][68][info][gc,metaspace] Narrow klass base: 0x00007f3f32000000, Narrow klass shift: 0, Narrow klass range: 0x100000000
[2025-05-07T23:30:26.042+0000][68][info][safepoint   ] Safepoint "ICBufferFull", Time since last: 423403359 ns, Reaching safepoint: 180321 ns, Cleanup: 173740 ns, At safepoint: 122854 ns, Total: 476915 ns
[2025-05-07T23:30:26.859+0000][68][info][safepoint   ] Safepoint "ICBufferFull", Time since last: 817503561 ns, Reaching safepoint: 4128 ns, Cleanup: 153206 ns, At safepoint: 7778 ns, Total: 165112 ns
[2025-05-07T23:30:27.494+0000][68][info][safepoint   ] Safepoint "ICBufferFull", Time since last: 634182138 ns, Reaching safepoint: 6786 ns, Cleanup: 288440 ns, At safepoint: 69098 ns, Total: 364324 ns
[2025-05-07T23:30:28.229+0000][68][info][safepoint   ] Safepoint "ICBufferFull", Time since last: 734396749 ns, Reaching safepoint: 7662 ns, Cleanup: 235997 ns, At safepoint: 131444 ns, Total: 375103 ns
[2025-05-07T23:30:28.880+0000][68][info][safepoint   ] Safepoint "ICBufferFull", Time since last: 650766120 ns, Reaching safepoint: 5523 ns, Cleanup: 110447 ns, At safepoint: 33041 ns, Total: 149011 ns
[2025-05-07T23:30:29.699+0000][68][info][gc,start    ] GC(0) Pause Young (Concurrent Start) (Metadata GC Threshold)
[2025-05-07T23:30:29.700+0000][68][info][gc,task     ] GC(0) Using 10 workers of 10 for evacuation
[2025-05-07T23:30:29.701+0000][68][debug][gc,age      ] GC(0) Desired survivor size 12582912 bytes, new threshold 15 (max threshold 15)
[2025-05-07T23:30:29.719+0000][68][info ][gc,phases   ] GC(0)   Pre Evacuate Collection Set: 5.02ms
[2025-05-07T23:30:29.719+0000][68][info ][gc,phases   ] GC(0)   Merge Heap Roots: 0.84ms
[2025-05-07T23:30:29.720+0000][68][info ][gc,phases   ] GC(0)   Evacuate Collection Set: 7.37ms
[2025-05-07T23:30:29.720+0000][68][info ][gc,phases   ] GC(0)   Post Evacuate Collection Set: 3.92ms
[2025-05-07T23:30:29.721+0000][68][info ][gc,phases   ] GC(0)   Other: 1.76ms
[2025-05-07T23:30:29.721+0000][68][trace][gc,age      ] GC(0) Age table with threshold 15 (max threshold 15)
[2025-05-07T23:30:29.722+0000][68][trace][gc,age      ] GC(0) - age   1:   10196952 bytes,   10196952 total
[2025-05-07T23:30:29.722+0000][68][info ][gc,heap     ] GC(0) Eden regions: 44->0(45)
[2025-05-07T23:30:29.723+0000][68][info ][gc,heap     ] GC(0) Survivor regions: 0->3(6)
[2025-05-07T23:30:29.723+0000][68][info ][gc,heap     ] GC(0) Old regions: 1->1
[2025-05-07T23:30:29.723+0000][68][info ][gc,heap     ] GC(0) Humongous regions: 0->0
[2025-05-07T23:30:29.724+0000][68][info ][gc,metaspace] GC(0) Metaspace: 20979K(21504K)->20979K(21504K) NonClass: 18601K(18880K)->18601K(18880K) Class: 2378K(2624K)->2378K(2624K)
[2025-05-07T23:30:29.725+0000][68][info ][gc          ] GC(0) Pause Young (Concurrent Start) (Metadata GC Threshold) 175M->11M(3880M) 25.880ms
[2025-05-07T23:30:29.725+0000][68][info ][gc,cpu      ] GC(0) User=0.04s Sys=0.05s Real=0.03s
[2025-05-07T23:30:29.725+0000][68][info ][gc          ] GC(1) Concurrent Mark Cycle
[2025-05-07T23:30:29.726+0000][68][info ][gc,marking  ] GC(1) Concurrent Scan Root Regions
[2025-05-07T23:30:29.726+0000][68][info ][safepoint   ] Safepoint "CollectForMetadataAllocation", Time since last: 818760494 ns, Reaching safepoint: 6615 ns, Cleanup: 134674 ns, At safepoint: 27509105 ns, Total: 27650394 ns
[2025-05-07T23:30:29.731+0000][68][info ][gc,marking  ] GC(1) Concurrent Scan Root Regions 4.881ms
[2025-05-07T23:30:29.732+0000][68][info ][gc,marking  ] GC(1) Concurrent Mark
[2025-05-07T23:30:29.732+0000][68][info ][gc,marking  ] GC(1) Concurrent Mark From Roots
[2025-05-07T23:30:29.733+0000][68][info ][gc,task     ] GC(1) Using 3 workers of 3 for marking
[2025-05-07T23:30:29.736+0000][68][info ][gc,marking  ] GC(1) Concurrent Mark From Roots 3.501ms
[2025-05-07T23:30:29.736+0000][68][info ][gc,marking  ] GC(1) Concurrent Preclean
[2025-05-07T23:30:29.737+0000][68][info ][gc,marking  ] GC(1) Concurrent Preclean 0.453ms
[2025-05-07T23:30:29.738+0000][68][info ][gc,start    ] GC(1) Pause Remark
[2025-05-07T23:30:29.742+0000][68][info ][gc          ] GC(1) Pause Remark 15M->15M(3880M) 4.669ms
[2025-05-07T23:30:29.743+0000][68][info ][gc,cpu      ] GC(1) User=0.00s Sys=0.01s Real=0.00s
[2025-05-07T23:30:29.743+0000][68][info ][safepoint   ] Safepoint "G1PauseRemark", Time since last: 11360236 ns, Reaching safepoint: 145691 ns, Cleanup: 19568 ns, At safepoint: 5682632 ns, Total: 5847891 ns
[2025-05-07T23:30:29.744+0000][68][info ][gc,marking  ] GC(1) Concurrent Mark 11.916ms
[2025-05-07T23:30:29.744+0000][68][info ][gc,marking  ] GC(1) Concurrent Rebuild Remembered Sets and Scrub Regions
[2025-05-07T23:30:29.746+0000][68][info ][gc,marking  ] GC(1) Concurrent Rebuild Remembered Sets and Scrub Regions 1.704ms
[2025-05-07T23:30:29.747+0000][68][info ][gc,start    ] GC(1) Pause Cleanup
[2025-05-07T23:30:29.748+0000][68][info ][gc          ] GC(1) Pause Cleanup 15M->15M(3880M) 0.949ms
[2025-05-07T23:30:29.748+0000][68][info ][gc,cpu      ] GC(1) User=0.00s Sys=0.00s Real=0.00s
[2025-05-07T23:30:29.749+0000][68][info ][safepoint   ] Safepoint "G1PauseCleanup", Time since last: 3555894 ns, Reaching safepoint: 5624 ns, Cleanup: 4560 ns, At safepoint: 1815022 ns, Total: 1825206 ns
[2025-05-07T23:30:29.749+0000][68][info ][gc,marking  ] GC(1) Concurrent Clear Claimed Marks
[2025-05-07T23:30:29.749+0000][68][info ][gc,marking  ] GC(1) Concurrent Clear Claimed Marks 0.446ms
[2025-05-07T23:30:29.750+0000][68][info ][gc,marking  ] GC(1) Concurrent Cleanup for Next Mark
[2025-05-07T23:30:29.756+0000][68][info ][gc,marking  ] GC(1) Concurrent Cleanup for Next Mark 6.124ms
[2025-05-07T23:30:29.757+0000][68][info ][gc          ] GC(1) Concurrent Mark Cycle 31.466ms
[2025-05-07T23:30:30.896+0000][68][info ][safepoint   ] Safepoint "ICBufferFull", Time since last: 1146727756 ns, Reaching safepoint: 7351 ns, Cleanup: 170536 ns, At safepoint: 138118 ns, Total: 316005 ns
[2025-05-07T23:30:31.052+0000][68][info ][gc,start    ] GC(2) Pause Young (Prepare Mixed) (G1 Evacuation Pause)
[2025-05-07T23:30:31.053+0000][68][info ][gc,task     ] GC(2) Using 10 workers of 10 for evacuation
[2025-05-07T23:30:31.053+0000][68][debug][gc,age      ] GC(2) Desired survivor size 12582912 bytes, new threshold 15 (max threshold 15)
[2025-05-07T23:30:31.064+0000][68][info ][gc,phases   ] GC(2)   Pre Evacuate Collection Set: 0.41ms
[2025-05-07T23:30:31.064+0000][68][info ][gc,phases   ] GC(2)   Merge Heap Roots: 0.20ms
[2025-05-07T23:30:31.065+0000][68][info ][gc,phases   ] GC(2)   Evacuate Collection Set: 7.40ms
[2025-05-07T23:30:31.065+0000][68][info ][gc,phases   ] GC(2)   Post Evacuate Collection Set: 1.91ms
[2025-05-07T23:30:31.065+0000][68][info ][gc,phases   ] GC(2)   Other: 0.78ms
[2025-05-07T23:30:31.066+0000][68][trace][gc,age      ] GC(2) Age table with threshold 15 (max threshold 15)
[2025-05-07T23:30:31.066+0000][68][trace][gc,age      ] GC(2) - age   1:    6675376 bytes,    6675376 total
[2025-05-07T23:30:31.067+0000][68][trace][gc,age      ] GC(2) - age   2:    9293952 bytes,   15969328 total
[2025-05-07T23:30:31.067+0000][68][info ][gc,heap     ] GC(2) Eden regions: 45->0(43)
[2025-05-07T23:30:31.068+0000][68][info ][gc,heap     ] GC(2) Survivor regions: 3->5(6)
[2025-05-07T23:30:31.068+0000][68][info ][gc,heap     ] GC(2) Old regions: 1->1
[2025-05-07T23:30:31.068+0000][68][info ][gc,heap     ] GC(2) Humongous regions: 0->0
[2025-05-07T23:30:31.069+0000][68][info ][gc,metaspace] GC(2) Metaspace: 27618K(28224K)->27618K(28224K) NonClass: 24504K(24832K)->24504K(24832K) Class: 3114K(3392K)->3114K(3392K)
[2025-05-07T23:30:31.069+0000][68][info ][gc          ] GC(2) Pause Young (Prepare Mixed) (G1 Evacuation Pause) 191M->17M(3880M) 16.951ms
[2025-05-07T23:30:31.070+0000][68][info ][gc,cpu      ] GC(2) User=0.06s Sys=0.00s Real=0.02s
[2025-05-07T23:30:31.070+0000][68][info ][safepoint   ] Safepoint "G1CollectForAllocation", Time since last: 156762983 ns, Reaching safepoint: 7125 ns, Cleanup: 54514 ns, At safepoint: 17813572 ns, Total: 17875211 ns
[2025-05-07T23:30:31.847+0000][68][info ][gc,start    ] GC(3) Pause Young (Mixed) (G1 Evacuation Pause)
[2025-05-07T23:30:31.847+0000][68][info ][gc,task     ] GC(3) Using 10 workers of 10 for evacuation
[2025-05-07T23:30:31.848+0000][68][debug][gc,age      ] GC(3) Desired survivor size 12582912 bytes, new threshold 2 (max threshold 15)
[2025-05-07T23:30:31.868+0000][68][info ][gc,phases   ] GC(3)   Pre Evacuate Collection Set: 0.40ms
[2025-05-07T23:30:31.868+0000][68][info ][gc,phases   ] GC(3)   Merge Heap Roots: 0.18ms
[2025-05-07T23:30:31.869+0000][68][info ][gc,phases   ] GC(3)   Evacuate Collection Set: 17.01ms
[2025-05-07T23:30:31.869+0000][68][info ][gc,phases   ] GC(3)   Post Evacuate Collection Set: 2.02ms
[2025-05-07T23:30:31.869+0000][68][info ][gc,phases   ] GC(3)   Other: 0.81ms
[2025-05-07T23:30:31.870+0000][68][trace][gc,age      ] GC(3) Age table with threshold 2 (max threshold 15)
[2025-05-07T23:30:31.870+0000][68][trace][gc,age      ] GC(3) - age   1:    5448136 bytes,    5448136 total
[2025-05-07T23:30:31.871+0000][68][trace][gc,age      ] GC(3) - age   2:    4254472 bytes,    9702608 total
[2025-05-07T23:30:31.871+0000][68][info ][gc,heap     ] GC(3) Eden regions: 43->0(91)
[2025-05-07T23:30:31.871+0000][68][info ][gc,heap     ] GC(3) Survivor regions: 5->3(6)
[2025-05-07T23:30:31.872+0000][68][info ][gc,heap     ] GC(3) Old regions: 1->3
[2025-05-07T23:30:31.872+0000][68][info ][gc,heap     ] GC(3) Humongous regions: 0->0
[2025-05-07T23:30:31.873+0000][68][info ][gc,metaspace] GC(3) Metaspace: 29306K(30016K)->29306K(30016K) NonClass: 25889K(26304K)->25889K(26304K) Class: 3416K(3712K)->3416K(3712K)
[2025-05-07T23:30:31.873+0000][68][info ][gc          ] GC(3) Pause Young (Mixed) (G1 Evacuation Pause) 189M->21M(3880M) 26.239ms
[2025-05-07T23:30:31.873+0000][68][info ][gc,cpu      ] GC(3) User=0.12s Sys=0.00s Real=0.02s
[2025-05-07T23:30:31.874+0000][68][info ][safepoint   ] Safepoint "G1CollectForAllocation", Time since last: 776356237 ns, Reaching safepoint: 6921 ns, Cleanup: 170211 ns, At safepoint: 27209998 ns, Total: 27387130 ns
[2025-05-07T23:30:32.806+0000][68][info ][safepoint   ] Safepoint "ICBufferFull", Time since last: 932007639 ns, Reaching safepoint: 5780 ns, Cleanup: 210154 ns, At safepoint: 13810 ns, Total: 229744 ns
[2025-05-07T23:30:32.895+0000][68][info ][gc,start    ] GC(4) Pause Young (Normal) (G1 Evacuation Pause)
[2025-05-07T23:30:32.896+0000][68][info ][gc,task     ] GC(4) Using 10 workers of 10 for evacuation
[2025-05-07T23:30:32.896+0000][68][debug][gc,age      ] GC(4) Desired survivor size 25165824 bytes, new threshold 15 (max threshold 15)
[2025-05-07T23:30:32.900+0000][68][info ][gc,phases   ] GC(4)   Pre Evacuate Collection Set: 0.37ms
[2025-05-07T23:30:32.901+0000][68][info ][gc,phases   ] GC(4)   Merge Heap Roots: 0.21ms
[2025-05-07T23:30:32.901+0000][68][info ][gc,phases   ] GC(4)   Evacuate Collection Set: 2.53ms
[2025-05-07T23:30:32.901+0000][68][info ][gc,phases   ] GC(4)   Post Evacuate Collection Set: 0.73ms
[2025-05-07T23:30:32.902+0000][68][info ][gc,phases   ] GC(4)   Other: 0.77ms
[2025-05-07T23:30:32.902+0000][68][trace][gc,age      ] GC(4) Age table with threshold 15 (max threshold 15)
[2025-05-07T23:30:32.902+0000][68][trace][gc,age      ] GC(4) - age   1:    3687192 bytes,    3687192 total
[2025-05-07T23:30:32.902+0000][68][trace][gc,age      ] GC(4) - age   2:    4192208 bytes,    7879400 total
[2025-05-07T23:30:32.903+0000][68][trace][gc,age      ] GC(4) - age   3:    4252488 bytes,   12131888 total
[2025-05-07T23:30:32.903+0000][68][info ][gc,heap     ] GC(4) Eden regions: 91->0(578)
[2025-05-07T23:30:32.903+0000][68][info ][gc,heap     ] GC(4) Survivor regions: 3->4(12)
[2025-05-07T23:30:32.904+0000][68][info ][gc,heap     ] GC(4) Old regions: 3->3
[2025-05-07T23:30:32.904+0000][68][info ][gc,heap     ] GC(4) Humongous regions: 0->0
[2025-05-07T23:30:32.904+0000][68][info ][gc,metaspace] GC(4) Metaspace: 31289K(32064K)->31289K(32064K) NonClass: 27650K(28096K)->27650K(28096K) Class: 3639K(3968K)->3639K(3968K)
[2025-05-07T23:30:32.905+0000][68][info ][gc          ] GC(4) Pause Young (Normal) (G1 Evacuation Pause) 385M->24M(3880M) 9.524ms
[2025-05-07T23:30:32.905+0000][68][info ][gc,cpu      ] GC(4) User=0.02s Sys=0.00s Real=0.01s
[2025-05-07T23:30:32.905+0000][68][info ][safepoint   ] Safepoint "G1CollectForAllocation", Time since last: 88723217 ns, Reaching safepoint: 5376 ns, Cleanup: 41483 ns, At safepoint: 10225986 ns, Total: 10272845 ns
[2025-05-07T23:30:33.410+0000][68][info ][gc,start    ] GC(5) Pause Young (Concurrent Start) (Metadata GC Threshold)
[2025-05-07T23:30:33.410+0000][68][info ][gc,task     ] GC(5) Using 10 workers of 10 for evacuation
[2025-05-07T23:30:33.411+0000][68][debug][gc,age      ] GC(5) Desired survivor size 153092096 bytes, new threshold 15 (max threshold 15)
[2025-05-07T23:30:33.417+0000][68][info ][gc,phases   ] GC(5)   Pre Evacuate Collection Set: 0.45ms
[2025-05-07T23:30:33.418+0000][68][info ][gc,phases   ] GC(5)   Merge Heap Roots: 0.16ms
[2025-05-07T23:30:33.418+0000][68][info ][gc,phases   ] GC(5)   Evacuate Collection Set: 4.10ms
[2025-05-07T23:30:33.418+0000][68][info ][gc,phases   ] GC(5)   Post Evacuate Collection Set: 1.14ms
[2025-05-07T23:30:33.418+0000][68][info ][gc,phases   ] GC(5)   Other: 0.92ms
[2025-05-07T23:30:33.419+0000][68][trace][gc,age      ] GC(5) Age table with threshold 15 (max threshold 15)
[2025-05-07T23:30:33.419+0000][68][trace][gc,age      ] GC(5) - age   1:    3241952 bytes,    3241952 total
[2025-05-07T23:30:33.420+0000][68][trace][gc,age      ] GC(5) - age   2:    3510056 bytes,    6752008 total
[2025-05-07T23:30:33.420+0000][68][trace][gc,age      ] GC(5) - age   3:    4191136 bytes,   10943144 total
[2025-05-07T23:30:33.421+0000][68][trace][gc,age      ] GC(5) - age   4:    4252488 bytes,   15195632 total
[2025-05-07T23:30:33.421+0000][68][info ][gc,heap     ] GC(5) Eden regions: 13->0(578)
[2025-05-07T23:30:33.422+0000][68][info ][gc,heap     ] GC(5) Survivor regions: 4->4(73)
[2025-05-07T23:30:33.422+0000][68][info ][gc,heap     ] GC(5) Old regions: 3->3
[2025-05-07T23:30:33.423+0000][68][info ][gc,heap     ] GC(5) Humongous regions: 0->0
[2025-05-07T23:30:33.423+0000][68][info ][gc,metaspace] GC(5) Metaspace: 35340K(36096K)->35340K(36096K) NonClass: 31238K(31680K)->31238K(31680K) Class: 4101K(4416K)->4101K(4416K)
[2025-05-07T23:30:33.423+0000][68][info ][gc          ] GC(5) Pause Young (Concurrent Start) (Metadata GC Threshold) 74M->26M(3880M) 13.571ms
[2025-05-07T23:30:33.424+0000][68][info ][gc,cpu      ] GC(5) User=0.05s Sys=0.00s Real=0.02s
[2025-05-07T23:30:33.424+0000][68][info ][gc          ] GC(6) Concurrent Mark Cycle
[2025-05-07T23:30:33.425+0000][68][info ][gc,marking  ] GC(6) Concurrent Scan Root Regions
[2025-05-07T23:30:33.425+0000][68][info ][safepoint   ] Safepoint "CollectForMetadataAllocation", Time since last: 504352810 ns, Reaching safepoint: 6413 ns, Cleanup: 150142 ns, At safepoint: 14938028 ns, Total: 15094583 ns
[2025-05-07T23:30:33.429+0000][68][info ][gc,marking  ] GC(6) Concurrent Scan Root Regions 4.035ms
[2025-05-07T23:30:33.429+0000][68][info ][gc,marking  ] GC(6) Concurrent Mark
[2025-05-07T23:30:33.430+0000][68][info ][gc,marking  ] GC(6) Concurrent Mark From Roots
[2025-05-07T23:30:33.430+0000][68][info ][gc,task     ] GC(6) Using 3 workers of 3 for marking
[2025-05-07T23:30:33.438+0000][68][info ][gc,marking  ] GC(6) Concurrent Mark From Roots 8.517ms
[2025-05-07T23:30:33.439+0000][68][info ][gc,marking  ] GC(6) Concurrent Preclean
[2025-05-07T23:30:33.439+0000][68][info ][gc,marking  ] GC(6) Concurrent Preclean 0.552ms
[2025-05-07T23:30:33.440+0000][68][info ][gc,start    ] GC(6) Pause Remark
[2025-05-07T23:30:33.447+0000][68][info ][gc          ] GC(6) Pause Remark 32M->32M(3880M) 7.047ms
[2025-05-07T23:30:33.448+0000][68][info ][gc,cpu      ] GC(6) User=0.03s Sys=0.00s Real=0.01s
[2025-05-07T23:30:33.448+0000][68][info ][safepoint   ] Safepoint "G1PauseRemark", Time since last: 15177535 ns, Reaching safepoint: 147624 ns, Cleanup: 18181 ns, At safepoint: 7789051 ns, Total: 7954856 ns
[2025-05-07T23:30:33.448+0000][68][info ][gc,marking  ] GC(6) Concurrent Mark 18.759ms
[2025-05-07T23:30:33.448+0000][68][info ][gc,marking  ] GC(6) Concurrent Rebuild Remembered Sets and Scrub Regions
[2025-05-07T23:30:33.454+0000][68][info ][gc,marking  ] GC(6) Concurrent Rebuild Remembered Sets and Scrub Regions 5.523ms
[2025-05-07T23:30:33.455+0000][68][info ][gc,start    ] GC(6) Pause Cleanup
[2025-05-07T23:30:33.456+0000][68][info ][gc          ] GC(6) Pause Cleanup 36M->36M(3880M) 1.163ms
[2025-05-07T23:30:33.456+0000][68][info ][gc,cpu      ] GC(6) User=0.00s Sys=0.00s Real=0.00s
[2025-05-07T23:30:33.457+0000][68][info ][safepoint   ] Safepoint "G1PauseCleanup", Time since last: 6733344 ns, Reaching safepoint: 140596 ns, Cleanup: 13232 ns, At safepoint: 2032606 ns, Total: 2186434 ns
[2025-05-07T23:30:33.457+0000][68][info ][gc,marking  ] GC(6) Concurrent Clear Claimed Marks
[2025-05-07T23:30:33.458+0000][68][info ][gc,marking  ] GC(6) Concurrent Clear Claimed Marks 0.798ms
[2025-05-07T23:30:33.458+0000][68][info ][gc,marking  ] GC(6) Concurrent Cleanup for Next Mark
[2025-05-07T23:30:33.463+0000][68][info ][gc,marking  ] GC(6) Concurrent Cleanup for Next Mark 4.457ms
[2025-05-07T23:30:33.463+0000][68][info ][gc          ] GC(6) Concurrent Mark Cycle 39.377ms
[2025-05-07T23:30:34.458+0000][68][info ][safepoint   ] Safepoint "Cleanup", Time since last: 1000588116 ns, Reaching safepoint: 217156 ns, Cleanup: 220689 ns, At safepoint: 79204 ns, Total: 517049 ns
[2025-05-07T23:30:35.459+0000][68][info ][safepoint   ] Safepoint "Cleanup", Time since last: 1000796906 ns, Reaching safepoint: 139742 ns, Cleanup: 167631 ns, At safepoint: 122001 ns, Total: 429374 ns
[2025-05-07T23:30:36.462+0000][68][info ][safepoint   ] Safepoint "Cleanup", Time since last: 1000730237 ns, Reaching safepoint: 2301815 ns, Cleanup: 217707 ns, At safepoint: 72715 ns, Total: 2592237 ns
[2025-05-07T23:30:38.329+0000][68][info ][gc,start    ] GC(7) Pause Young (Prepare Mixed) (Metadata GC Threshold)
[2025-05-07T23:30:38.330+0000][68][info ][gc,task     ] GC(7) Using 10 workers of 10 for evacuation
[2025-05-07T23:30:38.330+0000][68][debug][gc,age      ] GC(7) Desired survivor size 153092096 bytes, new threshold 15 (max threshold 15)
[2025-05-07T23:30:38.347+0000][68][info ][gc,phases   ] GC(7)   Pre Evacuate Collection Set: 0.43ms
[2025-05-07T23:30:38.348+0000][68][info ][gc,phases   ] GC(7)   Merge Heap Roots: 0.25ms
[2025-05-07T23:30:38.348+0000][68][info ][gc,phases   ] GC(7)   Evacuate Collection Set: 13.59ms
[2025-05-07T23:30:38.349+0000][68][info ][gc,phases   ] GC(7)   Post Evacuate Collection Set: 2.26ms
[2025-05-07T23:30:38.350+0000][68][info ][gc,phases   ] GC(7)   Other: 1.05ms
[2025-05-07T23:30:38.350+0000][68][trace][gc,age      ] GC(7) Age table with threshold 15 (max threshold 15)
[2025-05-07T23:30:38.351+0000][68][trace][gc,age      ] GC(7) - age   1:   14987040 bytes,   14987040 total
[2025-05-07T23:30:38.351+0000][68][trace][gc,age      ] GC(7) - age   2:    3220560 bytes,   18207600 total
[2025-05-07T23:30:38.352+0000][68][trace][gc,age      ] GC(7) - age   3:    3497152 bytes,   21704752 total
[2025-05-07T23:30:38.352+0000][68][trace][gc,age      ] GC(7) - age   4:    4174680 bytes,   25879432 total
[2025-05-07T23:30:38.352+0000][68][trace][gc,age      ] GC(7) - age   5:    4237072 bytes,   30116504 total
[2025-05-07T23:30:38.353+0000][68][info ][gc,heap     ] GC(7) Eden regions: 225->0(337)
[2025-05-07T23:30:38.353+0000][68][info ][gc,heap     ] GC(7) Survivor regions: 4->8(73)
[2025-05-07T23:30:38.354+0000][68][info ][gc,heap     ] GC(7) Old regions: 3->3
[2025-05-07T23:30:38.354+0000][68][info ][gc,heap     ] GC(7) Humongous regions: 0->0
[2025-05-07T23:30:38.355+0000][68][info ][gc,metaspace] GC(7) Metaspace: 58997K(60288K)->58997K(60288K) NonClass: 51493K(52224K)->51493K(52224K) Class: 7503K(8064K)->7503K(8064K)
[2025-05-07T23:30:38.355+0000][68][info ][gc          ] GC(7) Pause Young (Prepare Mixed) (Metadata GC Threshold) 926M->43M(3880M) 26.175ms
[2025-05-07T23:30:38.355+0000][68][info ][gc,cpu      ] GC(7) User=0.09s Sys=0.00s Real=0.03s
[2025-05-07T23:30:38.357+0000][68][info ][safepoint   ] Safepoint "CollectForMetadataAllocation", Time since last: 1869178564 ns, Reaching safepoint: 157652 ns, Cleanup: 176976 ns, At safepoint: 28626881 ns, Total: 28961509 ns
[2025-05-07T23:30:38.398+0000][68][info ][gc,start    ] GC(8) Pause Young (Mixed) (Metadata GC Threshold)
[2025-05-07T23:30:38.399+0000][68][info ][gc,task     ] GC(8) Using 10 workers of 10 for evacuation
[2025-05-07T23:30:38.399+0000][68][debug][gc,age      ] GC(8) Desired survivor size 92274688 bytes, new threshold 15 (max threshold 15)
[2025-05-07T23:30:38.412+0000][68][info ][gc,phases   ] GC(8)   Pre Evacuate Collection Set: 0.73ms
[2025-05-07T23:30:38.413+0000][68][info ][gc,phases   ] GC(8)   Merge Heap Roots: 0.55ms
[2025-05-07T23:30:38.413+0000][68][info ][gc,phases   ] GC(8)   Evacuate Collection Set: 9.41ms
[2025-05-07T23:30:38.413+0000][68][info ][gc,phases   ] GC(8)   Post Evacuate Collection Set: 1.78ms
[2025-05-07T23:30:38.414+0000][68][info ][gc,phases   ] GC(8)   Other: 0.77ms
[2025-05-07T23:30:38.414+0000][68][trace][gc,age      ] GC(8) Age table with threshold 15 (max threshold 15)
[2025-05-07T23:30:38.414+0000][68][trace][gc,age      ] GC(8) - age   1:      76648 bytes,      76648 total
[2025-05-07T23:30:38.415+0000][68][trace][gc,age      ] GC(8) - age   2:   14697112 bytes,   14773760 total
[2025-05-07T23:30:38.415+0000][68][trace][gc,age      ] GC(8) - age   3:    3220560 bytes,   17994320 total
[2025-05-07T23:30:38.416+0000][68][trace][gc,age      ] GC(8) - age   4:    3496960 bytes,   21491280 total
[2025-05-07T23:30:38.416+0000][68][trace][gc,age      ] GC(8) - age   5:    4174616 bytes,   25665896 total
[2025-05-07T23:30:38.416+0000][68][trace][gc,age      ] GC(8) - age   6:    4235952 bytes,   29901848 total
[2025-05-07T23:30:38.417+0000][68][info ][gc,heap     ] GC(8) Eden regions: 2->0(208)
[2025-05-07T23:30:38.417+0000][68][info ][gc,heap     ] GC(8) Survivor regions: 8->9(44)
[2025-05-07T23:30:38.417+0000][68][info ][gc,heap     ] GC(8) Old regions: 3->3
[2025-05-07T23:30:38.418+0000][68][info ][gc,heap     ] GC(8) Humongous regions: 0->0
[2025-05-07T23:30:38.418+0000][68][info ][gc,metaspace] GC(8) Metaspace: 59305K(60608K)->59305K(60608K) NonClass: 51750K(52480K)->51750K(52480K) Class: 7554K(8128K)->7554K(8128K)
[2025-05-07T23:30:38.418+0000][68][info ][gc          ] GC(8) Pause Young (Mixed) (Metadata GC Threshold) 49M->43M(3880M) 19.897ms
[2025-05-07T23:30:38.419+0000][68][info ][gc,cpu      ] GC(8) User=0.08s Sys=0.00s Real=0.02s
[2025-05-07T23:30:38.420+0000][68][info ][safepoint   ] Safepoint "CollectForMetadataAllocation", Time since last: 40954754 ns, Reaching safepoint: 4381 ns, Cleanup: 11519 ns, At safepoint: 21984172 ns, Total: 22000072 ns
[2025-05-07T23:30:38.468+0000][68][info ][gc,start    ] GC(9) Pause Young (Concurrent Start) (Metadata GC Threshold)
[2025-05-07T23:30:38.469+0000][68][info ][gc,task     ] GC(9) Using 10 workers of 10 for evacuation
[2025-05-07T23:30:38.469+0000][68][debug][gc,age      ] GC(9) Desired survivor size 58720256 bytes, new threshold 15 (max threshold 15)
[2025-05-07T23:30:38.482+0000][68][info ][gc,phases   ] GC(9)   Pre Evacuate Collection Set: 0.47ms
[2025-05-07T23:30:38.483+0000][68][info ][gc,phases   ] GC(9)   Merge Heap Roots: 0.25ms
[2025-05-07T23:30:38.483+0000][68][info ][gc,phases   ] GC(9)   Evacuate Collection Set: 9.00ms
[2025-05-07T23:30:38.484+0000][68][info ][gc,phases   ] GC(9)   Post Evacuate Collection Set: 2.49ms
[2025-05-07T23:30:38.484+0000][68][info ][gc,phases   ] GC(9)   Other: 1.19ms
[2025-05-07T23:30:38.485+0000][68][trace][gc,age      ] GC(9) Age table with threshold 15 (max threshold 15)
[2025-05-07T23:30:38.485+0000][68][trace][gc,age      ] GC(9) - age   1:      81744 bytes,      81744 total
[2025-05-07T23:30:38.486+0000][68][trace][gc,age      ] GC(9) - age   2:      59880 bytes,     141624 total
[2025-05-07T23:30:38.486+0000][68][trace][gc,age      ] GC(9) - age   3:   14696432 bytes,   14838056 total
[2025-05-07T23:30:38.487+0000][68][trace][gc,age      ] GC(9) - age   4:    3220560 bytes,   18058616 total
[2025-05-07T23:30:38.487+0000][68][trace][gc,age      ] GC(9) - age   5:    3496960 bytes,   21555576 total
[2025-05-07T23:30:38.488+0000][68][trace][gc,age      ] GC(9) - age   6:    4174560 bytes,   25730136 total
[2025-05-07T23:30:38.489+0000][68][trace][gc,age      ] GC(9) - age   7:    4235952 bytes,   29966088 total
[2025-05-07T23:30:38.489+0000][68][info ][gc,heap     ] GC(9) Eden regions: 1->0(438)
[2025-05-07T23:30:38.489+0000][68][info ][gc,heap     ] GC(9) Survivor regions: 9->8(28)
[2025-05-07T23:30:38.490+0000][68][info ][gc,heap     ] GC(9) Old regions: 3->3
[2025-05-07T23:30:38.490+0000][68][info ][gc,heap     ] GC(9) Humongous regions: 0->0
[2025-05-07T23:30:38.491+0000][68][info ][gc,metaspace] GC(9) Metaspace: 59661K(60928K)->59661K(60928K) NonClass: 52043K(52800K)->52043K(52800K) Class: 7617K(8128K)->7617K(8128K)
[2025-05-07T23:30:38.491+0000][68][info ][gc          ] GC(9) Pause Young (Concurrent Start) (Metadata GC Threshold) 47M->42M(3880M) 22.684ms
[2025-05-07T23:30:38.492+0000][68][info ][gc,cpu      ] GC(9) User=0.07s Sys=0.00s Real=0.03s
[2025-05-07T23:30:38.492+0000][68][info ][gc          ] GC(10) Concurrent Mark Cycle
[2025-05-07T23:30:38.492+0000][68][info ][gc,marking  ] GC(10) Concurrent Scan Root Regions
[2025-05-07T23:30:38.494+0000][68][info ][safepoint   ] Safepoint "CollectForMetadataAllocation", Time since last: 47880051 ns, Reaching safepoint: 6214 ns, Cleanup: 19440 ns, At safepoint: 25245258 ns, Total: 25270912 ns
[2025-05-07T23:30:38.499+0000][68][info ][gc,marking  ] GC(10) Concurrent Scan Root Regions 6.760ms
[2025-05-07T23:30:38.500+0000][68][info ][gc,marking  ] GC(10) Concurrent Mark
[2025-05-07T23:30:38.500+0000][68][info ][gc,marking  ] GC(10) Concurrent Mark From Roots
[2025-05-07T23:30:38.500+0000][68][info ][gc,task     ] GC(10) Using 3 workers of 3 for marking
[2025-05-07T23:30:38.508+0000][68][info ][gc,marking  ] GC(10) Concurrent Mark From Roots 8.106ms
[2025-05-07T23:30:38.509+0000][68][info ][gc,marking  ] GC(10) Concurrent Preclean
[2025-05-07T23:30:38.509+0000][68][info ][gc,marking  ] GC(10) Concurrent Preclean 0.559ms
[2025-05-07T23:30:38.510+0000][68][info ][gc,start    ] GC(10) Pause Remark
[2025-05-07T23:30:38.516+0000][68][info ][gc          ] GC(10) Pause Remark 45M->45M(3880M) 5.661ms
[2025-05-07T23:30:38.517+0000][68][info ][gc,cpu      ] GC(10) User=0.03s Sys=0.00s Real=0.01s
[2025-05-07T23:30:38.517+0000][68][info ][safepoint   ] Safepoint "G1PauseRemark", Time since last: 16384342 ns, Reaching safepoint: 290212 ns, Cleanup: 5488 ns, At safepoint: 7069344 ns, Total: 7365044 ns
[2025-05-07T23:30:38.518+0000][68][info ][gc,marking  ] GC(10) Concurrent Mark 18.094ms
[2025-05-07T23:30:38.518+0000][68][info ][gc,marking  ] GC(10) Concurrent Rebuild Remembered Sets and Scrub Regions
[2025-05-07T23:30:38.521+0000][68][info ][gc,marking  ] GC(10) Concurrent Rebuild Remembered Sets and Scrub Regions 2.793ms
[2025-05-07T23:30:38.522+0000][68][info ][gc,start    ] GC(10) Pause Cleanup
[2025-05-07T23:30:38.523+0000][68][info ][gc          ] GC(10) Pause Cleanup 45M->45M(3880M) 0.651ms
[2025-05-07T23:30:38.523+0000][68][info ][gc,cpu      ] GC(10) User=0.00s Sys=0.00s Real=0.00s
[2025-05-07T23:30:38.523+0000][68][info ][safepoint   ] Safepoint "G1PauseCleanup", Time since last: 4361036 ns, Reaching safepoint: 173702 ns, Cleanup: 20773 ns, At safepoint: 1539578 ns, Total: 1734053 ns
[2025-05-07T23:30:38.524+0000][68][info ][gc,marking  ] GC(10) Concurrent Clear Claimed Marks
[2025-05-07T23:30:38.524+0000][68][info ][gc,marking  ] GC(10) Concurrent Clear Claimed Marks 0.586ms
[2025-05-07T23:30:38.525+0000][68][info ][gc,marking  ] GC(10) Concurrent Cleanup for Next Mark
[2025-05-07T23:30:38.528+0000][68][info ][gc,marking  ] GC(10) Concurrent Cleanup for Next Mark 2.993ms
[2025-05-07T23:30:38.529+0000][68][info ][gc          ] GC(10) Concurrent Mark Cycle 36.930ms
[2025-05-07T23:30:40.067+0000][68][info ][safepoint   ] Safepoint "Cleanup", Time since last: 1542983115 ns, Reaching safepoint: 130865 ns, Cleanup: 156755 ns, At safepoint: 51734 ns, Total: 339354 ns
[2025-05-07T23:30:41.068+0000][68][info ][safepoint   ] Safepoint "Cleanup", Time since last: 1000798588 ns, Reaching safepoint: 217820 ns, Cleanup: 57648 ns, At safepoint: 78859 ns, Total: 354327 ns
[2025-05-07T23:30:42.149+0000][68][info ][safepoint   ] Safepoint "ICBufferFull", Time since last: 1080598578 ns, Reaching safepoint: 7158 ns, Cleanup: 217688 ns, At safepoint: 70472 ns, Total: 295318 ns
[2025-05-07T23:30:43.150+0000][68][info ][safepoint   ] Safepoint "Cleanup", Time since last: 1001065653 ns, Reaching safepoint: 111406 ns, Cleanup: 47526 ns, At safepoint: 29704 ns, Total: 188636 ns
[2025-05-07T23:30:44.210+0000][68][info ][safepoint   ] Safepoint "Cleanup", Time since last: 1060046565 ns, Reaching safepoint: 5679 ns, Cleanup: 108721 ns, At safepoint: 142980 ns, Total: 257380 ns
[2025-05-07T23:30:45.517+0000][68][info ][safepoint   ] Safepoint "Cleanup", Time since last: 1306063788 ns, Reaching safepoint: 146344 ns, Cleanup: 200464 ns, At safepoint: 69550 ns, Total: 416358 ns
[2025-05-07T23:30:46.998+0000][68][info ][safepoint   ] Safepoint "Cleanup", Time since last: 1480777080 ns, Reaching safepoint: 138877 ns, Cleanup: 129562 ns, At safepoint: 75999 ns, Total: 344438 ns
[2025-05-07T23:30:48.102+0000][68][info ][safepoint   ] Safepoint "Cleanup", Time since last: 1104390676 ns, Reaching safepoint: 2939 ns, Cleanup: 37359 ns, At safepoint: 1932 ns, Total: 42230 ns
[2025-05-07T23:30:48.861+0000][68][info ][gc,start    ] GC(11) Pause Young (Concurrent Start) (Metadata GC Threshold)
[2025-05-07T23:30:48.861+0000][68][info ][gc,task     ] GC(11) Using 10 workers of 10 for evacuation
[2025-05-07T23:30:48.861+0000][68][debug][gc,age      ] GC(11) Desired survivor size 117440512 bytes, new threshold 15 (max threshold 15)
[2025-05-07T23:30:48.885+0000][68][info ][gc,phases   ] GC(11)   Pre Evacuate Collection Set: 0.87ms
[2025-05-07T23:30:48.886+0000][68][info ][gc,phases   ] GC(11)   Merge Heap Roots: 0.53ms
[2025-05-07T23:30:48.886+0000][68][info ][gc,phases   ] GC(11)   Evacuate Collection Set: 17.07ms
[2025-05-07T23:30:48.887+0000][68][info ][gc,phases   ] GC(11)   Post Evacuate Collection Set: 5.01ms
[2025-05-07T23:30:48.887+0000][68][info ][gc,phases   ] GC(11)   Other: 0.74ms
[2025-05-07T23:30:48.887+0000][68][trace][gc,age      ] GC(11) Age table with threshold 15 (max threshold 15)
[2025-05-07T23:30:48.888+0000][68][trace][gc,age      ] GC(11) - age   1:   21612512 bytes,   21612512 total
[2025-05-07T23:30:48.888+0000][68][trace][gc,age      ] GC(11) - age   2:      66480 bytes,   21678992 total
[2025-05-07T23:30:48.889+0000][68][trace][gc,age      ] GC(11) - age   3:      54632 bytes,   21733624 total
[2025-05-07T23:30:48.889+0000][68][trace][gc,age      ] GC(11) - age   4:   14360728 bytes,   36094352 total
[2025-05-07T23:30:48.890+0000][68][trace][gc,age      ] GC(11) - age   5:    3202480 bytes,   39296832 total
[2025-05-07T23:30:48.890+0000][68][trace][gc,age      ] GC(11) - age   6:    3464208 bytes,   42761040 total
[2025-05-07T23:30:48.890+0000][68][trace][gc,age      ] GC(11) - age   7:    4154904 bytes,   46915944 total
[2025-05-07T23:30:48.891+0000][68][trace][gc,age      ] GC(11) - age   8:    4202520 bytes,   51118464 total
[2025-05-07T23:30:48.891+0000][68][info ][gc,heap     ] GC(11) Eden regions: 206->0(452)
[2025-05-07T23:30:48.892+0000][68][info ][gc,heap     ] GC(11) Survivor regions: 8->14(56)
[2025-05-07T23:30:48.892+0000][68][info ][gc,heap     ] GC(11) Old regions: 3->3
[2025-05-07T23:30:48.893+0000][68][info ][gc,heap     ] GC(11) Humongous regions: 0->0
[2025-05-07T23:30:48.893+0000][68][info ][gc,metaspace] GC(11) Metaspace: 100007K(101888K)->100007K(101888K) NonClass: 86746K(87872K)->86746K(87872K) Class: 13261K(14016K)->13261K(14016K)
[2025-05-07T23:30:48.894+0000][68][info ][gc          ] GC(11) Pause Young (Concurrent Start) (Metadata GC Threshold) 866M->64M(3880M) 33.055ms
[2025-05-07T23:30:48.894+0000][68][info ][gc,cpu      ] GC(11) User=0.14s Sys=0.02s Real=0.04s
[2025-05-07T23:30:48.894+0000][68][info ][gc          ] GC(12) Concurrent Mark Cycle
[2025-05-07T23:30:48.895+0000][68][info ][gc,marking  ] GC(12) Concurrent Scan Root Regions
[2025-05-07T23:30:48.896+0000][68][info ][safepoint   ] Safepoint "CollectForMetadataAllocation", Time since last: 758004561 ns, Reaching safepoint: 8265 ns, Cleanup: 110279 ns, At safepoint: 35898620 ns, Total: 36017164 ns
[2025-05-07T23:30:48.911+0000][68][info ][gc,marking  ] GC(12) Concurrent Scan Root Regions 16.197ms
[2025-05-07T23:30:48.912+0000][68][info ][gc,marking  ] GC(12) Concurrent Mark
[2025-05-07T23:30:48.912+0000][68][info ][gc,marking  ] GC(12) Concurrent Mark From Roots
[2025-05-07T23:30:48.913+0000][68][info ][gc,task     ] GC(12) Using 3 workers of 3 for marking
[2025-05-07T23:30:48.922+0000][68][info ][gc,marking  ] GC(12) Concurrent Mark From Roots 9.397ms
[2025-05-07T23:30:48.922+0000][68][info ][gc,marking  ] GC(12) Concurrent Preclean
[2025-05-07T23:30:48.923+0000][68][info ][gc,marking  ] GC(12) Concurrent Preclean 0.498ms
[2025-05-07T23:30:48.923+0000][68][info ][gc,start    ] GC(12) Pause Remark
[2025-05-07T23:30:48.930+0000][68][info ][gc          ] GC(12) Pause Remark 70M->70M(3880M) 6.085ms
[2025-05-07T23:30:48.930+0000][68][info ][gc,cpu      ] GC(12) User=0.02s Sys=0.01s Real=0.00s
[2025-05-07T23:30:48.931+0000][68][info ][safepoint   ] Safepoint "G1PauseRemark", Time since last: 26733553 ns, Reaching safepoint: 271297 ns, Cleanup: 6612 ns, At safepoint: 7414364 ns, Total: 7692273 ns
[2025-05-07T23:30:48.931+0000][68][info ][gc,marking  ] GC(12) Concurrent Mark 19.419ms
[2025-05-07T23:30:48.932+0000][68][info ][gc,marking  ] GC(12) Concurrent Rebuild Remembered Sets and Scrub Regions
[2025-05-07T23:30:48.934+0000][68][info ][gc,marking  ] GC(12) Concurrent Rebuild Remembered Sets and Scrub Regions 2.945ms
[2025-05-07T23:30:48.936+0000][68][info ][gc,start    ] GC(12) Pause Cleanup
[2025-05-07T23:30:48.937+0000][68][info ][gc          ] GC(12) Pause Cleanup 70M->70M(3880M) 1.175ms
[2025-05-07T23:30:48.937+0000][68][info ][gc,cpu      ] GC(12) User=0.00s Sys=0.01s Real=0.00s
[2025-05-07T23:30:48.938+0000][68][info ][safepoint   ] Safepoint "G1PauseCleanup", Time since last: 4253377 ns, Reaching safepoint: 484655 ns, Cleanup: 23689 ns, At safepoint: 2176669 ns, Total: 2685013 ns
[2025-05-07T23:30:48.938+0000][68][info ][gc,marking  ] GC(12) Concurrent Clear Claimed Marks
[2025-05-07T23:30:48.939+0000][68][info ][gc,marking  ] GC(12) Concurrent Clear Claimed Marks 0.552ms
[2025-05-07T23:30:48.939+0000][68][info ][gc,marking  ] GC(12) Concurrent Cleanup for Next Mark
[2025-05-07T23:30:48.942+0000][68][info ][gc,marking  ] GC(12) Concurrent Cleanup for Next Mark 3.234ms
[2025-05-07T23:30:48.943+0000][68][info ][gc          ] GC(12) Concurrent Mark Cycle 48.721ms
[2025-05-07T23:30:50.213+0000][68][info ][safepoint   ] Safepoint "Cleanup", Time since last: 1275223811 ns, Reaching safepoint: 128815 ns, Cleanup: 100176 ns, At safepoint: 27742 ns, Total: 256733 ns
[2025-05-07T23:30:52.016+0000][68][info ][safepoint   ] Safepoint "Cleanup", Time since last: 1802867087 ns, Reaching safepoint: 93511 ns, Cleanup: 119979 ns, At safepoint: 54554 ns, Total: 268044 ns
[2025-05-07T23:30:52.610+0000][68][info ][safepoint   ] Safepoint "ICBufferFull", Time since last: 593447270 ns, Reaching safepoint: 95826 ns, Cleanup: 97526 ns, At safepoint: 38177 ns, Total: 231529 ns
[2025-05-07T23:30:53.154+0000][68][info ][safepoint   ] Safepoint "ICBufferFull", Time since last: 543436384 ns, Reaching safepoint: 114661 ns, Cleanup: 139077 ns, At safepoint: 46855 ns, Total: 300593 ns
[2025-05-07T23:30:53.490+0000][68][info ][safepoint   ] Safepoint "ICBufferFull", Time since last: 335878312 ns, Reaching safepoint: 13712 ns, Cleanup: 108606 ns, At safepoint: 47892 ns, Total: 170210 ns
[2025-05-07T23:30:53.894+0000][68][info ][safepoint   ] Safepoint "ICBufferFull", Time since last: 404391745 ns, Reaching safepoint: 13585 ns, Cleanup: 147443 ns, At safepoint: 12893 ns, Total: 173921 ns
[2025-05-07T23:30:54.560+0000][68][info ][safepoint   ] Safepoint "ICBufferFull", Time since last: 665666754 ns, Reaching safepoint: 132954 ns, Cleanup: 146214 ns, At safepoint: 49982 ns, Total: 329150 ns
[2025-05-07T23:30:55.562+0000][68][info ][safepoint   ] Safepoint "Cleanup", Time since last: 1000902009 ns, Reaching safepoint: 15451 ns, Cleanup: 233918 ns, At safepoint: 19230 ns, Total: 268599 ns
[2025-05-07T23:30:56.562+0000][68][info ][safepoint   ] Safepoint "Cleanup", Time since last: 1000850497 ns, Reaching safepoint: 11241 ns, Cleanup: 67133 ns, At safepoint: 9812 ns, Total: 88186 ns
[2025-05-07T23:30:57.563+0000][68][info ][safepoint   ] Safepoint "Cleanup", Time since last: 1000735373 ns, Reaching safepoint: 14256 ns, Cleanup: 99312 ns, At safepoint: 13000 ns, Total: 126568 ns
[2025-05-07T23:30:58.565+0000][68][info ][safepoint   ] Safepoint "Cleanup", Time since last: 1000946071 ns, Reaching safepoint: 13923 ns, Cleanup: 205901 ns, At safepoint: 16821 ns, Total: 236645 ns
[2025-05-07T23:30:59.566+0000][68][info ][safepoint   ] Safepoint "Cleanup", Time since last: 1000918542 ns, Reaching safepoint: 9016 ns, Cleanup: 64785 ns, At safepoint: 34831 ns, Total: 108632 ns
[2025-05-07T23:31:00.566+0000][68][info ][safepoint   ] Safepoint "Cleanup", Time since last: 1000660292 ns, Reaching safepoint: 9723 ns, Cleanup: 84526 ns, At safepoint: 8037 ns, Total: 102286 ns
[2025-05-07T23:31:01.567+0000][68][info ][safepoint   ] Safepoint "Cleanup", Time since last: 1000733406 ns, Reaching safepoint: 14350 ns, Cleanup: 43217 ns, At safepoint: 12190 ns, Total: 69757 ns
[2025-05-07T23:31:07.568+0000][68][info ][safepoint   ] Safepoint "Cleanup", Time since last: 6001615406 ns, Reaching safepoint: 16615 ns, Cleanup: 26677 ns, At safepoint: 14778 ns, Total: 58070 ns
[2025-05-07T23:31:18.571+0000][68][info ][safepoint   ] Safepoint "Cleanup", Time since last: 11002473187 ns, Reaching safepoint: 14183 ns, Cleanup: 21182 ns, At safepoint: 11922 ns, Total: 47287 ns
[2025-05-07T23:31:22.172+0000][68][info ][safepoint   ] Safepoint "Cleanup", Time since last: 3601624169 ns, Reaching safepoint: 14834 ns, Cleanup: 95464 ns, At safepoint: 17774 ns, Total: 128072 ns
[2025-05-07T23:31:25.173+0000][68][info ][safepoint   ] Safepoint "Cleanup", Time since last: 3001027151 ns, Reaching safepoint: 14665 ns, Cleanup: 18443 ns, At safepoint: 39345 ns, Total: 72453 ns
[2025-05-07T23:31:29.175+0000][68][info ][safepoint   ] Safepoint "Cleanup", Time since last: 4001163122 ns, Reaching safepoint: 49449 ns, Cleanup: 18201 ns, At safepoint: 11866 ns, Total: 79516 ns
[2025-05-07T23:31:36.176+0000][68][info ][safepoint   ] Safepoint "Cleanup", Time since last: 7001449535 ns, Reaching safepoint: 11145 ns, Cleanup: 16194 ns, At safepoint: 7618 ns, Total: 34957 ns
[2025-05-07T23:31:38.174+0000][68][info ][safepoint   ] Safepoint "Cleanup", Time since last: 2000774075 ns, Reaching safepoint: 14374 ns, Cleanup: 17150 ns, At safepoint: 11725 ns, Total: 43249 ns
[2025-05-07T23:31:39.175+0000][68][info ][safepoint   ] Safepoint "Cleanup", Time since last: 1000815695 ns, Reaching safepoint: 8958 ns, Cleanup: 14699 ns, At safepoint: 6653 ns, Total: 30310 ns
[2025-05-07T23:31:41.176+0000][68][info ][safepoint   ] Safepoint "Cleanup", Time since last: 2000839410 ns, Reaching safepoint: 8840 ns, Cleanup: 12872 ns, At safepoint: 6615 ns, Total: 28327 ns
[2025-05-07T23:31:43.322+0000][68][info ][safepoint   ] Safepoint "Cleanup", Time since last: 2146396873 ns, Reaching safepoint: 4014 ns, Cleanup: 10628 ns, At safepoint: 2419 ns, Total: 17061 ns
[2025-05-07T23:31:43.718+0000][68][info ][safepoint   ] Safepoint "ICBufferFull", Time since last: 395355927 ns, Reaching safepoint: 17181 ns, Cleanup: 157967 ns, At safepoint: 14326 ns, Total: 189474 ns
[2025-05-07T23:31:44.341+0000][68][info ][safepoint   ] Safepoint "ICBufferFull", Time since last: 622779480 ns, Reaching safepoint: 15598 ns, Cleanup: 153367 ns, At safepoint: 84244 ns, Total: 253209 ns
[2025-05-07T23:31:45.217+0000][68][info ][safepoint   ] Safepoint "ICBufferFull", Time since last: 872747687 ns, Reaching safepoint: 3520890 ns, Cleanup: 175307 ns, At safepoint: 100901 ns, Total: 3797098 ns
[2025-05-07T23:31:46.218+0000][68][info ][safepoint   ] Safepoint "Cleanup", Time since last: 1000578806 ns, Reaching safepoint: 13341 ns, Cleanup: 88285 ns, At safepoint: 10333 ns, Total: 111959 ns
[2025-05-07T23:31:47.461+0000][68][info ][safepoint   ] Safepoint "Cleanup", Time since last: 1238525662 ns, Reaching safepoint: 4518796 ns, Cleanup: 108523 ns, At safepoint: 260056 ns, Total: 4887375 ns
[2025-05-07T23:31:48.465+0000][68][info ][safepoint   ] Safepoint "Cleanup", Time since last: 1003489274 ns, Reaching safepoint: 17336 ns, Cleanup: 105966 ns, At safepoint: 14752 ns, Total: 138054 ns
[2025-05-07T23:31:49.466+0000][68][info ][safepoint   ] Safepoint "Cleanup", Time since last: 1000789190 ns, Reaching safepoint: 17252 ns, Cleanup: 27680 ns, At safepoint: 13498 ns, Total: 58430 ns
[2025-05-07T23:31:52.467+0000][68][info ][safepoint   ] Safepoint "Cleanup", Time since last: 3001141791 ns, Reaching safepoint: 17045 ns, Cleanup: 35194 ns, At safepoint: 14055 ns, Total: 66294 ns
[2025-05-07T23:31:53.382+0000][68][info ][safepoint   ] Safepoint "ICBufferFull", Time since last: 914858596 ns, Reaching safepoint: 266650 ns, Cleanup: 105648 ns, At safepoint: 105764 ns, Total: 478062 ns
[2025-05-07T23:31:53.752+0000][68][info ][safepoint   ] Safepoint "ICBufferFull", Time since last: 368796335 ns, Reaching safepoint: 142603 ns, Cleanup: 141934 ns, At safepoint: 238407 ns, Total: 522944 ns
[2025-05-07T23:31:53.898+0000][68][info ][safepoint   ] Safepoint "ICBufferFull", Time since last: 145532639 ns, Reaching safepoint: 189706 ns, Cleanup: 121677 ns, At safepoint: 313066 ns, Total: 624449 ns
[2025-05-07T23:31:54.197+0000][68][info ][safepoint   ] Safepoint "ICBufferFull", Time since last: 298935303 ns, Reaching safepoint: 21649 ns, Cleanup: 262657 ns, At safepoint: 17936 ns, Total: 302242 ns
[2025-05-07T23:31:54.389+0000][68][info ][safepoint   ] Safepoint "ICBufferFull", Time since last: 191739142 ns, Reaching safepoint: 118925 ns, Cleanup: 105106 ns, At safepoint: 76459 ns, Total: 300490 ns
[2025-05-07T23:31:55.273+0000][68][info ][safepoint   ] Safepoint "ICBufferFull", Time since last: 883827139 ns, Reaching safepoint: 22814 ns, Cleanup: 387054 ns, At safepoint: 84512 ns, Total: 494380 ns
[2025-05-07T23:31:56.275+0000][68][info ][safepoint   ] Safepoint "Cleanup", Time since last: 1000997429 ns, Reaching safepoint: 23991 ns, Cleanup: 154207 ns, At safepoint: 77219 ns, Total: 255417 ns
[2025-05-07T23:31:56.658+0000][68][info ][safepoint   ] Safepoint "ICBufferFull", Time since last: 383304706 ns, Reaching safepoint: 24755 ns, Cleanup: 193392 ns, At safepoint: 82129 ns, Total: 300276 ns
[2025-05-07T23:31:57.064+0000][68][info ][safepoint   ] Safepoint "ICBufferFull", Time since last: 405366682 ns, Reaching safepoint: 21320 ns, Cleanup: 218124 ns, At safepoint: 372090 ns, Total: 611534 ns
[2025-05-07T23:31:58.138+0000][68][info ][safepoint   ] Safepoint "Cleanup", Time since last: 1072191910 ns, Reaching safepoint: 201992 ns, Cleanup: 395445 ns, At safepoint: 541753 ns, Total: 1139190 ns
[2025-05-07T23:31:59.024+0000][68][info ][safepoint   ] Safepoint "ICBufferFull", Time since last: 885825823 ns, Reaching safepoint: 13699 ns, Cleanup: 128731 ns, At safepoint: 7842 ns, Total: 150272 ns
[2025-05-07T23:31:59.401+0000][68][info ][safepoint   ] Safepoint "ICBufferFull", Time since last: 377048061 ns, Reaching safepoint: 13295 ns, Cleanup: 100365 ns, At safepoint: 7549 ns, Total: 121209 ns
[2025-05-07T23:32:00.054+0000][68][info ][safepoint   ] Safepoint "ICBufferFull", Time since last: 652810664 ns, Reaching safepoint: 14968 ns, Cleanup: 132440 ns, At safepoint: 8155 ns, Total: 155563 ns
[2025-05-07T23:32:00.341+0000][68][info ][safepoint   ] Safepoint "ICBufferFull", Time since last: 286728354 ns, Reaching safepoint: 22865 ns, Cleanup: 171330 ns, At safepoint: 81727 ns, Total: 275922 ns
[2025-05-07T23:32:01.235+0000][68][info ][safepoint   ] Safepoint "ICBufferFull", Time since last: 894322365 ns, Reaching safepoint: 20668 ns, Cleanup: 117290 ns, At safepoint: 104459 ns, Total: 242417 ns
[2025-05-07T23:32:02.276+0000][68][info ][safepoint   ] Safepoint "Cleanup", Time since last: 1040058611 ns, Reaching safepoint: 12927 ns, Cleanup: 153548 ns, At safepoint: 79620 ns, Total: 246095 ns
[2025-05-07T23:32:02.466+0000][68][info ][safepoint   ] Safepoint "ICBufferFull", Time since last: 190195505 ns, Reaching safepoint: 11388 ns, Cleanup: 96189 ns, At safepoint: 35182 ns, Total: 142759 ns
[2025-05-07T23:32:03.224+0000][68][info ][safepoint   ] Safepoint "ICBufferFull", Time since last: 758161583 ns, Reaching safepoint: 13704 ns, Cleanup: 102977 ns, At safepoint: 42577 ns, Total: 159258 ns
[2025-05-07T23:32:03.545+0000][68][info ][safepoint   ] Safepoint "ICBufferFull", Time since last: 320088308 ns, Reaching safepoint: 26589 ns, Cleanup: 237483 ns, At safepoint: 135199 ns, Total: 399271 ns
[2025-05-07T23:32:04.388+0000][68][info ][safepoint   ] Safepoint "ICBufferFull", Time since last: 842415360 ns, Reaching safepoint: 24589 ns, Cleanup: 270403 ns, At safepoint: 132483 ns, Total: 427475 ns
[2025-05-07T23:32:05.393+0000][68][info ][safepoint   ] Safepoint "Cleanup", Time since last: 1004941097 ns, Reaching safepoint: 59500 ns, Cleanup: 61411 ns, At safepoint: 8924 ns, Total: 129835 ns
[2025-05-07T23:32:06.403+0000][68][info ][safepoint   ] Safepoint "Cleanup", Time since last: 1009882072 ns, Reaching safepoint: 29307 ns, Cleanup: 51782 ns, At safepoint: 18056 ns, Total: 99145 ns
[2025-05-07T23:32:07.404+0000][68][info ][safepoint   ] Safepoint "Cleanup", Time since last: 1000760320 ns, Reaching safepoint: 28801 ns, Cleanup: 117260 ns, At safepoint: 17610 ns, Total: 163671 ns
[2025-05-07T23:32:08.405+0000][68][info ][safepoint   ] Safepoint "Cleanup", Time since last: 1002009238 ns, Reaching safepoint: 14189 ns, Cleanup: 414653 ns, At safepoint: 175069 ns, Total: 603911 ns
[2025-05-07T23:32:09.423+0000][68][info ][safepoint   ] Safepoint "Cleanup", Time since last: 1018416558 ns, Reaching safepoint: 8443 ns, Cleanup: 86624 ns, At safepoint: 17479 ns, Total: 112546 ns
[2025-05-07T23:32:11.003+0000][68][info ][safepoint   ] Safepoint "Cleanup", Time since last: 1579682546 ns, Reaching safepoint: 106648 ns, Cleanup: 28574 ns, At safepoint: 17441 ns, Total: 152663 ns
[2025-05-07T23:32:12.004+0000][68][info ][safepoint   ] Safepoint "Cleanup", Time since last: 1000782035 ns, Reaching safepoint: 27866 ns, Cleanup: 32832 ns, At safepoint: 16072 ns, Total: 76770 ns
[2025-05-07T23:32:14.005+0000][68][info ][safepoint   ] Safepoint "Cleanup", Time since last: 2001025469 ns, Reaching safepoint: 16912 ns, Cleanup: 27221 ns, At safepoint: 8116 ns, Total: 52249 ns
[2025-05-07T23:32:15.006+0000][68][info ][safepoint   ] Safepoint "Cleanup", Time since last: 1000733729 ns, Reaching safepoint: 98623 ns, Cleanup: 48636 ns, At safepoint: 35592 ns, Total: 182851 ns
[2025-05-07T23:32:16.007+0000][68][info ][safepoint   ] Safepoint "Cleanup", Time since last: 1000665083 ns, Reaching safepoint: 28686 ns, Cleanup: 16459 ns, At safepoint: 83013 ns, Total: 128158 ns
[2025-05-07T23:32:17.007+0000][68][info ][safepoint   ] Safepoint "Cleanup", Time since last: 1000674703 ns, Reaching safepoint: 27611 ns, Cleanup: 17790 ns, At safepoint: 15491 ns, Total: 60892 ns
[2025-05-07T23:32:18.008+0000][68][info ][safepoint   ] Safepoint "Cleanup", Time since last: 1000892604 ns, Reaching safepoint: 34221 ns, Cleanup: 34876 ns, At safepoint: 19048 ns, Total: 88145 ns
[2025-05-07T23:32:19.009+0000][68][info ][safepoint   ] Safepoint "Cleanup", Time since last: 1000688871 ns, Reaching safepoint: 37813 ns, Cleanup: 28969 ns, At safepoint: 9343 ns, Total: 76125 ns
[2025-05-07T23:32:21.207+0000][68][info ][safepoint   ] Safepoint "Cleanup", Time since last: 2197523466 ns, Reaching safepoint: 29066 ns, Cleanup: 116727 ns, At safepoint: 21975 ns, Total: 167768 ns
[2025-05-07T23:32:22.208+0000][68][info ][safepoint   ] Safepoint "Cleanup", Time since last: 1000722396 ns, Reaching safepoint: 30806 ns, Cleanup: 37691 ns, At safepoint: 17298 ns, Total: 85795 ns
[2025-05-07T23:32:23.209+0000][68][info ][safepoint   ] Safepoint "Cleanup", Time since last: 1000802373 ns, Reaching safepoint: 30576 ns, Cleanup: 41480 ns, At safepoint: 19223 ns, Total: 91279 ns
[2025-05-07T23:32:24.210+0000][68][info ][safepoint   ] Safepoint "Cleanup", Time since last: 1000817838 ns, Reaching safepoint: 73861 ns, Cleanup: 47814 ns, At safepoint: 15760 ns, Total: 137435 ns
[2025-05-07T23:32:26.211+0000][68][info ][safepoint   ] Safepoint "Cleanup", Time since last: 2001105607 ns, Reaching safepoint: 28021 ns, Cleanup: 71026 ns, At safepoint: 17822 ns, Total: 116869 ns
[2025-05-07T23:32:27.212+0000][68][info ][safepoint   ] Safepoint "Cleanup", Time since last: 1000742425 ns, Reaching safepoint: 27620 ns, Cleanup: 36535 ns, At safepoint: 15987 ns, Total: 80142 ns
[2025-05-07T23:32:28.272+0000][68][info ][gc,start    ] GC(13) Pause Young (Concurrent Start) (CodeCache GC Threshold)
[2025-05-07T23:32:28.272+0000][68][info ][gc,task     ] GC(13) Using 10 workers of 10 for evacuation
[2025-05-07T23:32:28.273+0000][68][debug][gc,age      ] GC(13) Desired survivor size 123731968 bytes, new threshold 15 (max threshold 15)
[2025-05-07T23:32:28.322+0000][68][info ][gc,phases   ] GC(13)   Pre Evacuate Collection Set: 1.17ms
[2025-05-07T23:32:28.323+0000][68][info ][gc,phases   ] GC(13)   Merge Heap Roots: 0.84ms
[2025-05-07T23:32:28.323+0000][68][info ][gc,phases   ] GC(13)   Evacuate Collection Set: 38.48ms
[2025-05-07T23:32:28.324+0000][68][info ][gc,phases   ] GC(13)   Post Evacuate Collection Set: 8.17ms
[2025-05-07T23:32:28.324+0000][68][info ][gc,phases   ] GC(13)   Other: 1.21ms
[2025-05-07T23:32:28.324+0000][68][trace][gc,age      ] GC(13) Age table with threshold 15 (max threshold 15)
[2025-05-07T23:32:28.325+0000][68][trace][gc,age      ] GC(13) - age   1:   50020632 bytes,   50020632 total
[2025-05-07T23:32:28.325+0000][68][trace][gc,age      ] GC(13) - age   2:   20471824 bytes,   70492456 total
[2025-05-07T23:32:28.326+0000][68][trace][gc,age      ] GC(13) - age   3:      65968 bytes,   70558424 total
[2025-05-07T23:32:28.326+0000][68][trace][gc,age      ] GC(13) - age   4:      54184 bytes,   70612608 total
[2025-05-07T23:32:28.327+0000][68][trace][gc,age      ] GC(13) - age   5:   14318576 bytes,   84931184 total
[2025-05-07T23:32:28.327+0000][68][trace][gc,age      ] GC(13) - age   6:    3202040 bytes,   88133224 total
[2025-05-07T23:32:28.328+0000][68][trace][gc,age      ] GC(13) - age   7:    3461872 bytes,   91595096 total
[2025-05-07T23:32:28.328+0000][68][trace][gc,age      ] GC(13) - age   8:    4153272 bytes,   95748368 total
[2025-05-07T23:32:28.329+0000][68][trace][gc,age      ] GC(13) - age   9:    4199016 bytes,   99947384 total
[2025-05-07T23:32:28.329+0000][68][info ][gc,heap     ] GC(13) Eden regions: 307->0(259)
[2025-05-07T23:32:28.330+0000][68][info ][gc,heap     ] GC(13) Survivor regions: 14->27(59)
[2025-05-07T23:32:28.330+0000][68][info ][gc,heap     ] GC(13) Old regions: 3->3
[2025-05-07T23:32:28.331+0000][68][info ][gc,heap     ] GC(13) Humongous regions: 0->0
[2025-05-07T23:32:28.331+0000][68][info ][gc,metaspace] GC(13) Metaspace: 141170K(145280K)->141170K(145280K) NonClass: 121590K(123776K)->121590K(123776K) Class: 19579K(21504K)->19579K(21504K)
[2025-05-07T23:32:28.332+0000][68][info ][gc          ] GC(13) Pause Young (Concurrent Start) (CodeCache GC Threshold) 1292M->117M(3880M) 59.694ms
[2025-05-07T23:32:28.332+0000][68][info ][gc          ] GC(14) Concurrent Mark Cycle
[2025-05-07T23:32:28.332+0000][68][info ][gc,marking  ] GC(14) Concurrent Scan Root Regions
[2025-05-07T23:32:28.332+0000][68][info ][gc,cpu      ] GC(13) User=0.34s Sys=0.03s Real=0.06s
[2025-05-07T23:32:28.334+0000][68][info ][safepoint   ] Safepoint "G1TryInitiateConcMark", Time since last: 1059971525 ns, Reaching safepoint: 193489 ns, Cleanup: 7507 ns, At safepoint: 61943731 ns, Total: 62144727 ns
[2025-05-07T23:32:28.350+0000][68][info ][gc,marking  ] GC(14) Concurrent Scan Root Regions 17.570ms
[2025-05-07T23:32:28.351+0000][68][info ][gc,marking  ] GC(14) Concurrent Mark
[2025-05-07T23:32:28.351+0000][68][info ][gc,marking  ] GC(14) Concurrent Mark From Roots
[2025-05-07T23:32:28.351+0000][68][info ][gc,task     ] GC(14) Using 3 workers of 3 for marking
[2025-05-07T23:32:28.362+0000][68][info ][gc,marking  ] GC(14) Concurrent Mark From Roots 11.284ms
[2025-05-07T23:32:28.363+0000][68][info ][gc,marking  ] GC(14) Concurrent Preclean
[2025-05-07T23:32:28.363+0000][68][info ][gc,marking  ] GC(14) Concurrent Preclean 0.488ms
[2025-05-07T23:32:28.364+0000][68][info ][gc,start    ] GC(14) Pause Remark
[2025-05-07T23:32:28.377+0000][68][info ][gc          ] GC(14) Pause Remark 135M->135M(3880M) 12.842ms
[2025-05-07T23:32:28.377+0000][68][info ][gc,cpu      ] GC(14) User=0.04s Sys=0.02s Real=0.02s
[2025-05-07T23:32:28.378+0000][68][info ][safepoint   ] Safepoint "G1PauseRemark", Time since last: 30191136 ns, Reaching safepoint: 16630 ns, Cleanup: 16910 ns, At safepoint: 13869009 ns, Total: 13902549 ns
[2025-05-07T23:32:28.378+0000][68][info ][gc,marking  ] GC(14) Concurrent Mark 27.657ms
[2025-05-07T23:32:28.379+0000][68][info ][gc,marking  ] GC(14) Concurrent Rebuild Remembered Sets and Scrub Regions
[2025-05-07T23:32:28.384+0000][68][info ][gc,marking  ] GC(14) Concurrent Rebuild Remembered Sets and Scrub Regions 4.868ms
[2025-05-07T23:32:28.384+0000][68][info ][gc,start    ] GC(14) Pause Cleanup
[2025-05-07T23:32:28.385+0000][68][info ][gc          ] GC(14) Pause Cleanup 135M->135M(3880M) 0.538ms
[2025-05-07T23:32:28.385+0000][68][info ][gc,cpu      ] GC(14) User=0.00s Sys=0.00s Real=0.00s
[2025-05-07T23:32:28.385+0000][68][info ][safepoint   ] Safepoint "G1PauseCleanup", Time since last: 6153684 ns, Reaching safepoint: 15207 ns, Cleanup: 22980 ns, At safepoint: 1153122 ns, Total: 1191309 ns
[2025-05-07T23:32:28.386+0000][68][info ][gc,marking  ] GC(14) Concurrent Clear Claimed Marks
[2025-05-07T23:32:28.386+0000][68][info ][gc,marking  ] GC(14) Concurrent Clear Claimed Marks 0.825ms
[2025-05-07T23:32:28.387+0000][68][info ][gc,marking  ] GC(14) Concurrent Cleanup for Next Mark
[2025-05-07T23:32:28.392+0000][68][info ][gc,marking  ] GC(14) Concurrent Cleanup for Next Mark 5.584ms
[2025-05-07T23:32:28.393+0000][68][info ][gc          ] GC(14) Concurrent Mark Cycle 60.938ms
[2025-05-07T23:32:29.386+0000][68][info ][safepoint   ] Safepoint "Cleanup", Time since last: 1000660520 ns, Reaching safepoint: 28042 ns, Cleanup: 27788 ns, At safepoint: 15284 ns, Total: 71114 ns
[2025-05-07T23:32:30.387+0000][68][info ][safepoint   ] Safepoint "Cleanup", Time since last: 1000716729 ns, Reaching safepoint: 22638 ns, Cleanup: 16619 ns, At safepoint: 9921 ns, Total: 49178 ns
[2025-05-07T23:32:31.387+0000][68][info ][safepoint   ] Safepoint "Cleanup", Time since last: 1000653038 ns, Reaching safepoint: 32454 ns, Cleanup: 23804 ns, At safepoint: 17549 ns, Total: 73807 ns
[2025-05-07T23:32:32.388+0000][68][info ][safepoint   ] Safepoint "Cleanup", Time since last: 1000791269 ns, Reaching safepoint: 25951 ns, Cleanup: 26725 ns, At safepoint: 11595 ns, Total: 64271 ns
[2025-05-07T23:32:33.389+0000][68][info ][safepoint   ] Safepoint "Cleanup", Time since last: 1000647070 ns, Reaching safepoint: 25199 ns, Cleanup: 31529 ns, At safepoint: 12602 ns, Total: 69330 ns
[2025-05-07T23:32:34.390+0000][68][info ][safepoint   ] Safepoint "Cleanup", Time since last: 1000684953 ns, Reaching safepoint: 31010 ns, Cleanup: 22348 ns, At safepoint: 18087 ns, Total: 71445 ns
[2025-05-07T23:32:35.390+0000][68][info ][safepoint   ] Safepoint "Cleanup", Time since last: 1000675106 ns, Reaching safepoint: 24746 ns, Cleanup: 20303 ns, At safepoint: 10022 ns, Total: 55071 ns
[2025-05-07T23:32:36.394+0000][68][info ][safepoint   ] Safepoint "Cleanup", Time since last: 1003395937 ns, Reaching safepoint: 20713 ns, Cleanup: 14548 ns, At safepoint: 9371 ns, Total: 44632 ns
[2025-05-07T23:32:38.392+0000][68][info ][safepoint   ] Safepoint "Cleanup", Time since last: 2000853924 ns, Reaching safepoint: 18301 ns, Cleanup: 33471 ns, At safepoint: 8045 ns, Total: 59817 ns
[2025-05-07T23:32:40.036+0000][68][info ][safepoint   ] Safepoint "Cleanup", Time since last: 1644277502 ns, Reaching safepoint: 65168 ns, Cleanup: 38883 ns, At safepoint: 15612 ns, Total: 119663 ns
[2025-05-07T23:32:42.037+0000][68][info ][safepoint   ] Safepoint "Cleanup", Time since last: 2000937492 ns, Reaching safepoint: 46764 ns, Cleanup: 22154 ns, At safepoint: 13314 ns, Total: 82232 ns
[2025-05-07T23:32:44.038+0000][68][info ][safepoint   ] Safepoint "Cleanup", Time since last: 2000951440 ns, Reaching safepoint: 29171 ns, Cleanup: 123112 ns, At safepoint: 21974 ns, Total: 174257 ns
[2025-05-07T23:32:45.039+0000][68][info ][safepoint   ] Safepoint "Cleanup", Time since last: 1000684822 ns, Reaching safepoint: 29787 ns, Cleanup: 29379 ns, At safepoint: 17046 ns, Total: 76212 ns
[2025-05-07T23:32:46.040+0000][68][info ][safepoint   ] Safepoint "Cleanup", Time since last: 1000837215 ns, Reaching safepoint: 29091 ns, Cleanup: 25625 ns, At safepoint: 15285 ns, Total: 70001 ns
[2025-05-07T23:32:47.215+0000][68][info ][safepoint   ] Safepoint "Cleanup", Time since last: 1174713052 ns, Reaching safepoint: 17259 ns, Cleanup: 47601 ns, At safepoint: 8582 ns, Total: 73442 ns
[2025-05-07T23:32:48.215+0000][68][info ][safepoint   ] Safepoint "Cleanup", Time since last: 1000756897 ns, Reaching safepoint: 27341 ns, Cleanup: 31246 ns, At safepoint: 10450 ns, Total: 69037 ns
[2025-05-07T23:32:49.216+0000][68][info ][safepoint   ] Safepoint "Cleanup", Time since last: 1000934801 ns, Reaching safepoint: 31074 ns, Cleanup: 18628 ns, At safepoint: 17573 ns, Total: 67275 ns
[2025-05-07T23:32:51.217+0000][68][info ][safepoint   ] Safepoint "Cleanup", Time since last: 2001026907 ns, Reaching safepoint: 30931 ns, Cleanup: 38712 ns, At safepoint: 16998 ns, Total: 86641 ns
[2025-05-07T23:32:53.219+0000][68][info ][safepoint   ] Safepoint "Cleanup", Time since last: 2001006124 ns, Reaching safepoint: 31338 ns, Cleanup: 54843 ns, At safepoint: 18933 ns, Total: 105114 ns
[2025-05-07T23:32:54.219+0000][68][info ][safepoint   ] Safepoint "Cleanup", Time since last: 1000675440 ns, Reaching safepoint: 32780 ns, Cleanup: 57216 ns, At safepoint: 16179 ns, Total: 106175 ns
[2025-05-07T23:32:55.709+0000][68][info ][safepoint   ] Safepoint "Cleanup", Time since last: 1489272560 ns, Reaching safepoint: 35536 ns, Cleanup: 89022 ns, At safepoint: 20183 ns, Total: 144741 ns
[2025-05-07T23:32:56.710+0000][68][info ][safepoint   ] Safepoint "Cleanup", Time since last: 1000746576 ns, Reaching safepoint: 18790 ns, Cleanup: 44090 ns, At safepoint: 9203 ns, Total: 72083 ns
[2025-05-07T23:32:57.710+0000][68][info ][safepoint   ] Safepoint "Cleanup", Time since last: 1000660299 ns, Reaching safepoint: 26060 ns, Cleanup: 74732 ns, At safepoint: 11887 ns, Total: 112679 ns
[2025-05-07T23:32:58.513+0000][68][info ][safepoint   ] Safepoint "ICBufferFull", Time since last: 802223293 ns, Reaching safepoint: 28007 ns, Cleanup: 285748 ns, At safepoint: 139925 ns, Total: 453680 ns
[2025-05-07T23:33:00.424+0000][68][info ][safepoint   ] Safepoint "Cleanup", Time since last: 1911127249 ns, Reaching safepoint: 29335 ns, Cleanup: 212429 ns, At safepoint: 18504 ns, Total: 260268 ns
[2025-05-07T23:33:01.521+0000][68][info ][safepoint   ] Safepoint "Cleanup", Time since last: 1096387817 ns, Reaching safepoint: 14608 ns, Cleanup: 120032 ns, At safepoint: 93712 ns, Total: 228352 ns
[2025-05-07T23:33:02.527+0000][68][info ][safepoint   ] Safepoint "Cleanup", Time since last: 1005528550 ns, Reaching safepoint: 28954 ns, Cleanup: 28165 ns, At safepoint: 16478 ns, Total: 73597 ns
[2025-05-07T23:33:03.527+0000][68][info ][safepoint   ] Safepoint "Cleanup", Time since last: 1000651383 ns, Reaching safepoint: 27858 ns, Cleanup: 30666 ns, At safepoint: 15609 ns, Total: 74133 ns
[2025-05-07T23:33:04.529+0000][68][info ][safepoint   ] Safepoint "Cleanup", Time since last: 1001016169 ns, Reaching safepoint: 78944 ns, Cleanup: 12743 ns, At safepoint: 73040 ns, Total: 164727 ns
[2025-05-07T23:33:05.529+0000][68][info ][safepoint   ] Safepoint "Cleanup", Time since last: 1000699174 ns, Reaching safepoint: 28592 ns, Cleanup: 18232 ns, At safepoint: 15541 ns, Total: 62365 ns
[2025-05-07T23:33:06.530+0000][68][info ][safepoint   ] Safepoint "Cleanup", Time since last: 1000623304 ns, Reaching safepoint: 15911 ns, Cleanup: 11523 ns, At safepoint: 6724 ns, Total: 34158 ns
[2025-05-07T23:33:08.530+0000][68][info ][safepoint   ] Safepoint "Cleanup", Time since last: 2000918725 ns, Reaching safepoint: 14448 ns, Cleanup: 20513 ns, At safepoint: 7030 ns, Total: 41991 ns
[2025-05-07T23:33:09.531+0000][68][info ][safepoint   ] Safepoint "Cleanup", Time since last: 1000728813 ns, Reaching safepoint: 19810 ns, Cleanup: 30215 ns, At safepoint: 10471 ns, Total: 60496 ns
[2025-05-07T23:33:11.067+0000][68][info ][safepoint   ] Safepoint "Cleanup", Time since last: 1535774079 ns, Reaching safepoint: 65452 ns, Cleanup: 34620 ns, At safepoint: 15733 ns, Total: 115805 ns
[2025-05-07T23:33:12.068+0000][68][info ][safepoint   ] Safepoint "Cleanup", Time since last: 1000923587 ns, Reaching safepoint: 46485 ns, Cleanup: 55499 ns, At safepoint: 18743 ns, Total: 120727 ns
[2025-05-07T23:33:13.068+0000][68][info ][safepoint   ] Safepoint "Cleanup", Time since last: 1000722900 ns, Reaching safepoint: 62714 ns, Cleanup: 35019 ns, At safepoint: 31622 ns, Total: 129355 ns
[2025-05-07T23:33:14.086+0000][68][info ][safepoint   ] Safepoint "Cleanup", Time since last: 1017818581 ns, Reaching safepoint: 61880 ns, Cleanup: 32146 ns, At safepoint: 35304 ns, Total: 129330 ns
[2025-05-07T23:33:15.103+0000][68][info ][safepoint   ] Safepoint "Cleanup", Time since last: 1016261142 ns, Reaching safepoint: 85600 ns, Cleanup: 40653 ns, At safepoint: 11771 ns, Total: 138024 ns
[2025-05-07T23:33:16.104+0000][68][info ][safepoint   ] Safepoint "Cleanup", Time since last: 1000604037 ns, Reaching safepoint: 80758 ns, Cleanup: 17235 ns, At safepoint: 8219 ns, Total: 106212 ns
[2025-05-07T23:33:17.104+0000][68][info ][safepoint   ] Safepoint "Cleanup", Time since last: 1000700795 ns, Reaching safepoint: 28718 ns, Cleanup: 15993 ns, At safepoint: 15210 ns, Total: 59921 ns
[2025-05-07T23:33:18.105+0000][68][info ][safepoint   ] Safepoint "Cleanup", Time since last: 1000752559 ns, Reaching safepoint: 24634 ns, Cleanup: 22954 ns, At safepoint: 11089 ns, Total: 58677 ns
[2025-05-07T23:33:19.106+0000][68][info ][safepoint   ] Safepoint "Cleanup", Time since last: 1000780592 ns, Reaching safepoint: 17850 ns, Cleanup: 27879 ns, At safepoint: 8011 ns, Total: 53740 ns
[2025-05-07T23:33:20.288+0000][68][info ][safepoint   ] Safepoint "Cleanup", Time since last: 1181904027 ns, Reaching safepoint: 22519 ns, Cleanup: 14869 ns, At safepoint: 9162 ns, Total: 46550 ns
[2025-05-07T23:33:23.289+0000][68][info ][safepoint   ] Safepoint "Cleanup", Time since last: 3000947125 ns, Reaching safepoint: 36404 ns, Cleanup: 20606 ns, At safepoint: 31671 ns, Total: 88681 ns
[2025-05-07T23:33:23.589+0000][68][info ][safepoint   ] Safepoint "ICBufferFull", Time since last: 299495089 ns, Reaching safepoint: 233243 ns, Cleanup: 144714 ns, At safepoint: 171993 ns, Total: 549950 ns
[2025-05-07T23:33:25.164+0000][68][info ][safepoint   ] Safepoint "Cleanup", Time since last: 1574598136 ns, Reaching safepoint: 73210 ns, Cleanup: 250963 ns, At safepoint: 128939 ns, Total: 453112 ns
[2025-05-07T23:33:26.169+0000][68][info ][safepoint   ] Safepoint "Cleanup", Time since last: 1004954516 ns, Reaching safepoint: 28917 ns, Cleanup: 27227 ns, At safepoint: 15094 ns, Total: 71238 ns
[2025-05-07T23:33:27.170+0000][68][info ][safepoint   ] Safepoint "Cleanup", Time since last: 1000671422 ns, Reaching safepoint: 30715 ns, Cleanup: 65564 ns, At safepoint: 18461 ns, Total: 114740 ns
[2025-05-07T23:33:28.170+0000][68][info ][safepoint   ] Safepoint "Cleanup", Time since last: 1000554829 ns, Reaching safepoint: 16697 ns, Cleanup: 26791 ns, At safepoint: 26919 ns, Total: 70407 ns
[2025-05-07T23:33:29.225+0000][68][info ][safepoint   ] Safepoint "Cleanup", Time since last: 1054481454 ns, Reaching safepoint: 28582 ns, Cleanup: 31044 ns, At safepoint: 16041 ns, Total: 75667 ns
[2025-05-07T23:33:30.228+0000][68][info ][safepoint   ] Safepoint "Cleanup", Time since last: 1003163846 ns, Reaching safepoint: 32117 ns, Cleanup: 155144 ns, At safepoint: 38752 ns, Total: 226013 ns
[2025-05-07T23:33:31.229+0000][68][info ][safepoint   ] Safepoint "Cleanup", Time since last: 1000840978 ns, Reaching safepoint: 16941 ns, Cleanup: 22539 ns, At safepoint: 8708 ns, Total: 48188 ns
[2025-05-07T23:33:33.230+0000][68][info ][safepoint   ] Safepoint "Cleanup", Time since last: 2001068920 ns, Reaching safepoint: 30100 ns, Cleanup: 32266 ns, At safepoint: 15278 ns, Total: 77644 ns
[2025-05-07T23:33:34.231+0000][68][info ][safepoint   ] Safepoint "Cleanup", Time since last: 1000815686 ns, Reaching safepoint: 29299 ns, Cleanup: 33293 ns, At safepoint: 15789 ns, Total: 78381 ns
[2025-05-07T23:33:36.232+0000][68][info ][safepoint   ] Safepoint "Cleanup", Time since last: 2000864673 ns, Reaching safepoint: 32278 ns, Cleanup: 27096 ns, At safepoint: 69574 ns, Total: 128948 ns
[2025-05-07T23:33:37.233+0000][68][info ][safepoint   ] Safepoint "Cleanup", Time since last: 1000816377 ns, Reaching safepoint: 32793 ns, Cleanup: 23835 ns, At safepoint: 16986 ns, Total: 73614 ns
[2025-05-07T23:33:38.232+0000][68][info ][safepoint   ] Safepoint "Cleanup", Time since last: 1001162565 ns, Reaching safepoint: 27935 ns, Cleanup: 22597 ns, At safepoint: 15616 ns, Total: 66148 ns
[2025-05-07T23:33:39.233+0000][68][info ][safepoint   ] Safepoint "Cleanup", Time since last: 1000735547 ns, Reaching safepoint: 33627 ns, Cleanup: 34702 ns, At safepoint: 19398 ns, Total: 87727 ns
[2025-05-07T23:33:40.234+0000][68][info ][safepoint   ] Safepoint "Cleanup", Time since last: 1000739247 ns, Reaching safepoint: 29080 ns, Cleanup: 16463 ns, At safepoint: 15202 ns, Total: 60745 ns
[2025-05-07T23:33:41.235+0000][68][info ][safepoint   ] Safepoint "Cleanup", Time since last: 1000985997 ns, Reaching safepoint: 71383 ns, Cleanup: 19422 ns, At safepoint: 18559 ns, Total: 109364 ns
[2025-05-07T23:33:42.236+0000][68][info ][safepoint   ] Safepoint "Cleanup", Time since last: 1000908184 ns, Reaching safepoint: 28884 ns, Cleanup: 23057 ns, At safepoint: 15614 ns, Total: 67555 ns
[2025-05-07T23:33:43.237+0000][68][info ][safepoint   ] Safepoint "Cleanup", Time since last: 1000939795 ns, Reaching safepoint: 31402 ns, Cleanup: 19661 ns, At safepoint: 16871 ns, Total: 67934 ns
[2025-05-07T23:33:44.237+0000][68][info ][safepoint   ] Safepoint "Cleanup", Time since last: 1000656693 ns, Reaching safepoint: 16774 ns, Cleanup: 18799 ns, At safepoint: 7578 ns, Total: 43151 ns
[2025-05-07T23:33:45.238+0000][68][info ][safepoint   ] Safepoint "Cleanup", Time since last: 1000619419 ns, Reaching safepoint: 16744 ns, Cleanup: 16800 ns, At safepoint: 7707 ns, Total: 41251 ns
[2025-05-07T23:33:48.239+0000][68][info ][safepoint   ] Safepoint "Cleanup", Time since last: 3001318480 ns, Reaching safepoint: 29812 ns, Cleanup: 26085 ns, At safepoint: 14923 ns, Total: 70820 ns
[2025-05-07T23:33:49.240+0000][68][info ][safepoint   ] Safepoint "Cleanup", Time since last: 1000821353 ns, Reaching safepoint: 20023 ns, Cleanup: 14444 ns, At safepoint: 8878 ns, Total: 43345 ns
[2025-05-07T23:33:50.241+0000][68][info ][safepoint   ] Safepoint "Cleanup", Time since last: 1000851797 ns, Reaching safepoint: 27769 ns, Cleanup: 17995 ns, At safepoint: 15218 ns, Total: 60982 ns
[2025-05-07T23:33:51.242+0000][68][info ][safepoint   ] Safepoint "Cleanup", Time since last: 1001030205 ns, Reaching safepoint: 29143 ns, Cleanup: 20924 ns, At safepoint: 15106 ns, Total: 65173 ns
[2025-05-07T23:33:52.243+0000][68][info ][safepoint   ] Safepoint "Cleanup", Time since last: 1000992315 ns, Reaching safepoint: 27278 ns, Cleanup: 21491 ns, At safepoint: 14965 ns, Total: 63734 ns
[2025-05-07T23:33:53.244+0000][68][info ][safepoint   ] Safepoint "Cleanup", Time since last: 1000770347 ns, Reaching safepoint: 29257 ns, Cleanup: 33501 ns, At safepoint: 17750 ns, Total: 80508 ns
[2025-05-07T23:33:54.245+0000][68][info ][safepoint   ] Safepoint "Cleanup", Time since last: 1000751994 ns, Reaching safepoint: 29881 ns, Cleanup: 67530 ns, At safepoint: 28373 ns, Total: 125784 ns
[2025-05-07T23:33:56.246+0000][68][info ][safepoint   ] Safepoint "Cleanup", Time since last: 2000964074 ns, Reaching safepoint: 66457 ns, Cleanup: 23630 ns, At safepoint: 28799 ns, Total: 118886 ns
[2025-05-07T23:33:57.247+0000][68][info ][safepoint   ] Safepoint "Cleanup", Time since last: 1000907563 ns, Reaching safepoint: 28784 ns, Cleanup: 28350 ns, At safepoint: 15556 ns, Total: 72690 ns
[2025-05-07T23:33:58.248+0000][68][info ][safepoint   ] Safepoint "Cleanup", Time since last: 1000712905 ns, Reaching safepoint: 17520 ns, Cleanup: 14862 ns, At safepoint: 8102 ns, Total: 40484 ns
[2025-05-07T23:33:59.507+0000][68][info ][safepoint   ] Safepoint "Cleanup", Time since last: 1258836555 ns, Reaching safepoint: 12054 ns, Cleanup: 24768 ns, At safepoint: 67516 ns, Total: 104338 ns
[2025-05-07T23:34:00.513+0000][68][info ][safepoint   ] Safepoint "Cleanup", Time since last: 1006447396 ns, Reaching safepoint: 31379 ns, Cleanup: 81063 ns, At safepoint: 17217 ns, Total: 129659 ns
[2025-05-07T23:34:01.560+0000][68][info ][safepoint   ] Safepoint "Cleanup", Time since last: 1046937810 ns, Reaching safepoint: 29527 ns, Cleanup: 18547 ns, At safepoint: 15135 ns, Total: 63209 ns
[2025-05-07T23:34:02.561+0000][68][info ][safepoint   ] Safepoint "Cleanup", Time since last: 1000803319 ns, Reaching safepoint: 59053 ns, Cleanup: 36175 ns, At safepoint: 17938 ns, Total: 113166 ns
[2025-05-07T23:34:03.562+0000][68][info ][safepoint   ] Safepoint "Cleanup", Time since last: 1000715638 ns, Reaching safepoint: 31797 ns, Cleanup: 27246 ns, At safepoint: 16791 ns, Total: 75834 ns
[2025-05-07T23:34:04.563+0000][68][info ][safepoint   ] Safepoint "Cleanup", Time since last: 1000659397 ns, Reaching safepoint: 29013 ns, Cleanup: 18001 ns, At safepoint: 15331 ns, Total: 62345 ns
[2025-05-07T23:34:05.564+0000][68][info ][safepoint   ] Safepoint "Cleanup", Time since last: 1000780121 ns, Reaching safepoint: 29965 ns, Cleanup: 18994 ns, At safepoint: 139608 ns, Total: 188567 ns
[2025-05-07T23:34:08.563+0000][68][info ][safepoint   ] Safepoint "Cleanup", Time since last: 3001064841 ns, Reaching safepoint: 30907 ns, Cleanup: 26551 ns, At safepoint: 10542 ns, Total: 68000 ns
[2025-05-07T23:34:10.564+0000][68][info ][safepoint   ] Safepoint "Cleanup", Time since last: 2000780589 ns, Reaching safepoint: 27470 ns, Cleanup: 18630 ns, At safepoint: 16000 ns, Total: 62100 ns
[2025-05-07T23:34:11.565+0000][68][info ][safepoint   ] Safepoint "Cleanup", Time since last: 1000758978 ns, Reaching safepoint: 27472 ns, Cleanup: 21199 ns, At safepoint: 14769 ns, Total: 63440 ns
[2025-05-07T23:34:13.566+0000][68][info ][safepoint   ] Safepoint "Cleanup", Time since last: 2000959807 ns, Reaching safepoint: 26358 ns, Cleanup: 28545 ns, At safepoint: 15246 ns, Total: 70149 ns
[2025-05-07T23:34:14.567+0000][68][info ][safepoint   ] Safepoint "Cleanup", Time since last: 1000702601 ns, Reaching safepoint: 30204 ns, Cleanup: 26874 ns, At safepoint: 15868 ns, Total: 72946 ns
[2025-05-07T23:34:15.567+0000][68][info ][safepoint   ] Safepoint "Cleanup", Time since last: 1000808621 ns, Reaching safepoint: 32471 ns, Cleanup: 18276 ns, At safepoint: 18862 ns, Total: 69609 ns
[2025-05-07T23:34:17.569+0000][68][info ][safepoint   ] Safepoint "Cleanup", Time since last: 2000960155 ns, Reaching safepoint: 32302 ns, Cleanup: 29476 ns, At safepoint: 18511 ns, Total: 80289 ns
[2025-05-07T23:34:18.569+0000][68][info ][safepoint   ] Safepoint "Cleanup", Time since last: 1000733751 ns, Reaching safepoint: 84453 ns, Cleanup: 15434 ns, At safepoint: 8733 ns, Total: 108620 ns
[2025-05-07T23:34:20.326+0000][68][info ][safepoint   ] Safepoint "Cleanup", Time since last: 1756226999 ns, Reaching safepoint: 34060 ns, Cleanup: 18074 ns, At safepoint: 19435 ns, Total: 71569 ns
[2025-05-07T23:34:21.328+0000][68][info ][safepoint   ] Safepoint "Cleanup", Time since last: 1001807604 ns, Reaching safepoint: 33589 ns, Cleanup: 25316 ns, At safepoint: 16880 ns, Total: 75785 ns
[2025-05-07T23:34:22.328+0000][68][info ][safepoint   ] Safepoint "Cleanup", Time since last: 1000614009 ns, Reaching safepoint: 73219 ns, Cleanup: 15879 ns, At safepoint: 8052 ns, Total: 97150 ns
[2025-05-07T23:34:23.329+0000][68][info ][safepoint   ] Safepoint "Cleanup", Time since last: 1000676442 ns, Reaching safepoint: 27168 ns, Cleanup: 17225 ns, At safepoint: 9781 ns, Total: 54174 ns
[2025-05-07T23:34:24.330+0000][68][info ][safepoint   ] Safepoint "Cleanup", Time since last: 1000657879 ns, Reaching safepoint: 29989 ns, Cleanup: 32195 ns, At safepoint: 14977 ns, Total: 77161 ns
[2025-05-07T23:34:26.331+0000][68][info ][safepoint   ] Safepoint "Cleanup", Time since last: 2000969697 ns, Reaching safepoint: 29962 ns, Cleanup: 18608 ns, At safepoint: 15615 ns, Total: 64185 ns
[2025-05-07T23:34:28.332+0000][68][info ][safepoint   ] Safepoint "Cleanup", Time since last: 2000818486 ns, Reaching safepoint: 28529 ns, Cleanup: 32468 ns, At safepoint: 14492 ns, Total: 75489 ns
[2025-05-07T23:34:29.332+0000][68][info ][safepoint   ] Safepoint "Cleanup", Time since last: 1000758711 ns, Reaching safepoint: 30395 ns, Cleanup: 18505 ns, At safepoint: 15233 ns, Total: 64133 ns
[2025-05-07T23:34:30.333+0000][68][info ][safepoint   ] Safepoint "Cleanup", Time since last: 1000762802 ns, Reaching safepoint: 32295 ns, Cleanup: 23498 ns, At safepoint: 17002 ns, Total: 72795 ns
[2025-05-07T23:34:33.334+0000][68][info ][safepoint   ] Safepoint "Cleanup", Time since last: 3000896326 ns, Reaching safepoint: 34596 ns, Cleanup: 25765 ns, At safepoint: 19693 ns, Total: 80054 ns
[2025-05-07T23:34:34.335+0000][68][info ][safepoint   ] Safepoint "Cleanup", Time since last: 1000823852 ns, Reaching safepoint: 32346 ns, Cleanup: 19008 ns, At safepoint: 16137 ns, Total: 67491 ns
[2025-05-07T23:34:36.267+0000][68][info ][safepoint   ] Safepoint "Cleanup", Time since last: 1931551447 ns, Reaching safepoint: 346873 ns, Cleanup: 57423 ns, At safepoint: 134462 ns, Total: 538758 ns
[2025-05-07T23:34:37.425+0000][68][info ][safepoint   ] Safepoint "Cleanup", Time since last: 1157208912 ns, Reaching safepoint: 8668 ns, Cleanup: 43793 ns, At safepoint: 20008 ns, Total: 72469 ns
[2025-05-07T23:34:55.554+0000][68][info ][safepoint   ] Safepoint "Cleanup", Time since last: 1006219379 ns, Reaching safepoint: 33459 ns, Cleanup: 30032 ns, At safepoint: 16907 ns, Total: 80398 ns
[2025-05-07T23:34:56.639+0000][68][info ][safepoint   ] Safepoint "Cleanup", Time since last: 1085172249 ns, Reaching safepoint: 15701 ns, Cleanup: 16500 ns, At safepoint: 8033 ns, Total: 40234 ns
[2025-05-07T23:34:58.640+0000][68][info ][safepoint   ] Safepoint "Cleanup", Time since last: 2001026495 ns, Reaching safepoint: 402172 ns, Cleanup: 27731 ns, At safepoint: 30504 ns, Total: 460407 ns
[2025-05-07T23:35:00.666+0000][68][info ][safepoint   ] Safepoint "Cleanup", Time since last: 2025838820 ns, Reaching safepoint: 30158 ns, Cleanup: 52896 ns, At safepoint: 60180 ns, Total: 143234 ns
[2025-05-07T23:35:01.667+0000][68][info ][safepoint   ] Safepoint "Cleanup", Time since last: 1000686369 ns, Reaching safepoint: 11555 ns, Cleanup: 38506 ns, At safepoint: 8268 ns, Total: 58329 ns
[2025-05-08T01:08:27.129+0000][68][info ][safepoint   ] Safepoint "ICBufferFull", Time since last: 1103884445 ns, Reaching safepoint: 19440 ns, Cleanup: 128080 ns, At safepoint: 10192 ns, Total: 157712 ns
[2025-05-08T01:08:28.152+0000][68][info ][safepoint   ] Safepoint "Cleanup", Time since last: 1022038069 ns, Reaching safepoint: 16862 ns, Cleanup: 33513 ns, At safepoint: 7052 ns, Total: 57427 ns
[2025-05-08T01:08:29.248+0000][68][info ][safepoint   ] Safepoint "Cleanup", Time since last: 1096374062 ns, Reaching safepoint: 29240 ns, Cleanup: 14518 ns, At safepoint: 6693 ns, Total: 50451 ns
[2025-05-08T01:08:30.249+0000][68][info ][safepoint   ] Safepoint "Cleanup", Time since last: 1000592872 ns, Reaching safepoint: 9022 ns, Cleanup: 60427 ns, At safepoint: 13827 ns, Total: 83276 ns
[2025-05-08T01:08:32.241+0000][68][info ][safepoint   ] Safepoint "Cleanup", Time since last: 1992699315 ns, Reaching safepoint: 19463 ns, Cleanup: 22380 ns, At safepoint: 7919 ns, Total: 49762 ns
[2025-05-08T01:08:33.244+0000][68][info ][safepoint   ] Safepoint "Cleanup", Time since last: 1002294380 ns, Reaching safepoint: 14915 ns, Cleanup: 14926 ns, At safepoint: 6355 ns, Total: 36196 ns
[2025-05-08T01:08:34.245+0000][68][info ][safepoint   ] Safepoint "Cleanup", Time since last: 1000784107 ns, Reaching safepoint: 15263 ns, Cleanup: 15412 ns, At safepoint: 6575 ns, Total: 37250 ns
[2025-05-08T01:08:35.245+0000][68][info ][safepoint   ] Safepoint "Cleanup", Time since last: 1000864222 ns, Reaching safepoint: 18240 ns, Cleanup: 36323 ns, At safepoint: 7704 ns, Total: 62267 ns
[2025-05-08T01:08:36.261+0000][68][info ][safepoint   ] Safepoint "Cleanup", Time since last: 1015307389 ns, Reaching safepoint: 16791 ns, Cleanup: 17584 ns, At safepoint: 7807 ns, Total: 42182 ns
[2025-05-08T01:08:37.263+0000][68][info ][safepoint   ] Safepoint "Cleanup", Time since last: 1002479377 ns, Reaching safepoint: 16589 ns, Cleanup: 14043 ns, At safepoint: 7284 ns, Total: 37916 ns
[2025-05-08T01:08:39.264+0000][68][info ][safepoint   ] Safepoint "Cleanup", Time since last: 2001008321 ns, Reaching safepoint: 30815 ns, Cleanup: 17236 ns, At safepoint: 16040 ns, Total: 64091 ns
[2025-05-08T01:08:40.269+0000][68][info ][safepoint   ] Safepoint "Cleanup", Time since last: 1004577774 ns, Reaching safepoint: 25455 ns, Cleanup: 26416 ns, At safepoint: 67641 ns, Total: 119512 ns
[2025-05-08T01:08:41.291+0000][68][info ][safepoint   ] Safepoint "Cleanup", Time since last: 1021500138 ns, Reaching safepoint: 67724 ns, Cleanup: 38792 ns, At safepoint: 7428 ns, Total: 113944 ns
[2025-05-08T01:08:45.292+0000][68][info ][safepoint   ] Safepoint "Cleanup", Time since last: 4000882596 ns, Reaching safepoint: 86054 ns, Cleanup: 19413 ns, At safepoint: 23484 ns, Total: 128951 ns
[2025-05-08T01:08:47.292+0000][68][info ][safepoint   ] Safepoint "Cleanup", Time since last: 2000677518 ns, Reaching safepoint: 16157 ns, Cleanup: 12687 ns, At safepoint: 6797 ns, Total: 35641 ns
[2025-05-08T01:08:48.293+0000][68][info ][safepoint   ] Safepoint "Cleanup", Time since last: 1000723210 ns, Reaching safepoint: 59862 ns, Cleanup: 13392 ns, At safepoint: 7885 ns, Total: 81139 ns
[2025-05-08T01:08:54.126+0000][68][info ][safepoint   ] Safepoint "Cleanup", Time since last: 2001031988 ns, Reaching safepoint: 16612 ns, Cleanup: 19825 ns, At safepoint: 6589 ns, Total: 43026 ns
[2025-05-08T01:08:55.160+0000][68][info ][safepoint   ] Safepoint "Cleanup", Time since last: 1033870153 ns, Reaching safepoint: 14475 ns, Cleanup: 15925 ns, At safepoint: 6259 ns, Total: 36659 ns
[2025-05-08T01:08:59.162+0000][68][info ][safepoint   ] Safepoint "Cleanup", Time since last: 4001708234 ns, Reaching safepoint: 64918 ns, Cleanup: 14617 ns, At safepoint: 7007 ns, Total: 86542 ns
[2025-05-08T01:09:01.163+0000][68][info ][safepoint   ] Safepoint "Cleanup", Time since last: 2000907450 ns, Reaching safepoint: 14387 ns, Cleanup: 10741 ns, At safepoint: 6376 ns, Total: 31504 ns
[2025-05-08T01:09:04.164+0000][68][info ][safepoint   ] Safepoint "Cleanup", Time since last: 3001389132 ns, Reaching safepoint: 29990 ns, Cleanup: 21864 ns, At safepoint: 15530 ns, Total: 67384 ns
[2025-05-08T01:09:08.816+0000][68][info ][safepoint   ] Safepoint "Cleanup", Time since last: 4651865518 ns, Reaching safepoint: 32820 ns, Cleanup: 31377 ns, At safepoint: 17687 ns, Total: 81884 ns
[2025-05-08T01:09:09.819+0000][68][info ][safepoint   ] Safepoint "Cleanup", Time since last: 1002906521 ns, Reaching safepoint: 35122 ns, Cleanup: 32600 ns, At safepoint: 17487 ns, Total: 85209 ns
[2025-05-08T01:09:10.821+0000][68][info ][safepoint   ] Safepoint "Cleanup", Time since last: 1001876245 ns, Reaching safepoint: 27367 ns, Cleanup: 23918 ns, At safepoint: 10696 ns, Total: 61981 ns
[2025-05-08T01:09:13.822+0000][68][info ][safepoint   ] Safepoint "Cleanup", Time since last: 3001071087 ns, Reaching safepoint: 17589 ns, Cleanup: 10746 ns, At safepoint: 6692 ns, Total: 35027 ns
[2025-05-08T01:09:14.823+0000][68][info ][safepoint   ] Safepoint "Cleanup", Time since last: 1000764321 ns, Reaching safepoint: 29531 ns, Cleanup: 20550 ns, At safepoint: 15939 ns, Total: 66020 ns
[2025-05-08T01:09:16.824+0000][68][info ][safepoint   ] Safepoint "Cleanup", Time since last: 2001028183 ns, Reaching safepoint: 29613 ns, Cleanup: 18736 ns, At safepoint: 16061 ns, Total: 64410 ns
[2025-05-08T01:09:17.825+0000][68][info ][safepoint   ] Safepoint "Cleanup", Time since last: 1000919355 ns, Reaching safepoint: 30401 ns, Cleanup: 17073 ns, At safepoint: 16499 ns, Total: 63973 ns
[2025-05-08T01:09:18.826+0000][68][info ][safepoint   ] Safepoint "Cleanup", Time since last: 1000915723 ns, Reaching safepoint: 28719 ns, Cleanup: 37885 ns, At safepoint: 15274 ns, Total: 81878 ns
[2025-05-08T01:09:19.827+0000][68][info ][safepoint   ] Safepoint "Cleanup", Time since last: 1000703926 ns, Reaching safepoint: 31308 ns, Cleanup: 17709 ns, At safepoint: 15993 ns, Total: 65010 ns
[2025-05-08T01:09:21.828+0000][68][info ][safepoint   ] Safepoint "Cleanup", Time since last: 2000956165 ns, Reaching safepoint: 29801 ns, Cleanup: 17930 ns, At safepoint: 15388 ns, Total: 63119 ns
[2025-05-08T01:09:22.829+0000][68][info ][safepoint   ] Safepoint "Cleanup", Time since last: 1000889357 ns, Reaching safepoint: 30253 ns, Cleanup: 18139 ns, At safepoint: 16020 ns, Total: 64412 ns
[2025-05-08T01:09:23.177+0000][68][info ][safepoint   ] Safepoint "Cleanup", Time since last: 1000834585 ns, Reaching safepoint: 29753 ns, Cleanup: 128081 ns, At safepoint: 16933 ns, Total: 174767 ns
[2025-05-08T01:09:24.178+0000][68][info ][safepoint   ] Safepoint "Cleanup", Time since last: 1000759743 ns, Reaching safepoint: 28745 ns, Cleanup: 16416 ns, At safepoint: 15689 ns, Total: 60850 ns
[2025-05-08T01:09:26.179+0000][68][info ][safepoint   ] Safepoint "Cleanup", Time since last: 2000960403 ns, Reaching safepoint: 28517 ns, Cleanup: 17147 ns, At safepoint: 16069 ns, Total: 61733 ns
[2025-05-08T01:09:27.535+0000][68][info ][safepoint   ] Safepoint "Cleanup", Time since last: 1356715847 ns, Reaching safepoint: 5715 ns, Cleanup: 36233 ns, At safepoint: 12261 ns, Total: 54209 ns
[2025-05-08T01:09:28.583+0000][68][info ][safepoint   ] Safepoint "Cleanup", Time since last: 1047799296 ns, Reaching safepoint: 6950 ns, Cleanup: 34823 ns, At safepoint: 12204 ns, Total: 53977 ns
[2025-05-08T01:09:29.589+0000][68][info ][safepoint   ] Safepoint "Cleanup", Time since last: 1005570636 ns, Reaching safepoint: 17155 ns, Cleanup: 24785 ns, At safepoint: 7253 ns, Total: 49193 ns
[2025-05-08T01:09:33.591+0000][68][info ][safepoint   ] Safepoint "Cleanup", Time since last: 4001632103 ns, Reaching safepoint: 29593 ns, Cleanup: 21258 ns, At safepoint: 15429 ns, Total: 66280 ns
[2025-05-08T01:09:35.592+0000][68][info ][safepoint   ] Safepoint "Cleanup", Time since last: 2000969412 ns, Reaching safepoint: 29452 ns, Cleanup: 14478 ns, At safepoint: 75066 ns, Total: 118996 ns
[2025-05-08T01:09:37.593+0000][68][info ][safepoint   ] Safepoint "Cleanup", Time since last: 2000805224 ns, Reaching safepoint: 29191 ns, Cleanup: 29284 ns, At safepoint: 78473 ns, Total: 136948 ns
[2025-05-08T01:09:38.593+0000][68][info ][safepoint   ] Safepoint "Cleanup", Time since last: 1000706640 ns, Reaching safepoint: 32219 ns, Cleanup: 56358 ns, At safepoint: 17347 ns, Total: 105924 ns
[2025-05-08T01:09:41.595+0000][68][info ][safepoint   ] Safepoint "Cleanup", Time since last: 3001271767 ns, Reaching safepoint: 31738 ns, Cleanup: 19946 ns, At safepoint: 18051 ns, Total: 69735 ns
[2025-05-08T01:09:46.596+0000][68][info ][safepoint   ] Safepoint "Cleanup", Time since last: 5001502960 ns, Reaching safepoint: 27989 ns, Cleanup: 36694 ns, At safepoint: 15082 ns, Total: 79765 ns
[2025-05-08T01:09:56.601+0000][68][info ][safepoint   ] Safepoint "Cleanup", Time since last: 10003092949 ns, Reaching safepoint: 187228 ns, Cleanup: 19878 ns, At safepoint: 147212 ns, Total: 354318 ns
[2025-05-08T01:09:58.602+0000][68][info ][safepoint   ] Safepoint "Cleanup", Time since last: 2000819715 ns, Reaching safepoint: 28898 ns, Cleanup: 28110 ns, At safepoint: 78676 ns, Total: 135684 ns
[2025-05-08T01:09:59.602+0000][68][info ][safepoint   ] Safepoint "Cleanup", Time since last: 1000618934 ns, Reaching safepoint: 78603 ns, Cleanup: 11800 ns, At safepoint: 6751 ns, Total: 97154 ns
[2025-05-08T01:10:02.604+0000][68][info ][safepoint   ] Safepoint "Cleanup", Time since last: 3001403601 ns, Reaching safepoint: 27586 ns, Cleanup: 21263 ns, At safepoint: 14876 ns, Total: 63725 ns
[2025-05-08T01:10:07.270+0000][68][info ][safepoint   ] Safepoint "Cleanup", Time since last: 4666107116 ns, Reaching safepoint: 28475 ns, Cleanup: 16322 ns, At safepoint: 14743 ns, Total: 59540 ns
[2025-05-08T01:10:08.271+0000][68][info ][safepoint   ] Safepoint "Cleanup", Time since last: 1000849809 ns, Reaching safepoint: 16662 ns, Cleanup: 12041 ns, At safepoint: 7755 ns, Total: 36458 ns
[2025-05-08T01:10:12.272+0000][68][info ][safepoint   ] Safepoint "Cleanup", Time since last: 4001262791 ns, Reaching safepoint: 23406 ns, Cleanup: 16130 ns, At safepoint: 9173 ns, Total: 48709 ns
[2025-05-08T01:10:13.273+0000][68][info ][safepoint   ] Safepoint "Cleanup", Time since last: 1000683438 ns, Reaching safepoint: 16538 ns, Cleanup: 13934 ns, At safepoint: 7093 ns, Total: 37565 ns
[2025-05-08T01:10:15.274+0000][68][info ][safepoint   ] Safepoint "Cleanup", Time since last: 2000991527 ns, Reaching safepoint: 52962 ns, Cleanup: 13225 ns, At safepoint: 7376 ns, Total: 73563 ns
[2025-05-08T01:10:18.275+0000][68][info ][safepoint   ] Safepoint "Cleanup", Time since last: 3001163441 ns, Reaching safepoint: 28719 ns, Cleanup: 22539 ns, At safepoint: 17147 ns, Total: 68405 ns
[2025-05-08T01:10:23.275+0000][68][info ][safepoint   ] Safepoint "Cleanup", Time since last: 5001445777 ns, Reaching safepoint: 17032 ns, Cleanup: 17798 ns, At safepoint: 7673 ns, Total: 42503 ns
[2025-05-08T01:10:27.276+0000][68][info ][safepoint   ] Safepoint "Cleanup", Time since last: 4001237190 ns, Reaching safepoint: 29558 ns, Cleanup: 16770 ns, At safepoint: 16662 ns, Total: 62990 ns
[2025-05-08T01:10:28.277+0000][68][info ][safepoint   ] Safepoint "Cleanup", Time since last: 1000722973 ns, Reaching safepoint: 28256 ns, Cleanup: 26201 ns, At safepoint: 15051 ns, Total: 69508 ns
[2025-05-08T01:10:29.612+0000][68][info ][safepoint   ] Safepoint "Cleanup", Time since last: 1334442539 ns, Reaching safepoint: 5498 ns, Cleanup: 12014 ns, At safepoint: 12602 ns, Total: 30114 ns
[2025-05-08T01:10:30.617+0000][68][info ][safepoint   ] Safepoint "Cleanup", Time since last: 1005704651 ns, Reaching safepoint: 12434 ns, Cleanup: 23209 ns, At safepoint: 78423 ns, Total: 114066 ns
[2025-05-08T01:10:31.628+0000][68][info ][safepoint   ] Safepoint "Cleanup", Time since last: 1010341088 ns, Reaching safepoint: 31754 ns, Cleanup: 24258 ns, At safepoint: 16910 ns, Total: 72922 ns
[2025-05-08T01:10:32.629+0000][68][info ][safepoint   ] Safepoint "Cleanup", Time since last: 1000705615 ns, Reaching safepoint: 23734 ns, Cleanup: 13699 ns, At safepoint: 7939 ns, Total: 45372 ns
[2025-05-08T01:10:33.909+0000][68][info ][safepoint   ] Safepoint "Cleanup", Time since last: 1280000763 ns, Reaching safepoint: 16915 ns, Cleanup: 26437 ns, At safepoint: 7278 ns, Total: 50630 ns
[2025-05-08T01:10:35.910+0000][68][info ][safepoint   ] Safepoint "Cleanup", Time since last: 2000903428 ns, Reaching safepoint: 28891 ns, Cleanup: 17511 ns, At safepoint: 15292 ns, Total: 61694 ns
[2025-05-08T01:10:37.911+0000][68][info ][safepoint   ] Safepoint "Cleanup", Time since last: 2000863120 ns, Reaching safepoint: 33435 ns, Cleanup: 39957 ns, At safepoint: 20448 ns, Total: 93840 ns
[2025-05-08T01:10:38.911+0000][68][info ][safepoint   ] Safepoint "Cleanup", Time since last: 1000879655 ns, Reaching safepoint: 16252 ns, Cleanup: 19343 ns, At safepoint: 6879 ns, Total: 42474 ns
[2025-05-08T01:10:39.912+0000][68][info ][safepoint   ] Safepoint "Cleanup", Time since last: 1000660505 ns, Reaching safepoint: 30324 ns, Cleanup: 22765 ns, At safepoint: 16858 ns, Total: 69947 ns
[2025-05-08T01:10:43.913+0000][68][info ][safepoint   ] Safepoint "Cleanup", Time since last: 4001174743 ns, Reaching safepoint: 27733 ns, Cleanup: 23210 ns, At safepoint: 10792 ns, Total: 61735 ns
[2025-05-08T01:10:44.914+0000][68][info ][safepoint   ] Safepoint "Cleanup", Time since last: 1000690002 ns, Reaching safepoint: 78040 ns, Cleanup: 17526 ns, At safepoint: 33304 ns, Total: 128870 ns
[2025-05-08T01:10:48.915+0000][68][info ][safepoint   ] Safepoint "Cleanup", Time since last: 4001189011 ns, Reaching safepoint: 18334 ns, Cleanup: 20294 ns, At safepoint: 7964 ns, Total: 46592 ns
[2025-05-08T01:10:50.916+0000][68][info ][safepoint   ] Safepoint "Cleanup", Time since last: 2000762855 ns, Reaching safepoint: 32062 ns, Cleanup: 24779 ns, At safepoint: 16884 ns, Total: 73725 ns
[2025-05-08T01:10:53.915+0000][68][info ][safepoint   ] Safepoint "Cleanup", Time since last: 3000902215 ns, Reaching safepoint: 21103 ns, Cleanup: 18624 ns, At safepoint: 7167 ns, Total: 46894 ns
[2025-05-08T01:10:55.639+0000][68][info ][safepoint   ] Safepoint "Cleanup", Time since last: 1723046661 ns, Reaching safepoint: 29220 ns, Cleanup: 76260 ns, At safepoint: 76265 ns, Total: 181745 ns
[2025-05-08T01:10:56.649+0000][68][info ][safepoint   ] Safepoint "Cleanup", Time since last: 1010035494 ns, Reaching safepoint: 23662 ns, Cleanup: 18438 ns, At safepoint: 9414 ns, Total: 51514 ns
[2025-05-08T01:10:58.650+0000][68][info ][safepoint   ] Safepoint "Cleanup", Time since last: 2000838968 ns, Reaching safepoint: 31513 ns, Cleanup: 31058 ns, At safepoint: 17062 ns, Total: 79633 ns
[2025-05-08T01:10:59.682+0000][68][info ][safepoint   ] Safepoint "Cleanup", Time since last: 1031981712 ns, Reaching safepoint: 33487 ns, Cleanup: 21275 ns, At safepoint: 16553 ns, Total: 71315 ns
[2025-05-08T01:11:00.683+0000][68][info ][safepoint   ] Safepoint "Cleanup", Time since last: 1001059020 ns, Reaching safepoint: 72431 ns, Cleanup: 20567 ns, At safepoint: 30450 ns, Total: 123448 ns
[2025-05-08T01:11:01.684+0000][68][info ][safepoint   ] Safepoint "Cleanup", Time since last: 1000698365 ns, Reaching safepoint: 30805 ns, Cleanup: 16970 ns, At safepoint: 15753 ns, Total: 63528 ns
[2025-05-08T01:11:02.685+0000][68][info ][safepoint   ] Safepoint "Cleanup", Time since last: 1000935040 ns, Reaching safepoint: 30945 ns, Cleanup: 20180 ns, At safepoint: 16799 ns, Total: 67924 ns
[2025-05-08T01:11:03.685+0000][68][info ][safepoint   ] Safepoint "Cleanup", Time since last: 1000648862 ns, Reaching safepoint: 18589 ns, Cleanup: 23151 ns, At safepoint: 7630 ns, Total: 49370 ns
[2025-05-08T01:11:05.317+0000][68][info ][safepoint   ] Safepoint "Cleanup", Time since last: 1631572231 ns, Reaching safepoint: 38078 ns, Cleanup: 19436 ns, At safepoint: 18639 ns, Total: 76153 ns
[2025-05-08T01:11:06.318+0000][68][info ][safepoint   ] Safepoint "Cleanup", Time since last: 1000814857 ns, Reaching safepoint: 26285 ns, Cleanup: 29293 ns, At safepoint: 10114 ns, Total: 65692 ns
[2025-05-08T01:11:07.319+0000][68][info ][safepoint   ] Safepoint "Cleanup", Time since last: 1000525385 ns, Reaching safepoint: 27057 ns, Cleanup: 16674 ns, At safepoint: 9539 ns, Total: 53270 ns
[2025-05-08T01:11:08.319+0000][68][info ][safepoint   ] Safepoint "Cleanup", Time since last: 1000714874 ns, Reaching safepoint: 125699 ns, Cleanup: 29578 ns, At safepoint: 20927 ns, Total: 176204 ns
[2025-05-08T01:11:09.320+0000][68][info ][safepoint   ] Safepoint "Cleanup", Time since last: 1000674410 ns, Reaching safepoint: 34722 ns, Cleanup: 18196 ns, At safepoint: 17715 ns, Total: 70633 ns
[2025-05-08T01:11:11.321+0000][68][info ][safepoint   ] Safepoint "Cleanup", Time since last: 2001121248 ns, Reaching safepoint: 17833 ns, Cleanup: 11079 ns, At safepoint: 6638 ns, Total: 35550 ns
[2025-05-08T01:11:12.322+0000][68][info ][safepoint   ] Safepoint "Cleanup", Time since last: 1000783006 ns, Reaching safepoint: 33214 ns, Cleanup: 19107 ns, At safepoint: 17518 ns, Total: 69839 ns
[2025-05-08T01:11:13.323+0000][68][info ][safepoint   ] Safepoint "Cleanup", Time since last: 1000773121 ns, Reaching safepoint: 32180 ns, Cleanup: 21459 ns, At safepoint: 18112 ns, Total: 71751 ns
[2025-05-08T01:11:14.324+0000][68][info ][safepoint   ] Safepoint "Cleanup", Time since last: 1000664317 ns, Reaching safepoint: 34240 ns, Cleanup: 17910 ns, At safepoint: 17723 ns, Total: 69873 ns
[2025-05-08T01:11:18.325+0000][68][info ][safepoint   ] Safepoint "Cleanup", Time since last: 4001454887 ns, Reaching safepoint: 70869 ns, Cleanup: 24755 ns, At safepoint: 16942 ns, Total: 112566 ns
[2025-05-08T01:11:19.326+0000][68][info ][safepoint   ] Safepoint "Cleanup", Time since last: 1001073514 ns, Reaching safepoint: 30866 ns, Cleanup: 17271 ns, At safepoint: 15417 ns, Total: 63554 ns
[2025-05-08T01:11:24.326+0000][68][info ][safepoint   ] Safepoint "Cleanup", Time since last: 5001387378 ns, Reaching safepoint: 32020 ns, Cleanup: 20709 ns, At safepoint: 17636 ns, Total: 70365 ns
[2025-05-08T01:11:27.328+0000][68][info ][safepoint   ] Safepoint "Cleanup", Time since last: 3001170324 ns, Reaching safepoint: 36001 ns, Cleanup: 21644 ns, At safepoint: 19022 ns, Total: 76667 ns
[2025-05-08T01:11:28.328+0000][68][info ][safepoint   ] Safepoint "Cleanup", Time since last: 1000737353 ns, Reaching safepoint: 30088 ns, Cleanup: 20570 ns, At safepoint: 15171 ns, Total: 65829 ns
[2025-05-08T01:11:30.329+0000][68][info ][safepoint   ] Safepoint "Cleanup", Time since last: 2000896282 ns, Reaching safepoint: 33385 ns, Cleanup: 16617 ns, At safepoint: 18489 ns, Total: 68491 ns
[2025-05-08T01:11:32.597+0000][68][info ][safepoint   ] Safepoint "Cleanup", Time since last: 2267677029 ns, Reaching safepoint: 16191 ns, Cleanup: 22226 ns, At safepoint: 121342 ns, Total: 159759 ns
[2025-05-08T01:11:33.629+0000][68][info ][safepoint   ] Safepoint "Cleanup", Time since last: 1031665687 ns, Reaching safepoint: 30060 ns, Cleanup: 33616 ns, At safepoint: 15104 ns, Total: 78780 ns
[2025-05-08T01:11:34.729+0000][68][info ][safepoint   ] Safepoint "Cleanup", Time since last: 1100405702 ns, Reaching safepoint: 30970 ns, Cleanup: 23378 ns, At safepoint: 16052 ns, Total: 70400 ns
[2025-05-08T01:11:35.730+0000][68][info ][safepoint   ] Safepoint "Cleanup", Time since last: 1000652218 ns, Reaching safepoint: 33022 ns, Cleanup: 20233 ns, At safepoint: 84950 ns, Total: 138205 ns
[2025-05-08T01:11:38.731+0000][68][info ][safepoint   ] Safepoint "Cleanup", Time since last: 3001027758 ns, Reaching safepoint: 30093 ns, Cleanup: 42570 ns, At safepoint: 81137 ns, Total: 153800 ns
[2025-05-08T01:11:40.732+0000][68][info ][safepoint   ] Safepoint "Cleanup", Time since last: 2000828286 ns, Reaching safepoint: 28632 ns, Cleanup: 12158 ns, At safepoint: 19545 ns, Total: 60335 ns
[2025-05-08T01:11:43.733+0000][68][info ][safepoint   ] Safepoint "Cleanup", Time since last: 3000968630 ns, Reaching safepoint: 17798 ns, Cleanup: 12005 ns, At safepoint: 7038 ns, Total: 36841 ns
[2025-05-08T01:11:44.734+0000][68][info ][safepoint   ] Safepoint "Cleanup", Time since last: 1000597664 ns, Reaching safepoint: 29832 ns, Cleanup: 19306 ns, At safepoint: 15380 ns, Total: 64518 ns
[2025-05-08T01:11:47.735+0000][68][info ][safepoint   ] Safepoint "Cleanup", Time since last: 3000974859 ns, Reaching safepoint: 71045 ns, Cleanup: 17405 ns, At safepoint: 90815 ns, Total: 179265 ns
[2025-05-08T01:11:50.736+0000][68][info ][safepoint   ] Safepoint "Cleanup", Time since last: 3000872594 ns, Reaching safepoint: 77947 ns, Cleanup: 38559 ns, At safepoint: 18344 ns, Total: 134850 ns
[2025-05-08T01:11:53.736+0000][68][info ][safepoint   ] Safepoint "Cleanup", Time since last: 3001437732 ns, Reaching safepoint: 29446 ns, Cleanup: 30559 ns, At safepoint: 16181 ns, Total: 76186 ns
[2025-05-08T01:11:54.736+0000][68][info ][safepoint   ] Safepoint "Cleanup", Time since last: 1000756475 ns, Reaching safepoint: 28819 ns, Cleanup: 15899 ns, At safepoint: 15750 ns, Total: 60468 ns
[2025-05-08T01:11:56.737+0000][68][info ][safepoint   ] Safepoint "Cleanup", Time since last: 2000940041 ns, Reaching safepoint: 15473 ns, Cleanup: 11915 ns, At safepoint: 7246 ns, Total: 34634 ns
[2025-05-08T01:12:03.739+0000][68][info ][safepoint   ] Safepoint "Cleanup", Time since last: 7001628727 ns, Reaching safepoint: 132836 ns, Cleanup: 19619 ns, At safepoint: 16174 ns, Total: 168629 ns
[2025-05-08T01:12:06.355+0000][68][info ][safepoint   ] Safepoint "Cleanup", Time since last: 2615834903 ns, Reaching safepoint: 125588 ns, Cleanup: 17987 ns, At safepoint: 18886 ns, Total: 162461 ns
[2025-05-08T01:12:07.356+0000][68][info ][safepoint   ] Safepoint "Cleanup", Time since last: 1000819224 ns, Reaching safepoint: 30125 ns, Cleanup: 19360 ns, At safepoint: 16373 ns, Total: 65858 ns
[2025-05-08T01:12:09.358+0000][68][info ][safepoint   ] Safepoint "Cleanup", Time since last: 2001379180 ns, Reaching safepoint: 32468 ns, Cleanup: 20006 ns, At safepoint: 17287 ns, Total: 69761 ns
[2025-05-08T01:12:11.316+0000][68][info ][safepoint   ] Safepoint "Cleanup", Time since last: 1957983093 ns, Reaching safepoint: 85214 ns, Cleanup: 8918 ns, At safepoint: 24099 ns, Total: 118231 ns
[2025-05-08T01:12:12.373+0000][68][info ][safepoint   ] Safepoint "Cleanup", Time since last: 1057110064 ns, Reaching safepoint: 31578 ns, Cleanup: 24945 ns, At safepoint: 16499 ns, Total: 73022 ns
[2025-05-08T01:12:13.374+0000][68][info ][safepoint   ] Safepoint "Cleanup", Time since last: 1000774418 ns, Reaching safepoint: 29260 ns, Cleanup: 19870 ns, At safepoint: 15892 ns, Total: 65022 ns
[2025-05-08T01:12:14.375+0000][68][info ][safepoint   ] Safepoint "Cleanup", Time since last: 1000850026 ns, Reaching safepoint: 31011 ns, Cleanup: 19331 ns, At safepoint: 15360 ns, Total: 65702 ns
[2025-05-08T01:12:18.376+0000][68][info ][safepoint   ] Safepoint "Cleanup", Time since last: 4001026073 ns, Reaching safepoint: 44179 ns, Cleanup: 13683 ns, At safepoint: 7235 ns, Total: 65097 ns
[2025-05-08T01:12:21.377+0000][68][info ][safepoint   ] Safepoint "Cleanup", Time since last: 3000864326 ns, Reaching safepoint: 29551 ns, Cleanup: 23226 ns, At safepoint: 15536 ns, Total: 68313 ns
[2025-05-08T01:12:28.377+0000][68][info ][safepoint   ] Safepoint "Cleanup", Time since last: 7001865168 ns, Reaching safepoint: 30288 ns, Cleanup: 19747 ns, At safepoint: 15356 ns, Total: 65391 ns
[2025-05-08T01:12:29.377+0000][68][info ][safepoint   ] Safepoint "Cleanup", Time since last: 1000568551 ns, Reaching safepoint: 19376 ns, Cleanup: 13480 ns, At safepoint: 7665 ns, Total: 40521 ns
[2025-05-08T01:12:30.378+0000][68][info ][safepoint   ] Safepoint "Cleanup", Time since last: 1000684343 ns, Reaching safepoint: 19750 ns, Cleanup: 18570 ns, At safepoint: 17419 ns, Total: 55739 ns
[2025-05-08T01:12:31.830+0000][68][info ][safepoint   ] Safepoint "Cleanup", Time since last: 1451201614 ns, Reaching safepoint: 31273 ns, Cleanup: 40104 ns, At safepoint: 17379 ns, Total: 88756 ns
[2025-05-08T01:12:32.830+0000][68][info ][safepoint   ] Safepoint "Cleanup", Time since last: 1000651909 ns, Reaching safepoint: 72186 ns, Cleanup: 22670 ns, At safepoint: 17266 ns, Total: 112122 ns
[2025-05-08T01:12:33.831+0000][68][info ][safepoint   ] Safepoint "Cleanup", Time since last: 1000607343 ns, Reaching safepoint: 31216 ns, Cleanup: 30198 ns, At safepoint: 16017 ns, Total: 77431 ns
[2025-05-08T01:12:35.625+0000][68][info ][safepoint   ] Safepoint "Cleanup", Time since last: 1793775798 ns, Reaching safepoint: 155157 ns, Cleanup: 14208 ns, At safepoint: 51638 ns, Total: 221003 ns
[2025-05-08T01:12:36.790+0000][68][info ][safepoint   ] Safepoint "Cleanup", Time since last: 1165095911 ns, Reaching safepoint: 29555 ns, Cleanup: 41801 ns, At safepoint: 16370 ns, Total: 87726 ns
[2025-05-08T01:12:37.799+0000][68][info ][safepoint   ] Safepoint "Cleanup", Time since last: 1008345195 ns, Reaching safepoint: 18132 ns, Cleanup: 22673 ns, At safepoint: 8226 ns, Total: 49031 ns
[2025-05-08T01:12:38.799+0000][68][info ][safepoint   ] Safepoint "Cleanup", Time since last: 1000750585 ns, Reaching safepoint: 30089 ns, Cleanup: 21121 ns, At safepoint: 15564 ns, Total: 66774 ns
[2025-05-08T01:12:41.801+0000][68][info ][safepoint   ] Safepoint "Cleanup", Time since last: 3001127305 ns, Reaching safepoint: 16762 ns, Cleanup: 14185 ns, At safepoint: 7215 ns, Total: 38162 ns
[2025-05-08T01:12:43.801+0000][68][info ][safepoint   ] Safepoint "Cleanup", Time since last: 2000741964 ns, Reaching safepoint: 19677 ns, Cleanup: 14493 ns, At safepoint: 8257 ns, Total: 42427 ns
[2025-05-08T01:12:47.803+0000][68][info ][safepoint   ] Safepoint "Cleanup", Time since last: 4001092208 ns, Reaching safepoint: 71662 ns, Cleanup: 25161 ns, At safepoint: 34818 ns, Total: 131641 ns
[2025-05-08T01:12:49.804+0000][68][info ][safepoint   ] Safepoint "Cleanup", Time since last: 2000905577 ns, Reaching safepoint: 30174 ns, Cleanup: 22315 ns, At safepoint: 16209 ns, Total: 68698 ns
[2025-05-08T01:12:50.907+0000][68][info ][safepoint   ] Safepoint "Cleanup", Time since last: 1103437536 ns, Reaching safepoint: 15893 ns, Cleanup: 48157 ns, At safepoint: 64095 ns, Total: 128145 ns
[2025-05-08T01:12:52.911+0000][68][info ][safepoint   ] Safepoint "Cleanup", Time since last: 2007143739 ns, Reaching safepoint: 19545 ns, Cleanup: 15417 ns, At safepoint: 8631 ns, Total: 43593 ns
[2025-05-08T01:12:53.948+0000][68][info ][safepoint   ] Safepoint "Cleanup", Time since last: 1037088842 ns, Reaching safepoint: 17945 ns, Cleanup: 25888 ns, At safepoint: 7120 ns, Total: 50953 ns
[2025-05-08T01:12:57.949+0000][68][info ][safepoint   ] Safepoint "Cleanup", Time since last: 4001288737 ns, Reaching safepoint: 31096 ns, Cleanup: 18910 ns, At safepoint: 16046 ns, Total: 66052 ns
[2025-05-08T01:12:58.950+0000][68][info ][safepoint   ] Safepoint "Cleanup", Time since last: 1000614099 ns, Reaching safepoint: 16805 ns, Cleanup: 11978 ns, At safepoint: 7169 ns, Total: 35952 ns
[2025-05-08T01:13:08.391+0000][68][info ][safepoint   ] Safepoint "Cleanup", Time since last: 9441100101 ns, Reaching safepoint: 17078 ns, Cleanup: 18931 ns, At safepoint: 7978 ns, Total: 43987 ns
[2025-05-08T01:13:09.979+0000][68][info ][safepoint   ] Safepoint "Cleanup", Time since last: 1588081488 ns, Reaching safepoint: 29000 ns, Cleanup: 29550 ns, At safepoint: 16253 ns, Total: 74803 ns
[2025-05-08T01:13:10.980+0000][68][info ][safepoint   ] Safepoint "Cleanup", Time since last: 1000847826 ns, Reaching safepoint: 30167 ns, Cleanup: 16299 ns, At safepoint: 16903 ns, Total: 63369 ns
[2025-05-08T01:13:11.981+0000][68][info ][safepoint   ] Safepoint "Cleanup", Time since last: 1000622178 ns, Reaching safepoint: 29919 ns, Cleanup: 24731 ns, At safepoint: 15696 ns, Total: 70346 ns
[2025-05-08T01:13:13.901+0000][68][info ][safepoint   ] Safepoint "Cleanup", Time since last: 1920378246 ns, Reaching safepoint: 29320 ns, Cleanup: 30016 ns, At safepoint: 15370 ns, Total: 74706 ns
[2025-05-08T01:13:14.902+0000][68][info ][safepoint   ] Safepoint "Cleanup", Time since last: 1000645890 ns, Reaching safepoint: 88481 ns, Cleanup: 25019 ns, At safepoint: 17272 ns, Total: 130772 ns
[2025-05-08T01:13:17.903+0000][68][info ][safepoint   ] Safepoint "Cleanup", Time since last: 3001058891 ns, Reaching safepoint: 29409 ns, Cleanup: 16024 ns, At safepoint: 14983 ns, Total: 60416 ns
[2025-05-08T01:13:18.904+0000][68][info ][safepoint   ] Safepoint "Cleanup", Time since last: 1000727321 ns, Reaching safepoint: 64219 ns, Cleanup: 15616 ns, At safepoint: 30182 ns, Total: 110017 ns
[2025-05-08T01:13:20.905+0000][68][info ][safepoint   ] Safepoint "Cleanup", Time since last: 2000818148 ns, Reaching safepoint: 30494 ns, Cleanup: 24059 ns, At safepoint: 23716 ns, Total: 78269 ns
[2025-05-08T01:13:28.904+0000][68][info ][safepoint   ] Safepoint "Cleanup", Time since last: 8001797995 ns, Reaching safepoint: 31122 ns, Cleanup: 18610 ns, At safepoint: 16367 ns, Total: 66099 ns
[2025-05-08T01:13:30.830+0000][68][info ][safepoint   ] Safepoint "Cleanup", Time since last: 1925804867 ns, Reaching safepoint: 28791 ns, Cleanup: 45351 ns, At safepoint: 17280 ns, Total: 91422 ns
[2025-05-08T01:13:33.869+0000][68][info ][safepoint   ] Safepoint "Cleanup", Time since last: 3038735070 ns, Reaching safepoint: 62300 ns, Cleanup: 23549 ns, At safepoint: 29789 ns, Total: 115638 ns
[2025-05-08T01:13:37.870+0000][68][info ][safepoint   ] Safepoint "Cleanup", Time since last: 4001203981 ns, Reaching safepoint: 32293 ns, Cleanup: 27562 ns, At safepoint: 16756 ns, Total: 76611 ns
[2025-05-08T01:13:38.877+0000][68][info ][safepoint   ] Safepoint "Cleanup", Time since last: 1006408017 ns, Reaching safepoint: 14644 ns, Cleanup: 41836 ns, At safepoint: 82829 ns, Total: 139309 ns
[2025-05-08T01:13:44.898+0000][68][info ][safepoint   ] Safepoint "Cleanup", Time since last: 6020659869 ns, Reaching safepoint: 116357 ns, Cleanup: 17278 ns, At safepoint: 17668 ns, Total: 151303 ns
[2025-05-08T01:13:48.899+0000][68][info ][safepoint   ] Safepoint "Cleanup", Time since last: 4001359623 ns, Reaching safepoint: 29571 ns, Cleanup: 24187 ns, At safepoint: 15984 ns, Total: 69742 ns
[2025-05-08T01:13:50.900+0000][68][info ][safepoint   ] Safepoint "Cleanup", Time since last: 2000883341 ns, Reaching safepoint: 66432 ns, Cleanup: 18470 ns, At safepoint: 16355 ns, Total: 101257 ns
[2025-05-08T01:13:53.033+0000][68][info ][safepoint   ] Safepoint "Cleanup", Time since last: 2134570541 ns, Reaching safepoint: 5303 ns, Cleanup: 8160 ns, At safepoint: 14376 ns, Total: 27839 ns
[2025-05-08T01:13:54.081+0000][68][info ][safepoint   ] Safepoint "Cleanup", Time since last: 1048325027 ns, Reaching safepoint: 30173 ns, Cleanup: 24452 ns, At safepoint: 16227 ns, Total: 70852 ns
[2025-05-08T01:13:56.082+0000][68][info ][safepoint   ] Safepoint "Cleanup", Time since last: 2000847739 ns, Reaching safepoint: 29876 ns, Cleanup: 18450 ns, At safepoint: 16101 ns, Total: 64427 ns
[2025-05-08T01:13:58.083+0000][68][info ][safepoint   ] Safepoint "Cleanup", Time since last: 2001023375 ns, Reaching safepoint: 31924 ns, Cleanup: 17435 ns, At safepoint: 16393 ns, Total: 65752 ns
[2025-05-08T01:13:59.084+0000][68][info ][safepoint   ] Safepoint "Cleanup", Time since last: 1000819602 ns, Reaching safepoint: 32259 ns, Cleanup: 28892 ns, At safepoint: 16928 ns, Total: 78079 ns
[2025-05-08T01:14:00.085+0000][68][info ][safepoint   ] Safepoint "Cleanup", Time since last: 1000707714 ns, Reaching safepoint: 30591 ns, Cleanup: 19557 ns, At safepoint: 16123 ns, Total: 66271 ns
[2025-05-08T01:14:05.429+0000][68][info ][safepoint   ] Safepoint "Cleanup", Time since last: 5344328046 ns, Reaching safepoint: 17522 ns, Cleanup: 15367 ns, At safepoint: 6746 ns, Total: 39635 ns
[2025-05-08T01:14:07.143+0000][68][info ][safepoint   ] Safepoint "Cleanup", Time since last: 1713689984 ns, Reaching safepoint: 33809 ns, Cleanup: 25997 ns, At safepoint: 19308 ns, Total: 79114 ns
[2025-05-08T01:14:08.144+0000][68][info ][safepoint   ] Safepoint "Cleanup", Time since last: 1000774923 ns, Reaching safepoint: 17668 ns, Cleanup: 11695 ns, At safepoint: 6907 ns, Total: 36270 ns
[2025-05-08T01:14:09.158+0000][68][info ][safepoint   ] Safepoint "Cleanup", Time since last: 1014489582 ns, Reaching safepoint: 30214 ns, Cleanup: 28282 ns, At safepoint: 16260 ns, Total: 74756 ns
[2025-05-08T01:14:14.160+0000][68][info ][safepoint   ] Safepoint "Cleanup", Time since last: 5001649967 ns, Reaching safepoint: 30532 ns, Cleanup: 23503 ns, At safepoint: 15703 ns, Total: 69738 ns
[2025-05-08T01:14:15.161+0000][68][info ][safepoint   ] Safepoint "Cleanup", Time since last: 1000666198 ns, Reaching safepoint: 29331 ns, Cleanup: 20378 ns, At safepoint: 15628 ns, Total: 65337 ns
[2025-05-08T01:14:18.162+0000][68][info ][safepoint   ] Safepoint "Cleanup", Time since last: 3001030359 ns, Reaching safepoint: 18207 ns, Cleanup: 15366 ns, At safepoint: 7317 ns, Total: 40890 ns
[2025-05-08T01:14:19.162+0000][68][info ][safepoint   ] Safepoint "Cleanup", Time since last: 1000644211 ns, Reaching safepoint: 16994 ns, Cleanup: 13470 ns, At safepoint: 7077 ns, Total: 37541 ns
[2025-05-08T01:14:29.163+0000][68][info ][safepoint   ] Safepoint "Cleanup", Time since last: 10002253887 ns, Reaching safepoint: 72782 ns, Cleanup: 19236 ns, At safepoint: 18717 ns, Total: 110735 ns
[2025-05-08T01:14:30.164+0000][68][info ][safepoint   ] Safepoint "Cleanup", Time since last: 1000808147 ns, Reaching safepoint: 26386 ns, Cleanup: 20575 ns, At safepoint: 11410 ns, Total: 58371 ns
[2025-05-08T01:14:34.166+0000][68][info ][safepoint   ] Safepoint "Cleanup", Time since last: 4001963665 ns, Reaching safepoint: 36853 ns, Cleanup: 20329 ns, At safepoint: 18842 ns, Total: 76024 ns
[2025-05-08T01:14:36.166+0000][68][info ][safepoint   ] Safepoint "Cleanup", Time since last: 2000862802 ns, Reaching safepoint: 40488 ns, Cleanup: 20981 ns, At safepoint: 7340 ns, Total: 68809 ns
[2025-05-08T01:14:37.167+0000][68][info ][safepoint   ] Safepoint "Cleanup", Time since last: 1000799885 ns, Reaching safepoint: 16919 ns, Cleanup: 80036 ns, At safepoint: 24663 ns, Total: 121618 ns
[2025-05-08T01:14:38.168+0000][68][info ][safepoint   ] Safepoint "Cleanup", Time since last: 1000796725 ns, Reaching safepoint: 32705 ns, Cleanup: 36744 ns, At safepoint: 15741 ns, Total: 85190 ns
[2025-05-08T01:14:39.169+0000][68][info ][safepoint   ] Safepoint "Cleanup", Time since last: 1000928711 ns, Reaching safepoint: 31385 ns, Cleanup: 26645 ns, At safepoint: 17063 ns, Total: 75093 ns
[2025-05-08T01:14:41.638+0000][68][info ][safepoint   ] Safepoint "Cleanup", Time since last: 2468043282 ns, Reaching safepoint: 34731 ns, Cleanup: 24774 ns, At safepoint: 148734 ns, Total: 208239 ns
[2025-05-08T01:14:42.937+0000][68][info ][safepoint   ] Safepoint "Cleanup", Time since last: 1299328884 ns, Reaching safepoint: 33995 ns, Cleanup: 80871 ns, At safepoint: 19521 ns, Total: 134387 ns
[2025-05-08T01:14:44.938+0000][68][info ][safepoint   ] Safepoint "Cleanup", Time since last: 2001011770 ns, Reaching safepoint: 27685 ns, Cleanup: 16791 ns, At safepoint: 12809 ns, Total: 57285 ns
[2025-05-08T01:14:46.188+0000][68][info ][safepoint   ] Safepoint "Cleanup", Time since last: 1249599004 ns, Reaching safepoint: 14621 ns, Cleanup: 47014 ns, At safepoint: 80055 ns, Total: 141690 ns
[2025-05-08T01:14:48.194+0000][68][info ][safepoint   ] Safepoint "Cleanup", Time since last: 2006248247 ns, Reaching safepoint: 27693 ns, Cleanup: 22327 ns, At safepoint: 10323 ns, Total: 60343 ns
[2025-05-08T01:14:49.206+0000][68][info ][safepoint   ] Safepoint "Cleanup", Time since last: 1012088647 ns, Reaching safepoint: 26937 ns, Cleanup: 39020 ns, At safepoint: 11575 ns, Total: 77532 ns
[2025-05-08T01:14:51.207+0000][68][info ][safepoint   ] Safepoint "Cleanup", Time since last: 2000742027 ns, Reaching safepoint: 51116 ns, Cleanup: 18622 ns, At safepoint: 12054 ns, Total: 81792 ns
[2025-05-08T01:14:53.206+0000][68][info ][safepoint   ] Safepoint "Cleanup", Time since last: 2000671477 ns, Reaching safepoint: 27484 ns, Cleanup: 21424 ns, At safepoint: 10440 ns, Total: 59348 ns
[2025-05-08T01:14:54.207+0000][68][info ][safepoint   ] Safepoint "Cleanup", Time since last: 1000591261 ns, Reaching safepoint: 17529 ns, Cleanup: 40855 ns, At safepoint: 7881 ns, Total: 66265 ns
[2025-05-08T01:15:06.466+0000][68][info ][safepoint   ] Safepoint "Cleanup", Time since last: 12259429607 ns, Reaching safepoint: 62985 ns, Cleanup: 16465 ns, At safepoint: 30536 ns, Total: 109986 ns
[2025-05-08T01:15:07.468+0000][68][info ][safepoint   ] Safepoint "Cleanup", Time since last: 1002016301 ns, Reaching safepoint: 30253 ns, Cleanup: 20393 ns, At safepoint: 15962 ns, Total: 66608 ns
[2025-05-08T01:15:08.469+0000][68][info ][safepoint   ] Safepoint "Cleanup", Time since last: 1000662194 ns, Reaching safepoint: 30048 ns, Cleanup: 19490 ns, At safepoint: 15059 ns, Total: 64597 ns
[2025-05-08T01:15:10.470+0000][68][info ][safepoint   ] Safepoint "Cleanup", Time since last: 2000750352 ns, Reaching safepoint: 20077 ns, Cleanup: 12944 ns, At safepoint: 7895 ns, Total: 40916 ns
[2025-05-08T01:15:12.471+0000][68][info ][safepoint   ] Safepoint "Cleanup", Time since last: 2000976306 ns, Reaching safepoint: 118530 ns, Cleanup: 20033 ns, At safepoint: 17512 ns, Total: 156075 ns
[2025-05-08T01:15:13.472+0000][68][info ][safepoint   ] Safepoint "Cleanup", Time since last: 1000838100 ns, Reaching safepoint: 28593 ns, Cleanup: 16663 ns, At safepoint: 14490 ns, Total: 59746 ns
[2025-05-08T01:15:15.473+0000][68][info ][safepoint   ] Safepoint "Cleanup", Time since last: 2000941720 ns, Reaching safepoint: 30199 ns, Cleanup: 30265 ns, At safepoint: 15763 ns, Total: 76227 ns
[2025-05-08T01:15:21.475+0000][68][info ][safepoint   ] Safepoint "Cleanup", Time since last: 6001601881 ns, Reaching safepoint: 72308 ns, Cleanup: 18154 ns, At safepoint: 30471 ns, Total: 120933 ns
[2025-05-08T01:15:23.473+0000][68][info ][safepoint   ] Safepoint "Cleanup", Time since last: 2000948296 ns, Reaching safepoint: 29506 ns, Cleanup: 16447 ns, At safepoint: 15232 ns, Total: 61185 ns
[2025-05-08T01:15:28.475+0000][68][info ][safepoint   ] Safepoint "Cleanup", Time since last: 5001898295 ns, Reaching safepoint: 31724 ns, Cleanup: 17998 ns, At safepoint: 16175 ns, Total: 65897 ns
[2025-05-08T01:15:32.257+0000][68][info ][safepoint   ] Safepoint "Cleanup", Time since last: 3781483655 ns, Reaching safepoint: 30391 ns, Cleanup: 16820 ns, At safepoint: 15625 ns, Total: 62836 ns
[2025-05-08T01:15:36.276+0000][68][info ][safepoint   ] Safepoint "Cleanup", Time since last: 4019088961 ns, Reaching safepoint: 12696 ns, Cleanup: 17446 ns, At safepoint: 75711 ns, Total: 105853 ns
[2025-05-08T01:15:37.279+0000][68][info ][safepoint   ] Safepoint "Cleanup", Time since last: 1002465797 ns, Reaching safepoint: 30163 ns, Cleanup: 16433 ns, At safepoint: 15401 ns, Total: 61997 ns
[2025-05-08T01:15:38.280+0000][68][info ][safepoint   ] Safepoint "Cleanup", Time since last: 1000733204 ns, Reaching safepoint: 30304 ns, Cleanup: 44207 ns, At safepoint: 16330 ns, Total: 90841 ns
[2025-05-08T01:15:39.328+0000][68][info ][safepoint   ] Safepoint "Cleanup", Time since last: 1048631234 ns, Reaching safepoint: 16735 ns, Cleanup: 19284 ns, At safepoint: 7722 ns, Total: 43741 ns
[2025-05-08T01:15:40.329+0000][68][info ][safepoint   ] Safepoint "Cleanup", Time since last: 1000688403 ns, Reaching safepoint: 31629 ns, Cleanup: 21428 ns, At safepoint: 17337 ns, Total: 70394 ns
[2025-05-08T01:15:41.367+0000][68][info ][safepoint   ] Safepoint "Cleanup", Time since last: 1037950904 ns, Reaching safepoint: 35475 ns, Cleanup: 35658 ns, At safepoint: 17661 ns, Total: 88794 ns
[2025-05-08T01:15:43.368+0000][68][info ][safepoint   ] Safepoint "Cleanup", Time since last: 2000824344 ns, Reaching safepoint: 29623 ns, Cleanup: 26033 ns, At safepoint: 15665 ns, Total: 71321 ns
[2025-05-08T01:15:44.962+0000][68][info ][safepoint   ] Safepoint "Cleanup", Time since last: 1593748154 ns, Reaching safepoint: 15288 ns, Cleanup: 13737 ns, At safepoint: 23207 ns, Total: 52232 ns
[2025-05-08T01:15:45.991+0000][68][info ][safepoint   ] Safepoint "Cleanup", Time since last: 1029128468 ns, Reaching safepoint: 30525 ns, Cleanup: 21158 ns, At safepoint: 16533 ns, Total: 68216 ns
[2025-05-08T01:15:49.418+0000][68][info ][safepoint   ] Safepoint "Cleanup", Time since last: 3427245359 ns, Reaching safepoint: 27126 ns, Cleanup: 12273 ns, At safepoint: 66252 ns, Total: 105651 ns
[2025-05-08T01:15:50.438+0000][68][info ][safepoint   ] Safepoint "Cleanup", Time since last: 1019186443 ns, Reaching safepoint: 33208 ns, Cleanup: 65485 ns, At safepoint: 21309 ns, Total: 120002 ns
[2025-05-08T01:15:51.438+0000][68][info ][safepoint   ] Safepoint "Cleanup", Time since last: 1000671092 ns, Reaching safepoint: 18593 ns, Cleanup: 20415 ns, At safepoint: 8776 ns, Total: 47784 ns
[2025-05-08T01:15:53.385+0000][68][info ][safepoint   ] Safepoint "Cleanup", Time since last: 1948925901 ns, Reaching safepoint: 16878 ns, Cleanup: 11894 ns, At safepoint: 19773 ns, Total: 48545 ns
[2025-05-08T01:15:54.429+0000][68][info ][safepoint   ] Safepoint "Cleanup", Time since last: 1043953350 ns, Reaching safepoint: 29866 ns, Cleanup: 55091 ns, At safepoint: 71981 ns, Total: 156938 ns
[2025-05-08T01:15:57.437+0000][68][info ][safepoint   ] Safepoint "Cleanup", Time since last: 3008331768 ns, Reaching safepoint: 29853 ns, Cleanup: 23722 ns, At safepoint: 16339 ns, Total: 69914 ns
[2025-05-08T01:15:58.438+0000][68][info ][safepoint   ] Safepoint "Cleanup", Time since last: 1000886344 ns, Reaching safepoint: 30935 ns, Cleanup: 21051 ns, At safepoint: 16477 ns, Total: 68463 ns
[2025-05-08T01:16:01.442+0000][68][info ][safepoint   ] Safepoint "Cleanup", Time since last: 3003736724 ns, Reaching safepoint: 24570 ns, Cleanup: 12814 ns, At safepoint: 68509 ns, Total: 105893 ns
[2025-05-08T01:16:02.495+0000][68][info ][safepoint   ] Safepoint "Cleanup", Time since last: 1053000298 ns, Reaching safepoint: 29433 ns, Cleanup: 24615 ns, At safepoint: 15193 ns, Total: 69241 ns
[2025-05-08T01:16:03.496+0000][68][info ][safepoint   ] Safepoint "Cleanup", Time since last: 1000870624 ns, Reaching safepoint: 30435 ns, Cleanup: 24344 ns, At safepoint: 15611 ns, Total: 70390 ns
[2025-05-08T01:16:04.501+0000][68][info ][safepoint   ] Safepoint "Cleanup", Time since last: 1004594070 ns, Reaching safepoint: 14393 ns, Cleanup: 29078 ns, At safepoint: 68717 ns, Total: 112188 ns
[2025-05-08T01:16:06.502+0000][68][info ][safepoint   ] Safepoint "Cleanup", Time since last: 2001081574 ns, Reaching safepoint: 33780 ns, Cleanup: 22211 ns, At safepoint: 13030 ns, Total: 69021 ns
[2025-05-08T01:16:07.503+0000][68][info ][safepoint   ] Safepoint "Cleanup", Time since last: 1000729908 ns, Reaching safepoint: 77020 ns, Cleanup: 24983 ns, At safepoint: 33522 ns, Total: 135525 ns
[2025-05-08T01:16:08.504+0000][68][info ][safepoint   ] Safepoint "Cleanup", Time since last: 1000836631 ns, Reaching safepoint: 36778 ns, Cleanup: 126948 ns, At safepoint: 26097 ns, Total: 189823 ns
[2025-05-08T01:16:10.505+0000][68][info ][safepoint   ] Safepoint "Cleanup", Time since last: 2000962647 ns, Reaching safepoint: 30627 ns, Cleanup: 17017 ns, At safepoint: 16237 ns, Total: 63881 ns
[2025-05-08T01:16:12.506+0000][68][info ][safepoint   ] Safepoint "Cleanup", Time since last: 2000858597 ns, Reaching safepoint: 32588 ns, Cleanup: 19649 ns, At safepoint: 17214 ns, Total: 69451 ns
[2025-05-08T01:16:13.532+0000][68][info ][safepoint   ] Safepoint "Cleanup", Time since last: 1026080133 ns, Reaching safepoint: 32908 ns, Cleanup: 29711 ns, At safepoint: 16850 ns, Total: 79469 ns
[2025-05-08T01:16:18.533+0000][68][info ][safepoint   ] Safepoint "Cleanup", Time since last: 5001486258 ns, Reaching safepoint: 32575 ns, Cleanup: 18462 ns, At safepoint: 15771 ns, Total: 66808 ns
[2025-05-08T01:16:20.534+0000][68][info ][safepoint   ] Safepoint "Cleanup", Time since last: 2000950830 ns, Reaching safepoint: 18478 ns, Cleanup: 33400 ns, At safepoint: 7249 ns, Total: 59127 ns
[2025-05-08T01:16:24.534+0000][68][info ][safepoint   ] Safepoint "Cleanup", Time since last: 4001406147 ns, Reaching safepoint: 31896 ns, Cleanup: 25113 ns, At safepoint: 16299 ns, Total: 73308 ns
[2025-05-08T01:16:29.536+0000][68][info ][safepoint   ] Safepoint "Cleanup", Time since last: 5001502750 ns, Reaching safepoint: 31267 ns, Cleanup: 19523 ns, At safepoint: 16624 ns, Total: 67414 ns
[2025-05-08T01:16:30.536+0000][68][info ][safepoint   ] Safepoint "Cleanup", Time since last: 1000731256 ns, Reaching safepoint: 30183 ns, Cleanup: 15636 ns, At safepoint: 15943 ns, Total: 61762 ns
[2025-05-08T01:16:32.537+0000][68][info ][safepoint   ] Safepoint "Cleanup", Time since last: 2000905991 ns, Reaching safepoint: 30756 ns, Cleanup: 16128 ns, At safepoint: 16904 ns, Total: 63788 ns
[2025-05-08T01:16:33.587+0000][68][info ][safepoint   ] Safepoint "Cleanup", Time since last: 1049666116 ns, Reaching safepoint: 29933 ns, Cleanup: 27123 ns, At safepoint: 16562 ns, Total: 73618 ns
[2025-05-08T01:16:34.656+0000][68][info ][safepoint   ] Safepoint "Cleanup", Time since last: 1068887967 ns, Reaching safepoint: 4746 ns, Cleanup: 15779 ns, At safepoint: 2860 ns, Total: 23385 ns
[2025-05-08T01:16:38.664+0000][68][info ][safepoint   ] Safepoint "Cleanup", Time since last: 4007538088 ns, Reaching safepoint: 70465 ns, Cleanup: 49116 ns, At safepoint: 16351 ns, Total: 135932 ns
[2025-05-08T01:16:40.664+0000][68][info ][safepoint   ] Safepoint "Cleanup", Time since last: 2000798727 ns, Reaching safepoint: 17546 ns, Cleanup: 12960 ns, At safepoint: 6756 ns, Total: 37262 ns
[2025-05-08T01:16:44.666+0000][68][info ][safepoint   ] Safepoint "Cleanup", Time since last: 4001090513 ns, Reaching safepoint: 18433 ns, Cleanup: 15056 ns, At safepoint: 7187 ns, Total: 40676 ns
[2025-05-08T01:16:45.680+0000][68][info ][safepoint   ] Safepoint "Cleanup", Time since last: 1014307028 ns, Reaching safepoint: 17441 ns, Cleanup: 13997 ns, At safepoint: 7004 ns, Total: 38442 ns
[2025-05-08T01:16:47.603+0000][68][info ][safepoint   ] Safepoint "Cleanup", Time since last: 1923318846 ns, Reaching safepoint: 5549 ns, Cleanup: 9263 ns, At safepoint: 2844 ns, Total: 17656 ns
[2025-05-08T01:16:49.020+0000][68][info ][safepoint   ] Safepoint "Cleanup", Time since last: 1417008743 ns, Reaching safepoint: 17304 ns, Cleanup: 17670 ns, At safepoint: 6897 ns, Total: 41871 ns
[2025-05-08T01:16:51.021+0000][68][info ][safepoint   ] Safepoint "Cleanup", Time since last: 2000617650 ns, Reaching safepoint: 17486 ns, Cleanup: 14724 ns, At safepoint: 7051 ns, Total: 39261 ns
[2025-05-08T01:16:53.020+0000][68][info ][safepoint   ] Safepoint "Cleanup", Time since last: 2000933549 ns, Reaching safepoint: 32973 ns, Cleanup: 20174 ns, At safepoint: 130043 ns, Total: 183190 ns
[2025-05-08T01:16:58.021+0000][68][info ][safepoint   ] Safepoint "Cleanup", Time since last: 5001499402 ns, Reaching safepoint: 41102 ns, Cleanup: 11154 ns, At safepoint: 23063 ns, Total: 75319 ns
[2025-05-08T01:16:59.022+0000][68][info ][safepoint   ] Safepoint "Cleanup", Time since last: 1000639355 ns, Reaching safepoint: 34608 ns, Cleanup: 15342 ns, At safepoint: 15034 ns, Total: 64984 ns
[2025-05-08T01:17:09.543+0000][68][info ][safepoint   ] Safepoint "Cleanup", Time since last: 10520847262 ns, Reaching safepoint: 67901 ns, Cleanup: 15790 ns, At safepoint: 16468 ns, Total: 100159 ns
[2025-05-08T01:17:10.544+0000][68][info ][safepoint   ] Safepoint "Cleanup", Time since last: 1000868943 ns, Reaching safepoint: 34334 ns, Cleanup: 21773 ns, At safepoint: 17727 ns, Total: 73834 ns
[2025-05-08T01:17:12.545+0000][68][info ][safepoint   ] Safepoint "Cleanup", Time since last: 2001014223 ns, Reaching safepoint: 31836 ns, Cleanup: 16931 ns, At safepoint: 16958 ns, Total: 65725 ns
[2025-05-08T01:17:14.388+0000][68][info ][safepoint   ] Safepoint "Cleanup", Time since last: 1843118190 ns, Reaching safepoint: 38842 ns, Cleanup: 23722 ns, At safepoint: 19949 ns, Total: 82513 ns
[2025-05-08T01:17:18.389+0000][68][info ][safepoint   ] Safepoint "Cleanup", Time since last: 4001149800 ns, Reaching safepoint: 17407 ns, Cleanup: 14989 ns, At safepoint: 8338 ns, Total: 40734 ns
[2025-05-08T01:17:21.391+0000][68][info ][safepoint   ] Safepoint "Cleanup", Time since last: 3001130306 ns, Reaching safepoint: 32194 ns, Cleanup: 17215 ns, At safepoint: 17387 ns, Total: 66796 ns
[2025-05-08T01:17:23.390+0000][68][info ][safepoint   ] Safepoint "Cleanup", Time since last: 2000910657 ns, Reaching safepoint: 30088 ns, Cleanup: 22106 ns, At safepoint: 15948 ns, Total: 68142 ns
[2025-05-08T01:17:24.391+0000][68][info ][safepoint   ] Safepoint "Cleanup", Time since last: 1000731915 ns, Reaching safepoint: 129860 ns, Cleanup: 16883 ns, At safepoint: 31546 ns, Total: 178289 ns
[2025-05-08T01:17:26.392+0000][68][info ][safepoint   ] Safepoint "Cleanup", Time since last: 2000810501 ns, Reaching safepoint: 33423 ns, Cleanup: 19611 ns, At safepoint: 19144 ns, Total: 72178 ns
[2025-05-08T01:17:27.758+0000][68][info ][safepoint   ] Safepoint "Cleanup", Time since last: 1366455011 ns, Reaching safepoint: 31604 ns, Cleanup: 21425 ns, At safepoint: 16516 ns, Total: 69545 ns
[2025-05-08T01:17:28.759+0000][68][info ][safepoint   ] Safepoint "Cleanup", Time since last: 1000874533 ns, Reaching safepoint: 17275 ns, Cleanup: 13123 ns, At safepoint: 7256 ns, Total: 37654 ns
[2025-05-08T01:17:29.847+0000][68][info ][safepoint   ] Safepoint "Cleanup", Time since last: 1088060599 ns, Reaching safepoint: 17126 ns, Cleanup: 26835 ns, At safepoint: 7081 ns, Total: 51042 ns
[2025-05-08T01:17:31.848+0000][68][info ][safepoint   ] Safepoint "Cleanup", Time since last: 2000918162 ns, Reaching safepoint: 30147 ns, Cleanup: 26843 ns, At safepoint: 16143 ns, Total: 73133 ns
[2025-05-08T01:17:32.849+0000][68][info ][safepoint   ] Safepoint "Cleanup", Time since last: 1000853682 ns, Reaching safepoint: 28796 ns, Cleanup: 30016 ns, At safepoint: 120411 ns, Total: 179223 ns
[2025-05-08T01:17:34.850+0000][68][info ][safepoint   ] Safepoint "Cleanup", Time since last: 2000885136 ns, Reaching safepoint: 29810 ns, Cleanup: 18117 ns, At safepoint: 14846 ns, Total: 62773 ns
[2025-05-08T01:17:37.851+0000][68][info ][safepoint   ] Safepoint "Cleanup", Time since last: 3000990240 ns, Reaching safepoint: 154981 ns, Cleanup: 16979 ns, At safepoint: 84127 ns, Total: 256087 ns
[2025-05-08T01:17:38.916+0000][68][info ][safepoint   ] Safepoint "Cleanup", Time since last: 1064014441 ns, Reaching safepoint: 5902 ns, Cleanup: 19414 ns, At safepoint: 12946 ns, Total: 38262 ns
[2025-05-08T01:17:39.961+0000][68][info ][safepoint   ] Safepoint "Cleanup", Time since last: 1045516229 ns, Reaching safepoint: 65005 ns, Cleanup: 24138 ns, At safepoint: 15853 ns, Total: 104996 ns
[2025-05-08T01:17:41.962+0000][68][info ][safepoint   ] Safepoint "Cleanup", Time since last: 2000848329 ns, Reaching safepoint: 34199 ns, Cleanup: 20196 ns, At safepoint: 19219 ns, Total: 73614 ns
[2025-05-08T01:17:42.965+0000][68][info ][safepoint   ] Safepoint "Cleanup", Time since last: 1002595470 ns, Reaching safepoint: 32135 ns, Cleanup: 16963 ns, At safepoint: 16437 ns, Total: 65535 ns
[2025-05-08T01:17:44.966+0000][68][info ][safepoint   ] Safepoint "Cleanup", Time since last: 2000718841 ns, Reaching safepoint: 34526 ns, Cleanup: 26965 ns, At safepoint: 19145 ns, Total: 80636 ns
[2025-05-08T01:17:47.967+0000][68][info ][safepoint   ] Safepoint "Cleanup", Time since last: 3001027303 ns, Reaching safepoint: 29182 ns, Cleanup: 36585 ns, At safepoint: 16169 ns, Total: 81936 ns
[2025-05-08T01:17:50.593+0000][68][info ][safepoint   ] Safepoint "Cleanup", Time since last: 2626676074 ns, Reaching safepoint: 27833 ns, Cleanup: 17556 ns, At safepoint: 66408 ns, Total: 111797 ns
[2025-05-08T01:17:52.067+0000][68][info ][safepoint   ] Safepoint "Cleanup", Time since last: 1473522683 ns, Reaching safepoint: 89079 ns, Cleanup: 28413 ns, At safepoint: 17727 ns, Total: 135219 ns
[2025-05-08T01:17:53.066+0000][68][info ][safepoint   ] Safepoint "Cleanup", Time since last: 1000744995 ns, Reaching safepoint: 30357 ns, Cleanup: 62856 ns, At safepoint: 18910 ns, Total: 112123 ns
[2025-05-08T01:17:54.067+0000][68][info ][safepoint   ] Safepoint "Cleanup", Time since last: 1000809296 ns, Reaching safepoint: 35582 ns, Cleanup: 23652 ns, At safepoint: 20176 ns, Total: 79410 ns
[2025-05-08T01:17:56.037+0000][68][info ][safepoint   ] Safepoint "Cleanup", Time since last: 1970187912 ns, Reaching safepoint: 32109 ns, Cleanup: 18651 ns, At safepoint: 16445 ns, Total: 67205 ns
[2025-05-08T01:17:57.038+0000][68][info ][safepoint   ] Safepoint "Cleanup", Time since last: 1000668038 ns, Reaching safepoint: 30259 ns, Cleanup: 21823 ns, At safepoint: 15745 ns, Total: 67827 ns
[2025-05-08T01:17:58.038+0000][68][info ][safepoint   ] Safepoint "Cleanup", Time since last: 1000878070 ns, Reaching safepoint: 31290 ns, Cleanup: 19583 ns, At safepoint: 16583 ns, Total: 67456 ns
[2025-05-08T01:17:59.116+0000][68][info ][safepoint   ] Safepoint "Cleanup", Time since last: 1077853865 ns, Reaching safepoint: 27579 ns, Cleanup: 14328 ns, At safepoint: 71219 ns, Total: 113126 ns
[2025-05-08T01:18:00.126+0000][68][info ][safepoint   ] Safepoint "Cleanup", Time since last: 1009677672 ns, Reaching safepoint: 31205 ns, Cleanup: 19599 ns, At safepoint: 16199 ns, Total: 67003 ns
[2025-05-08T01:18:04.128+0000][68][info ][safepoint   ] Safepoint "Cleanup", Time since last: 4001462267 ns, Reaching safepoint: 30030 ns, Cleanup: 25647 ns, At safepoint: 16329 ns, Total: 72006 ns
[2025-05-08T01:18:06.580+0000][68][info ][safepoint   ] Safepoint "Cleanup", Time since last: 2452418721 ns, Reaching safepoint: 31275 ns, Cleanup: 24473 ns, At safepoint: 17153 ns, Total: 72901 ns
[2025-05-08T01:18:08.581+0000][68][info ][safepoint   ] Safepoint "Cleanup", Time since last: 2001042266 ns, Reaching safepoint: 29838 ns, Cleanup: 20883 ns, At safepoint: 15604 ns, Total: 66325 ns
[2025-05-08T01:18:10.582+0000][68][info ][safepoint   ] Safepoint "Cleanup", Time since last: 2000971178 ns, Reaching safepoint: 73733 ns, Cleanup: 17526 ns, At safepoint: 30359 ns, Total: 121618 ns
[2025-05-08T01:18:12.583+0000][68][info ][safepoint   ] Safepoint "Cleanup", Time since last: 2000900947 ns, Reaching safepoint: 30959 ns, Cleanup: 29289 ns, At safepoint: 15896 ns, Total: 76144 ns
[2025-05-08T01:18:20.585+0000][68][info ][safepoint   ] Safepoint "Cleanup", Time since last: 8001782926 ns, Reaching safepoint: 19085 ns, Cleanup: 18034 ns, At safepoint: 7713 ns, Total: 44832 ns
[2025-05-08T01:18:26.585+0000][68][info ][safepoint   ] Safepoint "Cleanup", Time since last: 6001682684 ns, Reaching safepoint: 76718 ns, Cleanup: 18251 ns, At safepoint: 18316 ns, Total: 113285 ns
[2025-05-08T01:18:28.587+0000][68][info ][safepoint   ] Safepoint "Cleanup", Time since last: 2001472349 ns, Reaching safepoint: 32187 ns, Cleanup: 16211 ns, At safepoint: 17736 ns, Total: 66134 ns
[2025-05-08T01:18:32.571+0000][68][info ][safepoint   ] Safepoint "Cleanup", Time since last: 3983920986 ns, Reaching safepoint: 6657 ns, Cleanup: 8770 ns, At safepoint: 2738 ns, Total: 18165 ns
[2025-05-08T01:18:34.102+0000][68][info ][safepoint   ] Safepoint "Cleanup", Time since last: 1530867869 ns, Reaching safepoint: 30035 ns, Cleanup: 24253 ns, At safepoint: 16126 ns, Total: 70414 ns
[2025-05-08T01:18:35.102+0000][68][info ][safepoint   ] Safepoint "Cleanup", Time since last: 1000642889 ns, Reaching safepoint: 30619 ns, Cleanup: 18365 ns, At safepoint: 17379 ns, Total: 66363 ns
[2025-05-08T01:18:38.104+0000][68][info ][safepoint   ] Safepoint "Cleanup", Time since last: 3001110090 ns, Reaching safepoint: 31505 ns, Cleanup: 19157 ns, At safepoint: 16745 ns, Total: 67407 ns
[2025-05-08T01:18:40.105+0000][68][info ][safepoint   ] Safepoint "Cleanup", Time since last: 2001032328 ns, Reaching safepoint: 30835 ns, Cleanup: 19585 ns, At safepoint: 15924 ns, Total: 66344 ns
[2025-05-08T01:18:41.106+0000][68][info ][safepoint   ] Safepoint "Cleanup", Time since last: 1000931396 ns, Reaching safepoint: 66523 ns, Cleanup: 33380 ns, At safepoint: 29937 ns, Total: 129840 ns
[2025-05-08T01:18:42.107+0000][68][info ][safepoint   ] Safepoint "Cleanup", Time since last: 1000660970 ns, Reaching safepoint: 31511 ns, Cleanup: 20804 ns, At safepoint: 15878 ns, Total: 68193 ns
[2025-05-08T01:18:43.748+0000][68][info ][safepoint   ] Safepoint "Cleanup", Time since last: 1641176936 ns, Reaching safepoint: 5797 ns, Cleanup: 10123 ns, At safepoint: 12917 ns, Total: 28837 ns
[2025-05-08T01:18:45.143+0000][68][info ][safepoint   ] Safepoint "Cleanup", Time since last: 1395487568 ns, Reaching safepoint: 33469 ns, Cleanup: 30291 ns, At safepoint: 16371 ns, Total: 80131 ns
[2025-05-08T01:18:48.145+0000][68][info ][safepoint   ] Safepoint "Cleanup", Time since last: 3001210000 ns, Reaching safepoint: 31773 ns, Cleanup: 21451 ns, At safepoint: 16471 ns, Total: 69695 ns
[2025-05-08T01:18:49.236+0000][68][info ][safepoint   ] Safepoint "Cleanup", Time since last: 1090865753 ns, Reaching safepoint: 30512 ns, Cleanup: 20505 ns, At safepoint: 16094 ns, Total: 67111 ns
[2025-05-08T01:18:53.235+0000][68][info ][safepoint   ] Safepoint "Cleanup", Time since last: 4001104795 ns, Reaching safepoint: 19772 ns, Cleanup: 20238 ns, At safepoint: 7662 ns, Total: 47672 ns
[2025-05-08T01:18:54.261+0000][68][info ][safepoint   ] Safepoint "Cleanup", Time since last: 1026441227 ns, Reaching safepoint: 6518 ns, Cleanup: 33144 ns, At safepoint: 12843 ns, Total: 52505 ns
[2025-05-08T01:18:55.741+0000][68][info ][safepoint   ] Safepoint "Cleanup", Time since last: 1479054504 ns, Reaching safepoint: 7491 ns, Cleanup: 105203 ns, At safepoint: 17647 ns, Total: 130341 ns
[2025-05-08T01:18:55.914+0000][68][info ][gc,start    ] GC(15) Pause Young (Normal) (G1 Evacuation Pause)
[2025-05-08T01:18:55.915+0000][68][info ][gc,task     ] GC(15) Using 10 workers of 10 for evacuation
[2025-05-08T01:18:55.915+0000][68][debug][gc,age      ] GC(15) Desired survivor size 75497472 bytes, new threshold 5 (max threshold 15)
[2025-05-08T01:18:56.182+0000][68][info ][gc,mmu      ] GC(15) MMU target violated: 201.0ms (200.0ms/201.0ms)
[2025-05-08T01:18:56.182+0000][68][info ][gc,phases   ] GC(15)   Pre Evacuate Collection Set: 4.57ms
[2025-05-08T01:18:56.183+0000][68][info ][gc,phases   ] GC(15)   Merge Heap Roots: 0.97ms
[2025-05-08T01:18:56.183+0000][68][info ][gc,phases   ] GC(15)   Evacuate Collection Set: 253.60ms
[2025-05-08T01:18:56.183+0000][68][info ][gc,phases   ] GC(15)   Post Evacuate Collection Set: 6.13ms
[2025-05-08T01:18:56.184+0000][68][info ][gc,phases   ] GC(15)   Other: 2.31ms
[2025-05-08T01:18:56.184+0000][68][trace][gc,age      ] GC(15) Age table with threshold 5 (max threshold 15)
[2025-05-08T01:18:56.185+0000][68][trace][gc,age      ] GC(15) - age   1:    5689472 bytes,    5689472 total
[2025-05-08T01:18:56.185+0000][68][trace][gc,age      ] GC(15) - age   2:   46970600 bytes,   52660072 total
[2025-05-08T01:18:56.186+0000][68][trace][gc,age      ] GC(15) - age   3:   20440904 bytes,   73100976 total
[2025-05-08T01:18:56.186+0000][68][trace][gc,age      ] GC(15) - age   4:      65968 bytes,   73166944 total
[2025-05-08T01:18:56.186+0000][68][trace][gc,age      ] GC(15) - age   5:      54152 bytes,   73221096 total
[2025-05-08T01:18:56.187+0000][68][info ][gc,heap     ] GC(15) Eden regions: 259->0(69)
[2025-05-08T01:18:56.187+0000][68][info ][gc,heap     ] GC(15) Survivor regions: 27->20(36)
[2025-05-08T01:18:56.188+0000][68][info ][gc,heap     ] GC(15) Old regions: 3->10
[2025-05-08T01:18:56.188+0000][68][info ][gc,heap     ] GC(15) Humongous regions: 0->0
[2025-05-08T01:18:56.189+0000][68][info ][gc,metaspace] GC(15) Metaspace: 147703K(151744K)->147703K(151744K) NonClass: 127515K(129664K)->127515K(129664K) Class: 20187K(22080K)->20187K(22080K)
[2025-05-08T01:18:56.189+0000][68][info ][gc          ] GC(15) Pause Young (Normal) (G1 Evacuation Pause) 1153M->116M(3880M) 275.463ms
[2025-05-08T01:18:56.190+0000][68][info ][gc,cpu      ] GC(15) User=1.71s Sys=0.30s Real=0.27s
[2025-05-08T01:18:56.190+0000][68][info ][safepoint   ] Safepoint "G1CollectForAllocation", Time since last: 172909520 ns, Reaching safepoint: 18387 ns, Cleanup: 75737 ns, At safepoint: 276500233 ns, Total: 276594357 ns
[2025-05-08T01:18:57.243+0000][68][info ][safepoint   ] Safepoint "Cleanup", Time since last: 1052930093 ns, Reaching safepoint: 16847 ns, Cleanup: 127914 ns, At safepoint: 92377 ns, Total: 237138 ns
[2025-05-08T01:18:58.249+0000][68][info ][safepoint   ] Safepoint "Cleanup", Time since last: 1005623358 ns, Reaching safepoint: 31935 ns, Cleanup: 24074 ns, At safepoint: 16811 ns, Total: 72820 ns
[2025-05-08T01:18:59.391+0000][68][info ][safepoint   ] Safepoint "Cleanup", Time since last: 1141875050 ns, Reaching safepoint: 34814 ns, Cleanup: 23370 ns, At safepoint: 20012 ns, Total: 78196 ns
[2025-05-08T01:19:00.392+0000][68][info ][safepoint   ] Safepoint "Cleanup", Time since last: 1000692366 ns, Reaching safepoint: 32897 ns, Cleanup: 17148 ns, At safepoint: 16158 ns, Total: 66203 ns
[2025-05-08T01:19:03.299+0000][68][info ][safepoint   ] Safepoint "Cleanup", Time since last: 2907494300 ns, Reaching safepoint: 30573 ns, Cleanup: 19916 ns, At safepoint: 15831 ns, Total: 66320 ns
[2025-05-08T01:19:05.619+0000][68][info ][safepoint   ] Safepoint "Cleanup", Time since last: 2320141764 ns, Reaching safepoint: 18669 ns, Cleanup: 15545 ns, At safepoint: 8144 ns, Total: 42358 ns
[2025-05-08T01:19:08.621+0000][68][info ][safepoint   ] Safepoint "Cleanup", Time since last: 3001234369 ns, Reaching safepoint: 31989 ns, Cleanup: 15826 ns, At safepoint: 15419 ns, Total: 63234 ns
[2025-05-08T01:19:13.622+0000][68][info ][safepoint   ] Safepoint "Cleanup", Time since last: 5001713611 ns, Reaching safepoint: 30774 ns, Cleanup: 23170 ns, At safepoint: 15516 ns, Total: 69460 ns
[2025-05-08T01:19:14.624+0000][68][info ][safepoint   ] Safepoint "Cleanup", Time since last: 1000966266 ns, Reaching safepoint: 99612 ns, Cleanup: 20231 ns, At safepoint: 21956 ns, Total: 141799 ns
[2025-05-08T01:19:15.624+0000][68][info ][safepoint   ] Safepoint "Cleanup", Time since last: 1000789291 ns, Reaching safepoint: 32340 ns, Cleanup: 16409 ns, At safepoint: 15595 ns, Total: 64344 ns
[2025-05-08T01:19:20.626+0000][68][info ][safepoint   ] Safepoint "Cleanup", Time since last: 5001397767 ns, Reaching safepoint: 37706 ns, Cleanup: 19865 ns, At safepoint: 18900 ns, Total: 76471 ns
[2025-05-08T01:19:23.625+0000][68][info ][safepoint   ] Safepoint "Cleanup", Time since last: 3001157171 ns, Reaching safepoint: 19982 ns, Cleanup: 15532 ns, At safepoint: 7381 ns, Total: 42895 ns
[2025-05-08T01:19:24.626+0000][68][info ][safepoint   ] Safepoint "Cleanup", Time since last: 1000703404 ns, Reaching safepoint: 31326 ns, Cleanup: 26780 ns, At safepoint: 16380 ns, Total: 74486 ns
[2025-05-08T01:19:26.627+0000][68][info ][safepoint   ] Safepoint "Cleanup", Time since last: 2000871712 ns, Reaching safepoint: 19200 ns, Cleanup: 28300 ns, At safepoint: 8242 ns, Total: 55742 ns
[2025-05-08T01:19:28.628+0000][68][info ][safepoint   ] Safepoint "Cleanup", Time since last: 2000877008 ns, Reaching safepoint: 72280 ns, Cleanup: 21785 ns, At safepoint: 16610 ns, Total: 110675 ns
[2025-05-08T01:19:30.333+0000][68][info ][safepoint   ] Safepoint "Cleanup", Time since last: 1704900251 ns, Reaching safepoint: 31701 ns, Cleanup: 21366 ns, At safepoint: 15631 ns, Total: 68698 ns
[2025-05-08T01:19:31.334+0000][68][info ][safepoint   ] Safepoint "Cleanup", Time since last: 1000778562 ns, Reaching safepoint: 31467 ns, Cleanup: 20294 ns, At safepoint: 16256 ns, Total: 68017 ns
[2025-05-08T01:19:33.334+0000][68][info ][safepoint   ] Safepoint "Cleanup", Time since last: 2000826893 ns, Reaching safepoint: 18282 ns, Cleanup: 12389 ns, At safepoint: 7634 ns, Total: 38305 ns
[2025-05-08T01:19:36.335+0000][68][info ][safepoint   ] Safepoint "Cleanup", Time since last: 3000966186 ns, Reaching safepoint: 20781 ns, Cleanup: 17156 ns, At safepoint: 8143 ns, Total: 46080 ns
[2025-05-08T01:19:37.336+0000][68][info ][safepoint   ] Safepoint "Cleanup", Time since last: 1000562672 ns, Reaching safepoint: 34320 ns, Cleanup: 22119 ns, At safepoint: 16123 ns, Total: 72562 ns
[2025-05-08T01:19:38.337+0000][68][info ][safepoint   ] Safepoint "Cleanup", Time since last: 1000929239 ns, Reaching safepoint: 32675 ns, Cleanup: 30867 ns, At safepoint: 16203 ns, Total: 79745 ns
[2025-05-08T01:19:39.338+0000][68][info ][safepoint   ] Safepoint "Cleanup", Time since last: 1000741258 ns, Reaching safepoint: 32760 ns, Cleanup: 16391 ns, At safepoint: 16432 ns, Total: 65583 ns
[2025-05-08T01:19:41.491+0000][68][info ][safepoint   ] Safepoint "Cleanup", Time since last: 2153009810 ns, Reaching safepoint: 150673 ns, Cleanup: 11740 ns, At safepoint: 62430 ns, Total: 224843 ns
[2025-05-08T01:19:42.501+0000][68][info ][safepoint   ] Safepoint "Cleanup", Time since last: 1009471195 ns, Reaching safepoint: 36619 ns, Cleanup: 35907 ns, At safepoint: 66210 ns, Total: 138736 ns
[2025-05-08T01:19:44.566+0000][68][info ][safepoint   ] Safepoint "Cleanup", Time since last: 2065118097 ns, Reaching safepoint: 31345 ns, Cleanup: 22602 ns, At safepoint: 15630 ns, Total: 69577 ns
[2025-05-08T01:19:45.600+0000][68][info ][safepoint   ] Safepoint "Cleanup", Time since last: 1034113934 ns, Reaching safepoint: 148948 ns, Cleanup: 13541 ns, At safepoint: 41413 ns, Total: 203902 ns
[2025-05-08T01:19:56.586+0000][68][info ][safepoint   ] Safepoint "Cleanup", Time since last: 10987171210 ns, Reaching safepoint: 28231 ns, Cleanup: 13172 ns, At safepoint: 67503 ns, Total: 108906 ns
[2025-05-08T01:19:58.500+0000][68][info ][safepoint   ] Safepoint "Cleanup", Time since last: 1913956482 ns, Reaching safepoint: 68828 ns, Cleanup: 59568 ns, At safepoint: 16865 ns, Total: 145261 ns
[2025-05-08T01:20:10.659+0000][68][info ][safepoint   ] Safepoint "Cleanup", Time since last: 12159624341 ns, Reaching safepoint: 35072 ns, Cleanup: 18539 ns, At safepoint: 16738 ns, Total: 70349 ns
[2025-05-08T01:20:13.661+0000][68][info ][safepoint   ] Safepoint "Cleanup", Time since last: 3001352150 ns, Reaching safepoint: 73604 ns, Cleanup: 19871 ns, At safepoint: 31023 ns, Total: 124498 ns
[2025-05-08T01:20:14.661+0000][68][info ][safepoint   ] Safepoint "Cleanup", Time since last: 1000301281 ns, Reaching safepoint: 5426 ns, Cleanup: 9179 ns, At safepoint: 2969 ns, Total: 17574 ns
[2025-05-08T01:20:15.706+0000][68][info ][safepoint   ] Safepoint "Cleanup", Time since last: 1044589858 ns, Reaching safepoint: 6105 ns, Cleanup: 10687 ns, At safepoint: 12562 ns, Total: 29354 ns
[2025-05-08T01:20:18.374+0000][68][info ][safepoint   ] Safepoint "Cleanup", Time since last: 2667928744 ns, Reaching safepoint: 13373 ns, Cleanup: 22953 ns, At safepoint: 65692 ns, Total: 102018 ns
[2025-05-08T01:20:19.747+0000][68][info ][safepoint   ] Safepoint "Cleanup", Time since last: 1373401407 ns, Reaching safepoint: 36661 ns, Cleanup: 29391 ns, At safepoint: 18974 ns, Total: 85026 ns
[2025-05-08T01:20:23.747+0000][68][info ][safepoint   ] Safepoint "Cleanup", Time since last: 4001271038 ns, Reaching safepoint: 34509 ns, Cleanup: 79850 ns, At safepoint: 18159 ns, Total: 132518 ns
[2025-05-08T01:20:26.748+0000][68][info ][safepoint   ] Safepoint "Cleanup", Time since last: 3001140825 ns, Reaching safepoint: 34317 ns, Cleanup: 25739 ns, At safepoint: 18929 ns, Total: 78985 ns
[2025-05-08T01:20:28.427+0000][68][info ][safepoint   ] Safepoint "Cleanup", Time since last: 1679146056 ns, Reaching safepoint: 36004 ns, Cleanup: 17532 ns, At safepoint: 73974 ns, Total: 127510 ns
[2025-05-08T01:20:29.437+0000][68][info ][safepoint   ] Safepoint "Cleanup", Time since last: 1010018456 ns, Reaching safepoint: 73610 ns, Cleanup: 18264 ns, At safepoint: 30437 ns, Total: 122311 ns
[2025-05-08T01:20:34.439+0000][68][info ][safepoint   ] Safepoint "Cleanup", Time since last: 5001822800 ns, Reaching safepoint: 19165 ns, Cleanup: 12679 ns, At safepoint: 6932 ns, Total: 38776 ns
[2025-05-08T01:20:36.440+0000][68][info ][safepoint   ] Safepoint "Cleanup", Time since last: 2000921395 ns, Reaching safepoint: 32137 ns, Cleanup: 15931 ns, At safepoint: 16589 ns, Total: 64657 ns
[2025-05-08T01:20:38.442+0000][68][info ][safepoint   ] Safepoint "Cleanup", Time since last: 2001237774 ns, Reaching safepoint: 31734 ns, Cleanup: 25213 ns, At safepoint: 16663 ns, Total: 73610 ns
[2025-05-08T01:20:52.443+0000][68][info ][safepoint   ] Safepoint "Cleanup", Time since last: 14003448787 ns, Reaching safepoint: 32510 ns, Cleanup: 17129 ns, At safepoint: 16861 ns, Total: 66500 ns
[2025-05-08T01:20:53.444+0000][68][info ][safepoint   ] Safepoint "Cleanup", Time since last: 1000802147 ns, Reaching safepoint: 31958 ns, Cleanup: 24926 ns, At safepoint: 16036 ns, Total: 72920 ns
[2025-05-08T01:20:55.445+0000][68][info ][safepoint   ] Safepoint "Cleanup", Time since last: 2000808731 ns, Reaching safepoint: 30861 ns, Cleanup: 15358 ns, At safepoint: 15844 ns, Total: 62063 ns
[2025-05-08T01:20:58.446+0000][68][info ][safepoint   ] Safepoint "Cleanup", Time since last: 3000938110 ns, Reaching safepoint: 18385 ns, Cleanup: 18766 ns, At safepoint: 7828 ns, Total: 44979 ns
[2025-05-08T01:20:59.596+0000][68][info ][safepoint   ] Safepoint "Cleanup", Time since last: 1149849635 ns, Reaching safepoint: 15802 ns, Cleanup: 15913 ns, At safepoint: 13082 ns, Total: 44797 ns
[2025-05-08T01:21:01.309+0000][68][info ][safepoint   ] Safepoint "Cleanup", Time since last: 1713370487 ns, Reaching safepoint: 31027 ns, Cleanup: 22872 ns, At safepoint: 15930 ns, Total: 69829 ns
[2025-05-08T01:21:03.310+0000][68][info ][safepoint   ] Safepoint "Cleanup", Time since last: 2000815649 ns, Reaching safepoint: 28185 ns, Cleanup: 15631 ns, At safepoint: 50824 ns, Total: 94640 ns
[2025-05-08T01:21:08.697+0000][68][info ][safepoint   ] Safepoint "Cleanup", Time since last: 5386810096 ns, Reaching safepoint: 34507 ns, Cleanup: 18639 ns, At safepoint: 16461 ns, Total: 69607 ns
[2025-05-08T01:21:11.698+0000][68][info ][safepoint   ] Safepoint "Cleanup", Time since last: 3001021802 ns, Reaching safepoint: 18248 ns, Cleanup: 12810 ns, At safepoint: 7932 ns, Total: 38990 ns
[2025-05-08T01:21:12.699+0000][68][info ][safepoint   ] Safepoint "Cleanup", Time since last: 1000672672 ns, Reaching safepoint: 34604 ns, Cleanup: 18305 ns, At safepoint: 17809 ns, Total: 70718 ns
[2025-05-08T01:21:13.700+0000][68][info ][safepoint   ] Safepoint "Cleanup", Time since last: 1000702161 ns, Reaching safepoint: 32208 ns, Cleanup: 21651 ns, At safepoint: 14640 ns, Total: 68499 ns
[2025-05-08T01:21:14.700+0000][68][info ][safepoint   ] Safepoint "Cleanup", Time since last: 1000701638 ns, Reaching safepoint: 70802 ns, Cleanup: 16317 ns, At safepoint: 15999 ns, Total: 103118 ns
[2025-05-08T01:21:18.701+0000][68][info ][safepoint   ] Safepoint "Cleanup", Time since last: 4000975932 ns, Reaching safepoint: 17563 ns, Cleanup: 20019 ns, At safepoint: 7300 ns, Total: 44882 ns
[2025-05-08T01:21:23.416+0000][68][info ][safepoint   ] Safepoint "Cleanup", Time since last: 4715920934 ns, Reaching safepoint: 6051 ns, Cleanup: 17912 ns, At safepoint: 23224 ns, Total: 47187 ns
[2025-05-08T01:21:24.529+0000][68][info ][safepoint   ] Safepoint "Cleanup", Time since last: 1112822780 ns, Reaching safepoint: 18694 ns, Cleanup: 14095 ns, At safepoint: 8101 ns, Total: 40890 ns
[2025-05-08T01:21:29.431+0000][68][info ][safepoint   ] Safepoint "Cleanup", Time since last: 4901984455 ns, Reaching safepoint: 19817 ns, Cleanup: 14748 ns, At safepoint: 7884 ns, Total: 42449 ns
[2025-05-08T01:21:30.431+0000][68][info ][safepoint   ] Safepoint "Cleanup", Time since last: 1000598484 ns, Reaching safepoint: 75282 ns, Cleanup: 18477 ns, At safepoint: 16675 ns, Total: 110434 ns
[2025-05-08T01:21:31.432+0000][68][info ][safepoint   ] Safepoint "Cleanup", Time since last: 1000507103 ns, Reaching safepoint: 21659 ns, Cleanup: 13930 ns, At safepoint: 7760 ns, Total: 43349 ns
[2025-05-08T01:21:33.436+0000][68][info ][safepoint   ] Safepoint "Cleanup", Time since last: 2003970265 ns, Reaching safepoint: 22433 ns, Cleanup: 16416 ns, At safepoint: 7446 ns, Total: 46295 ns
[2025-05-08T01:21:35.437+0000][68][info ][safepoint   ] Safepoint "Cleanup", Time since last: 2000927007 ns, Reaching safepoint: 31766 ns, Cleanup: 22792 ns, At safepoint: 15612 ns, Total: 70170 ns
[2025-05-08T01:21:36.438+0000][68][info ][safepoint   ] Safepoint "Cleanup", Time since last: 1000758390 ns, Reaching safepoint: 31910 ns, Cleanup: 15517 ns, At safepoint: 14631 ns, Total: 62058 ns
[2025-05-08T01:21:38.439+0000][68][info ][safepoint   ] Safepoint "Cleanup", Time since last: 2000854566 ns, Reaching safepoint: 37290 ns, Cleanup: 25090 ns, At safepoint: 16796 ns, Total: 79176 ns
[2025-05-08T01:21:39.440+0000][68][info ][safepoint   ] Safepoint "Cleanup", Time since last: 1000902734 ns, Reaching safepoint: 19736 ns, Cleanup: 14706 ns, At safepoint: 8170 ns, Total: 42612 ns
[2025-05-08T01:21:41.440+0000][68][info ][safepoint   ] Safepoint "Cleanup", Time since last: 2000624465 ns, Reaching safepoint: 19466 ns, Cleanup: 11783 ns, At safepoint: 7072 ns, Total: 38321 ns
[2025-05-08T01:21:42.441+0000][68][info ][safepoint   ] Safepoint "Cleanup", Time since last: 1000619683 ns, Reaching safepoint: 19764 ns, Cleanup: 13854 ns, At safepoint: 7571 ns, Total: 41189 ns
[2025-05-08T01:21:45.506+0000][68][info ][safepoint   ] Safepoint "Cleanup", Time since last: 3065375694 ns, Reaching safepoint: 16154 ns, Cleanup: 20255 ns, At safepoint: 88172 ns, Total: 124581 ns
[2025-05-08T01:21:46.784+0000][68][info ][safepoint   ] Safepoint "Cleanup", Time since last: 1277281126 ns, Reaching safepoint: 33258 ns, Cleanup: 22320 ns, At safepoint: 16794 ns, Total: 72372 ns
[2025-05-08T01:21:47.785+0000][68][info ][safepoint   ] Safepoint "Cleanup", Time since last: 1000797093 ns, Reaching safepoint: 21925 ns, Cleanup: 15706 ns, At safepoint: 8240 ns, Total: 45871 ns
[2025-05-08T01:21:48.785+0000][68][info ][safepoint   ] Safepoint "Cleanup", Time since last: 1000602891 ns, Reaching safepoint: 21762 ns, Cleanup: 13326 ns, At safepoint: 9211 ns, Total: 44299 ns
[2025-05-08T01:21:49.837+0000][68][info ][safepoint   ] Safepoint "Cleanup", Time since last: 1051902328 ns, Reaching safepoint: 34648 ns, Cleanup: 17487 ns, At safepoint: 16411 ns, Total: 68546 ns
[2025-05-08T01:21:53.837+0000][68][info ][safepoint   ] Safepoint "Cleanup", Time since last: 4001222430 ns, Reaching safepoint: 33898 ns, Cleanup: 23520 ns, At safepoint: 16715 ns, Total: 74133 ns
[2025-05-08T01:21:54.837+0000][68][info ][safepoint   ] Safepoint "Cleanup", Time since last: 1000763637 ns, Reaching safepoint: 32077 ns, Cleanup: 16359 ns, At safepoint: 16248 ns, Total: 64684 ns
[2025-05-08T01:21:59.839+0000][68][info ][safepoint   ] Safepoint "Cleanup", Time since last: 5001433034 ns, Reaching safepoint: 31984 ns, Cleanup: 19226 ns, At safepoint: 17613 ns, Total: 68823 ns
[2025-05-08T01:22:02.615+0000][68][info ][safepoint   ] Safepoint "Cleanup", Time since last: 2776551915 ns, Reaching safepoint: 5961 ns, Cleanup: 8880 ns, At safepoint: 12181 ns, Total: 27022 ns
[2025-05-08T01:22:04.347+0000][68][info ][safepoint   ] Safepoint "Cleanup", Time since last: 1731515347 ns, Reaching safepoint: 34293 ns, Cleanup: 19843 ns, At safepoint: 17995 ns, Total: 72131 ns
[2025-05-08T01:22:05.732+0000][68][info ][safepoint   ] Safepoint "Cleanup", Time since last: 1384688239 ns, Reaching safepoint: 37278 ns, Cleanup: 36516 ns, At safepoint: 18213 ns, Total: 92007 ns
[2025-05-08T01:22:18.522+0000][68][info ][safepoint   ] Safepoint "Cleanup", Time since last: 12790317707 ns, Reaching safepoint: 81164 ns, Cleanup: 24419 ns, At safepoint: 17404 ns, Total: 122987 ns
[2025-05-08T01:22:35.513+0000][68][info ][safepoint   ] Safepoint "Cleanup", Time since last: 17003324798 ns, Reaching safepoint: 63214 ns, Cleanup: 15827 ns, At safepoint: 9665 ns, Total: 88706 ns
[2025-05-08T01:22:37.204+0000][68][info ][gc,start    ] GC(16) Pause Young (Concurrent Start) (CodeCache GC Threshold)
[2025-05-08T01:22:37.224+0000][68][info ][gc,task     ] GC(16) Using 10 workers of 10 for evacuation
[2025-05-08T01:22:37.230+0000][68][debug][gc,age      ] GC(16) Desired survivor size 25165824 bytes, new threshold 2 (max threshold 15)
[2025-05-08T01:22:37.915+0000][68][info ][gc,mmu      ] GC(16) MMU target violated: 201.0ms (200.0ms/201.0ms)
[2025-05-08T01:22:37.917+0000][68][info ][gc,phases   ] GC(16)   Pre Evacuate Collection Set: 1.17ms
[2025-05-08T01:22:37.917+0000][68][info ][gc,phases   ] GC(16)   Merge Heap Roots: 0.19ms
[2025-05-08T01:22:37.918+0000][68][info ][gc,phases   ] GC(16)   Evacuate Collection Set: 675.07ms
[2025-05-08T01:22:37.919+0000][68][info ][gc,phases   ] GC(16)   Post Evacuate Collection Set: 3.02ms
[2025-05-08T01:22:37.919+0000][68][info ][gc,phases   ] GC(16)   Other: 13.18ms
[2025-05-08T01:22:37.919+0000][68][trace][gc,age      ] GC(16) Age table with threshold 2 (max threshold 15)
[2025-05-08T01:22:37.920+0000][68][trace][gc,age      ] GC(16) - age   1:    2733040 bytes,    2733040 total
[2025-05-08T01:22:37.925+0000][68][trace][gc,age      ] GC(16) - age   2:    3684880 bytes,    6417920 total
[2025-05-08T01:22:37.940+0000][68][info ][gc,heap     ] GC(16) Eden regions: 67->0(219)
[2025-05-08T01:22:37.940+0000][68][info ][gc,heap     ] GC(16) Survivor regions: 20->4(12)
[2025-05-08T01:22:37.940+0000][68][info ][gc,heap     ] GC(16) Old regions: 10->29
[2025-05-08T01:22:37.943+0000][68][info ][gc,heap     ] GC(16) Humongous regions: 0->0
[2025-05-08T01:22:37.944+0000][68][info ][gc,metaspace] GC(16) Metaspace: 148685K(152768K)->148685K(152768K) NonClass: 128373K(130560K)->128373K(130560K) Class: 20312K(22208K)->20312K(22208K)
[2025-05-08T01:22:37.945+0000][68][info ][gc          ] GC(16) Pause Young (Concurrent Start) (CodeCache GC Threshold) 384M->125M(3880M) 740.975ms
[2025-05-08T01:22:37.945+0000][68][info ][gc,cpu      ] GC(16) User=0.54s Sys=0.20s Real=0.74s
[2025-05-08T01:22:37.945+0000][68][info ][gc          ] GC(17) Concurrent Mark Cycle
[2025-05-08T01:22:37.946+0000][68][info ][safepoint   ] Safepoint "G1TryInitiateConcMark", Time since last: 1690237440 ns, Reaching safepoint: 115994 ns, Cleanup: 10578 ns, At safepoint: 742142481 ns, Total: 742269053 ns
[2025-05-08T01:22:37.946+0000][68][info ][gc,marking  ] GC(17) Concurrent Scan Root Regions
[2025-05-08T01:22:38.008+0000][68][info ][gc,marking  ] GC(17) Concurrent Scan Root Regions 62.333ms
[2025-05-08T01:22:38.017+0000][68][info ][gc,marking  ] GC(17) Concurrent Mark
[2025-05-08T01:22:38.019+0000][68][info ][gc,marking  ] GC(17) Concurrent Mark From Roots
[2025-05-08T01:22:38.019+0000][68][info ][gc,task     ] GC(17) Using 3 workers of 3 for marking
[2025-05-08T01:22:38.056+0000][68][info ][gc,marking  ] GC(17) Concurrent Mark From Roots 37.677ms
[2025-05-08T01:22:38.065+0000][68][info ][gc,marking  ] GC(17) Concurrent Preclean
[2025-05-08T01:22:38.066+0000][68][info ][gc,marking  ] GC(17) Concurrent Preclean 1.011ms
[2025-05-08T01:22:38.068+0000][68][info ][gc,start    ] GC(17) Pause Remark
[2025-05-08T01:22:38.111+0000][68][info ][gc          ] GC(17) Pause Remark 132M->132M(3880M) 42.528ms
[2025-05-08T01:22:38.111+0000][68][info ][gc,cpu      ] GC(17) User=0.20s Sys=0.04s Real=0.04s
[2025-05-08T01:22:38.112+0000][68][info ][safepoint   ] Safepoint "G1PauseRemark", Time since last: 122273741 ns, Reaching safepoint: 26229 ns, Cleanup: 32624 ns, At safepoint: 43718523 ns, Total: 43777376 ns
[2025-05-08T01:22:38.114+0000][68][info ][gc,marking  ] GC(17) Concurrent Mark 96.709ms
[2025-05-08T01:22:38.117+0000][68][info ][gc,marking  ] GC(17) Concurrent Rebuild Remembered Sets and Scrub Regions
[2025-05-08T01:22:38.134+0000][68][info ][gc,marking  ] GC(17) Concurrent Rebuild Remembered Sets and Scrub Regions 17.049ms
[2025-05-08T01:22:38.135+0000][68][info ][gc,start    ] GC(17) Pause Cleanup
[2025-05-08T01:22:38.136+0000][68][info ][gc          ] GC(17) Pause Cleanup 132M->132M(3880M) 0.772ms
[2025-05-08T01:22:38.136+0000][68][info ][gc,cpu      ] GC(17) User=0.00s Sys=0.00s Real=0.00s
[2025-05-08T01:22:38.136+0000][68][info ][safepoint   ] Safepoint "G1PauseCleanup", Time since last: 22671738 ns, Reaching safepoint: 123923 ns, Cleanup: 200515 ns, At safepoint: 1650068 ns, Total: 1974506 ns
[2025-05-08T01:22:38.137+0000][68][info ][gc,marking  ] GC(17) Concurrent Clear Claimed Marks
[2025-05-08T01:22:38.138+0000][68][info ][gc,marking  ] GC(17) Concurrent Clear Claimed Marks 0.802ms
[2025-05-08T01:22:38.138+0000][68][info ][gc,marking  ] GC(17) Concurrent Cleanup for Next Mark
[2025-05-08T01:22:38.207+0000][68][info ][gc,marking  ] GC(17) Concurrent Cleanup for Next Mark 68.471ms
[2025-05-08T01:22:38.210+0000][68][info ][gc          ] GC(17) Concurrent Mark Cycle 264.127ms
[2025-05-08T01:22:39.137+0000][68][info ][safepoint   ] Safepoint "Cleanup", Time since last: 1000641028 ns, Reaching safepoint: 29699 ns, Cleanup: 19309 ns, At safepoint: 10071 ns, Total: 59079 ns
[2025-05-08T01:22:43.139+0000][68][info ][safepoint   ] Safepoint "Cleanup", Time since last: 4001980518 ns, Reaching safepoint: 32106 ns, Cleanup: 77728 ns, At safepoint: 19062 ns, Total: 128896 ns
[2025-05-08T01:22:48.141+0000][68][info ][safepoint   ] Safepoint "Cleanup", Time since last: 5001501809 ns, Reaching safepoint: 139862 ns, Cleanup: 17351 ns, At safepoint: 17805 ns, Total: 175018 ns
[2025-05-08T01:22:52.142+0000][68][info ][safepoint   ] Safepoint "Cleanup", Time since last: 4001457043 ns, Reaching safepoint: 33568 ns, Cleanup: 17996 ns, At safepoint: 16106 ns, Total: 67670 ns
[2025-05-08T01:22:53.152+0000][68][info ][safepoint   ] Safepoint "Cleanup", Time since last: 1000635049 ns, Reaching safepoint: 31023 ns, Cleanup: 18807 ns, At safepoint: 15989 ns, Total: 65819 ns
[2025-05-08T01:22:54.152+0000][68][info ][safepoint   ] Safepoint "Cleanup", Time since last: 1000585078 ns, Reaching safepoint: 19700 ns, Cleanup: 23748 ns, At safepoint: 7618 ns, Total: 51066 ns
[2025-05-08T01:22:56.153+0000][68][info ][safepoint   ] Safepoint "Cleanup", Time since last: 2000878810 ns, Reaching safepoint: 32092 ns, Cleanup: 17142 ns, At safepoint: 16246 ns, Total: 65480 ns
[2025-05-08T01:22:58.154+0000][68][info ][safepoint   ] Safepoint "Cleanup", Time since last: 2000924270 ns, Reaching safepoint: 31925 ns, Cleanup: 17357 ns, At safepoint: 15947 ns, Total: 65229 ns
[2025-05-08T01:23:01.155+0000][68][info ][safepoint   ] Safepoint "Cleanup", Time since last: 3001031637 ns, Reaching safepoint: 35872 ns, Cleanup: 17246 ns, At safepoint: 17225 ns, Total: 70343 ns
[2025-05-08T01:23:03.156+0000][68][info ][safepoint   ] Safepoint "Cleanup", Time since last: 2000795530 ns, Reaching safepoint: 66665 ns, Cleanup: 24521 ns, At safepoint: 15959 ns, Total: 107145 ns
[2025-05-08T01:23:05.585+0000][68][info ][safepoint   ] Safepoint "Cleanup", Time since last: 2428665988 ns, Reaching safepoint: 6083 ns, Cleanup: 8652 ns, At safepoint: 3034 ns, Total: 17769 ns
[2025-05-08T01:23:07.027+0000][68][info ][safepoint   ] Safepoint "Cleanup", Time since last: 1441481705 ns, Reaching safepoint: 35721 ns, Cleanup: 137765 ns, At safepoint: 106043 ns, Total: 279529 ns
[2025-05-08T01:23:10.028+0000][68][info ][safepoint   ] Safepoint "Cleanup", Time since last: 3001076649 ns, Reaching safepoint: 33325 ns, Cleanup: 19764 ns, At safepoint: 16699 ns, Total: 69788 ns
[2025-05-08T01:23:23.029+0000][68][info ][safepoint   ] Safepoint "Cleanup", Time since last: 13002854913 ns, Reaching safepoint: 151544 ns, Cleanup: 18513 ns, At safepoint: 20056 ns, Total: 190113 ns
[2025-05-08T01:23:25.165+0000][68][info ][safepoint   ] Safepoint "Cleanup", Time since last: 2135391823 ns, Reaching safepoint: 111371 ns, Cleanup: 16353 ns, At safepoint: 51025 ns, Total: 178749 ns
[2025-05-08T01:23:26.286+0000][68][info ][safepoint   ] Safepoint "Cleanup", Time since last: 1120718586 ns, Reaching safepoint: 31264 ns, Cleanup: 29363 ns, At safepoint: 12237 ns, Total: 72864 ns
[2025-05-08T01:23:28.287+0000][68][info ][safepoint   ] Safepoint "Cleanup", Time since last: 2000850257 ns, Reaching safepoint: 34254 ns, Cleanup: 80716 ns, At safepoint: 21043 ns, Total: 136013 ns
[2025-05-08T01:23:29.287+0000][68][info ][safepoint   ] Safepoint "Cleanup", Time since last: 1000676701 ns, Reaching safepoint: 37721 ns, Cleanup: 18835 ns, At safepoint: 18686 ns, Total: 75242 ns
[2025-05-08T01:23:31.193+0000][68][info ][safepoint   ] Safepoint "Cleanup", Time since last: 1905545371 ns, Reaching safepoint: 34158 ns, Cleanup: 56328 ns, At safepoint: 19394 ns, Total: 109880 ns
[2025-05-08T01:23:33.194+0000][68][info ][safepoint   ] Safepoint "Cleanup", Time since last: 2000809026 ns, Reaching safepoint: 51968 ns, Cleanup: 19166 ns, At safepoint: 9148 ns, Total: 80282 ns
[2025-05-08T01:23:34.400+0000][68][info ][safepoint   ] Safepoint "Cleanup", Time since last: 1205831827 ns, Reaching safepoint: 16760 ns, Cleanup: 16026 ns, At safepoint: 71828 ns, Total: 104614 ns
[2025-05-08T01:23:35.409+0000][68][info ][safepoint   ] Safepoint "Cleanup", Time since last: 1008910510 ns, Reaching safepoint: 18939 ns, Cleanup: 27444 ns, At safepoint: 7371 ns, Total: 53754 ns
[2025-05-08T01:23:37.067+0000][68][info ][safepoint   ] Safepoint "Cleanup", Time since last: 1658485435 ns, Reaching safepoint: 30966 ns, Cleanup: 35506 ns, At safepoint: 16178 ns, Total: 82650 ns
[2025-05-08T01:23:38.086+0000][68][info ][safepoint   ] Safepoint "Cleanup", Time since last: 1018591911 ns, Reaching safepoint: 20871 ns, Cleanup: 25753 ns, At safepoint: 8146 ns, Total: 54770 ns
[2025-05-08T01:23:39.087+0000][68][info ][safepoint   ] Safepoint "Cleanup", Time since last: 1000727390 ns, Reaching safepoint: 33642 ns, Cleanup: 17206 ns, At safepoint: 81641 ns, Total: 132489 ns
[2025-05-08T01:23:41.031+0000][68][info ][safepoint   ] Safepoint "Cleanup", Time since last: 1944390097 ns, Reaching safepoint: 34865 ns, Cleanup: 32858 ns, At safepoint: 17858 ns, Total: 85581 ns
[2025-05-08T01:23:45.033+0000][68][info ][safepoint   ] Safepoint "Cleanup", Time since last: 4001171934 ns, Reaching safepoint: 36631 ns, Cleanup: 20456 ns, At safepoint: 19765 ns, Total: 76852 ns
[2025-05-08T01:23:49.034+0000][68][info ][safepoint   ] Safepoint "Cleanup", Time since last: 4001237403 ns, Reaching safepoint: 92245 ns, Cleanup: 24402 ns, At safepoint: 17255 ns, Total: 133902 ns
[2025-05-08T01:23:53.067+0000][68][info ][safepoint   ] Safepoint "Cleanup", Time since last: 4034466081 ns, Reaching safepoint: 151334 ns, Cleanup: 26053 ns, At safepoint: 46535 ns, Total: 223922 ns
[2025-05-08T01:23:54.067+0000][68][info ][safepoint   ] Safepoint "Cleanup", Time since last: 1000024016 ns, Reaching safepoint: 5060 ns, Cleanup: 16658 ns, At safepoint: 11933 ns, Total: 33651 ns
[2025-05-08T01:23:56.072+0000][68][info ][safepoint   ] Safepoint "Cleanup", Time since last: 2004667873 ns, Reaching safepoint: 33831 ns, Cleanup: 44178 ns, At safepoint: 119383 ns, Total: 197392 ns
[2025-05-08T01:23:57.072+0000][68][info ][safepoint   ] Safepoint "Cleanup", Time since last: 1000742301 ns, Reaching safepoint: 38710 ns, Cleanup: 21366 ns, At safepoint: 135495 ns, Total: 195571 ns
[2025-05-08T01:23:58.073+0000][68][info ][safepoint   ] Safepoint "Cleanup", Time since last: 1000876152 ns, Reaching safepoint: 29962 ns, Cleanup: 14639 ns, At safepoint: 15575 ns, Total: 60176 ns
[2025-05-08T01:24:02.050+0000][68][info ][safepoint   ] Safepoint "Cleanup", Time since last: 3976405856 ns, Reaching safepoint: 31242 ns, Cleanup: 16139 ns, At safepoint: 15884 ns, Total: 63265 ns
[2025-05-08T01:24:08.571+0000][68][info ][safepoint   ] Safepoint "Cleanup", Time since last: 6520600812 ns, Reaching safepoint: 85829 ns, Cleanup: 8734 ns, At safepoint: 39253 ns, Total: 133816 ns
[2025-05-08T01:24:10.129+0000][68][info ][safepoint   ] Safepoint "Cleanup", Time since last: 1557848101 ns, Reaching safepoint: 16083 ns, Cleanup: 13099 ns, At safepoint: 12515 ns, Total: 41697 ns
[2025-05-08T01:24:12.135+0000][68][info ][safepoint   ] Safepoint "Cleanup", Time since last: 2006616649 ns, Reaching safepoint: 32836 ns, Cleanup: 17517 ns, At safepoint: 9666 ns, Total: 60019 ns
[2025-05-08T01:24:15.138+0000][68][info ][safepoint   ] Safepoint "Cleanup", Time since last: 3002917237 ns, Reaching safepoint: 18568 ns, Cleanup: 11722 ns, At safepoint: 7719 ns, Total: 38009 ns
[2025-05-08T01:24:25.856+0000][68][info ][safepoint   ] Safepoint "Cleanup", Time since last: 10719507018 ns, Reaching safepoint: 27473 ns, Cleanup: 19966 ns, At safepoint: 35188 ns, Total: 82627 ns
[2025-05-08T01:24:26.941+0000][68][info ][safepoint   ] Safepoint "Cleanup", Time since last: 1085348200 ns, Reaching safepoint: 33427 ns, Cleanup: 22939 ns, At safepoint: 16942 ns, Total: 73308 ns
[2025-05-08T01:24:28.942+0000][68][info ][safepoint   ] Safepoint "Cleanup", Time since last: 2000784057 ns, Reaching safepoint: 31684 ns, Cleanup: 16749 ns, At safepoint: 17208 ns, Total: 65641 ns
[2025-05-08T01:24:30.867+0000][68][info ][safepoint   ] Safepoint "Cleanup", Time since last: 1925010906 ns, Reaching safepoint: 35083 ns, Cleanup: 14171 ns, At safepoint: 73257 ns, Total: 122511 ns
[2025-05-08T01:24:35.877+0000][68][info ][safepoint   ] Safepoint "Cleanup", Time since last: 5009367491 ns, Reaching safepoint: 71076 ns, Cleanup: 19265 ns, At safepoint: 108599 ns, Total: 198940 ns
[2025-05-08T01:24:37.878+0000][68][info ][safepoint   ] Safepoint "Cleanup", Time since last: 2000881883 ns, Reaching safepoint: 20170 ns, Cleanup: 23949 ns, At safepoint: 8490 ns, Total: 52609 ns
[2025-05-08T01:24:44.879+0000][68][info ][safepoint   ] Safepoint "Cleanup", Time since last: 7001582863 ns, Reaching safepoint: 33434 ns, Cleanup: 22958 ns, At safepoint: 16858 ns, Total: 73250 ns
[2025-05-08T01:24:48.880+0000][68][info ][safepoint   ] Safepoint "Cleanup", Time since last: 4001206541 ns, Reaching safepoint: 33460 ns, Cleanup: 17162 ns, At safepoint: 17316 ns, Total: 67938 ns
[2025-05-08T01:24:58.881+0000][68][info ][safepoint   ] Safepoint "Cleanup", Time since last: 10002403448 ns, Reaching safepoint: 70929 ns, Cleanup: 16479 ns, At safepoint: 15735 ns, Total: 103143 ns
[2025-05-08T01:25:03.883+0000][68][info ][safepoint   ] Safepoint "Cleanup", Time since last: 5001450544 ns, Reaching safepoint: 30895 ns, Cleanup: 15343 ns, At safepoint: 15963 ns, Total: 62201 ns
[2025-05-08T01:25:05.903+0000][68][info ][safepoint   ] Safepoint "Cleanup", Time since last: 2020112560 ns, Reaching safepoint: 75352 ns, Cleanup: 22907 ns, At safepoint: 20167 ns, Total: 118426 ns
[2025-05-08T01:25:08.904+0000][68][info ][safepoint   ] Safepoint "Cleanup", Time since last: 3000941530 ns, Reaching safepoint: 34238 ns, Cleanup: 17503 ns, At safepoint: 16853 ns, Total: 68594 ns
[2025-05-08T01:25:12.153+0000][68][info ][safepoint   ] Safepoint "Cleanup", Time since last: 3249089285 ns, Reaching safepoint: 28287 ns, Cleanup: 16151 ns, At safepoint: 73823 ns, Total: 118261 ns
[2025-05-08T01:25:13.160+0000][68][info ][safepoint   ] Safepoint "Cleanup", Time since last: 1006817611 ns, Reaching safepoint: 89402 ns, Cleanup: 18196 ns, At safepoint: 15005 ns, Total: 122603 ns
[2025-05-08T01:25:28.161+0000][68][info ][safepoint   ] Safepoint "Cleanup", Time since last: 15002911469 ns, Reaching safepoint: 173073 ns, Cleanup: 18030 ns, At safepoint: 20369 ns, Total: 211472 ns
[2025-05-08T01:25:30.162+0000][68][info ][safepoint   ] Safepoint "Cleanup", Time since last: 2000942494 ns, Reaching safepoint: 29496 ns, Cleanup: 20549 ns, At safepoint: 12599 ns, Total: 62644 ns
[2025-05-08T01:25:38.164+0000][68][info ][safepoint   ] Safepoint "Cleanup", Time since last: 8001888248 ns, Reaching safepoint: 35066 ns, Cleanup: 33937 ns, At safepoint: 20044 ns, Total: 89047 ns
[2025-05-08T01:25:53.165+0000][68][info ][safepoint   ] Safepoint "Cleanup", Time since last: 15003096912 ns, Reaching safepoint: 42746 ns, Cleanup: 16030 ns, At safepoint: 7702 ns, Total: 66478 ns
[2025-05-08T01:26:04.240+0000][68][info ][safepoint   ] Safepoint "Cleanup", Time since last: 11074785384 ns, Reaching safepoint: 164540 ns, Cleanup: 8163 ns, At safepoint: 110647 ns, Total: 283350 ns
[2025-05-08T01:26:05.938+0000][68][info ][safepoint   ] Safepoint "Cleanup", Time since last: 1696948387 ns, Reaching safepoint: 36942 ns, Cleanup: 104055 ns, At safepoint: 23469 ns, Total: 164466 ns
[2025-05-08T01:26:07.938+0000][68][info ][safepoint   ] Safepoint "Cleanup", Time since last: 2000798875 ns, Reaching safepoint: 30326 ns, Cleanup: 20976 ns, At safepoint: 12636 ns, Total: 63938 ns
[2025-05-08T01:26:09.167+0000][68][info ][safepoint   ] Safepoint "Cleanup", Time since last: 1228806462 ns, Reaching safepoint: 16216 ns, Cleanup: 23255 ns, At safepoint: 72674 ns, Total: 112145 ns
[2025-05-08T01:26:11.084+0000][68][info ][safepoint   ] Safepoint "Cleanup", Time since last: 1916268322 ns, Reaching safepoint: 21295 ns, Cleanup: 15062 ns, At safepoint: 7345 ns, Total: 43702 ns
[2025-05-08T01:26:13.085+0000][68][info ][safepoint   ] Safepoint "Cleanup", Time since last: 2000842654 ns, Reaching safepoint: 19707 ns, Cleanup: 13373 ns, At safepoint: 8506 ns, Total: 41586 ns
[2025-05-08T01:26:15.186+0000][68][info ][safepoint   ] Safepoint "Cleanup", Time since last: 2101266326 ns, Reaching safepoint: 16479 ns, Cleanup: 26532 ns, At safepoint: 133243 ns, Total: 176254 ns
[2025-05-08T01:26:24.215+0000][68][info ][safepoint   ] Safepoint "Cleanup", Time since last: 9030960783 ns, Reaching safepoint: 68860 ns, Cleanup: 17513 ns, At safepoint: 30234 ns, Total: 116607 ns
[2025-05-08T01:26:28.217+0000][68][info ][safepoint   ] Safepoint "Cleanup", Time since last: 4001256041 ns, Reaching safepoint: 36960 ns, Cleanup: 19722 ns, At safepoint: 16363 ns, Total: 73045 ns
[2025-05-08T01:26:30.218+0000][68][info ][safepoint   ] Safepoint "Cleanup", Time since last: 2001004354 ns, Reaching safepoint: 33907 ns, Cleanup: 16782 ns, At safepoint: 17915 ns, Total: 68604 ns
[2025-05-08T01:26:35.219+0000][68][info ][safepoint   ] Safepoint "Cleanup", Time since last: 5001724552 ns, Reaching safepoint: 35755 ns, Cleanup: 17219 ns, At safepoint: 18166 ns, Total: 71140 ns
[2025-05-08T01:26:38.221+0000][68][info ][safepoint   ] Safepoint "Cleanup", Time since last: 3001033293 ns, Reaching safepoint: 59206 ns, Cleanup: 22337 ns, At safepoint: 11688 ns, Total: 93231 ns
[2025-05-08T01:26:40.222+0000][68][info ][safepoint   ] Safepoint "Cleanup", Time since last: 2000983325 ns, Reaching safepoint: 34117 ns, Cleanup: 22833 ns, At safepoint: 17129 ns, Total: 74079 ns
[2025-05-08T01:26:44.223+0000][68][info ][safepoint   ] Safepoint "Cleanup", Time since last: 4001324612 ns, Reaching safepoint: 31966 ns, Cleanup: 17767 ns, At safepoint: 15792 ns, Total: 65525 ns
[2025-05-08T01:26:53.223+0000][68][info ][safepoint   ] Safepoint "Cleanup", Time since last: 9002510839 ns, Reaching safepoint: 80314 ns, Cleanup: 19071 ns, At safepoint: 18855 ns, Total: 118240 ns
[2025-05-08T01:27:03.226+0000][68][info ][safepoint   ] Safepoint "Cleanup", Time since last: 10002668939 ns, Reaching safepoint: 35033 ns, Cleanup: 19283 ns, At safepoint: 18129 ns, Total: 72445 ns
[2025-05-08T01:27:04.976+0000][68][info ][safepoint   ] Safepoint "Cleanup", Time since last: 1749330847 ns, Reaching safepoint: 15114 ns, Cleanup: 14811 ns, At safepoint: 64982 ns, Total: 94907 ns
[2025-05-08T01:27:07.977+0000][68][info ][safepoint   ] Safepoint "Cleanup", Time since last: 3001377352 ns, Reaching safepoint: 69890 ns, Cleanup: 17380 ns, At safepoint: 31710 ns, Total: 118980 ns
[2025-05-08T01:27:08.978+0000][68][info ][safepoint   ] Safepoint "Cleanup", Time since last: 1000907095 ns, Reaching safepoint: 33760 ns, Cleanup: 16811 ns, At safepoint: 16090 ns, Total: 66661 ns
[2025-05-08T01:27:17.588+0000][68][info ][safepoint   ] Safepoint "Cleanup", Time since last: 8609676753 ns, Reaching safepoint: 23945 ns, Cleanup: 21077 ns, At safepoint: 82424 ns, Total: 127446 ns
[2025-05-08T01:27:27.252+0000][68][info ][safepoint   ] Safepoint "Cleanup", Time since last: 9667086693 ns, Reaching safepoint: 68943 ns, Cleanup: 20174 ns, At safepoint: 16065 ns, Total: 105182 ns
[2025-05-08T01:27:28.254+0000][68][info ][safepoint   ] Safepoint "Cleanup", Time since last: 1001100811 ns, Reaching safepoint: 22057 ns, Cleanup: 18331 ns, At safepoint: 8553 ns, Total: 48941 ns
[2025-05-08T01:27:33.255+0000][68][info ][safepoint   ] Safepoint "Cleanup", Time since last: 5001586117 ns, Reaching safepoint: 32138 ns, Cleanup: 15713 ns, At safepoint: 16325 ns, Total: 64176 ns
[2025-05-08T01:27:38.257+0000][68][info ][safepoint   ] Safepoint "Cleanup", Time since last: 5001502662 ns, Reaching safepoint: 34682 ns, Cleanup: 21988 ns, At safepoint: 16748 ns, Total: 73418 ns
[2025-05-08T01:27:39.258+0000][68][info ][safepoint   ] Safepoint "Cleanup", Time since last: 1000703237 ns, Reaching safepoint: 39244 ns, Cleanup: 12231 ns, At safepoint: 7351 ns, Total: 58826 ns
[2025-05-08T01:27:53.259+0000][68][info ][safepoint   ] Safepoint "Cleanup", Time since last: 14003261585 ns, Reaching safepoint: 35036 ns, Cleanup: 18101 ns, At safepoint: 16136 ns, Total: 69273 ns
[2025-05-08T01:27:54.260+0000][68][info ][safepoint   ] Safepoint "Cleanup", Time since last: 1000792806 ns, Reaching safepoint: 161791 ns, Cleanup: 18399 ns, At safepoint: 33712 ns, Total: 213902 ns
[2025-05-08T01:27:58.261+0000][68][info ][safepoint   ] Safepoint "Cleanup", Time since last: 4001221508 ns, Reaching safepoint: 34203 ns, Cleanup: 16848 ns, At safepoint: 17673 ns, Total: 68724 ns
[2025-05-08T01:27:59.262+0000][68][info ][safepoint   ] Safepoint "Cleanup", Time since last: 1000600924 ns, Reaching safepoint: 19507 ns, Cleanup: 12702 ns, At safepoint: 8215 ns, Total: 40424 ns
[2025-05-08T01:28:05.013+0000][68][info ][safepoint   ] Safepoint "Cleanup", Time since last: 5751334915 ns, Reaching safepoint: 7681 ns, Cleanup: 13131 ns, At safepoint: 13004 ns, Total: 33816 ns
[2025-05-08T01:28:10.016+0000][68][info ][safepoint   ] Safepoint "Cleanup", Time since last: 5001975972 ns, Reaching safepoint: 456371 ns, Cleanup: 15393 ns, At safepoint: 8005 ns, Total: 479769 ns
[2025-05-08T01:28:11.016+0000][68][info ][safepoint   ] Safepoint "Cleanup", Time since last: 1000664707 ns, Reaching safepoint: 35111 ns, Cleanup: 17898 ns, At safepoint: 17851 ns, Total: 70860 ns
[2025-05-08T01:28:13.017+0000][68][info ][safepoint   ] Safepoint "Cleanup", Time since last: 2000803172 ns, Reaching safepoint: 30088 ns, Cleanup: 16415 ns, At safepoint: 11143 ns, Total: 57646 ns
[2025-05-08T01:28:15.018+0000][68][info ][safepoint   ] Safepoint "Cleanup", Time since last: 2000835908 ns, Reaching safepoint: 27933 ns, Cleanup: 16259 ns, At safepoint: 10816 ns, Total: 55008 ns
[2025-05-08T01:28:21.283+0000][68][info ][safepoint   ] Safepoint "Cleanup", Time since last: 6264748949 ns, Reaching safepoint: 16588 ns, Cleanup: 21853 ns, At safepoint: 74419 ns, Total: 112860 ns
[2025-05-08T01:28:35.301+0000][68][info ][safepoint   ] Safepoint "Cleanup", Time since last: 14020083349 ns, Reaching safepoint: 22780 ns, Cleanup: 13918 ns, At safepoint: 10551 ns, Total: 47249 ns
[2025-05-08T01:28:38.303+0000][68][info ][safepoint   ] Safepoint "Cleanup", Time since last: 3000985793 ns, Reaching safepoint: 29159 ns, Cleanup: 24181 ns, At safepoint: 10779 ns, Total: 64119 ns
[2025-05-08T01:28:39.310+0000][68][info ][safepoint   ] Safepoint "Cleanup", Time since last: 1007054115 ns, Reaching safepoint: 28489 ns, Cleanup: 28743 ns, At safepoint: 79585 ns, Total: 136817 ns
[2025-05-08T01:28:43.341+0000][68][info ][safepoint   ] Safepoint "Cleanup", Time since last: 4031122470 ns, Reaching safepoint: 75330 ns, Cleanup: 86442 ns, At safepoint: 24975 ns, Total: 186747 ns
[2025-05-08T01:28:45.342+0000][68][info ][safepoint   ] Safepoint "Cleanup", Time since last: 2000893763 ns, Reaching safepoint: 126928 ns, Cleanup: 19475 ns, At safepoint: 98516 ns, Total: 244919 ns
[2025-05-08T01:28:52.892+0000][68][info ][safepoint   ] Safepoint "Cleanup", Time since last: 7552259006 ns, Reaching safepoint: 32813 ns, Cleanup: 13058 ns, At safepoint: 72092 ns, Total: 117963 ns
[2025-05-08T01:29:09.049+0000][68][info ][safepoint   ] Safepoint "Cleanup", Time since last: 16157017897 ns, Reaching safepoint: 21936 ns, Cleanup: 14045 ns, At safepoint: 7950 ns, Total: 43931 ns
[2025-05-08T01:29:12.050+0000][68][info ][safepoint   ] Safepoint "Cleanup", Time since last: 3001160395 ns, Reaching safepoint: 79186 ns, Cleanup: 17891 ns, At safepoint: 34525 ns, Total: 131602 ns
[2025-05-08T01:29:23.048+0000][68][info ][safepoint   ] Safepoint "Cleanup", Time since last: 11002621445 ns, Reaching safepoint: 35020 ns, Cleanup: 17126 ns, At safepoint: 15457 ns, Total: 67603 ns
[2025-05-08T01:29:24.354+0000][68][info ][safepoint   ] Safepoint "Cleanup", Time since last: 1306174079 ns, Reaching safepoint: 9731 ns, Cleanup: 10353 ns, At safepoint: 16140 ns, Total: 36224 ns
[2025-05-08T01:29:25.382+0000][68][info ][safepoint   ] Safepoint "Cleanup", Time since last: 1028451191 ns, Reaching safepoint: 16489 ns, Cleanup: 12962 ns, At safepoint: 19678 ns, Total: 49129 ns
[2025-05-08T01:29:28.387+0000][68][info ][safepoint   ] Safepoint "Cleanup", Time since last: 3005015993 ns, Reaching safepoint: 71543 ns, Cleanup: 16270 ns, At safepoint: 29861 ns, Total: 117674 ns
[2025-05-08T01:29:37.390+0000][68][info ][safepoint   ] Safepoint "Cleanup", Time since last: 9002966136 ns, Reaching safepoint: 23565 ns, Cleanup: 13150 ns, At safepoint: 8624 ns, Total: 45339 ns
[2025-05-08T01:29:38.391+0000][68][info ][safepoint   ] Safepoint "Cleanup", Time since last: 1000648919 ns, Reaching safepoint: 30580 ns, Cleanup: 16911 ns, At safepoint: 15831 ns, Total: 63322 ns
[2025-05-08T01:29:39.392+0000][68][info ][safepoint   ] Safepoint "Cleanup", Time since last: 1000598236 ns, Reaching safepoint: 17934 ns, Cleanup: 12480 ns, At safepoint: 8006 ns, Total: 38420 ns
[2025-05-08T01:29:42.393+0000][68][info ][safepoint   ] Safepoint "Cleanup", Time since last: 3001034879 ns, Reaching safepoint: 68590 ns, Cleanup: 15909 ns, At safepoint: 16109 ns, Total: 100608 ns
[2025-05-08T01:29:43.394+0000][68][info ][safepoint   ] Safepoint "Cleanup", Time since last: 1000699223 ns, Reaching safepoint: 17854 ns, Cleanup: 11408 ns, At safepoint: 7641 ns, Total: 36903 ns
[2025-05-08T01:29:58.394+0000][68][info ][safepoint   ] Safepoint "Cleanup", Time since last: 15003279475 ns, Reaching safepoint: 84062 ns, Cleanup: 18028 ns, At safepoint: 18628 ns, Total: 120718 ns
[2025-05-08T01:30:08.083+0000][68][info ][safepoint   ] Safepoint "Cleanup", Time since last: 9688533165 ns, Reaching safepoint: 31568 ns, Cleanup: 17042 ns, At safepoint: 16466 ns, Total: 65076 ns
[2025-05-08T01:30:18.086+0000][68][info ][safepoint   ] Safepoint "Cleanup", Time since last: 10002399550 ns, Reaching safepoint: 80723 ns, Cleanup: 17350 ns, At safepoint: 19278 ns, Total: 117351 ns
[2025-05-08T01:30:26.565+0000][68][info ][safepoint   ] Safepoint "Cleanup", Time since last: 8485543745 ns, Reaching safepoint: 143789 ns, Cleanup: 13047 ns, At safepoint: 57328 ns, Total: 214164 ns
[2025-05-08T01:30:28.416+0000][68][info ][safepoint   ] Safepoint "Cleanup", Time since last: 1850830961 ns, Reaching safepoint: 70771 ns, Cleanup: 23956 ns, At safepoint: 18231 ns, Total: 112958 ns
[2025-05-08T01:30:37.418+0000][68][info ][safepoint   ] Safepoint "Cleanup", Time since last: 9002138784 ns, Reaching safepoint: 34265 ns, Cleanup: 16942 ns, At safepoint: 17858 ns, Total: 69065 ns
[2025-05-08T01:30:38.419+0000][68][info ][safepoint   ] Safepoint "Cleanup", Time since last: 1000814078 ns, Reaching safepoint: 36309 ns, Cleanup: 23971 ns, At safepoint: 19540 ns, Total: 79820 ns
[2025-05-08T01:30:39.420+0000][68][info ][safepoint   ] Safepoint "Cleanup", Time since last: 1000646905 ns, Reaching safepoint: 38841 ns, Cleanup: 22305 ns, At safepoint: 18235 ns, Total: 79381 ns
[2025-05-08T01:30:45.421+0000][68][info ][safepoint   ] Safepoint "Cleanup", Time since last: 6001662704 ns, Reaching safepoint: 75593 ns, Cleanup: 24554 ns, At safepoint: 17100 ns, Total: 117247 ns
[2025-05-08T01:30:52.422+0000][68][info ][safepoint   ] Safepoint "Cleanup", Time since last: 7001819639 ns, Reaching safepoint: 41542 ns, Cleanup: 20878 ns, At safepoint: 17685 ns, Total: 80105 ns
[2025-05-08T01:30:58.424+0000][68][info ][safepoint   ] Safepoint "Cleanup", Time since last: 6001610500 ns, Reaching safepoint: 70135 ns, Cleanup: 17320 ns, At safepoint: 30723 ns, Total: 118178 ns
[2025-05-08T01:31:07.116+0000][68][info ][safepoint   ] Safepoint "Cleanup", Time since last: 8692664030 ns, Reaching safepoint: 37754 ns, Cleanup: 19676 ns, At safepoint: 18389 ns, Total: 75819 ns
[2025-05-08T01:31:08.901+0000][68][info ][safepoint   ] Safepoint "Cleanup", Time since last: 1784286690 ns, Reaching safepoint: 21311 ns, Cleanup: 12557 ns, At safepoint: 84957 ns, Total: 118825 ns
[2025-05-08T01:31:10.265+0000][68][info ][safepoint   ] Safepoint "Cleanup", Time since last: 1364185819 ns, Reaching safepoint: 34205 ns, Cleanup: 18730 ns, At safepoint: 17004 ns, Total: 69939 ns
[2025-05-08T01:31:18.267+0000][68][info ][safepoint   ] Safepoint "Cleanup", Time since last: 8002110290 ns, Reaching safepoint: 69177 ns, Cleanup: 19113 ns, At safepoint: 16169 ns, Total: 104459 ns
[2025-05-08T01:31:28.265+0000][68][info ][safepoint   ] Safepoint "Cleanup", Time since last: 10002540283 ns, Reaching safepoint: 33076 ns, Cleanup: 16534 ns, At safepoint: 16811 ns, Total: 66421 ns
[2025-05-08T01:31:29.266+0000][68][info ][safepoint   ] Safepoint "Cleanup", Time since last: 1000719258 ns, Reaching safepoint: 39892 ns, Cleanup: 13751 ns, At safepoint: 8860 ns, Total: 62503 ns
[2025-05-08T01:31:30.448+0000][68][info ][safepoint   ] Safepoint "Cleanup", Time since last: 1181894130 ns, Reaching safepoint: 115567 ns, Cleanup: 19926 ns, At safepoint: 74583 ns, Total: 210076 ns
[2025-05-08T01:31:33.466+0000][68][info ][safepoint   ] Safepoint "Cleanup", Time since last: 3017794027 ns, Reaching safepoint: 37191 ns, Cleanup: 19996 ns, At safepoint: 17772 ns, Total: 74959 ns
[2025-05-08T01:31:42.469+0000][68][info ][safepoint   ] Safepoint "Cleanup", Time since last: 9002641823 ns, Reaching safepoint: 18862 ns, Cleanup: 12925 ns, At safepoint: 7026 ns, Total: 38813 ns
[2025-05-08T01:31:43.469+0000][68][info ][safepoint   ] Safepoint "Cleanup", Time since last: 1000669323 ns, Reaching safepoint: 19203 ns, Cleanup: 14982 ns, At safepoint: 7309 ns, Total: 41494 ns
[2025-05-08T01:31:45.471+0000][68][info ][safepoint   ] Safepoint "Cleanup", Time since last: 2000889950 ns, Reaching safepoint: 71846 ns, Cleanup: 24865 ns, At safepoint: 30709 ns, Total: 127420 ns
[2025-05-08T01:31:54.470+0000][68][info ][safepoint   ] Safepoint "Cleanup", Time since last: 9002545523 ns, Reaching safepoint: 33110 ns, Cleanup: 17414 ns, At safepoint: 17365 ns, Total: 67889 ns
[2025-05-08T01:31:55.471+0000][68][info ][safepoint   ] Safepoint "Cleanup", Time since last: 1000852555 ns, Reaching safepoint: 34160 ns, Cleanup: 16562 ns, At safepoint: 16468 ns, Total: 67190 ns
[2025-05-08T01:32:03.473+0000][68][info ][safepoint   ] Safepoint "Cleanup", Time since last: 8002382279 ns, Reaching safepoint: 71021 ns, Cleanup: 17439 ns, At safepoint: 16939 ns, Total: 105399 ns
[2025-05-08T01:32:08.151+0000][68][info ][safepoint   ] Safepoint "Cleanup", Time since last: 4677899349 ns, Reaching safepoint: 35295 ns, Cleanup: 23295 ns, At safepoint: 17578 ns, Total: 76168 ns
[2025-05-08T01:32:17.153+0000][68][info ][safepoint   ] Safepoint "Cleanup", Time since last: 9002164939 ns, Reaching safepoint: 44658 ns, Cleanup: 14995 ns, At safepoint: 8057 ns, Total: 67710 ns
[2025-05-08T01:32:18.154+0000][68][info ][safepoint   ] Safepoint "Cleanup", Time since last: 1000572188 ns, Reaching safepoint: 19900 ns, Cleanup: 15836 ns, At safepoint: 7715 ns, Total: 43451 ns
[2025-05-08T01:32:27.152+0000][68][info ][safepoint   ] Safepoint "Cleanup", Time since last: 9001412450 ns, Reaching safepoint: 24432 ns, Cleanup: 12698 ns, At safepoint: 7894 ns, Total: 45024 ns
[2025-05-08T01:32:28.320+0000][68][info ][safepoint   ] Safepoint "Cleanup", Time since last: 1167643986 ns, Reaching safepoint: 19798 ns, Cleanup: 35231 ns, At safepoint: 73580 ns, Total: 128609 ns
[2025-05-08T01:32:32.976+0000][68][info ][safepoint   ] Safepoint "Cleanup", Time since last: 4656085858 ns, Reaching safepoint: 6711 ns, Cleanup: 10159 ns, At safepoint: 14499 ns, Total: 31369 ns
[2025-05-08T01:32:35.505+0000][68][info ][safepoint   ] Safepoint "Cleanup", Time since last: 2529301352 ns, Reaching safepoint: 36044 ns, Cleanup: 17266 ns, At safepoint: 17053 ns, Total: 70363 ns
[2025-05-08T01:32:37.506+0000][68][info ][safepoint   ] Safepoint "Cleanup", Time since last: 2000970541 ns, Reaching safepoint: 37827 ns, Cleanup: 21813 ns, At safepoint: 18650 ns, Total: 78290 ns
[2025-05-08T01:32:38.507+0000][68][info ][safepoint   ] Safepoint "Cleanup", Time since last: 1000763116 ns, Reaching safepoint: 33211 ns, Cleanup: 18942 ns, At safepoint: 15198 ns, Total: 67351 ns
[2025-05-08T01:33:06.184+0000][68][info ][safepoint   ] Safepoint "Cleanup", Time since last: 27679903843 ns, Reaching safepoint: 34495 ns, Cleanup: 16258 ns, At safepoint: 17221 ns, Total: 67974 ns
[2025-05-08T01:33:07.184+0000][68][info ][safepoint   ] Safepoint "Cleanup", Time since last: 1000658188 ns, Reaching safepoint: 19430 ns, Cleanup: 12276 ns, At safepoint: 7748 ns, Total: 39454 ns
[2025-05-08T01:33:13.186+0000][68][info ][safepoint   ] Safepoint "Cleanup", Time since last: 6001759023 ns, Reaching safepoint: 35137 ns, Cleanup: 20376 ns, At safepoint: 16620 ns, Total: 72133 ns
[2025-05-08T01:33:18.188+0000][68][info ][safepoint   ] Safepoint "Cleanup", Time since last: 5001710802 ns, Reaching safepoint: 69852 ns, Cleanup: 17028 ns, At safepoint: 16848 ns, Total: 103728 ns
[2025-05-08T01:33:26.186+0000][68][info ][safepoint   ] Safepoint "Cleanup", Time since last: 8001844085 ns, Reaching safepoint: 22259 ns, Cleanup: 13570 ns, At safepoint: 7869 ns, Total: 43698 ns
[2025-05-08T01:33:29.187+0000][68][info ][safepoint   ] Safepoint "Cleanup", Time since last: 3001103081 ns, Reaching safepoint: 17958 ns, Cleanup: 13513 ns, At safepoint: 7446 ns, Total: 38917 ns
[2025-05-08T01:33:35.497+0000][68][info ][safepoint   ] Safepoint "Cleanup", Time since last: 6309839533 ns, Reaching safepoint: 24448 ns, Cleanup: 36503 ns, At safepoint: 84253 ns, Total: 145204 ns
[2025-05-08T01:33:36.525+0000][68][info ][safepoint   ] Safepoint "Cleanup", Time since last: 1027308764 ns, Reaching safepoint: 27146 ns, Cleanup: 24192 ns, At safepoint: 74395 ns, Total: 125733 ns
[2025-05-08T01:33:37.545+0000][68][info ][safepoint   ] Safepoint "Cleanup", Time since last: 1020523102 ns, Reaching safepoint: 34960 ns, Cleanup: 32862 ns, At safepoint: 17918 ns, Total: 85740 ns
[2025-05-08T01:33:38.546+0000][68][info ][safepoint   ] Safepoint "Cleanup", Time since last: 1000566941 ns, Reaching safepoint: 19117 ns, Cleanup: 14652 ns, At safepoint: 7640 ns, Total: 41409 ns
[2025-05-08T01:33:41.567+0000][68][info ][safepoint   ] Safepoint "Cleanup", Time since last: 3020957111 ns, Reaching safepoint: 30895 ns, Cleanup: 14131 ns, At safepoint: 72412 ns, Total: 117438 ns
[2025-05-08T01:33:42.568+0000][68][info ][safepoint   ] Safepoint "Cleanup", Time since last: 1000700797 ns, Reaching safepoint: 18078 ns, Cleanup: 22493 ns, At safepoint: 21612 ns, Total: 62183 ns
[2025-05-08T01:33:43.575+0000][68][info ][safepoint   ] Safepoint "Cleanup", Time since last: 1007348949 ns, Reaching safepoint: 33953 ns, Cleanup: 25191 ns, At safepoint: 16651 ns, Total: 75795 ns
[2025-05-08T01:33:50.577+0000][68][info ][safepoint   ] Safepoint "Cleanup", Time since last: 7001721088 ns, Reaching safepoint: 221425 ns, Cleanup: 19693 ns, At safepoint: 21192 ns, Total: 262310 ns
[2025-05-08T01:33:53.408+0000][68][info ][safepoint   ] Safepoint "Cleanup", Time since last: 2833439548 ns, Reaching safepoint: 26864 ns, Cleanup: 12642 ns, At safepoint: 67460 ns, Total: 106966 ns
[2025-05-08T01:33:54.412+0000][68][info ][safepoint   ] Safepoint "Cleanup", Time since last: 1004056442 ns, Reaching safepoint: 32351 ns, Cleanup: 15543 ns, At safepoint: 15231 ns, Total: 63125 ns
[2025-05-08T01:33:58.414+0000][68][info ][safepoint   ] Safepoint "Cleanup", Time since last: 4001276112 ns, Reaching safepoint: 32618 ns, Cleanup: 16921 ns, At safepoint: 11329 ns, Total: 60868 ns
[2025-05-08T01:34:09.221+0000][68][info ][safepoint   ] Safepoint "Cleanup", Time since last: 10807745384 ns, Reaching safepoint: 34445 ns, Cleanup: 23466 ns, At safepoint: 16741 ns, Total: 74652 ns
[2025-05-08T01:34:13.223+0000][68][info ][safepoint   ] Safepoint "Cleanup", Time since last: 4001712579 ns, Reaching safepoint: 33650 ns, Cleanup: 18187 ns, At safepoint: 16616 ns, Total: 68453 ns
[2025-05-08T01:34:25.222+0000][68][info ][safepoint   ] Safepoint "Cleanup", Time since last: 12002461318 ns, Reaching safepoint: 62642 ns, Cleanup: 15018 ns, At safepoint: 9372 ns, Total: 87032 ns
[2025-05-08T01:34:27.224+0000][68][info ][safepoint   ] Safepoint "Cleanup", Time since last: 2001466510 ns, Reaching safepoint: 19535 ns, Cleanup: 12258 ns, At safepoint: 7926 ns, Total: 39719 ns
[2025-05-08T01:34:38.226+0000][68][info ][safepoint   ] Safepoint "Cleanup", Time since last: 11002000575 ns, Reaching safepoint: 18692 ns, Cleanup: 11834 ns, At safepoint: 6347 ns, Total: 36873 ns
[2025-05-08T01:34:39.593+0000][68][info ][safepoint   ] Safepoint "Cleanup", Time since last: 1366989877 ns, Reaching safepoint: 31726 ns, Cleanup: 34340 ns, At safepoint: 16457 ns, Total: 82523 ns
[2025-05-08T01:34:40.631+0000][68][info ][safepoint   ] Safepoint "Cleanup", Time since last: 1038473573 ns, Reaching safepoint: 6497 ns, Cleanup: 12502 ns, At safepoint: 2972 ns, Total: 21971 ns
[2025-05-08T01:34:48.636+0000][68][info ][safepoint   ] Safepoint "Cleanup", Time since last: 8004499075 ns, Reaching safepoint: 70701 ns, Cleanup: 16733 ns, At safepoint: 30244 ns, Total: 117678 ns
[2025-05-08T01:34:56.635+0000][68][info ][safepoint   ] Safepoint "Cleanup", Time since last: 8002172440 ns, Reaching safepoint: 34059 ns, Cleanup: 14882 ns, At safepoint: 10707 ns, Total: 59648 ns
[2025-05-08T01:35:09.257+0000][68][info ][safepoint   ] Safepoint "Cleanup", Time since last: 12622412671 ns, Reaching safepoint: 34809 ns, Cleanup: 16918 ns, At safepoint: 16459 ns, Total: 68186 ns
[2025-05-08T01:35:28.258+0000][68][info ][safepoint   ] Safepoint "Cleanup", Time since last: 19003898742 ns, Reaching safepoint: 79483 ns, Cleanup: 19801 ns, At safepoint: 18909 ns, Total: 118193 ns
[2025-05-08T01:35:33.260+0000][68][info ][safepoint   ] Safepoint "Cleanup", Time since last: 5001680533 ns, Reaching safepoint: 33253 ns, Cleanup: 21049 ns, At safepoint: 16375 ns, Total: 70677 ns
[2025-05-08T01:35:38.261+0000][68][info ][safepoint   ] Safepoint "Cleanup", Time since last: 5001418312 ns, Reaching safepoint: 21884 ns, Cleanup: 26096 ns, At safepoint: 8123 ns, Total: 56103 ns
[2025-05-08T01:35:39.262+0000][68][info ][safepoint   ] Safepoint "Cleanup", Time since last: 1000846718 ns, Reaching safepoint: 31597 ns, Cleanup: 16822 ns, At safepoint: 15812 ns, Total: 64231 ns
[2025-05-08T01:35:43.670+0000][68][info ][safepoint   ] Safepoint "Cleanup", Time since last: 4408288172 ns, Reaching safepoint: 32155 ns, Cleanup: 16084 ns, At safepoint: 16228 ns, Total: 64467 ns
[2025-05-08T01:35:44.671+0000][68][info ][safepoint   ] Safepoint "Cleanup", Time since last: 1000688158 ns, Reaching safepoint: 19208 ns, Cleanup: 12377 ns, At safepoint: 7388 ns, Total: 38973 ns
[2025-05-08T01:35:48.672+0000][68][info ][safepoint   ] Safepoint "Cleanup", Time since last: 4001149605 ns, Reaching safepoint: 21506 ns, Cleanup: 13331 ns, At safepoint: 7719 ns, Total: 42556 ns
[2025-05-08T01:35:52.670+0000][68][info ][safepoint   ] Safepoint "Cleanup", Time since last: 4001374595 ns, Reaching safepoint: 72611 ns, Cleanup: 16541 ns, At safepoint: 17571 ns, Total: 106723 ns
[2025-05-08T01:35:53.671+0000][68][info ][safepoint   ] Safepoint "Cleanup", Time since last: 1000919382 ns, Reaching safepoint: 31881 ns, Cleanup: 16705 ns, At safepoint: 16045 ns, Total: 64631 ns
[2025-05-08T01:36:08.292+0000][68][info ][safepoint   ] Safepoint "Cleanup", Time since last: 14620510328 ns, Reaching safepoint: 67414 ns, Cleanup: 22803 ns, At safepoint: 16825 ns, Total: 107042 ns
[2025-05-08T01:36:24.292+0000][68][info ][safepoint   ] Safepoint "Cleanup", Time since last: 16003658683 ns, Reaching safepoint: 72819 ns, Cleanup: 24772 ns, At safepoint: 16931 ns, Total: 114522 ns
[2025-05-08T01:36:28.293+0000][68][info ][safepoint   ] Safepoint "Cleanup", Time since last: 4001424110 ns, Reaching safepoint: 34074 ns, Cleanup: 19067 ns, At safepoint: 16231 ns, Total: 69372 ns
[2025-05-08T01:36:34.295+0000][68][info ][safepoint   ] Safepoint "Cleanup", Time since last: 6001598558 ns, Reaching safepoint: 24620 ns, Cleanup: 14511 ns, At safepoint: 9470 ns, Total: 48601 ns
[2025-05-08T01:36:37.296+0000][68][info ][safepoint   ] Safepoint "Cleanup", Time since last: 3000961339 ns, Reaching safepoint: 68681 ns, Cleanup: 58113 ns, At safepoint: 16290 ns, Total: 143084 ns
[2025-05-08T01:36:38.297+0000][68][info ][safepoint   ] Safepoint "Cleanup", Time since last: 1000751321 ns, Reaching safepoint: 92817 ns, Cleanup: 18198 ns, At safepoint: 18795 ns, Total: 129810 ns
[2025-05-08T01:36:39.297+0000][68][info ][safepoint   ] Safepoint "Cleanup", Time since last: 1000656864 ns, Reaching safepoint: 34734 ns, Cleanup: 17816 ns, At safepoint: 18078 ns, Total: 70628 ns
[2025-05-08T01:36:43.299+0000][68][info ][safepoint   ] Safepoint "Cleanup", Time since last: 4001125835 ns, Reaching safepoint: 19938 ns, Cleanup: 13864 ns, At safepoint: 8117 ns, Total: 41919 ns
[2025-05-08T01:36:44.540+0000][68][info ][safepoint   ] Safepoint "Cleanup", Time since last: 1241600265 ns, Reaching safepoint: 6247 ns, Cleanup: 8050 ns, At safepoint: 3379 ns, Total: 17676 ns
[2025-05-08T01:36:45.716+0000][68][info ][safepoint   ] Safepoint "Cleanup", Time since last: 1175735160 ns, Reaching safepoint: 23007 ns, Cleanup: 16903 ns, At safepoint: 9626 ns, Total: 49536 ns
[2025-05-08T01:36:46.730+0000][68][info ][safepoint   ] Safepoint "Cleanup", Time since last: 1013665734 ns, Reaching safepoint: 34783 ns, Cleanup: 17328 ns, At safepoint: 17596 ns, Total: 69707 ns
[2025-05-08T01:36:48.731+0000][68][info ][safepoint   ] Safepoint "Cleanup", Time since last: 2001006266 ns, Reaching safepoint: 31819 ns, Cleanup: 19762 ns, At safepoint: 16339 ns, Total: 67920 ns
[2025-05-08T01:36:53.729+0000][68][info ][safepoint   ] Safepoint "Cleanup", Time since last: 5001290115 ns, Reaching safepoint: 69803 ns, Cleanup: 19127 ns, At safepoint: 16023 ns, Total: 104953 ns
[2025-05-08T01:36:58.730+0000][68][info ][safepoint   ] Safepoint "Cleanup", Time since last: 5001249797 ns, Reaching safepoint: 33607 ns, Cleanup: 23086 ns, At safepoint: 16674 ns, Total: 73367 ns
[2025-05-08T01:37:06.327+0000][68][info ][safepoint   ] Safepoint "Cleanup", Time since last: 7596546294 ns, Reaching safepoint: 36238 ns, Cleanup: 16380 ns, At safepoint: 16934 ns, Total: 69552 ns
[2025-05-08T01:37:18.329+0000][68][info ][safepoint   ] Safepoint "Cleanup", Time since last: 12002502016 ns, Reaching safepoint: 19224 ns, Cleanup: 12851 ns, At safepoint: 8432 ns, Total: 40507 ns
[2025-05-08T01:37:32.548+0000][68][info ][safepoint   ] Safepoint "Cleanup", Time since last: 14221824113 ns, Reaching safepoint: 125502 ns, Cleanup: 12189 ns, At safepoint: 45994 ns, Total: 183685 ns
[2025-05-08T01:37:33.549+0000][68][info ][safepoint   ] Safepoint "Cleanup", Time since last: 1000698595 ns, Reaching safepoint: 17220 ns, Cleanup: 12207 ns, At safepoint: 36299 ns, Total: 65726 ns
[2025-05-08T01:37:35.550+0000][68][info ][safepoint   ] Safepoint "Cleanup", Time since last: 2000792731 ns, Reaching safepoint: 31821 ns, Cleanup: 17991 ns, At safepoint: 78210 ns, Total: 128022 ns
[2025-05-08T01:37:38.551+0000][68][info ][safepoint   ] Safepoint "Cleanup", Time since last: 3000986902 ns, Reaching safepoint: 40961 ns, Cleanup: 17641 ns, At safepoint: 8035 ns, Total: 66637 ns
[2025-05-08T01:37:43.552+0000][68][info ][safepoint   ] Safepoint "Cleanup", Time since last: 5001148280 ns, Reaching safepoint: 19088 ns, Cleanup: 13117 ns, At safepoint: 7872 ns, Total: 40077 ns
[2025-05-08T01:37:47.766+0000][68][info ][safepoint   ] Safepoint "Cleanup", Time since last: 4213881736 ns, Reaching safepoint: 6496 ns, Cleanup: 7615 ns, At safepoint: 13485 ns, Total: 27596 ns
[2025-05-08T01:38:03.793+0000][68][info ][safepoint   ] Safepoint "Cleanup", Time since last: 16030771235 ns, Reaching safepoint: 76403 ns, Cleanup: 16444 ns, At safepoint: 16806 ns, Total: 109653 ns
[2025-05-08T01:38:32.514+0000][68][info ][safepoint   ] Safepoint "Cleanup", Time since last: 28724148249 ns, Reaching safepoint: 13639 ns, Cleanup: 9795 ns, At safepoint: 18769 ns, Total: 42203 ns
[2025-05-08T01:38:33.825+0000][68][info ][safepoint   ] Safepoint "Cleanup", Time since last: 1311052675 ns, Reaching safepoint: 34639 ns, Cleanup: 29030 ns, At safepoint: 16622 ns, Total: 80291 ns
[2025-05-08T01:38:37.827+0000][68][info ][safepoint   ] Safepoint "Cleanup", Time since last: 4001241097 ns, Reaching safepoint: 34768 ns, Cleanup: 19626 ns, At safepoint: 17426 ns, Total: 71820 ns
[2025-05-08T01:38:44.538+0000][68][info ][safepoint   ] Safepoint "Cleanup", Time since last: 6711253603 ns, Reaching safepoint: 23551 ns, Cleanup: 8945 ns, At safepoint: 14404 ns, Total: 46900 ns
[2025-05-08T01:38:45.861+0000][68][info ][safepoint   ] Safepoint "Cleanup", Time since last: 1322403800 ns, Reaching safepoint: 30650 ns, Cleanup: 23055 ns, At safepoint: 16186 ns, Total: 69891 ns
[2025-05-08T01:38:50.917+0000][68][info ][safepoint   ] Safepoint "Cleanup", Time since last: 5056046213 ns, Reaching safepoint: 26420 ns, Cleanup: 13500 ns, At safepoint: 131856 ns, Total: 171776 ns
[2025-05-08T01:38:52.846+0000][68][info ][safepoint   ] Safepoint "Cleanup", Time since last: 1931593746 ns, Reaching safepoint: 494843 ns, Cleanup: 16151 ns, At safepoint: 151900 ns, Total: 662894 ns
[2025-05-08T01:38:58.878+0000][68][info ][safepoint   ] Safepoint "Cleanup", Time since last: 6031772775 ns, Reaching safepoint: 68204 ns, Cleanup: 15855 ns, At safepoint: 15914 ns, Total: 99973 ns
[2025-05-08T01:38:59.878+0000][68][info ][safepoint   ] Safepoint "Cleanup", Time since last: 1000730089 ns, Reaching safepoint: 18831 ns, Cleanup: 12648 ns, At safepoint: 7221 ns, Total: 38700 ns
[2025-05-08T01:39:02.488+0000][68][info ][gc,start    ] GC(18) Pause Young (Prepare Mixed) (G1 Evacuation Pause)
[2025-05-08T01:39:02.489+0000][68][info ][gc,task     ] GC(18) Using 10 workers of 10 for evacuation
[2025-05-08T01:39:02.490+0000][68][debug][gc,age      ] GC(18) Desired survivor size 54525952 bytes, new threshold 15 (max threshold 15)
[2025-05-08T01:39:02.511+0000][68][info ][gc,phases   ] GC(18)   Pre Evacuate Collection Set: 5.63ms
[2025-05-08T01:39:02.512+0000][68][info ][gc,phases   ] GC(18)   Merge Heap Roots: 0.41ms
[2025-05-08T01:39:02.512+0000][68][info ][gc,phases   ] GC(18)   Evacuate Collection Set: 12.55ms
[2025-05-08T01:39:02.513+0000][68][info ][gc,phases   ] GC(18)   Post Evacuate Collection Set: 2.19ms
[2025-05-08T01:39:02.514+0000][68][info ][gc,phases   ] GC(18)   Other: 1.08ms
[2025-05-08T01:39:02.514+0000][68][trace][gc,age      ] GC(18) Age table with threshold 15 (max threshold 15)
[2025-05-08T01:39:02.515+0000][68][trace][gc,age      ] GC(18) - age   1:    2558056 bytes,    2558056 total
[2025-05-08T01:39:02.515+0000][68][trace][gc,age      ] GC(18) - age   2:     662128 bytes,    3220184 total
[2025-05-08T01:39:02.516+0000][68][trace][gc,age      ] GC(18) - age   3:    3596400 bytes,    6816584 total
[2025-05-08T01:39:02.516+0000][68][info ][gc,heap     ] GC(18) Eden regions: 201->0(285)
[2025-05-08T01:39:02.517+0000][68][info ][gc,heap     ] GC(18) Survivor regions: 4->3(26)
[2025-05-08T01:39:02.517+0000][68][info ][gc,heap     ] GC(18) Old regions: 29->29
[2025-05-08T01:39:02.518+0000][68][info ][gc,heap     ] GC(18) Humongous regions: 0->0
[2025-05-08T01:39:02.518+0000][68][info ][gc,metaspace] GC(18) Metaspace: 149351K(153408K)->149351K(153408K) NonClass: 129017K(131200K)->129017K(131200K) Class: 20334K(22208K)->20334K(22208K)
[2025-05-08T01:39:02.519+0000][68][info ][gc          ] GC(18) Pause Young (Prepare Mixed) (G1 Evacuation Pause) 929M->121M(3880M) 30.194ms
[2025-05-08T01:39:02.519+0000][68][info ][gc,cpu      ] GC(18) User=0.15s Sys=0.01s Real=0.03s
[2025-05-08T01:39:02.520+0000][68][info ][safepoint   ] Safepoint "G1CollectForAllocation", Time since last: 2608638369 ns, Reaching safepoint: 30609 ns, Cleanup: 14995 ns, At safepoint: 32769902 ns, Total: 32815506 ns
[2025-05-08T01:39:09.397+0000][68][info ][safepoint   ] Safepoint "Cleanup", Time since last: 6876957883 ns, Reaching safepoint: 35761 ns, Cleanup: 18750 ns, At safepoint: 17450 ns, Total: 71961 ns
[2025-05-08T01:39:33.399+0000][68][info ][safepoint   ] Safepoint "Cleanup", Time since last: 24004707959 ns, Reaching safepoint: 32453 ns, Cleanup: 17644 ns, At safepoint: 16051 ns, Total: 66148 ns
[2025-05-08T01:39:39.400+0000][68][info ][safepoint   ] Safepoint "Cleanup", Time since last: 6001504378 ns, Reaching safepoint: 18836 ns, Cleanup: 12684 ns, At safepoint: 7746 ns, Total: 39266 ns
[2025-05-08T01:39:40.401+0000][68][info ][safepoint   ] Safepoint "Cleanup", Time since last: 1000534059 ns, Reaching safepoint: 65152 ns, Cleanup: 15839 ns, At safepoint: 30077 ns, Total: 111068 ns
[2025-05-08T01:39:45.402+0000][68][info ][safepoint   ] Safepoint "Cleanup", Time since last: 5001357860 ns, Reaching safepoint: 32943 ns, Cleanup: 17632 ns, At safepoint: 16647 ns, Total: 67222 ns
[2025-05-08T01:39:46.403+0000][68][info ][safepoint   ] Safepoint "Cleanup", Time since last: 1000752555 ns, Reaching safepoint: 32051 ns, Cleanup: 18083 ns, At safepoint: 16410 ns, Total: 66544 ns
[2025-05-08T01:39:51.404+0000][68][info ][safepoint   ] Safepoint "Cleanup", Time since last: 5001387408 ns, Reaching safepoint: 19727 ns, Cleanup: 13028 ns, At safepoint: 8039 ns, Total: 40794 ns
[2025-05-08T01:39:53.586+0000][68][info ][safepoint   ] Safepoint "Cleanup", Time since last: 2183795401 ns, Reaching safepoint: 297536 ns, Cleanup: 21853 ns, At safepoint: 209393 ns, Total: 528782 ns
[2025-05-08T01:39:54.974+0000][68][info ][safepoint   ] Safepoint "Cleanup", Time since last: 1388635889 ns, Reaching safepoint: 32165 ns, Cleanup: 33454 ns, At safepoint: 16577 ns, Total: 82196 ns
[2025-05-08T01:39:55.975+0000][68][info ][safepoint   ] Safepoint "Cleanup", Time since last: 1000805737 ns, Reaching safepoint: 64699 ns, Cleanup: 20767 ns, At safepoint: 29824 ns, Total: 115290 ns
[2025-05-08T01:39:56.976+0000][68][info ][safepoint   ] Safepoint "Cleanup", Time since last: 1000704488 ns, Reaching safepoint: 31935 ns, Cleanup: 21486 ns, At safepoint: 16055 ns, Total: 69476 ns
[2025-05-08T01:40:08.433+0000][68][info ][safepoint   ] Safepoint "Cleanup", Time since last: 11457284517 ns, Reaching safepoint: 33060 ns, Cleanup: 16100 ns, At safepoint: 16334 ns, Total: 65494 ns
[2025-05-08T01:40:09.434+0000][68][info ][safepoint   ] Safepoint "Cleanup", Time since last: 1000754890 ns, Reaching safepoint: 32238 ns, Cleanup: 20171 ns, At safepoint: 16164 ns, Total: 68573 ns
[2025-05-08T01:40:12.435+0000][68][info ][safepoint   ] Safepoint "Cleanup", Time since last: 3000884610 ns, Reaching safepoint: 35626 ns, Cleanup: 20361 ns, At safepoint: 12251 ns, Total: 68238 ns
[2025-05-08T01:40:16.436+0000][68][info ][safepoint   ] Safepoint "Cleanup", Time since last: 4001144050 ns, Reaching safepoint: 35253 ns, Cleanup: 22476 ns, At safepoint: 17989 ns, Total: 75718 ns
[2025-05-08T01:40:17.648+0000][68][info ][safepoint   ] Safepoint "Cleanup", Time since last: 1211870604 ns, Reaching safepoint: 13880 ns, Cleanup: 20926 ns, At safepoint: 80665 ns, Total: 115471 ns
[2025-05-08T01:40:19.666+0000][68][info ][safepoint   ] Safepoint "Cleanup", Time since last: 2017817872 ns, Reaching safepoint: 33319 ns, Cleanup: 19995 ns, At safepoint: 16702 ns, Total: 70016 ns
[2025-05-08T01:40:25.665+0000][68][info ][safepoint   ] Safepoint "Cleanup", Time since last: 6001678339 ns, Reaching safepoint: 34067 ns, Cleanup: 22420 ns, At safepoint: 16329 ns, Total: 72816 ns
[2025-05-08T01:40:49.670+0000][68][info ][safepoint   ] Safepoint "Cleanup", Time since last: 24004854865 ns, Reaching safepoint: 55751 ns, Cleanup: 11853 ns, At safepoint: 7832 ns, Total: 75436 ns
[2025-05-08T01:40:52.667+0000][68][info ][safepoint   ] Safepoint "Cleanup", Time since last: 3001045647 ns, Reaching safepoint: 17675 ns, Cleanup: 14268 ns, At safepoint: 7017 ns, Total: 38960 ns
[2025-05-08T01:40:56.516+0000][68][info ][safepoint   ] Safepoint "Cleanup", Time since last: 3848526260 ns, Reaching safepoint: 5886 ns, Cleanup: 8308 ns, At safepoint: 3148 ns, Total: 17342 ns
[2025-05-08T01:40:58.016+0000][68][info ][safepoint   ] Safepoint "Cleanup", Time since last: 1500327889 ns, Reaching safepoint: 41991 ns, Cleanup: 14767 ns, At safepoint: 6930 ns, Total: 63688 ns
[2025-05-08T01:41:08.468+0000][68][info ][safepoint   ] Safepoint "Cleanup", Time since last: 10451873537 ns, Reaching safepoint: 20140 ns, Cleanup: 12209 ns, At safepoint: 7321 ns, Total: 39670 ns
[2025-05-08T01:41:38.471+0000][68][info ][safepoint   ] Safepoint "Cleanup", Time since last: 30005689642 ns, Reaching safepoint: 52610 ns, Cleanup: 13152 ns, At safepoint: 7316 ns, Total: 73078 ns
[2025-05-08T01:41:59.520+0000][68][info ][safepoint   ] Safepoint "Cleanup", Time since last: 21052210868 ns, Reaching safepoint: 27298 ns, Cleanup: 12861 ns, At safepoint: 158428 ns, Total: 198587 ns
[2025-05-08T01:42:01.051+0000][68][info ][safepoint   ] Safepoint "Cleanup", Time since last: 1530451152 ns, Reaching safepoint: 33008 ns, Cleanup: 16527 ns, At safepoint: 15448 ns, Total: 64983 ns
[2025-05-08T01:42:10.505+0000][68][info ][safepoint   ] Safepoint "Cleanup", Time since last: 9453939081 ns, Reaching safepoint: 32553 ns, Cleanup: 16790 ns, At safepoint: 15836 ns, Total: 65179 ns
[2025-05-08T01:42:11.506+0000][68][info ][safepoint   ] Safepoint "Cleanup", Time since last: 1000849586 ns, Reaching safepoint: 18739 ns, Cleanup: 12676 ns, At safepoint: 30059 ns, Total: 61474 ns
[2025-05-08T01:42:13.507+0000][68][info ][safepoint   ] Safepoint "Cleanup", Time since last: 2000738139 ns, Reaching safepoint: 35819 ns, Cleanup: 20640 ns, At safepoint: 17973 ns, Total: 74432 ns
[2025-05-08T01:42:23.506+0000][68][info ][safepoint   ] Safepoint "Cleanup", Time since last: 10001640368 ns, Reaching safepoint: 20764 ns, Cleanup: 17464 ns, At safepoint: 8707 ns, Total: 46935 ns
[2025-05-08T01:42:25.507+0000][68][info ][safepoint   ] Safepoint "Cleanup", Time since last: 2000958004 ns, Reaching safepoint: 32659 ns, Cleanup: 21987 ns, At safepoint: 17043 ns, Total: 71689 ns
[2025-05-08T01:42:26.507+0000][68][info ][safepoint   ] Safepoint "Cleanup", Time since last: 1000810335 ns, Reaching safepoint: 18381 ns, Cleanup: 37939 ns, At safepoint: 30061 ns, Total: 86381 ns
[2025-05-08T01:42:28.508+0000][68][info ][safepoint   ] Safepoint "Cleanup", Time since last: 2000800473 ns, Reaching safepoint: 32422 ns, Cleanup: 27888 ns, At safepoint: 48004 ns, Total: 108314 ns
[2025-05-08T01:42:29.509+0000][68][info ][safepoint   ] Safepoint "Cleanup", Time since last: 1000700059 ns, Reaching safepoint: 41879 ns, Cleanup: 13094 ns, At safepoint: 7301 ns, Total: 62274 ns
[2025-05-08T01:42:38.511+0000][68][info ][safepoint   ] Safepoint "Cleanup", Time since last: 9001937565 ns, Reaching safepoint: 28149 ns, Cleanup: 19002 ns, At safepoint: 10954 ns, Total: 58105 ns
[2025-05-08T01:42:41.512+0000][68][info ][safepoint   ] Safepoint "Cleanup", Time since last: 3001038630 ns, Reaching safepoint: 34521 ns, Cleanup: 16361 ns, At safepoint: 17163 ns, Total: 68045 ns
[2025-05-08T01:42:44.513+0000][68][info ][safepoint   ] Safepoint "Cleanup", Time since last: 3000951323 ns, Reaching safepoint: 19490 ns, Cleanup: 12927 ns, At safepoint: 8523 ns, Total: 40940 ns
[2025-05-08T01:43:02.508+0000][68][info ][safepoint   ] Safepoint "Cleanup", Time since last: 17997253319 ns, Reaching safepoint: 15067 ns, Cleanup: 13822 ns, At safepoint: 65842 ns, Total: 94731 ns
[2025-05-08T01:43:08.539+0000][68][info ][safepoint   ] Safepoint "Cleanup", Time since last: 6031252753 ns, Reaching safepoint: 31593 ns, Cleanup: 18429 ns, At safepoint: 16542 ns, Total: 66564 ns
[2025-05-08T01:43:23.540+0000][68][info ][safepoint   ] Safepoint "Cleanup", Time since last: 15003003424 ns, Reaching safepoint: 45356 ns, Cleanup: 12943 ns, At safepoint: 7863 ns, Total: 66162 ns
[2025-05-08T01:43:28.541+0000][68][info ][safepoint   ] Safepoint "Cleanup", Time since last: 5001511812 ns, Reaching safepoint: 31822 ns, Cleanup: 15838 ns, At safepoint: 15988 ns, Total: 63648 ns
[2025-05-08T01:43:30.542+0000][68][info ][safepoint   ] Safepoint "Cleanup", Time since last: 2001210368 ns, Reaching safepoint: 35158 ns, Cleanup: 18667 ns, At safepoint: 16289 ns, Total: 70114 ns
[2025-05-08T01:43:37.545+0000][68][info ][safepoint   ] Safepoint "Cleanup", Time since last: 7002163849 ns, Reaching safepoint: 67077 ns, Cleanup: 16971 ns, At safepoint: 16773 ns, Total: 100821 ns
[2025-05-08T01:43:38.545+0000][68][info ][safepoint   ] Safepoint "Cleanup", Time since last: 1000643598 ns, Reaching safepoint: 20996 ns, Cleanup: 13473 ns, At safepoint: 8422 ns, Total: 42891 ns
[2025-05-08T01:43:45.547+0000][68][info ][safepoint   ] Safepoint "Cleanup", Time since last: 7001692069 ns, Reaching safepoint: 24455 ns, Cleanup: 13749 ns, At safepoint: 8922 ns, Total: 47126 ns
[2025-05-08T01:43:46.548+0000][68][info ][safepoint   ] Safepoint "Cleanup", Time since last: 1000683284 ns, Reaching safepoint: 37589 ns, Cleanup: 12797 ns, At safepoint: 25952 ns, Total: 76338 ns
[2025-05-08T01:43:48.101+0000][68][info ][safepoint   ] Safepoint "Cleanup", Time since last: 1552786141 ns, Reaching safepoint: 14911 ns, Cleanup: 26739 ns, At safepoint: 84776 ns, Total: 126426 ns
[2025-05-08T01:43:49.110+0000][68][info ][safepoint   ] Safepoint "Cleanup", Time since last: 1009130684 ns, Reaching safepoint: 31886 ns, Cleanup: 16887 ns, At safepoint: 15915 ns, Total: 64688 ns
[2025-05-08T01:43:53.741+0000][68][info ][safepoint   ] Safepoint "Cleanup", Time since last: 4633829556 ns, Reaching safepoint: 23836 ns, Cleanup: 11335 ns, At safepoint: 70945 ns, Total: 106116 ns
[2025-05-08T01:44:06.157+0000][68][info ][safepoint   ] Safepoint "Cleanup", Time since last: 12415906106 ns, Reaching safepoint: 8339 ns, Cleanup: 7885 ns, At safepoint: 14902 ns, Total: 31126 ns
[2025-05-08T01:44:07.162+0000][68][info ][safepoint   ] Safepoint "Cleanup", Time since last: 1005160238 ns, Reaching safepoint: 27347 ns, Cleanup: 24133 ns, At safepoint: 71088 ns, Total: 122568 ns
[2025-05-08T01:44:30.167+0000][68][info ][safepoint   ] Safepoint "Cleanup", Time since last: 23006928772 ns, Reaching safepoint: 36275 ns, Cleanup: 21138 ns, At safepoint: 17324 ns, Total: 74737 ns
[2025-05-08T01:44:38.169+0000][68][info ][safepoint   ] Safepoint "Cleanup", Time since last: 8001921287 ns, Reaching safepoint: 22821 ns, Cleanup: 15074 ns, At safepoint: 9192 ns, Total: 47087 ns
[2025-05-08T01:44:41.170+0000][68][info ][safepoint   ] Safepoint "Cleanup", Time since last: 3000897151 ns, Reaching safepoint: 29032 ns, Cleanup: 17624 ns, At safepoint: 11291 ns, Total: 57947 ns
[2025-05-08T01:44:48.173+0000][68][info ][safepoint   ] Safepoint "Cleanup", Time since last: 7002586508 ns, Reaching safepoint: 45754 ns, Cleanup: 14890 ns, At safepoint: 10926 ns, Total: 71570 ns
[2025-05-08T01:45:08.516+0000][68][info ][safepoint   ] Safepoint "Cleanup", Time since last: 20345883910 ns, Reaching safepoint: 151028 ns, Cleanup: 12972 ns, At safepoint: 44537 ns, Total: 208537 ns
[2025-05-08T01:45:10.194+0000][68][info ][safepoint   ] Safepoint "Cleanup", Time since last: 1677451330 ns, Reaching safepoint: 33748 ns, Cleanup: 16008 ns, At safepoint: 16619 ns, Total: 66375 ns
[2025-05-08T01:45:11.194+0000][68][info ][safepoint   ] Safepoint "Cleanup", Time since last: 1000523247 ns, Reaching safepoint: 19740 ns, Cleanup: 13390 ns, At safepoint: 8465 ns, Total: 41595 ns
[2025-05-08T01:45:29.196+0000][68][info ][safepoint   ] Safepoint "Cleanup", Time since last: 18003466218 ns, Reaching safepoint: 42605 ns, Cleanup: 14751 ns, At safepoint: 7190 ns, Total: 64546 ns
[2025-05-08T01:45:38.198+0000][68][info ][safepoint   ] Safepoint "Cleanup", Time since last: 9002196963 ns, Reaching safepoint: 19358 ns, Cleanup: 18581 ns, At safepoint: 7291 ns, Total: 45230 ns
[2025-05-08T01:45:43.199+0000][68][info ][safepoint   ] Safepoint "Cleanup", Time since last: 5001397231 ns, Reaching safepoint: 32491 ns, Cleanup: 26528 ns, At safepoint: 15306 ns, Total: 74325 ns
[2025-05-08T01:45:45.200+0000][68][info ][safepoint   ] Safepoint "Cleanup", Time since last: 2000757587 ns, Reaching safepoint: 19326 ns, Cleanup: 12984 ns, At safepoint: 7001 ns, Total: 39311 ns
[2025-05-08T01:46:05.648+0000][68][info ][safepoint   ] Safepoint "Cleanup", Time since last: 20450311682 ns, Reaching safepoint: 10229 ns, Cleanup: 10157 ns, At safepoint: 2949 ns, Total: 23335 ns
[2025-05-08T01:46:11.508+0000][68][info ][safepoint   ] Safepoint "Cleanup", Time since last: 5859467657 ns, Reaching safepoint: 259285 ns, Cleanup: 14090 ns, At safepoint: 60895 ns, Total: 334270 ns
[2025-05-08T01:46:13.228+0000][68][info ][safepoint   ] Safepoint "Cleanup", Time since last: 1720407773 ns, Reaching safepoint: 35593 ns, Cleanup: 18250 ns, At safepoint: 19018 ns, Total: 72861 ns
[2025-05-08T01:46:38.231+0000][68][info ][safepoint   ] Safepoint "Cleanup", Time since last: 25004845895 ns, Reaching safepoint: 169848 ns, Cleanup: 20551 ns, At safepoint: 20515 ns, Total: 210914 ns
[2025-05-08T01:46:53.231+0000][68][info ][safepoint   ] Safepoint "Cleanup", Time since last: 15003012202 ns, Reaching safepoint: 96366 ns, Cleanup: 14993 ns, At safepoint: 9142 ns, Total: 120501 ns
[2025-05-08T01:47:13.686+0000][68][info ][safepoint   ] Safepoint "Cleanup", Time since last: 20454922294 ns, Reaching safepoint: 71598 ns, Cleanup: 19586 ns, At safepoint: 17000 ns, Total: 108184 ns
[2025-05-08T01:47:15.258+0000][68][info ][safepoint   ] Safepoint "Cleanup", Time since last: 1571066145 ns, Reaching safepoint: 24189 ns, Cleanup: 11716 ns, At safepoint: 67600 ns, Total: 103505 ns
[2025-05-08T01:47:26.296+0000][68][info ][safepoint   ] Safepoint "Cleanup", Time since last: 11014738662 ns, Reaching safepoint: 26038300 ns, Cleanup: 17070 ns, At safepoint: 10454 ns, Total: 26065824 ns
[2025-05-08T01:47:33.298+0000][68][info ][safepoint   ] Safepoint "Cleanup", Time since last: 7001850784 ns, Reaching safepoint: 21272 ns, Cleanup: 13709 ns, At safepoint: 8861 ns, Total: 43842 ns
[2025-05-08T01:47:38.300+0000][68][info ][safepoint   ] Safepoint "Cleanup", Time since last: 5001463596 ns, Reaching safepoint: 65846 ns, Cleanup: 16653 ns, At safepoint: 16581 ns, Total: 99080 ns
[2025-05-08T01:47:53.301+0000][68][info ][safepoint   ] Safepoint "Cleanup", Time since last: 15003256484 ns, Reaching safepoint: 68545 ns, Cleanup: 17979 ns, At safepoint: 30566 ns, Total: 117090 ns
[2025-05-08T01:48:12.725+0000][68][info ][safepoint   ] Safepoint "Cleanup", Time since last: 19423801365 ns, Reaching safepoint: 64216 ns, Cleanup: 18484 ns, At safepoint: 16202 ns, Total: 98902 ns
[2025-05-08T01:48:17.531+0000][68][info ][safepoint   ] Safepoint "Cleanup", Time since last: 4806711479 ns, Reaching safepoint: 17902 ns, Cleanup: 13302 ns, At safepoint: 81105 ns, Total: 112309 ns
[2025-05-08T01:48:30.305+0000][68][info ][safepoint   ] Safepoint "Cleanup", Time since last: 12775751300 ns, Reaching safepoint: 71626 ns, Cleanup: 16880 ns, At safepoint: 16500 ns, Total: 105006 ns
[2025-05-08T01:48:38.307+0000][68][info ][safepoint   ] Safepoint "Cleanup", Time since last: 8002090186 ns, Reaching safepoint: 62137 ns, Cleanup: 20464 ns, At safepoint: 30581 ns, Total: 113182 ns
[2025-05-08T01:48:48.309+0000][68][info ][safepoint   ] Safepoint "Cleanup", Time since last: 10002385471 ns, Reaching safepoint: 34705 ns, Cleanup: 16388 ns, At safepoint: 17071 ns, Total: 68164 ns
[2025-05-08T01:48:50.494+0000][68][info ][safepoint   ] Safepoint "Cleanup", Time since last: 2184353032 ns, Reaching safepoint: 21491 ns, Cleanup: 15091 ns, At safepoint: 76555 ns, Total: 113137 ns
[2025-05-08T01:48:56.325+0000][68][info ][safepoint   ] Safepoint "Cleanup", Time since last: 5834009573 ns, Reaching safepoint: 39696 ns, Cleanup: 13822 ns, At safepoint: 7247 ns, Total: 60765 ns
[2025-05-08T01:49:01.327+0000][68][info ][safepoint   ] Safepoint "Cleanup", Time since last: 5001784924 ns, Reaching safepoint: 32252 ns, Cleanup: 16085 ns, At safepoint: 16657 ns, Total: 64994 ns
[2025-05-08T01:49:03.328+0000][68][info ][safepoint   ] Safepoint "Cleanup", Time since last: 2000979605 ns, Reaching safepoint: 32578 ns, Cleanup: 17709 ns, At safepoint: 16370 ns, Total: 66657 ns
[2025-05-08T01:49:08.760+0000][68][info ][safepoint   ] Safepoint "Cleanup", Time since last: 5432151838 ns, Reaching safepoint: 79252 ns, Cleanup: 18338 ns, At safepoint: 38509 ns, Total: 136099 ns
[2025-05-08T01:49:10.761+0000][68][info ][safepoint   ] Safepoint "Cleanup", Time since last: 2000853905 ns, Reaching safepoint: 32288 ns, Cleanup: 17970 ns, At safepoint: 18211 ns, Total: 68469 ns
[2025-05-08T01:49:20.504+0000][68][info ][safepoint   ] Safepoint "Cleanup", Time since last: 9741916554 ns, Reaching safepoint: 417477 ns, Cleanup: 13336 ns, At safepoint: 201369 ns, Total: 632182 ns
[2025-05-08T01:49:22.374+0000][68][info ][safepoint   ] Safepoint "Cleanup", Time since last: 1872156632 ns, Reaching safepoint: 27554 ns, Cleanup: 27216 ns, At safepoint: 67584 ns, Total: 122354 ns
[2025-05-08T01:49:23.905+0000][68][info ][safepoint   ] Safepoint "Cleanup", Time since last: 1531539211 ns, Reaching safepoint: 31208 ns, Cleanup: 18869 ns, At safepoint: 15321 ns, Total: 65398 ns
[2025-05-08T01:49:25.906+0000][68][info ][safepoint   ] Safepoint "Cleanup", Time since last: 2000916755 ns, Reaching safepoint: 40046 ns, Cleanup: 13094 ns, At safepoint: 8847 ns, Total: 61987 ns
[2025-05-08T01:49:26.908+0000][68][info ][safepoint   ] Safepoint "Cleanup", Time since last: 1000795634 ns, Reaching safepoint: 170738 ns, Cleanup: 18463 ns, At safepoint: 122325 ns, Total: 311526 ns
[2025-05-08T01:49:50.912+0000][68][info ][safepoint   ] Safepoint "Cleanup", Time since last: 24004628322 ns, Reaching safepoint: 79508 ns, Cleanup: 17982 ns, At safepoint: 17169 ns, Total: 114659 ns
[2025-05-08T01:50:06.798+0000][68][info ][safepoint   ] Safepoint "Cleanup", Time since last: 15887627190 ns, Reaching safepoint: 31152 ns, Cleanup: 18402 ns, At safepoint: 15139 ns, Total: 64693 ns
[2025-05-08T01:50:07.799+0000][68][info ][safepoint   ] Safepoint "Cleanup", Time since last: 1000819836 ns, Reaching safepoint: 31189 ns, Cleanup: 16531 ns, At safepoint: 16180 ns, Total: 63900 ns
[2025-05-08T01:50:11.476+0000][68][info ][safepoint   ] Safepoint "Cleanup", Time since last: 3676786803 ns, Reaching safepoint: 6645 ns, Cleanup: 9642 ns, At safepoint: 14147 ns, Total: 30434 ns
[2025-05-08T01:50:14.973+0000][68][info ][safepoint   ] Safepoint "Cleanup", Time since last: 3497233486 ns, Reaching safepoint: 127854 ns, Cleanup: 19944 ns, At safepoint: 21606 ns, Total: 169404 ns
[2025-05-08T01:50:23.509+0000][68][info ][safepoint   ] Safepoint "Cleanup", Time since last: 8539055765 ns, Reaching safepoint: 6402 ns, Cleanup: 11395 ns, At safepoint: 14216 ns, Total: 32013 ns
[2025-05-08T01:50:28.408+0000][68][info ][safepoint   ] Safepoint "Cleanup", Time since last: 4898649291 ns, Reaching safepoint: 38864 ns, Cleanup: 19893 ns, At safepoint: 18905 ns, Total: 77662 ns
[2025-05-08T01:50:38.410+0000][68][info ][safepoint   ] Safepoint "Cleanup", Time since last: 10001859142 ns, Reaching safepoint: 21564 ns, Cleanup: 16430 ns, At safepoint: 8367 ns, Total: 46361 ns
[2025-05-08T01:50:52.410+0000][68][info ][safepoint   ] Safepoint "Cleanup", Time since last: 14002432346 ns, Reaching safepoint: 19386 ns, Cleanup: 13320 ns, At safepoint: 8344 ns, Total: 41050 ns
[2025-05-08T01:50:53.411+0000][68][info ][safepoint   ] Safepoint "Cleanup", Time since last: 1000646778 ns, Reaching safepoint: 32651 ns, Cleanup: 19510 ns, At safepoint: 15880 ns, Total: 68041 ns
[2025-05-08T01:50:54.411+0000][68][info ][safepoint   ] Safepoint "Cleanup", Time since last: 1000597355 ns, Reaching safepoint: 23171 ns, Cleanup: 18464 ns, At safepoint: 9917 ns, Total: 51552 ns
[2025-05-08T01:50:56.412+0000][68][info ][safepoint   ] Safepoint "Cleanup", Time since last: 2000877649 ns, Reaching safepoint: 81991 ns, Cleanup: 20810 ns, At safepoint: 39278 ns, Total: 142079 ns
[2025-05-08T01:51:07.832+0000][68][info ][safepoint   ] Safepoint "Cleanup", Time since last: 11419704802 ns, Reaching safepoint: 32072 ns, Cleanup: 22450 ns, At safepoint: 15563 ns, Total: 70085 ns
[2025-05-08T01:51:17.834+0000][68][info ][safepoint   ] Safepoint "Cleanup", Time since last: 10002248613 ns, Reaching safepoint: 33198 ns, Cleanup: 19206 ns, At safepoint: 16208 ns, Total: 68612 ns
[2025-05-08T01:51:26.487+0000][68][info ][safepoint   ] Safepoint "Cleanup", Time since last: 8654334034 ns, Reaching safepoint: 16189 ns, Cleanup: 10516 ns, At safepoint: 29831 ns, Total: 56536 ns
[2025-05-08T01:51:28.466+0000][68][info ][safepoint   ] Safepoint "Cleanup", Time since last: 1978979399 ns, Reaching safepoint: 69631 ns, Cleanup: 21608 ns, At safepoint: 17555 ns, Total: 108794 ns
[2025-05-08T01:51:44.469+0000][68][info ][safepoint   ] Safepoint "Cleanup", Time since last: 16003117168 ns, Reaching safepoint: 279619 ns, Cleanup: 19669 ns, At safepoint: 73939 ns, Total: 373227 ns
[2025-05-08T01:52:27.869+0000][68][info ][safepoint   ] Safepoint "Cleanup", Time since last: 43404718078 ns, Reaching safepoint: 36661 ns, Cleanup: 23007 ns, At safepoint: 17366 ns, Total: 77034 ns
[2025-05-08T01:52:38.534+0000][68][info ][safepoint   ] Safepoint "Cleanup", Time since last: 10664477492 ns, Reaching safepoint: 39566 ns, Cleanup: 27805 ns, At safepoint: 20685 ns, Total: 88056 ns
[2025-05-08T01:53:20.909+0000][68][info ][safepoint   ] Safepoint "Cleanup", Time since last: 42377411962 ns, Reaching safepoint: 35676 ns, Cleanup: 17604 ns, At safepoint: 16900 ns, Total: 70180 ns
[2025-05-08T01:53:23.908+0000][68][info ][safepoint   ] Safepoint "Cleanup", Time since last: 3001011717 ns, Reaching safepoint: 33770 ns, Cleanup: 16261 ns, At safepoint: 15569 ns, Total: 65600 ns
[2025-05-08T01:53:25.909+0000][68][info ][safepoint   ] Safepoint "Cleanup", Time since last: 2001100232 ns, Reaching safepoint: 31545 ns, Cleanup: 18094 ns, At safepoint: 15536 ns, Total: 65175 ns
[2025-05-08T01:53:31.558+0000][68][info ][safepoint   ] Safepoint "Cleanup", Time since last: 5649372518 ns, Reaching safepoint: 45144 ns, Cleanup: 15833 ns, At safepoint: 80439 ns, Total: 141416 ns
[2025-05-08T01:53:32.587+0000][68][info ][safepoint   ] Safepoint "Cleanup", Time since last: 1028293403 ns, Reaching safepoint: 6508 ns, Cleanup: 8493 ns, At safepoint: 13072 ns, Total: 28073 ns
[2025-05-08T01:53:33.592+0000][68][info ][safepoint   ] Safepoint "Cleanup", Time since last: 1005578768 ns, Reaching safepoint: 35585 ns, Cleanup: 23067 ns, At safepoint: 17159 ns, Total: 75811 ns
[2025-05-08T01:53:37.667+0000][68][info ][safepoint   ] Safepoint "Cleanup", Time since last: 4074762985 ns, Reaching safepoint: 37229 ns, Cleanup: 32622 ns, At safepoint: 20350 ns, Total: 90201 ns
[2025-05-08T01:53:52.814+0000][68][info ][safepoint   ] Safepoint "Cleanup", Time since last: 15149218146 ns, Reaching safepoint: 16326 ns, Cleanup: 9907 ns, At safepoint: 32030 ns, Total: 58263 ns
[2025-05-08T01:53:54.709+0000][68][info ][safepoint   ] Safepoint "Cleanup", Time since last: 1894802899 ns, Reaching safepoint: 39318 ns, Cleanup: 37584 ns, At safepoint: 20704 ns, Total: 97606 ns
[2025-05-08T01:54:07.941+0000][68][info ][safepoint   ] Safepoint "Cleanup", Time since last: 13231725758 ns, Reaching safepoint: 20278 ns, Cleanup: 12993 ns, At safepoint: 8327 ns, Total: 41598 ns
[2025-05-08T01:54:14.945+0000][68][info ][safepoint   ] Safepoint "Cleanup", Time since last: 7003629264 ns, Reaching safepoint: 34963 ns, Cleanup: 17427 ns, At safepoint: 17297 ns, Total: 69687 ns
[2025-05-08T01:54:22.944+0000][68][info ][safepoint   ] Safepoint "Cleanup", Time since last: 8001755005 ns, Reaching safepoint: 49415 ns, Cleanup: 14507 ns, At safepoint: 8007 ns, Total: 71929 ns
[2025-05-08T01:54:30.052+0000][68][info ][safepoint   ] Safepoint "Cleanup", Time since last: 7107659774 ns, Reaching safepoint: 27751 ns, Cleanup: 15349 ns, At safepoint: 10729 ns, Total: 53829 ns
[2025-05-08T01:54:35.520+0000][68][info ][safepoint   ] Safepoint "Cleanup", Time since last: 5468122513 ns, Reaching safepoint: 6576 ns, Cleanup: 10921 ns, At safepoint: 14472 ns, Total: 31969 ns
[2025-05-08T01:54:36.757+0000][68][info ][safepoint   ] Safepoint "Cleanup", Time since last: 1237316549 ns, Reaching safepoint: 9372 ns, Cleanup: 20805 ns, At safepoint: 18748 ns, Total: 48925 ns
[2025-05-08T01:54:37.763+0000][68][info ][safepoint   ] Safepoint "Cleanup", Time since last: 1005059044 ns, Reaching safepoint: 30887 ns, Cleanup: 16057 ns, At safepoint: 10552 ns, Total: 57496 ns
[2025-05-08T01:54:43.764+0000][68][info ][safepoint   ] Safepoint "Cleanup", Time since last: 6001266361 ns, Reaching safepoint: 28922 ns, Cleanup: 17529 ns, At safepoint: 10264 ns, Total: 56715 ns
[2025-05-08T01:55:16.969+0000][68][info ][safepoint   ] Safepoint "Cleanup", Time since last: 33208610226 ns, Reaching safepoint: 29525 ns, Cleanup: 16003 ns, At safepoint: 9670 ns, Total: 55198 ns
[2025-05-08T01:55:17.970+0000][68][info ][safepoint   ] Safepoint "Cleanup", Time since last: 1000749502 ns, Reaching safepoint: 75184 ns, Cleanup: 18215 ns, At safepoint: 32346 ns, Total: 125745 ns
[2025-05-08T01:55:32.972+0000][68][info ][safepoint   ] Safepoint "Cleanup", Time since last: 15003292019 ns, Reaching safepoint: 45999 ns, Cleanup: 13210 ns, At safepoint: 8199 ns, Total: 67408 ns
[2025-05-08T01:55:37.974+0000][68][info ][safepoint   ] Safepoint "Cleanup", Time since last: 5001843707 ns, Reaching safepoint: 21721 ns, Cleanup: 16421 ns, At safepoint: 8068 ns, Total: 46210 ns
[2025-05-08T01:55:39.787+0000][68][info ][safepoint   ] Safepoint "Cleanup", Time since last: 1812966092 ns, Reaching safepoint: 33653 ns, Cleanup: 27268 ns, At safepoint: 16461 ns, Total: 77382 ns
[2025-05-08T01:55:53.787+0000][68][info ][safepoint   ] Safepoint "Cleanup", Time since last: 14002410292 ns, Reaching safepoint: 64124 ns, Cleanup: 15434 ns, At safepoint: 13495 ns, Total: 93053 ns
[2025-05-08T01:56:02.789+0000][68][info ][safepoint   ] Safepoint "Cleanup", Time since last: 9002340345 ns, Reaching safepoint: 26000 ns, Cleanup: 15776 ns, At safepoint: 9264 ns, Total: 51040 ns
[2025-05-08T01:56:07.004+0000][68][info ][safepoint   ] Safepoint "Cleanup", Time since last: 4214278459 ns, Reaching safepoint: 35307 ns, Cleanup: 19056 ns, At safepoint: 16564 ns, Total: 70927 ns
[2025-05-08T01:56:38.008+0000][68][info ][safepoint   ] Safepoint "Cleanup", Time since last: 31006513397 ns, Reaching safepoint: 73704 ns, Cleanup: 23558 ns, At safepoint: 17144 ns, Total: 114406 ns
[2025-05-08T01:56:41.507+0000][68][info ][safepoint   ] Safepoint "Cleanup", Time since last: 3498596266 ns, Reaching safepoint: 7120 ns, Cleanup: 7773 ns, At safepoint: 5003 ns, Total: 19896 ns
[2025-05-08T01:56:42.833+0000][68][info ][safepoint   ] Safepoint "Cleanup", Time since last: 1325784414 ns, Reaching safepoint: 19157 ns, Cleanup: 15099 ns, At safepoint: 7646 ns, Total: 41902 ns
[2025-05-08T01:57:38.045+0000][68][info ][safepoint   ] Safepoint "Cleanup", Time since last: 55216997688 ns, Reaching safepoint: 71192 ns, Cleanup: 16725 ns, At safepoint: 16648 ns, Total: 104565 ns
[2025-05-08T01:57:44.498+0000][68][info ][safepoint   ] Safepoint "Cleanup", Time since last: 6453014891 ns, Reaching safepoint: 27570 ns, Cleanup: 13412 ns, At safepoint: 142076 ns, Total: 183058 ns
[2025-05-08T01:57:45.884+0000][68][info ][safepoint   ] Safepoint "Cleanup", Time since last: 1385846182 ns, Reaching safepoint: 21255 ns, Cleanup: 15876 ns, At safepoint: 8458 ns, Total: 45589 ns
[2025-05-08T01:58:33.082+0000][68][info ][safepoint   ] Safepoint "Cleanup", Time since last: 47202486796 ns, Reaching safepoint: 24797 ns, Cleanup: 13300 ns, At safepoint: 8382 ns, Total: 46479 ns
[2025-05-08T01:58:36.084+0000][68][info ][safepoint   ] Safepoint "Cleanup", Time since last: 3001300499 ns, Reaching safepoint: 33478 ns, Cleanup: 19773 ns, At safepoint: 16372 ns, Total: 69623 ns
[2025-05-08T01:58:56.941+0000][68][info ][safepoint   ] Safepoint "Cleanup", Time since last: 20859820201 ns, Reaching safepoint: 22873 ns, Cleanup: 8915 ns, At safepoint: 7103 ns, Total: 38891 ns
[2025-05-08T01:59:09.120+0000][68][info ][safepoint   ] Safepoint "Cleanup", Time since last: 12178855675 ns, Reaching safepoint: 153000 ns, Cleanup: 18206 ns, At safepoint: 18128 ns, Total: 189334 ns
[2025-05-08T01:59:15.122+0000][68][info ][safepoint   ] Safepoint "Cleanup", Time since last: 6001538850 ns, Reaching safepoint: 67040 ns, Cleanup: 18150 ns, At safepoint: 18866 ns, Total: 104056 ns
[2025-05-08T01:59:23.840+0000][68][info ][safepoint   ] Safepoint "Cleanup", Time since last: 8720528365 ns, Reaching safepoint: 75434 ns, Cleanup: 17717 ns, At safepoint: 33524 ns, Total: 126675 ns
[2025-05-08T01:59:26.841+0000][68][info ][safepoint   ] Safepoint "Cleanup", Time since last: 3001096668 ns, Reaching safepoint: 22460 ns, Cleanup: 13103 ns, At safepoint: 8592 ns, Total: 44155 ns
[2025-05-08T01:59:37.844+0000][68][info ][safepoint   ] Safepoint "Cleanup", Time since last: 11002728333 ns, Reaching safepoint: 21731 ns, Cleanup: 20340 ns, At safepoint: 9884 ns, Total: 51955 ns
[2025-05-08T01:59:42.846+0000][68][info ][safepoint   ] Safepoint "Cleanup", Time since last: 5001396859 ns, Reaching safepoint: 80423 ns, Cleanup: 18521 ns, At safepoint: 18390 ns, Total: 117334 ns
[2025-05-08T01:59:46.847+0000][68][info ][safepoint   ] Safepoint "Cleanup", Time since last: 4001202311 ns, Reaching safepoint: 33306 ns, Cleanup: 26180 ns, At safepoint: 16581 ns, Total: 76067 ns
[2025-05-08T01:59:50.526+0000][68][info ][safepoint   ] Safepoint "Cleanup", Time since last: 3679034480 ns, Reaching safepoint: 16976 ns, Cleanup: 18759 ns, At safepoint: 83316 ns, Total: 119051 ns
[2025-05-08T01:59:52.045+0000][68][info ][safepoint   ] Safepoint "Cleanup", Time since last: 1519224548 ns, Reaching safepoint: 6399 ns, Cleanup: 12572 ns, At safepoint: 12040 ns, Total: 31011 ns
[2025-05-08T02:00:38.162+0000][68][info ][safepoint   ] Safepoint "Cleanup", Time since last: 46123183117 ns, Reaching safepoint: 24038 ns, Cleanup: 13444 ns, At safepoint: 42041 ns, Total: 79523 ns
[2025-05-08T02:01:38.203+0000][68][info ][safepoint   ] Safepoint "Cleanup", Time since last: 60044488249 ns, Reaching safepoint: 233195 ns, Cleanup: 20901 ns, At safepoint: 19772 ns, Total: 273868 ns
[2025-05-08T02:01:57.131+0000][68][info ][safepoint   ] Safepoint "Cleanup", Time since last: 18930520781 ns, Reaching safepoint: 187600 ns, Cleanup: 9746 ns, At safepoint: 48087 ns, Total: 245433 ns
[2025-05-08T02:01:58.152+0000][68][info ][safepoint   ] Safepoint "Cleanup", Time since last: 1020855285 ns, Reaching safepoint: 32071 ns, Cleanup: 17795 ns, At safepoint: 16048 ns, Total: 65914 ns
[2025-05-08T02:03:00.179+0000][68][info ][safepoint   ] Safepoint "Cleanup", Time since last: 62031076223 ns, Reaching safepoint: 144853 ns, Cleanup: 12471 ns, At safepoint: 43460 ns, Total: 200784 ns
[2025-05-08T02:03:37.280+0000][68][info ][safepoint   ] Safepoint "Cleanup", Time since last: 37102757187 ns, Reaching safepoint: 67082 ns, Cleanup: 14100 ns, At safepoint: 7953 ns, Total: 89135 ns
[2025-05-08T02:03:38.280+0000][68][info ][safepoint   ] Safepoint "Cleanup", Time since last: 1000632954 ns, Reaching safepoint: 19003 ns, Cleanup: 13020 ns, At safepoint: 8574 ns, Total: 40597 ns
[2025-05-08T02:03:40.281+0000][68][info ][safepoint   ] Safepoint "Cleanup", Time since last: 2000947432 ns, Reaching safepoint: 32743 ns, Cleanup: 21010 ns, At safepoint: 16553 ns, Total: 70306 ns
[2025-05-08T02:03:59.503+0000][68][info ][safepoint   ] Safepoint "Cleanup", Time since last: 19223325235 ns, Reaching safepoint: 182198 ns, Cleanup: 9166 ns, At safepoint: 43943 ns, Total: 235307 ns
[2025-05-08T02:04:01.254+0000][68][info ][safepoint   ] Safepoint "Cleanup", Time since last: 1750544412 ns, Reaching safepoint: 32510 ns, Cleanup: 16752 ns, At safepoint: 16376 ns, Total: 65638 ns
[2025-05-08T02:04:03.262+0000][68][info ][safepoint   ] Safepoint "Cleanup", Time since last: 2007991050 ns, Reaching safepoint: 6625 ns, Cleanup: 8782 ns, At safepoint: 13829 ns, Total: 29236 ns
[2025-05-08T02:04:10.320+0000][68][info ][safepoint   ] Safepoint "Cleanup", Time since last: 7058143190 ns, Reaching safepoint: 29436 ns, Cleanup: 16562 ns, At safepoint: 9563 ns, Total: 55561 ns
[2025-05-08T02:04:12.326+0000][68][info ][safepoint   ] Safepoint "Cleanup", Time since last: 2006225397 ns, Reaching safepoint: 19272 ns, Cleanup: 15719 ns, At safepoint: 7093 ns, Total: 42084 ns
[2025-05-08T02:04:13.327+0000][68][info ][safepoint   ] Safepoint "Cleanup", Time since last: 1000724197 ns, Reaching safepoint: 33440 ns, Cleanup: 16857 ns, At safepoint: 16940 ns, Total: 67237 ns
[2025-05-08T02:04:17.328+0000][68][info ][safepoint   ] Safepoint "Cleanup", Time since last: 4001067137 ns, Reaching safepoint: 72012 ns, Cleanup: 16633 ns, At safepoint: 30182 ns, Total: 118827 ns
[2025-05-08T02:04:22.811+0000][68][info ][safepoint   ] Safepoint "Cleanup", Time since last: 5486020375 ns, Reaching safepoint: 92292 ns, Cleanup: 8231 ns, At safepoint: 50020 ns, Total: 150543 ns
[2025-05-08T02:04:26.506+0000][68][info ][safepoint   ] Safepoint "Cleanup", Time since last: 3694708724 ns, Reaching safepoint: 34662 ns, Cleanup: 16954 ns, At safepoint: 16536 ns, Total: 68152 ns
[2025-05-08T02:04:36.509+0000][68][info ][safepoint   ] Safepoint "Cleanup", Time since last: 10002416868 ns, Reaching safepoint: 37673 ns, Cleanup: 22158 ns, At safepoint: 119882 ns, Total: 179713 ns
[2025-05-08T02:04:37.510+0000][68][info ][safepoint   ] Safepoint "Cleanup", Time since last: 1000944452 ns, Reaching safepoint: 154599 ns, Cleanup: 11280 ns, At safepoint: 57040 ns, Total: 222919 ns
[2025-05-08T02:04:38.510+0000][68][info ][safepoint   ] Safepoint "Cleanup", Time since last: 1000545727 ns, Reaching safepoint: 33361 ns, Cleanup: 19203 ns, At safepoint: 16929 ns, Total: 69493 ns
[2025-05-08T02:04:53.459+0000][68][info ][gc,start    ] GC(19) Pause Young (Mixed) (G1 Evacuation Pause)
[2025-05-08T02:04:53.460+0000][68][info ][gc,task     ] GC(19) Using 10 workers of 10 for evacuation
[2025-05-08T02:04:53.460+0000][68][debug][gc,age      ] GC(19) Desired survivor size 77594624 bytes, new threshold 15 (max threshold 15)
[2025-05-08T02:04:53.502+0000][68][info ][gc,phases   ] GC(19)   Pre Evacuate Collection Set: 0.85ms
[2025-05-08T02:04:53.502+0000][68][info ][gc,phases   ] GC(19)   Merge Heap Roots: 0.94ms
[2025-05-08T02:04:53.502+0000][68][info ][gc,phases   ] GC(19)   Evacuate Collection Set: 36.42ms
[2025-05-08T02:04:53.503+0000][68][info ][gc,phases   ] GC(19)   Post Evacuate Collection Set: 2.59ms
[2025-05-08T02:04:53.503+0000][68][info ][gc,phases   ] GC(19)   Other: 1.17ms
[2025-05-08T02:04:53.504+0000][68][trace][gc,age      ] GC(19) Age table with threshold 15 (max threshold 15)
[2025-05-08T02:04:53.504+0000][68][trace][gc,age      ] GC(19) - age   1:    1350336 bytes,    1350336 total
[2025-05-08T02:04:53.504+0000][68][trace][gc,age      ] GC(19) - age   2:     707456 bytes,    2057792 total
[2025-05-08T02:04:53.505+0000][68][trace][gc,age      ] GC(19) - age   3:     660648 bytes,    2718440 total
[2025-05-08T02:04:53.505+0000][68][trace][gc,age      ] GC(19) - age   4:    3594528 bytes,    6312968 total
[2025-05-08T02:04:53.506+0000][68][info ][gc,heap     ] GC(19) Eden regions: 290->0(396)
[2025-05-08T02:04:53.507+0000][68][info ][gc,heap     ] GC(19) Survivor regions: 3->2(37)
[2025-05-08T02:04:53.507+0000][68][info ][gc,heap     ] GC(19) Old regions: 29->29
[2025-05-08T02:04:53.507+0000][68][info ][gc,heap     ] GC(19) Humongous regions: 0->0
[2025-05-08T02:04:53.508+0000][68][info ][gc,metaspace] GC(19) Metaspace: 149595K(153664K)->149595K(153664K) NonClass: 129259K(131456K)->129259K(131456K) Class: 20335K(22208K)->20335K(22208K)
[2025-05-08T02:04:53.508+0000][68][info ][gc          ] GC(19) Pause Young (Mixed) (G1 Evacuation Pause) 1281M->119M(3880M) 49.352ms
[2025-05-08T02:04:53.509+0000][68][info ][gc,cpu      ] GC(19) User=0.24s Sys=0.05s Real=0.05s
[2025-05-08T02:04:53.510+0000][68][info ][safepoint   ] Safepoint "G1CollectForAllocation", Time since last: 14950493082 ns, Reaching safepoint: 72089 ns, Cleanup: 6581 ns, At safepoint: 50883433 ns, Total: 50962103 ns
[2025-05-08T02:05:05.496+0000][68][info ][safepoint   ] Safepoint "Cleanup", Time since last: 11986394723 ns, Reaching safepoint: 10336 ns, Cleanup: 8771 ns, At safepoint: 15636 ns, Total: 34743 ns
[2025-05-08T02:05:07.359+0000][68][info ][safepoint   ] Safepoint "Cleanup", Time since last: 1863139321 ns, Reaching safepoint: 33450 ns, Cleanup: 16812 ns, At safepoint: 17594 ns, Total: 67856 ns
[2025-05-08T02:05:08.360+0000][68][info ][safepoint   ] Safepoint "Cleanup", Time since last: 1000649875 ns, Reaching safepoint: 28887 ns, Cleanup: 14155 ns, At safepoint: 9368 ns, Total: 52410 ns
[2025-05-08T02:05:09.361+0000][68][info ][safepoint   ] Safepoint "Cleanup", Time since last: 1000942582 ns, Reaching safepoint: 20984 ns, Cleanup: 13594 ns, At safepoint: 7620 ns, Total: 42198 ns
[2025-05-08T02:05:13.364+0000][68][info ][safepoint   ] Safepoint "Cleanup", Time since last: 4002528616 ns, Reaching safepoint: 41823 ns, Cleanup: 19962 ns, At safepoint: 19500 ns, Total: 81285 ns
[2025-05-08T02:05:36.367+0000][68][info ][safepoint   ] Safepoint "Cleanup", Time since last: 23005288665 ns, Reaching safepoint: 129812 ns, Cleanup: 23344 ns, At safepoint: 17922 ns, Total: 171078 ns
[2025-05-08T02:05:38.368+0000][68][info ][safepoint   ] Safepoint "Cleanup", Time since last: 2000820988 ns, Reaching safepoint: 21821 ns, Cleanup: 14635 ns, At safepoint: 9138 ns, Total: 45594 ns
[2025-05-08T02:05:52.371+0000][68][info ][safepoint   ] Safepoint "Cleanup", Time since last: 14003367649 ns, Reaching safepoint: 148432 ns, Cleanup: 18033 ns, At safepoint: 18472 ns, Total: 184937 ns
[2025-05-08T02:06:08.399+0000][68][info ][safepoint   ] Safepoint "Cleanup", Time since last: 16029878188 ns, Reaching safepoint: 93448 ns, Cleanup: 18063 ns, At safepoint: 17276 ns, Total: 128787 ns
[2025-05-08T02:06:10.348+0000][68][info ][safepoint   ] Safepoint "Cleanup", Time since last: 1948685207 ns, Reaching safepoint: 33862 ns, Cleanup: 20184 ns, At safepoint: 8583 ns, Total: 62629 ns
[2025-05-08T02:06:12.818+0000][68][info ][safepoint   ] Safepoint "Cleanup", Time since last: 2470531160 ns, Reaching safepoint: 54587 ns, Cleanup: 13227 ns, At safepoint: 27627 ns, Total: 95441 ns
[2025-05-08T02:06:18.845+0000][68][info ][safepoint   ] Safepoint "Cleanup", Time since last: 6026976100 ns, Reaching safepoint: 52474 ns, Cleanup: 14375 ns, At safepoint: 10126 ns, Total: 76975 ns
[2025-05-08T02:06:37.870+0000][68][info ][safepoint   ] Safepoint "Cleanup", Time since last: 19027531725 ns, Reaching safepoint: 74182 ns, Cleanup: 18044 ns, At safepoint: 17679 ns, Total: 109905 ns
[2025-05-08T02:06:47.872+0000][68][info ][safepoint   ] Safepoint "Cleanup", Time since last: 10001920724 ns, Reaching safepoint: 35424 ns, Cleanup: 17930 ns, At safepoint: 18604 ns, Total: 71958 ns
[2025-05-08T02:06:49.860+0000][68][info ][safepoint   ] Safepoint "Cleanup", Time since last: 1987031323 ns, Reaching safepoint: 113293 ns, Cleanup: 25507 ns, At safepoint: 34844 ns, Total: 173644 ns
[2025-05-08T02:06:50.869+0000][68][info ][safepoint   ] Safepoint "Cleanup", Time since last: 1009857066 ns, Reaching safepoint: 35107 ns, Cleanup: 19328 ns, At safepoint: 17471 ns, Total: 71906 ns
[2025-05-08T02:06:56.869+0000][68][info ][safepoint   ] Safepoint "Cleanup", Time since last: 6001401722 ns, Reaching safepoint: 32317 ns, Cleanup: 29796 ns, At safepoint: 11278 ns, Total: 73391 ns
[2025-05-08T02:06:59.870+0000][68][info ][safepoint   ] Safepoint "Cleanup", Time since last: 3001317736 ns, Reaching safepoint: 29958 ns, Cleanup: 17346 ns, At safepoint: 10384 ns, Total: 57688 ns
[2025-05-08T02:07:01.871+0000][68][info ][safepoint   ] Safepoint "Cleanup", Time since last: 2000959464 ns, Reaching safepoint: 108001 ns, Cleanup: 19571 ns, At safepoint: 11660 ns, Total: 139232 ns
[2025-05-08T02:07:05.873+0000][68][info ][safepoint   ] Safepoint "Cleanup", Time since last: 4001990841 ns, Reaching safepoint: 83361 ns, Cleanup: 29720 ns, At safepoint: 18139 ns, Total: 131220 ns
[2025-05-08T02:07:09.497+0000][68][info ][safepoint   ] Safepoint "Cleanup", Time since last: 3623732489 ns, Reaching safepoint: 31464 ns, Cleanup: 21494 ns, At safepoint: 12130 ns, Total: 65088 ns
[2025-05-08T02:07:11.498+0000][68][info ][safepoint   ] Safepoint "Cleanup", Time since last: 2000724096 ns, Reaching safepoint: 24552 ns, Cleanup: 16047 ns, At safepoint: 9588 ns, Total: 50187 ns
[2025-05-08T02:07:17.828+0000][68][info ][safepoint   ] Safepoint "Cleanup", Time since last: 6329914157 ns, Reaching safepoint: 154004 ns, Cleanup: 16287 ns, At safepoint: 60507 ns, Total: 230798 ns
[2025-05-08T02:07:22.827+0000][68][info ][safepoint   ] Safepoint "Cleanup", Time since last: 5001426570 ns, Reaching safepoint: 62778 ns, Cleanup: 19805 ns, At safepoint: 9019 ns, Total: 91602 ns
[2025-05-08T02:07:30.829+0000][68][info ][safepoint   ] Safepoint "Cleanup", Time since last: 8001505966 ns, Reaching safepoint: 38736 ns, Cleanup: 17862 ns, At safepoint: 16515 ns, Total: 73113 ns
[2025-05-08T02:07:32.830+0000][68][info ][safepoint   ] Safepoint "Cleanup", Time since last: 2000791903 ns, Reaching safepoint: 20532 ns, Cleanup: 14030 ns, At safepoint: 7953 ns, Total: 42515 ns
[2025-05-08T02:07:37.836+0000][68][info ][safepoint   ] Safepoint "Cleanup", Time since last: 5006000812 ns, Reaching safepoint: 113172 ns, Cleanup: 27438 ns, At safepoint: 16655 ns, Total: 157265 ns
[2025-05-08T02:07:50.882+0000][68][info ][safepoint   ] Safepoint "Cleanup", Time since last: 13045640942 ns, Reaching safepoint: 11899 ns, Cleanup: 23986 ns, At safepoint: 18684 ns, Total: 54569 ns
[2025-05-08T02:07:51.950+0000][68][info ][safepoint   ] Safepoint "Cleanup", Time since last: 1067988955 ns, Reaching safepoint: 40152 ns, Cleanup: 27408 ns, At safepoint: 20633 ns, Total: 88193 ns
[2025-05-08T02:07:57.949+0000][68][info ][safepoint   ] Safepoint "Cleanup", Time since last: 6001434340 ns, Reaching safepoint: 29712 ns, Cleanup: 17719 ns, At safepoint: 10958 ns, Total: 58389 ns
[2025-05-08T02:08:02.950+0000][68][info ][safepoint   ] Safepoint "Cleanup", Time since last: 5001204744 ns, Reaching safepoint: 39503 ns, Cleanup: 21176 ns, At safepoint: 13090 ns, Total: 73769 ns
[2025-05-08T02:08:13.540+0000][68][info ][safepoint   ] Safepoint "Cleanup", Time since last: 10589832387 ns, Reaching safepoint: 85951 ns, Cleanup: 15744 ns, At safepoint: 8619 ns, Total: 110314 ns
[2025-05-08T02:08:14.847+0000][68][info ][safepoint   ] Safepoint "Cleanup", Time since last: 1306769455 ns, Reaching safepoint: 19061 ns, Cleanup: 27990 ns, At safepoint: 100293 ns, Total: 147344 ns
[2025-05-08T02:08:27.869+0000][68][info ][safepoint   ] Safepoint "Cleanup", Time since last: 13024242329 ns, Reaching safepoint: 78098 ns, Cleanup: 18341 ns, At safepoint: 16920 ns, Total: 113359 ns
[2025-05-08T02:08:29.488+0000][68][info ][safepoint   ] Safepoint "Cleanup", Time since last: 1618341530 ns, Reaching safepoint: 6992 ns, Cleanup: 25083 ns, At safepoint: 15671 ns, Total: 47746 ns
[2025-05-08T02:08:30.923+0000][68][info ][safepoint   ] Safepoint "Cleanup", Time since last: 1435671740 ns, Reaching safepoint: 22866 ns, Cleanup: 98381 ns, At safepoint: 10852 ns, Total: 132099 ns
[2025-05-08T02:08:32.979+0000][68][info ][safepoint   ] Safepoint "Cleanup", Time since last: 2055557352 ns, Reaching safepoint: 7555 ns, Cleanup: 11563 ns, At safepoint: 14761 ns, Total: 33879 ns
[2025-05-08T02:08:33.980+0000][68][info ][safepoint   ] Safepoint "Cleanup", Time since last: 1000434992 ns, Reaching safepoint: 103037 ns, Cleanup: 14726 ns, At safepoint: 36028 ns, Total: 153791 ns
[2025-05-08T02:08:35.982+0000][68][info ][safepoint   ] Safepoint "Cleanup", Time since last: 2002699130 ns, Reaching safepoint: 20889 ns, Cleanup: 14887 ns, At safepoint: 8961 ns, Total: 44737 ns
[2025-05-08T02:08:37.983+0000][68][info ][safepoint   ] Safepoint "Cleanup", Time since last: 2000795782 ns, Reaching safepoint: 63530 ns, Cleanup: 31554 ns, At safepoint: 11305 ns, Total: 106389 ns
[2025-05-08T02:08:38.984+0000][68][info ][safepoint   ] Safepoint "Cleanup", Time since last: 1000428791 ns, Reaching safepoint: 6348 ns, Cleanup: 9400 ns, At safepoint: 13715 ns, Total: 29463 ns
[2025-05-08T02:08:50.990+0000][68][info ][safepoint   ] Safepoint "Cleanup", Time since last: 12005849625 ns, Reaching safepoint: 27154 ns, Cleanup: 16885 ns, At safepoint: 10285 ns, Total: 54324 ns
[2025-05-08T02:08:52.232+0000][68][info ][safepoint   ] Safepoint "Cleanup", Time since last: 1241750430 ns, Reaching safepoint: 65942 ns, Cleanup: 58176 ns, At safepoint: 18212 ns, Total: 142330 ns
[2025-05-08T02:09:03.008+0000][68][info ][safepoint   ] Safepoint "Cleanup", Time since last: 10779171493 ns, Reaching safepoint: 7355 ns, Cleanup: 9603 ns, At safepoint: 3303 ns, Total: 20261 ns
[2025-05-08T02:09:10.576+0000][68][info ][safepoint   ] Safepoint "Cleanup", Time since last: 7567803281 ns, Reaching safepoint: 72465 ns, Cleanup: 15304 ns, At safepoint: 15494 ns, Total: 103263 ns
[2025-05-08T02:09:17.514+0000][68][info ][safepoint   ] Safepoint "Cleanup", Time since last: 6937649979 ns, Reaching safepoint: 24747 ns, Cleanup: 12108 ns, At safepoint: 66191 ns, Total: 103046 ns
[2025-05-08T02:09:19.077+0000][68][info ][safepoint   ] Safepoint "Cleanup", Time since last: 1563629871 ns, Reaching safepoint: 18864 ns, Cleanup: 21035 ns, At safepoint: 78722 ns, Total: 118621 ns
[2025-05-08T02:09:38.035+0000][68][info ][safepoint   ] Safepoint "Cleanup", Time since last: 18959373059 ns, Reaching safepoint: 84109 ns, Cleanup: 18305 ns, At safepoint: 36506 ns, Total: 138920 ns
[2025-05-08T02:10:21.110+0000][68][info ][safepoint   ] Safepoint "Cleanup", Time since last: 43078380563 ns, Reaching safepoint: 6353 ns, Cleanup: 10582 ns, At safepoint: 14841 ns, Total: 31776 ns
[2025-05-08T02:10:22.130+0000][68][info ][safepoint   ] Safepoint "Cleanup", Time since last: 1019111755 ns, Reaching safepoint: 6601 ns, Cleanup: 12179 ns, At safepoint: 3439 ns, Total: 22219 ns
[2025-05-08T02:11:28.167+0000][68][info ][safepoint   ] Safepoint "Cleanup", Time since last: 66044047495 ns, Reaching safepoint: 45848 ns, Cleanup: 13230 ns, At safepoint: 10137 ns, Total: 69215 ns
[2025-05-08T02:11:38.169+0000][68][info ][safepoint   ] Safepoint "Cleanup", Time since last: 10002216605 ns, Reaching safepoint: 70716 ns, Cleanup: 27360 ns, At safepoint: 15742 ns, Total: 113818 ns
[2025-05-08T02:11:39.170+0000][68][info ][safepoint   ] Safepoint "Cleanup", Time since last: 1000796401 ns, Reaching safepoint: 32177 ns, Cleanup: 20824 ns, At safepoint: 16228 ns, Total: 69229 ns
[2025-05-08T02:12:03.172+0000][68][info ][safepoint   ] Safepoint "Cleanup", Time since last: 24004294119 ns, Reaching safepoint: 71266 ns, Cleanup: 22055 ns, At safepoint: 16490 ns, Total: 109811 ns
[2025-05-08T02:12:10.698+0000][68][info ][safepoint   ] Safepoint "Cleanup", Time since last: 7526248122 ns, Reaching safepoint: 34063 ns, Cleanup: 17098 ns, At safepoint: 17516 ns, Total: 68677 ns
[2025-05-08T02:12:15.700+0000][68][info ][safepoint   ] Safepoint "Cleanup", Time since last: 5001463879 ns, Reaching safepoint: 39553 ns, Cleanup: 18052 ns, At safepoint: 18074 ns, Total: 75679 ns
[2025-05-08T02:12:27.194+0000][68][info ][safepoint   ] Safepoint "Cleanup", Time since last: 11495556353 ns, Reaching safepoint: 180420 ns, Cleanup: 10199 ns, At safepoint: 48416 ns, Total: 239035 ns
[2025-05-08T02:12:30.211+0000][68][info ][safepoint   ] Safepoint "Cleanup", Time since last: 3017484475 ns, Reaching safepoint: 33168 ns, Cleanup: 16177 ns, At safepoint: 15632 ns, Total: 64977 ns
[2025-05-08T02:12:38.214+0000][68][info ][safepoint   ] Safepoint "Cleanup", Time since last: 8002077456 ns, Reaching safepoint: 33250 ns, Cleanup: 24860 ns, At safepoint: 16685 ns, Total: 74795 ns
[2025-05-08T02:12:42.215+0000][68][info ][safepoint   ] Safepoint "Cleanup", Time since last: 4001303854 ns, Reaching safepoint: 18637 ns, Cleanup: 12969 ns, At safepoint: 7612 ns, Total: 39218 ns
[2025-05-08T02:13:29.473+0000][68][info ][safepoint   ] Safepoint "Cleanup", Time since last: 47262891547 ns, Reaching safepoint: 9671 ns, Cleanup: 8354 ns, At safepoint: 14758 ns, Total: 32783 ns
[2025-05-08T02:13:33.251+0000][68][info ][safepoint   ] Safepoint "Cleanup", Time since last: 3777269282 ns, Reaching safepoint: 36981 ns, Cleanup: 23817 ns, At safepoint: 19328 ns, Total: 80126 ns
[2025-05-08T02:13:38.252+0000][68][info ][safepoint   ] Safepoint "Cleanup", Time since last: 5001532664 ns, Reaching safepoint: 43312 ns, Cleanup: 22137 ns, At safepoint: 22009 ns, Total: 87458 ns
[2025-05-08T02:14:06.272+0000][68][info ][safepoint   ] Safepoint "Cleanup", Time since last: 28021481384 ns, Reaching safepoint: 327752 ns, Cleanup: 11504 ns, At safepoint: 46298 ns, Total: 385554 ns
[2025-05-08T02:14:33.321+0000][68][info ][safepoint   ] Safepoint "Cleanup", Time since last: 27051603049 ns, Reaching safepoint: 19663 ns, Cleanup: 17327 ns, At safepoint: 73238 ns, Total: 110228 ns
[2025-05-08T02:14:36.349+0000][68][info ][safepoint   ] Safepoint "Cleanup", Time since last: 3027293048 ns, Reaching safepoint: 36402 ns, Cleanup: 18576 ns, At safepoint: 19830 ns, Total: 74808 ns
[2025-05-08T02:15:03.352+0000][68][info ][safepoint   ] Safepoint "Cleanup", Time since last: 27005914375 ns, Reaching safepoint: 43645 ns, Cleanup: 14556 ns, At safepoint: 7817 ns, Total: 66018 ns
[2025-05-08T02:15:35.491+0000][68][info ][safepoint   ] Safepoint "Cleanup", Time since last: 32140757920 ns, Reaching safepoint: 25743 ns, Cleanup: 14899 ns, At safepoint: 75989 ns, Total: 116631 ns
[2025-05-08T02:15:37.384+0000][68][info ][safepoint   ] Safepoint "Cleanup", Time since last: 1892768020 ns, Reaching safepoint: 30707 ns, Cleanup: 16429 ns, At safepoint: 16162 ns, Total: 63298 ns
[2025-05-08T02:15:38.385+0000][68][info ][safepoint   ] Safepoint "Cleanup", Time since last: 1000918263 ns, Reaching safepoint: 35566 ns, Cleanup: 32121 ns, At safepoint: 18648 ns, Total: 86335 ns
[2025-05-08T02:15:58.387+0000][68][info ][safepoint   ] Safepoint "Cleanup", Time since last: 20004367774 ns, Reaching safepoint: 73264 ns, Cleanup: 16203 ns, At safepoint: 17235 ns, Total: 106702 ns
[2025-05-08T02:16:37.860+0000][68][info ][safepoint   ] Safepoint "Cleanup", Time since last: 39475553932 ns, Reaching safepoint: 66602 ns, Cleanup: 25915 ns, At safepoint: 31167 ns, Total: 123684 ns
[2025-05-08T02:16:39.425+0000][68][info ][safepoint   ] Safepoint "Cleanup", Time since last: 1564818667 ns, Reaching safepoint: 25082 ns, Cleanup: 12666 ns, At safepoint: 69530 ns, Total: 107278 ns
[2025-05-08T02:16:50.442+0000][68][info ][safepoint   ] Safepoint "Cleanup", Time since last: 11016663937 ns, Reaching safepoint: 126150 ns, Cleanup: 10727 ns, At safepoint: 22570 ns, Total: 159447 ns
[2025-05-08T02:17:14.897+0000][68][info ][safepoint   ] Safepoint "Cleanup", Time since last: 24456546408 ns, Reaching safepoint: 23862 ns, Cleanup: 13747 ns, At safepoint: 8557 ns, Total: 46166 ns
[2025-05-08T02:17:23.897+0000][68][info ][safepoint   ] Safepoint "Cleanup", Time since last: 9001915485 ns, Reaching safepoint: 82919 ns, Cleanup: 21458 ns, At safepoint: 11502 ns, Total: 115879 ns
[2025-05-08T02:17:37.901+0000][68][info ][safepoint   ] Safepoint "Cleanup", Time since last: 14003730869 ns, Reaching safepoint: 159801 ns, Cleanup: 17285 ns, At safepoint: 18174 ns, Total: 195260 ns
[2025-05-08T02:17:42.463+0000][68][info ][safepoint   ] Safepoint "Cleanup", Time since last: 4562037473 ns, Reaching safepoint: 20454 ns, Cleanup: 20077 ns, At safepoint: 77116 ns, Total: 117647 ns
[2025-05-08T02:17:48.488+0000][68][info ][safepoint   ] Safepoint "Cleanup", Time since last: 6024984475 ns, Reaching safepoint: 33158 ns, Cleanup: 18801 ns, At safepoint: 16632 ns, Total: 68591 ns
[2025-05-08T02:18:07.936+0000][68][info ][safepoint   ] Safepoint "Cleanup", Time since last: 19450304243 ns, Reaching safepoint: 37018 ns, Cleanup: 17940 ns, At safepoint: 17683 ns, Total: 72641 ns
[2025-05-08T02:18:17.938+0000][68][info ][safepoint   ] Safepoint "Cleanup", Time since last: 10002298614 ns, Reaching safepoint: 19053 ns, Cleanup: 21984 ns, At safepoint: 7906 ns, Total: 48943 ns
[2025-05-08T02:18:37.940+0000][68][info ][safepoint   ] Safepoint "Cleanup", Time since last: 20003955571 ns, Reaching safepoint: 69087 ns, Cleanup: 17245 ns, At safepoint: 30528 ns, Total: 116860 ns
[2025-05-08T02:18:56.192+0000][68][info ][safepoint   ] Safepoint "Cleanup", Time since last: 18254435823 ns, Reaching safepoint: 11500 ns, Cleanup: 19972 ns, At safepoint: 14618 ns, Total: 46090 ns
[2025-05-08T02:18:57.197+0000][68][info ][safepoint   ] Safepoint "Cleanup", Time since last: 1004498872 ns, Reaching safepoint: 89507 ns, Cleanup: 29191 ns, At safepoint: 46258 ns, Total: 164956 ns
[2025-05-08T02:19:08.454+0000][68][info ][safepoint   ] Safepoint "Cleanup", Time since last: 11257035528 ns, Reaching safepoint: 7821 ns, Cleanup: 8604 ns, At safepoint: 24622 ns, Total: 41047 ns
[2025-05-08T02:19:21.561+0000][68][info ][safepoint   ] Safepoint "Cleanup", Time since last: 13106812210 ns, Reaching safepoint: 35647 ns, Cleanup: 16235 ns, At safepoint: 17844 ns, Total: 69726 ns
[2025-05-08T02:19:22.793+0000][68][info ][safepoint   ] Safepoint "Cleanup", Time since last: 1234789393 ns, Reaching safepoint: 20919 ns, Cleanup: 19839 ns, At safepoint: 222137 ns, Total: 262895 ns
[2025-05-08T02:19:28.219+0000][68][info ][safepoint   ] Safepoint "Cleanup", Time since last: 5425946527 ns, Reaching safepoint: 31995 ns, Cleanup: 16087 ns, At safepoint: 14859 ns, Total: 62941 ns
[2025-05-08T02:19:33.221+0000][68][info ][safepoint   ] Safepoint "Cleanup", Time since last: 5001285381 ns, Reaching safepoint: 18101 ns, Cleanup: 11030 ns, At safepoint: 30351 ns, Total: 59482 ns
[2025-05-08T02:19:37.222+0000][68][info ][safepoint   ] Safepoint "Cleanup", Time since last: 4001200227 ns, Reaching safepoint: 187703 ns, Cleanup: 16637 ns, At safepoint: 120133 ns, Total: 324473 ns
[2025-05-08T02:19:47.625+0000][68][info ][safepoint   ] Safepoint "Cleanup", Time since last: 10402816311 ns, Reaching safepoint: 17118 ns, Cleanup: 18064 ns, At safepoint: 135130 ns, Total: 170312 ns
[2025-05-08T02:19:48.638+0000][68][info ][safepoint   ] Safepoint "Cleanup", Time since last: 1013162299 ns, Reaching safepoint: 16131 ns, Cleanup: 12303 ns, At safepoint: 71080 ns, Total: 99514 ns
[2025-05-08T02:19:56.654+0000][68][info ][safepoint   ] Safepoint "Cleanup", Time since last: 8017953084 ns, Reaching safepoint: 72831 ns, Cleanup: 17345 ns, At safepoint: 32433 ns, Total: 122609 ns
[2025-05-08T02:20:12.012+0000][68][info ][safepoint   ] Safepoint "Cleanup", Time since last: 15357481839 ns, Reaching safepoint: 67607 ns, Cleanup: 16264 ns, At safepoint: 18364 ns, Total: 102235 ns
[2025-05-08T02:20:45.312+0000][68][info ][safepoint   ] Safepoint "Cleanup", Time since last: 33302215158 ns, Reaching safepoint: 72288 ns, Cleanup: 16149 ns, At safepoint: 16687 ns, Total: 105124 ns
[2025-05-08T02:20:50.681+0000][68][info ][safepoint   ] Safepoint "Cleanup", Time since last: 5369150659 ns, Reaching safepoint: 18581 ns, Cleanup: 24653 ns, At safepoint: 99334 ns, Total: 142568 ns
[2025-05-08T02:21:39.054+0000][68][info ][safepoint   ] Safepoint "Cleanup", Time since last: 48377257902 ns, Reaching safepoint: 69981 ns, Cleanup: 13372 ns, At safepoint: 7880 ns, Total: 91233 ns
[2025-05-08T02:22:18.092+0000][68][info ][safepoint   ] Safepoint "Cleanup", Time since last: 39040118120 ns, Reaching safepoint: 132757 ns, Cleanup: 19934 ns, At safepoint: 28966 ns, Total: 181657 ns
[2025-05-08T02:22:56.455+0000][68][info ][safepoint   ] Safepoint "Cleanup", Time since last: 38366932060 ns, Reaching safepoint: 20547 ns, Cleanup: 13070 ns, At safepoint: 25282 ns, Total: 58899 ns
[2025-05-08T02:22:57.802+0000][68][info ][safepoint   ] Safepoint "Cleanup", Time since last: 1347364781 ns, Reaching safepoint: 47518 ns, Cleanup: 17565 ns, At safepoint: 8445 ns, Total: 73528 ns
[2025-05-08T02:23:41.819+0000][68][info ][safepoint   ] Safepoint "Cleanup", Time since last: 44019114198 ns, Reaching safepoint: 138776 ns, Cleanup: 15683 ns, At safepoint: 90248 ns, Total: 244707 ns
[2025-05-08T02:24:11.903+0000][68][info ][safepoint   ] Safepoint "Cleanup", Time since last: 30086032149 ns, Reaching safepoint: 31840 ns, Cleanup: 13464 ns, At safepoint: 74698 ns, Total: 120002 ns
[2025-05-08T02:24:35.423+0000][68][info ][safepoint   ] Safepoint "Cleanup", Time since last: 23522481741 ns, Reaching safepoint: 57379 ns, Cleanup: 11365 ns, At safepoint: 33386 ns, Total: 102130 ns
[2025-05-08T02:24:37.424+0000][68][info ][safepoint   ] Safepoint "Cleanup", Time since last: 2000915368 ns, Reaching safepoint: 23122 ns, Cleanup: 14463 ns, At safepoint: 9884 ns, Total: 47469 ns
[2025-05-08T02:24:41.426+0000][68][info ][safepoint   ] Safepoint "Cleanup", Time since last: 4001113705 ns, Reaching safepoint: 203952 ns, Cleanup: 16229 ns, At safepoint: 113154 ns, Total: 333335 ns
[2025-05-08T02:25:02.974+0000][68][info ][safepoint   ] Safepoint "Cleanup", Time since last: 21550406698 ns, Reaching safepoint: 23129 ns, Cleanup: 20532 ns, At safepoint: 69197 ns, Total: 112858 ns
[2025-05-08T02:25:24.201+0000][68][info ][safepoint   ] Safepoint "Cleanup", Time since last: 21229400430 ns, Reaching safepoint: 77016 ns, Cleanup: 17779 ns, At safepoint: 17029 ns, Total: 111824 ns
[2025-05-08T02:25:38.204+0000][68][info ][safepoint   ] Safepoint "Cleanup", Time since last: 14002774306 ns, Reaching safepoint: 36282 ns, Cleanup: 18744 ns, At safepoint: 17114 ns, Total: 72140 ns
[2025-05-08T02:26:05.486+0000][68][info ][safepoint   ] Safepoint "Cleanup", Time since last: 27283630202 ns, Reaching safepoint: 140423 ns, Cleanup: 24464 ns, At safepoint: 162318 ns, Total: 327205 ns
[2025-05-08T02:26:07.039+0000][68][info ][safepoint   ] Safepoint "Cleanup", Time since last: 1553161359 ns, Reaching safepoint: 37797 ns, Cleanup: 163063 ns, At safepoint: 25182 ns, Total: 226042 ns
[2025-05-08T02:26:23.236+0000][68][info ][safepoint   ] Safepoint "Cleanup", Time since last: 16199286530 ns, Reaching safepoint: 48877 ns, Cleanup: 13191 ns, At safepoint: 8859 ns, Total: 70927 ns
[2025-05-08T02:26:58.241+0000][68][info ][safepoint   ] Safepoint "Cleanup", Time since last: 35006194423 ns, Reaching safepoint: 71794 ns, Cleanup: 17664 ns, At safepoint: 17078 ns, Total: 106536 ns
[2025-05-08T02:27:08.481+0000][68][info ][safepoint   ] Safepoint "Cleanup", Time since last: 10240481976 ns, Reaching safepoint: 122638 ns, Cleanup: 11115 ns, At safepoint: 77712 ns, Total: 211465 ns
[2025-05-08T02:27:38.088+0000][68][info ][safepoint   ] Safepoint "Cleanup", Time since last: 29608887556 ns, Reaching safepoint: 74834 ns, Cleanup: 19673 ns, At safepoint: 17331 ns, Total: 111838 ns
[2025-05-08T02:28:11.486+0000][68][info ][safepoint   ] Safepoint "Cleanup", Time since last: 33400060813 ns, Reaching safepoint: 31946 ns, Cleanup: 13446 ns, At safepoint: 67639 ns, Total: 113031 ns
[2025-05-08T02:28:38.142+0000][68][info ][safepoint   ] Safepoint "Cleanup", Time since last: 26658355886 ns, Reaching safepoint: 51256 ns, Cleanup: 18517 ns, At safepoint: 8535 ns, Total: 78308 ns
[2025-05-08T02:29:07.351+0000][68][info ][safepoint   ] Safepoint "Cleanup", Time since last: 29210983011 ns, Reaching safepoint: 8813 ns, Cleanup: 10809 ns, At safepoint: 3474 ns, Total: 23096 ns
[2025-05-08T02:29:53.617+0000][68][info ][safepoint   ] Safepoint "Cleanup", Time since last: 46270558293 ns, Reaching safepoint: 138998 ns, Cleanup: 20422 ns, At safepoint: 17699 ns, Total: 177119 ns
[2025-05-08T02:29:56.619+0000][68][info ][safepoint   ] Safepoint "Cleanup", Time since last: 3001558977 ns, Reaching safepoint: 32545 ns, Cleanup: 16301 ns, At safepoint: 16906 ns, Total: 65752 ns
[2025-05-08T02:30:17.507+0000][68][info ][safepoint   ] Safepoint "Cleanup", Time since last: 20887633622 ns, Reaching safepoint: 33388 ns, Cleanup: 14137 ns, At safepoint: 70411 ns, Total: 117936 ns
[2025-05-08T02:30:19.250+0000][68][info ][safepoint   ] Safepoint "Cleanup", Time since last: 1742804510 ns, Reaching safepoint: 13327 ns, Cleanup: 13063 ns, At safepoint: 29747 ns, Total: 56137 ns
[2025-05-08T02:30:30.252+0000][68][info ][safepoint   ] Safepoint "Cleanup", Time since last: 11004497608 ns, Reaching safepoint: 72632 ns, Cleanup: 17882 ns, At safepoint: 17494 ns, Total: 108008 ns
[2025-05-08T02:30:53.254+0000][68][info ][safepoint   ] Safepoint "Cleanup", Time since last: 23004341892 ns, Reaching safepoint: 51325 ns, Cleanup: 18170 ns, At safepoint: 8691 ns, Total: 78186 ns
[2025-05-08T02:30:57.255+0000][68][info ][safepoint   ] Safepoint "Cleanup", Time since last: 4001285955 ns, Reaching safepoint: 34428 ns, Cleanup: 16297 ns, At safepoint: 17287 ns, Total: 68012 ns
[2025-05-08T02:31:07.425+0000][68][info ][safepoint   ] Safepoint "Cleanup", Time since last: 10169917376 ns, Reaching safepoint: 16678 ns, Cleanup: 16103 ns, At safepoint: 74206 ns, Total: 106987 ns
[2025-05-08T02:31:15.428+0000][68][info ][safepoint   ] Safepoint "Cleanup", Time since last: 8002218128 ns, Reaching safepoint: 163225 ns, Cleanup: 17979 ns, At safepoint: 21236 ns, Total: 202440 ns
[2025-05-08T02:31:20.444+0000][68][info ][safepoint   ] Safepoint "Cleanup", Time since last: 5015768581 ns, Reaching safepoint: 6981 ns, Cleanup: 6698 ns, At safepoint: 12911 ns, Total: 26590 ns
[2025-05-08T02:31:53.284+0000][68][info ][safepoint   ] Safepoint "Cleanup", Time since last: 32844776804 ns, Reaching safepoint: 23370 ns, Cleanup: 14211 ns, At safepoint: 8329 ns, Total: 45910 ns
[2025-05-08T02:32:23.473+0000][68][info ][safepoint   ] Safepoint "Cleanup", Time since last: 30191408654 ns, Reaching safepoint: 33605 ns, Cleanup: 11781 ns, At safepoint: 122679 ns, Total: 168065 ns
[2025-05-08T02:32:25.333+0000][68][info ][safepoint   ] Safepoint "Cleanup", Time since last: 1859145564 ns, Reaching safepoint: 72830 ns, Cleanup: 17252 ns, At safepoint: 31074 ns, Total: 121156 ns
[2025-05-08T02:32:54.336+0000][68][info ][safepoint   ] Safepoint "Cleanup", Time since last: 29005439382 ns, Reaching safepoint: 69685 ns, Cleanup: 14006 ns, At safepoint: 8290 ns, Total: 91981 ns
[2025-05-08T02:33:06.339+0000][68][info ][safepoint   ] Safepoint "Cleanup", Time since last: 12002584905 ns, Reaching safepoint: 48486 ns, Cleanup: 15101 ns, At safepoint: 9330 ns, Total: 72917 ns
[2025-05-08T02:33:23.504+0000][68][info ][safepoint   ] Safepoint "Cleanup", Time since last: 17166733254 ns, Reaching safepoint: 33363 ns, Cleanup: 18563 ns, At safepoint: 10512 ns, Total: 62438 ns
[2025-05-08T02:33:26.465+0000][68][info ][safepoint   ] Safepoint "Cleanup", Time since last: 2960829133 ns, Reaching safepoint: 8445 ns, Cleanup: 11121 ns, At safepoint: 3587 ns, Total: 23153 ns
[2025-05-08T02:33:28.377+0000][68][info ][safepoint   ] Safepoint "Cleanup", Time since last: 1912318394 ns, Reaching safepoint: 20836 ns, Cleanup: 18812 ns, At safepoint: 9116 ns, Total: 48764 ns
[2025-05-08T02:33:37.379+0000][68][info ][safepoint   ] Safepoint "Cleanup", Time since last: 9001958248 ns, Reaching safepoint: 343579 ns, Cleanup: 20336 ns, At safepoint: 92379 ns, Total: 456294 ns
[2025-05-08T02:33:38.380+0000][68][info ][safepoint   ] Safepoint "Cleanup", Time since last: 1000648738 ns, Reaching safepoint: 28558 ns, Cleanup: 16155 ns, At safepoint: 10769 ns, Total: 55482 ns
[2025-05-08T02:33:43.381+0000][68][info ][safepoint   ] Safepoint "Cleanup", Time since last: 5001245962 ns, Reaching safepoint: 75194 ns, Cleanup: 17115 ns, At safepoint: 17300 ns, Total: 109609 ns
[2025-05-08T02:33:53.380+0000][68][info ][safepoint   ] Safepoint "Cleanup", Time since last: 10002369805 ns, Reaching safepoint: 35344 ns, Cleanup: 17653 ns, At safepoint: 17874 ns, Total: 70871 ns
[2025-05-08T02:34:09.538+0000][68][info ][safepoint   ] Safepoint "Cleanup", Time since last: 16158179051 ns, Reaching safepoint: 34947 ns, Cleanup: 18106 ns, At safepoint: 17216 ns, Total: 70269 ns
[2025-05-08T02:34:11.539+0000][68][info ][safepoint   ] Safepoint "Cleanup", Time since last: 2001022469 ns, Reaching safepoint: 35349 ns, Cleanup: 27167 ns, At safepoint: 18911 ns, Total: 81427 ns
[2025-05-08T02:34:18.401+0000][68][info ][safepoint   ] Safepoint "Cleanup", Time since last: 6861187211 ns, Reaching safepoint: 29186 ns, Cleanup: 19609 ns, At safepoint: 71574 ns, Total: 120369 ns
[2025-05-08T02:34:19.410+0000][68][info ][safepoint   ] Safepoint "Cleanup", Time since last: 1008807398 ns, Reaching safepoint: 25846 ns, Cleanup: 15617 ns, At safepoint: 9514 ns, Total: 50977 ns
[2025-05-08T02:34:29.476+0000][68][info ][safepoint   ] Safepoint "Cleanup", Time since last: 10067877350 ns, Reaching safepoint: 13766 ns, Cleanup: 9168 ns, At safepoint: 18778 ns, Total: 41712 ns
[2025-05-08T02:34:30.508+0000][68][info ][safepoint   ] Safepoint "Cleanup", Time since last: 1032218441 ns, Reaching safepoint: 6683 ns, Cleanup: 8456 ns, At safepoint: 3225 ns, Total: 18364 ns
[2025-05-08T02:34:31.546+0000][68][info ][safepoint   ] Safepoint "Cleanup", Time since last: 1037546087 ns, Reaching safepoint: 162073 ns, Cleanup: 57136 ns, At safepoint: 112262 ns, Total: 331471 ns
[2025-05-08T02:34:36.550+0000][68][info ][safepoint   ] Safepoint "Cleanup", Time since last: 5004350912 ns, Reaching safepoint: 32441 ns, Cleanup: 15906 ns, At safepoint: 16435 ns, Total: 64782 ns
[2025-05-08T02:35:23.578+0000][68][info ][safepoint   ] Safepoint "Cleanup", Time since last: 47031530496 ns, Reaching safepoint: 30212 ns, Cleanup: 17897 ns, At safepoint: 11809 ns, Total: 59918 ns
[2025-05-08T02:35:28.580+0000][68][info ][safepoint   ] Safepoint "Cleanup", Time since last: 5001290991 ns, Reaching safepoint: 29866 ns, Cleanup: 16959 ns, At safepoint: 11539 ns, Total: 58364 ns
[2025-05-08T02:35:45.607+0000][68][info ][safepoint   ] Safepoint "Cleanup", Time since last: 17027774431 ns, Reaching safepoint: 77633 ns, Cleanup: 18390 ns, At safepoint: 32852 ns, Total: 128875 ns
[2025-05-08T02:35:52.606+0000][68][info ][safepoint   ] Safepoint "Cleanup", Time since last: 7001675592 ns, Reaching safepoint: 34472 ns, Cleanup: 19564 ns, At safepoint: 15578 ns, Total: 69614 ns
[2025-05-08T02:35:56.608+0000][68][info ][safepoint   ] Safepoint "Cleanup", Time since last: 4001458449 ns, Reaching safepoint: 28149 ns, Cleanup: 16141 ns, At safepoint: 10237 ns, Total: 54527 ns
[2025-05-08T02:36:11.433+0000][68][info ][safepoint   ] Safepoint "Cleanup", Time since last: 14825401667 ns, Reaching safepoint: 7842 ns, Cleanup: 6602 ns, At safepoint: 3091 ns, Total: 17535 ns
[2025-05-08T02:36:13.003+0000][68][info ][safepoint   ] Safepoint "Cleanup", Time since last: 1569947935 ns, Reaching safepoint: 32411 ns, Cleanup: 22854 ns, At safepoint: 15726 ns, Total: 70991 ns
[2025-05-08T02:36:25.045+0000][68][info ][safepoint   ] Safepoint "Cleanup", Time since last: 12043458452 ns, Reaching safepoint: 35985 ns, Cleanup: 17569 ns, At safepoint: 17640 ns, Total: 71194 ns
[2025-05-08T02:36:29.046+0000][68][info ][safepoint   ] Safepoint "Cleanup", Time since last: 4001426227 ns, Reaching safepoint: 36811 ns, Cleanup: 18398 ns, At safepoint: 17810 ns, Total: 73019 ns
[2025-05-08T02:36:35.642+0000][68][info ][safepoint   ] Safepoint "Cleanup", Time since last: 6595918929 ns, Reaching safepoint: 16992 ns, Cleanup: 20184 ns, At safepoint: 91417 ns, Total: 128593 ns
[2025-05-08T02:36:37.663+0000][68][info ][safepoint   ] Safepoint "Cleanup", Time since last: 2020837618 ns, Reaching safepoint: 32967 ns, Cleanup: 19643 ns, At safepoint: 15622 ns, Total: 68232 ns
[2025-05-08T02:36:40.664+0000][68][info ][safepoint   ] Safepoint "Cleanup", Time since last: 3001070440 ns, Reaching safepoint: 37700 ns, Cleanup: 24642 ns, At safepoint: 19729 ns, Total: 82071 ns
[2025-05-08T02:36:58.666+0000][68][info ][safepoint   ] Safepoint "Cleanup", Time since last: 18003906067 ns, Reaching safepoint: 78885 ns, Cleanup: 20734 ns, At safepoint: 92739 ns, Total: 192358 ns
[2025-05-08T02:37:23.651+0000][68][info ][safepoint   ] Safepoint "Cleanup", Time since last: 24986917176 ns, Reaching safepoint: 75777 ns, Cleanup: 19124 ns, At safepoint: 16519 ns, Total: 111420 ns
[2025-05-08T02:37:37.654+0000][68][info ][safepoint   ] Safepoint "Cleanup", Time since last: 14003052284 ns, Reaching safepoint: 33813 ns, Cleanup: 19935 ns, At safepoint: 17728 ns, Total: 71476 ns
[2025-05-08T02:37:38.683+0000][68][info ][safepoint   ] Safepoint "Cleanup", Time since last: 1028902978 ns, Reaching safepoint: 37239 ns, Cleanup: 19250 ns, At safepoint: 78489 ns, Total: 134978 ns
[2025-05-08T02:38:01.707+0000][68][info ][safepoint   ] Safepoint "Cleanup", Time since last: 23026023028 ns, Reaching safepoint: 22623 ns, Cleanup: 16176 ns, At safepoint: 9837 ns, Total: 48636 ns
[2025-05-08T02:38:11.688+0000][68][info ][safepoint   ] Safepoint "Cleanup", Time since last: 9980308587 ns, Reaching safepoint: 36969 ns, Cleanup: 28931 ns, At safepoint: 18038 ns, Total: 83938 ns
[2025-05-08T02:38:28.689+0000][68][info ][safepoint   ] Safepoint "Cleanup", Time since last: 17003196920 ns, Reaching safepoint: 72921 ns, Cleanup: 28081 ns, At safepoint: 31579 ns, Total: 132581 ns
[2025-05-08T02:38:44.792+0000][68][info ][safepoint   ] Safepoint "Cleanup", Time since last: 16103057171 ns, Reaching safepoint: 13395 ns, Cleanup: 19773 ns, At safepoint: 83004 ns, Total: 116172 ns
[2025-05-08T02:38:52.772+0000][68][info ][safepoint   ] Safepoint "Cleanup", Time since last: 7982148631 ns, Reaching safepoint: 30858 ns, Cleanup: 13934 ns, At safepoint: 67463 ns, Total: 112255 ns
[2025-05-08T02:39:11.722+0000][68][info ][safepoint   ] Safepoint "Cleanup", Time since last: 18950188389 ns, Reaching safepoint: 33360 ns, Cleanup: 16636 ns, At safepoint: 15855 ns, Total: 65851 ns
[2025-05-08T02:39:18.724+0000][68][info ][safepoint   ] Safepoint "Cleanup", Time since last: 7001676033 ns, Reaching safepoint: 36857 ns, Cleanup: 26088 ns, At safepoint: 17970 ns, Total: 80915 ns
[2025-05-08T02:39:44.920+0000][68][info ][safepoint   ] Safepoint "Cleanup", Time since last: 26197439049 ns, Reaching safepoint: 437637 ns, Cleanup: 8779 ns, At safepoint: 60843 ns, Total: 507259 ns
[2025-05-08T02:39:52.929+0000][68][info ][safepoint   ] Safepoint "Cleanup", Time since last: 8012074851 ns, Reaching safepoint: 155439 ns, Cleanup: 23011 ns, At safepoint: 21470 ns, Total: 199920 ns
[2025-05-08T02:39:56.409+0000][68][info ][gc,start    ] GC(20) Pause Young (Normal) (G1 Evacuation Pause)
[2025-05-08T02:39:56.413+0000][68][info ][gc,task     ] GC(20) Using 10 workers of 10 for evacuation
[2025-05-08T02:39:56.414+0000][68][debug][gc,age      ] GC(20) Desired survivor size 109051904 bytes, new threshold 15 (max threshold 15)
[2025-05-08T02:39:56.459+0000][68][info ][gc,phases   ] GC(20)   Pre Evacuate Collection Set: 7.68ms
[2025-05-08T02:39:56.459+0000][68][info ][gc,phases   ] GC(20)   Merge Heap Roots: 1.71ms
[2025-05-08T02:39:56.460+0000][68][info ][gc,phases   ] GC(20)   Evacuate Collection Set: 22.67ms
[2025-05-08T02:39:56.461+0000][68][info ][gc,phases   ] GC(20)   Post Evacuate Collection Set: 5.00ms
[2025-05-08T02:39:56.462+0000][68][info ][gc,phases   ] GC(20)   Other: 10.57ms
[2025-05-08T02:39:56.462+0000][68][trace][gc,age      ] GC(20) Age table with threshold 15 (max threshold 15)
[2025-05-08T02:39:56.463+0000][68][trace][gc,age      ] GC(20) - age   1:    1151376 bytes,    1151376 total
[2025-05-08T02:39:56.463+0000][68][trace][gc,age      ] GC(20) - age   2:      94408 bytes,    1245784 total
[2025-05-08T02:39:56.464+0000][68][trace][gc,age      ] GC(20) - age   3:     530360 bytes,    1776144 total
[2025-05-08T02:39:56.465+0000][68][trace][gc,age      ] GC(20) - age   4:     564776 bytes,    2340920 total
[2025-05-08T02:39:56.465+0000][68][trace][gc,age      ] GC(20) - age   5:    3394696 bytes,    5735616 total
[2025-05-08T02:39:56.465+0000][68][info ][gc,heap     ] GC(20) Eden regions: 408->0(580)
[2025-05-08T02:39:56.466+0000][68][info ][gc,heap     ] GC(20) Survivor regions: 2->2(52)
[2025-05-08T02:39:56.466+0000][68][info ][gc,heap     ] GC(20) Old regions: 29->29
[2025-05-08T02:39:56.467+0000][68][info ][gc,heap     ] GC(20) Humongous regions: 0->0
[2025-05-08T02:39:56.467+0000][68][info ][gc,metaspace] GC(20) Metaspace: 149994K(154048K)->149994K(154048K) NonClass: 129653K(131840K)->129653K(131840K) Class: 20341K(22208K)->20341K(22208K)
[2025-05-08T02:39:56.468+0000][68][info ][gc          ] GC(20) Pause Young (Normal) (G1 Evacuation Pause) 1751M->118M(3880M) 58.787ms
[2025-05-08T02:39:56.468+0000][68][info ][gc,cpu      ] GC(20) User=0.27s Sys=0.02s Real=0.06s
[2025-05-08T02:39:56.469+0000][68][info ][safepoint   ] Safepoint "G1CollectForAllocation", Time since last: 3478585656 ns, Reaching safepoint: 33241 ns, Cleanup: 5435 ns, At safepoint: 60787453 ns, Total: 60826129 ns
[2025-05-08T02:39:58.470+0000][68][info ][safepoint   ] Safepoint "Cleanup", Time since last: 2000821775 ns, Reaching safepoint: 34366 ns, Cleanup: 16471 ns, At safepoint: 17338 ns, Total: 68175 ns
[2025-05-08T02:40:45.762+0000][68][info ][safepoint   ] Safepoint "Cleanup", Time since last: 47296226232 ns, Reaching safepoint: 78089 ns, Cleanup: 20556 ns, At safepoint: 19128 ns, Total: 117773 ns
[2025-05-08T02:40:47.459+0000][68][info ][safepoint   ] Safepoint "Cleanup", Time since last: 1697035933 ns, Reaching safepoint: 27223 ns, Cleanup: 12936 ns, At safepoint: 15314 ns, Total: 55473 ns
[2025-05-08T02:40:48.966+0000][68][info ][safepoint   ] Safepoint "Cleanup", Time since last: 1507322275 ns, Reaching safepoint: 34762 ns, Cleanup: 19150 ns, At safepoint: 17710 ns, Total: 71622 ns
[2025-05-08T02:40:52.967+0000][68][info ][safepoint   ] Safepoint "Cleanup", Time since last: 4001043619 ns, Reaching safepoint: 33790 ns, Cleanup: 16551 ns, At safepoint: 16521 ns, Total: 66862 ns
[2025-05-08T02:40:58.969+0000][68][info ][safepoint   ] Safepoint "Cleanup", Time since last: 6001479507 ns, Reaching safepoint: 26651 ns, Cleanup: 18697 ns, At safepoint: 10612 ns, Total: 55960 ns
[2025-05-08T02:41:07.795+0000][68][info ][safepoint   ] Safepoint "Cleanup", Time since last: 8826449652 ns, Reaching safepoint: 30038 ns, Cleanup: 12187 ns, At safepoint: 3428 ns, Total: 45653 ns
[2025-05-08T02:41:08.796+0000][68][info ][safepoint   ] Safepoint "Cleanup", Time since last: 1000711272 ns, Reaching safepoint: 20913 ns, Cleanup: 14062 ns, At safepoint: 9214 ns, Total: 44189 ns
[2025-05-08T02:41:15.798+0000][68][info ][safepoint   ] Safepoint "Cleanup", Time since last: 7001469791 ns, Reaching safepoint: 36815 ns, Cleanup: 18074 ns, At safepoint: 18435 ns, Total: 73324 ns
[2025-05-08T02:41:37.800+0000][68][info ][safepoint   ] Safepoint "Cleanup", Time since last: 22004859749 ns, Reaching safepoint: 74326 ns, Cleanup: 22495 ns, At safepoint: 17418 ns, Total: 114239 ns
[2025-05-08T02:41:42.802+0000][68][info ][safepoint   ] Safepoint "Cleanup", Time since last: 5001459602 ns, Reaching safepoint: 35502 ns, Cleanup: 19480 ns, At safepoint: 58646 ns, Total: 113628 ns
[2025-05-08T02:41:50.456+0000][68][info ][safepoint   ] Safepoint "Cleanup", Time since last: 7653879364 ns, Reaching safepoint: 15027 ns, Cleanup: 17525 ns, At safepoint: 81423 ns, Total: 113975 ns
[2025-05-08T02:41:52.020+0000][68][info ][safepoint   ] Safepoint "Cleanup", Time since last: 1564551429 ns, Reaching safepoint: 36626 ns, Cleanup: 17780 ns, At safepoint: 17203 ns, Total: 71609 ns
[2025-05-08T02:42:18.837+0000][68][info ][safepoint   ] Safepoint "Cleanup", Time since last: 26818808461 ns, Reaching safepoint: 35464 ns, Cleanup: 19180 ns, At safepoint: 17601 ns, Total: 72245 ns
[2025-05-08T02:42:37.839+0000][68][info ][safepoint   ] Safepoint "Cleanup", Time since last: 19003740580 ns, Reaching safepoint: 83710 ns, Cleanup: 18606 ns, At safepoint: 52855 ns, Total: 155171 ns
[2025-05-08T02:42:45.841+0000][68][info ][safepoint   ] Safepoint "Cleanup", Time since last: 8001660295 ns, Reaching safepoint: 27953 ns, Cleanup: 15644 ns, At safepoint: 10446 ns, Total: 54043 ns
[2025-05-08T02:43:03.077+0000][68][info ][safepoint   ] Safepoint "Cleanup", Time since last: 17238357595 ns, Reaching safepoint: 77994 ns, Cleanup: 17667 ns, At safepoint: 17676 ns, Total: 113337 ns
[2025-05-08T02:43:32.876+0000][68][info ][safepoint   ] Safepoint "Cleanup", Time since last: 29801260744 ns, Reaching safepoint: 49152 ns, Cleanup: 13616 ns, At safepoint: 8001 ns, Total: 70769 ns
[2025-05-08T02:43:48.879+0000][68][info ][safepoint   ] Safepoint "Cleanup", Time since last: 16003154159 ns, Reaching safepoint: 34797 ns, Cleanup: 20313 ns, At safepoint: 16836 ns, Total: 71946 ns
[2025-05-08T02:43:56.473+0000][68][info ][safepoint   ] Safepoint "Cleanup", Time since last: 7595776204 ns, Reaching safepoint: 9373 ns, Cleanup: 9034 ns, At safepoint: 4281 ns, Total: 22688 ns
[2025-05-08T02:44:24.148+0000][68][info ][safepoint   ] Safepoint "Cleanup", Time since last: 27676957349 ns, Reaching safepoint: 56501 ns, Cleanup: 13772 ns, At safepoint: 26455 ns, Total: 96728 ns
[2025-05-08T02:44:52.766+0000][68][info ][safepoint   ] Safepoint "Cleanup", Time since last: 28620313823 ns, Reaching safepoint: 7322 ns, Cleanup: 8729 ns, At safepoint: 14432 ns, Total: 30483 ns
[2025-05-08T02:44:59.507+0000][68][info ][safepoint   ] Safepoint "Cleanup", Time since last: 6741842766 ns, Reaching safepoint: 16672 ns, Cleanup: 10129 ns, At safepoint: 6384 ns, Total: 33185 ns
[2025-05-08T02:45:01.240+0000][68][info ][safepoint   ] Safepoint "Cleanup", Time since last: 1731945078 ns, Reaching safepoint: 14512 ns, Cleanup: 21453 ns, At safepoint: 79748 ns, Total: 115713 ns
[2025-05-08T02:46:37.999+0000][68][info ][safepoint   ] Safepoint "Cleanup", Time since last: 96766038583 ns, Reaching safepoint: 188171 ns, Cleanup: 20250 ns, At safepoint: 23066 ns, Total: 231487 ns
[2025-05-08T02:47:38.036+0000][68][info ][safepoint   ] Safepoint "Cleanup", Time since last: 60041033605 ns, Reaching safepoint: 70570 ns, Cleanup: 17108 ns, At safepoint: 51662 ns, Total: 139340 ns
[2025-05-08T02:48:04.040+0000][68][info ][safepoint   ] Safepoint "Cleanup", Time since last: 26005670622 ns, Reaching safepoint: 71149 ns, Cleanup: 17347 ns, At safepoint: 30996 ns, Total: 119492 ns
[2025-05-08T02:48:09.362+0000][68][info ][safepoint   ] Safepoint "Cleanup", Time since last: 5322243237 ns, Reaching safepoint: 14994 ns, Cleanup: 17627 ns, At safepoint: 82912 ns, Total: 115533 ns
[2025-05-08T02:49:11.432+0000][68][info ][safepoint   ] Safepoint "Cleanup", Time since last: 62073253764 ns, Reaching safepoint: 1135553 ns, Cleanup: 22609 ns, At safepoint: 192127 ns, Total: 1350289 ns
[2025-05-08T02:49:13.422+0000][68][info ][safepoint   ] Safepoint "Cleanup", Time since last: 1989027522 ns, Reaching safepoint: 38140 ns, Cleanup: 17800 ns, At safepoint: 16744 ns, Total: 72684 ns
[2025-05-08T02:49:27.433+0000][68][info ][safepoint   ] Safepoint "Cleanup", Time since last: 14014141026 ns, Reaching safepoint: 181174 ns, Cleanup: 11724 ns, At safepoint: 48563 ns, Total: 241461 ns
[2025-05-08T02:49:33.478+0000][68][info ][safepoint   ] Safepoint "Cleanup", Time since last: 6044755939 ns, Reaching safepoint: 32997 ns, Cleanup: 16935 ns, At safepoint: 16336 ns, Total: 66268 ns
[2025-05-08T02:49:37.479+0000][68][info ][safepoint   ] Safepoint "Cleanup", Time since last: 4001153567 ns, Reaching safepoint: 37634 ns, Cleanup: 21965 ns, At safepoint: 19652 ns, Total: 79251 ns
[2025-05-08T02:50:11.641+0000][68][info ][safepoint   ] Safepoint "Cleanup", Time since last: 34165365846 ns, Reaching safepoint: 7436 ns, Cleanup: 6119 ns, At safepoint: 5515 ns, Total: 19070 ns
[2025-05-08T02:50:14.434+0000][68][info ][safepoint   ] Safepoint "Cleanup", Time since last: 2793082341 ns, Reaching safepoint: 32582 ns, Cleanup: 15169 ns, At safepoint: 68916 ns, Total: 116667 ns
[2025-05-08T02:50:15.552+0000][68][info ][safepoint   ] Safepoint "Cleanup", Time since last: 1117908766 ns, Reaching safepoint: 23855 ns, Cleanup: 18263 ns, At safepoint: 67387 ns, Total: 109505 ns
[2025-05-08T02:51:17.552+0000][68][info ][safepoint   ] Safepoint "Cleanup", Time since last: 62002902869 ns, Reaching safepoint: 11081 ns, Cleanup: 15110 ns, At safepoint: 14548 ns, Total: 40739 ns
[2025-05-08T02:51:20.576+0000][68][info ][safepoint   ] Safepoint "Cleanup", Time since last: 3024127041 ns, Reaching safepoint: 39771 ns, Cleanup: 17998 ns, At safepoint: 19239 ns, Total: 77008 ns
[2025-05-08T02:51:22.576+0000][68][info ][safepoint   ] Safepoint "Cleanup", Time since last: 2001006921 ns, Reaching safepoint: 71211 ns, Cleanup: 15932 ns, At safepoint: 33148 ns, Total: 120291 ns
[2025-05-08T02:51:37.579+0000][68][info ][safepoint   ] Safepoint "Cleanup", Time since last: 15003250267 ns, Reaching safepoint: 65199 ns, Cleanup: 17747 ns, At safepoint: 10242 ns, Total: 93188 ns
[2025-05-08T02:51:39.582+0000][68][info ][safepoint   ] Safepoint "Cleanup", Time since last: 2002427858 ns, Reaching safepoint: 34367 ns, Cleanup: 18929 ns, At safepoint: 16689 ns, Total: 69985 ns
[2025-05-08T02:51:59.732+0000][68][info ][safepoint   ] Safepoint "Cleanup", Time since last: 20152568564 ns, Reaching safepoint: 35240 ns, Cleanup: 16877 ns, At safepoint: 73035 ns, Total: 125152 ns
[2025-05-08T02:52:18.226+0000][68][info ][safepoint   ] Safepoint "Cleanup", Time since last: 18494058469 ns, Reaching safepoint: 96691 ns, Cleanup: 11698 ns, At safepoint: 26633 ns, Total: 135022 ns
[2025-05-08T02:52:20.614+0000][68][info ][safepoint   ] Safepoint "Cleanup", Time since last: 2387397231 ns, Reaching safepoint: 8068 ns, Cleanup: 8949 ns, At safepoint: 3464 ns, Total: 20481 ns
[2025-05-08T02:52:37.635+0000][68][info ][safepoint   ] Safepoint "Cleanup", Time since last: 17023602421 ns, Reaching safepoint: 69752 ns, Cleanup: 24311 ns, At safepoint: 16920 ns, Total: 110983 ns
[2025-05-08T02:53:28.678+0000][68][info ][safepoint   ] Safepoint "Cleanup", Time since last: 51046504640 ns, Reaching safepoint: 86249 ns, Cleanup: 18655 ns, At safepoint: 69173 ns, Total: 174077 ns
[2025-05-08T02:53:29.679+0000][68][info ][safepoint   ] Safepoint "Cleanup", Time since last: 1000703175 ns, Reaching safepoint: 32248 ns, Cleanup: 15671 ns, At safepoint: 16918 ns, Total: 64837 ns
[2025-05-08T02:53:47.699+0000][68][info ][safepoint   ] Safepoint "Cleanup", Time since last: 18020084707 ns, Reaching safepoint: 109968 ns, Cleanup: 17723 ns, At safepoint: 46708 ns, Total: 174399 ns
[2025-05-08T02:53:59.716+0000][68][info ][safepoint   ] Safepoint "Cleanup", Time since last: 12019506981 ns, Reaching safepoint: 74759 ns, Cleanup: 17725 ns, At safepoint: 33068 ns, Total: 125552 ns
[2025-05-08T02:54:27.771+0000][68][info ][safepoint   ] Safepoint "Cleanup", Time since last: 28056774994 ns, Reaching safepoint: 31180 ns, Cleanup: 16219 ns, At safepoint: 15970 ns, Total: 63369 ns
[2025-05-08T02:54:29.440+0000][68][info ][safepoint   ] Safepoint "Cleanup", Time since last: 1669206227 ns, Reaching safepoint: 6293 ns, Cleanup: 7218 ns, At safepoint: 17057 ns, Total: 30568 ns
[2025-05-08T02:54:30.808+0000][68][info ][safepoint   ] Safepoint "Cleanup", Time since last: 1368638602 ns, Reaching safepoint: 19441 ns, Cleanup: 16039 ns, At safepoint: 8046 ns, Total: 43526 ns
[2025-05-08T02:54:32.837+0000][68][info ][safepoint   ] Safepoint "Cleanup", Time since last: 2028215939 ns, Reaching safepoint: 90703 ns, Cleanup: 18513 ns, At safepoint: 19067 ns, Total: 128283 ns
[2025-05-08T02:54:37.839+0000][68][info ][safepoint   ] Safepoint "Cleanup", Time since last: 5001671209 ns, Reaching safepoint: 33174 ns, Cleanup: 18127 ns, At safepoint: 16342 ns, Total: 67643 ns
[2025-05-08T02:54:41.840+0000][68][info ][safepoint   ] Safepoint "Cleanup", Time since last: 4001263557 ns, Reaching safepoint: 72317 ns, Cleanup: 19356 ns, At safepoint: 136702 ns, Total: 228375 ns
[2025-05-08T02:55:09.344+0000][68][info ][safepoint   ] Safepoint "Cleanup", Time since last: 27505676867 ns, Reaching safepoint: 37756 ns, Cleanup: 17815 ns, At safepoint: 18907 ns, Total: 74478 ns
[2025-05-08T02:55:18.346+0000][68][info ][safepoint   ] Safepoint "Cleanup", Time since last: 9002167760 ns, Reaching safepoint: 18855 ns, Cleanup: 12479 ns, At safepoint: 8505 ns, Total: 39839 ns
[2025-05-08T02:55:28.347+0000][68][info ][safepoint   ] Safepoint "Cleanup", Time since last: 10002262347 ns, Reaching safepoint: 67251 ns, Cleanup: 18168 ns, At safepoint: 30790 ns, Total: 116209 ns
[2025-05-08T02:55:37.865+0000][68][info ][safepoint   ] Safepoint "Cleanup", Time since last: 9517453740 ns, Reaching safepoint: 32710 ns, Cleanup: 21018 ns, At safepoint: 16363 ns, Total: 70091 ns
[2025-05-08T02:55:39.865+0000][68][info ][safepoint   ] Safepoint "Cleanup", Time since last: 2000777245 ns, Reaching safepoint: 36374 ns, Cleanup: 18421 ns, At safepoint: 17812 ns, Total: 72607 ns
[2025-05-08T02:55:52.866+0000][68][info ][safepoint   ] Safepoint "Cleanup", Time since last: 13002921232 ns, Reaching safepoint: 147893 ns, Cleanup: 17603 ns, At safepoint: 18369 ns, Total: 183865 ns
[2025-05-08T02:56:18.392+0000][68][info ][safepoint   ] Safepoint "Cleanup", Time since last: 25525438081 ns, Reaching safepoint: 102057 ns, Cleanup: 25905 ns, At safepoint: 13831 ns, Total: 141793 ns
[2025-05-08T02:56:32.392+0000][68][info ][safepoint   ] Safepoint "Cleanup", Time since last: 14003209468 ns, Reaching safepoint: 19057 ns, Cleanup: 10710 ns, At safepoint: 7122 ns, Total: 36889 ns
[2025-05-08T02:56:37.943+0000][68][info ][safepoint   ] Safepoint "Cleanup", Time since last: 5550282894 ns, Reaching safepoint: 20524 ns, Cleanup: 17661 ns, At safepoint: 8759 ns, Total: 46944 ns
[2025-05-08T02:56:56.945+0000][68][info ][safepoint   ] Safepoint "Cleanup", Time since last: 19003962421 ns, Reaching safepoint: 71917 ns, Cleanup: 19598 ns, At safepoint: 16495 ns, Total: 108010 ns
[2025-05-08T02:57:37.990+0000][68][info ][safepoint   ] Safepoint "Cleanup", Time since last: 41046594678 ns, Reaching safepoint: 33036 ns, Cleanup: 20563 ns, At safepoint: 10322 ns, Total: 63921 ns
[2025-05-08T02:58:37.471+0000][68][info ][safepoint   ] Safepoint "Cleanup", Time since last: 59485080029 ns, Reaching safepoint: 70283 ns, Cleanup: 17501 ns, At safepoint: 16712 ns, Total: 104496 ns
[2025-05-08T02:58:39.015+0000][68][info ][safepoint   ] Safepoint "Cleanup", Time since last: 1543714272 ns, Reaching safepoint: 23845 ns, Cleanup: 13699 ns, At safepoint: 74362 ns, Total: 111906 ns
[2025-05-08T02:58:40.046+0000][68][info ][safepoint   ] Safepoint "Cleanup", Time since last: 1030868049 ns, Reaching safepoint: 32572 ns, Cleanup: 16939 ns, At safepoint: 14794 ns, Total: 64305 ns
[2025-05-08T02:58:43.047+0000][68][info ][safepoint   ] Safepoint "Cleanup", Time since last: 3000941158 ns, Reaching safepoint: 19440 ns, Cleanup: 12481 ns, At safepoint: 7485 ns, Total: 39406 ns
[2025-05-08T02:58:54.047+0000][68][info ][safepoint   ] Safepoint "Cleanup", Time since last: 11002357757 ns, Reaching safepoint: 45470 ns, Cleanup: 13059 ns, At safepoint: 6856 ns, Total: 65385 ns
[2025-05-08T02:59:41.434+0000][68][info ][safepoint   ] Safepoint "Cleanup", Time since last: 47389464561 ns, Reaching safepoint: 15572 ns, Cleanup: 16812 ns, At safepoint: 133590 ns, Total: 165974 ns
[2025-05-08T02:59:43.157+0000][68][info ][safepoint   ] Safepoint "Cleanup", Time since last: 1723348648 ns, Reaching safepoint: 32298 ns, Cleanup: 16746 ns, At safepoint: 16353 ns, Total: 65397 ns
[2025-05-08T03:00:13.549+0000][68][info ][safepoint   ] Safepoint "Cleanup", Time since last: 30393066939 ns, Reaching safepoint: 35327 ns, Cleanup: 18425 ns, At safepoint: 17621 ns, Total: 71373 ns
[2025-05-08T03:00:23.549+0000][68][info ][safepoint   ] Safepoint "Cleanup", Time since last: 10002641636 ns, Reaching safepoint: 32606 ns, Cleanup: 19353 ns, At safepoint: 17242 ns, Total: 69201 ns
[2025-05-08T03:00:44.425+0000][68][info ][safepoint   ] Safepoint "Cleanup", Time since last: 20875552312 ns, Reaching safepoint: 16027 ns, Cleanup: 18889 ns, At safepoint: 84463 ns, Total: 119379 ns
[2025-05-08T03:00:53.217+0000][68][info ][safepoint   ] Safepoint "Cleanup", Time since last: 8793893270 ns, Reaching safepoint: 36771 ns, Cleanup: 19328 ns, At safepoint: 18008 ns, Total: 74107 ns
[2025-05-08T03:01:14.589+0000][68][info ][safepoint   ] Safepoint "Cleanup", Time since last: 21372622385 ns, Reaching safepoint: 38103 ns, Cleanup: 19238 ns, At safepoint: 20474 ns, Total: 77815 ns
[2025-05-08T03:01:38.593+0000][68][info ][safepoint   ] Safepoint "Cleanup", Time since last: 24004850068 ns, Reaching safepoint: 88265 ns, Cleanup: 19986 ns, At safepoint: 10548 ns, Total: 118799 ns
[2025-05-08T03:01:48.241+0000][68][info ][safepoint   ] Safepoint "Cleanup", Time since last: 9647831528 ns, Reaching safepoint: 27102 ns, Cleanup: 14962 ns, At safepoint: 68408 ns, Total: 110472 ns
[2025-05-08T03:01:58.260+0000][68][info ][safepoint   ] Safepoint "Cleanup", Time since last: 10021734952 ns, Reaching safepoint: 22976 ns, Cleanup: 14058 ns, At safepoint: 9636 ns, Total: 46670 ns
[2025-05-08T03:01:59.855+0000][68][info ][safepoint   ] Safepoint "Cleanup", Time since last: 1595248416 ns, Reaching safepoint: 36548 ns, Cleanup: 28725 ns, At safepoint: 17834 ns, Total: 83107 ns
[2025-05-08T03:02:18.625+0000][68][info ][safepoint   ] Safepoint "Cleanup", Time since last: 18769705305 ns, Reaching safepoint: 38906 ns, Cleanup: 22053 ns, At safepoint: 19994 ns, Total: 80953 ns
[2025-05-08T03:02:37.627+0000][68][info ][safepoint   ] Safepoint "Cleanup", Time since last: 19003913410 ns, Reaching safepoint: 46906 ns, Cleanup: 15805 ns, At safepoint: 15319 ns, Total: 78030 ns
[2025-05-08T03:03:08.115+0000][68][info ][safepoint   ] Safepoint "Cleanup", Time since last: 30490581564 ns, Reaching safepoint: 35625 ns, Cleanup: 16927 ns, At safepoint: 16898 ns, Total: 69450 ns
[2025-05-08T03:03:37.663+0000][68][info ][safepoint   ] Safepoint "Cleanup", Time since last: 29549916192 ns, Reaching safepoint: 365764 ns, Cleanup: 16621 ns, At safepoint: 104319 ns, Total: 486704 ns
[2025-05-08T03:03:44.665+0000][68][info ][safepoint   ] Safepoint "Cleanup", Time since last: 7001850377 ns, Reaching safepoint: 21754 ns, Cleanup: 30959 ns, At safepoint: 8675 ns, Total: 61388 ns
[2025-05-08T03:04:03.154+0000][68][info ][safepoint   ] Safepoint "Cleanup", Time since last: 18490194546 ns, Reaching safepoint: 7546 ns, Cleanup: 10701 ns, At safepoint: 16445 ns, Total: 34692 ns
[2025-05-08T03:04:04.199+0000][68][info ][safepoint   ] Safepoint "Cleanup", Time since last: 1044528949 ns, Reaching safepoint: 24396 ns, Cleanup: 15620 ns, At safepoint: 8713 ns, Total: 48729 ns
[2025-05-08T03:04:07.200+0000][68][info ][safepoint   ] Safepoint "Cleanup", Time since last: 3000893999 ns, Reaching safepoint: 20618 ns, Cleanup: 18099 ns, At safepoint: 8842 ns, Total: 47559 ns
[2025-05-08T03:04:08.200+0000][68][info ][safepoint   ] Safepoint "Cleanup", Time since last: 1000667252 ns, Reaching safepoint: 23006 ns, Cleanup: 31420 ns, At safepoint: 10200 ns, Total: 64626 ns
[2025-05-08T03:04:11.696+0000][68][info ][safepoint   ] Safepoint "Cleanup", Time since last: 3495129304 ns, Reaching safepoint: 29768 ns, Cleanup: 21070 ns, At safepoint: 11641 ns, Total: 62479 ns
[2025-05-08T03:04:14.697+0000][68][info ][safepoint   ] Safepoint "Cleanup", Time since last: 3000954331 ns, Reaching safepoint: 31108 ns, Cleanup: 17440 ns, At safepoint: 11317 ns, Total: 59865 ns
[2025-05-08T03:04:15.697+0000][68][info ][safepoint   ] Safepoint "Cleanup", Time since last: 1000684114 ns, Reaching safepoint: 36298 ns, Cleanup: 20692 ns, At safepoint: 19535 ns, Total: 76525 ns
[2025-05-08T03:04:19.699+0000][68][info ][safepoint   ] Safepoint "Cleanup", Time since last: 4001224690 ns, Reaching safepoint: 34375 ns, Cleanup: 18168 ns, At safepoint: 13266 ns, Total: 65809 ns
[2025-05-08T03:04:26.698+0000][68][info ][safepoint   ] Safepoint "Cleanup", Time since last: 7001456195 ns, Reaching safepoint: 57274 ns, Cleanup: 31145 ns, At safepoint: 9676 ns, Total: 98095 ns
[2025-05-08T03:04:27.699+0000][68][info ][safepoint   ] Safepoint "Cleanup", Time since last: 1000493218 ns, Reaching safepoint: 21986 ns, Cleanup: 25518 ns, At safepoint: 7996 ns, Total: 55500 ns
[2025-05-08T03:04:28.700+0000][68][info ][safepoint   ] Safepoint "Cleanup", Time since last: 1000714656 ns, Reaching safepoint: 28466 ns, Cleanup: 15070 ns, At safepoint: 10445 ns, Total: 53981 ns
[2025-05-08T03:04:35.428+0000][68][info ][safepoint   ] Safepoint "Cleanup", Time since last: 6728375011 ns, Reaching safepoint: 17276 ns, Cleanup: 14204 ns, At safepoint: 22874 ns, Total: 54354 ns
[2025-05-08T03:04:37.411+0000][68][info ][safepoint   ] Safepoint "Cleanup", Time since last: 1983293733 ns, Reaching safepoint: 36825 ns, Cleanup: 24992 ns, At safepoint: 16870 ns, Total: 78687 ns
[2025-05-08T03:04:52.732+0000][68][info ][safepoint   ] Safepoint "Cleanup", Time since last: 15322489682 ns, Reaching safepoint: 18141 ns, Cleanup: 15354 ns, At safepoint: 75824 ns, Total: 109319 ns
[2025-05-08T03:04:54.230+0000][68][info ][safepoint   ] Safepoint "Cleanup", Time since last: 1497992702 ns, Reaching safepoint: 34476 ns, Cleanup: 17467 ns, At safepoint: 17757 ns, Total: 69700 ns
[2025-05-08T03:04:56.435+0000][68][info ][safepoint   ] Safepoint "Cleanup", Time since last: 2204877726 ns, Reaching safepoint: 19415 ns, Cleanup: 19949 ns, At safepoint: 133437 ns, Total: 172801 ns
[2025-05-08T03:05:42.732+0000][68][info ][safepoint   ] Safepoint "Cleanup", Time since last: 46299468396 ns, Reaching safepoint: 54770 ns, Cleanup: 17368 ns, At safepoint: 11599 ns, Total: 83737 ns
[2025-05-08T03:05:52.745+0000][68][info ][safepoint   ] Safepoint "Cleanup", Time since last: 10014691459 ns, Reaching safepoint: 35291 ns, Cleanup: 16874 ns, At safepoint: 18529 ns, Total: 70694 ns
[2025-05-08T03:05:59.514+0000][68][info ][safepoint   ] Safepoint "Cleanup", Time since last: 6769005166 ns, Reaching safepoint: 5300 ns, Cleanup: 5309 ns, At safepoint: 2442 ns, Total: 13051 ns
[2025-05-08T03:06:11.461+0000][68][info ][safepoint   ] Safepoint "Cleanup", Time since last: 11947050388 ns, Reaching safepoint: 145716 ns, Cleanup: 14354 ns, At safepoint: 47581 ns, Total: 207651 ns
[2025-05-08T03:06:14.381+0000][68][info ][safepoint   ] Safepoint "Cleanup", Time since last: 2920386822 ns, Reaching safepoint: 19917 ns, Cleanup: 10246 ns, At safepoint: 7264 ns, Total: 37427 ns
[2025-05-08T03:06:15.382+0000][68][info ][safepoint   ] Safepoint "Cleanup", Time since last: 1000648187 ns, Reaching safepoint: 34880 ns, Cleanup: 18090 ns, At safepoint: 18402 ns, Total: 71372 ns
[2025-05-08T03:06:30.405+0000][68][info ][safepoint   ] Safepoint "Cleanup", Time since last: 15024138302 ns, Reaching safepoint: 41561 ns, Cleanup: 10542 ns, At safepoint: 11385 ns, Total: 63488 ns
[2025-05-08T03:06:34.406+0000][68][info ][safepoint   ] Safepoint "Cleanup", Time since last: 4001131366 ns, Reaching safepoint: 21894 ns, Cleanup: 12801 ns, At safepoint: 7691 ns, Total: 42386 ns
[2025-05-08T03:06:35.473+0000][68][info ][safepoint   ] Safepoint "Cleanup", Time since last: 1067067051 ns, Reaching safepoint: 25407 ns, Cleanup: 23589 ns, At safepoint: 12346 ns, Total: 61342 ns
[2025-05-08T03:06:40.474+0000][68][info ][safepoint   ] Safepoint "Cleanup", Time since last: 5001230935 ns, Reaching safepoint: 28406 ns, Cleanup: 16671 ns, At safepoint: 11068 ns, Total: 56145 ns
[2025-05-08T03:06:48.476+0000][68][info ][safepoint   ] Safepoint "Cleanup", Time since last: 8001430851 ns, Reaching safepoint: 23115 ns, Cleanup: 14154 ns, At safepoint: 8312 ns, Total: 45581 ns
[2025-05-08T03:06:51.477+0000][68][info ][safepoint   ] Safepoint "Cleanup", Time since last: 3000904697 ns, Reaching safepoint: 33700 ns, Cleanup: 13773 ns, At safepoint: 8202 ns, Total: 55675 ns
[2025-05-08T03:06:52.477+0000][68][info ][safepoint   ] Safepoint "Cleanup", Time since last: 1000598086 ns, Reaching safepoint: 34705 ns, Cleanup: 15125 ns, At safepoint: 7432 ns, Total: 57262 ns
[2025-05-08T03:07:02.407+0000][68][info ][safepoint   ] Safepoint "Cleanup", Time since last: 9934422538 ns, Reaching safepoint: 15793 ns, Cleanup: 9346 ns, At safepoint: 15885 ns, Total: 41024 ns
[2025-05-08T03:07:03.587+0000][68][info ][safepoint   ] Safepoint "Cleanup", Time since last: 1179861012 ns, Reaching safepoint: 33521 ns, Cleanup: 16731 ns, At safepoint: 17735 ns, Total: 67987 ns
[2025-05-08T03:07:12.800+0000][68][info ][safepoint   ] Safepoint "Cleanup", Time since last: 9212126083 ns, Reaching safepoint: 78348 ns, Cleanup: 15916 ns, At safepoint: 12421 ns, Total: 106685 ns
[2025-05-08T03:07:14.802+0000][68][info ][safepoint   ] Safepoint "Cleanup", Time since last: 2002194864 ns, Reaching safepoint: 65621 ns, Cleanup: 17499 ns, At safepoint: 11241 ns, Total: 94361 ns
[2025-05-08T03:08:31.831+0000][68][info ][safepoint   ] Safepoint "Cleanup", Time since last: 77036629103 ns, Reaching safepoint: 19304 ns, Cleanup: 17927 ns, At safepoint: 20374 ns, Total: 57605 ns
[2025-05-08T03:08:33.435+0000][68][info ][safepoint   ] Safepoint "Cleanup", Time since last: 1604279584 ns, Reaching safepoint: 16423 ns, Cleanup: 122619 ns, At safepoint: 27693 ns, Total: 166735 ns
[2025-05-08T03:08:38.488+0000][68][info ][safepoint   ] Safepoint "Cleanup", Time since last: 5052557520 ns, Reaching safepoint: 29290 ns, Cleanup: 22322 ns, At safepoint: 137370 ns, Total: 188982 ns
[2025-05-08T03:08:40.478+0000][68][info ][safepoint   ] Safepoint "Cleanup", Time since last: 1989391324 ns, Reaching safepoint: 33418 ns, Cleanup: 16456 ns, At safepoint: 16082 ns, Total: 65956 ns
[2025-05-08T03:08:48.479+0000][68][info ][safepoint   ] Safepoint "Cleanup", Time since last: 8001655210 ns, Reaching safepoint: 24743 ns, Cleanup: 18659 ns, At safepoint: 12119 ns, Total: 55521 ns
[2025-05-08T03:08:53.485+0000][68][info ][safepoint   ] Safepoint "Cleanup", Time since last: 5008028245 ns, Reaching safepoint: 6479 ns, Cleanup: 8715 ns, At safepoint: 3275 ns, Total: 18469 ns
[2025-05-08T03:09:02.507+0000][68][info ][safepoint   ] Safepoint "Cleanup", Time since last: 9021672697 ns, Reaching safepoint: 79350 ns, Cleanup: 23307 ns, At safepoint: 18129 ns, Total: 120786 ns
[2025-05-08T03:09:05.508+0000][68][info ][safepoint   ] Safepoint "Cleanup", Time since last: 3000996853 ns, Reaching safepoint: 32486 ns, Cleanup: 18531 ns, At safepoint: 12008 ns, Total: 63025 ns
[2025-05-08T03:09:08.389+0000][68][info ][safepoint   ] Safepoint "Cleanup", Time since last: 2881198488 ns, Reaching safepoint: 7005 ns, Cleanup: 8950 ns, At safepoint: 14401 ns, Total: 30356 ns
[2025-05-08T03:09:09.837+0000][68][info ][safepoint   ] Safepoint "Cleanup", Time since last: 1447795025 ns, Reaching safepoint: 7073 ns, Cleanup: 10667 ns, At safepoint: 3650 ns, Total: 21390 ns
[2025-05-08T03:09:22.839+0000][68][info ][safepoint   ] Safepoint "Cleanup", Time since last: 13004857797 ns, Reaching safepoint: 24298 ns, Cleanup: 15758 ns, At safepoint: 9517 ns, Total: 49573 ns
[2025-05-08T03:09:25.846+0000][68][info ][safepoint   ] Safepoint "Cleanup", Time since last: 3006622240 ns, Reaching safepoint: 33863 ns, Cleanup: 16652 ns, At safepoint: 16440 ns, Total: 66955 ns
[2025-05-08T03:09:36.848+0000][68][info ][safepoint   ] Safepoint "Cleanup", Time since last: 11002430440 ns, Reaching safepoint: 39233 ns, Cleanup: 17937 ns, At safepoint: 19429 ns, Total: 76599 ns
[2025-05-08T03:09:38.379+0000][68][info ][safepoint   ] Safepoint "Cleanup", Time since last: 1530839817 ns, Reaching safepoint: 7908 ns, Cleanup: 21960 ns, At safepoint: 15031 ns, Total: 44899 ns
[2025-05-08T03:09:39.862+0000][68][info ][safepoint   ] Safepoint "Cleanup", Time since last: 1482476046 ns, Reaching safepoint: 34621 ns, Cleanup: 15795 ns, At safepoint: 17731 ns, Total: 68147 ns
[2025-05-08T03:09:52.727+0000][68][info ][safepoint   ] Safepoint "Cleanup", Time since last: 12868285249 ns, Reaching safepoint: 26917 ns, Cleanup: 16208 ns, At safepoint: 77111 ns, Total: 120236 ns
[2025-05-08T03:09:53.757+0000][68][info ][safepoint   ] Safepoint "Cleanup", Time since last: 1029868455 ns, Reaching safepoint: 22880 ns, Cleanup: 15619 ns, At safepoint: 9215 ns, Total: 47714 ns
[2025-05-08T03:09:56.758+0000][68][info ][safepoint   ] Safepoint "Cleanup", Time since last: 3000951779 ns, Reaching safepoint: 21136 ns, Cleanup: 13558 ns, At safepoint: 9584 ns, Total: 44278 ns
[2025-05-08T03:10:02.760+0000][68][info ][safepoint   ] Safepoint "Cleanup", Time since last: 6001339480 ns, Reaching safepoint: 76675 ns, Cleanup: 17023 ns, At safepoint: 36509 ns, Total: 130207 ns
[2025-05-08T03:10:11.434+0000][68][info ][safepoint   ] Safepoint "Cleanup", Time since last: 8674187555 ns, Reaching safepoint: 15939 ns, Cleanup: 14536 ns, At safepoint: 20072 ns, Total: 50547 ns
[2025-05-08T03:10:12.928+0000][68][info ][safepoint   ] Safepoint "Cleanup", Time since last: 1493529184 ns, Reaching safepoint: 6920 ns, Cleanup: 15629 ns, At safepoint: 15052 ns, Total: 37601 ns
[2025-05-08T03:10:24.849+0000][68][info ][safepoint   ] Safepoint "Cleanup", Time since last: 11923876320 ns, Reaching safepoint: 31236 ns, Cleanup: 15437 ns, At safepoint: 79837 ns, Total: 126510 ns
[2025-05-08T03:10:26.035+0000][68][info ][safepoint   ] Safepoint "Cleanup", Time since last: 1185352403 ns, Reaching safepoint: 25553 ns, Cleanup: 25353 ns, At safepoint: 11352 ns, Total: 62258 ns
[2025-05-08T03:10:53.037+0000][68][info ][safepoint   ] Safepoint "Cleanup", Time since last: 27004248774 ns, Reaching safepoint: 50730 ns, Cleanup: 25348 ns, At safepoint: 13814 ns, Total: 89892 ns
[2025-05-08T03:11:14.407+0000][68][info ][safepoint   ] Safepoint "Cleanup", Time since last: 21369881430 ns, Reaching safepoint: 25431 ns, Cleanup: 13223 ns, At safepoint: 75392 ns, Total: 114046 ns
[2025-05-08T03:11:37.964+0000][68][info ][safepoint   ] Safepoint "Cleanup", Time since last: 23559682241 ns, Reaching safepoint: 151369 ns, Cleanup: 22844 ns, At safepoint: 19830 ns, Total: 194043 ns
[2025-05-08T03:11:44.966+0000][68][info ][safepoint   ] Safepoint "Cleanup", Time since last: 7002113946 ns, Reaching safepoint: 36408 ns, Cleanup: 347402 ns, At safepoint: 42976 ns, Total: 426786 ns
[2025-05-08T03:12:32.030+0000][68][info ][safepoint   ] Safepoint "Cleanup", Time since last: 47068278315 ns, Reaching safepoint: 31670 ns, Cleanup: 18210 ns, At safepoint: 14840 ns, Total: 64720 ns
[2025-05-08T03:13:06.035+0000][68][info ][safepoint   ] Safepoint "Cleanup", Time since last: 34007844468 ns, Reaching safepoint: 29661 ns, Cleanup: 16415 ns, At safepoint: 11067 ns, Total: 57143 ns
[2025-05-08T03:13:38.088+0000][68][info ][safepoint   ] Safepoint "Cleanup", Time since last: 32055898646 ns, Reaching safepoint: 76299 ns, Cleanup: 27042 ns, At safepoint: 33760 ns, Total: 137101 ns
[2025-05-08T03:13:43.262+0000][68][info ][safepoint   ] Safepoint "Cleanup", Time since last: 5173059781 ns, Reaching safepoint: 30529 ns, Cleanup: 16729 ns, At safepoint: 10576 ns, Total: 57834 ns
[2025-05-08T03:13:48.264+0000][68][info ][safepoint   ] Safepoint "Cleanup", Time since last: 5002768141 ns, Reaching safepoint: 36784 ns, Cleanup: 20546 ns, At safepoint: 12405 ns, Total: 69735 ns
[2025-05-08T03:13:50.265+0000][68][info ][safepoint   ] Safepoint "Cleanup", Time since last: 2000916231 ns, Reaching safepoint: 31216 ns, Cleanup: 20015 ns, At safepoint: 13367 ns, Total: 64598 ns
[2025-05-08T03:13:56.264+0000][68][info ][safepoint   ] Safepoint "Cleanup", Time since last: 6001322168 ns, Reaching safepoint: 36129 ns, Cleanup: 20463 ns, At safepoint: 19996 ns, Total: 76588 ns
[2025-05-08T03:14:23.404+0000][68][info ][safepoint   ] Safepoint "Cleanup", Time since last: 27142976256 ns, Reaching safepoint: 28316 ns, Cleanup: 14368 ns, At safepoint: 21844 ns, Total: 64528 ns
[2025-05-08T03:14:25.127+0000][68][info ][safepoint   ] Safepoint "Cleanup", Time since last: 1722747662 ns, Reaching safepoint: 51054 ns, Cleanup: 15098 ns, At safepoint: 10227 ns, Total: 76379 ns
[2025-05-08T03:14:41.409+0000][68][info ][safepoint   ] Safepoint "Cleanup", Time since last: 16281742269 ns, Reaching safepoint: 61238 ns, Cleanup: 16241 ns, At safepoint: 76400 ns, Total: 153879 ns
[2025-05-08T03:14:43.153+0000][68][info ][safepoint   ] Safepoint "Cleanup", Time since last: 1743640282 ns, Reaching safepoint: 20729 ns, Cleanup: 18332 ns, At safepoint: 9075 ns, Total: 48136 ns
[2025-05-08T03:14:52.715+0000][68][info ][safepoint   ] Safepoint "Cleanup", Time since last: 9564680427 ns, Reaching safepoint: 16709 ns, Cleanup: 13323 ns, At safepoint: 14289 ns, Total: 44321 ns
[2025-05-08T03:15:13.083+0000][68][info ][safepoint   ] Safepoint "Cleanup", Time since last: 20368192412 ns, Reaching safepoint: 161050 ns, Cleanup: 18213 ns, At safepoint: 34848 ns, Total: 214111 ns
[2025-05-08T03:15:26.454+0000][68][info ][safepoint   ] Safepoint "Cleanup", Time since last: 13372086886 ns, Reaching safepoint: 878035 ns, Cleanup: 15944 ns, At safepoint: 160218 ns, Total: 1054197 ns
[2025-05-08T03:15:28.264+0000][68][info ][safepoint   ] Safepoint "Cleanup", Time since last: 1810124760 ns, Reaching safepoint: 15884 ns, Cleanup: 11357 ns, At safepoint: 20355 ns, Total: 47596 ns
[2025-05-08T03:15:48.273+0000][68][info ][safepoint   ] Safepoint "Cleanup", Time since last: 20008156262 ns, Reaching safepoint: 80132 ns, Cleanup: 18482 ns, At safepoint: 22580 ns, Total: 121194 ns
[2025-05-08T03:15:54.454+0000][68][info ][safepoint   ] Safepoint "Cleanup", Time since last: 6183284221 ns, Reaching safepoint: 7078 ns, Cleanup: 8315 ns, At safepoint: 3211 ns, Total: 18604 ns
[2025-05-08T03:15:55.585+0000][68][info ][safepoint   ] Safepoint "Cleanup", Time since last: 1131382580 ns, Reaching safepoint: 120622 ns, Cleanup: 19214 ns, At safepoint: 72344 ns, Total: 212180 ns
[2025-05-08T03:15:56.719+0000][68][info ][safepoint   ] Safepoint "Cleanup", Time since last: 1133937546 ns, Reaching safepoint: 20251 ns, Cleanup: 29242 ns, At safepoint: 8760 ns, Total: 58253 ns
[2025-05-08T03:16:04.731+0000][68][info ][safepoint   ] Safepoint "Cleanup", Time since last: 8011293322 ns, Reaching safepoint: 20784 ns, Cleanup: 14106 ns, At safepoint: 7437 ns, Total: 42327 ns
[2025-05-08T03:16:10.120+0000][68][info ][safepoint   ] Safepoint "Cleanup", Time since last: 5389585279 ns, Reaching safepoint: 26238 ns, Cleanup: 19281 ns, At safepoint: 9662 ns, Total: 55181 ns
[2025-05-08T03:16:23.121+0000][68][info ][safepoint   ] Safepoint "Cleanup", Time since last: 13002760311 ns, Reaching safepoint: 30323 ns, Cleanup: 58710 ns, At safepoint: 12730 ns, Total: 101763 ns
[2025-05-08T03:16:26.125+0000][68][info ][safepoint   ] Safepoint "Cleanup", Time since last: 3004401150 ns, Reaching safepoint: 38227 ns, Cleanup: 20734 ns, At safepoint: 13276 ns, Total: 72237 ns
[2025-05-08T03:16:28.126+0000][68][info ][safepoint   ] Safepoint "Cleanup", Time since last: 2000988369 ns, Reaching safepoint: 37388 ns, Cleanup: 25808 ns, At safepoint: 19541 ns, Total: 82737 ns
[2025-05-08T03:16:29.127+0000][68][info ][safepoint   ] Safepoint "Cleanup", Time since last: 1000781901 ns, Reaching safepoint: 43072 ns, Cleanup: 27829 ns, At safepoint: 21149 ns, Total: 92050 ns
[2025-05-08T03:16:30.299+0000][68][info ][safepoint   ] Safepoint "Cleanup", Time since last: 1172317258 ns, Reaching safepoint: 18938 ns, Cleanup: 21884 ns, At safepoint: 73258 ns, Total: 114080 ns
[2025-05-08T03:16:39.321+0000][68][info ][safepoint   ] Safepoint "Cleanup", Time since last: 9021891479 ns, Reaching safepoint: 36217 ns, Cleanup: 19969 ns, At safepoint: 17944 ns, Total: 74130 ns
[2025-05-08T03:16:51.324+0000][68][info ][safepoint   ] Safepoint "Cleanup", Time since last: 12002427354 ns, Reaching safepoint: 36015 ns, Cleanup: 16464 ns, At safepoint: 92081 ns, Total: 144560 ns
[2025-05-08T03:17:01.666+0000][68][info ][safepoint   ] Safepoint "Cleanup", Time since last: 10347191520 ns, Reaching safepoint: 18002 ns, Cleanup: 11570 ns, At safepoint: 23111 ns, Total: 52683 ns
[2025-05-08T03:17:02.780+0000][68][info ][safepoint   ] Safepoint "Cleanup", Time since last: 1114059743 ns, Reaching safepoint: 30669 ns, Cleanup: 16399 ns, At safepoint: 11110 ns, Total: 58178 ns
[2025-05-08T03:17:05.781+0000][68][info ][safepoint   ] Safepoint "Cleanup", Time since last: 3001010586 ns, Reaching safepoint: 46567 ns, Cleanup: 23314 ns, At safepoint: 13240 ns, Total: 83121 ns
[2025-05-08T03:17:37.379+0000][68][info ][safepoint   ] Safepoint "Cleanup", Time since last: 31599460999 ns, Reaching safepoint: 35917 ns, Cleanup: 21968 ns, At safepoint: 19571 ns, Total: 77456 ns
[2025-05-08T03:18:36.434+0000][68][info ][safepoint   ] Safepoint "Cleanup", Time since last: 59062153823 ns, Reaching safepoint: 34765 ns, Cleanup: 18335 ns, At safepoint: 16906 ns, Total: 70006 ns
[2025-05-08T03:18:38.448+0000][68][info ][safepoint   ] Safepoint "Cleanup", Time since last: 2014067231 ns, Reaching safepoint: 40251 ns, Cleanup: 23722 ns, At safepoint: 19813 ns, Total: 83786 ns
[2025-05-08T03:18:40.450+0000][68][info ][safepoint   ] Safepoint "Cleanup", Time since last: 2001024092 ns, Reaching safepoint: 27039 ns, Cleanup: 13003 ns, At safepoint: 39047 ns, Total: 79089 ns
[2025-05-08T03:18:48.451+0000][68][info ][safepoint   ] Safepoint "Cleanup", Time since last: 8001659128 ns, Reaching safepoint: 49602 ns, Cleanup: 13923 ns, At safepoint: 9085 ns, Total: 72610 ns
[2025-05-08T03:18:50.452+0000][68][info ][safepoint   ] Safepoint "Cleanup", Time since last: 2000934123 ns, Reaching safepoint: 36987 ns, Cleanup: 21484 ns, At safepoint: 91751 ns, Total: 150222 ns
[2025-05-08T03:18:56.451+0000][68][info ][safepoint   ] Safepoint "Cleanup", Time since last: 6001272488 ns, Reaching safepoint: 36856 ns, Cleanup: 21351 ns, At safepoint: 18375 ns, Total: 76582 ns
[2025-05-08T03:18:58.452+0000][68][info ][safepoint   ] Safepoint "Cleanup", Time since last: 2000769923 ns, Reaching safepoint: 27425 ns, Cleanup: 17074 ns, At safepoint: 11110 ns, Total: 55609 ns
[2025-05-08T03:19:01.458+0000][68][info ][safepoint   ] Safepoint "Cleanup", Time since last: 3006187573 ns, Reaching safepoint: 74190 ns, Cleanup: 18496 ns, At safepoint: 35695 ns, Total: 128381 ns
[2025-05-08T03:19:06.459+0000][68][info ][safepoint   ] Safepoint "Cleanup", Time since last: 5001145666 ns, Reaching safepoint: 29447 ns, Cleanup: 16408 ns, At safepoint: 9134 ns, Total: 54989 ns
[2025-05-08T03:19:08.460+0000][68][info ][safepoint   ] Safepoint "Cleanup", Time since last: 2001053810 ns, Reaching safepoint: 28738 ns, Cleanup: 49030 ns, At safepoint: 10915 ns, Total: 88683 ns
[2025-05-08T03:19:12.222+0000][68][info ][safepoint   ] Safepoint "Cleanup", Time since last: 3761497704 ns, Reaching safepoint: 33632 ns, Cleanup: 16752 ns, At safepoint: 17331 ns, Total: 67715 ns
[2025-05-08T03:19:26.222+0000][68][info ][safepoint   ] Safepoint "Cleanup", Time since last: 14002521503 ns, Reaching safepoint: 37950 ns, Cleanup: 20123 ns, At safepoint: 17189 ns, Total: 75262 ns
[2025-05-08T03:19:28.193+0000][68][info ][safepoint   ] Safepoint "Cleanup", Time since last: 1971211555 ns, Reaching safepoint: 30435 ns, Cleanup: 57908 ns, At safepoint: 12671 ns, Total: 101014 ns
[2025-05-08T03:19:36.195+0000][68][info ][safepoint   ] Safepoint "Cleanup", Time since last: 8001933315 ns, Reaching safepoint: 36355 ns, Cleanup: 21841 ns, At safepoint: 17644 ns, Total: 75840 ns
[2025-05-08T03:19:38.196+0000][68][info ][safepoint   ] Safepoint "Cleanup", Time since last: 2000960826 ns, Reaching safepoint: 40225 ns, Cleanup: 19440 ns, At safepoint: 20440 ns, Total: 80105 ns
[2025-05-08T03:19:39.415+0000][68][info ][safepoint   ] Safepoint "Cleanup", Time since last: 1218652991 ns, Reaching safepoint: 29345 ns, Cleanup: 22431 ns, At safepoint: 12122 ns, Total: 63898 ns
[2025-05-08T03:19:40.500+0000][68][info ][safepoint   ] Safepoint "Cleanup", Time since last: 1085016278 ns, Reaching safepoint: 33787 ns, Cleanup: 22248 ns, At safepoint: 16686 ns, Total: 72721 ns
[2025-05-08T03:19:52.756+0000][68][info ][safepoint   ] Safepoint "Cleanup", Time since last: 12258259540 ns, Reaching safepoint: 13714 ns, Cleanup: 11665 ns, At safepoint: 6289 ns, Total: 31668 ns
[2025-05-08T03:19:53.812+0000][68][info ][safepoint   ] Safepoint "Cleanup", Time since last: 1056757979 ns, Reaching safepoint: 29653 ns, Cleanup: 15543 ns, At safepoint: 11953 ns, Total: 57149 ns
[2025-05-08T03:20:02.815+0000][68][info ][safepoint   ] Safepoint "Cleanup", Time since last: 9002241122 ns, Reaching safepoint: 64284 ns, Cleanup: 16739 ns, At safepoint: 16487 ns, Total: 97510 ns
[2025-05-08T03:20:24.908+0000][68][info ][safepoint   ] Safepoint "Cleanup", Time since last: 22096409751 ns, Reaching safepoint: 61558 ns, Cleanup: 16538 ns, At safepoint: 11807 ns, Total: 89903 ns
[2025-05-08T03:20:31.207+0000][68][info ][safepoint   ] Safepoint "Cleanup", Time since last: 6298697703 ns, Reaching safepoint: 19435 ns, Cleanup: 15632 ns, At safepoint: 4479 ns, Total: 39546 ns
[2025-05-08T03:20:32.377+0000][68][info ][safepoint   ] Safepoint "Cleanup", Time since last: 1170070841 ns, Reaching safepoint: 71333 ns, Cleanup: 24937 ns, At safepoint: 30355 ns, Total: 126625 ns
[2025-05-08T03:20:41.380+0000][68][info ][safepoint   ] Safepoint "Cleanup", Time since last: 9002224774 ns, Reaching safepoint: 276413 ns, Cleanup: 15234 ns, At safepoint: 109036 ns, Total: 400683 ns
[2025-05-08T03:20:42.598+0000][68][info ][safepoint   ] Safepoint "Cleanup", Time since last: 1217877493 ns, Reaching safepoint: 33841 ns, Cleanup: 23261 ns, At safepoint: 17176 ns, Total: 74278 ns
[2025-05-08T03:20:52.600+0000][68][info ][safepoint   ] Safepoint "Cleanup", Time since last: 10002086723 ns, Reaching safepoint: 22236 ns, Cleanup: 14101 ns, At safepoint: 8741 ns, Total: 45078 ns
[2025-05-08T03:21:42.472+0000][68][info ][safepoint   ] Safepoint "Cleanup", Time since last: 49877544391 ns, Reaching safepoint: 23698 ns, Cleanup: 15230 ns, At safepoint: 140011 ns, Total: 178939 ns
[2025-05-08T03:21:44.632+0000][68][info ][safepoint   ] Safepoint "Cleanup", Time since last: 2159631861 ns, Reaching safepoint: 6262 ns, Cleanup: 7547 ns, At safepoint: 13591 ns, Total: 27400 ns
[2025-05-08T03:21:45.633+0000][68][info ][safepoint   ] Safepoint "Cleanup", Time since last: 1001070206 ns, Reaching safepoint: 33505 ns, Cleanup: 17068 ns, At safepoint: 16796 ns, Total: 67369 ns
[2025-05-08T03:22:03.313+0000][68][info ][safepoint   ] Safepoint "Cleanup", Time since last: 17682931965 ns, Reaching safepoint: 17362 ns, Cleanup: 18941 ns, At safepoint: 89942 ns, Total: 126245 ns
[2025-05-08T03:22:33.328+0000][68][info ][safepoint   ] Safepoint "Cleanup", Time since last: 30018072000 ns, Reaching safepoint: 37781 ns, Cleanup: 20877 ns, At safepoint: 18166 ns, Total: 76824 ns
[2025-05-08T03:22:37.330+0000][68][info ][safepoint   ] Safepoint "Cleanup", Time since last: 4001241696 ns, Reaching safepoint: 82333 ns, Cleanup: 17503 ns, At safepoint: 18211 ns, Total: 118047 ns
[2025-05-08T03:22:47.409+0000][68][info ][safepoint   ] Safepoint "Cleanup", Time since last: 10079372827 ns, Reaching safepoint: 6735 ns, Cleanup: 7967 ns, At safepoint: 3441 ns, Total: 18143 ns
[2025-05-08T03:23:35.717+0000][68][info ][safepoint   ] Safepoint "Cleanup", Time since last: 48313100738 ns, Reaching safepoint: 196417 ns, Cleanup: 87262 ns, At safepoint: 156974 ns, Total: 440653 ns
[2025-05-08T03:23:37.720+0000][68][info ][safepoint   ] Safepoint "Cleanup", Time since last: 2002448085 ns, Reaching safepoint: 70264 ns, Cleanup: 23798 ns, At safepoint: 16431 ns, Total: 110493 ns
[2025-05-08T03:23:48.524+0000][68][info ][safepoint   ] Safepoint "Cleanup", Time since last: 10803822221 ns, Reaching safepoint: 8023 ns, Cleanup: 6703 ns, At safepoint: 3410 ns, Total: 18136 ns
[2025-05-08T03:23:49.745+0000][68][info ][safepoint   ] Safepoint "Cleanup", Time since last: 1220887154 ns, Reaching safepoint: 39913 ns, Cleanup: 30211 ns, At safepoint: 19281 ns, Total: 89405 ns
[2025-05-08T03:23:50.760+0000][68][info ][safepoint   ] Safepoint "Cleanup", Time since last: 1015330239 ns, Reaching safepoint: 13062 ns, Cleanup: 16654 ns, At safepoint: 81052 ns, Total: 110768 ns
[2025-05-08T03:23:53.385+0000][68][info ][safepoint   ] Safepoint "Cleanup", Time since last: 2627209894 ns, Reaching safepoint: 17725 ns, Cleanup: 13944 ns, At safepoint: 75470 ns, Total: 107139 ns
[2025-05-08T03:23:59.794+0000][68][info ][safepoint   ] Safepoint "Cleanup", Time since last: 6409443857 ns, Reaching safepoint: 35088 ns, Cleanup: 17040 ns, At safepoint: 17532 ns, Total: 69660 ns
[2025-05-08T03:24:03.795+0000][68][info ][safepoint   ] Safepoint "Cleanup", Time since last: 4001188440 ns, Reaching safepoint: 37279 ns, Cleanup: 19814 ns, At safepoint: 18321 ns, Total: 75414 ns
[2025-05-08T03:24:47.415+0000][68][info ][gc,start    ] GC(21) Pause Young (Normal) (G1 Evacuation Pause)
[2025-05-08T03:24:47.419+0000][68][info ][gc,task     ] GC(21) Using 10 workers of 10 for evacuation
[2025-05-08T03:24:47.420+0000][68][debug][gc,age      ] GC(21) Desired survivor size 153092096 bytes, new threshold 15 (max threshold 15)
[2025-05-08T03:24:47.541+0000][68][info ][gc,phases   ] GC(21)   Pre Evacuate Collection Set: 10.87ms
[2025-05-08T03:24:47.541+0000][68][info ][gc,phases   ] GC(21)   Merge Heap Roots: 3.74ms
[2025-05-08T03:24:47.542+0000][68][info ][gc,phases   ] GC(21)   Evacuate Collection Set: 88.77ms
[2025-05-08T03:24:47.542+0000][68][info ][gc,phases   ] GC(21)   Post Evacuate Collection Set: 13.61ms
[2025-05-08T03:24:47.542+0000][68][info ][gc,phases   ] GC(21)   Other: 6.49ms
[2025-05-08T03:24:47.543+0000][68][trace][gc,age      ] GC(21) Age table with threshold 15 (max threshold 15)
[2025-05-08T03:24:47.543+0000][68][trace][gc,age      ] GC(21) - age   1:    3711128 bytes,    3711128 total
[2025-05-08T03:24:47.544+0000][68][trace][gc,age      ] GC(21) - age   2:     302448 bytes,    4013576 total
[2025-05-08T03:24:47.544+0000][68][trace][gc,age      ] GC(21) - age   3:      91136 bytes,    4104712 total
[2025-05-08T03:24:47.545+0000][68][trace][gc,age      ] GC(21) - age   4:     512440 bytes,    4617152 total
[2025-05-08T03:24:47.545+0000][68][trace][gc,age      ] GC(21) - age   5:     490640 bytes,    5107792 total
[2025-05-08T03:24:47.545+0000][68][trace][gc,age      ] GC(21) - age   6:    3163968 bytes,    8271760 total
[2025-05-08T03:24:47.545+0000][68][info ][gc,heap     ] GC(21) Eden regions: 580->0(579)
[2025-05-08T03:24:47.546+0000][68][info ][gc,heap     ] GC(21) Survivor regions: 2->3(73)
[2025-05-08T03:24:47.546+0000][68][info ][gc,heap     ] GC(21) Old regions: 29->29
[2025-05-08T03:24:47.546+0000][68][info ][gc,heap     ] GC(21) Humongous regions: 0->0
[2025-05-08T03:24:47.547+0000][68][info ][gc,metaspace] GC(21) Metaspace: 150737K(154880K)->150737K(154880K) NonClass: 130329K(132544K)->130329K(132544K) Class: 20407K(22336K)->20407K(22336K)
[2025-05-08T03:24:47.548+0000][68][info ][gc          ] GC(21) Pause Young (Normal) (G1 Evacuation Pause) 2438M->121M(3880M) 132.073ms
[2025-05-08T03:24:47.548+0000][68][info ][gc,cpu      ] GC(21) User=0.62s Sys=0.06s Real=0.14s
[2025-05-08T03:24:47.549+0000][68][info ][safepoint   ] Safepoint "G1CollectForAllocation", Time since last: 43619965512 ns, Reaching safepoint: 43333 ns, Cleanup: 4068 ns, At safepoint: 136210502 ns, Total: 136257903 ns
[2025-05-08T03:24:48.862+0000][68][info ][safepoint   ] Safepoint "Cleanup", Time since last: 1313599879 ns, Reaching safepoint: 34408 ns, Cleanup: 23398 ns, At safepoint: 17034 ns, Total: 74840 ns
[2025-05-08T03:24:53.962+0000][68][info ][safepoint   ] Safepoint "Cleanup", Time since last: 5101705415 ns, Reaching safepoint: 7398 ns, Cleanup: 7648 ns, At safepoint: 16336 ns, Total: 31382 ns
[2025-05-08T03:24:54.962+0000][68][info ][safepoint   ] Safepoint "Cleanup", Time since last: 1000148532 ns, Reaching safepoint: 133971 ns, Cleanup: 9867 ns, At safepoint: 19120 ns, Total: 162958 ns
[2025-05-08T03:25:57.020+0000][68][info ][safepoint   ] Safepoint "Cleanup", Time since last: 62063149423 ns, Reaching safepoint: 14271 ns, Cleanup: 17221 ns, At safepoint: 81358 ns, Total: 112850 ns
[2025-05-08T03:25:58.021+0000][68][info ][safepoint   ] Safepoint "Cleanup", Time since last: 1001283698 ns, Reaching safepoint: 18229 ns, Cleanup: 17998 ns, At safepoint: 13510 ns, Total: 49737 ns
[2025-05-08T03:26:59.367+0000][68][info ][safepoint   ] Safepoint "Cleanup", Time since last: 61350542990 ns, Reaching safepoint: 9678 ns, Cleanup: 9507 ns, At safepoint: 14220 ns, Total: 33405 ns
[2025-05-08T03:27:01.058+0000][68][info ][safepoint   ] Safepoint "Cleanup", Time since last: 1691440905 ns, Reaching safepoint: 33698 ns, Cleanup: 19900 ns, At safepoint: 17558 ns, Total: 71156 ns
[2025-05-08T03:27:28.519+0000][68][info ][safepoint   ] Safepoint "Cleanup", Time since last: 27464189800 ns, Reaching safepoint: 49965 ns, Cleanup: 13273 ns, At safepoint: 9236 ns, Total: 72474 ns
[2025-05-08T03:28:03.094+0000][68][info ][safepoint   ] Safepoint "Cleanup", Time since last: 34576974023 ns, Reaching safepoint: 5630 ns, Cleanup: 7465 ns, At safepoint: 3184 ns, Total: 16279 ns
[2025-05-08T03:28:18.562+0000][68][info ][safepoint   ] Safepoint "Cleanup", Time since last: 15468175254 ns, Reaching safepoint: 76557 ns, Cleanup: 17823 ns, At safepoint: 31461 ns, Total: 125841 ns
[2025-05-08T03:28:56.563+0000][68][info ][safepoint   ] Safepoint "Cleanup", Time since last: 38006775705 ns, Reaching safepoint: 87020 ns, Cleanup: 18443 ns, At safepoint: 35378 ns, Total: 140841 ns
[2025-05-08T03:29:05.375+0000][68][info ][safepoint   ] Safepoint "Cleanup", Time since last: 8811467686 ns, Reaching safepoint: 27375 ns, Cleanup: 14613 ns, At safepoint: 71818 ns, Total: 113806 ns
[2025-05-08T03:29:07.160+0000][68][info ][safepoint   ] Safepoint "Cleanup", Time since last: 1785280638 ns, Reaching safepoint: 32559 ns, Cleanup: 16661 ns, At safepoint: 16212 ns, Total: 65432 ns
[2025-05-08T03:29:12.600+0000][68][info ][safepoint   ] Safepoint "Cleanup", Time since last: 5439854978 ns, Reaching safepoint: 29151 ns, Cleanup: 16417 ns, At safepoint: 10844 ns, Total: 56412 ns
[2025-05-08T03:30:09.270+0000][68][info ][safepoint   ] Safepoint "Cleanup", Time since last: 56674221109 ns, Reaching safepoint: 602056 ns, Cleanup: 17532 ns, At safepoint: 61896 ns, Total: 681484 ns
[2025-05-08T03:30:20.252+0000][68][info ][safepoint   ] Safepoint "Cleanup", Time since last: 10981289433 ns, Reaching safepoint: 80549 ns, Cleanup: 19801 ns, At safepoint: 19686 ns, Total: 120036 ns
[2025-05-08T03:30:22.698+0000][68][info ][safepoint   ] Safepoint "Cleanup", Time since last: 2446095290 ns, Reaching safepoint: 7462 ns, Cleanup: 7232 ns, At safepoint: 3777 ns, Total: 18471 ns
[2025-05-08T03:30:52.294+0000][68][info ][safepoint   ] Safepoint "Cleanup", Time since last: 29598647114 ns, Reaching safepoint: 20397 ns, Cleanup: 12177 ns, At safepoint: 8501 ns, Total: 41075 ns
[2025-05-08T03:31:11.361+0000][68][info ][safepoint   ] Safepoint "Cleanup", Time since last: 19069497644 ns, Reaching safepoint: 22779 ns, Cleanup: 12723 ns, At safepoint: 69008 ns, Total: 104510 ns
[2025-05-08T03:32:14.373+0000][68][info ][safepoint   ] Safepoint "Cleanup", Time since last: 63017837974 ns, Reaching safepoint: 148740 ns, Cleanup: 11154 ns, At safepoint: 59751 ns, Total: 219645 ns
[2025-05-08T03:33:18.368+0000][68][info ][safepoint   ] Safepoint "Cleanup", Time since last: 63998746107 ns, Reaching safepoint: 22924 ns, Cleanup: 106402 ns, At safepoint: 99264 ns, Total: 228590 ns
[2025-05-08T03:33:40.409+0000][68][info ][safepoint   ] Safepoint "Cleanup", Time since last: 22043938260 ns, Reaching safepoint: 77635 ns, Cleanup: 19183 ns, At safepoint: 17882 ns, Total: 114700 ns
[2025-05-08T03:34:11.803+0000][68][info ][safepoint   ] Safepoint "Cleanup", Time since last: 31396640343 ns, Reaching safepoint: 25961 ns, Cleanup: 12714 ns, At safepoint: 8409 ns, Total: 47084 ns
[2025-05-08T03:34:17.804+0000][68][info ][safepoint   ] Safepoint "Cleanup", Time since last: 6001556218 ns, Reaching safepoint: 32228 ns, Cleanup: 20191 ns, At safepoint: 16203 ns, Total: 68622 ns
[2025-05-08T03:34:20.347+0000][68][info ][safepoint   ] Safepoint "Cleanup", Time since last: 2542766351 ns, Reaching safepoint: 28994 ns, Cleanup: 12239 ns, At safepoint: 68085 ns, Total: 109318 ns
[2025-05-08T03:34:21.385+0000][68][info ][safepoint   ] Safepoint "Cleanup", Time since last: 1038070877 ns, Reaching safepoint: 38941 ns, Cleanup: 17900 ns, At safepoint: 18444 ns, Total: 75285 ns
[2025-05-08T03:35:18.842+0000][68][info ][safepoint   ] Safepoint "Cleanup", Time since last: 57461391549 ns, Reaching safepoint: 23442 ns, Cleanup: 12994 ns, At safepoint: 8829 ns, Total: 45265 ns
[2025-05-08T03:35:23.376+0000][68][info ][safepoint   ] Safepoint "Cleanup", Time since last: 4536298281 ns, Reaching safepoint: 27630 ns, Cleanup: 12344 ns, At safepoint: 67677 ns, Total: 107651 ns
[2025-05-08T03:35:41.599+0000][68][info ][safepoint   ] Safepoint "Cleanup", Time since last: 18222515376 ns, Reaching safepoint: 69951 ns, Cleanup: 16537 ns, At safepoint: 16222 ns, Total: 102710 ns
[2025-05-08T03:35:52.601+0000][68][info ][safepoint   ] Safepoint "Cleanup", Time since last: 11002253037 ns, Reaching safepoint: 21608 ns, Cleanup: 12469 ns, At safepoint: 7784 ns, Total: 41861 ns
[2025-05-08T03:36:26.349+0000][68][info ][safepoint   ] Safepoint "Cleanup", Time since last: 33753222560 ns, Reaching safepoint: 20552 ns, Cleanup: 14938 ns, At safepoint: 74153 ns, Total: 109643 ns
[2025-05-08T03:38:56.387+0000][68][info ][safepoint   ] Safepoint "Cleanup", Time since last: 150054016854 ns, Reaching safepoint: 18009 ns, Cleanup: 12563 ns, At safepoint: 20225 ns, Total: 50797 ns
[2025-05-08T03:38:57.813+0000][68][info ][safepoint   ] Safepoint "Cleanup", Time since last: 1426640313 ns, Reaching safepoint: 32845 ns, Cleanup: 17198 ns, At safepoint: 16555 ns, Total: 66598 ns
[2025-05-08T03:39:35.835+0000][68][info ][safepoint   ] Safepoint "Cleanup", Time since last: 38023465857 ns, Reaching safepoint: 25899 ns, Cleanup: 13751 ns, At safepoint: 67065 ns, Total: 106715 ns
[2025-05-08T03:39:56.376+0000][68][info ][safepoint   ] Safepoint "Cleanup", Time since last: 20544561616 ns, Reaching safepoint: 15111 ns, Cleanup: 11471 ns, At safepoint: 19965 ns, Total: 46547 ns
[2025-05-08T03:40:37.877+0000][68][info ][safepoint   ] Safepoint "Cleanup", Time since last: 41502497463 ns, Reaching safepoint: 35520 ns, Cleanup: 18356 ns, At safepoint: 50249 ns, Total: 104125 ns
[2025-05-08T03:40:38.955+0000][68][info ][safepoint   ] Safepoint "Cleanup", Time since last: 1078396525 ns, Reaching safepoint: 15474 ns, Cleanup: 16532 ns, At safepoint: 24030 ns, Total: 56036 ns
[2025-05-08T03:40:39.987+0000][68][info ][safepoint   ] Safepoint "Cleanup", Time since last: 1031876456 ns, Reaching safepoint: 19516 ns, Cleanup: 18293 ns, At safepoint: 77674 ns, Total: 115483 ns
[2025-05-08T03:43:08.398+0000][68][info ][safepoint   ] Safepoint "Cleanup", Time since last: 148422621673 ns, Reaching safepoint: 102687 ns, Cleanup: 11452 ns, At safepoint: 49926 ns, Total: 164065 ns
[2025-05-08T03:43:47.365+0000][68][info ][safepoint   ] Safepoint "Cleanup", Time since last: 38968860725 ns, Reaching safepoint: 155252 ns, Cleanup: 13577 ns, At safepoint: 124068 ns, Total: 292897 ns
[2025-05-08T03:44:03.142+0000][68][info ][safepoint   ] Safepoint "Cleanup", Time since last: 15779855251 ns, Reaching safepoint: 45799 ns, Cleanup: 13638 ns, At safepoint: 8853 ns, Total: 68290 ns
[2025-05-08T03:44:08.143+0000][68][info ][safepoint   ] Safepoint "Cleanup", Time since last: 5001458245 ns, Reaching safepoint: 139230 ns, Cleanup: 17430 ns, At safepoint: 32959 ns, Total: 189619 ns
[2025-05-08T03:44:50.358+0000][68][info ][safepoint   ] Safepoint "Cleanup", Time since last: 42215798265 ns, Reaching safepoint: 9889 ns, Cleanup: 11851 ns, At safepoint: 14361 ns, Total: 36101 ns
[2025-05-08T03:45:38.132+0000][68][info ][safepoint   ] Safepoint "Cleanup", Time since last: 47779464907 ns, Reaching safepoint: 74796 ns, Cleanup: 22632 ns, At safepoint: 34064 ns, Total: 131492 ns
[2025-05-08T03:45:54.286+0000][68][info ][safepoint   ] Safepoint "Cleanup", Time since last: 16155866944 ns, Reaching safepoint: 93945 ns, Cleanup: 7912 ns, At safepoint: 60206 ns, Total: 162063 ns
[2025-05-08T03:45:55.291+0000][68][info ][safepoint   ] Safepoint "Cleanup", Time since last: 1004473207 ns, Reaching safepoint: 6279 ns, Cleanup: 12678 ns, At safepoint: 3287 ns, Total: 22244 ns
[2025-05-08T03:46:41.254+0000][68][info ][safepoint   ] Safepoint "Cleanup", Time since last: 45965371512 ns, Reaching safepoint: 71980 ns, Cleanup: 15815 ns, At safepoint: 16982 ns, Total: 104777 ns
[2025-05-08T03:46:56.302+0000][68][info ][safepoint   ] Safepoint "Cleanup", Time since last: 15050840714 ns, Reaching safepoint: 25915 ns, Cleanup: 14606 ns, At safepoint: 72909 ns, Total: 113430 ns
[2025-05-08T03:46:58.330+0000][68][info ][safepoint   ] Safepoint "Cleanup", Time since last: 2028461860 ns, Reaching safepoint: 28895 ns, Cleanup: 14645 ns, At safepoint: 8858 ns, Total: 52398 ns
[2025-05-08T03:47:59.331+0000][68][info ][safepoint   ] Safepoint "Cleanup", Time since last: 61004846412 ns, Reaching safepoint: 8931 ns, Cleanup: 7854 ns, At safepoint: 20576 ns, Total: 37361 ns
[2025-05-08T03:48:24.048+0000][68][info ][safepoint   ] Safepoint "Cleanup", Time since last: 24718991070 ns, Reaching safepoint: 7996 ns, Cleanup: 8919 ns, At safepoint: 13988 ns, Total: 30903 ns
[2025-05-08T03:48:48.306+0000][68][info ][safepoint   ] Safepoint "Cleanup", Time since last: 24258133644 ns, Reaching safepoint: 86401 ns, Cleanup: 17159 ns, At safepoint: 37921 ns, Total: 141481 ns
[2025-05-08T03:48:58.306+0000][68][info ][safepoint   ] Safepoint "Cleanup", Time since last: 10002025134 ns, Reaching safepoint: 72321 ns, Cleanup: 17620 ns, At safepoint: 17491 ns, Total: 107432 ns
[2025-05-08T03:50:02.503+0000][68][info ][safepoint   ] Safepoint "Cleanup", Time since last: 64201770146 ns, Reaching safepoint: 29808 ns, Cleanup: 14534 ns, At safepoint: 71115 ns, Total: 115457 ns
[2025-05-08T03:51:47.460+0000][68][info ][safepoint   ] Safepoint "Cleanup", Time since last: 104962975138 ns, Reaching safepoint: 49415 ns, Cleanup: 16042 ns, At safepoint: 10576 ns, Total: 76033 ns
[2025-05-08T03:53:14.396+0000][68][info ][safepoint   ] Safepoint "Cleanup", Time since last: 86943665694 ns, Reaching safepoint: 24962 ns, Cleanup: 17081 ns, At safepoint: 77857 ns, Total: 119900 ns
[2025-05-08T03:53:15.746+0000][68][info ][safepoint   ] Safepoint "Cleanup", Time since last: 1349158546 ns, Reaching safepoint: 32857 ns, Cleanup: 19707 ns, At safepoint: 15643 ns, Total: 68207 ns
[2025-05-08T03:53:59.763+0000][68][info ][safepoint   ] Safepoint "Cleanup", Time since last: 44021793944 ns, Reaching safepoint: 242129 ns, Cleanup: 13971 ns, At safepoint: 51211 ns, Total: 307311 ns
[2025-05-08T03:54:38.819+0000][68][info ][safepoint   ] Safepoint "Cleanup", Time since last: 39058498319 ns, Reaching safepoint: 33581 ns, Cleanup: 14943 ns, At safepoint: 82192 ns, Total: 130716 ns
[2025-05-08T03:55:05.338+0000][68][info ][safepoint   ] Safepoint "Cleanup", Time since last: 26520277873 ns, Reaching safepoint: 401245 ns, Cleanup: 19170 ns, At safepoint: 230976 ns, Total: 651391 ns
[2025-05-08T03:55:06.862+0000][68][info ][safepoint   ] Safepoint "Cleanup", Time since last: 1524279014 ns, Reaching safepoint: 73277 ns, Cleanup: 29064 ns, At safepoint: 19177 ns, Total: 121518 ns
[2025-05-08T03:55:22.647+0000][68][info ][safepoint   ] Safepoint "Cleanup", Time since last: 15785018447 ns, Reaching safepoint: 14371 ns, Cleanup: 12347 ns, At safepoint: 61726 ns, Total: 88444 ns
[2025-05-08T03:56:23.953+0000][68][info ][safepoint   ] Safepoint "Cleanup", Time since last: 61312349235 ns, Reaching safepoint: 18436 ns, Cleanup: 13317 ns, At safepoint: 80128 ns, Total: 111881 ns
[2025-05-08T03:56:24.974+0000][68][info ][safepoint   ] Safepoint "Cleanup", Time since last: 1020804490 ns, Reaching safepoint: 33224 ns, Cleanup: 25183 ns, At safepoint: 15927 ns, Total: 74334 ns
[2025-05-08T03:57:27.004+0000][68][info ][safepoint   ] Safepoint "Cleanup", Time since last: 62033997935 ns, Reaching safepoint: 30537 ns, Cleanup: 15842 ns, At safepoint: 69494 ns, Total: 115873 ns
[2025-05-08T03:58:29.326+0000][68][info ][safepoint   ] Safepoint "Cleanup", Time since last: 62326974061 ns, Reaching safepoint: 13093 ns, Cleanup: 7956 ns, At safepoint: 17988 ns, Total: 39037 ns
[2025-05-08T03:59:23.193+0000][68][info ][safepoint   ] Safepoint "Cleanup", Time since last: 53871180583 ns, Reaching safepoint: 24004 ns, Cleanup: 15451 ns, At safepoint: 10169 ns, Total: 49624 ns
[2025-05-08T03:59:26.194+0000][68][info ][safepoint   ] Safepoint "Cleanup", Time since last: 3000820728 ns, Reaching safepoint: 29052 ns, Cleanup: 16789 ns, At safepoint: 9935 ns, Total: 55776 ns
[2025-05-08T03:59:32.280+0000][68][info ][safepoint   ] Safepoint "Cleanup", Time since last: 6085899278 ns, Reaching safepoint: 35392 ns, Cleanup: 15135 ns, At safepoint: 77679 ns, Total: 128206 ns
[2025-05-08T03:59:38.169+0000][68][info ][safepoint   ] Safepoint "Cleanup", Time since last: 5889628276 ns, Reaching safepoint: 31141 ns, Cleanup: 18772 ns, At safepoint: 12850 ns, Total: 62763 ns
[2025-05-08T04:00:08.174+0000][68][info ][safepoint   ] Safepoint "Cleanup", Time since last: 30006596304 ns, Reaching safepoint: 139809 ns, Cleanup: 17673 ns, At safepoint: 17544 ns, Total: 175026 ns
[2025-05-08T04:00:09.187+0000][68][info ][safepoint   ] Safepoint "Cleanup", Time since last: 1012729361 ns, Reaching safepoint: 27257 ns, Cleanup: 19355 ns, At safepoint: 69739 ns, Total: 116351 ns
[2025-05-08T04:00:35.337+0000][68][info ][safepoint   ] Safepoint "Cleanup", Time since last: 26152047730 ns, Reaching safepoint: 17867 ns, Cleanup: 12691 ns, At safepoint: 70647 ns, Total: 101205 ns
[2025-05-08T04:04:05.564+0000][68][info ][safepoint   ] Safepoint "Cleanup", Time since last: 210243092861 ns, Reaching safepoint: 83675 ns, Cleanup: 18923 ns, At safepoint: 11601 ns, Total: 114199 ns
[2025-05-08T04:04:09.570+0000][68][info ][safepoint   ] Safepoint "Cleanup", Time since last: 4005697096 ns, Reaching safepoint: 18255 ns, Cleanup: 11425 ns, At safepoint: 7868 ns, Total: 37548 ns
[2025-05-08T04:04:26.959+0000][68][info ][safepoint   ] Safepoint "Cleanup", Time since last: 17392211939 ns, Reaching safepoint: 77476 ns, Cleanup: 18242 ns, At safepoint: 19198 ns, Total: 114916 ns
[2025-05-08T04:04:47.279+0000][68][info ][safepoint   ] Safepoint "Cleanup", Time since last: 20319971773 ns, Reaching safepoint: 28960 ns, Cleanup: 13692 ns, At safepoint: 79790 ns, Total: 122442 ns
[2025-05-08T04:04:48.541+0000][68][info ][safepoint   ] Safepoint "Cleanup", Time since last: 1261740307 ns, Reaching safepoint: 35548 ns, Cleanup: 18664 ns, At safepoint: 19144 ns, Total: 73356 ns
[2025-05-08T04:05:02.543+0000][68][info ][safepoint   ] Safepoint "Cleanup", Time since last: 14003062525 ns, Reaching safepoint: 44044 ns, Cleanup: 15645 ns, At safepoint: 10558 ns, Total: 70247 ns
[2025-05-08T04:05:06.720+0000][68][info ][safepoint   ] Safepoint "Cleanup", Time since last: 4176616705 ns, Reaching safepoint: 654819 ns, Cleanup: 19551 ns, At safepoint: 183118 ns, Total: 857488 ns
[2025-05-08T04:05:07.973+0000][68][info ][safepoint   ] Safepoint "Cleanup", Time since last: 1252903716 ns, Reaching safepoint: 30794 ns, Cleanup: 21934 ns, At safepoint: 20292 ns, Total: 73020 ns
[2025-05-08T04:05:37.270+0000][68][info ][safepoint   ] Safepoint "Cleanup", Time since last: 29298226893 ns, Reaching safepoint: 36932 ns, Cleanup: 19701 ns, At safepoint: 11575 ns, Total: 68208 ns
[2025-05-08T04:05:42.273+0000][68][info ][safepoint   ] Safepoint "Cleanup", Time since last: 5003614610 ns, Reaching safepoint: 30582 ns, Cleanup: 16666 ns, At safepoint: 10199 ns, Total: 57447 ns
[2025-05-08T04:05:54.644+0000][68][info ][safepoint   ] Safepoint "Cleanup", Time since last: 12373114387 ns, Reaching safepoint: 89813 ns, Cleanup: 21175 ns, At safepoint: 11306 ns, Total: 122294 ns
[2025-05-08T04:06:40.399+0000][68][info ][safepoint   ] Safepoint "Cleanup", Time since last: 45757799493 ns, Reaching safepoint: 25751 ns, Cleanup: 17214 ns, At safepoint: 10140 ns, Total: 53105 ns
[2025-05-08T04:06:43.400+0000][68][info ][safepoint   ] Safepoint "Cleanup", Time since last: 3000919049 ns, Reaching safepoint: 26318 ns, Cleanup: 16579 ns, At safepoint: 9492 ns, Total: 52389 ns
[2025-05-08T04:06:48.402+0000][68][info ][safepoint   ] Safepoint "Cleanup", Time since last: 5001466730 ns, Reaching safepoint: 35887 ns, Cleanup: 20218 ns, At safepoint: 18673 ns, Total: 74778 ns
[2025-05-08T04:06:55.699+0000][68][info ][safepoint   ] Safepoint "Cleanup", Time since last: 7298805805 ns, Reaching safepoint: 24432 ns, Cleanup: 13658 ns, At safepoint: 9849 ns, Total: 47939 ns
[2025-05-08T04:06:56.701+0000][68][info ][safepoint   ] Safepoint "Cleanup", Time since last: 1001226670 ns, Reaching safepoint: 122444 ns, Cleanup: 16824 ns, At safepoint: 61005 ns, Total: 200273 ns
[2025-05-08T04:07:02.702+0000][68][info ][safepoint   ] Safepoint "Cleanup", Time since last: 6001471457 ns, Reaching safepoint: 40071 ns, Cleanup: 20331 ns, At safepoint: 19021 ns, Total: 79423 ns
[2025-05-08T04:07:25.485+0000][68][info ][safepoint   ] Safepoint "Cleanup", Time since last: 22785190760 ns, Reaching safepoint: 148033 ns, Cleanup: 65706 ns, At safepoint: 64123 ns, Total: 277862 ns
[2025-05-08T04:07:26.548+0000][68][info ][safepoint   ] Safepoint "Cleanup", Time since last: 1062674743 ns, Reaching safepoint: 27208 ns, Cleanup: 98907 ns, At safepoint: 13862 ns, Total: 139977 ns
[2025-05-08T04:07:27.552+0000][68][info ][safepoint   ] Safepoint "Cleanup", Time since last: 1003803990 ns, Reaching safepoint: 22208 ns, Cleanup: 13731 ns, At safepoint: 8448 ns, Total: 44387 ns
[2025-05-08T04:07:32.553+0000][68][info ][safepoint   ] Safepoint "Cleanup", Time since last: 5001218315 ns, Reaching safepoint: 32436 ns, Cleanup: 18636 ns, At safepoint: 12138 ns, Total: 63210 ns
[2025-05-08T04:07:42.555+0000][68][info ][safepoint   ] Safepoint "Cleanup", Time since last: 10001757647 ns, Reaching safepoint: 93800 ns, Cleanup: 16119 ns, At safepoint: 11934 ns, Total: 121853 ns
[2025-05-08T04:07:56.262+0000][68][info ][safepoint   ] Safepoint "Cleanup", Time since last: 13709165246 ns, Reaching safepoint: 22629 ns, Cleanup: 36930 ns, At safepoint: 141550 ns, Total: 201109 ns
[2025-05-08T04:07:57.747+0000][68][info ][safepoint   ] Safepoint "Cleanup", Time since last: 1484671216 ns, Reaching safepoint: 32484 ns, Cleanup: 20205 ns, At safepoint: 16151 ns, Total: 68840 ns
[2025-05-08T04:08:26.269+0000][68][info ][safepoint   ] Safepoint "Cleanup", Time since last: 28524172107 ns, Reaching safepoint: 23595 ns, Cleanup: 13363 ns, At safepoint: 24349 ns, Total: 61307 ns
[2025-05-08T04:08:35.290+0000][68][info ][safepoint   ] Safepoint "Cleanup", Time since last: 9020468356 ns, Reaching safepoint: 110816 ns, Cleanup: 29069 ns, At safepoint: 52903 ns, Total: 192788 ns
[2025-05-08T04:08:36.792+0000][68][info ][safepoint   ] Safepoint "Cleanup", Time since last: 1502159319 ns, Reaching safepoint: 27142 ns, Cleanup: 53978 ns, At safepoint: 12666 ns, Total: 93786 ns
[2025-05-08T04:08:37.835+0000][68][info ][safepoint   ] Safepoint "Cleanup", Time since last: 1043138535 ns, Reaching safepoint: 13852 ns, Cleanup: 25668 ns, At safepoint: 83727 ns, Total: 123247 ns
[2025-05-08T04:08:39.872+0000][68][info ][safepoint   ] Safepoint "Cleanup", Time since last: 2036507519 ns, Reaching safepoint: 80639 ns, Cleanup: 17275 ns, At safepoint: 33734 ns, Total: 131648 ns
[2025-05-08T04:08:59.288+0000][68][info ][safepoint   ] Safepoint "Cleanup", Time since last: 19418775108 ns, Reaching safepoint: 20050 ns, Cleanup: 13074 ns, At safepoint: 73256 ns, Total: 106380 ns
[2025-05-08T04:09:00.923+0000][68][info ][safepoint   ] Safepoint "Cleanup", Time since last: 1634984234 ns, Reaching safepoint: 31767 ns, Cleanup: 18906 ns, At safepoint: 75829 ns, Total: 126502 ns
[2025-05-08T04:09:03.944+0000][68][info ][safepoint   ] Safepoint "Cleanup", Time since last: 3020470673 ns, Reaching safepoint: 34332 ns, Cleanup: 21476 ns, At safepoint: 17056 ns, Total: 72864 ns
[2025-05-08T04:09:36.142+0000][68][info ][safepoint   ] Safepoint "Cleanup", Time since last: 32199884516 ns, Reaching safepoint: 23333 ns, Cleanup: 14072 ns, At safepoint: 34847 ns, Total: 72252 ns
[2025-05-08T04:10:02.265+0000][68][info ][safepoint   ] Safepoint "Cleanup", Time since last: 26125414501 ns, Reaching safepoint: 8713 ns, Cleanup: 9671 ns, At safepoint: 14503 ns, Total: 32887 ns
[2025-05-08T04:10:04.002+0000][68][info ][safepoint   ] Safepoint "Cleanup", Time since last: 1736248454 ns, Reaching safepoint: 20428 ns, Cleanup: 13191 ns, At safepoint: 8729 ns, Total: 42348 ns
[2025-05-08T04:10:14.318+0000][68][info ][safepoint   ] Safepoint "Cleanup", Time since last: 10316367516 ns, Reaching safepoint: 21781 ns, Cleanup: 18755 ns, At safepoint: 72468 ns, Total: 113004 ns
[2025-05-08T04:10:16.043+0000][68][info ][safepoint   ] Safepoint "Cleanup", Time since last: 1725153796 ns, Reaching safepoint: 34573 ns, Cleanup: 17160 ns, At safepoint: 16031 ns, Total: 67764 ns
[2025-05-08T04:10:17.077+0000][68][info ][safepoint   ] Safepoint "Cleanup", Time since last: 1033972532 ns, Reaching safepoint: 34712 ns, Cleanup: 18015 ns, At safepoint: 16638 ns, Total: 69365 ns
[2025-05-08T04:10:52.404+0000][68][info ][safepoint   ] Safepoint "Cleanup", Time since last: 35329153930 ns, Reaching safepoint: 44349 ns, Cleanup: 19203 ns, At safepoint: 19378 ns, Total: 82930 ns
[2025-05-08T04:11:05.245+0000][68][info ][gc,start    ] GC(22) Pause Young (Normal) (G1 Evacuation Pause)
[2025-05-08T04:11:05.247+0000][68][info ][gc,task     ] GC(22) Using 10 workers of 10 for evacuation
[2025-05-08T04:11:05.247+0000][68][debug][gc,age      ] GC(22) Desired survivor size 153092096 bytes, new threshold 15 (max threshold 15)
[2025-05-08T04:11:05.339+0000][68][info ][gc,phases   ] GC(22)   Pre Evacuate Collection Set: 6.72ms
[2025-05-08T04:11:05.340+0000][68][info ][gc,phases   ] GC(22)   Merge Heap Roots: 2.52ms
[2025-05-08T04:11:05.340+0000][68][info ][gc,phases   ] GC(22)   Evacuate Collection Set: 72.98ms
[2025-05-08T04:11:05.340+0000][68][info ][gc,phases   ] GC(22)   Post Evacuate Collection Set: 9.15ms
[2025-05-08T04:11:05.341+0000][68][info ][gc,phases   ] GC(22)   Other: 1.71ms
[2025-05-08T04:11:05.341+0000][68][trace][gc,age      ] GC(22) Age table with threshold 15 (max threshold 15)
[2025-05-08T04:11:05.341+0000][68][trace][gc,age      ] GC(22) - age   1:    2422552 bytes,    2422552 total
[2025-05-08T04:11:05.342+0000][68][trace][gc,age      ] GC(22) - age   2:     449288 bytes,    2871840 total
[2025-05-08T04:11:05.342+0000][68][trace][gc,age      ] GC(22) - age   3:     176040 bytes,    3047880 total
[2025-05-08T04:11:05.342+0000][68][trace][gc,age      ] GC(22) - age   4:      91008 bytes,    3138888 total
[2025-05-08T04:11:05.343+0000][68][trace][gc,age      ] GC(22) - age   5:     511768 bytes,    3650656 total
[2025-05-08T04:11:05.343+0000][68][trace][gc,age      ] GC(22) - age   6:     490640 bytes,    4141296 total
[2025-05-08T04:11:05.343+0000][68][trace][gc,age      ] GC(22) - age   7:    3147048 bytes,    7288344 total
[2025-05-08T04:11:05.343+0000][68][info ][gc,heap     ] GC(22) Eden regions: 579->0(580)
[2025-05-08T04:11:05.344+0000][68][info ][gc,heap     ] GC(22) Survivor regions: 3->2(73)
[2025-05-08T04:11:05.344+0000][68][info ][gc,heap     ] GC(22) Old regions: 29->29
[2025-05-08T04:11:05.344+0000][68][info ][gc,heap     ] GC(22) Humongous regions: 0->0
[2025-05-08T04:11:05.345+0000][68][info ][gc,metaspace] GC(22) Metaspace: 150930K(155072K)->150930K(155072K) NonClass: 130521K(132736K)->130521K(132736K) Class: 20409K(22336K)->20409K(22336K)
[2025-05-08T04:11:05.345+0000][68][info ][gc          ] GC(22) Pause Young (Normal) (G1 Evacuation Pause) 2437M->120M(3880M) 99.848ms
[2025-05-08T04:11:05.346+0000][68][info ][gc,cpu      ] GC(22) User=0.58s Sys=0.01s Real=0.10s
[2025-05-08T04:11:05.347+0000][68][info ][safepoint   ] Safepoint "G1CollectForAllocation", Time since last: 12841114968 ns, Reaching safepoint: 86234 ns, Cleanup: 7083 ns, At safepoint: 102755837 ns, Total: 102849154 ns
[2025-05-08T04:11:18.212+0000][68][info ][safepoint   ] Safepoint "Cleanup", Time since last: 12865168704 ns, Reaching safepoint: 77888 ns, Cleanup: 17683 ns, At safepoint: 33484 ns, Total: 129055 ns
[2025-05-08T04:12:08.253+0000][68][info ][safepoint   ] Safepoint "Cleanup", Time since last: 50045475007 ns, Reaching safepoint: 84427 ns, Cleanup: 5049 ns, At safepoint: 14200 ns, Total: 103676 ns
[2025-05-08T04:12:10.170+0000][68][info ][safepoint   ] Safepoint "Cleanup", Time since last: 1916942598 ns, Reaching safepoint: 36360 ns, Cleanup: 32299 ns, At safepoint: 15766 ns, Total: 84425 ns
[2025-05-08T04:12:28.249+0000][68][info ][safepoint   ] Safepoint "Cleanup", Time since last: 18081364239 ns, Reaching safepoint: 36262 ns, Cleanup: 16986 ns, At safepoint: 15996 ns, Total: 69244 ns
[2025-05-08T04:13:12.205+0000][68][info ][safepoint   ] Safepoint "Cleanup", Time since last: 43958096767 ns, Reaching safepoint: 24479 ns, Cleanup: 13238 ns, At safepoint: 86512 ns, Total: 124229 ns
[2025-05-08T04:13:18.225+0000][68][info ][safepoint   ] Safepoint "Cleanup", Time since last: 6019862331 ns, Reaching safepoint: 71909 ns, Cleanup: 18795 ns, At safepoint: 34972 ns, Total: 125676 ns
[2025-05-08T04:14:49.743+0000][68][info ][safepoint   ] Safepoint "Cleanup", Time since last: 91524696295 ns, Reaching safepoint: 23094 ns, Cleanup: 15450 ns, At safepoint: 23956 ns, Total: 62500 ns
[2025-05-08T04:16:20.473+0000][68][info ][safepoint   ] Safepoint "Cleanup", Time since last: 90736697013 ns, Reaching safepoint: 36243 ns, Cleanup: 13240 ns, At safepoint: 78080 ns, Total: 127563 ns
[2025-05-08T04:16:21.474+0000][68][info ][safepoint   ] Safepoint "Cleanup", Time since last: 1000323225 ns, Reaching safepoint: 192728 ns, Cleanup: 28792 ns, At safepoint: 15582 ns, Total: 237102 ns
[2025-05-08T04:17:37.515+0000][68][info ][safepoint   ] Safepoint "Cleanup", Time since last: 76050093854 ns, Reaching safepoint: 38513 ns, Cleanup: 18753 ns, At safepoint: 17029 ns, Total: 74295 ns
[2025-05-08T04:18:45.022+0000][68][info ][safepoint   ] Safepoint "Cleanup", Time since last: 67512635989 ns, Reaching safepoint: 26970 ns, Cleanup: 17399 ns, At safepoint: 10979 ns, Total: 55348 ns
[2025-05-08T04:19:12.511+0000][68][info ][safepoint   ] Safepoint "Cleanup", Time since last: 27492799727 ns, Reaching safepoint: 35401 ns, Cleanup: 19759 ns, At safepoint: 11151 ns, Total: 66311 ns
[2025-05-08T04:19:50.324+0000][68][info ][safepoint   ] Safepoint "Cleanup", Time since last: 37813294072 ns, Reaching safepoint: 34405 ns, Cleanup: 19705 ns, At safepoint: 72446 ns, Total: 126556 ns
[2025-05-08T04:19:51.349+0000][68][info ][safepoint   ] Safepoint "Cleanup", Time since last: 1025324982 ns, Reaching safepoint: 33651 ns, Cleanup: 26164 ns, At safepoint: 14363 ns, Total: 74178 ns
[2025-05-08T04:19:58.347+0000][68][info ][safepoint   ] Safepoint "Cleanup", Time since last: 7001579611 ns, Reaching safepoint: 30005 ns, Cleanup: 18758 ns, At safepoint: 11841 ns, Total: 60604 ns
[2025-05-08T04:20:21.661+0000][68][info ][safepoint   ] Safepoint "Cleanup", Time since last: 23314037422 ns, Reaching safepoint: 35039 ns, Cleanup: 18125 ns, At safepoint: 16332 ns, Total: 69496 ns
[2025-05-08T04:20:22.716+0000][68][info ][safepoint   ] Safepoint "Cleanup", Time since last: 1054937903 ns, Reaching safepoint: 35470 ns, Cleanup: 16063 ns, At safepoint: 17682 ns, Total: 69215 ns
[2025-05-08T04:20:37.770+0000][68][info ][safepoint   ] Safepoint "Cleanup", Time since last: 15055289984 ns, Reaching safepoint: 32833 ns, Cleanup: 16197 ns, At safepoint: 16761 ns, Total: 65791 ns
[2025-05-08T04:20:52.773+0000][68][info ][safepoint   ] Safepoint "Cleanup", Time since last: 15003266573 ns, Reaching safepoint: 39169 ns, Cleanup: 20032 ns, At safepoint: 83296 ns, Total: 142497 ns
[2025-05-08T04:21:03.420+0000][68][info ][safepoint   ] Safepoint "Cleanup", Time since last: 10648634732 ns, Reaching safepoint: 34642 ns, Cleanup: 16611 ns, At safepoint: 16957 ns, Total: 68210 ns
[2025-05-08T04:21:32.586+0000][68][info ][safepoint   ] Safepoint "Cleanup", Time since last: 29168345528 ns, Reaching safepoint: 124089 ns, Cleanup: 18260 ns, At safepoint: 19477 ns, Total: 161826 ns
[2025-05-08T04:21:35.246+0000][68][info ][safepoint   ] Safepoint "Cleanup", Time since last: 2659328917 ns, Reaching safepoint: 33474 ns, Cleanup: 13482 ns, At safepoint: 125953 ns, Total: 172909 ns
[2025-05-08T04:21:36.804+0000][68][info ][safepoint   ] Safepoint "Cleanup", Time since last: 1558558697 ns, Reaching safepoint: 35317 ns, Cleanup: 21648 ns, At safepoint: 17946 ns, Total: 74911 ns
[2025-05-08T04:21:37.805+0000][68][info ][safepoint   ] Safepoint "Cleanup", Time since last: 1000702871 ns, Reaching safepoint: 36331 ns, Cleanup: 19934 ns, At safepoint: 19042 ns, Total: 75307 ns
[2025-05-08T04:22:03.152+0000][68][info ][safepoint   ] Safepoint "Cleanup", Time since last: 25349686176 ns, Reaching safepoint: 78126 ns, Cleanup: 20152 ns, At safepoint: 37131 ns, Total: 135409 ns
[2025-05-08T04:22:37.622+0000][68][info ][safepoint   ] Safepoint "Cleanup", Time since last: 34471184233 ns, Reaching safepoint: 68121 ns, Cleanup: 17395 ns, At safepoint: 9958 ns, Total: 95474 ns
[2025-05-08T04:23:10.582+0000][68][info ][safepoint   ] Safepoint "Cleanup", Time since last: 32961521244 ns, Reaching safepoint: 15751 ns, Cleanup: 11498 ns, At safepoint: 20933 ns, Total: 48182 ns
[2025-05-08T04:23:11.652+0000][68][info ][safepoint   ] Safepoint "Cleanup", Time since last: 1070584539 ns, Reaching safepoint: 12272 ns, Cleanup: 38795 ns, At safepoint: 29909 ns, Total: 80976 ns
[2025-05-08T04:23:17.655+0000][68][info ][safepoint   ] Safepoint "Cleanup", Time since last: 6002306272 ns, Reaching safepoint: 32998 ns, Cleanup: 16688 ns, At safepoint: 15958 ns, Total: 65644 ns
[2025-05-08T04:24:35.733+0000][68][info ][safepoint   ] Safepoint "Cleanup", Time since last: 78084292121 ns, Reaching safepoint: 116997 ns, Cleanup: 20626 ns, At safepoint: 15930 ns, Total: 153553 ns
[2025-05-08T04:24:37.736+0000][68][info ][safepoint   ] Safepoint "Cleanup", Time since last: 2003599016 ns, Reaching safepoint: 22629 ns, Cleanup: 13602 ns, At safepoint: 9446 ns, Total: 45677 ns
[2025-05-08T04:25:23.295+0000][68][info ][safepoint   ] Safepoint "Cleanup", Time since last: 45563104379 ns, Reaching safepoint: 25623 ns, Cleanup: 23755 ns, At safepoint: 75758 ns, Total: 125136 ns
[2025-05-08T04:25:25.034+0000][68][info ][safepoint   ] Safepoint "Cleanup", Time since last: 1738637110 ns, Reaching safepoint: 33531 ns, Cleanup: 16596 ns, At safepoint: 17168 ns, Total: 67295 ns
[2025-05-08T04:26:57.854+0000][68][info ][safepoint   ] Safepoint "Cleanup", Time since last: 92826292070 ns, Reaching safepoint: 9289 ns, Cleanup: 9864 ns, At safepoint: 3996 ns, Total: 23149 ns
[2025-05-08T04:27:13.798+0000][68][info ][safepoint   ] Safepoint "Cleanup", Time since last: 15943977403 ns, Reaching safepoint: 21334 ns, Cleanup: 14989 ns, At safepoint: 7799 ns, Total: 44122 ns
[2025-05-08T04:27:18.800+0000][68][info ][safepoint   ] Safepoint "Cleanup", Time since last: 5001380079 ns, Reaching safepoint: 42503 ns, Cleanup: 22052 ns, At safepoint: 19012 ns, Total: 83567 ns
[2025-05-08T04:27:23.799+0000][68][info ][safepoint   ] Safepoint "Cleanup", Time since last: 5001538412 ns, Reaching safepoint: 85180 ns, Cleanup: 23485 ns, At safepoint: 20489 ns, Total: 129154 ns
[2025-05-08T04:27:37.802+0000][68][info ][safepoint   ] Safepoint "Cleanup", Time since last: 14002920286 ns, Reaching safepoint: 69119 ns, Cleanup: 18153 ns, At safepoint: 11451 ns, Total: 98723 ns
[2025-05-08T04:27:52.805+0000][68][info ][safepoint   ] Safepoint "Cleanup", Time since last: 15002690632 ns, Reaching safepoint: 47584 ns, Cleanup: 16532 ns, At safepoint: 9939 ns, Total: 74055 ns
[2025-05-08T04:27:54.143+0000][68][info ][safepoint   ] Safepoint "Cleanup", Time since last: 1340073513 ns, Reaching safepoint: 13741 ns, Cleanup: 13830 ns, At safepoint: 20530 ns, Total: 48101 ns
[2025-05-08T04:27:58.089+0000][68][info ][safepoint   ] Safepoint "Cleanup", Time since last: 3945204094 ns, Reaching safepoint: 164773 ns, Cleanup: 10424 ns, At safepoint: 48956 ns, Total: 224153 ns
[2025-05-08T04:27:59.309+0000][68][info ][safepoint   ] Safepoint "Cleanup", Time since last: 1219956022 ns, Reaching safepoint: 36987 ns, Cleanup: 21980 ns, At safepoint: 18928 ns, Total: 77895 ns
[2025-05-08T04:28:01.310+0000][68][info ][safepoint   ] Safepoint "Cleanup", Time since last: 2000956184 ns, Reaching safepoint: 78772 ns, Cleanup: 21369 ns, At safepoint: 12061 ns, Total: 112202 ns
[2025-05-08T04:28:08.312+0000][68][info ][safepoint   ] Safepoint "Cleanup", Time since last: 7001600166 ns, Reaching safepoint: 87470 ns, Cleanup: 19487 ns, At safepoint: 40426 ns, Total: 147383 ns
[2025-05-08T04:28:09.312+0000][68][info ][safepoint   ] Safepoint "Cleanup", Time since last: 1000761031 ns, Reaching safepoint: 33570 ns, Cleanup: 15118 ns, At safepoint: 16116 ns, Total: 64804 ns
[2025-05-08T04:28:17.833+0000][68][info ][safepoint   ] Safepoint "Cleanup", Time since last: 8520825151 ns, Reaching safepoint: 23261 ns, Cleanup: 15278 ns, At safepoint: 8843 ns, Total: 47382 ns
[2025-05-08T04:28:56.244+0000][68][info ][safepoint   ] Safepoint "Cleanup", Time since last: 38414861251 ns, Reaching safepoint: 34038 ns, Cleanup: 13683 ns, At safepoint: 78359 ns, Total: 126080 ns
[2025-05-08T04:28:58.220+0000][68][info ][safepoint   ] Safepoint "Cleanup", Time since last: 1976023977 ns, Reaching safepoint: 28077 ns, Cleanup: 20946 ns, At safepoint: 10442 ns, Total: 59465 ns
[2025-05-08T04:29:46.869+0000][68][info ][safepoint   ] Safepoint "Cleanup", Time since last: 48650717934 ns, Reaching safepoint: 40122 ns, Cleanup: 18568 ns, At safepoint: 19324 ns, Total: 78014 ns
[2025-05-08T04:29:58.682+0000][68][info ][safepoint   ] Safepoint "Cleanup", Time since last: 11815540499 ns, Reaching safepoint: 14728 ns, Cleanup: 11278 ns, At safepoint: 20378 ns, Total: 46384 ns
[2025-05-08T04:30:00.274+0000][68][info ][safepoint   ] Safepoint "Cleanup", Time since last: 1591648403 ns, Reaching safepoint: 26582 ns, Cleanup: 20533 ns, At safepoint: 6102 ns, Total: 53217 ns
[2025-05-08T04:30:04.304+0000][68][info ][safepoint   ] Safepoint "Cleanup", Time since last: 4029973275 ns, Reaching safepoint: 60214 ns, Cleanup: 39019 ns, At safepoint: 13477 ns, Total: 112710 ns
[2025-05-08T04:30:27.257+0000][68][info ][safepoint   ] Safepoint "Cleanup", Time since last: 22954898912 ns, Reaching safepoint: 77913 ns, Cleanup: 19007 ns, At safepoint: 18554 ns, Total: 115474 ns
[2025-05-08T04:30:37.327+0000][68][info ][safepoint   ] Safepoint "Cleanup", Time since last: 10070115882 ns, Reaching safepoint: 52798 ns, Cleanup: 21610 ns, At safepoint: 20222 ns, Total: 94630 ns
[2025-05-08T04:30:48.330+0000][68][info ][safepoint   ] Safepoint "Cleanup", Time since last: 11002326006 ns, Reaching safepoint: 33416 ns, Cleanup: 19885 ns, At safepoint: 12278 ns, Total: 65579 ns
[2025-05-08T04:30:52.651+0000][68][info ][safepoint   ] Safepoint "Cleanup", Time since last: 4321191290 ns, Reaching safepoint: 28595 ns, Cleanup: 15789 ns, At safepoint: 9437 ns, Total: 53821 ns
[2025-05-08T04:31:06.725+0000][68][info ][safepoint   ] Safepoint "Cleanup", Time since last: 14076063179 ns, Reaching safepoint: 13991 ns, Cleanup: 14637 ns, At safepoint: 23634 ns, Total: 52262 ns
[2025-05-08T04:31:07.835+0000][68][info ][safepoint   ] Safepoint "Cleanup", Time since last: 1109357282 ns, Reaching safepoint: 56729 ns, Cleanup: 16795 ns, At safepoint: 12797 ns, Total: 86321 ns
[2025-05-08T04:31:15.931+0000][68][info ][safepoint   ] Safepoint "Cleanup", Time since last: 8095809728 ns, Reaching safepoint: 36750 ns, Cleanup: 17952 ns, At safepoint: 18496 ns, Total: 73198 ns
[2025-05-08T04:31:36.933+0000][68][info ][safepoint   ] Safepoint "Cleanup", Time since last: 21004298887 ns, Reaching safepoint: 131020 ns, Cleanup: 18725 ns, At safepoint: 17980 ns, Total: 167725 ns
[2025-05-08T04:32:38.973+0000][68][info ][safepoint   ] Safepoint "Cleanup", Time since last: 62043707494 ns, Reaching safepoint: 77153 ns, Cleanup: 17254 ns, At safepoint: 17026 ns, Total: 111433 ns
[2025-05-08T04:34:11.546+0000][68][info ][safepoint   ] Safepoint "Cleanup", Time since last: 92578706917 ns, Reaching safepoint: 181202 ns, Cleanup: 11866 ns, At safepoint: 36885 ns, Total: 229953 ns
[2025-05-08T04:34:37.050+0000][68][info ][safepoint   ] Safepoint "Cleanup", Time since last: 25506096499 ns, Reaching safepoint: 34766 ns, Cleanup: 22800 ns, At safepoint: 17031 ns, Total: 74597 ns
[2025-05-08T04:35:13.054+0000][68][info ][safepoint   ] Safepoint "Cleanup", Time since last: 36006627861 ns, Reaching safepoint: 35117 ns, Cleanup: 21442 ns, At safepoint: 68886 ns, Total: 125445 ns
[2025-05-08T04:35:52.600+0000][68][info ][gc,start    ] GC(23) Pause Young (Concurrent Start) (CodeCache GC Threshold)
[2025-05-08T04:35:52.603+0000][68][info ][gc,task     ] GC(23) Using 10 workers of 10 for evacuation
[2025-05-08T04:35:52.604+0000][68][debug][gc,age      ] GC(23) Desired survivor size 153092096 bytes, new threshold 15 (max threshold 15)
[2025-05-08T04:35:52.734+0000][68][info ][gc,phases   ] GC(23)   Pre Evacuate Collection Set: 12.95ms
[2025-05-08T04:35:52.735+0000][68][info ][gc,phases   ] GC(23)   Merge Heap Roots: 0.77ms
[2025-05-08T04:35:52.735+0000][68][info ][gc,phases   ] GC(23)   Evacuate Collection Set: 110.57ms
[2025-05-08T04:35:52.736+0000][68][info ][gc,phases   ] GC(23)   Post Evacuate Collection Set: 4.74ms
[2025-05-08T04:35:52.736+0000][68][info ][gc,phases   ] GC(23)   Other: 3.06ms
[2025-05-08T04:35:52.737+0000][68][trace][gc,age      ] GC(23) Age table with threshold 15 (max threshold 15)
[2025-05-08T04:35:52.738+0000][68][trace][gc,age      ] GC(23) - age   1:    3676416 bytes,    3676416 total
[2025-05-08T04:35:52.738+0000][68][trace][gc,age      ] GC(23) - age   2:     507344 bytes,    4183760 total
[2025-05-08T04:35:52.739+0000][68][trace][gc,age      ] GC(23) - age   3:     429232 bytes,    4612992 total
[2025-05-08T04:35:52.740+0000][68][trace][gc,age      ] GC(23) - age   4:     175864 bytes,    4788856 total
[2025-05-08T04:35:52.740+0000][68][trace][gc,age      ] GC(23) - age   5:      91008 bytes,    4879864 total
[2025-05-08T04:35:52.740+0000][68][trace][gc,age      ] GC(23) - age   6:     511768 bytes,    5391632 total
[2025-05-08T04:35:52.741+0000][68][trace][gc,age      ] GC(23) - age   7:     474488 bytes,    5866120 total
[2025-05-08T04:35:52.741+0000][68][trace][gc,age      ] GC(23) - age   8:    3098264 bytes,    8964384 total
[2025-05-08T04:35:52.742+0000][68][info ][gc,heap     ] GC(23) Eden regions: 321->0(579)
[2025-05-08T04:35:52.742+0000][68][info ][gc,heap     ] GC(23) Survivor regions: 2->3(73)
[2025-05-08T04:35:52.742+0000][68][info ][gc,heap     ] GC(23) Old regions: 29->29
[2025-05-08T04:35:52.743+0000][68][info ][gc,heap     ] GC(23) Humongous regions: 0->0
[2025-05-08T04:35:52.743+0000][68][info ][gc,metaspace] GC(23) Metaspace: 151035K(155200K)->151035K(155200K) NonClass: 130625K(132864K)->130625K(132864K) Class: 20409K(22336K)->20409K(22336K)
[2025-05-08T04:35:52.744+0000][68][info ][gc          ] GC(23) Pause Young (Concurrent Start) (CodeCache GC Threshold) 1402M->121M(3880M) 143.889ms
[2025-05-08T04:35:52.744+0000][68][info ][gc,cpu      ] GC(23) User=0.54s Sys=0.01s Real=0.15s
[2025-05-08T04:35:52.745+0000][68][info ][safepoint   ] Safepoint "G1TryInitiateConcMark", Time since last: 39547063713 ns, Reaching safepoint: 155955 ns, Cleanup: 4655 ns, At safepoint: 145253853 ns, Total: 145414463 ns
[2025-05-08T04:35:52.745+0000][68][info ][gc          ] GC(24) Concurrent Mark Cycle
[2025-05-08T04:35:52.746+0000][68][info ][gc,marking  ] GC(24) Concurrent Scan Root Regions
[2025-05-08T04:35:52.887+0000][68][info ][gc,marking  ] GC(24) Concurrent Scan Root Regions 140.635ms
[2025-05-08T04:35:52.888+0000][68][info ][gc,marking  ] GC(24) Concurrent Mark
[2025-05-08T04:35:52.888+0000][68][info ][gc,marking  ] GC(24) Concurrent Mark From Roots
[2025-05-08T04:35:52.889+0000][68][info ][gc,task     ] GC(24) Using 3 workers of 3 for marking
[2025-05-08T04:35:53.157+0000][68][info ][gc,marking  ] GC(24) Concurrent Mark From Roots 271.070ms
[2025-05-08T04:35:53.157+0000][68][info ][gc,marking  ] GC(24) Concurrent Preclean
[2025-05-08T04:35:53.159+0000][68][info ][gc,marking  ] GC(24) Concurrent Preclean 1.922ms
[2025-05-08T04:35:53.160+0000][68][info ][gc,start    ] GC(24) Pause Remark
[2025-05-08T04:35:53.874+0000][68][info ][gc,mmu      ] GC(24) MMU target violated: 201.0ms (200.0ms/201.0ms)
[2025-05-08T04:35:53.874+0000][68][info ][gc          ] GC(24) Pause Remark 132M->132M(3880M) 713.973ms
[2025-05-08T04:35:53.874+0000][68][info ][gc,cpu      ] GC(24) User=5.35s Sys=0.00s Real=0.72s
[2025-05-08T04:35:53.875+0000][68][info ][safepoint   ] Safepoint "G1PauseRemark", Time since last: 417955447 ns, Reaching safepoint: 34954 ns, Cleanup: 15723 ns, At safepoint: 714810498 ns, Total: 714861175 ns
[2025-05-08T04:35:53.876+0000][68][info ][gc,marking  ] GC(24) Concurrent Mark 990.623ms
[2025-05-08T04:35:53.877+0000][68][info ][gc,marking  ] GC(24) Concurrent Rebuild Remembered Sets and Scrub Regions
[2025-05-08T04:35:53.919+0000][68][info ][gc,marking  ] GC(24) Concurrent Rebuild Remembered Sets and Scrub Regions 41.572ms
[2025-05-08T04:35:53.920+0000][68][info ][gc,start    ] GC(24) Pause Cleanup
[2025-05-08T04:35:53.921+0000][68][info ][gc          ] GC(24) Pause Cleanup 141M->141M(3880M) 1.015ms
[2025-05-08T04:35:53.921+0000][68][info ][gc,cpu      ] GC(24) User=0.00s Sys=0.00s Real=0.00s
[2025-05-08T04:35:53.922+0000][68][info ][safepoint   ] Safepoint "G1PauseCleanup", Time since last: 44501647 ns, Reaching safepoint: 172324 ns, Cleanup: 206184 ns, At safepoint: 2275524 ns, Total: 2654032 ns
[2025-05-08T04:35:53.923+0000][68][info ][gc,marking  ] GC(24) Concurrent Clear Claimed Marks
[2025-05-08T04:35:53.924+0000][68][info ][gc,marking  ] GC(24) Concurrent Clear Claimed Marks 0.748ms
[2025-05-08T04:35:53.924+0000][68][info ][gc,marking  ] GC(24) Concurrent Cleanup for Next Mark
[2025-05-08T04:35:54.004+0000][68][info ][gc,marking  ] GC(24) Concurrent Cleanup for Next Mark 79.376ms
[2025-05-08T04:35:54.004+0000][68][info ][gc          ] GC(24) Concurrent Mark Cycle 1261.674ms
[2025-05-08T04:36:03.925+0000][68][info ][safepoint   ] Safepoint "Cleanup", Time since last: 10002695521 ns, Reaching safepoint: 72329 ns, Cleanup: 18011 ns, At safepoint: 139173 ns, Total: 229513 ns
[2025-05-08T04:36:19.452+0000][68][info ][safepoint   ] Safepoint "Cleanup", Time since last: 15526443565 ns, Reaching safepoint: 8286 ns, Cleanup: 9532 ns, At safepoint: 14090 ns, Total: 31908 ns
[2025-05-08T04:36:20.913+0000][68][info ][safepoint   ] Safepoint "Cleanup", Time since last: 1461865743 ns, Reaching safepoint: 32899 ns, Cleanup: 21456 ns, At safepoint: 15838 ns, Total: 70193 ns
[2025-05-08T04:36:22.915+0000][68][info ][safepoint   ] Safepoint "Cleanup", Time since last: 2001006255 ns, Reaching safepoint: 36533 ns, Cleanup: 20902 ns, At safepoint: 17402 ns, Total: 74837 ns
[2025-05-08T04:36:27.914+0000][68][info ][safepoint   ] Safepoint "Cleanup", Time since last: 5001427776 ns, Reaching safepoint: 29938 ns, Cleanup: 17487 ns, At safepoint: 10766 ns, Total: 58191 ns
[2025-05-08T04:36:36.916+0000][68][info ][safepoint   ] Safepoint "Cleanup", Time since last: 9001669117 ns, Reaching safepoint: 62964 ns, Cleanup: 17798 ns, At safepoint: 10684 ns, Total: 91446 ns
[2025-05-08T04:36:44.918+0000][68][info ][safepoint   ] Safepoint "Cleanup", Time since last: 8001700580 ns, Reaching safepoint: 37567 ns, Cleanup: 17882 ns, At safepoint: 17105 ns, Total: 72554 ns
[2025-05-08T04:37:18.161+0000][68][info ][safepoint   ] Safepoint "Cleanup", Time since last: 33244879116 ns, Reaching safepoint: 38282 ns, Cleanup: 12573 ns, At safepoint: 8355 ns, Total: 59210 ns
[2025-05-08T04:37:20.963+0000][68][info ][safepoint   ] Safepoint "Cleanup", Time since last: 2802005588 ns, Reaching safepoint: 26450 ns, Cleanup: 12483 ns, At safepoint: 67819 ns, Total: 106752 ns
[2025-05-08T04:38:39.045+0000][68][info ][safepoint   ] Safepoint "Cleanup", Time since last: 78087554995 ns, Reaching safepoint: 47674 ns, Cleanup: 14723 ns, At safepoint: 8621 ns, Total: 71018 ns
[2025-05-08T04:39:08.243+0000][68][info ][safepoint   ] Safepoint "Cleanup", Time since last: 29200886950 ns, Reaching safepoint: 90835 ns, Cleanup: 8525 ns, At safepoint: 54862 ns, Total: 154222 ns
[2025-05-08T04:39:10.097+0000][68][info ][safepoint   ] Safepoint "Cleanup", Time since last: 1854068207 ns, Reaching safepoint: 32685 ns, Cleanup: 17352 ns, At safepoint: 17046 ns, Total: 67083 ns
[2025-05-08T04:39:37.127+0000][68][info ][safepoint   ] Safepoint "Cleanup", Time since last: 27031629415 ns, Reaching safepoint: 39078 ns, Cleanup: 20017 ns, At safepoint: 17783 ns, Total: 76878 ns
[2025-05-08T04:40:13.275+0000][68][info ][safepoint   ] Safepoint "Cleanup", Time since last: 36150535441 ns, Reaching safepoint: 21438 ns, Cleanup: 13313 ns, At safepoint: 8516 ns, Total: 43267 ns
[2025-05-08T04:40:29.275+0000][68][info ][safepoint   ] Safepoint "Cleanup", Time since last: 16002106333 ns, Reaching safepoint: 21690 ns, Cleanup: 14096 ns, At safepoint: 68658 ns, Total: 104444 ns
[2025-05-08T04:41:33.282+0000][68][info ][safepoint   ] Safepoint "Cleanup", Time since last: 64011148495 ns, Reaching safepoint: 19742 ns, Cleanup: 14591 ns, At safepoint: 17239 ns, Total: 51572 ns
[2025-05-08T04:41:37.279+0000][68][info ][safepoint   ] Safepoint "Cleanup", Time since last: 3996132215 ns, Reaching safepoint: 27414 ns, Cleanup: 14677 ns, At safepoint: 9991 ns, Total: 52082 ns
[2025-05-08T04:42:09.201+0000][68][info ][safepoint   ] Safepoint "Cleanup", Time since last: 31924263721 ns, Reaching safepoint: 78642 ns, Cleanup: 17606 ns, At safepoint: 77961 ns, Total: 174209 ns
[2025-05-08T04:43:18.395+0000][68][info ][safepoint   ] Safepoint "Cleanup", Time since last: 69198045899 ns, Reaching safepoint: 84240 ns, Cleanup: 18457 ns, At safepoint: 38811 ns, Total: 141508 ns
[2025-05-08T04:43:38.225+0000][68][info ][safepoint   ] Safepoint "Cleanup", Time since last: 19831486556 ns, Reaching safepoint: 8753 ns, Cleanup: 9931 ns, At safepoint: 14806 ns, Total: 33490 ns
[2025-05-08T04:45:36.465+0000][68][info ][safepoint   ] Safepoint "Cleanup", Time since last: 118248677008 ns, Reaching safepoint: 34971 ns, Cleanup: 16214 ns, At safepoint: 16295 ns, Total: 67480 ns
[2025-05-08T04:45:37.499+0000][68][info ][safepoint   ] Safepoint "Cleanup", Time since last: 1034019947 ns, Reaching safepoint: 20092 ns, Cleanup: 13980 ns, At safepoint: 7721 ns, Total: 41793 ns
[2025-05-08T04:45:54.370+0000][68][info ][safepoint   ] Safepoint "Cleanup", Time since last: 16873485297 ns, Reaching safepoint: 34326 ns, Cleanup: 17391 ns, At safepoint: 14915 ns, Total: 66632 ns
[2025-05-08T04:46:38.519+0000][68][info ][safepoint   ] Safepoint "Cleanup", Time since last: 44151345046 ns, Reaching safepoint: 71297 ns, Cleanup: 16184 ns, At safepoint: 30626 ns, Total: 118107 ns
[2025-05-08T04:46:47.273+0000][68][info ][safepoint   ] Safepoint "Cleanup", Time since last: 8753712130 ns, Reaching safepoint: 19927 ns, Cleanup: 19529 ns, At safepoint: 91951 ns, Total: 131407 ns
[2025-05-08T04:46:48.609+0000][68][info ][safepoint   ] Safepoint "Cleanup", Time since last: 1335780436 ns, Reaching safepoint: 64160 ns, Cleanup: 20309 ns, At safepoint: 12782 ns, Total: 97251 ns
[2025-05-08T04:47:42.561+0000][68][info ][safepoint   ] Safepoint "Cleanup", Time since last: 53955978614 ns, Reaching safepoint: 44661 ns, Cleanup: 13728 ns, At safepoint: 7905 ns, Total: 66294 ns
[2025-05-08T04:48:33.919+0000][68][info ][safepoint   ] Safepoint "Cleanup", Time since last: 51362503934 ns, Reaching safepoint: 32190 ns, Cleanup: 15648 ns, At safepoint: 16376 ns, Total: 64214 ns
[2025-05-08T04:48:37.920+0000][68][info ][safepoint   ] Safepoint "Cleanup", Time since last: 4001162773 ns, Reaching safepoint: 70740 ns, Cleanup: 16292 ns, At safepoint: 30536 ns, Total: 117568 ns
[2025-05-08T04:48:52.924+0000][68][info ][safepoint   ] Safepoint "Cleanup", Time since last: 15003093128 ns, Reaching safepoint: 77287 ns, Cleanup: 18948 ns, At safepoint: 32090 ns, Total: 128325 ns
[2025-05-08T04:49:37.646+0000][68][info ][safepoint   ] Safepoint "Cleanup", Time since last: 44725019775 ns, Reaching safepoint: 48377 ns, Cleanup: 15663 ns, At safepoint: 9598 ns, Total: 73638 ns
[2025-05-08T04:49:56.235+0000][68][info ][safepoint   ] Safepoint "Cleanup", Time since last: 18591622099 ns, Reaching safepoint: 7709 ns, Cleanup: 9106 ns, At safepoint: 14957 ns, Total: 31772 ns
[2025-05-08T04:50:03.026+0000][68][info ][safepoint   ] Safepoint "Cleanup", Time since last: 6790657099 ns, Reaching safepoint: 33659 ns, Cleanup: 18138 ns, At safepoint: 12473 ns, Total: 64270 ns
[2025-05-08T04:50:12.681+0000][68][info ][safepoint   ] Safepoint "Cleanup", Time since last: 9655697898 ns, Reaching safepoint: 13310 ns, Cleanup: 14707 ns, At safepoint: 21923 ns, Total: 49940 ns
[2025-05-08T04:50:39.783+0000][68][info ][safepoint   ] Safepoint "Cleanup", Time since last: 27104470030 ns, Reaching safepoint: 57802 ns, Cleanup: 16109 ns, At safepoint: 9735 ns, Total: 83646 ns
[2025-05-08T04:50:59.848+0000][68][info ][safepoint   ] Safepoint "Cleanup", Time since last: 20066139348 ns, Reaching safepoint: 440971 ns, Cleanup: 11253 ns, At safepoint: 57193 ns, Total: 509417 ns
[2025-05-08T04:51:01.211+0000][68][info ][safepoint   ] Safepoint "Cleanup", Time since last: 1363144662 ns, Reaching safepoint: 6751 ns, Cleanup: 12121 ns, At safepoint: 16317 ns, Total: 35189 ns
[2025-05-08T04:52:01.397+0000][68][info ][safepoint   ] Safepoint "Cleanup", Time since last: 60190483348 ns, Reaching safepoint: 20463 ns, Cleanup: 14232 ns, At safepoint: 73705 ns, Total: 108400 ns
[2025-05-08T04:52:27.749+0000][68][info ][safepoint   ] Safepoint "Cleanup", Time since last: 26353482033 ns, Reaching safepoint: 115061 ns, Cleanup: 19622 ns, At safepoint: 13021 ns, Total: 147704 ns
[2025-05-08T04:52:31.751+0000][68][info ][safepoint   ] Safepoint "Cleanup", Time since last: 4001643536 ns, Reaching safepoint: 38243 ns, Cleanup: 21324 ns, At safepoint: 21385 ns, Total: 80952 ns
[2025-05-08T04:53:01.941+0000][68][info ][safepoint   ] Safepoint "Cleanup", Time since last: 30192430562 ns, Reaching safepoint: 110014 ns, Cleanup: 17458 ns, At safepoint: 34347 ns, Total: 161819 ns
[2025-05-08T04:53:05.252+0000][68][info ][safepoint   ] Safepoint "Cleanup", Time since last: 3310734332 ns, Reaching safepoint: 20045 ns, Cleanup: 16846 ns, At safepoint: 72435 ns, Total: 109326 ns
[2025-05-08T04:53:33.782+0000][68][info ][safepoint   ] Safepoint "Cleanup", Time since last: 28531970806 ns, Reaching safepoint: 82953 ns, Cleanup: 17202 ns, At safepoint: 15698 ns, Total: 115853 ns
[2025-05-08T04:53:52.574+0000][68][info ][safepoint   ] Safepoint "Cleanup", Time since last: 18791597666 ns, Reaching safepoint: 19536 ns, Cleanup: 149569 ns, At safepoint: 85474 ns, Total: 254579 ns
[2025-05-08T04:54:08.202+0000][68][info ][safepoint   ] Safepoint "Cleanup", Time since last: 15628845663 ns, Reaching safepoint: 158131 ns, Cleanup: 11408 ns, At safepoint: 55682 ns, Total: 225221 ns
[2025-05-08T04:54:11.193+0000][68][info ][safepoint   ] Safepoint "Cleanup", Time since last: 2991181080 ns, Reaching safepoint: 21734 ns, Cleanup: 18506 ns, At safepoint: 6635 ns, Total: 46875 ns
[2025-05-08T04:54:57.842+0000][68][info ][safepoint   ] Safepoint "Cleanup", Time since last: 46653619811 ns, Reaching safepoint: 57957 ns, Cleanup: 15281 ns, At safepoint: 10166 ns, Total: 83404 ns
[2025-05-08T04:55:41.266+0000][68][info ][safepoint   ] Safepoint "Cleanup", Time since last: 43426704461 ns, Reaching safepoint: 17860 ns, Cleanup: 21916 ns, At safepoint: 92758 ns, Total: 132534 ns
[2025-05-08T04:55:43.188+0000][68][info ][safepoint   ] Safepoint "Cleanup", Time since last: 1922235777 ns, Reaching safepoint: 33585 ns, Cleanup: 24000 ns, At safepoint: 16196 ns, Total: 73781 ns
[2025-05-08T04:55:52.782+0000][68][info ][safepoint   ] Safepoint "Cleanup", Time since last: 9593270884 ns, Reaching safepoint: 16060 ns, Cleanup: 20855 ns, At safepoint: 88658 ns, Total: 125573 ns
[2025-05-08T04:56:42.916+0000][68][info ][safepoint   ] Safepoint "Cleanup", Time since last: 50138428147 ns, Reaching safepoint: 19225 ns, Cleanup: 12561 ns, At safepoint: 19364 ns, Total: 51150 ns
[2025-05-08T04:58:20.231+0000][68][info ][safepoint   ] Safepoint "Cleanup", Time since last: 97321399652 ns, Reaching safepoint: 31057 ns, Cleanup: 12986 ns, At safepoint: 70997 ns, Total: 115040 ns
[2025-05-08T04:59:37.430+0000][68][info ][safepoint   ] Safepoint "Cleanup", Time since last: 77204376159 ns, Reaching safepoint: 73651 ns, Cleanup: 16499 ns, At safepoint: 17391 ns, Total: 107541 ns
[2025-05-08T05:00:34.690+0000][68][info ][safepoint   ] Safepoint "Cleanup", Time since last: 57263700880 ns, Reaching safepoint: 339652 ns, Cleanup: 19739 ns, At safepoint: 158003 ns, Total: 517394 ns
[2025-05-08T05:00:37.711+0000][68][info ][safepoint   ] Safepoint "Cleanup", Time since last: 3021322322 ns, Reaching safepoint: 74761 ns, Cleanup: 18854 ns, At safepoint: 34804 ns, Total: 128419 ns
[2025-05-08T05:00:45.547+0000][68][info ][safepoint   ] Safepoint "Cleanup", Time since last: 7835894589 ns, Reaching safepoint: 5750 ns, Cleanup: 8158 ns, At safepoint: 13946 ns, Total: 27854 ns
[2025-05-08T05:00:53.011+0000][68][info ][safepoint   ] Safepoint "Cleanup", Time since last: 7463314960 ns, Reaching safepoint: 13630 ns, Cleanup: 14540 ns, At safepoint: 142550 ns, Total: 170720 ns
[2025-05-08T05:01:37.373+0000][68][info ][safepoint   ] Safepoint "Cleanup", Time since last: 44365984389 ns, Reaching safepoint: 36301 ns, Cleanup: 15180 ns, At safepoint: 90676 ns, Total: 142157 ns
[2025-05-08T05:02:32.196+0000][68][info ][safepoint   ] Safepoint "Cleanup", Time since last: 54827926091 ns, Reaching safepoint: 93823 ns, Cleanup: 11833 ns, At safepoint: 37078 ns, Total: 142734 ns
[2025-05-08T05:03:38.707+0000][68][info ][safepoint   ] Safepoint "Cleanup", Time since last: 66515360605 ns, Reaching safepoint: 21089 ns, Cleanup: 13800 ns, At safepoint: 8641 ns, Total: 43530 ns
[2025-05-08T05:03:51.710+0000][68][info ][safepoint   ] Safepoint "Cleanup", Time since last: 13002456181 ns, Reaching safepoint: 64544 ns, Cleanup: 23118 ns, At safepoint: 10819 ns, Total: 98481 ns
[2025-05-08T05:04:12.712+0000][68][info ][safepoint   ] Safepoint "Cleanup", Time since last: 21003547654 ns, Reaching safepoint: 82431 ns, Cleanup: 25577 ns, At safepoint: 15856 ns, Total: 123864 ns
[2025-05-08T05:04:35.187+0000][68][info ][safepoint   ] Safepoint "Cleanup", Time since last: 22476808132 ns, Reaching safepoint: 103015 ns, Cleanup: 21343 ns, At safepoint: 12212 ns, Total: 136570 ns
[2025-05-08T05:04:36.188+0000][68][info ][safepoint   ] Safepoint "Cleanup", Time since last: 1000731907 ns, Reaching safepoint: 30024 ns, Cleanup: 16814 ns, At safepoint: 16552 ns, Total: 63390 ns
[2025-05-08T05:04:38.734+0000][68][info ][safepoint   ] Safepoint "Cleanup", Time since last: 2546487951 ns, Reaching safepoint: 16873 ns, Cleanup: 22589 ns, At safepoint: 24301 ns, Total: 63763 ns
[2025-05-08T05:05:52.883+0000][68][info ][safepoint   ] Safepoint "Cleanup", Time since last: 74152858932 ns, Reaching safepoint: 76198 ns, Cleanup: 17334 ns, At safepoint: 16909 ns, Total: 110441 ns
[2025-05-08T05:06:13.257+0000][68][info ][safepoint   ] Safepoint "Cleanup", Time since last: 20376095128 ns, Reaching safepoint: 21301 ns, Cleanup: 16202 ns, At safepoint: 27515 ns, Total: 65018 ns
[2025-05-08T05:06:17.356+0000][68][info ][safepoint   ] Safepoint "Cleanup", Time since last: 4099308619 ns, Reaching safepoint: 11788 ns, Cleanup: 11477 ns, At safepoint: 4728 ns, Total: 27993 ns
[2025-05-08T05:06:22.366+0000][68][info ][safepoint   ] Safepoint "Cleanup", Time since last: 5010184938 ns, Reaching safepoint: 181627 ns, Cleanup: 16918 ns, At safepoint: 119208 ns, Total: 317753 ns
[2025-05-08T05:06:23.366+0000][68][info ][safepoint   ] Safepoint "Cleanup", Time since last: 1000680542 ns, Reaching safepoint: 27594 ns, Cleanup: 15745 ns, At safepoint: 10956 ns, Total: 54295 ns
[2025-05-08T05:06:25.520+0000][68][info ][safepoint   ] Safepoint "Cleanup", Time since last: 2154362705 ns, Reaching safepoint: 31575 ns, Cleanup: 17917 ns, At safepoint: 21142 ns, Total: 70634 ns
[2025-05-08T05:06:27.521+0000][68][info ][safepoint   ] Safepoint "Cleanup", Time since last: 2000738654 ns, Reaching safepoint: 34752 ns, Cleanup: 17513 ns, At safepoint: 17386 ns, Total: 69651 ns
[2025-05-08T05:06:44.190+0000][68][info ][safepoint   ] Safepoint "Cleanup", Time since last: 16668470689 ns, Reaching safepoint: 127109 ns, Cleanup: 16192 ns, At safepoint: 54007 ns, Total: 197308 ns
[2025-05-08T05:06:45.920+0000][68][info ][safepoint   ] Safepoint "Cleanup", Time since last: 1730072431 ns, Reaching safepoint: 33268 ns, Cleanup: 26817 ns, At safepoint: 13052 ns, Total: 73137 ns
[2025-05-08T05:07:17.225+0000][68][info ][safepoint   ] Safepoint "Cleanup", Time since last: 31307644810 ns, Reaching safepoint: 24466 ns, Cleanup: 14285 ns, At safepoint: 17507 ns, Total: 56258 ns
[2025-05-08T05:07:18.537+0000][68][info ][safepoint   ] Safepoint "Cleanup", Time since last: 1311764733 ns, Reaching safepoint: 44838 ns, Cleanup: 20088 ns, At safepoint: 11471 ns, Total: 76397 ns
[2025-05-08T05:07:47.945+0000][68][info ][safepoint   ] Safepoint "Cleanup", Time since last: 29410479277 ns, Reaching safepoint: 62133 ns, Cleanup: 23462 ns, At safepoint: 83026 ns, Total: 168621 ns
[2025-05-08T05:08:38.204+0000][68][info ][safepoint   ] Safepoint "Cleanup", Time since last: 50262203746 ns, Reaching safepoint: 32228 ns, Cleanup: 14811 ns, At safepoint: 4963 ns, Total: 52002 ns
[2025-05-08T05:08:40.017+0000][68][info ][safepoint   ] Safepoint "Cleanup", Time since last: 1812796167 ns, Reaching safepoint: 33230 ns, Cleanup: 22398 ns, At safepoint: 16782 ns, Total: 72410 ns
[2025-05-08T05:08:41.066+0000][68][info ][safepoint   ] Safepoint "Cleanup", Time since last: 1049310112 ns, Reaching safepoint: 6243 ns, Cleanup: 16927 ns, At safepoint: 14077 ns, Total: 37247 ns
[2025-05-08T05:08:42.741+0000][68][info ][safepoint   ] Safepoint "Cleanup", Time since last: 1674424513 ns, Reaching safepoint: 17060 ns, Cleanup: 14028 ns, At safepoint: 20823 ns, Total: 51911 ns
[2025-05-08T05:08:44.631+0000][68][info ][safepoint   ] Safepoint "Cleanup", Time since last: 1890051990 ns, Reaching safepoint: 34645 ns, Cleanup: 17007 ns, At safepoint: 17758 ns, Total: 69410 ns
[2025-05-08T05:09:35.463+0000][68][info ][safepoint   ] Safepoint "Cleanup", Time since last: 50836014844 ns, Reaching safepoint: 7690 ns, Cleanup: 10292 ns, At safepoint: 3152 ns, Total: 21134 ns
[2025-05-08T05:09:36.668+0000][68][info ][safepoint   ] Safepoint "Cleanup", Time since last: 1205802681 ns, Reaching safepoint: 22696 ns, Cleanup: 14111 ns, At safepoint: 10678 ns, Total: 47485 ns
[2025-05-08T05:09:37.669+0000][68][info ][safepoint   ] Safepoint "Cleanup", Time since last: 1000654951 ns, Reaching safepoint: 21592 ns, Cleanup: 13669 ns, At safepoint: 9463 ns, Total: 44724 ns
[2025-05-08T05:09:53.197+0000][68][info ][safepoint   ] Safepoint "Cleanup", Time since last: 15530582686 ns, Reaching safepoint: 8900 ns, Cleanup: 10027 ns, At safepoint: 3945 ns, Total: 22872 ns
[2025-05-08T05:09:55.166+0000][68][info ][safepoint   ] Safepoint "Cleanup", Time since last: 1968578465 ns, Reaching safepoint: 33771 ns, Cleanup: 18438 ns, At safepoint: 16913 ns, Total: 69122 ns
[2025-05-08T05:10:00.167+0000][68][info ][safepoint   ] Safepoint "Cleanup", Time since last: 5001178024 ns, Reaching safepoint: 35007 ns, Cleanup: 17244 ns, At safepoint: 17768 ns, Total: 70019 ns
[2025-05-08T05:10:35.761+0000][68][info ][safepoint   ] Safepoint "Cleanup", Time since last: 35595307170 ns, Reaching safepoint: 146730 ns, Cleanup: 13743 ns, At safepoint: 54550 ns, Total: 215023 ns
[2025-05-08T05:10:56.191+0000][68][info ][safepoint   ] Safepoint "Cleanup", Time since last: 20431206104 ns, Reaching safepoint: 14615 ns, Cleanup: 10677 ns, At safepoint: 24812 ns, Total: 50104 ns
[2025-05-08T05:10:57.234+0000][68][info ][safepoint   ] Safepoint "Cleanup", Time since last: 1043595230 ns, Reaching safepoint: 277857 ns, Cleanup: 15365 ns, At safepoint: 47478 ns, Total: 340700 ns
[2025-05-08T05:11:08.262+0000][68][info ][safepoint   ] Safepoint "Cleanup", Time since last: 11027298117 ns, Reaching safepoint: 58358 ns, Cleanup: 15032 ns, At safepoint: 10224 ns, Total: 83614 ns
[2025-05-08T05:11:29.596+0000][68][info ][safepoint   ] Safepoint "Cleanup", Time since last: 21336321406 ns, Reaching safepoint: 78770 ns, Cleanup: 15783 ns, At safepoint: 10095 ns, Total: 104648 ns
[2025-05-08T05:11:59.314+0000][68][info ][safepoint   ] Safepoint "Cleanup", Time since last: 29719783929 ns, Reaching safepoint: 21049 ns, Cleanup: 10775 ns, At safepoint: 53826 ns, Total: 85650 ns
[2025-05-08T05:12:40.797+0000][68][info ][safepoint   ] Safepoint "Cleanup", Time since last: 41485233709 ns, Reaching safepoint: 87135 ns, Cleanup: 18169 ns, At safepoint: 36390 ns, Total: 141694 ns
[2025-05-08T05:13:27.498+0000][68][info ][safepoint   ] Safepoint "Cleanup", Time since last: 46704319599 ns, Reaching safepoint: 76183 ns, Cleanup: 18108 ns, At safepoint: 34552 ns, Total: 128843 ns
[2025-05-08T05:14:37.570+0000][68][info ][safepoint   ] Safepoint "Cleanup", Time since last: 70076044221 ns, Reaching safepoint: 34849 ns, Cleanup: 650315 ns, At safepoint: 35052 ns, Total: 720216 ns
[2025-05-08T05:15:08.261+0000][68][info ][gc,start    ] GC(25) Pause Young (Prepare Mixed) (G1 Evacuation Pause)
[2025-05-08T05:15:08.267+0000][68][info ][gc,task     ] GC(25) Using 10 workers of 10 for evacuation
[2025-05-08T05:15:08.268+0000][68][debug][gc,age      ] GC(25) Desired survivor size 153092096 bytes, new threshold 15 (max threshold 15)
[2025-05-08T05:15:08.705+0000][68][info ][gc,mmu      ] GC(25) MMU target violated: 201.0ms (200.0ms/201.0ms)
[2025-05-08T05:15:08.706+0000][68][info ][gc,phases   ] GC(25)   Pre Evacuate Collection Set: 21.95ms
[2025-05-08T05:15:08.707+0000][68][info ][gc,phases   ] GC(25)   Merge Heap Roots: 11.88ms
[2025-05-08T05:15:08.708+0000][68][info ][gc,phases   ] GC(25)   Evacuate Collection Set: 348.92ms
[2025-05-08T05:15:08.708+0000][68][info ][gc,phases   ] GC(25)   Post Evacuate Collection Set: 52.70ms
[2025-05-08T05:15:08.709+0000][68][info ][gc,phases   ] GC(25)   Other: 5.86ms
[2025-05-08T05:15:08.710+0000][68][trace][gc,age      ] GC(25) Age table with threshold 15 (max threshold 15)
[2025-05-08T05:15:08.711+0000][68][trace][gc,age      ] GC(25) - age   1:    3702872 bytes,    3702872 total
[2025-05-08T05:15:08.711+0000][68][trace][gc,age      ] GC(25) - age   2:      80512 bytes,    3783384 total
[2025-05-08T05:15:08.712+0000][68][trace][gc,age      ] GC(25) - age   3:     197608 bytes,    3980992 total
[2025-05-08T05:15:08.712+0000][68][trace][gc,age      ] GC(25) - age   4:     330664 bytes,    4311656 total
[2025-05-08T05:15:08.712+0000][68][trace][gc,age      ] GC(25) - age   5:     159248 bytes,    4470904 total
[2025-05-08T05:15:08.713+0000][68][trace][gc,age      ] GC(25) - age   6:      90984 bytes,    4561888 total
[2025-05-08T05:15:08.713+0000][68][trace][gc,age      ] GC(25) - age   7:     511184 bytes,    5073072 total
[2025-05-08T05:15:08.713+0000][68][trace][gc,age      ] GC(25) - age   8:     474192 bytes,    5547264 total
[2025-05-08T05:15:08.714+0000][68][trace][gc,age      ] GC(25) - age   9:    3087480 bytes,    8634744 total
[2025-05-08T05:15:08.715+0000][68][info ][gc,heap     ] GC(25) Eden regions: 579->0(579)
[2025-05-08T05:15:08.715+0000][68][info ][gc,heap     ] GC(25) Survivor regions: 3->3(73)
[2025-05-08T05:15:08.715+0000][68][info ][gc,heap     ] GC(25) Old regions: 29->29
[2025-05-08T05:15:08.716+0000][68][info ][gc,heap     ] GC(25) Humongous regions: 0->0
[2025-05-08T05:15:08.717+0000][68][info ][gc,metaspace] GC(25) Metaspace: 148660K(155200K)->148660K(155200K) NonClass: 128901K(132864K)->128901K(132864K) Class: 19758K(22336K)->19758K(22336K)
[2025-05-08T05:15:08.718+0000][68][info ][gc          ] GC(25) Pause Young (Prepare Mixed) (G1 Evacuation Pause) 2437M->121M(3880M) 456.708ms
[2025-05-08T05:15:08.718+0000][68][info ][gc,cpu      ] GC(25) User=2.95s Sys=0.05s Real=0.45s
[2025-05-08T05:15:08.719+0000][68][info ][safepoint   ] Safepoint "G1CollectForAllocation", Time since last: 30687179499 ns, Reaching safepoint: 27079 ns, Cleanup: 35891 ns, At safepoint: 462878574 ns, Total: 462941544 ns
[2025-05-08T05:15:09.719+0000][68][info ][safepoint   ] Safepoint "Cleanup", Time since last: 1000552598 ns, Reaching safepoint: 96975 ns, Cleanup: 23516 ns, At safepoint: 15901 ns, Total: 136392 ns
[2025-05-08T05:15:52.835+0000][68][info ][safepoint   ] Safepoint "Cleanup", Time since last: 43117597763 ns, Reaching safepoint: 84593 ns, Cleanup: 16732 ns, At safepoint: 18005 ns, Total: 119330 ns
[2025-05-08T05:16:11.938+0000][68][info ][safepoint   ] Safepoint "Cleanup", Time since last: 19105298233 ns, Reaching safepoint: 13875 ns, Cleanup: 17266 ns, At safepoint: 18494 ns, Total: 49635 ns
[2025-05-08T05:16:38.163+0000][68][info ][safepoint   ] Safepoint "Cleanup", Time since last: 26226554916 ns, Reaching safepoint: 37360 ns, Cleanup: 21035 ns, At safepoint: 20657 ns, Total: 79052 ns
[2025-05-08T05:16:39.164+0000][68][info ][safepoint   ] Safepoint "Cleanup", Time since last: 1000744628 ns, Reaching safepoint: 98017 ns, Cleanup: 24209 ns, At safepoint: 19009 ns, Total: 141235 ns
[2025-05-08T05:17:14.943+0000][68][info ][safepoint   ] Safepoint "Cleanup", Time since last: 35780851063 ns, Reaching safepoint: 19742 ns, Cleanup: 16873 ns, At safepoint: 77849 ns, Total: 114464 ns
[2025-05-08T05:17:36.964+0000][68][info ][safepoint   ] Safepoint "Cleanup", Time since last: 22023136148 ns, Reaching safepoint: 75507 ns, Cleanup: 18522 ns, At safepoint: 16661 ns, Total: 110690 ns
[2025-05-08T05:18:18.007+0000][68][info ][safepoint   ] Safepoint "Cleanup", Time since last: 41045231560 ns, Reaching safepoint: 173888 ns, Cleanup: 14407 ns, At safepoint: 51818 ns, Total: 240113 ns
[2025-05-08T05:19:03.035+0000][68][info ][safepoint   ] Safepoint "Cleanup", Time since last: 45031046539 ns, Reaching safepoint: 66494 ns, Cleanup: 15222 ns, At safepoint: 10664 ns, Total: 92380 ns
[2025-05-08T05:20:13.064+0000][68][info ][safepoint   ] Safepoint "Cleanup", Time since last: 70033718104 ns, Reaching safepoint: 11077 ns, Cleanup: 8694 ns, At safepoint: 14535 ns, Total: 34306 ns
[2025-05-08T05:20:25.123+0000][68][info ][safepoint   ] Safepoint "Cleanup", Time since last: 12059964509 ns, Reaching safepoint: 33427 ns, Cleanup: 16221 ns, At safepoint: 16842 ns, Total: 66490 ns
[2025-05-08T05:20:26.123+0000][68][info ][safepoint   ] Safepoint "Cleanup", Time since last: 1000913666 ns, Reaching safepoint: 30886 ns, Cleanup: 17279 ns, At safepoint: 15976 ns, Total: 64141 ns
[2025-05-08T05:20:27.124+0000][68][info ][safepoint   ] Safepoint "Cleanup", Time since last: 1000735175 ns, Reaching safepoint: 31588 ns, Cleanup: 15740 ns, At safepoint: 15600 ns, Total: 62928 ns
[2025-05-08T05:20:37.127+0000][68][info ][safepoint   ] Safepoint "Cleanup", Time since last: 10002300720 ns, Reaching safepoint: 64031 ns, Cleanup: 17278 ns, At safepoint: 11153 ns, Total: 92462 ns
[2025-05-08T05:20:39.128+0000][68][info ][safepoint   ] Safepoint "Cleanup", Time since last: 2000928298 ns, Reaching safepoint: 35222 ns, Cleanup: 27649 ns, At safepoint: 17383 ns, Total: 80254 ns
[2025-05-08T05:20:44.129+0000][68][info ][safepoint   ] Safepoint "Cleanup", Time since last: 5001196939 ns, Reaching safepoint: 20436 ns, Cleanup: 12859 ns, At safepoint: 8362 ns, Total: 41657 ns
[2025-05-08T05:20:45.130+0000][68][info ][safepoint   ] Safepoint "Cleanup", Time since last: 1000628668 ns, Reaching safepoint: 18946 ns, Cleanup: 66288 ns, At safepoint: 9005 ns, Total: 94239 ns
[2025-05-08T05:20:56.247+0000][68][info ][safepoint   ] Safepoint "Cleanup", Time since last: 11118805667 ns, Reaching safepoint: 17368 ns, Cleanup: 19963 ns, At safepoint: 90710 ns, Total: 128041 ns
[2025-05-08T05:21:27.249+0000][68][info ][safepoint   ] Safepoint "Cleanup", Time since last: 31003950156 ns, Reaching safepoint: 153101 ns, Cleanup: 17724 ns, At safepoint: 109993 ns, Total: 280818 ns
[2025-05-08T05:24:08.325+0000][68][info ][safepoint   ] Safepoint "Cleanup", Time since last: 161085654109 ns, Reaching safepoint: 167602 ns, Cleanup: 17202 ns, At safepoint: 19163 ns, Total: 203967 ns
[2025-05-08T05:25:57.493+0000][68][info ][safepoint   ] Safepoint "Cleanup", Time since last: 109175930350 ns, Reaching safepoint: 111434 ns, Cleanup: 29253 ns, At safepoint: 23037 ns, Total: 163724 ns
[2025-05-08T05:26:41.263+0000][68][info ][safepoint   ] Safepoint "Cleanup", Time since last: 43771750853 ns, Reaching safepoint: 9983 ns, Cleanup: 14009 ns, At safepoint: 14232 ns, Total: 38224 ns
[2025-05-08T05:26:42.653+0000][68][info ][safepoint   ] Safepoint "Cleanup", Time since last: 1389685584 ns, Reaching safepoint: 34932 ns, Cleanup: 19922 ns, At safepoint: 16824 ns, Total: 71678 ns
[2025-05-08T05:27:37.071+0000][68][info ][safepoint   ] Safepoint "Cleanup", Time since last: 54422176278 ns, Reaching safepoint: 21265 ns, Cleanup: 20255 ns, At safepoint: 92839 ns, Total: 134359 ns
[2025-05-08T05:27:38.374+0000][68][info ][safepoint   ] Safepoint "Cleanup", Time since last: 1302734207 ns, Reaching safepoint: 34141 ns, Cleanup: 17668 ns, At safepoint: 17043 ns, Total: 68852 ns
[2025-05-08T05:27:39.375+0000][68][info ][safepoint   ] Safepoint "Cleanup", Time since last: 1000915286 ns, Reaching safepoint: 38265 ns, Cleanup: 17345 ns, At safepoint: 17506 ns, Total: 73116 ns
[2025-05-08T05:27:42.376+0000][68][info ][safepoint   ] Safepoint "Cleanup", Time since last: 3000939037 ns, Reaching safepoint: 26561 ns, Cleanup: 19174 ns, At safepoint: 11966 ns, Total: 57701 ns
[2025-05-08T05:28:47.265+0000][68][info ][safepoint   ] Safepoint "Cleanup", Time since last: 64892152656 ns, Reaching safepoint: 1101922 ns, Cleanup: 18461 ns, At safepoint: 171610 ns, Total: 1291993 ns
[2025-05-08T05:30:50.426+0000][68][info ][safepoint   ] Safepoint "Cleanup", Time since last: 123168529439 ns, Reaching safepoint: 29369 ns, Cleanup: 19331 ns, At safepoint: 122934 ns, Total: 171634 ns
[2025-05-08T05:30:51.574+0000][68][info ][safepoint   ] Safepoint "Cleanup", Time since last: 1148431515 ns, Reaching safepoint: 27420 ns, Cleanup: 18417 ns, At safepoint: 10831 ns, Total: 56668 ns
[2025-05-08T05:32:16.181+0000][68][info ][safepoint   ] Safepoint "Cleanup", Time since last: 84612219652 ns, Reaching safepoint: 33348 ns, Cleanup: 17571 ns, At safepoint: 16604 ns, Total: 67523 ns
[2025-05-08T05:32:59.307+0000][68][info ][safepoint   ] Safepoint "Cleanup", Time since last: 43129885774 ns, Reaching safepoint: 18187 ns, Cleanup: 17493 ns, At safepoint: 65793 ns, Total: 101473 ns
[2025-05-08T05:33:38.220+0000][68][info ][safepoint   ] Safepoint "Cleanup", Time since last: 38914736636 ns, Reaching safepoint: 81714 ns, Cleanup: 18076 ns, At safepoint: 17162 ns, Total: 116952 ns
[2025-05-08T05:35:05.315+0000][68][info ][safepoint   ] Safepoint "Cleanup", Time since last: 87100224351 ns, Reaching safepoint: 26680 ns, Cleanup: 13428 ns, At safepoint: 81280 ns, Total: 121388 ns
[2025-05-08T05:35:28.299+0000][68][info ][safepoint   ] Safepoint "Cleanup", Time since last: 22986334955 ns, Reaching safepoint: 47760 ns, Cleanup: 13613 ns, At safepoint: 9858 ns, Total: 71231 ns
[2025-05-08T05:36:05.440+0000][68][info ][safepoint   ] Safepoint "Cleanup", Time since last: 37143110412 ns, Reaching safepoint: 28959 ns, Cleanup: 17324 ns, At safepoint: 77649 ns, Total: 123932 ns
[2025-05-08T05:36:22.959+0000][68][info ][safepoint   ] Safepoint "Cleanup", Time since last: 17519263672 ns, Reaching safepoint: 13730 ns, Cleanup: 17307 ns, At safepoint: 82114 ns, Total: 113151 ns
[2025-05-08T05:36:24.000+0000][68][info ][safepoint   ] Safepoint "Cleanup", Time since last: 1042615554 ns, Reaching safepoint: 18971 ns, Cleanup: 13313 ns, At safepoint: 8430 ns, Total: 40714 ns
[2025-05-08T05:38:08.385+0000][68][info ][safepoint   ] Safepoint "Cleanup", Time since last: 104389713402 ns, Reaching safepoint: 159704 ns, Cleanup: 18655 ns, At safepoint: 39217 ns, Total: 217576 ns
[2025-05-08T05:38:11.386+0000][68][info ][safepoint   ] Safepoint "Cleanup", Time since last: 3001171195 ns, Reaching safepoint: 32023 ns, Cleanup: 16229 ns, At safepoint: 16400 ns, Total: 64652 ns
[2025-05-08T05:38:14.281+0000][68][info ][safepoint   ] Safepoint "Cleanup", Time since last: 2892484509 ns, Reaching safepoint: 2311277 ns, Cleanup: 18051 ns, At safepoint: 206011 ns, Total: 2535339 ns
[2025-05-08T05:38:15.426+0000][68][info ][safepoint   ] Safepoint "Cleanup", Time since last: 1145311019 ns, Reaching safepoint: 32981 ns, Cleanup: 18166 ns, At safepoint: 16585 ns, Total: 67732 ns
[2025-05-08T05:39:20.310+0000][68][info ][safepoint   ] Safepoint "Cleanup", Time since last: 64887468485 ns, Reaching safepoint: 20689 ns, Cleanup: 20736 ns, At safepoint: 103186 ns, Total: 144611 ns
[2025-05-08T05:41:22.538+0000][68][info ][safepoint   ] Safepoint "Cleanup", Time since last: 122235547774 ns, Reaching safepoint: 299106 ns, Cleanup: 15663 ns, At safepoint: 138099 ns, Total: 452868 ns
[2025-05-08T05:42:37.162+0000][68][info ][safepoint   ] Safepoint "Cleanup", Time since last: 74629958586 ns, Reaching safepoint: 60228 ns, Cleanup: 16045 ns, At safepoint: 13160 ns, Total: 89433 ns
[2025-05-08T05:44:32.960+0000][68][info ][safepoint   ] Safepoint "Cleanup", Time since last: 115806054141 ns, Reaching safepoint: 32238 ns, Cleanup: 65329 ns, At safepoint: 73725 ns, Total: 171292 ns
[2025-05-08T05:45:35.362+0000][68][info ][safepoint   ] Safepoint "Cleanup", Time since last: 62405195307 ns, Reaching safepoint: 302119 ns, Cleanup: 18226 ns, At safepoint: 188867 ns, Total: 509212 ns
[2025-05-08T05:46:40.157+0000][68][info ][safepoint   ] Safepoint "Cleanup", Time since last: 64799610703 ns, Reaching safepoint: 7124 ns, Cleanup: 6874 ns, At safepoint: 3501 ns, Total: 17499 ns
[2025-05-08T05:46:58.163+0000][68][info ][safepoint   ] Safepoint "Cleanup", Time since last: 18006509024 ns, Reaching safepoint: 55688 ns, Cleanup: 16390 ns, At safepoint: 33447 ns, Total: 105525 ns
[2025-05-08T05:47:42.187+0000][68][info ][safepoint   ] Safepoint "Cleanup", Time since last: 44026818879 ns, Reaching safepoint: 11193 ns, Cleanup: 11288 ns, At safepoint: 4559 ns, Total: 27040 ns
[2025-05-08T05:48:27.816+0000][68][info ][safepoint   ] Safepoint "Cleanup", Time since last: 45632842051 ns, Reaching safepoint: 31251 ns, Cleanup: 17512 ns, At safepoint: 10194 ns, Total: 58957 ns
[2025-05-08T05:48:32.030+0000][68][info ][safepoint   ] Safepoint "Cleanup", Time since last: 4212973824 ns, Reaching safepoint: 280589 ns, Cleanup: 21824 ns, At safepoint: 72126 ns, Total: 374539 ns
[2025-05-08T05:48:33.270+0000][68][info ][safepoint   ] Safepoint "Cleanup", Time since last: 1240219893 ns, Reaching safepoint: 39218 ns, Cleanup: 29358 ns, At safepoint: 21001 ns, Total: 89577 ns
[2025-05-08T05:49:32.265+0000][68][info ][safepoint   ] Safepoint "Cleanup", Time since last: 58999303840 ns, Reaching safepoint: 30977 ns, Cleanup: 18974 ns, At safepoint: 75063 ns, Total: 125014 ns
[2025-05-08T05:50:28.877+0000][68][info ][safepoint   ] Safepoint "Cleanup", Time since last: 56616210561 ns, Reaching safepoint: 64736 ns, Cleanup: 16041 ns, At safepoint: 14746 ns, Total: 95523 ns
[2025-05-08T05:51:32.659+0000][68][info ][safepoint   ] Safepoint "Cleanup", Time since last: 63785158501 ns, Reaching safepoint: 19455 ns, Cleanup: 21632 ns, At safepoint: 84382 ns, Total: 125469 ns
[2025-05-08T05:51:42.685+0000][68][info ][safepoint   ] Safepoint "Cleanup", Time since last: 10025959265 ns, Reaching safepoint: 273094 ns, Cleanup: 16643 ns, At safepoint: 120808 ns, Total: 410545 ns
[2025-05-08T05:51:53.523+0000][68][info ][safepoint   ] Safepoint "Cleanup", Time since last: 10839873723 ns, Reaching safepoint: 111255 ns, Cleanup: 21563 ns, At safepoint: 53068 ns, Total: 185886 ns
[2025-05-08T05:51:54.529+0000][68][info ][safepoint   ] Safepoint "Cleanup", Time since last: 1006074525 ns, Reaching safepoint: 25671 ns, Cleanup: 14642 ns, At safepoint: 99536 ns, Total: 139849 ns
[2025-05-08T05:53:36.985+0000][68][info ][safepoint   ] Safepoint "Cleanup", Time since last: 102461048065 ns, Reaching safepoint: 39526 ns, Cleanup: 14398 ns, At safepoint: 9907 ns, Total: 63831 ns
[2025-05-08T05:53:47.815+0000][68][info ][safepoint   ] Safepoint "Cleanup", Time since last: 10829862487 ns, Reaching safepoint: 7676 ns, Cleanup: 12061 ns, At safepoint: 3722 ns, Total: 23459 ns
[2025-05-08T05:59:35.325+0000][68][info ][gc,start    ] GC(26) Pause Young (Mixed) (G1 Evacuation Pause)
[2025-05-08T05:59:35.327+0000][68][info ][gc,task     ] GC(26) Using 10 workers of 10 for evacuation
[2025-05-08T05:59:35.328+0000][68][debug][gc,age      ] GC(26) Desired survivor size 153092096 bytes, new threshold 15 (max threshold 15)
[2025-05-08T05:59:35.518+0000][68][info ][gc,phases   ] GC(26)   Pre Evacuate Collection Set: 11.56ms
[2025-05-08T05:59:35.518+0000][68][info ][gc,phases   ] GC(26)   Merge Heap Roots: 2.79ms
[2025-05-08T05:59:35.519+0000][68][info ][gc,phases   ] GC(26)   Evacuate Collection Set: 158.21ms
[2025-05-08T05:59:35.519+0000][68][info ][gc,phases   ] GC(26)   Post Evacuate Collection Set: 14.90ms
[2025-05-08T05:59:35.519+0000][68][info ][gc,phases   ] GC(26)   Other: 4.03ms
[2025-05-08T05:59:35.520+0000][68][trace][gc,age      ] GC(26) Age table with threshold 15 (max threshold 15)
[2025-05-08T05:59:35.520+0000][68][trace][gc,age      ] GC(26) - age   1:    4613360 bytes,    4613360 total
[2025-05-08T05:59:35.521+0000][68][trace][gc,age      ] GC(26) - age   2:    1410888 bytes,    6024248 total
[2025-05-08T05:59:35.522+0000][68][trace][gc,age      ] GC(26) - age   3:      78168 bytes,    6102416 total
[2025-05-08T05:59:35.522+0000][68][trace][gc,age      ] GC(26) - age   4:     148592 bytes,    6251008 total
[2025-05-08T05:59:35.523+0000][68][trace][gc,age      ] GC(26) - age   5:     330240 bytes,    6581248 total
[2025-05-08T05:59:35.523+0000][68][trace][gc,age      ] GC(26) - age   6:     159112 bytes,    6740360 total
[2025-05-08T05:59:35.524+0000][68][trace][gc,age      ] GC(26) - age   7:      90984 bytes,    6831344 total
[2025-05-08T05:59:35.524+0000][68][trace][gc,age      ] GC(26) - age   8:     511088 bytes,    7342432 total
[2025-05-08T05:59:35.524+0000][68][trace][gc,age      ] GC(26) - age   9:     474192 bytes,    7816624 total
[2025-05-08T05:59:35.525+0000][68][trace][gc,age      ] GC(26) - age  10:    3085040 bytes,   10901664 total
[2025-05-08T05:59:35.525+0000][68][info ][gc,heap     ] GC(26) Eden regions: 579->0(53)
[2025-05-08T05:59:35.526+0000][68][info ][gc,heap     ] GC(26) Survivor regions: 3->3(73)
[2025-05-08T05:59:35.526+0000][68][info ][gc,heap     ] GC(26) Old regions: 29->28
[2025-05-08T05:59:35.527+0000][68][info ][gc,heap     ] GC(26) Humongous regions: 0->0
[2025-05-08T05:59:35.527+0000][68][info ][gc,metaspace] GC(26) Metaspace: 148815K(155264K)->148815K(155264K) NonClass: 129057K(132928K)->129057K(132928K) Class: 19758K(22336K)->19758K(22336K)
[2025-05-08T05:59:35.528+0000][68][info ][gc          ] GC(26) Pause Young (Mixed) (G1 Evacuation Pause) 2437M->120M(3880M) 203.423ms
[2025-05-08T05:59:35.529+0000][68][info ][gc,cpu      ] GC(26) User=1.09s Sys=0.09s Real=0.20s
[2025-05-08T05:59:35.529+0000][68][info ][safepoint   ] Safepoint "G1CollectForAllocation", Time since last: 347534928249 ns, Reaching safepoint: 50352 ns, Cleanup: 5211 ns, At safepoint: 205564420 ns, Total: 205619983 ns
[2025-05-08T06:00:08.534+0000][68][info ][safepoint   ] Safepoint "Cleanup", Time since last: 33006432029 ns, Reaching safepoint: 148464 ns, Cleanup: 17501 ns, At safepoint: 17999 ns, Total: 183964 ns
[2025-05-08T06:00:09.535+0000][68][info ][safepoint   ] Safepoint "Cleanup", Time since last: 1000710101 ns, Reaching safepoint: 34470 ns, Cleanup: 20707 ns, At safepoint: 17049 ns, Total: 72226 ns
[2025-05-08T06:01:07.083+0000][68][info ][safepoint   ] Safepoint "Cleanup", Time since last: 57552765747 ns, Reaching safepoint: 76836 ns, Cleanup: 17890 ns, At safepoint: 33109 ns, Total: 127835 ns
[2025-05-08T06:01:37.152+0000][68][info ][safepoint   ] Safepoint "Cleanup", Time since last: 30070445958 ns, Reaching safepoint: 176055 ns, Cleanup: 22873 ns, At safepoint: 37676 ns, Total: 236604 ns
[2025-05-08T06:02:24.215+0000][68][info ][safepoint   ] Safepoint "Cleanup", Time since last: 47066758778 ns, Reaching safepoint: 345370 ns, Cleanup: 19828 ns, At safepoint: 199372 ns, Total: 564570 ns
[2025-05-08T06:02:37.220+0000][68][info ][safepoint   ] Safepoint "Cleanup", Time since last: 13005754633 ns, Reaching safepoint: 43132 ns, Cleanup: 13758 ns, At safepoint: 8240 ns, Total: 65130 ns
[2025-05-08T06:04:12.256+0000][68][info ][safepoint   ] Safepoint "Cleanup", Time since last: 95042404977 ns, Reaching safepoint: 137138 ns, Cleanup: 24067 ns, At safepoint: 20677 ns, Total: 181882 ns
[2025-05-08T06:06:18.480+0000][68][info ][safepoint   ] Safepoint "Cleanup", Time since last: 126231309370 ns, Reaching safepoint: 191391 ns, Cleanup: 18931 ns, At safepoint: 21025 ns, Total: 231347 ns
[2025-05-08T06:06:36.437+0000][68][info ][safepoint   ] Safepoint "Cleanup", Time since last: 17960251590 ns, Reaching safepoint: 5990 ns, Cleanup: 8424 ns, At safepoint: 11893 ns, Total: 26307 ns
[2025-05-08T06:06:37.461+0000][68][info ][safepoint   ] Safepoint "Cleanup", Time since last: 1023186700 ns, Reaching safepoint: 6379 ns, Cleanup: 28792 ns, At safepoint: 12133 ns, Total: 47304 ns
[2025-05-08T06:06:59.882+0000][68][info ][safepoint   ] Safepoint "Cleanup", Time since last: 22423654615 ns, Reaching safepoint: 112233 ns, Cleanup: 11376 ns, At safepoint: 60252 ns, Total: 183861 ns
[2025-05-08T06:07:01.502+0000][68][info ][safepoint   ] Safepoint "Cleanup", Time since last: 1620097746 ns, Reaching safepoint: 21758 ns, Cleanup: 13217 ns, At safepoint: 7926 ns, Total: 42901 ns
[2025-05-08T06:07:36.519+0000][68][info ][safepoint   ] Safepoint "Cleanup", Time since last: 35018796132 ns, Reaching safepoint: 68649 ns, Cleanup: 19739 ns, At safepoint: 31064 ns, Total: 119452 ns
[2025-05-08T06:08:38.355+0000][68][info ][safepoint   ] Safepoint "Cleanup", Time since last: 61839659009 ns, Reaching safepoint: 212282 ns, Cleanup: 10816 ns, At safepoint: 49613 ns, Total: 272711 ns
[2025-05-08T06:08:39.583+0000][68][info ][safepoint   ] Safepoint "Cleanup", Time since last: 1227590647 ns, Reaching safepoint: 60593 ns, Cleanup: 119742 ns, At safepoint: 20501 ns, Total: 200836 ns
[2025-05-08T06:09:26.359+0000][68][info ][safepoint   ] Safepoint "Cleanup", Time since last: 46780197270 ns, Reaching safepoint: 13243 ns, Cleanup: 9266 ns, At safepoint: 28630 ns, Total: 51139 ns
[2025-05-08T06:11:36.895+0000][68][info ][safepoint   ] Safepoint "Cleanup", Time since last: 130544843264 ns, Reaching safepoint: 44123 ns, Cleanup: 13000 ns, At safepoint: 9061 ns, Total: 66184 ns
[2025-05-08T06:12:50.719+0000][68][info ][safepoint   ] Safepoint "Cleanup", Time since last: 73829106260 ns, Reaching safepoint: 72750 ns, Cleanup: 18791 ns, At safepoint: 17266 ns, Total: 108807 ns
[2025-05-08T06:13:36.759+0000][68][info ][safepoint   ] Safepoint "Cleanup", Time since last: 46043428146 ns, Reaching safepoint: 70247 ns, Cleanup: 17233 ns, At safepoint: 16912 ns, Total: 104392 ns
[2025-05-08T06:13:47.762+0000][68][info ][safepoint   ] Safepoint "Cleanup", Time since last: 11002516936 ns, Reaching safepoint: 21240 ns, Cleanup: 13977 ns, At safepoint: 8316 ns, Total: 43533 ns
[2025-05-08T06:14:36.799+0000][68][info ][safepoint   ] Safepoint "Cleanup", Time since last: 49041435437 ns, Reaching safepoint: 52034 ns, Cleanup: 12974 ns, At safepoint: 8960 ns, Total: 73968 ns
[2025-05-08T06:16:02.413+0000][68][info ][safepoint   ] Safepoint "Cleanup", Time since last: 85619798570 ns, Reaching safepoint: 19375 ns, Cleanup: 13887 ns, At safepoint: 67561 ns, Total: 100823 ns
[2025-05-08T06:16:04.123+0000][68][info ][safepoint   ] Safepoint "Cleanup", Time since last: 1710027526 ns, Reaching safepoint: 31791 ns, Cleanup: 20126 ns, At safepoint: 16667 ns, Total: 68584 ns
[2025-05-08T06:18:36.946+0000][68][info ][safepoint   ] Safepoint "Cleanup", Time since last: 152838511771 ns, Reaching safepoint: 55428 ns, Cleanup: 15862 ns, At safepoint: 10256 ns, Total: 81546 ns
[2025-05-08T06:23:44.469+0000][68][info ][safepoint   ] Safepoint "Cleanup", Time since last: 307548731983 ns, Reaching safepoint: 2365062 ns, Cleanup: 20651 ns, At safepoint: 175959 ns, Total: 2561672 ns
[2025-05-08T06:24:39.732+0000][68][info ][safepoint   ] Safepoint "Cleanup", Time since last: 55268509646 ns, Reaching safepoint: 37509 ns, Cleanup: 91485 ns, At safepoint: 23093 ns, Total: 152087 ns
[2025-05-08T06:25:36.815+0000][68][info ][safepoint   ] Safepoint "Cleanup", Time since last: 57087405127 ns, Reaching safepoint: 32393 ns, Cleanup: 14960 ns, At safepoint: 10949 ns, Total: 58302 ns
[2025-05-08T06:29:37.292+0000][68][info ][safepoint   ] Safepoint "Cleanup", Time since last: 240498829080 ns, Reaching safepoint: 45866 ns, Cleanup: 16596 ns, At safepoint: 38380 ns, Total: 100842 ns
[2025-05-08T06:32:50.486+0000][68][info ][safepoint   ] Safepoint "Cleanup", Time since last: 193207606037 ns, Reaching safepoint: 6093 ns, Cleanup: 9275 ns, At safepoint: 13967 ns, Total: 29335 ns
[2025-05-08T06:35:27.520+0000][68][info ][safepoint   ] Safepoint "Cleanup", Time since last: 157047135237 ns, Reaching safepoint: 44481 ns, Cleanup: 12054 ns, At safepoint: 9760 ns, Total: 66295 ns
[2025-05-08T06:35:37.523+0000][68][info ][safepoint   ] Safepoint "Cleanup", Time since last: 10002389512 ns, Reaching safepoint: 182251 ns, Cleanup: 21282 ns, At safepoint: 19346 ns, Total: 222879 ns
[2025-05-08T06:37:02.198+0000][68][info ][safepoint   ] Safepoint "Cleanup", Time since last: 84681820785 ns, Reaching safepoint: 47827 ns, Cleanup: 13252 ns, At safepoint: 7834 ns, Total: 68913 ns
[2025-05-08T06:37:09.645+0000][68][info ][safepoint   ] Safepoint "Cleanup", Time since last: 7446194111 ns, Reaching safepoint: 70510 ns, Cleanup: 16928 ns, At safepoint: 30090 ns, Total: 117528 ns
[2025-05-08T06:37:27.601+0000][68][info ][safepoint   ] Safepoint "Cleanup", Time since last: 17958318259 ns, Reaching safepoint: 33589 ns, Cleanup: 16956 ns, At safepoint: 147113 ns, Total: 197658 ns
[2025-05-08T06:37:36.604+0000][68][info ][safepoint   ] Safepoint "Cleanup", Time since last: 9002514634 ns, Reaching safepoint: 32555 ns, Cleanup: 20522 ns, At safepoint: 15934 ns, Total: 69011 ns
[2025-05-08T06:39:32.443+0000][68][info ][safepoint   ] Safepoint "Cleanup", Time since last: 115845295094 ns, Reaching safepoint: 2351765 ns, Cleanup: 20626 ns, At safepoint: 274349 ns, Total: 2646740 ns
[2025-05-08T06:39:33.786+0000][68][info ][safepoint   ] Safepoint "Cleanup", Time since last: 1343131745 ns, Reaching safepoint: 91511 ns, Cleanup: 18347 ns, At safepoint: 19360 ns, Total: 129218 ns
[2025-05-08T06:39:36.788+0000][68][info ][safepoint   ] Safepoint "Cleanup", Time since last: 3001007047 ns, Reaching safepoint: 30493 ns, Cleanup: 16416 ns, At safepoint: 8503 ns, Total: 55412 ns
[2025-05-08T06:40:36.727+0000][68][info ][safepoint   ] Safepoint "Cleanup", Time since last: 59943648938 ns, Reaching safepoint: 34231 ns, Cleanup: 20872 ns, At safepoint: 65994 ns, Total: 121097 ns
[2025-05-08T06:42:36.983+0000][68][info ][safepoint   ] Safepoint "Cleanup", Time since last: 120263975002 ns, Reaching safepoint: 51645 ns, Cleanup: 13839 ns, At safepoint: 7834 ns, Total: 73318 ns
[2025-05-08T06:43:22.021+0000][68][info ][safepoint   ] Safepoint "Cleanup", Time since last: 45040530635 ns, Reaching safepoint: 34796 ns, Cleanup: 21734 ns, At safepoint: 17387 ns, Total: 73917 ns
[2025-05-08T06:44:02.024+0000][68][info ][safepoint   ] Safepoint "Cleanup", Time since last: 40007103254 ns, Reaching safepoint: 93674 ns, Cleanup: 15306 ns, At safepoint: 8447 ns, Total: 117427 ns
[2025-05-08T06:46:48.187+0000][68][info ][safepoint   ] Safepoint "Cleanup", Time since last: 166173358344 ns, Reaching safepoint: 183247 ns, Cleanup: 10780 ns, At safepoint: 51513 ns, Total: 245540 ns
[2025-05-08T06:46:54.671+0000][68][info ][safepoint   ] Safepoint "Cleanup", Time since last: 6486196252 ns, Reaching safepoint: 173035 ns, Cleanup: 10698 ns, At safepoint: 41317 ns, Total: 225050 ns
[2025-05-08T06:47:33.320+0000][68][info ][safepoint   ] Safepoint "Cleanup", Time since last: 38651537962 ns, Reaching safepoint: 24857 ns, Cleanup: 17669 ns, At safepoint: 84256 ns, Total: 126782 ns
[2025-05-08T06:47:57.851+0000][68][info ][safepoint   ] Safepoint "Cleanup", Time since last: 24534743733 ns, Reaching safepoint: 81506 ns, Cleanup: 17984 ns, At safepoint: 35535 ns, Total: 135025 ns
[2025-05-08T06:48:35.487+0000][68][info ][gc,start    ] GC(27) Pause Young (Normal) (G1 Evacuation Pause)
[2025-05-08T06:48:35.489+0000][68][info ][gc,task     ] GC(27) Using 10 workers of 10 for evacuation
[2025-05-08T06:48:35.490+0000][68][debug][gc,age      ] GC(27) Desired survivor size 153092096 bytes, new threshold 15 (max threshold 15)
[2025-05-08T06:48:35.616+0000][68][info ][gc,phases   ] GC(27)   Pre Evacuate Collection Set: 14.38ms
[2025-05-08T06:48:35.617+0000][68][info ][gc,phases   ] GC(27)   Merge Heap Roots: 4.57ms
[2025-05-08T06:48:35.617+0000][68][info ][gc,phases   ] GC(27)   Evacuate Collection Set: 96.31ms
[2025-05-08T06:48:35.617+0000][68][info ][gc,phases   ] GC(27)   Post Evacuate Collection Set: 9.78ms
[2025-05-08T06:48:35.618+0000][68][info ][gc,phases   ] GC(27)   Other: 2.69ms
[2025-05-08T06:48:35.619+0000][68][trace][gc,age      ] GC(27) Age table with threshold 15 (max threshold 15)
[2025-05-08T06:48:35.619+0000][68][trace][gc,age      ] GC(27) - age   1:    2445840 bytes,    2445840 total
[2025-05-08T06:48:35.619+0000][68][trace][gc,age      ] GC(27) - age   2:    2453280 bytes,    4899120 total
[2025-05-08T06:48:35.620+0000][68][trace][gc,age      ] GC(27) - age   3:    1185056 bytes,    6084176 total
[2025-05-08T06:48:35.620+0000][68][trace][gc,age      ] GC(27) - age   4:      78072 bytes,    6162248 total
[2025-05-08T06:48:35.621+0000][68][trace][gc,age      ] GC(27) - age   5:     148232 bytes,    6310480 total
[2025-05-08T06:48:35.621+0000][68][trace][gc,age      ] GC(27) - age   6:     330048 bytes,    6640528 total
[2025-05-08T06:48:35.621+0000][68][trace][gc,age      ] GC(27) - age   7:     159112 bytes,    6799640 total
[2025-05-08T06:48:35.622+0000][68][trace][gc,age      ] GC(27) - age   8:      90984 bytes,    6890624 total
[2025-05-08T06:48:35.622+0000][68][trace][gc,age      ] GC(27) - age   9:     511088 bytes,    7401712 total
[2025-05-08T06:48:35.623+0000][68][trace][gc,age      ] GC(27) - age  10:     474192 bytes,    7875904 total
[2025-05-08T06:48:35.623+0000][68][trace][gc,age      ] GC(27) - age  11:    3084864 bytes,   10960768 total
[2025-05-08T06:48:35.624+0000][68][info ][gc,heap     ] GC(27) Eden regions: 579->0(267)
[2025-05-08T06:48:35.624+0000][68][info ][gc,heap     ] GC(27) Survivor regions: 3->3(73)
[2025-05-08T06:48:35.625+0000][68][info ][gc,heap     ] GC(27) Old regions: 28->28
[2025-05-08T06:48:35.625+0000][68][info ][gc,heap     ] GC(27) Humongous regions: 0->0
[2025-05-08T06:48:35.626+0000][68][info ][gc,metaspace] GC(27) Metaspace: 148898K(155264K)->148898K(155264K) NonClass: 129140K(132928K)->129140K(132928K) Class: 19758K(22336K)->19758K(22336K)
[2025-05-08T06:48:35.627+0000][68][info ][gc          ] GC(27) Pause Young (Normal) (G1 Evacuation Pause) 2436M->120M(3880M) 140.649ms
[2025-05-08T06:48:35.628+0000][68][info ][gc,cpu      ] GC(27) User=0.87s Sys=0.01s Real=0.14s
[2025-05-08T06:48:35.629+0000][68][info ][safepoint   ] Safepoint "G1CollectForAllocation", Time since last: 37633223348 ns, Reaching safepoint: 35602 ns, Cleanup: 6552 ns, At safepoint: 144655919 ns, Total: 144698073 ns
[2025-05-08T06:48:37.340+0000][68][info ][safepoint   ] Safepoint "Cleanup", Time since last: 1710811027 ns, Reaching safepoint: 35823 ns, Cleanup: 19757 ns, At safepoint: 17594 ns, Total: 73174 ns
[2025-05-08T06:50:27.169+0000][68][info ][safepoint   ] Safepoint "Cleanup", Time since last: 109834448432 ns, Reaching safepoint: 68408 ns, Cleanup: 17015 ns, At safepoint: 31199 ns, Total: 116622 ns
[2025-05-08T06:51:42.949+0000][68][info ][safepoint   ] Safepoint "Cleanup", Time since last: 75783744541 ns, Reaching safepoint: 8453 ns, Cleanup: 10553 ns, At safepoint: 13309 ns, Total: 32315 ns
[2025-05-08T06:53:48.397+0000][68][info ][safepoint   ] Safepoint "Cleanup", Time since last: 125459350847 ns, Reaching safepoint: 15800 ns, Cleanup: 10956 ns, At safepoint: 17970 ns, Total: 44726 ns
[2025-05-08T06:54:53.509+0000][68][info ][safepoint   ] Safepoint "Cleanup", Time since last: 65113840496 ns, Reaching safepoint: 25911 ns, Cleanup: 14271 ns, At safepoint: 20443 ns, Total: 60625 ns
[2025-05-08T06:54:54.769+0000][68][info ][safepoint   ] Safepoint "Cleanup", Time since last: 1260522067 ns, Reaching safepoint: 28868 ns, Cleanup: 15426 ns, At safepoint: 11096 ns, Total: 55390 ns
[2025-05-08T06:55:52.911+0000][68][info ][safepoint   ] Safepoint "Cleanup", Time since last: 58142838123 ns, Reaching safepoint: 139629 ns, Cleanup: 26433 ns, At safepoint: 19128 ns, Total: 185190 ns
[2025-05-08T06:55:56.541+0000][68][info ][safepoint   ] Safepoint "Cleanup", Time since last: 3631370168 ns, Reaching safepoint: 19458 ns, Cleanup: 15092 ns, At safepoint: 140245 ns, Total: 174795 ns
[2025-05-08T06:56:48.987+0000][68][info ][safepoint   ] Safepoint "Cleanup", Time since last: 52448010896 ns, Reaching safepoint: 17132 ns, Cleanup: 11864 ns, At safepoint: 4599 ns, Total: 33595 ns
[2025-05-08T06:56:51.033+0000][68][info ][safepoint   ] Safepoint "Cleanup", Time since last: 2045982386 ns, Reaching safepoint: 77474 ns, Cleanup: 21815 ns, At safepoint: 36166 ns, Total: 135455 ns
[2025-05-08T06:56:53.034+0000][68][info ][safepoint   ] Safepoint "Cleanup", Time since last: 2000865721 ns, Reaching safepoint: 37600 ns, Cleanup: 18293 ns, At safepoint: 16763 ns, Total: 72656 ns
[2025-05-08T06:56:54.851+0000][68][info ][safepoint   ] Safepoint "Cleanup", Time since last: 1817577102 ns, Reaching safepoint: 37334 ns, Cleanup: 17705 ns, At safepoint: 16407 ns, Total: 71446 ns
[2025-05-08T06:57:00.010+0000][68][info ][safepoint   ] Safepoint "Cleanup", Time since last: 5159342839 ns, Reaching safepoint: 17340 ns, Cleanup: 13170 ns, At safepoint: 21000 ns, Total: 51510 ns
[2025-05-08T06:57:36.485+0000][68][info ][safepoint   ] Safepoint "Cleanup", Time since last: 36476090786 ns, Reaching safepoint: 482048 ns, Cleanup: 20701 ns, At safepoint: 25938 ns, Total: 528687 ns
[2025-05-08T06:57:49.255+0000][68][info ][safepoint   ] Safepoint "Cleanup", Time since last: 12770327513 ns, Reaching safepoint: 6787 ns, Cleanup: 9578 ns, At safepoint: 12197 ns, Total: 28562 ns
[2025-05-08T07:02:12.317+0000][68][info ][safepoint   ] Safepoint "Cleanup", Time since last: 263077568720 ns, Reaching safepoint: 94155 ns, Cleanup: 22072 ns, At safepoint: 22302 ns, Total: 138529 ns
[2025-05-08T07:02:15.394+0000][68][info ][safepoint   ] Safepoint "Cleanup", Time since last: 3077716417 ns, Reaching safepoint: 17158 ns, Cleanup: 19506 ns, At safepoint: 93013 ns, Total: 129677 ns
[2025-05-08T07:03:36.423+0000][68][info ][safepoint   ] Safepoint "Cleanup", Time since last: 81034666347 ns, Reaching safepoint: 148062 ns, Cleanup: 19976 ns, At safepoint: 21382 ns, Total: 189420 ns
[2025-05-08T07:04:36.689+0000][68][info ][safepoint   ] Safepoint "Cleanup", Time since last: 60268985084 ns, Reaching safepoint: 35532 ns, Cleanup: 16544 ns, At safepoint: 17986 ns, Total: 70062 ns
[2025-05-08T07:07:29.705+0000][68][info ][safepoint   ] Safepoint "Cleanup", Time since last: 173027240925 ns, Reaching safepoint: 11098 ns, Cleanup: 10084 ns, At safepoint: 15274 ns, Total: 36456 ns
[2025-05-08T07:08:38.846+0000][68][info ][safepoint   ] Safepoint "Cleanup", Time since last: 69145186667 ns, Reaching safepoint: 141698 ns, Cleanup: 17440 ns, At safepoint: 58220 ns, Total: 217358 ns
[2025-05-08T07:08:39.881+0000][68][info ][safepoint   ] Safepoint "Cleanup", Time since last: 1034802656 ns, Reaching safepoint: 21803 ns, Cleanup: 13600 ns, At safepoint: 8975 ns, Total: 44378 ns
[2025-05-08T07:08:40.905+0000][68][info ][safepoint   ] Safepoint "Cleanup", Time since last: 1023507901 ns, Reaching safepoint: 189468 ns, Cleanup: 20693 ns, At safepoint: 22466 ns, Total: 232627 ns
[2025-05-08T07:12:02.567+0000][68][info ][safepoint   ] Safepoint "Cleanup", Time since last: 201673931577 ns, Reaching safepoint: 944626 ns, Cleanup: 17139 ns, At safepoint: 97451 ns, Total: 1059216 ns
[2025-05-08T07:12:05.244+0000][68][info ][safepoint   ] Safepoint "Cleanup", Time since last: 2677173020 ns, Reaching safepoint: 36857 ns, Cleanup: 21030 ns, At safepoint: 18544 ns, Total: 76431 ns
[2025-05-08T07:13:37.053+0000][68][info ][safepoint   ] Safepoint "Cleanup", Time since last: 91814137422 ns, Reaching safepoint: 70920 ns, Cleanup: 17138 ns, At safepoint: 31378 ns, Total: 119436 ns
[2025-05-08T07:14:36.093+0000][68][info ][safepoint   ] Safepoint "Cleanup", Time since last: 59043293246 ns, Reaching safepoint: 34685 ns, Cleanup: 16168 ns, At safepoint: 60120 ns, Total: 110973 ns
[2025-05-08T07:19:11.700+0000][68][info ][safepoint   ] Safepoint "Cleanup", Time since last: 275625008558 ns, Reaching safepoint: 38883 ns, Cleanup: 24067 ns, At safepoint: 20497 ns, Total: 83447 ns
[2025-05-08T07:22:36.323+0000][68][info ][safepoint   ] Safepoint "Cleanup", Time since last: 204635406825 ns, Reaching safepoint: 163268 ns, Cleanup: 18168 ns, At safepoint: 15667 ns, Total: 197103 ns
[2025-05-08T07:23:36.554+0000][68][info ][safepoint   ] Safepoint "Cleanup", Time since last: 60235571628 ns, Reaching safepoint: 59474 ns, Cleanup: 20330 ns, At safepoint: 10817 ns, Total: 90621 ns
[2025-05-08T07:24:41.991+0000][68][info ][safepoint   ] Safepoint "Cleanup", Time since last: 65439781826 ns, Reaching safepoint: 16313 ns, Cleanup: 10637 ns, At safepoint: 19346 ns, Total: 46296 ns
[2025-05-08T07:24:57.002+0000][68][info ][safepoint   ] Safepoint "Cleanup", Time since last: 15013792721 ns, Reaching safepoint: 68237 ns, Cleanup: 16286 ns, At safepoint: 12076 ns, Total: 96599 ns
[2025-05-08T07:25:20.513+0000][68][info ][safepoint   ] Safepoint "Cleanup", Time since last: 23509792410 ns, Reaching safepoint: 1074680 ns, Cleanup: 13665 ns, At safepoint: 83179 ns, Total: 1171524 ns
[2025-05-08T07:25:22.054+0000][68][info ][safepoint   ] Safepoint "Cleanup", Time since last: 1541289988 ns, Reaching safepoint: 28112 ns, Cleanup: 15817 ns, At safepoint: 12786 ns, Total: 56715 ns
[2025-05-08T07:25:36.056+0000][68][info ][safepoint   ] Safepoint "Cleanup", Time since last: 14002281355 ns, Reaching safepoint: 28566 ns, Cleanup: 15279 ns, At safepoint: 11779 ns, Total: 55624 ns
[2025-05-08T07:25:37.056+0000][68][info ][safepoint   ] Safepoint "Cleanup", Time since last: 1000618121 ns, Reaching safepoint: 29686 ns, Cleanup: 15755 ns, At safepoint: 11784 ns, Total: 57225 ns
[2025-05-08T07:26:23.516+0000][68][info ][safepoint   ] Safepoint "Cleanup", Time since last: 46461806722 ns, Reaching safepoint: 8073 ns, Cleanup: 7803 ns, At safepoint: 3555 ns, Total: 19431 ns
[2025-05-08T07:27:27.175+0000][68][info ][safepoint   ] Safepoint "Cleanup", Time since last: 63664214357 ns, Reaching safepoint: 6543 ns, Cleanup: 8220 ns, At safepoint: 3516 ns, Total: 18279 ns
[2025-05-08T07:27:37.198+0000][68][info ][safepoint   ] Safepoint "Cleanup", Time since last: 10023555626 ns, Reaching safepoint: 79492 ns, Cleanup: 19149 ns, At safepoint: 19279 ns, Total: 117920 ns
[2025-05-08T07:28:29.614+0000][68][info ][safepoint   ] Safepoint "Cleanup", Time since last: 52418876539 ns, Reaching safepoint: 626900 ns, Cleanup: 17267 ns, At safepoint: 212081 ns, Total: 856248 ns
[2025-05-08T07:28:31.256+0000][68][info ][safepoint   ] Safepoint "Cleanup", Time since last: 1641942361 ns, Reaching safepoint: 33905 ns, Cleanup: 20571 ns, At safepoint: 15363 ns, Total: 69839 ns
[2025-05-08T07:29:36.305+0000][68][info ][safepoint   ] Safepoint "Cleanup", Time since last: 65053057354 ns, Reaching safepoint: 24138 ns, Cleanup: 17215 ns, At safepoint: 9455 ns, Total: 50808 ns
[2025-05-08T07:30:27.828+0000][68][info ][safepoint   ] Safepoint "Cleanup", Time since last: 51526215479 ns, Reaching safepoint: 95802 ns, Cleanup: 15756 ns, At safepoint: 13589 ns, Total: 125147 ns
[2025-05-08T07:32:27.764+0000][68][info ][safepoint   ] Safepoint "Cleanup", Time since last: 119944011503 ns, Reaching safepoint: 72729 ns, Cleanup: 17888 ns, At safepoint: 15895 ns, Total: 106512 ns
[2025-05-08T07:32:57.515+0000][68][info ][safepoint   ] Safepoint "Cleanup", Time since last: 29752316764 ns, Reaching safepoint: 47080 ns, Cleanup: 13950 ns, At safepoint: 9585 ns, Total: 70615 ns
[2025-05-08T07:34:44.517+0000][68][info ][gc,start    ] GC(28) Pause Young (Normal) (G1 Evacuation Pause)
[2025-05-08T07:34:44.522+0000][68][info ][gc,task     ] GC(28) Using 10 workers of 10 for evacuation
[2025-05-08T07:34:44.524+0000][68][debug][gc,age      ] GC(28) Desired survivor size 153092096 bytes, new threshold 15 (max threshold 15)
[2025-05-08T07:34:44.677+0000][68][info ][gc,phases   ] GC(28)   Pre Evacuate Collection Set: 15.34ms
[2025-05-08T07:34:44.678+0000][68][info ][gc,phases   ] GC(28)   Merge Heap Roots: 3.96ms
[2025-05-08T07:34:44.678+0000][68][info ][gc,phases   ] GC(28)   Evacuate Collection Set: 110.79ms
[2025-05-08T07:34:44.679+0000][68][info ][gc,phases   ] GC(28)   Post Evacuate Collection Set: 21.33ms
[2025-05-08T07:34:44.679+0000][68][info ][gc,phases   ] GC(28)   Other: 7.17ms
[2025-05-08T07:34:44.680+0000][68][trace][gc,age      ] GC(28) Age table with threshold 15 (max threshold 15)
[2025-05-08T07:34:44.680+0000][68][trace][gc,age      ] GC(28) - age   1:    2281128 bytes,    2281128 total
[2025-05-08T07:34:44.681+0000][68][trace][gc,age      ] GC(28) - age   2:    1304176 bytes,    3585304 total
[2025-05-08T07:34:44.681+0000][68][trace][gc,age      ] GC(28) - age   3:    2225312 bytes,    5810616 total
[2025-05-08T07:34:44.682+0000][68][trace][gc,age      ] GC(28) - age   4:    1184944 bytes,    6995560 total
[2025-05-08T07:34:44.682+0000][68][trace][gc,age      ] GC(28) - age   5:      78032 bytes,    7073592 total
[2025-05-08T07:34:44.683+0000][68][trace][gc,age      ] GC(28) - age   6:     148120 bytes,    7221712 total
[2025-05-08T07:34:44.683+0000][68][trace][gc,age      ] GC(28) - age   7:     329872 bytes,    7551584 total
[2025-05-08T07:34:44.684+0000][68][trace][gc,age      ] GC(28) - age   8:     159112 bytes,    7710696 total
[2025-05-08T07:34:44.684+0000][68][trace][gc,age      ] GC(28) - age   9:      90984 bytes,    7801680 total
[2025-05-08T07:34:44.685+0000][68][trace][gc,age      ] GC(28) - age  10:     510848 bytes,    8312528 total
[2025-05-08T07:34:44.685+0000][68][trace][gc,age      ] GC(28) - age  11:     474056 bytes,    8786584 total
[2025-05-08T07:34:44.685+0000][68][trace][gc,age      ] GC(28) - age  12:    3084784 bytes,   11871368 total
[2025-05-08T07:34:44.686+0000][68][info ][gc,heap     ] GC(28) Eden regions: 579->0(305)
[2025-05-08T07:34:44.686+0000][68][info ][gc,heap     ] GC(28) Survivor regions: 3->4(73)
[2025-05-08T07:34:44.687+0000][68][info ][gc,heap     ] GC(28) Old regions: 28->28
[2025-05-08T07:34:44.687+0000][68][info ][gc,heap     ] GC(28) Humongous regions: 0->0
[2025-05-08T07:34:44.688+0000][68][info ][gc,metaspace] GC(28) Metaspace: 148955K(155264K)->148955K(155264K) NonClass: 129196K(132928K)->129196K(132928K) Class: 19759K(22336K)->19759K(22336K)
[2025-05-08T07:34:44.688+0000][68][info ][gc          ] GC(28) Pause Young (Normal) (G1 Evacuation Pause) 2436M->122M(3880M) 172.284ms
[2025-05-08T07:34:44.689+0000][68][info ][gc,cpu      ] GC(28) User=0.97s Sys=0.04s Real=0.17s
[2025-05-08T07:34:44.689+0000][68][info ][safepoint   ] Safepoint "G1CollectForAllocation", Time since last: 107004135876 ns, Reaching safepoint: 73814 ns, Cleanup: 7500 ns, At safepoint: 176559786 ns, Total: 176641100 ns
[2025-05-08T07:36:19.599+0000][68][info ][safepoint   ] Safepoint "Cleanup", Time since last: 94915599155 ns, Reaching safepoint: 56691 ns, Cleanup: 14250 ns, At safepoint: 24057 ns, Total: 94998 ns
[2025-05-08T07:39:44.545+0000][68][info ][safepoint   ] Safepoint "Cleanup", Time since last: 204959007835 ns, Reaching safepoint: 74458 ns, Cleanup: 15963 ns, At safepoint: 32831 ns, Total: 123252 ns
[2025-05-08T07:40:36.834+0000][68][info ][safepoint   ] Safepoint "Cleanup", Time since last: 52293274270 ns, Reaching safepoint: 42476 ns, Cleanup: 19130 ns, At safepoint: 20507 ns, Total: 82113 ns
[2025-05-08T07:41:05.548+0000][68][info ][safepoint   ] Safepoint "Cleanup", Time since last: 28716045988 ns, Reaching safepoint: 15412 ns, Cleanup: 6400 ns, At safepoint: 15617 ns, Total: 37429 ns
[2025-05-08T07:41:28.968+0000][68][info ][safepoint   ] Safepoint "Cleanup", Time since last: 23420432359 ns, Reaching safepoint: 544360 ns, Cleanup: 20571 ns, At safepoint: 187570 ns, Total: 752501 ns
[2025-05-08T07:41:30.101+0000][68][info ][safepoint   ] Safepoint "Cleanup", Time since last: 1133092474 ns, Reaching safepoint: 40782 ns, Cleanup: 18847 ns, At safepoint: 19093 ns, Total: 78722 ns
[2025-05-08T07:42:21.223+0000][68][info ][safepoint   ] Safepoint "Cleanup", Time since last: 51124256038 ns, Reaching safepoint: 21980 ns, Cleanup: 15425 ns, At safepoint: 76379 ns, Total: 113784 ns
[2025-05-08T07:43:12.352+0000][68][info ][safepoint   ] Safepoint "Cleanup", Time since last: 51132658492 ns, Reaching safepoint: 18036 ns, Cleanup: 23497 ns, At safepoint: 94149 ns, Total: 135682 ns
[2025-05-08T07:43:17.357+0000][68][info ][safepoint   ] Safepoint "Cleanup", Time since last: 5004728253 ns, Reaching safepoint: 23242 ns, Cleanup: 14601 ns, At safepoint: 9399 ns, Total: 47242 ns
[2025-05-08T07:43:47.218+0000][68][info ][safepoint   ] Safepoint "Cleanup", Time since last: 29863532970 ns, Reaching safepoint: 49303 ns, Cleanup: 15399 ns, At safepoint: 8374 ns, Total: 73076 ns
[2025-05-08T07:45:36.399+0000][68][info ][safepoint   ] Safepoint "Cleanup", Time since last: 109189325784 ns, Reaching safepoint: 24311 ns, Cleanup: 12989 ns, At safepoint: 7932 ns, Total: 45232 ns
[2025-05-08T07:46:36.535+0000][68][info ][safepoint   ] Safepoint "Cleanup", Time since last: 60140189329 ns, Reaching safepoint: 70744 ns, Cleanup: 18466 ns, At safepoint: 31349 ns, Total: 120559 ns
[2025-05-08T07:46:48.519+0000][68][info ][safepoint   ] Safepoint "Cleanup", Time since last: 11983401000 ns, Reaching safepoint: 15442 ns, Cleanup: 21785 ns, At safepoint: 88118 ns, Total: 125345 ns
[2025-05-08T07:46:49.699+0000][68][info ][safepoint   ] Safepoint "Cleanup", Time since last: 1180281253 ns, Reaching safepoint: 48342 ns, Cleanup: 16662 ns, At safepoint: 12162 ns, Total: 77166 ns
[2025-05-08T07:47:00.699+0000][68][info ][safepoint   ] Safepoint "Cleanup", Time since last: 11002203394 ns, Reaching safepoint: 19458 ns, Cleanup: 13832 ns, At safepoint: 7891 ns, Total: 41181 ns
[2025-05-08T07:47:24.573+0000][68][info ][safepoint   ] Safepoint "Cleanup", Time since last: 23876013398 ns, Reaching safepoint: 19768 ns, Cleanup: 13074 ns, At safepoint: 6895 ns, Total: 39737 ns
[2025-05-08T07:49:37.755+0000][68][info ][safepoint   ] Safepoint "Cleanup", Time since last: 133191086198 ns, Reaching safepoint: 44391 ns, Cleanup: 17531 ns, At safepoint: 13041 ns, Total: 74963 ns
[2025-05-08T07:50:36.831+0000][68][info ][safepoint   ] Safepoint "Cleanup", Time since last: 59080140675 ns, Reaching safepoint: 54380 ns, Cleanup: 16739 ns, At safepoint: 9097 ns, Total: 80216 ns
[2025-05-08T07:50:49.385+0000][68][info ][safepoint   ] Safepoint "Cleanup", Time since last: 12554002433 ns, Reaching safepoint: 7007 ns, Cleanup: 9361 ns, At safepoint: 3385 ns, Total: 19753 ns
[2025-05-08T07:50:52.396+0000][68][info ][safepoint   ] Safepoint "Cleanup", Time since last: 3011043654 ns, Reaching safepoint: 21756 ns, Cleanup: 16934 ns, At safepoint: 37569 ns, Total: 76259 ns
[2025-05-08T07:51:36.875+0000][68][info ][safepoint   ] Safepoint "Cleanup", Time since last: 44483006680 ns, Reaching safepoint: 42627 ns, Cleanup: 18726 ns, At safepoint: 13907 ns, Total: 75260 ns
[2025-05-08T07:53:17.421+0000][68][info ][safepoint   ] Safepoint "Cleanup", Time since last: 100552007274 ns, Reaching safepoint: 65841 ns, Cleanup: 17162 ns, At safepoint: 11935 ns, Total: 94938 ns
[2025-05-08T07:53:47.632+0000][68][info ][safepoint   ] Safepoint "Cleanup", Time since last: 30213423860 ns, Reaching safepoint: 17312 ns, Cleanup: 13643 ns, At safepoint: 23240 ns, Total: 54195 ns
[2025-05-08T07:54:22.408+0000][68][info ][safepoint   ] Safepoint "Cleanup", Time since last: 34778332244 ns, Reaching safepoint: 22668 ns, Cleanup: 95753 ns, At safepoint: 75893 ns, Total: 194314 ns
[2025-05-08T07:55:21.721+0000][68][info ][safepoint   ] Safepoint "Cleanup", Time since last: 59316593729 ns, Reaching safepoint: 31751 ns, Cleanup: 15356 ns, At safepoint: 10614 ns, Total: 57721 ns
[2025-05-08T07:56:52.744+0000][68][info ][safepoint   ] Safepoint "Cleanup", Time since last: 91030209867 ns, Reaching safepoint: 15368 ns, Cleanup: 16129 ns, At safepoint: 19869 ns, Total: 51366 ns
[2025-05-08T07:59:35.413+0000][68][info ][safepoint   ] Safepoint "Cleanup", Time since last: 162695626854 ns, Reaching safepoint: 42713 ns, Cleanup: 22529 ns, At safepoint: 73699 ns, Total: 138941 ns
[2025-05-08T08:03:07.814+0000][68][info ][safepoint   ] Safepoint "Cleanup", Time since last: 212402590889 ns, Reaching safepoint: 42682 ns, Cleanup: 21014 ns, At safepoint: 12954 ns, Total: 76650 ns
[2025-05-08T08:04:01.923+0000][68][info ][safepoint   ] Safepoint "Cleanup", Time since last: 54112361878 ns, Reaching safepoint: 532287 ns, Cleanup: 25091 ns, At safepoint: 113380 ns, Total: 670758 ns
[2025-05-08T08:04:03.037+0000][68][info ][safepoint   ] Safepoint "Cleanup", Time since last: 1114294381 ns, Reaching safepoint: 28691 ns, Cleanup: 17468 ns, At safepoint: 11754 ns, Total: 57913 ns
[2025-05-08T08:04:11.863+0000][68][info ][safepoint   ] Safepoint "Cleanup", Time since last: 8826069851 ns, Reaching safepoint: 23227 ns, Cleanup: 14820 ns, At safepoint: 24577 ns, Total: 62624 ns
[2025-05-08T08:04:36.027+0000][68][info ][safepoint   ] Safepoint "Cleanup", Time since last: 24166569533 ns, Reaching safepoint: 36051 ns, Cleanup: 19806 ns, At safepoint: 62920 ns, Total: 118777 ns
[2025-05-08T08:06:17.977+0000][68][info ][safepoint   ] Safepoint "Cleanup", Time since last: 101955727885 ns, Reaching safepoint: 22031 ns, Cleanup: 13751 ns, At safepoint: 23272 ns, Total: 59054 ns
[2025-05-08T08:08:24.126+0000][68][info ][safepoint   ] Safepoint "Cleanup", Time since last: 126160415898 ns, Reaching safepoint: 23074 ns, Cleanup: 15904 ns, At safepoint: 83113 ns, Total: 122091 ns
[2025-05-08T08:08:42.169+0000][68][info ][safepoint   ] Safepoint "Cleanup", Time since last: 18042314342 ns, Reaching safepoint: 35369 ns, Cleanup: 15724 ns, At safepoint: 83449 ns, Total: 134542 ns
[2025-05-08T08:09:51.284+0000][68][info ][safepoint   ] Safepoint "Cleanup", Time since last: 69119687867 ns, Reaching safepoint: 40502 ns, Cleanup: 12333 ns, At safepoint: 6731 ns, Total: 59566 ns
[2025-05-08T08:11:21.955+0000][68][info ][safepoint   ] Safepoint "Cleanup", Time since last: 90677420455 ns, Reaching safepoint: 28703 ns, Cleanup: 25125 ns, At safepoint: 67602 ns, Total: 121430 ns
[2025-05-08T08:13:18.081+0000][68][info ][safepoint   ] Safepoint "Cleanup", Time since last: 116134746462 ns, Reaching safepoint: 30499 ns, Cleanup: 17443 ns, At safepoint: 94593 ns, Total: 142535 ns
[2025-05-08T08:15:07.646+0000][68][info ][safepoint   ] Safepoint "Cleanup", Time since last: 109573865533 ns, Reaching safepoint: 36657 ns, Cleanup: 18304 ns, At safepoint: 71173 ns, Total: 126134 ns
[2025-05-08T08:15:36.759+0000][68][info ][gc,start    ] GC(29) Pause Young (Normal) (G1 Evacuation Pause)
[2025-05-08T08:15:36.764+0000][68][info ][gc,task     ] GC(29) Using 10 workers of 10 for evacuation
[2025-05-08T08:15:36.766+0000][68][debug][gc,age      ] GC(29) Desired survivor size 153092096 bytes, new threshold 15 (max threshold 15)
[2025-05-08T08:15:36.932+0000][68][info ][gc,phases   ] GC(29)   Pre Evacuate Collection Set: 22.28ms
[2025-05-08T08:15:36.932+0000][68][info ][gc,phases   ] GC(29)   Merge Heap Roots: 6.32ms
[2025-05-08T08:15:36.933+0000][68][info ][gc,phases   ] GC(29)   Evacuate Collection Set: 118.94ms
[2025-05-08T08:15:36.933+0000][68][info ][gc,phases   ] GC(29)   Post Evacuate Collection Set: 16.03ms
[2025-05-08T08:15:36.934+0000][68][info ][gc,phases   ] GC(29)   Other: 5.82ms
[2025-05-08T08:15:36.934+0000][68][trace][gc,age      ] GC(29) Age table with threshold 15 (max threshold 15)
[2025-05-08T08:15:36.935+0000][68][trace][gc,age      ] GC(29) - age   1:    3256400 bytes,    3256400 total
[2025-05-08T08:15:36.935+0000][68][trace][gc,age      ] GC(29) - age   2:     457200 bytes,    3713600 total
[2025-05-08T08:15:36.935+0000][68][trace][gc,age      ] GC(29) - age   3:    1229632 bytes,    4943232 total
[2025-05-08T08:15:36.936+0000][68][trace][gc,age      ] GC(29) - age   4:    2224504 bytes,    7167736 total
[2025-05-08T08:15:36.937+0000][68][trace][gc,age      ] GC(29) - age   5:    1184432 bytes,    8352168 total
[2025-05-08T08:15:36.938+0000][68][trace][gc,age      ] GC(29) - age   6:      77264 bytes,    8429432 total
[2025-05-08T08:15:36.938+0000][68][trace][gc,age      ] GC(29) - age   7:     147952 bytes,    8577384 total
[2025-05-08T08:15:36.939+0000][68][trace][gc,age      ] GC(29) - age   8:     329872 bytes,    8907256 total
[2025-05-08T08:15:36.939+0000][68][trace][gc,age      ] GC(29) - age   9:     158976 bytes,    9066232 total
[2025-05-08T08:15:36.940+0000][68][trace][gc,age      ] GC(29) - age  10:      90848 bytes,    9157080 total
[2025-05-08T08:15:36.940+0000][68][trace][gc,age      ] GC(29) - age  11:     510848 bytes,    9667928 total
[2025-05-08T08:15:36.941+0000][68][trace][gc,age      ] GC(29) - age  12:     474056 bytes,   10141984 total
[2025-05-08T08:15:36.941+0000][68][trace][gc,age      ] GC(29) - age  13:    3084664 bytes,   13226648 total
[2025-05-08T08:15:36.942+0000][68][info ][gc,heap     ] GC(29) Eden regions: 578->0(578)
[2025-05-08T08:15:36.942+0000][68][info ][gc,heap     ] GC(29) Survivor regions: 4->4(73)
[2025-05-08T08:15:36.943+0000][68][info ][gc,heap     ] GC(29) Old regions: 28->28
[2025-05-08T08:15:36.944+0000][68][info ][gc,heap     ] GC(29) Humongous regions: 0->0
[2025-05-08T08:15:36.944+0000][68][info ][gc,metaspace] GC(29) Metaspace: 149002K(155264K)->149002K(155264K) NonClass: 129242K(132928K)->129242K(132928K) Class: 19759K(22336K)->19759K(22336K)
[2025-05-08T08:15:36.945+0000][68][info ][gc          ] GC(29) Pause Young (Normal) (G1 Evacuation Pause) 2434M->123M(3880M) 186.623ms
[2025-05-08T08:15:36.946+0000][68][info ][gc,cpu      ] GC(29) User=1.16s Sys=0.03s Real=0.18s
[2025-05-08T08:15:36.946+0000][68][info ][safepoint   ] Safepoint "G1CollectForAllocation", Time since last: 29110119562 ns, Reaching safepoint: 189921 ns, Cleanup: 7580 ns, At safepoint: 191570987 ns, Total: 191768488 ns
[2025-05-08T08:16:30.592+0000][68][info ][safepoint   ] Safepoint "Cleanup", Time since last: 53649730216 ns, Reaching safepoint: 23950 ns, Cleanup: 16906 ns, At safepoint: 8738 ns, Total: 49594 ns
[2025-05-08T08:18:53.579+0000][68][info ][safepoint   ] Safepoint "Cleanup", Time since last: 142995357116 ns, Reaching safepoint: 20055 ns, Cleanup: 21497 ns, At safepoint: 138916 ns, Total: 180468 ns
[2025-05-08T08:20:05.194+0000][68][info ][safepoint   ] Safepoint "Cleanup", Time since last: 71621588891 ns, Reaching safepoint: 16879 ns, Cleanup: 12907 ns, At safepoint: 71903 ns, Total: 101689 ns
[2025-05-08T08:20:36.591+0000][68][info ][safepoint   ] Safepoint "Cleanup", Time since last: 31400061605 ns, Reaching safepoint: 35836 ns, Cleanup: 16476 ns, At safepoint: 17705 ns, Total: 70017 ns
[2025-05-08T08:20:52.595+0000][68][info ][safepoint   ] Safepoint "Cleanup", Time since last: 16003540869 ns, Reaching safepoint: 38314 ns, Cleanup: 18650 ns, At safepoint: 19321 ns, Total: 76285 ns
[2025-05-08T08:22:36.369+0000][68][info ][safepoint   ] Safepoint "Cleanup", Time since last: 103782106025 ns, Reaching safepoint: 71475 ns, Cleanup: 16741 ns, At safepoint: 32703 ns, Total: 120919 ns
[2025-05-08T08:24:23.788+0000][68][info ][safepoint   ] Safepoint "Cleanup", Time since last: 107425014959 ns, Reaching safepoint: 20736 ns, Cleanup: 13361 ns, At safepoint: 25437 ns, Total: 59534 ns
[2025-05-08T08:24:35.080+0000][68][info ][safepoint   ] Safepoint "Cleanup", Time since last: 11295313055 ns, Reaching safepoint: 31592 ns, Cleanup: 15668 ns, At safepoint: 13895 ns, Total: 61155 ns
[2025-05-08T08:26:15.524+0000][68][info ][safepoint   ] Safepoint "Cleanup", Time since last: 100449946705 ns, Reaching safepoint: 20891 ns, Cleanup: 11466 ns, At safepoint: 23636 ns, Total: 55993 ns
[2025-05-08T08:27:47.676+0000][68][info ][safepoint   ] Safepoint "Cleanup", Time since last: 92157260694 ns, Reaching safepoint: 19567 ns, Cleanup: 15340 ns, At safepoint: 23977 ns, Total: 58884 ns
[2025-05-08T08:29:47.551+0000][68][info ][safepoint   ] Safepoint "Cleanup", Time since last: 119880973404 ns, Reaching safepoint: 2188072 ns, Cleanup: 24191 ns, At safepoint: 221325 ns, Total: 2433588 ns
[2025-05-08T08:30:12.918+0000][68][info ][safepoint   ] Safepoint "Cleanup", Time since last: 25370329820 ns, Reaching safepoint: 61391 ns, Cleanup: 20793 ns, At safepoint: 14198 ns, Total: 96382 ns
[2025-05-08T08:30:14.921+0000][68][info ][safepoint   ] Safepoint "Cleanup", Time since last: 2002755566 ns, Reaching safepoint: 27121 ns, Cleanup: 15074 ns, At safepoint: 11057 ns, Total: 53252 ns
[2025-05-08T08:30:36.862+0000][68][info ][safepoint   ] Safepoint "Cleanup", Time since last: 21942433000 ns, Reaching safepoint: 57593 ns, Cleanup: 17807 ns, At safepoint: 53110 ns, Total: 128510 ns
[2025-05-08T08:32:53.028+0000][68][info ][safepoint   ] Safepoint "Cleanup", Time since last: 136174629007 ns, Reaching safepoint: 53139 ns, Cleanup: 13809 ns, At safepoint: 7817 ns, Total: 74765 ns
[2025-05-08T08:32:58.027+0000][68][info ][safepoint   ] Safepoint "Cleanup", Time since last: 5001456381 ns, Reaching safepoint: 33511 ns, Cleanup: 15969 ns, At safepoint: 15741 ns, Total: 65221 ns
[2025-05-08T08:36:44.652+0000][68][info ][safepoint   ] Safepoint "Cleanup", Time since last: 226639784694 ns, Reaching safepoint: 25231 ns, Cleanup: 15571 ns, At safepoint: 81609 ns, Total: 122411 ns
[2025-05-08T08:39:57.598+0000][68][info ][safepoint   ] Safepoint "Cleanup", Time since last: 192961215206 ns, Reaching safepoint: 44712 ns, Cleanup: 22578 ns, At safepoint: 22234 ns, Total: 89524 ns
[2025-05-08T08:43:32.412+0000][68][info ][safepoint   ] Safepoint "Cleanup", Time since last: 214827607711 ns, Reaching safepoint: 24148 ns, Cleanup: 14199 ns, At safepoint: 7836 ns, Total: 46183 ns
[2025-05-08T08:43:37.414+0000][68][info ][safepoint   ] Safepoint "Cleanup", Time since last: 5001439313 ns, Reaching safepoint: 71984 ns, Cleanup: 17813 ns, At safepoint: 12866 ns, Total: 102663 ns
[2025-05-08T08:44:05.627+0000][68][info ][safepoint   ] Safepoint "Cleanup", Time since last: 28216048013 ns, Reaching safepoint: 15203 ns, Cleanup: 10898 ns, At safepoint: 19413 ns, Total: 45514 ns
