[2025-05-08T11:55:25.479+0000][73][info][gc,init] CardTable entry size: 512
[2025-05-08T11:55:25.481+0000][73][info][gc     ] Using G1
[2025-05-08T11:55:27.952+0000][73][info][gc,init] Version: 22+36-2370 (release)
[2025-05-08T11:55:27.953+0000][73][info][gc,init] CPUs: 12 total, 12 available
[2025-05-08T11:55:27.954+0000][73][info][gc,init] Memory: 7757M
[2025-05-08T11:55:27.954+0000][73][info][gc,init] Large Page Support: Disabled
[2025-05-08T11:55:27.955+0000][73][info][gc,init] NUMA Support: Disabled
[2025-05-08T11:55:27.955+0000][73][info][gc,init] Compressed Oops: Enabled (Zero based)
[2025-05-08T11:55:27.957+0000][73][info][gc,init] Heap Region Size: 4M
[2025-05-08T11:55:27.958+0000][73][info][gc,init] Heap Min Capacity: 3880M
[2025-05-08T11:55:27.958+0000][73][info][gc,init] Heap Initial Capacity: 3880M
[2025-05-08T11:55:27.959+0000][73][info][gc,init] Heap Max Capacity: 3880M
[2025-05-08T11:55:27.959+0000][73][info][gc,init] Pre-touch: Enabled
[2025-05-08T11:55:27.959+0000][73][info][gc,init] Parallel Workers: 10
[2025-05-08T11:55:27.960+0000][73][info][gc,init] Concurrent Workers: 3
[2025-05-08T11:55:27.960+0000][73][info][gc,init] Concurrent Refinement Workers: 10
[2025-05-08T11:55:27.960+0000][73][info][gc,init] Periodic GC: Disabled
[2025-05-08T11:55:28.115+0000][73][info][gc,metaspace] CDS archive(s) mapped at: [0x00007f56ba000000-0x00007f56bac74000-0x00007f56bac74000), size 13058048, SharedBaseAddress: 0x00007f56ba000000, ArchiveRelocationMode: 1.
[2025-05-08T11:55:28.115+0000][73][info][gc,metaspace] Compressed class space mapped at: 0x00007f56bb000000-0x00007f56fb000000, reserved size: 1073741824
[2025-05-08T11:55:28.117+0000][73][info][gc,metaspace] Narrow klass base: 0x00007f56ba000000, Narrow klass shift: 0, Narrow klass range: 0x100000000
[2025-05-08T11:55:29.056+0000][73][info][safepoint   ] Safepoint "ICBufferFull", Time since last: 921121483 ns, Reaching safepoint: 33838 ns, Cleanup: 118886 ns, At safepoint: 26451 ns, Total: 179175 ns
[2025-05-08T11:55:30.082+0000][73][info][safepoint   ] Safepoint "Cleanup", Time since last: 1025370711 ns, Reaching safepoint: 4354 ns, Cleanup: 185137 ns, At safepoint: 33313 ns, Total: 222804 ns
[2025-05-08T11:55:31.194+0000][73][info][safepoint   ] Safepoint "Cleanup", Time since last: 1115735469 ns, Reaching safepoint: 3897 ns, Cleanup: 101224 ns, At safepoint: 3634 ns, Total: 108755 ns
[2025-05-08T11:55:32.209+0000][73][info][safepoint   ] Safepoint "Cleanup", Time since last: 1014520096 ns, Reaching safepoint: 4006 ns, Cleanup: 78013 ns, At safepoint: 3354 ns, Total: 85373 ns
[2025-05-08T11:55:33.232+0000][73][info][safepoint   ] Safepoint "ICBufferFull", Time since last: 1023558783 ns, Reaching safepoint: 5228 ns, Cleanup: 103611 ns, At safepoint: 9072 ns, Total: 117911 ns
[2025-05-08T11:55:34.235+0000][73][info][safepoint   ] Safepoint "Cleanup", Time since last: 1001488088 ns, Reaching safepoint: 907802 ns, Cleanup: 113266 ns, At safepoint: 46157 ns, Total: 1067225 ns
[2025-05-08T11:55:35.241+0000][73][info][safepoint   ] Safepoint "Cleanup", Time since last: 1006088770 ns, Reaching safepoint: 5672 ns, Cleanup: 71779 ns, At safepoint: 7181 ns, Total: 84632 ns
[2025-05-08T11:55:35.918+0000][73][info][gc,start    ] GC(0) Pause Young (Concurrent Start) (Metadata GC Threshold)
[2025-05-08T11:55:35.920+0000][73][info][gc,task     ] GC(0) Using 10 workers of 10 for evacuation
[2025-05-08T11:55:35.925+0000][73][debug][gc,age      ] GC(0) Desired survivor size 12582912 bytes, new threshold 15 (max threshold 15)
[2025-05-08T11:55:35.952+0000][73][info ][gc,phases   ] GC(0)   Pre Evacuate Collection Set: 1.19ms
[2025-05-08T11:55:35.952+0000][73][info ][gc,phases   ] GC(0)   Merge Heap Roots: 0.37ms
[2025-05-08T11:55:35.956+0000][73][info ][gc,phases   ] GC(0)   Evacuate Collection Set: 17.89ms
[2025-05-08T11:55:35.959+0000][73][info ][gc,phases   ] GC(0)   Post Evacuate Collection Set: 3.45ms
[2025-05-08T11:55:35.960+0000][73][info ][gc,phases   ] GC(0)   Other: 8.93ms
[2025-05-08T11:55:35.961+0000][73][trace][gc,age      ] GC(0) Age table with threshold 15 (max threshold 15)
[2025-05-08T11:55:35.962+0000][73][trace][gc,age      ] GC(0) - age   1:   10198160 bytes,   10198160 total
[2025-05-08T11:55:35.963+0000][73][info ][gc,heap     ] GC(0) Eden regions: 45->0(45)
[2025-05-08T11:55:35.965+0000][73][info ][gc,heap     ] GC(0) Survivor regions: 0->3(6)
[2025-05-08T11:55:35.966+0000][73][info ][gc,heap     ] GC(0) Old regions: 1->1
[2025-05-08T11:55:35.967+0000][73][info ][gc,heap     ] GC(0) Humongous regions: 0->0
[2025-05-08T11:55:35.969+0000][73][info ][gc,metaspace] GC(0) Metaspace: 20959K(21504K)->20959K(21504K) NonClass: 18580K(18880K)->18580K(18880K) Class: 2378K(2624K)->2378K(2624K)
[2025-05-08T11:55:35.971+0000][73][info ][gc          ] GC(0) Pause Young (Concurrent Start) (Metadata GC Threshold) 179M->11M(3880M) 52.792ms
[2025-05-08T11:55:35.972+0000][73][info ][gc,cpu      ] GC(0) User=0.13s Sys=0.01s Real=0.06s
[2025-05-08T11:55:35.972+0000][73][info ][gc          ] GC(1) Concurrent Mark Cycle
[2025-05-08T11:55:35.973+0000][73][info ][gc,marking  ] GC(1) Concurrent Scan Root Regions
[2025-05-08T11:55:35.975+0000][73][info ][safepoint   ] Safepoint "CollectForMetadataAllocation", Time since last: 676924779 ns, Reaching safepoint: 107713 ns, Cleanup: 70737 ns, At safepoint: 56604858 ns, Total: 56783308 ns
[2025-05-08T11:55:35.981+0000][73][info ][gc,marking  ] GC(1) Concurrent Scan Root Regions 7.615ms
[2025-05-08T11:55:35.983+0000][73][info ][gc,marking  ] GC(1) Concurrent Mark
[2025-05-08T11:55:35.984+0000][73][info ][gc,marking  ] GC(1) Concurrent Mark From Roots
[2025-05-08T11:55:35.985+0000][73][info ][gc,task     ] GC(1) Using 3 workers of 3 for marking
[2025-05-08T11:55:35.995+0000][73][info ][gc,marking  ] GC(1) Concurrent Mark From Roots 11.763ms
[2025-05-08T11:55:35.996+0000][73][info ][gc,marking  ] GC(1) Concurrent Preclean
[2025-05-08T11:55:35.997+0000][73][info ][gc,marking  ] GC(1) Concurrent Preclean 0.739ms
[2025-05-08T11:55:35.998+0000][73][info ][gc,start    ] GC(1) Pause Remark
[2025-05-08T11:55:36.014+0000][73][info ][gc          ] GC(1) Pause Remark 15M->15M(3880M) 16.017ms
[2025-05-08T11:55:36.014+0000][73][info ][gc,cpu      ] GC(1) User=0.01s Sys=0.01s Real=0.02s
[2025-05-08T11:55:36.015+0000][73][info ][safepoint   ] Safepoint "G1PauseRemark", Time since last: 22811695 ns, Reaching safepoint: 101579 ns, Cleanup: 6064 ns, At safepoint: 17132038 ns, Total: 17239681 ns
[2025-05-08T11:55:36.015+0000][73][info ][gc,marking  ] GC(1) Concurrent Mark 32.407ms
[2025-05-08T11:55:36.016+0000][73][info ][gc,marking  ] GC(1) Concurrent Rebuild Remembered Sets and Scrub Regions
[2025-05-08T11:55:36.017+0000][73][info ][gc,marking  ] GC(1) Concurrent Rebuild Remembered Sets and Scrub Regions 1.754ms
[2025-05-08T11:55:36.022+0000][73][info ][gc,start    ] GC(1) Pause Cleanup
[2025-05-08T11:55:36.025+0000][73][info ][gc          ] GC(1) Pause Cleanup 15M->15M(3880M) 2.214ms
[2025-05-08T11:55:36.028+0000][73][info ][gc,cpu      ] GC(1) User=0.00s Sys=0.00s Real=0.00s
[2025-05-08T11:55:36.030+0000][73][info ][safepoint   ] Safepoint "G1PauseCleanup", Time since last: 3504339 ns, Reaching safepoint: 4047783 ns, Cleanup: 12888 ns, At safepoint: 7910193 ns, Total: 11970864 ns
[2025-05-08T11:55:36.032+0000][73][info ][gc,marking  ] GC(1) Concurrent Clear Claimed Marks
[2025-05-08T11:55:36.032+0000][73][info ][gc,marking  ] GC(1) Concurrent Clear Claimed Marks 0.425ms
[2025-05-08T11:55:36.033+0000][73][info ][gc,marking  ] GC(1) Concurrent Cleanup for Next Mark
[2025-05-08T11:55:36.044+0000][73][info ][gc,marking  ] GC(1) Concurrent Cleanup for Next Mark 11.521ms
[2025-05-08T11:55:36.045+0000][73][info ][gc          ] GC(1) Concurrent Mark Cycle 73.380ms
[2025-05-08T11:55:37.830+0000][73][info ][safepoint   ] Safepoint "Cleanup", Time since last: 1798944006 ns, Reaching safepoint: 102491 ns, Cleanup: 106517 ns, At safepoint: 49209 ns, Total: 258217 ns
[2025-05-08T11:55:38.244+0000][73][info ][gc,start    ] GC(2) Pause Young (Prepare Mixed) (G1 Evacuation Pause)
[2025-05-08T11:55:38.245+0000][73][info ][gc,task     ] GC(2) Using 10 workers of 10 for evacuation
[2025-05-08T11:55:38.246+0000][73][debug][gc,age      ] GC(2) Desired survivor size 12582912 bytes, new threshold 15 (max threshold 15)
[2025-05-08T11:55:38.264+0000][73][info ][gc,phases   ] GC(2)   Pre Evacuate Collection Set: 0.94ms
[2025-05-08T11:55:38.264+0000][73][info ][gc,phases   ] GC(2)   Merge Heap Roots: 0.26ms
[2025-05-08T11:55:38.265+0000][73][info ][gc,phases   ] GC(2)   Evacuate Collection Set: 11.75ms
[2025-05-08T11:55:38.265+0000][73][info ][gc,phases   ] GC(2)   Post Evacuate Collection Set: 3.13ms
[2025-05-08T11:55:38.265+0000][73][info ][gc,phases   ] GC(2)   Other: 2.29ms
[2025-05-08T11:55:38.266+0000][73][trace][gc,age      ] GC(2) Age table with threshold 15 (max threshold 15)
[2025-05-08T11:55:38.269+0000][73][trace][gc,age      ] GC(2) - age   1:    6142096 bytes,    6142096 total
[2025-05-08T11:55:38.269+0000][73][trace][gc,age      ] GC(2) - age   2:    9296080 bytes,   15438176 total
[2025-05-08T11:55:38.270+0000][73][info ][gc,heap     ] GC(2) Eden regions: 45->0(44)
[2025-05-08T11:55:38.270+0000][73][info ][gc,heap     ] GC(2) Survivor regions: 3->4(6)
[2025-05-08T11:55:38.271+0000][73][info ][gc,heap     ] GC(2) Old regions: 1->1
[2025-05-08T11:55:38.273+0000][73][info ][gc,heap     ] GC(2) Humongous regions: 0->0
[2025-05-08T11:55:38.275+0000][73][info ][gc,metaspace] GC(2) Metaspace: 27530K(28160K)->27530K(28160K) NonClass: 24415K(24768K)->24415K(24768K) Class: 3114K(3392K)->3114K(3392K)
[2025-05-08T11:55:38.275+0000][73][info ][gc          ] GC(2) Pause Young (Prepare Mixed) (G1 Evacuation Pause) 191M->17M(3880M) 30.897ms
[2025-05-08T11:55:38.276+0000][73][info ][gc,cpu      ] GC(2) User=0.06s Sys=0.01s Real=0.03s
[2025-05-08T11:55:38.278+0000][73][info ][safepoint   ] Safepoint "G1CollectForAllocation", Time since last: 414765656 ns, Reaching safepoint: 6458 ns, Cleanup: 72726 ns, At safepoint: 33223878 ns, Total: 33303062 ns
[2025-05-08T11:55:39.517+0000][73][info ][safepoint   ] Safepoint "ICBufferFull", Time since last: 1239504797 ns, Reaching safepoint: 81980 ns, Cleanup: 110287 ns, At safepoint: 49896 ns, Total: 242163 ns
[2025-05-08T11:55:39.934+0000][73][info ][gc,start    ] GC(3) Pause Young (Mixed) (G1 Evacuation Pause)
[2025-05-08T11:55:39.935+0000][73][info ][gc,task     ] GC(3) Using 10 workers of 10 for evacuation
[2025-05-08T11:55:39.935+0000][73][debug][gc,age      ] GC(3) Desired survivor size 12582912 bytes, new threshold 2 (max threshold 15)
[2025-05-08T11:55:39.967+0000][73][info ][gc,phases   ] GC(3)   Pre Evacuate Collection Set: 0.39ms
[2025-05-08T11:55:39.969+0000][73][info ][gc,phases   ] GC(3)   Merge Heap Roots: 0.09ms
[2025-05-08T11:55:39.971+0000][73][info ][gc,phases   ] GC(3)   Evacuate Collection Set: 27.82ms
[2025-05-08T11:55:39.971+0000][73][info ][gc,phases   ] GC(3)   Post Evacuate Collection Set: 3.06ms
[2025-05-08T11:55:39.971+0000][73][info ][gc,phases   ] GC(3)   Other: 0.85ms
[2025-05-08T11:55:39.972+0000][73][trace][gc,age      ] GC(3) Age table with threshold 2 (max threshold 15)
[2025-05-08T11:55:39.972+0000][73][trace][gc,age      ] GC(3) - age   1:    5721008 bytes,    5721008 total
[2025-05-08T11:55:39.973+0000][73][trace][gc,age      ] GC(3) - age   2:    4253632 bytes,    9974640 total
[2025-05-08T11:55:39.973+0000][73][info ][gc,heap     ] GC(3) Eden regions: 44->0(51)
[2025-05-08T11:55:39.973+0000][73][info ][gc,heap     ] GC(3) Survivor regions: 4->3(6)
[2025-05-08T11:55:39.974+0000][73][info ][gc,heap     ] GC(3) Old regions: 1->3
[2025-05-08T11:55:39.974+0000][73][info ][gc,heap     ] GC(3) Humongous regions: 0->0
[2025-05-08T11:55:39.974+0000][73][info ][gc,metaspace] GC(3) Metaspace: 29031K(29760K)->29031K(29760K) NonClass: 25636K(26048K)->25636K(26048K) Class: 3394K(3712K)->3394K(3712K)
[2025-05-08T11:55:39.975+0000][73][info ][gc          ] GC(3) Pause Young (Mixed) (G1 Evacuation Pause) 193M->20M(3880M) 40.823ms
[2025-05-08T11:55:39.975+0000][73][info ][gc,cpu      ] GC(3) User=0.12s Sys=0.00s Real=0.04s
[2025-05-08T11:55:39.976+0000][73][info ][safepoint   ] Safepoint "G1CollectForAllocation", Time since last: 416480058 ns, Reaching safepoint: 5877 ns, Cleanup: 52381 ns, At safepoint: 41612005 ns, Total: 41670263 ns
[2025-05-08T11:55:40.894+0000][73][info ][gc,start    ] GC(4) Pause Young (Normal) (G1 Evacuation Pause)
[2025-05-08T11:55:40.895+0000][73][info ][gc,task     ] GC(4) Using 10 workers of 10 for evacuation
[2025-05-08T11:55:40.896+0000][73][debug][gc,age      ] GC(4) Desired survivor size 14680064 bytes, new threshold 15 (max threshold 15)
[2025-05-08T11:55:40.907+0000][73][info ][gc,phases   ] GC(4)   Pre Evacuate Collection Set: 0.76ms
[2025-05-08T11:55:40.908+0000][73][info ][gc,phases   ] GC(4)   Merge Heap Roots: 0.55ms
[2025-05-08T11:55:40.909+0000][73][info ][gc,phases   ] GC(4)   Evacuate Collection Set: 8.57ms
[2025-05-08T11:55:40.913+0000][73][info ][gc,phases   ] GC(4)   Post Evacuate Collection Set: 1.13ms
[2025-05-08T11:55:40.914+0000][73][info ][gc,phases   ] GC(4)   Other: 0.96ms
[2025-05-08T11:55:40.916+0000][73][trace][gc,age      ] GC(4) Age table with threshold 15 (max threshold 15)
[2025-05-08T11:55:40.918+0000][73][trace][gc,age      ] GC(4) - age   1:    2963456 bytes,    2963456 total
[2025-05-08T11:55:40.918+0000][73][trace][gc,age      ] GC(4) - age   2:    4113392 bytes,    7076848 total
[2025-05-08T11:55:40.919+0000][73][trace][gc,age      ] GC(4) - age   3:    4252736 bytes,   11329584 total
[2025-05-08T11:55:40.919+0000][73][info ][gc,heap     ] GC(4) Eden regions: 51->0(578)
[2025-05-08T11:55:40.919+0000][73][info ][gc,heap     ] GC(4) Survivor regions: 3->4(7)
[2025-05-08T11:55:40.920+0000][73][info ][gc,heap     ] GC(4) Old regions: 3->3
[2025-05-08T11:55:40.920+0000][73][info ][gc,heap     ] GC(4) Humongous regions: 0->0
[2025-05-08T11:55:40.921+0000][73][info ][gc,metaspace] GC(4) Metaspace: 29647K(30400K)->29647K(30400K) NonClass: 26185K(26624K)->26185K(26624K) Class: 3461K(3776K)->3461K(3776K)
[2025-05-08T11:55:40.922+0000][73][info ][gc          ] GC(4) Pause Young (Normal) (G1 Evacuation Pause) 224M->22M(3880M) 27.592ms
[2025-05-08T11:55:40.922+0000][73][info ][gc,cpu      ] GC(4) User=0.04s Sys=0.00s Real=0.03s
[2025-05-08T11:55:40.923+0000][73][info ][safepoint   ] Safepoint "G1CollectForAllocation", Time since last: 918287184 ns, Reaching safepoint: 7784 ns, Cleanup: 103315 ns, At safepoint: 28812741 ns, Total: 28923840 ns
[2025-05-08T11:55:42.002+0000][73][info ][safepoint   ] Safepoint "Cleanup", Time since last: 1079577002 ns, Reaching safepoint: 6095 ns, Cleanup: 65420 ns, At safepoint: 3473 ns, Total: 74988 ns
[2025-05-08T11:55:43.096+0000][73][info ][gc,start    ] GC(5) Pause Young (Concurrent Start) (Metadata GC Threshold)
[2025-05-08T11:55:43.100+0000][73][info ][gc,task     ] GC(5) Using 10 workers of 10 for evacuation
[2025-05-08T11:55:43.102+0000][73][debug][gc,age      ] GC(5) Desired survivor size 153092096 bytes, new threshold 15 (max threshold 15)
[2025-05-08T11:55:43.122+0000][73][info ][gc,phases   ] GC(5)   Pre Evacuate Collection Set: 3.85ms
[2025-05-08T11:55:43.128+0000][73][info ][gc,phases   ] GC(5)   Merge Heap Roots: 0.68ms
[2025-05-08T11:55:43.130+0000][73][info ][gc,phases   ] GC(5)   Evacuate Collection Set: 12.84ms
[2025-05-08T11:55:43.135+0000][73][info ][gc,phases   ] GC(5)   Post Evacuate Collection Set: 0.89ms
[2025-05-08T11:55:43.144+0000][73][info ][gc,phases   ] GC(5)   Other: 3.87ms
[2025-05-08T11:55:43.147+0000][73][trace][gc,age      ] GC(5) Age table with threshold 15 (max threshold 15)
[2025-05-08T11:55:43.149+0000][73][trace][gc,age      ] GC(5) - age   1:    4325248 bytes,    4325248 total
[2025-05-08T11:55:43.150+0000][73][trace][gc,age      ] GC(5) - age   2:    2510192 bytes,    6835440 total
[2025-05-08T11:55:43.152+0000][73][trace][gc,age      ] GC(5) - age   3:    4109296 bytes,   10944736 total
[2025-05-08T11:55:43.155+0000][73][trace][gc,age      ] GC(5) - age   4:    4251584 bytes,   15196320 total
[2025-05-08T11:55:43.162+0000][73][info ][gc,heap     ] GC(5) Eden regions: 64->0(577)
[2025-05-08T11:55:43.170+0000][73][info ][gc,heap     ] GC(5) Survivor regions: 4->5(73)
[2025-05-08T11:55:43.174+0000][73][info ][gc,heap     ] GC(5) Old regions: 3->3
[2025-05-08T11:55:43.181+0000][73][info ][gc,heap     ] GC(5) Humongous regions: 0->0
[2025-05-08T11:55:43.183+0000][73][info ][gc,metaspace] GC(5) Metaspace: 35266K(36096K)->35266K(36096K) NonClass: 31164K(31680K)->31164K(31680K) Class: 4101K(4416K)->4101K(4416K)
[2025-05-08T11:55:43.185+0000][73][info ][gc          ] GC(5) Pause Young (Concurrent Start) (Metadata GC Threshold) 276M->26M(3880M) 88.574ms
[2025-05-08T11:55:43.186+0000][73][info ][gc          ] GC(6) Concurrent Mark Cycle
[2025-05-08T11:55:43.187+0000][73][info ][gc,marking  ] GC(6) Concurrent Scan Root Regions
[2025-05-08T11:55:43.186+0000][73][info ][gc,cpu      ] GC(5) User=0.03s Sys=0.03s Real=0.09s
[2025-05-08T11:55:43.194+0000][73][info ][safepoint   ] Safepoint "CollectForMetadataAllocation", Time since last: 1093591353 ns, Reaching safepoint: 6076 ns, Cleanup: 95989 ns, At safepoint: 98074132 ns, Total: 98176197 ns
[2025-05-08T11:55:43.196+0000][73][info ][gc,marking  ] GC(6) Concurrent Scan Root Regions 8.488ms
[2025-05-08T11:55:43.197+0000][73][info ][gc,marking  ] GC(6) Concurrent Mark
[2025-05-08T11:55:43.199+0000][73][info ][gc,marking  ] GC(6) Concurrent Mark From Roots
[2025-05-08T11:55:43.201+0000][73][info ][gc,task     ] GC(6) Using 3 workers of 3 for marking
[2025-05-08T11:55:43.216+0000][73][info ][gc,marking  ] GC(6) Concurrent Mark From Roots 16.368ms
[2025-05-08T11:55:43.218+0000][73][info ][gc,marking  ] GC(6) Concurrent Preclean
[2025-05-08T11:55:43.219+0000][73][info ][gc,marking  ] GC(6) Concurrent Preclean 1.506ms
[2025-05-08T11:55:43.225+0000][73][info ][gc,start    ] GC(6) Pause Remark
[2025-05-08T11:55:43.244+0000][73][info ][gc          ] GC(6) Pause Remark 30M->30M(3880M) 18.983ms
[2025-05-08T11:55:43.245+0000][73][info ][gc,cpu      ] GC(6) User=0.04s Sys=0.00s Real=0.02s
[2025-05-08T11:55:43.245+0000][73][info ][safepoint   ] Safepoint "G1PauseRemark", Time since last: 26252272 ns, Reaching safepoint: 4486948 ns, Cleanup: 20180 ns, At safepoint: 19985281 ns, Total: 24492409 ns
[2025-05-08T11:55:43.247+0000][73][info ][gc,marking  ] GC(6) Concurrent Mark 49.670ms
[2025-05-08T11:55:43.248+0000][73][info ][gc,marking  ] GC(6) Concurrent Rebuild Remembered Sets and Scrub Regions
[2025-05-08T11:55:43.252+0000][73][info ][gc,marking  ] GC(6) Concurrent Rebuild Remembered Sets and Scrub Regions 3.769ms
[2025-05-08T11:55:43.256+0000][73][info ][gc,start    ] GC(6) Pause Cleanup
[2025-05-08T11:55:43.264+0000][73][info ][gc          ] GC(6) Pause Cleanup 30M->30M(3880M) 7.654ms
[2025-05-08T11:55:43.267+0000][73][info ][gc,cpu      ] GC(6) User=0.00s Sys=0.00s Real=0.01s
[2025-05-08T11:55:43.268+0000][73][info ][safepoint   ] Safepoint "G1PauseCleanup", Time since last: 10631246 ns, Reaching safepoint: 490818 ns, Cleanup: 22473 ns, At safepoint: 12185723 ns, Total: 12699014 ns
[2025-05-08T11:55:43.273+0000][73][info ][gc,marking  ] GC(6) Concurrent Clear Claimed Marks
[2025-05-08T11:55:43.275+0000][73][info ][gc,marking  ] GC(6) Concurrent Clear Claimed Marks 2.018ms
[2025-05-08T11:55:43.276+0000][73][info ][gc,marking  ] GC(6) Concurrent Cleanup for Next Mark
[2025-05-08T11:55:43.289+0000][73][info ][gc,marking  ] GC(6) Concurrent Cleanup for Next Mark 12.252ms
[2025-05-08T11:55:43.290+0000][73][info ][gc          ] GC(6) Concurrent Mark Cycle 103.494ms
[2025-05-08T11:55:44.283+0000][73][info ][safepoint   ] Safepoint "Cleanup", Time since last: 1004548734 ns, Reaching safepoint: 10104784 ns, Cleanup: 66351 ns, At safepoint: 92778 ns, Total: 10263913 ns
[2025-05-08T11:55:45.284+0000][73][info ][safepoint   ] Safepoint "Cleanup", Time since last: 1001138982 ns, Reaching safepoint: 8560 ns, Cleanup: 125111 ns, At safepoint: 15631 ns, Total: 149302 ns
[2025-05-08T11:55:46.285+0000][73][info ][safepoint   ] Safepoint "Cleanup", Time since last: 1000564019 ns, Reaching safepoint: 8175 ns, Cleanup: 59885 ns, At safepoint: 79154 ns, Total: 147214 ns
[2025-05-08T11:55:47.297+0000][73][info ][safepoint   ] Safepoint "Cleanup", Time since last: 1006044204 ns, Reaching safepoint: 5628800 ns, Cleanup: 76656 ns, At safepoint: 66283 ns, Total: 5771739 ns
[2025-05-08T11:55:48.303+0000][73][info ][safepoint   ] Safepoint "Cleanup", Time since last: 1006292603 ns, Reaching safepoint: 6616 ns, Cleanup: 109654 ns, At safepoint: 8949 ns, Total: 125219 ns
[2025-05-08T11:55:49.305+0000][73][info ][safepoint   ] Safepoint "Cleanup", Time since last: 1001142215 ns, Reaching safepoint: 150541 ns, Cleanup: 231031 ns, At safepoint: 30885 ns, Total: 412457 ns
[2025-05-08T11:55:50.307+0000][73][info ][safepoint   ] Safepoint "Cleanup", Time since last: 1001801501 ns, Reaching safepoint: 454685 ns, Cleanup: 116014 ns, At safepoint: 32605 ns, Total: 603304 ns
[2025-05-08T11:55:51.312+0000][73][info ][safepoint   ] Safepoint "Cleanup", Time since last: 1000628795 ns, Reaching safepoint: 4168177 ns, Cleanup: 104693 ns, At safepoint: 45904 ns, Total: 4318774 ns
[2025-05-08T11:55:52.639+0000][73][info ][safepoint   ] Safepoint "Cleanup", Time since last: 1326231473 ns, Reaching safepoint: 179915 ns, Cleanup: 34503 ns, At safepoint: 79884 ns, Total: 294302 ns
[2025-05-08T11:55:53.642+0000][73][info ][safepoint   ] Safepoint "Cleanup", Time since last: 1001134131 ns, Reaching safepoint: 2156702 ns, Cleanup: 56269 ns, At safepoint: 29489 ns, Total: 2242460 ns
[2025-05-08T11:55:54.312+0000][73][info ][gc,start    ] GC(7) Pause Young (Concurrent Start) (Metadata GC Threshold)
[2025-05-08T11:55:54.312+0000][73][info ][gc,task     ] GC(7) Using 10 workers of 10 for evacuation
[2025-05-08T11:55:54.312+0000][73][debug][gc,age      ] GC(7) Desired survivor size 153092096 bytes, new threshold 15 (max threshold 15)
[2025-05-08T11:55:54.363+0000][73][info ][gc,phases   ] GC(7)   Pre Evacuate Collection Set: 1.01ms
[2025-05-08T11:55:54.364+0000][73][info ][gc,phases   ] GC(7)   Merge Heap Roots: 0.31ms
[2025-05-08T11:55:54.364+0000][73][info ][gc,phases   ] GC(7)   Evacuate Collection Set: 42.66ms
[2025-05-08T11:55:54.365+0000][73][info ][gc,phases   ] GC(7)   Post Evacuate Collection Set: 6.22ms
[2025-05-08T11:55:54.365+0000][73][info ][gc,phases   ] GC(7)   Other: 1.15ms
[2025-05-08T11:55:54.365+0000][73][trace][gc,age      ] GC(7) Age table with threshold 15 (max threshold 15)
[2025-05-08T11:55:54.366+0000][73][trace][gc,age      ] GC(7) - age   1:   15016288 bytes,   15016288 total
[2025-05-08T11:55:54.366+0000][73][trace][gc,age      ] GC(7) - age   2:    4293592 bytes,   19309880 total
[2025-05-08T11:55:54.367+0000][73][trace][gc,age      ] GC(7) - age   3:    2504520 bytes,   21814400 total
[2025-05-08T11:55:54.367+0000][73][trace][gc,age      ] GC(7) - age   4:    4092976 bytes,   25907376 total
[2025-05-08T11:55:54.369+0000][73][trace][gc,age      ] GC(7) - age   5:    4236200 bytes,   30143576 total
[2025-05-08T11:55:54.370+0000][73][info ][gc,heap     ] GC(7) Eden regions: 240->0(448)
[2025-05-08T11:55:54.370+0000][73][info ][gc,heap     ] GC(7) Survivor regions: 5->8(73)
[2025-05-08T11:55:54.371+0000][73][info ][gc,heap     ] GC(7) Old regions: 3->3
[2025-05-08T11:55:54.371+0000][73][info ][gc,heap     ] GC(7) Humongous regions: 0->0
[2025-05-08T11:55:54.371+0000][73][info ][gc,metaspace] GC(7) Metaspace: 59002K(60288K)->59002K(60288K) NonClass: 51486K(52224K)->51486K(52224K) Class: 7515K(8064K)->7515K(8064K)
[2025-05-08T11:55:54.372+0000][73][info ][gc          ] GC(7) Pause Young (Concurrent Start) (Metadata GC Threshold) 984M->41M(3880M) 60.107ms
[2025-05-08T11:55:54.372+0000][73][info ][gc          ] GC(8) Concurrent Mark Cycle
[2025-05-08T11:55:54.372+0000][73][info ][gc,cpu      ] GC(7) User=0.30s Sys=0.04s Real=0.06s
[2025-05-08T11:55:54.373+0000][73][info ][gc,marking  ] GC(8) Concurrent Scan Root Regions
[2025-05-08T11:55:54.374+0000][73][info ][safepoint   ] Safepoint "CollectForMetadataAllocation", Time since last: 669313212 ns, Reaching safepoint: 5259 ns, Cleanup: 13402 ns, At safepoint: 62824502 ns, Total: 62843163 ns
[2025-05-08T11:55:54.379+0000][73][info ][gc,marking  ] GC(8) Concurrent Scan Root Regions 6.250ms
[2025-05-08T11:55:54.379+0000][73][info ][gc,marking  ] GC(8) Concurrent Mark
[2025-05-08T11:55:54.380+0000][73][info ][gc,marking  ] GC(8) Concurrent Mark From Roots
[2025-05-08T11:55:54.380+0000][73][info ][gc,task     ] GC(8) Using 3 workers of 3 for marking
[2025-05-08T11:55:54.390+0000][73][info ][gc,marking  ] GC(8) Concurrent Mark From Roots 10.423ms
[2025-05-08T11:55:54.391+0000][73][info ][gc,marking  ] GC(8) Concurrent Preclean
[2025-05-08T11:55:54.391+0000][73][info ][gc,marking  ] GC(8) Concurrent Preclean 0.459ms
[2025-05-08T11:55:54.392+0000][73][info ][gc,start    ] GC(8) Pause Remark
[2025-05-08T11:55:54.402+0000][73][info ][gc          ] GC(8) Pause Remark 45M->45M(3880M) 9.202ms
[2025-05-08T11:55:54.402+0000][73][info ][gc,cpu      ] GC(8) User=0.03s Sys=0.01s Real=0.01s
[2025-05-08T11:55:54.403+0000][73][info ][safepoint   ] Safepoint "G1PauseRemark", Time since last: 17544880 ns, Reaching safepoint: 564458 ns, Cleanup: 7113 ns, At safepoint: 10152312 ns, Total: 10723883 ns
[2025-05-08T11:55:54.403+0000][73][info ][gc,marking  ] GC(8) Concurrent Mark 23.658ms
[2025-05-08T11:55:54.404+0000][73][info ][gc,marking  ] GC(8) Concurrent Rebuild Remembered Sets and Scrub Regions
[2025-05-08T11:55:54.407+0000][73][info ][gc,marking  ] GC(8) Concurrent Rebuild Remembered Sets and Scrub Regions 3.486ms
[2025-05-08T11:55:54.408+0000][73][info ][gc,start    ] GC(8) Pause Cleanup
[2025-05-08T11:55:54.408+0000][73][info ][gc          ] GC(8) Pause Cleanup 45M->45M(3880M) 0.660ms
[2025-05-08T11:55:54.409+0000][73][info ][gc,cpu      ] GC(8) User=0.00s Sys=0.00s Real=0.00s
[2025-05-08T11:55:54.409+0000][73][info ][safepoint   ] Safepoint "G1PauseCleanup", Time since last: 5011620 ns, Reaching safepoint: 101630 ns, Cleanup: 15515 ns, At safepoint: 1557993 ns, Total: 1675138 ns
[2025-05-08T11:55:54.410+0000][73][info ][gc,marking  ] GC(8) Concurrent Clear Claimed Marks
[2025-05-08T11:55:54.410+0000][73][info ][gc,marking  ] GC(8) Concurrent Clear Claimed Marks 0.542ms
[2025-05-08T11:55:54.411+0000][73][info ][gc,marking  ] GC(8) Concurrent Cleanup for Next Mark
[2025-05-08T11:55:54.421+0000][73][info ][gc,marking  ] GC(8) Concurrent Cleanup for Next Mark 10.071ms
[2025-05-08T11:55:54.421+0000][73][info ][gc          ] GC(8) Concurrent Mark Cycle 48.865ms
[2025-05-08T11:55:55.411+0000][73][info ][safepoint   ] Safepoint "Cleanup", Time since last: 1000488668 ns, Reaching safepoint: 877225 ns, Cleanup: 44772 ns, At safepoint: 34053 ns, Total: 956050 ns
[2025-05-08T11:55:56.471+0000][73][info ][safepoint   ] Safepoint "Cleanup", Time since last: 1059904671 ns, Reaching safepoint: 117928 ns, Cleanup: 85729 ns, At safepoint: 47785 ns, Total: 251442 ns
[2025-05-08T11:55:57.472+0000][73][info ][safepoint   ] Safepoint "Cleanup", Time since last: 1000553965 ns, Reaching safepoint: 131472 ns, Cleanup: 54279 ns, At safepoint: 33895 ns, Total: 219646 ns
[2025-05-08T11:55:58.476+0000][73][info ][safepoint   ] Safepoint "Cleanup", Time since last: 1001874307 ns, Reaching safepoint: 2488429 ns, Cleanup: 37057 ns, At safepoint: 43973 ns, Total: 2569459 ns
[2025-05-08T11:55:59.477+0000][73][info ][safepoint   ] Safepoint "Cleanup", Time since last: 1001029867 ns, Reaching safepoint: 5992 ns, Cleanup: 70671 ns, At safepoint: 8977 ns, Total: 85640 ns
[2025-05-08T11:56:00.961+0000][73][info ][safepoint   ] Safepoint "Cleanup", Time since last: 1483985099 ns, Reaching safepoint: 89417 ns, Cleanup: 126472 ns, At safepoint: 32645 ns, Total: 248534 ns
[2025-05-08T11:56:01.962+0000][73][info ][safepoint   ] Safepoint "Cleanup", Time since last: 1000523834 ns, Reaching safepoint: 131468 ns, Cleanup: 21311 ns, At safepoint: 188152 ns, Total: 340931 ns
[2025-05-08T11:56:03.352+0000][73][info ][safepoint   ] Safepoint "Cleanup", Time since last: 1389827302 ns, Reaching safepoint: 4033 ns, Cleanup: 51610 ns, At safepoint: 17753 ns, Total: 73396 ns
[2025-05-08T11:56:04.810+0000][73][info ][safepoint   ] Safepoint "Cleanup", Time since last: 1457662290 ns, Reaching safepoint: 709918 ns, Cleanup: 173232 ns, At safepoint: 63403 ns, Total: 946553 ns
[2025-05-08T11:56:06.050+0000][73][info ][safepoint   ] Safepoint "Cleanup", Time since last: 1239796030 ns, Reaching safepoint: 7337 ns, Cleanup: 103779 ns, At safepoint: 10746 ns, Total: 121862 ns
[2025-05-08T11:56:07.087+0000][73][info ][safepoint   ] Safepoint "Cleanup", Time since last: 1036923437 ns, Reaching safepoint: 132032 ns, Cleanup: 58094 ns, At safepoint: 44210 ns, Total: 234336 ns
[2025-05-08T11:56:07.370+0000][73][info ][gc,start    ] GC(9) Pause Young (Concurrent Start) (Metadata GC Threshold)
[2025-05-08T11:56:07.382+0000][73][info ][gc,task     ] GC(9) Using 10 workers of 10 for evacuation
[2025-05-08T11:56:07.390+0000][73][debug][gc,age      ] GC(9) Desired survivor size 119537664 bytes, new threshold 15 (max threshold 15)
[2025-05-08T11:56:07.428+0000][73][info ][gc,phases   ] GC(9)   Pre Evacuate Collection Set: 0.42ms
[2025-05-08T11:56:07.439+0000][73][info ][gc,phases   ] GC(9)   Merge Heap Roots: 0.17ms
[2025-05-08T11:56:07.447+0000][73][info ][gc,phases   ] GC(9)   Evacuate Collection Set: 24.39ms
[2025-05-08T11:56:07.455+0000][73][info ][gc,phases   ] GC(9)   Post Evacuate Collection Set: 2.58ms
[2025-05-08T11:56:07.466+0000][73][info ][gc,phases   ] GC(9)   Other: 18.34ms
[2025-05-08T11:56:07.488+0000][73][trace][gc,age      ] GC(9) Age table with threshold 15 (max threshold 15)
[2025-05-08T11:56:07.507+0000][73][trace][gc,age      ] GC(9) - age   1:   21148488 bytes,   21148488 total
[2025-05-08T11:56:07.524+0000][73][trace][gc,age      ] GC(9) - age   2:   14374600 bytes,   35523088 total
[2025-05-08T11:56:07.535+0000][73][trace][gc,age      ] GC(9) - age   3:    4255664 bytes,   39778752 total
[2025-05-08T11:56:07.553+0000][73][trace][gc,age      ] GC(9) - age   4:    2491064 bytes,   42269816 total
[2025-05-08T11:56:07.568+0000][73][trace][gc,age      ] GC(9) - age   5:    4075640 bytes,   46345456 total
[2025-05-08T11:56:07.578+0000][73][trace][gc,age      ] GC(9) - age   6:    4206832 bytes,   50552288 total
[2025-05-08T11:56:07.588+0000][73][info ][gc,heap     ] GC(9) Eden regions: 206->0(287)
[2025-05-08T11:56:07.597+0000][73][info ][gc,heap     ] GC(9) Survivor regions: 8->14(57)
[2025-05-08T11:56:07.601+0000][73][info ][gc,heap     ] GC(9) Old regions: 3->3
[2025-05-08T11:56:07.603+0000][73][info ][gc,heap     ] GC(9) Humongous regions: 0->0
[2025-05-08T11:56:07.605+0000][73][info ][gc,metaspace] GC(9) Metaspace: 98693K(100608K)->98693K(100608K) NonClass: 85609K(86720K)->85609K(86720K) Class: 13084K(13888K)->13084K(13888K)
[2025-05-08T11:56:07.605+0000][73][info ][gc          ] GC(9) Pause Young (Concurrent Start) (Metadata GC Threshold) 865M->63M(3880M) 235.190ms
[2025-05-08T11:56:07.606+0000][73][info ][gc,cpu      ] GC(9) User=0.18s Sys=0.03s Real=0.24s
[2025-05-08T11:56:07.606+0000][73][info ][gc          ] GC(10) Concurrent Mark Cycle
[2025-05-08T11:56:07.607+0000][73][info ][safepoint   ] Safepoint "CollectForMetadataAllocation", Time since last: 282832170 ns, Reaching safepoint: 5777 ns, Cleanup: 38444 ns, At safepoint: 236485504 ns, Total: 236529725 ns
[2025-05-08T11:56:07.611+0000][73][info ][gc,marking  ] GC(10) Concurrent Scan Root Regions
[2025-05-08T11:56:07.638+0000][73][info ][gc,marking  ] GC(10) Concurrent Scan Root Regions 27.485ms
[2025-05-08T11:56:07.643+0000][73][info ][gc,marking  ] GC(10) Concurrent Mark
[2025-05-08T11:56:07.648+0000][73][info ][gc,marking  ] GC(10) Concurrent Mark From Roots
[2025-05-08T11:56:07.651+0000][73][info ][gc,task     ] GC(10) Using 3 workers of 3 for marking
[2025-05-08T11:56:07.659+0000][73][info ][gc,marking  ] GC(10) Concurrent Mark From Roots 10.275ms
[2025-05-08T11:56:07.659+0000][73][info ][gc,marking  ] GC(10) Concurrent Preclean
[2025-05-08T11:56:07.660+0000][73][info ][gc,marking  ] GC(10) Concurrent Preclean 0.860ms
[2025-05-08T11:56:07.660+0000][73][info ][gc,start    ] GC(10) Pause Remark
[2025-05-08T11:56:07.665+0000][73][info ][gc          ] GC(10) Pause Remark 73M->73M(3880M) 5.207ms
[2025-05-08T11:56:07.666+0000][73][info ][gc,cpu      ] GC(10) User=0.02s Sys=0.01s Real=0.01s
[2025-05-08T11:56:07.667+0000][73][info ][safepoint   ] Safepoint "G1PauseRemark", Time since last: 53625047 ns, Reaching safepoint: 7392 ns, Cleanup: 20061 ns, At safepoint: 6616423 ns, Total: 6643876 ns
[2025-05-08T11:56:07.668+0000][73][info ][gc,marking  ] GC(10) Concurrent Mark 25.589ms
[2025-05-08T11:56:07.669+0000][73][info ][gc,marking  ] GC(10) Concurrent Rebuild Remembered Sets and Scrub Regions
[2025-05-08T11:56:07.672+0000][73][info ][gc,marking  ] GC(10) Concurrent Rebuild Remembered Sets and Scrub Regions 3.280ms
[2025-05-08T11:56:07.673+0000][73][info ][gc,start    ] GC(10) Pause Cleanup
[2025-05-08T11:56:07.676+0000][73][info ][gc          ] GC(10) Pause Cleanup 73M->73M(3880M) 2.300ms
[2025-05-08T11:56:07.681+0000][73][info ][gc,cpu      ] GC(10) User=0.00s Sys=0.00s Real=0.01s
[2025-05-08T11:56:07.681+0000][73][info ][safepoint   ] Safepoint "G1PauseCleanup", Time since last: 6233468 ns, Reaching safepoint: 194545 ns, Cleanup: 21439 ns, At safepoint: 8128820 ns, Total: 8344804 ns
[2025-05-08T11:56:07.682+0000][73][info ][gc,marking  ] GC(10) Concurrent Clear Claimed Marks
[2025-05-08T11:56:07.685+0000][73][info ][gc,marking  ] GC(10) Concurrent Clear Claimed Marks 3.248ms
[2025-05-08T11:56:07.689+0000][73][info ][gc,marking  ] GC(10) Concurrent Cleanup for Next Mark
[2025-05-08T11:56:07.694+0000][73][info ][gc,marking  ] GC(10) Concurrent Cleanup for Next Mark 4.704ms
[2025-05-08T11:56:07.697+0000][73][info ][gc          ] GC(10) Concurrent Mark Cycle 91.464ms
[2025-05-08T11:56:08.682+0000][73][info ][safepoint   ] Safepoint "Cleanup", Time since last: 1000837586 ns, Reaching safepoint: 6993 ns, Cleanup: 24536 ns, At safepoint: 8302 ns, Total: 39831 ns
[2025-05-08T11:56:09.683+0000][73][info ][safepoint   ] Safepoint "Cleanup", Time since last: 1000603700 ns, Reaching safepoint: 7457 ns, Cleanup: 19259 ns, At safepoint: 11017 ns, Total: 37733 ns
[2025-05-08T11:56:14.025+0000][73][info ][safepoint   ] Safepoint "Cleanup", Time since last: 4019702954 ns, Reaching safepoint: 322028494 ns, Cleanup: 24837 ns, At safepoint: 212030 ns, Total: 322265361 ns
[2025-05-08T11:56:19.223+0000][73][info ][safepoint   ] Safepoint "Cleanup", Time since last: 5076239010 ns, Reaching safepoint: 121997864 ns, Cleanup: 20670 ns, At safepoint: 47503 ns, Total: 122066037 ns
[2025-05-08T11:56:20.978+0000][73][info ][safepoint   ] Safepoint "Cleanup", Time since last: 1234064843 ns, Reaching safepoint: 521060697 ns, Cleanup: 23855 ns, At safepoint: 70888 ns, Total: 521155440 ns
[2025-05-08T11:56:22.058+0000][73][info ][safepoint   ] Safepoint "Cleanup", Time since last: 1000491272 ns, Reaching safepoint: 78967208 ns, Cleanup: 53078 ns, At safepoint: 87389 ns, Total: 79107675 ns
[2025-05-08T11:56:23.059+0000][73][info ][safepoint   ] Safepoint "Cleanup", Time since last: 1001265925 ns, Reaching safepoint: 95191 ns, Cleanup: 56641 ns, At safepoint: 33726 ns, Total: 185558 ns
[2025-05-08T11:56:24.158+0000][73][info ][safepoint   ] Safepoint "Cleanup", Time since last: 1098711590 ns, Reaching safepoint: 4967 ns, Cleanup: 97017 ns, At safepoint: 18084 ns, Total: 120068 ns
[2025-05-08T11:56:24.972+0000][73][info ][safepoint   ] Safepoint "ICBufferFull", Time since last: 810162632 ns, Reaching safepoint: 2997706 ns, Cleanup: 152947 ns, At safepoint: 116583 ns, Total: 3267236 ns
[2025-05-08T11:56:24.974+0000][73][info ][safepoint   ] Safepoint "ICBufferFull", Time since last: 2027827 ns, Reaching safepoint: 227462 ns, Cleanup: 10856 ns, At safepoint: 105399 ns, Total: 343717 ns
[2025-05-08T11:56:24.978+0000][73][info ][safepoint   ] Safepoint "ICBufferFull", Time since last: 3780136 ns, Reaching safepoint: 345510 ns, Cleanup: 57623 ns, At safepoint: 122586 ns, Total: 525719 ns
[2025-05-08T11:56:25.705+0000][73][info ][safepoint   ] Safepoint "ICBufferFull", Time since last: 726649472 ns, Reaching safepoint: 15271 ns, Cleanup: 239657 ns, At safepoint: 77691 ns, Total: 332619 ns
[2025-05-08T11:56:25.898+0000][73][info ][safepoint   ] Safepoint "ICBufferFull", Time since last: 192543938 ns, Reaching safepoint: 11011 ns, Cleanup: 100389 ns, At safepoint: 37763 ns, Total: 149163 ns
[2025-05-08T11:56:26.070+0000][73][info ][safepoint   ] Safepoint "ICBufferFull", Time since last: 171919891 ns, Reaching safepoint: 10032 ns, Cleanup: 109540 ns, At safepoint: 37451 ns, Total: 157023 ns
[2025-05-08T11:56:26.285+0000][73][info ][safepoint   ] Safepoint "ICBufferFull", Time since last: 214362500 ns, Reaching safepoint: 7762 ns, Cleanup: 105951 ns, At safepoint: 6607 ns, Total: 120320 ns
[2025-05-08T11:56:26.771+0000][73][info ][safepoint   ] Safepoint "ICBufferFull", Time since last: 486612979 ns, Reaching safepoint: 10472 ns, Cleanup: 100279 ns, At safepoint: 54401 ns, Total: 165152 ns
[2025-05-08T11:56:27.436+0000][73][info ][safepoint   ] Safepoint "ICBufferFull", Time since last: 663795333 ns, Reaching safepoint: 110164 ns, Cleanup: 115997 ns, At safepoint: 51011 ns, Total: 277172 ns
[2025-05-08T11:56:27.812+0000][73][info ][safepoint   ] Safepoint "ICBufferFull", Time since last: 376070569 ns, Reaching safepoint: 10836 ns, Cleanup: 126824 ns, At safepoint: 14994 ns, Total: 152654 ns
[2025-05-08T11:56:28.493+0000][73][info ][safepoint   ] Safepoint "ICBufferFull", Time since last: 681438151 ns, Reaching safepoint: 10588 ns, Cleanup: 96215 ns, At safepoint: 8499 ns, Total: 115302 ns
[2025-05-08T11:56:29.494+0000][73][info ][safepoint   ] Safepoint "Cleanup", Time since last: 1000738286 ns, Reaching safepoint: 13250 ns, Cleanup: 56276 ns, At safepoint: 10149 ns, Total: 79675 ns
[2025-05-08T11:56:30.495+0000][73][info ][safepoint   ] Safepoint "Cleanup", Time since last: 1000648132 ns, Reaching safepoint: 15174 ns, Cleanup: 25854 ns, At safepoint: 10798 ns, Total: 51826 ns
[2025-05-08T11:56:32.506+0000][73][info ][safepoint   ] Safepoint "Cleanup", Time since last: 2013549815 ns, Reaching safepoint: 13149 ns, Cleanup: 20865 ns, At safepoint: 10695 ns, Total: 44709 ns
[2025-05-08T11:56:33.507+0000][73][info ][safepoint   ] Safepoint "Cleanup", Time since last: 1000667915 ns, Reaching safepoint: 11386 ns, Cleanup: 17008 ns, At safepoint: 8218 ns, Total: 36612 ns
[2025-05-08T11:56:40.515+0000][73][info ][safepoint   ] Safepoint "Cleanup", Time since last: 7007921549 ns, Reaching safepoint: 248483 ns, Cleanup: 24223 ns, At safepoint: 19220 ns, Total: 291926 ns
[2025-05-08T11:56:42.516+0000][73][info ][safepoint   ] Safepoint "Cleanup", Time since last: 2000688164 ns, Reaching safepoint: 13346 ns, Cleanup: 17559 ns, At safepoint: 8023 ns, Total: 38928 ns
[2025-05-08T11:56:44.522+0000][73][info ][safepoint   ] Safepoint "Cleanup", Time since last: 2006185645 ns, Reaching safepoint: 20781 ns, Cleanup: 64898 ns, At safepoint: 11562 ns, Total: 97241 ns
[2025-05-08T11:56:52.525+0000][73][info ][safepoint   ] Safepoint "Cleanup", Time since last: 8003025102 ns, Reaching safepoint: 22948 ns, Cleanup: 19679 ns, At safepoint: 7548 ns, Total: 50175 ns
[2025-05-08T11:56:53.533+0000][73][info ][safepoint   ] Safepoint "Cleanup", Time since last: 1007562021 ns, Reaching safepoint: 12412 ns, Cleanup: 15854 ns, At safepoint: 8526 ns, Total: 36792 ns
[2025-05-08T11:56:55.534+0000][73][info ][safepoint   ] Safepoint "Cleanup", Time since last: 2000637727 ns, Reaching safepoint: 116047 ns, Cleanup: 56188 ns, At safepoint: 51408 ns, Total: 223643 ns
[2025-05-08T11:56:55.977+0000][73][info ][safepoint   ] Safepoint "ICBufferFull", Time since last: 443157663 ns, Reaching safepoint: 98703 ns, Cleanup: 103569 ns, At safepoint: 30052 ns, Total: 232324 ns
[2025-05-08T11:56:57.288+0000][73][info ][safepoint   ] Safepoint "ICBufferFull", Time since last: 1310959158 ns, Reaching safepoint: 8208 ns, Cleanup: 115836 ns, At safepoint: 6816 ns, Total: 130860 ns
[2025-05-08T11:56:58.289+0000][73][info ][safepoint   ] Safepoint "Cleanup", Time since last: 1000648798 ns, Reaching safepoint: 9357 ns, Cleanup: 89588 ns, At safepoint: 6923 ns, Total: 105868 ns
[2025-05-08T11:56:59.290+0000][73][info ][safepoint   ] Safepoint "Cleanup", Time since last: 1000630059 ns, Reaching safepoint: 12467 ns, Cleanup: 55978 ns, At safepoint: 9947 ns, Total: 78392 ns
[2025-05-08T11:57:01.230+0000][73][info ][safepoint   ] Safepoint "Cleanup", Time since last: 1942089908 ns, Reaching safepoint: 18791 ns, Cleanup: 272522 ns, At safepoint: 23655 ns, Total: 314968 ns
[2025-05-08T11:57:02.231+0000][73][info ][safepoint   ] Safepoint "Cleanup", Time since last: 1000731241 ns, Reaching safepoint: 14359 ns, Cleanup: 18416 ns, At safepoint: 9618 ns, Total: 42393 ns
[2025-05-08T11:57:03.231+0000][73][info ][safepoint   ] Safepoint "Cleanup", Time since last: 1000520782 ns, Reaching safepoint: 15307 ns, Cleanup: 17516 ns, At safepoint: 13862 ns, Total: 46685 ns
[2025-05-08T11:57:04.232+0000][73][info ][safepoint   ] Safepoint "Cleanup", Time since last: 1000629607 ns, Reaching safepoint: 14521 ns, Cleanup: 96474 ns, At safepoint: 32502 ns, Total: 143497 ns
[2025-05-08T11:57:04.752+0000][73][info ][safepoint   ] Safepoint "ICBufferFull", Time since last: 491683181 ns, Reaching safepoint: 27285336 ns, Cleanup: 179626 ns, At safepoint: 426418 ns, Total: 27891380 ns
[2025-05-08T11:57:04.763+0000][73][info ][safepoint   ] Safepoint "ICBufferFull", Time since last: 7507640 ns, Reaching safepoint: 2483334 ns, Cleanup: 27864 ns, At safepoint: 1487482 ns, Total: 3998680 ns
[2025-05-08T11:57:04.775+0000][73][info ][safepoint   ] Safepoint "ICBufferFull", Time since last: 10010470 ns, Reaching safepoint: 591418 ns, Cleanup: 19953 ns, At safepoint: 1126858 ns, Total: 1738229 ns
[2025-05-08T11:57:04.785+0000][73][info ][safepoint   ] Safepoint "ICBufferFull", Time since last: 9711055 ns, Reaching safepoint: 193232 ns, Cleanup: 21251 ns, At safepoint: 105244 ns, Total: 319727 ns
[2025-05-08T11:57:04.831+0000][73][info ][safepoint   ] Safepoint "ICBufferFull", Time since last: 20868622 ns, Reaching safepoint: 617163 ns, Cleanup: 21268 ns, At safepoint: 24618106 ns, Total: 25256537 ns
[2025-05-08T11:57:05.094+0000][73][info ][safepoint   ] Safepoint "ICBufferFull", Time since last: 262985783 ns, Reaching safepoint: 119042 ns, Cleanup: 139430 ns, At safepoint: 64644 ns, Total: 323116 ns
[2025-05-08T11:57:05.453+0000][73][info ][safepoint   ] Safepoint "ICBufferFull", Time since last: 301223936 ns, Reaching safepoint: 56582156 ns, Cleanup: 148669 ns, At safepoint: 69902 ns, Total: 56800727 ns
[2025-05-08T11:57:05.831+0000][73][info ][safepoint   ] Safepoint "ICBufferFull", Time since last: 377857886 ns, Reaching safepoint: 217324 ns, Cleanup: 101500 ns, At safepoint: 105173 ns, Total: 423997 ns
[2025-05-08T11:57:06.302+0000][73][info ][safepoint   ] Safepoint "ICBufferFull", Time since last: 471302927 ns, Reaching safepoint: 103352 ns, Cleanup: 130070 ns, At safepoint: 53151 ns, Total: 286573 ns
[2025-05-08T11:57:06.971+0000][73][info ][safepoint   ] Safepoint "ICBufferFull", Time since last: 668263496 ns, Reaching safepoint: 163120 ns, Cleanup: 236525 ns, At safepoint: 153077 ns, Total: 552722 ns
[2025-05-08T11:57:07.972+0000][73][info ][safepoint   ] Safepoint "Cleanup", Time since last: 1000693034 ns, Reaching safepoint: 23669 ns, Cleanup: 148243 ns, At safepoint: 180148 ns, Total: 352060 ns
[2025-05-08T11:57:08.424+0000][73][info ][safepoint   ] Safepoint "ICBufferFull", Time since last: 451980210 ns, Reaching safepoint: 26100 ns, Cleanup: 179612 ns, At safepoint: 17938 ns, Total: 223650 ns
[2025-05-08T11:57:08.860+0000][73][info ][safepoint   ] Safepoint "ICBufferFull", Time since last: 435357932 ns, Reaching safepoint: 29697 ns, Cleanup: 252614 ns, At safepoint: 201420 ns, Total: 483731 ns
[2025-05-08T11:57:09.392+0000][73][info ][safepoint   ] Safepoint "ICBufferFull", Time since last: 531399586 ns, Reaching safepoint: 13378 ns, Cleanup: 115813 ns, At safepoint: 30638 ns, Total: 159829 ns
[2025-05-08T11:57:09.690+0000][73][info ][safepoint   ] Safepoint "ICBufferFull", Time since last: 298202947 ns, Reaching safepoint: 20338 ns, Cleanup: 120510 ns, At safepoint: 67814 ns, Total: 208662 ns
[2025-05-08T11:57:09.691+0000][73][info ][safepoint   ] Safepoint "ICBufferFull", Time since last: 491774 ns, Reaching safepoint: 108229 ns, Cleanup: 6800 ns, At safepoint: 78332 ns, Total: 193361 ns
[2025-05-08T11:57:10.196+0000][73][info ][safepoint   ] Safepoint "ICBufferFull", Time since last: 504998336 ns, Reaching safepoint: 19386 ns, Cleanup: 122455 ns, At safepoint: 41793 ns, Total: 183634 ns
[2025-05-08T11:57:10.197+0000][73][info ][safepoint   ] Safepoint "ICBufferFull", Time since last: 558117 ns, Reaching safepoint: 19131 ns, Cleanup: 8107 ns, At safepoint: 42930 ns, Total: 70168 ns
[2025-05-08T11:57:10.197+0000][73][info ][safepoint   ] Safepoint "ICBufferFull", Time since last: 528225 ns, Reaching safepoint: 16323 ns, Cleanup: 9510 ns, At safepoint: 53287 ns, Total: 79120 ns
[2025-05-08T11:57:10.937+0000][73][info ][safepoint   ] Safepoint "ICBufferFull", Time since last: 739570768 ns, Reaching safepoint: 27363 ns, Cleanup: 169418 ns, At safepoint: 146664 ns, Total: 343445 ns
[2025-05-08T11:57:11.411+0000][73][info ][safepoint   ] Safepoint "ICBufferFull", Time since last: 473212002 ns, Reaching safepoint: 21705 ns, Cleanup: 162118 ns, At safepoint: 35671 ns, Total: 219494 ns
[2025-05-08T11:57:11.969+0000][73][info ][safepoint   ] Safepoint "ICBufferFull", Time since last: 558105152 ns, Reaching safepoint: 119773 ns, Cleanup: 188515 ns, At safepoint: 78103 ns, Total: 386391 ns
[2025-05-08T11:57:12.458+0000][73][info ][safepoint   ] Safepoint "ICBufferFull", Time since last: 488280326 ns, Reaching safepoint: 327286 ns, Cleanup: 207003 ns, At safepoint: 204370 ns, Total: 738659 ns
[2025-05-08T11:57:13.397+0000][73][info ][safepoint   ] Safepoint "ICBufferFull", Time since last: 938086330 ns, Reaching safepoint: 559368 ns, Cleanup: 196523 ns, At safepoint: 151587 ns, Total: 907478 ns
[2025-05-08T11:57:14.676+0000][73][info ][safepoint   ] Safepoint "Cleanup", Time since last: 1201817714 ns, Reaching safepoint: 76631904 ns, Cleanup: 113317 ns, At safepoint: 88470 ns, Total: 76833691 ns
[2025-05-08T11:57:15.585+0000][73][info ][safepoint   ] Safepoint "ICBufferFull", Time since last: 908738980 ns, Reaching safepoint: 319240 ns, Cleanup: 126144 ns, At safepoint: 116631 ns, Total: 562015 ns
[2025-05-08T11:57:15.630+0000][73][info ][gc,start    ] GC(11) Pause Young (Normal) (G1 Evacuation Pause)
[2025-05-08T11:57:15.631+0000][73][info ][gc,task     ] GC(11) Using 10 workers of 10 for evacuation
[2025-05-08T11:57:15.632+0000][73][debug][gc,age      ] GC(11) Desired survivor size 79691776 bytes, new threshold 15 (max threshold 15)
[2025-05-08T11:57:15.954+0000][73][info ][gc,mmu      ] GC(11) MMU target violated: 201.0ms (200.0ms/201.0ms)
[2025-05-08T11:57:15.955+0000][73][info ][gc,phases   ] GC(11)   Pre Evacuate Collection Set: 0.80ms
[2025-05-08T11:57:15.955+0000][73][info ][gc,phases   ] GC(11)   Merge Heap Roots: 0.25ms
[2025-05-08T11:57:15.955+0000][73][info ][gc,phases   ] GC(11)   Evacuate Collection Set: 291.21ms
[2025-05-08T11:57:15.956+0000][73][info ][gc,phases   ] GC(11)   Post Evacuate Collection Set: 29.89ms
[2025-05-08T11:57:15.956+0000][73][info ][gc,phases   ] GC(11)   Other: 1.46ms
[2025-05-08T11:57:15.957+0000][73][trace][gc,age      ] GC(11) Age table with threshold 15 (max threshold 15)
[2025-05-08T11:57:15.957+0000][73][trace][gc,age      ] GC(11) - age   1:   51575528 bytes,   51575528 total
[2025-05-08T11:57:15.958+0000][73][trace][gc,age      ] GC(11) - age   2:   20083176 bytes,   71658704 total
[2025-05-08T11:57:15.958+0000][73][trace][gc,age      ] GC(11) - age   3:   14340544 bytes,   85999248 total
[2025-05-08T11:57:15.958+0000][73][trace][gc,age      ] GC(11) - age   4:    4252656 bytes,   90251904 total
[2025-05-08T11:57:15.959+0000][73][trace][gc,age      ] GC(11) - age   5:    2488888 bytes,   92740792 total
[2025-05-08T11:57:15.959+0000][73][trace][gc,age      ] GC(11) - age   6:    4074144 bytes,   96814936 total
[2025-05-08T11:57:15.959+0000][73][trace][gc,age      ] GC(11) - age   7:    4198304 bytes,  101013240 total
[2025-05-08T11:57:15.959+0000][73][info ][gc,heap     ] GC(11) Eden regions: 287->0(35)
[2025-05-08T11:57:15.960+0000][73][info ][gc,heap     ] GC(11) Survivor regions: 14->27(38)
[2025-05-08T11:57:15.960+0000][73][info ][gc,heap     ] GC(11) Old regions: 3->3
[2025-05-08T11:57:15.960+0000][73][info ][gc,heap     ] GC(11) Humongous regions: 0->0
[2025-05-08T11:57:15.961+0000][73][info ][gc,metaspace] GC(11) Metaspace: 140544K(144512K)->140544K(144512K) NonClass: 120966K(123072K)->120966K(123072K) Class: 19578K(21440K)->19578K(21440K)
[2025-05-08T11:57:15.961+0000][73][info ][gc          ] GC(11) Pause Young (Normal) (G1 Evacuation Pause) 1211M->117M(3880M) 330.817ms
[2025-05-08T11:57:15.961+0000][73][info ][gc,cpu      ] GC(11) User=1.26s Sys=0.18s Real=0.33s
[2025-05-08T11:57:15.962+0000][73][info ][safepoint   ] Safepoint "G1CollectForAllocation", Time since last: 44678797 ns, Reaching safepoint: 143285 ns, Cleanup: 55158 ns, At safepoint: 332245650 ns, Total: 332444093 ns
[2025-05-08T11:57:16.734+0000][73][info ][safepoint   ] Safepoint "ICBufferFull", Time since last: 771257253 ns, Reaching safepoint: 48201 ns, Cleanup: 167847 ns, At safepoint: 55479 ns, Total: 271527 ns
[2025-05-08T11:57:18.166+0000][73][info ][safepoint   ] Safepoint "Cleanup", Time since last: 1431706239 ns, Reaching safepoint: 15306 ns, Cleanup: 246201 ns, At safepoint: 82678 ns, Total: 344185 ns
[2025-05-08T11:57:19.236+0000][73][info ][safepoint   ] Safepoint "Cleanup", Time since last: 1069680823 ns, Reaching safepoint: 15134 ns, Cleanup: 95869 ns, At safepoint: 91501 ns, Total: 202504 ns
[2025-05-08T11:57:20.141+0000][73][info ][gc,start    ] GC(12) Pause Young (Normal) (G1 Evacuation Pause)
[2025-05-08T11:57:20.141+0000][73][info ][gc,task     ] GC(12) Using 10 workers of 10 for evacuation
[2025-05-08T11:57:20.142+0000][73][debug][gc,age      ] GC(12) Desired survivor size 16777216 bytes, new threshold 1 (max threshold 15)
[2025-05-08T11:57:20.865+0000][73][info ][gc,mmu      ] GC(12) MMU target violated: 201.0ms (200.0ms/201.0ms)
[2025-05-08T11:57:20.867+0000][73][info ][gc,phases   ] GC(12)   Pre Evacuate Collection Set: 0.51ms
[2025-05-08T11:57:20.867+0000][73][info ][gc,phases   ] GC(12)   Merge Heap Roots: 0.49ms
[2025-05-08T11:57:20.867+0000][73][info ][gc,phases   ] GC(12)   Evacuate Collection Set: 717.83ms
[2025-05-08T11:57:20.868+0000][73][info ][gc,phases   ] GC(12)   Post Evacuate Collection Set: 3.70ms
[2025-05-08T11:57:20.868+0000][73][info ][gc,phases   ] GC(12)   Other: 2.82ms
[2025-05-08T11:57:20.868+0000][73][trace][gc,age      ] GC(12) Age table with threshold 1 (max threshold 15)
[2025-05-08T11:57:20.868+0000][73][trace][gc,age      ] GC(12) - age   1:    3193488 bytes,    3193488 total
[2025-05-08T11:57:20.869+0000][73][info ][gc,heap     ] GC(12) Eden regions: 35->0(191)
[2025-05-08T11:57:20.869+0000][73][info ][gc,heap     ] GC(12) Survivor regions: 27->4(8)
[2025-05-08T11:57:20.870+0000][73][info ][gc,heap     ] GC(12) Old regions: 3->29
[2025-05-08T11:57:20.870+0000][73][info ][gc,heap     ] GC(12) Humongous regions: 0->0
[2025-05-08T11:57:20.870+0000][73][info ][gc,metaspace] GC(12) Metaspace: 141527K(145600K)->141527K(145600K) NonClass: 121856K(124032K)->121856K(124032K) Class: 19670K(21568K)->19670K(21568K)
[2025-05-08T11:57:20.871+0000][73][info ][gc          ] GC(12) Pause Young (Normal) (G1 Evacuation Pause) 257M->126M(3880M) 730.036ms
[2025-05-08T11:57:20.871+0000][73][info ][gc,cpu      ] GC(12) User=1.29s Sys=1.30s Real=0.73s
[2025-05-08T11:57:20.872+0000][73][info ][safepoint   ] Safepoint "G1CollectForAllocation", Time since last: 904632161 ns, Reaching safepoint: 161493 ns, Cleanup: 193602 ns, At safepoint: 731512568 ns, Total: 731867663 ns
[2025-05-08T11:57:21.946+0000][73][info ][safepoint   ] Safepoint "Cleanup", Time since last: 1073777445 ns, Reaching safepoint: 170387 ns, Cleanup: 142825 ns, At safepoint: 62868 ns, Total: 376080 ns
[2025-05-08T11:57:22.658+0000][73][info ][gc,start    ] GC(13) Pause Young (Concurrent Start) (CodeCache GC Threshold)
[2025-05-08T11:57:22.658+0000][73][info ][gc,task     ] GC(13) Using 10 workers of 10 for evacuation
[2025-05-08T11:57:22.658+0000][73][debug][gc,age      ] GC(13) Desired survivor size 52428800 bytes, new threshold 15 (max threshold 15)
[2025-05-08T11:57:22.668+0000][73][info ][gc,phases   ] GC(13)   Pre Evacuate Collection Set: 0.80ms
[2025-05-08T11:57:22.669+0000][73][info ][gc,phases   ] GC(13)   Merge Heap Roots: 0.19ms
[2025-05-08T11:57:22.670+0000][73][info ][gc,phases   ] GC(13)   Evacuate Collection Set: 6.88ms
[2025-05-08T11:57:22.671+0000][73][info ][gc,phases   ] GC(13)   Post Evacuate Collection Set: 0.90ms
[2025-05-08T11:57:22.671+0000][73][info ][gc,phases   ] GC(13)   Other: 1.35ms
[2025-05-08T11:57:22.672+0000][73][trace][gc,age      ] GC(13) Age table with threshold 15 (max threshold 15)
[2025-05-08T11:57:22.672+0000][73][trace][gc,age      ] GC(13) - age   1:    2059584 bytes,    2059584 total
[2025-05-08T11:57:22.672+0000][73][trace][gc,age      ] GC(13) - age   2:    1879272 bytes,    3938856 total
[2025-05-08T11:57:22.673+0000][73][info ][gc,heap     ] GC(13) Eden regions: 26->0(411)
[2025-05-08T11:57:22.674+0000][73][info ][gc,heap     ] GC(13) Survivor regions: 4->2(25)
[2025-05-08T11:57:22.674+0000][73][info ][gc,heap     ] GC(13) Old regions: 29->29
[2025-05-08T11:57:22.674+0000][73][info ][gc,heap     ] GC(13) Humongous regions: 0->0
[2025-05-08T11:57:22.676+0000][73][info ][gc,metaspace] GC(13) Metaspace: 141767K(145792K)->141767K(145792K) NonClass: 122092K(124224K)->122092K(124224K) Class: 19675K(21568K)->19675K(21568K)
[2025-05-08T11:57:22.680+0000][73][info ][gc          ] GC(13) Pause Young (Concurrent Start) (CodeCache GC Threshold) 229M->118M(3880M) 22.173ms
[2025-05-08T11:57:22.682+0000][73][info ][gc          ] GC(14) Concurrent Mark Cycle
[2025-05-08T11:57:22.683+0000][73][info ][gc,marking  ] GC(14) Concurrent Scan Root Regions
[2025-05-08T11:57:22.682+0000][73][info ][gc,cpu      ] GC(13) User=0.04s Sys=0.01s Real=0.02s
[2025-05-08T11:57:22.687+0000][73][info ][gc,marking  ] GC(14) Concurrent Scan Root Regions 4.432ms
[2025-05-08T11:57:22.688+0000][73][info ][safepoint   ] Safepoint "G1TryInitiateConcMark", Time since last: 710920147 ns, Reaching safepoint: 148117 ns, Cleanup: 120499 ns, At safepoint: 30749041 ns, Total: 31017657 ns
[2025-05-08T11:57:22.694+0000][73][info ][gc,marking  ] GC(14) Concurrent Mark
[2025-05-08T11:57:22.711+0000][73][info ][gc,marking  ] GC(14) Concurrent Mark From Roots
[2025-05-08T11:57:22.728+0000][73][info ][gc,task     ] GC(14) Using 3 workers of 3 for marking
[2025-05-08T11:57:22.843+0000][73][info ][gc,marking  ] GC(14) Concurrent Mark From Roots 131.949ms
[2025-05-08T11:57:22.847+0000][73][info ][gc,marking  ] GC(14) Concurrent Preclean
[2025-05-08T11:57:22.849+0000][73][info ][gc,marking  ] GC(14) Concurrent Preclean 1.805ms
[2025-05-08T11:57:22.850+0000][73][info ][gc,start    ] GC(14) Pause Remark
[2025-05-08T11:57:22.882+0000][73][info ][gc          ] GC(14) Pause Remark 124M->124M(3880M) 31.813ms
[2025-05-08T11:57:22.884+0000][73][info ][gc,cpu      ] GC(14) User=0.20s Sys=0.00s Real=0.03s
[2025-05-08T11:57:22.884+0000][73][info ][safepoint   ] Safepoint "G1PauseRemark", Time since last: 161813415 ns, Reaching safepoint: 25801 ns, Cleanup: 33080 ns, At safepoint: 34008899 ns, Total: 34067780 ns
[2025-05-08T11:57:22.885+0000][73][info ][gc,marking  ] GC(14) Concurrent Mark 191.076ms
[2025-05-08T11:57:22.888+0000][73][info ][gc,marking  ] GC(14) Concurrent Rebuild Remembered Sets and Scrub Regions
[2025-05-08T11:57:22.913+0000][73][info ][gc,marking  ] GC(14) Concurrent Rebuild Remembered Sets and Scrub Regions 24.873ms
[2025-05-08T11:57:22.915+0000][73][info ][gc,start    ] GC(14) Pause Cleanup
[2025-05-08T11:57:22.916+0000][73][info ][gc          ] GC(14) Pause Cleanup 128M->128M(3880M) 1.289ms
[2025-05-08T11:57:22.917+0000][73][info ][gc,cpu      ] GC(14) User=0.00s Sys=0.01s Real=0.01s
[2025-05-08T11:57:22.918+0000][73][info ][safepoint   ] Safepoint "G1PauseCleanup", Time since last: 30523484 ns, Reaching safepoint: 122769 ns, Cleanup: 22263 ns, At safepoint: 2770970 ns, Total: 2916002 ns
[2025-05-08T11:57:22.919+0000][73][info ][gc,marking  ] GC(14) Concurrent Clear Claimed Marks
[2025-05-08T11:57:22.920+0000][73][info ][gc,marking  ] GC(14) Concurrent Clear Claimed Marks 1.080ms
[2025-05-08T11:57:22.923+0000][73][info ][gc,marking  ] GC(14) Concurrent Cleanup for Next Mark
[2025-05-08T11:57:22.933+0000][73][info ][gc,marking  ] GC(14) Concurrent Cleanup for Next Mark 10.127ms
[2025-05-08T11:57:22.934+0000][73][info ][gc          ] GC(14) Concurrent Mark Cycle 251.300ms
[2025-05-08T11:57:24.136+0000][73][info ][safepoint   ] Safepoint "Cleanup", Time since last: 1217800400 ns, Reaching safepoint: 35345 ns, Cleanup: 198994 ns, At safepoint: 70404 ns, Total: 304743 ns
[2025-05-08T11:57:24.869+0000][73][info ][safepoint   ] Safepoint "ICBufferFull", Time since last: 732713331 ns, Reaching safepoint: 32802 ns, Cleanup: 153428 ns, At safepoint: 57739 ns, Total: 243969 ns
[2025-05-08T11:57:25.893+0000][73][info ][safepoint   ] Safepoint "Cleanup", Time since last: 1024217805 ns, Reaching safepoint: 19924 ns, Cleanup: 231488 ns, At safepoint: 82140 ns, Total: 333552 ns
[2025-05-08T11:57:26.965+0000][73][info ][safepoint   ] Safepoint "Cleanup", Time since last: 1071582967 ns, Reaching safepoint: 14856 ns, Cleanup: 149311 ns, At safepoint: 32957 ns, Total: 197124 ns
[2025-05-08T11:57:28.375+0000][73][info ][safepoint   ] Safepoint "Cleanup", Time since last: 1409533627 ns, Reaching safepoint: 23567 ns, Cleanup: 151564 ns, At safepoint: 30281 ns, Total: 205412 ns
[2025-05-08T11:57:29.517+0000][73][info ][safepoint   ] Safepoint "Cleanup", Time since last: 1132664661 ns, Reaching safepoint: 8844684 ns, Cleanup: 267263 ns, At safepoint: 126711 ns, Total: 9238658 ns
[2025-05-08T11:57:30.074+0000][73][info ][safepoint   ] Safepoint "ICBufferFull", Time since last: 557468101 ns, Reaching safepoint: 23480 ns, Cleanup: 151849 ns, At safepoint: 16906 ns, Total: 192235 ns
[2025-05-08T11:57:31.943+0000][73][info ][safepoint   ] Safepoint "Cleanup", Time since last: 1882910825 ns, Reaching safepoint: 23806 ns, Cleanup: 153468 ns, At safepoint: 13058 ns, Total: 190332 ns
[2025-05-08T11:57:33.016+0000][73][info ][safepoint   ] Safepoint "Cleanup", Time since last: 1073220035 ns, Reaching safepoint: 26225 ns, Cleanup: 55209 ns, At safepoint: 11128 ns, Total: 92562 ns
[2025-05-08T11:57:34.019+0000][73][info ][safepoint   ] Safepoint "Cleanup", Time since last: 1002609459 ns, Reaching safepoint: 23140 ns, Cleanup: 30254 ns, At safepoint: 9787 ns, Total: 63181 ns
[2025-05-08T11:57:35.020+0000][73][info ][safepoint   ] Safepoint "Cleanup", Time since last: 1000574288 ns, Reaching safepoint: 24054 ns, Cleanup: 31358 ns, At safepoint: 10599 ns, Total: 66011 ns
[2025-05-08T11:57:36.021+0000][73][info ][safepoint   ] Safepoint "Cleanup", Time since last: 1001296280 ns, Reaching safepoint: 33179 ns, Cleanup: 38640 ns, At safepoint: 17524 ns, Total: 89343 ns
[2025-05-08T11:57:37.022+0000][73][info ][safepoint   ] Safepoint "Cleanup", Time since last: 1000561784 ns, Reaching safepoint: 18141 ns, Cleanup: 15605 ns, At safepoint: 8413 ns, Total: 42159 ns
[2025-05-08T11:57:39.022+0000][73][info ][safepoint   ] Safepoint "Cleanup", Time since last: 2000819031 ns, Reaching safepoint: 24008 ns, Cleanup: 49444 ns, At safepoint: 11407 ns, Total: 84859 ns
[2025-05-08T11:57:40.023+0000][73][info ][safepoint   ] Safepoint "Cleanup", Time since last: 1000701148 ns, Reaching safepoint: 29438 ns, Cleanup: 39134 ns, At safepoint: 15740 ns, Total: 84312 ns
[2025-05-08T11:57:42.024+0000][73][info ][safepoint   ] Safepoint "Cleanup", Time since last: 2001117104 ns, Reaching safepoint: 31953 ns, Cleanup: 36901 ns, At safepoint: 48641 ns, Total: 117495 ns
[2025-05-08T11:57:44.026+0000][73][info ][safepoint   ] Safepoint "Cleanup", Time since last: 2000987586 ns, Reaching safepoint: 30892 ns, Cleanup: 24172 ns, At safepoint: 17599 ns, Total: 72663 ns
[2025-05-08T11:57:45.026+0000][73][info ][safepoint   ] Safepoint "Cleanup", Time since last: 1000865524 ns, Reaching safepoint: 28874 ns, Cleanup: 46698 ns, At safepoint: 15165 ns, Total: 90737 ns
[2025-05-08T11:57:46.027+0000][73][info ][safepoint   ] Safepoint "Cleanup", Time since last: 1000911014 ns, Reaching safepoint: 31492 ns, Cleanup: 20841 ns, At safepoint: 16522 ns, Total: 68855 ns
[2025-05-08T11:57:47.028+0000][73][info ][safepoint   ] Safepoint "Cleanup", Time since last: 1000676926 ns, Reaching safepoint: 17554 ns, Cleanup: 14036 ns, At safepoint: 7450 ns, Total: 39040 ns
[2025-05-08T11:57:48.029+0000][73][info ][safepoint   ] Safepoint "Cleanup", Time since last: 1000667514 ns, Reaching safepoint: 28529 ns, Cleanup: 82856 ns, At safepoint: 18291 ns, Total: 129676 ns
[2025-05-08T11:57:49.992+0000][73][info ][safepoint   ] Safepoint "Cleanup", Time since last: 1962648298 ns, Reaching safepoint: 15295 ns, Cleanup: 58608 ns, At safepoint: 156754 ns, Total: 230657 ns
[2025-05-08T11:57:51.006+0000][73][info ][safepoint   ] Safepoint "Cleanup", Time since last: 1013783317 ns, Reaching safepoint: 17911 ns, Cleanup: 34879 ns, At safepoint: 7939 ns, Total: 60729 ns
[2025-05-08T11:57:52.006+0000][73][info ][safepoint   ] Safepoint "Cleanup", Time since last: 1000694685 ns, Reaching safepoint: 16335 ns, Cleanup: 13327 ns, At safepoint: 7542 ns, Total: 37204 ns
[2025-05-08T11:57:54.007+0000][73][info ][safepoint   ] Safepoint "Cleanup", Time since last: 2000864390 ns, Reaching safepoint: 123315 ns, Cleanup: 38738 ns, At safepoint: 28152 ns, Total: 190205 ns
[2025-05-08T11:57:55.009+0000][73][info ][safepoint   ] Safepoint "Cleanup", Time since last: 1000664438 ns, Reaching safepoint: 728091 ns, Cleanup: 44393 ns, At safepoint: 36702 ns, Total: 809186 ns
[2025-05-08T11:57:56.010+0000][73][info ][safepoint   ] Safepoint "Cleanup", Time since last: 1000801556 ns, Reaching safepoint: 29192 ns, Cleanup: 17218 ns, At safepoint: 14445 ns, Total: 60855 ns
[2025-05-08T11:57:57.011+0000][73][info ][safepoint   ] Safepoint "Cleanup", Time since last: 1000658101 ns, Reaching safepoint: 16727 ns, Cleanup: 32063 ns, At safepoint: 6956 ns, Total: 55746 ns
[2025-05-08T11:57:58.729+0000][73][info ][safepoint   ] Safepoint "Cleanup", Time since last: 1718173712 ns, Reaching safepoint: 5436 ns, Cleanup: 6250 ns, At safepoint: 2704 ns, Total: 14390 ns
[2025-05-08T11:58:00.028+0000][73][info ][safepoint   ] Safepoint "Cleanup", Time since last: 1298713066 ns, Reaching safepoint: 16146 ns, Cleanup: 108852 ns, At safepoint: 8137 ns, Total: 133135 ns
[2025-05-08T11:58:01.024+0000][73][info ][safepoint   ] Safepoint "Cleanup", Time since last: 1000906865 ns, Reaching safepoint: 29387 ns, Cleanup: 17804 ns, At safepoint: 15060 ns, Total: 62251 ns
[2025-05-08T11:58:02.025+0000][73][info ][safepoint   ] Safepoint "Cleanup", Time since last: 1000803489 ns, Reaching safepoint: 18416 ns, Cleanup: 14884 ns, At safepoint: 7594 ns, Total: 40894 ns
[2025-05-08T11:58:03.025+0000][73][info ][safepoint   ] Safepoint "Cleanup", Time since last: 1000575042 ns, Reaching safepoint: 14856 ns, Cleanup: 24009 ns, At safepoint: 6286 ns, Total: 45151 ns
[2025-05-08T11:58:04.026+0000][73][info ][safepoint   ] Safepoint "Cleanup", Time since last: 1000632797 ns, Reaching safepoint: 26204 ns, Cleanup: 14269 ns, At safepoint: 14893 ns, Total: 55366 ns
[2025-05-08T11:58:05.027+0000][73][info ][safepoint   ] Safepoint "Cleanup", Time since last: 1000847705 ns, Reaching safepoint: 26897 ns, Cleanup: 72245 ns, At safepoint: 14899 ns, Total: 114041 ns
[2025-05-08T11:58:06.028+0000][73][info ][safepoint   ] Safepoint "Cleanup", Time since last: 1000660593 ns, Reaching safepoint: 27332 ns, Cleanup: 42895 ns, At safepoint: 15538 ns, Total: 85765 ns
[2025-05-08T11:58:07.029+0000][73][info ][safepoint   ] Safepoint "Cleanup", Time since last: 1000878859 ns, Reaching safepoint: 54858 ns, Cleanup: 30552 ns, At safepoint: 15928 ns, Total: 101338 ns
[2025-05-08T11:58:09.030+0000][73][info ][safepoint   ] Safepoint "Cleanup", Time since last: 2001019626 ns, Reaching safepoint: 25564 ns, Cleanup: 33230 ns, At safepoint: 10355 ns, Total: 69149 ns
[2025-05-08T11:58:10.031+0000][73][info ][safepoint   ] Safepoint "Cleanup", Time since last: 1001475758 ns, Reaching safepoint: 20188 ns, Cleanup: 26977 ns, At safepoint: 9356 ns, Total: 56521 ns
[2025-05-08T11:58:11.032+0000][73][info ][safepoint   ] Safepoint "Cleanup", Time since last: 1000730469 ns, Reaching safepoint: 30173 ns, Cleanup: 17971 ns, At safepoint: 17640 ns, Total: 65784 ns
[2025-05-08T11:58:12.012+0000][73][info ][safepoint   ] Safepoint "ICBufferFull", Time since last: 979901960 ns, Reaching safepoint: 105913 ns, Cleanup: 110355 ns, At safepoint: 35562 ns, Total: 251830 ns
[2025-05-08T11:58:13.023+0000][73][info ][safepoint   ] Safepoint "Cleanup", Time since last: 1011242225 ns, Reaching safepoint: 14003 ns, Cleanup: 74411 ns, At safepoint: 80269 ns, Total: 168683 ns
[2025-05-08T11:58:14.026+0000][73][info ][safepoint   ] Safepoint "Cleanup", Time since last: 1002158587 ns, Reaching safepoint: 22978 ns, Cleanup: 16502 ns, At safepoint: 9358 ns, Total: 48838 ns
[2025-05-08T11:58:15.026+0000][73][info ][safepoint   ] Safepoint "Cleanup", Time since last: 1000613335 ns, Reaching safepoint: 19312 ns, Cleanup: 35284 ns, At safepoint: 7622 ns, Total: 62218 ns
[2025-05-08T11:58:16.027+0000][73][info ][safepoint   ] Safepoint "Cleanup", Time since last: 1000563470 ns, Reaching safepoint: 23448 ns, Cleanup: 15379 ns, At safepoint: 7448 ns, Total: 46275 ns
[2025-05-08T11:58:17.028+0000][73][info ][safepoint   ] Safepoint "Cleanup", Time since last: 1000726189 ns, Reaching safepoint: 16910 ns, Cleanup: 15073 ns, At safepoint: 40215 ns, Total: 72198 ns
[2025-05-08T11:58:18.028+0000][73][info ][safepoint   ] Safepoint "Cleanup", Time since last: 1000490646 ns, Reaching safepoint: 14834 ns, Cleanup: 14188 ns, At safepoint: 6355 ns, Total: 35377 ns
[2025-05-08T11:58:20.029+0000][73][info ][safepoint   ] Safepoint "Cleanup", Time since last: 2000776727 ns, Reaching safepoint: 27449 ns, Cleanup: 163261 ns, At safepoint: 19123 ns, Total: 209833 ns
[2025-05-08T11:58:21.030+0000][73][info ][safepoint   ] Safepoint "Cleanup", Time since last: 1000690892 ns, Reaching safepoint: 17480 ns, Cleanup: 28378 ns, At safepoint: 7431 ns, Total: 53289 ns
[2025-05-08T11:58:22.031+0000][73][info ][safepoint   ] Safepoint "Cleanup", Time since last: 1000542248 ns, Reaching safepoint: 15339 ns, Cleanup: 12787 ns, At safepoint: 7469 ns, Total: 35595 ns
[2025-05-08T11:58:24.032+0000][73][info ][safepoint   ] Safepoint "Cleanup", Time since last: 2001122701 ns, Reaching safepoint: 32366 ns, Cleanup: 18267 ns, At safepoint: 96033 ns, Total: 146666 ns
[2025-05-08T11:58:25.033+0000][73][info ][safepoint   ] Safepoint "Cleanup", Time since last: 1000694023 ns, Reaching safepoint: 29734 ns, Cleanup: 40942 ns, At safepoint: 13579 ns, Total: 84255 ns
[2025-05-08T11:58:26.758+0000][73][info ][safepoint   ] Safepoint "Cleanup", Time since last: 1724887394 ns, Reaching safepoint: 15950 ns, Cleanup: 14948 ns, At safepoint: 8065 ns, Total: 38963 ns
[2025-05-08T11:58:28.759+0000][73][info ][safepoint   ] Safepoint "Cleanup", Time since last: 2001019966 ns, Reaching safepoint: 15864 ns, Cleanup: 14141 ns, At safepoint: 7834 ns, Total: 37839 ns
[2025-05-08T11:58:29.759+0000][73][info ][safepoint   ] Safepoint "Cleanup", Time since last: 1000776446 ns, Reaching safepoint: 30305 ns, Cleanup: 22772 ns, At safepoint: 14716 ns, Total: 67793 ns
[2025-05-08T11:58:30.758+0000][73][info ][safepoint   ] Safepoint "Cleanup", Time since last: 1000988766 ns, Reaching safepoint: 30179 ns, Cleanup: 29412 ns, At safepoint: 15703 ns, Total: 75294 ns
[2025-05-08T11:58:31.758+0000][73][info ][safepoint   ] Safepoint "Cleanup", Time since last: 1000644275 ns, Reaching safepoint: 28865 ns, Cleanup: 18422 ns, At safepoint: 14638 ns, Total: 61925 ns
[2025-05-08T11:58:32.759+0000][73][info ][safepoint   ] Safepoint "Cleanup", Time since last: 1000841470 ns, Reaching safepoint: 30472 ns, Cleanup: 17564 ns, At safepoint: 15263 ns, Total: 63299 ns
[2025-05-08T11:58:33.760+0000][73][info ][safepoint   ] Safepoint "Cleanup", Time since last: 1000834928 ns, Reaching safepoint: 27963 ns, Cleanup: 18766 ns, At safepoint: 14017 ns, Total: 60746 ns
[2025-05-08T11:58:34.761+0000][73][info ][safepoint   ] Safepoint "Cleanup", Time since last: 1000942068 ns, Reaching safepoint: 29003 ns, Cleanup: 28896 ns, At safepoint: 13653 ns, Total: 71552 ns
[2025-05-08T11:58:35.762+0000][73][info ][safepoint   ] Safepoint "Cleanup", Time since last: 1000736742 ns, Reaching safepoint: 28135 ns, Cleanup: 22269 ns, At safepoint: 104638 ns, Total: 155042 ns
[2025-05-08T11:58:39.763+0000][73][info ][safepoint   ] Safepoint "Cleanup", Time since last: 4001356771 ns, Reaching safepoint: 17659 ns, Cleanup: 19169 ns, At safepoint: 8633 ns, Total: 45461 ns
[2025-05-08T11:58:44.766+0000][73][info ][safepoint   ] Safepoint "Cleanup", Time since last: 5002092713 ns, Reaching safepoint: 42072 ns, Cleanup: 31781 ns, At safepoint: 21137 ns, Total: 94990 ns
[2025-05-08T11:58:45.767+0000][73][info ][safepoint   ] Safepoint "Cleanup", Time since last: 1001235699 ns, Reaching safepoint: 30127 ns, Cleanup: 17570 ns, At safepoint: 15156 ns, Total: 62853 ns
[2025-05-08T11:58:47.768+0000][73][info ][safepoint   ] Safepoint "Cleanup", Time since last: 2000871879 ns, Reaching safepoint: 30226 ns, Cleanup: 24370 ns, At safepoint: 15919 ns, Total: 70515 ns
[2025-05-08T11:58:48.769+0000][73][info ][safepoint   ] Safepoint "Cleanup", Time since last: 1000738673 ns, Reaching safepoint: 29346 ns, Cleanup: 25355 ns, At safepoint: 15544 ns, Total: 70245 ns
[2025-05-08T11:58:49.770+0000][73][info ][safepoint   ] Safepoint "Cleanup", Time since last: 1000705290 ns, Reaching safepoint: 30804 ns, Cleanup: 24287 ns, At safepoint: 16842 ns, Total: 71933 ns
[2025-05-08T11:58:50.770+0000][73][info ][safepoint   ] Safepoint "Cleanup", Time since last: 1000733591 ns, Reaching safepoint: 18103 ns, Cleanup: 17016 ns, At safepoint: 9095 ns, Total: 44214 ns
[2025-05-08T11:58:51.771+0000][73][info ][safepoint   ] Safepoint "Cleanup", Time since last: 1000736128 ns, Reaching safepoint: 31587 ns, Cleanup: 24003 ns, At safepoint: 16989 ns, Total: 72579 ns
[2025-05-08T11:58:52.772+0000][73][info ][safepoint   ] Safepoint "Cleanup", Time since last: 1000755458 ns, Reaching safepoint: 30441 ns, Cleanup: 19626 ns, At safepoint: 15781 ns, Total: 65848 ns
[2025-05-08T11:58:53.773+0000][73][info ][safepoint   ] Safepoint "Cleanup", Time since last: 1000728649 ns, Reaching safepoint: 31058 ns, Cleanup: 18647 ns, At safepoint: 15897 ns, Total: 65602 ns
[2025-05-08T11:58:54.773+0000][73][info ][safepoint   ] Safepoint "Cleanup", Time since last: 1000692622 ns, Reaching safepoint: 65301 ns, Cleanup: 18132 ns, At safepoint: 15487 ns, Total: 98920 ns
[2025-05-08T11:58:56.774+0000][73][info ][safepoint   ] Safepoint "Cleanup", Time since last: 2000903388 ns, Reaching safepoint: 29762 ns, Cleanup: 16751 ns, At safepoint: 15231 ns, Total: 61744 ns
[2025-05-08T11:58:59.775+0000][73][info ][safepoint   ] Safepoint "Cleanup", Time since last: 3000965236 ns, Reaching safepoint: 19488 ns, Cleanup: 23562 ns, At safepoint: 7039 ns, Total: 50089 ns
[2025-05-08T11:59:01.773+0000][73][info ][safepoint   ] Safepoint "Cleanup", Time since last: 2000762881 ns, Reaching safepoint: 18063 ns, Cleanup: 16316 ns, At safepoint: 7672 ns, Total: 42051 ns
[2025-05-08T11:59:04.774+0000][73][info ][safepoint   ] Safepoint "Cleanup", Time since last: 3001125055 ns, Reaching safepoint: 28331 ns, Cleanup: 39330 ns, At safepoint: 15782 ns, Total: 83443 ns
[2025-05-08T11:59:05.775+0000][73][info ][safepoint   ] Safepoint "Cleanup", Time since last: 1000685924 ns, Reaching safepoint: 28337 ns, Cleanup: 18158 ns, At safepoint: 15158 ns, Total: 61653 ns
[2025-05-08T11:59:06.776+0000][73][info ][safepoint   ] Safepoint "Cleanup", Time since last: 1000731543 ns, Reaching safepoint: 31097 ns, Cleanup: 18799 ns, At safepoint: 15650 ns, Total: 65546 ns
[2025-05-08T11:59:07.777+0000][73][info ][safepoint   ] Safepoint "Cleanup", Time since last: 1000798522 ns, Reaching safepoint: 25028 ns, Cleanup: 19519 ns, At safepoint: 11236 ns, Total: 55783 ns
[2025-05-08T11:59:08.777+0000][73][info ][safepoint   ] Safepoint "Cleanup", Time since last: 1000695869 ns, Reaching safepoint: 31437 ns, Cleanup: 30063 ns, At safepoint: 18079 ns, Total: 79579 ns
[2025-05-08T11:59:09.778+0000][73][info ][safepoint   ] Safepoint "Cleanup", Time since last: 1000735978 ns, Reaching safepoint: 69774 ns, Cleanup: 27611 ns, At safepoint: 16621 ns, Total: 114006 ns
[2025-05-08T11:59:11.779+0000][73][info ][safepoint   ] Safepoint "Cleanup", Time since last: 2000977532 ns, Reaching safepoint: 31250 ns, Cleanup: 19583 ns, At safepoint: 15988 ns, Total: 66821 ns
[2025-05-08T11:59:12.780+0000][73][info ][safepoint   ] Safepoint "Cleanup", Time since last: 1000767145 ns, Reaching safepoint: 31044 ns, Cleanup: 17726 ns, At safepoint: 15650 ns, Total: 64420 ns
[2025-05-08T11:59:14.170+0000][73][info ][safepoint   ] Safepoint "Cleanup", Time since last: 1389742907 ns, Reaching safepoint: 24667 ns, Cleanup: 50410 ns, At safepoint: 72442 ns, Total: 147519 ns
[2025-05-08T11:59:16.053+0000][73][info ][safepoint   ] Safepoint "Cleanup", Time since last: 1882602201 ns, Reaching safepoint: 17991 ns, Cleanup: 53696 ns, At safepoint: 7227 ns, Total: 78914 ns
[2025-05-08T11:59:18.054+0000][73][info ][safepoint   ] Safepoint "Cleanup", Time since last: 2000848571 ns, Reaching safepoint: 28273 ns, Cleanup: 27004 ns, At safepoint: 14876 ns, Total: 70153 ns
[2025-05-08T11:59:21.055+0000][73][info ][safepoint   ] Safepoint "Cleanup", Time since last: 3001021740 ns, Reaching safepoint: 16627 ns, Cleanup: 16037 ns, At safepoint: 8293 ns, Total: 40957 ns
[2025-05-08T11:59:22.055+0000][73][info ][safepoint   ] Safepoint "Cleanup", Time since last: 1000690313 ns, Reaching safepoint: 16330 ns, Cleanup: 15717 ns, At safepoint: 7359 ns, Total: 39406 ns
[2025-05-08T11:59:24.056+0000][73][info ][safepoint   ] Safepoint "Cleanup", Time since last: 2000915345 ns, Reaching safepoint: 30207 ns, Cleanup: 20688 ns, At safepoint: 16273 ns, Total: 67168 ns
[2025-05-08T11:59:25.057+0000][73][info ][safepoint   ] Safepoint "Cleanup", Time since last: 1000708474 ns, Reaching safepoint: 67649 ns, Cleanup: 27309 ns, At safepoint: 15996 ns, Total: 110954 ns
[2025-05-08T11:59:26.795+0000][73][info ][safepoint   ] Safepoint "Cleanup", Time since last: 1737254831 ns, Reaching safepoint: 19629 ns, Cleanup: 15914 ns, At safepoint: 9223 ns, Total: 44766 ns
[2025-05-08T11:59:28.795+0000][73][info ][safepoint   ] Safepoint "Cleanup", Time since last: 2000850702 ns, Reaching safepoint: 18455 ns, Cleanup: 13961 ns, At safepoint: 7833 ns, Total: 40249 ns
[2025-05-08T11:59:29.796+0000][73][info ][safepoint   ] Safepoint "Cleanup", Time since last: 1000784357 ns, Reaching safepoint: 28913 ns, Cleanup: 35531 ns, At safepoint: 15244 ns, Total: 79688 ns
[2025-05-08T11:59:32.794+0000][73][info ][safepoint   ] Safepoint "Cleanup", Time since last: 3000885815 ns, Reaching safepoint: 18256 ns, Cleanup: 17570 ns, At safepoint: 7580 ns, Total: 43406 ns
[2025-05-08T11:59:34.795+0000][73][info ][safepoint   ] Safepoint "Cleanup", Time since last: 2000882941 ns, Reaching safepoint: 16560 ns, Cleanup: 17340 ns, At safepoint: 6948 ns, Total: 40848 ns
[2025-05-08T11:59:35.796+0000][73][info ][safepoint   ] Safepoint "Cleanup", Time since last: 1000635260 ns, Reaching safepoint: 17073 ns, Cleanup: 20430 ns, At safepoint: 7433 ns, Total: 44936 ns
[2025-05-08T11:59:39.797+0000][73][info ][safepoint   ] Safepoint "Cleanup", Time since last: 4001256625 ns, Reaching safepoint: 122879 ns, Cleanup: 20038 ns, At safepoint: 24978 ns, Total: 167895 ns
[2025-05-08T11:59:41.798+0000][73][info ][safepoint   ] Safepoint "Cleanup", Time since last: 2001050282 ns, Reaching safepoint: 63711 ns, Cleanup: 18468 ns, At safepoint: 15885 ns, Total: 98064 ns
[2025-05-08T11:59:44.799+0000][73][info ][safepoint   ] Safepoint "Cleanup", Time since last: 3000950954 ns, Reaching safepoint: 30523 ns, Cleanup: 37073 ns, At safepoint: 84167 ns, Total: 151763 ns
[2025-05-08T11:59:49.801+0000][73][info ][safepoint   ] Safepoint "Cleanup", Time since last: 5001478430 ns, Reaching safepoint: 30164 ns, Cleanup: 21778 ns, At safepoint: 15327 ns, Total: 67269 ns
[2025-05-08T11:59:50.802+0000][73][info ][safepoint   ] Safepoint "Cleanup", Time since last: 1000725957 ns, Reaching safepoint: 23108 ns, Cleanup: 21698 ns, At safepoint: 11493 ns, Total: 56299 ns
[2025-05-08T11:59:54.803+0000][73][info ][safepoint   ] Safepoint "Cleanup", Time since last: 4001173365 ns, Reaching safepoint: 30580 ns, Cleanup: 30774 ns, At safepoint: 17694 ns, Total: 79048 ns
[2025-05-08T11:59:55.804+0000][73][info ][safepoint   ] Safepoint "Cleanup", Time since last: 1000715093 ns, Reaching safepoint: 69200 ns, Cleanup: 22263 ns, At safepoint: 30468 ns, Total: 121931 ns
[2025-05-08T11:59:56.805+0000][73][info ][safepoint   ] Safepoint "Cleanup", Time since last: 1000616312 ns, Reaching safepoint: 17170 ns, Cleanup: 16374 ns, At safepoint: 7882 ns, Total: 41426 ns
[2025-05-08T11:59:59.806+0000][73][info ][safepoint   ] Safepoint "Cleanup", Time since last: 3001162486 ns, Reaching safepoint: 30873 ns, Cleanup: 19002 ns, At safepoint: 16073 ns, Total: 65948 ns
[2025-05-08T12:00:02.804+0000][73][info ][safepoint   ] Safepoint "Cleanup", Time since last: 3001049250 ns, Reaching safepoint: 30167 ns, Cleanup: 24775 ns, At safepoint: 15699 ns, Total: 70641 ns
[2025-05-08T12:00:04.805+0000][73][info ][safepoint   ] Safepoint "Cleanup", Time since last: 2000898912 ns, Reaching safepoint: 33031 ns, Cleanup: 48085 ns, At safepoint: 17320 ns, Total: 98436 ns
[2025-05-08T12:00:08.806+0000][73][info ][safepoint   ] Safepoint "Cleanup", Time since last: 4001255123 ns, Reaching safepoint: 24912 ns, Cleanup: 16107 ns, At safepoint: 10292 ns, Total: 51311 ns
[2025-05-08T12:00:09.807+0000][73][info ][safepoint   ] Safepoint "Cleanup", Time since last: 1000671635 ns, Reaching safepoint: 17121 ns, Cleanup: 17847 ns, At safepoint: 7685 ns, Total: 42653 ns
[2025-05-08T12:00:11.808+0000][73][info ][safepoint   ] Safepoint "Cleanup", Time since last: 2000742913 ns, Reaching safepoint: 58242 ns, Cleanup: 23926 ns, At safepoint: 11610 ns, Total: 93778 ns
[2025-05-08T12:00:14.809+0000][73][info ][safepoint   ] Safepoint "Cleanup", Time since last: 3001026654 ns, Reaching safepoint: 31440 ns, Cleanup: 28514 ns, At safepoint: 16052 ns, Total: 76006 ns
[2025-05-08T12:00:15.809+0000][73][info ][safepoint   ] Safepoint "Cleanup", Time since last: 1000695958 ns, Reaching safepoint: 28659 ns, Cleanup: 17176 ns, At safepoint: 14782 ns, Total: 60617 ns
[2025-05-08T12:00:17.181+0000][73][info ][safepoint   ] Safepoint "Cleanup", Time since last: 1371871070 ns, Reaching safepoint: 133898 ns, Cleanup: 22843 ns, At safepoint: 39782 ns, Total: 196523 ns
[2025-05-08T12:00:19.106+0000][73][info ][safepoint   ] Safepoint "Cleanup", Time since last: 1924710666 ns, Reaching safepoint: 29954 ns, Cleanup: 46990 ns, At safepoint: 16366 ns, Total: 93310 ns
[2025-05-08T12:00:20.107+0000][73][info ][safepoint   ] Safepoint "Cleanup", Time since last: 1000683074 ns, Reaching safepoint: 29237 ns, Cleanup: 39223 ns, At safepoint: 88098 ns, Total: 156558 ns
[2025-05-08T12:00:21.108+0000][73][info ][safepoint   ] Safepoint "Cleanup", Time since last: 1000630159 ns, Reaching safepoint: 27158 ns, Cleanup: 17489 ns, At safepoint: 13760 ns, Total: 58407 ns
[2025-05-08T12:00:24.109+0000][73][info ][safepoint   ] Safepoint "Cleanup", Time since last: 3000893099 ns, Reaching safepoint: 16676 ns, Cleanup: 13242 ns, At safepoint: 6879 ns, Total: 36797 ns
[2025-05-08T12:00:25.109+0000][73][info ][safepoint   ] Safepoint "Cleanup", Time since last: 1000608492 ns, Reaching safepoint: 30379 ns, Cleanup: 41095 ns, At safepoint: 16547 ns, Total: 88021 ns
[2025-05-08T12:00:26.825+0000][73][info ][safepoint   ] Safepoint "Cleanup", Time since last: 1715855119 ns, Reaching safepoint: 78716 ns, Cleanup: 25016 ns, At safepoint: 19839 ns, Total: 123571 ns
[2025-05-08T12:00:29.827+0000][73][info ][safepoint   ] Safepoint "Cleanup", Time since last: 3001022874 ns, Reaching safepoint: 30288 ns, Cleanup: 22145 ns, At safepoint: 15542 ns, Total: 67975 ns
[2025-05-08T12:00:32.825+0000][73][info ][safepoint   ] Safepoint "Cleanup", Time since last: 3001034421 ns, Reaching safepoint: 45090 ns, Cleanup: 19299 ns, At safepoint: 17258 ns, Total: 81647 ns
[2025-05-08T12:00:34.826+0000][73][info ][safepoint   ] Safepoint "Cleanup", Time since last: 2001055078 ns, Reaching safepoint: 143301 ns, Cleanup: 30638 ns, At safepoint: 23248 ns, Total: 197187 ns
[2025-05-08T12:00:35.827+0000][73][info ][safepoint   ] Safepoint "Cleanup", Time since last: 1000641271 ns, Reaching safepoint: 129520 ns, Cleanup: 43800 ns, At safepoint: 33301 ns, Total: 206621 ns
[2025-05-08T12:00:38.829+0000][73][info ][safepoint   ] Safepoint "Cleanup", Time since last: 3001259700 ns, Reaching safepoint: 37722 ns, Cleanup: 23631 ns, At safepoint: 16098 ns, Total: 77451 ns
[2025-05-08T12:00:40.073+0000][73][info ][safepoint   ] Safepoint "Cleanup", Time since last: 1244204425 ns, Reaching safepoint: 19382 ns, Cleanup: 38588 ns, At safepoint: 9155 ns, Total: 67125 ns
[2025-05-08T12:00:41.095+0000][73][info ][safepoint   ] Safepoint "Cleanup", Time since last: 1022348607 ns, Reaching safepoint: 20520 ns, Cleanup: 66521 ns, At safepoint: 10842 ns, Total: 97883 ns
[2025-05-08T12:00:42.111+0000][73][info ][safepoint   ] Safepoint "Cleanup", Time since last: 1015952110 ns, Reaching safepoint: 73290 ns, Cleanup: 31524 ns, At safepoint: 17559 ns, Total: 122373 ns
[2025-05-08T12:00:44.112+0000][73][info ][safepoint   ] Safepoint "Cleanup", Time since last: 2000820415 ns, Reaching safepoint: 23711 ns, Cleanup: 16184 ns, At safepoint: 9169 ns, Total: 49064 ns
[2025-05-08T12:00:45.113+0000][73][info ][safepoint   ] Safepoint "Cleanup", Time since last: 1000614490 ns, Reaching safepoint: 23088 ns, Cleanup: 26978 ns, At safepoint: 10407 ns, Total: 60473 ns
[2025-05-08T12:00:46.126+0000][73][info ][safepoint   ] Safepoint "Cleanup", Time since last: 1012533655 ns, Reaching safepoint: 18475 ns, Cleanup: 17330 ns, At safepoint: 7239 ns, Total: 43044 ns
[2025-05-08T12:00:48.126+0000][73][info ][safepoint   ] Safepoint "Cleanup", Time since last: 2000739412 ns, Reaching safepoint: 18408 ns, Cleanup: 14255 ns, At safepoint: 8190 ns, Total: 40853 ns
[2025-05-08T12:00:50.127+0000][73][info ][safepoint   ] Safepoint "Cleanup", Time since last: 2000720652 ns, Reaching safepoint: 16071 ns, Cleanup: 15987 ns, At safepoint: 7972 ns, Total: 40030 ns
[2025-05-08T12:00:51.128+0000][73][info ][safepoint   ] Safepoint "Cleanup", Time since last: 1000702957 ns, Reaching safepoint: 16475 ns, Cleanup: 19444 ns, At safepoint: 8241 ns, Total: 44160 ns
[2025-05-08T12:00:52.128+0000][73][info ][safepoint   ] Safepoint "Cleanup", Time since last: 1000552782 ns, Reaching safepoint: 16884 ns, Cleanup: 17275 ns, At safepoint: 8208 ns, Total: 42367 ns
[2025-05-08T12:00:53.129+0000][73][info ][safepoint   ] Safepoint "Cleanup", Time since last: 1000704414 ns, Reaching safepoint: 33938 ns, Cleanup: 24560 ns, At safepoint: 15450 ns, Total: 73948 ns
[2025-05-08T12:00:54.130+0000][73][info ][safepoint   ] Safepoint "Cleanup", Time since last: 1000777330 ns, Reaching safepoint: 25731 ns, Cleanup: 26130 ns, At safepoint: 14790 ns, Total: 66651 ns
[2025-05-08T12:00:55.131+0000][73][info ][safepoint   ] Safepoint "Cleanup", Time since last: 1000694706 ns, Reaching safepoint: 37426 ns, Cleanup: 19370 ns, At safepoint: 17681 ns, Total: 74477 ns
[2025-05-08T12:00:57.132+0000][73][info ][safepoint   ] Safepoint "Cleanup", Time since last: 2000841811 ns, Reaching safepoint: 69446 ns, Cleanup: 21877 ns, At safepoint: 30770 ns, Total: 122093 ns
[2025-05-08T12:01:00.133+0000][73][info ][safepoint   ] Safepoint "Cleanup", Time since last: 3001209139 ns, Reaching safepoint: 17759 ns, Cleanup: 18916 ns, At safepoint: 7239 ns, Total: 43914 ns
[2025-05-08T12:01:02.131+0000][73][info ][safepoint   ] Safepoint "Cleanup", Time since last: 2001058200 ns, Reaching safepoint: 21648 ns, Cleanup: 17601 ns, At safepoint: 9061 ns, Total: 48310 ns
[2025-05-08T12:01:03.132+0000][73][info ][safepoint   ] Safepoint "Cleanup", Time since last: 1000969398 ns, Reaching safepoint: 33314 ns, Cleanup: 35446 ns, At safepoint: 92134 ns, Total: 160894 ns
[2025-05-08T12:01:05.133+0000][73][info ][safepoint   ] Safepoint "Cleanup", Time since last: 2001105091 ns, Reaching safepoint: 19514 ns, Cleanup: 33537 ns, At safepoint: 7576 ns, Total: 60627 ns
[2025-05-08T12:01:06.135+0000][73][info ][safepoint   ] Safepoint "Cleanup", Time since last: 1000949220 ns, Reaching safepoint: 166869 ns, Cleanup: 28324 ns, At safepoint: 18976 ns, Total: 214169 ns
[2025-05-08T12:01:09.136+0000][73][info ][safepoint   ] Safepoint "Cleanup", Time since last: 3001223412 ns, Reaching safepoint: 30181 ns, Cleanup: 24980 ns, At safepoint: 16182 ns, Total: 71343 ns
[2025-05-08T12:01:10.137+0000][73][info ][safepoint   ] Safepoint "Cleanup", Time since last: 1000828292 ns, Reaching safepoint: 34147 ns, Cleanup: 24583 ns, At safepoint: 19306 ns, Total: 78036 ns
[2025-05-08T12:01:11.138+0000][73][info ][safepoint   ] Safepoint "Cleanup", Time since last: 1001560734 ns, Reaching safepoint: 29969 ns, Cleanup: 14570 ns, At safepoint: 7956 ns, Total: 52495 ns
[2025-05-08T12:01:12.142+0000][73][info ][safepoint   ] Safepoint "Cleanup", Time since last: 1000982542 ns, Reaching safepoint: 2433335 ns, Cleanup: 22469 ns, At safepoint: 13669 ns, Total: 2469473 ns
[2025-05-08T12:01:13.143+0000][73][info ][safepoint   ] Safepoint "Cleanup", Time since last: 1000604252 ns, Reaching safepoint: 34684 ns, Cleanup: 22058 ns, At safepoint: 19219 ns, Total: 75961 ns
[2025-05-08T12:01:14.201+0000][73][info ][safepoint   ] Safepoint "Cleanup", Time since last: 1058668654 ns, Reaching safepoint: 58503 ns, Cleanup: 23928 ns, At safepoint: 35414 ns, Total: 117845 ns
[2025-05-08T12:01:14.812+0000][73][info ][safepoint   ] Safepoint "ICBufferFull", Time since last: 610595807 ns, Reaching safepoint: 32001 ns, Cleanup: 189498 ns, At safepoint: 149201 ns, Total: 370700 ns
[2025-05-08T12:01:15.247+0000][73][info ][safepoint   ] Safepoint "ICBufferFull", Time since last: 434944425 ns, Reaching safepoint: 17523 ns, Cleanup: 144717 ns, At safepoint: 25750 ns, Total: 187990 ns
[2025-05-08T12:01:17.087+0000][73][info ][safepoint   ] Safepoint "Cleanup", Time since last: 1839223648 ns, Reaching safepoint: 18810 ns, Cleanup: 100543 ns, At safepoint: 8285 ns, Total: 127638 ns
[2025-05-08T12:01:18.088+0000][73][info ][safepoint   ] Safepoint "Cleanup", Time since last: 1000643937 ns, Reaching safepoint: 33942 ns, Cleanup: 44030 ns, At safepoint: 18712 ns, Total: 96684 ns
[2025-05-08T12:01:20.089+0000][73][info ][safepoint   ] Safepoint "Cleanup", Time since last: 2001109679 ns, Reaching safepoint: 36844 ns, Cleanup: 33879 ns, At safepoint: 13536 ns, Total: 84259 ns
[2025-05-08T12:01:21.089+0000][73][info ][safepoint   ] Safepoint "Cleanup", Time since last: 1000330096 ns, Reaching safepoint: 11847 ns, Cleanup: 77260 ns, At safepoint: 22898 ns, Total: 112005 ns
[2025-05-08T12:01:22.147+0000][73][info ][safepoint   ] Safepoint "Cleanup", Time since last: 1057275148 ns, Reaching safepoint: 30868 ns, Cleanup: 40247 ns, At safepoint: 16381 ns, Total: 87496 ns
[2025-05-08T12:01:23.148+0000][73][info ][safepoint   ] Safepoint "Cleanup", Time since last: 1000868353 ns, Reaching safepoint: 31952 ns, Cleanup: 13954 ns, At safepoint: 172740 ns, Total: 218646 ns
[2025-05-08T12:01:24.149+0000][73][info ][safepoint   ] Safepoint "Cleanup", Time since last: 1000784606 ns, Reaching safepoint: 33739 ns, Cleanup: 22793 ns, At safepoint: 16822 ns, Total: 73354 ns
[2025-05-08T12:01:25.150+0000][73][info ][safepoint   ] Safepoint "Cleanup", Time since last: 1000974599 ns, Reaching safepoint: 30774 ns, Cleanup: 43965 ns, At safepoint: 16211 ns, Total: 90950 ns
[2025-05-08T12:01:26.861+0000][73][info ][safepoint   ] Safepoint "Cleanup", Time since last: 1711176021 ns, Reaching safepoint: 32980 ns, Cleanup: 28927 ns, At safepoint: 15855 ns, Total: 77762 ns
[2025-05-08T12:01:29.862+0000][73][info ][safepoint   ] Safepoint "Cleanup", Time since last: 3001211668 ns, Reaching safepoint: 133739 ns, Cleanup: 25788 ns, At safepoint: 19687 ns, Total: 179214 ns
[2025-05-08T12:01:32.859+0000][73][info ][safepoint   ] Safepoint "Cleanup", Time since last: 3000898694 ns, Reaching safepoint: 23925 ns, Cleanup: 16133 ns, At safepoint: 8074 ns, Total: 48132 ns
[2025-05-08T12:01:33.860+0000][73][info ][safepoint   ] Safepoint "Cleanup", Time since last: 1000857192 ns, Reaching safepoint: 189360 ns, Cleanup: 43308 ns, At safepoint: 151649 ns, Total: 384317 ns
[2025-05-08T12:01:34.861+0000][73][info ][safepoint   ] Safepoint "Cleanup", Time since last: 1000838019 ns, Reaching safepoint: 27893 ns, Cleanup: 16044 ns, At safepoint: 10812 ns, Total: 54749 ns
[2025-05-08T12:01:35.862+0000][73][info ][safepoint   ] Safepoint "Cleanup", Time since last: 1000775078 ns, Reaching safepoint: 29926 ns, Cleanup: 22106 ns, At safepoint: 15798 ns, Total: 67830 ns
[2025-05-08T12:01:37.863+0000][73][info ][safepoint   ] Safepoint "Cleanup", Time since last: 2001062809 ns, Reaching safepoint: 30792 ns, Cleanup: 17077 ns, At safepoint: 15101 ns, Total: 62970 ns
[2025-05-08T12:01:38.864+0000][73][info ][safepoint   ] Safepoint "Cleanup", Time since last: 1000847304 ns, Reaching safepoint: 31182 ns, Cleanup: 17022 ns, At safepoint: 15186 ns, Total: 63390 ns
[2025-05-08T12:01:39.865+0000][73][info ][safepoint   ] Safepoint "Cleanup", Time since last: 1001002728 ns, Reaching safepoint: 36588 ns, Cleanup: 23043 ns, At safepoint: 16060 ns, Total: 75691 ns
[2025-05-08T12:01:41.427+0000][73][info ][safepoint   ] Safepoint "Cleanup", Time since last: 1562060069 ns, Reaching safepoint: 8233 ns, Cleanup: 9167 ns, At safepoint: 18052 ns, Total: 35452 ns
[2025-05-08T12:01:42.449+0000][73][info ][safepoint   ] Safepoint "Cleanup", Time since last: 1020789249 ns, Reaching safepoint: 767217 ns, Cleanup: 31672 ns, At safepoint: 29624 ns, Total: 828513 ns
[2025-05-08T12:01:44.450+0000][73][info ][safepoint   ] Safepoint "Cleanup", Time since last: 2000942801 ns, Reaching safepoint: 83629 ns, Cleanup: 18512 ns, At safepoint: 8031 ns, Total: 110172 ns
[2025-05-08T12:01:46.240+0000][73][info ][safepoint   ] Safepoint "Cleanup", Time since last: 1789152585 ns, Reaching safepoint: 28414 ns, Cleanup: 195421 ns, At safepoint: 79372 ns, Total: 303207 ns
[2025-05-08T12:01:47.246+0000][73][info ][safepoint   ] Safepoint "Cleanup", Time since last: 1006586112 ns, Reaching safepoint: 35797 ns, Cleanup: 28308 ns, At safepoint: 16676 ns, Total: 80781 ns
[2025-05-08T12:01:48.247+0000][73][info ][safepoint   ] Safepoint "Cleanup", Time since last: 1000939271 ns, Reaching safepoint: 35737 ns, Cleanup: 22152 ns, At safepoint: 19080 ns, Total: 76969 ns
[2025-05-08T12:01:50.102+0000][73][info ][safepoint   ] Safepoint "Cleanup", Time since last: 1854583099 ns, Reaching safepoint: 17847 ns, Cleanup: 33016 ns, At safepoint: 96258 ns, Total: 147121 ns
[2025-05-08T12:01:51.121+0000][73][info ][safepoint   ] Safepoint "Cleanup", Time since last: 1018605956 ns, Reaching safepoint: 27505 ns, Cleanup: 20289 ns, At safepoint: 9847 ns, Total: 57641 ns
[2025-05-08T12:01:52.121+0000][73][info ][safepoint   ] Safepoint "Cleanup", Time since last: 1000773452 ns, Reaching safepoint: 35683 ns, Cleanup: 26802 ns, At safepoint: 16390 ns, Total: 78875 ns
[2025-05-08T12:01:55.123+0000][73][info ][safepoint   ] Safepoint "Cleanup", Time since last: 3001024857 ns, Reaching safepoint: 17919 ns, Cleanup: 15514 ns, At safepoint: 7523 ns, Total: 40956 ns
[2025-05-08T12:01:56.124+0000][73][info ][safepoint   ] Safepoint "Cleanup", Time since last: 1000971952 ns, Reaching safepoint: 32757 ns, Cleanup: 21988 ns, At safepoint: 15650 ns, Total: 70395 ns
[2025-05-08T12:01:57.125+0000][73][info ][safepoint   ] Safepoint "Cleanup", Time since last: 1000961848 ns, Reaching safepoint: 31066 ns, Cleanup: 19383 ns, At safepoint: 15025 ns, Total: 65474 ns
[2025-05-08T12:02:00.126+0000][73][info ][safepoint   ] Safepoint "Cleanup", Time since last: 3001117645 ns, Reaching safepoint: 34967 ns, Cleanup: 18205 ns, At safepoint: 16339 ns, Total: 69511 ns
[2025-05-08T12:02:00.428+0000][73][info ][safepoint   ] Safepoint "ICBufferFull", Time since last: 301475186 ns, Reaching safepoint: 133469 ns, Cleanup: 187449 ns, At safepoint: 123434 ns, Total: 444352 ns
[2025-05-08T12:02:02.268+0000][73][info ][safepoint   ] Safepoint "Cleanup", Time since last: 1842761638 ns, Reaching safepoint: 31275 ns, Cleanup: 211977 ns, At safepoint: 20259 ns, Total: 263511 ns
[2025-05-08T12:02:03.269+0000][73][info ][safepoint   ] Safepoint "Cleanup", Time since last: 1000875503 ns, Reaching safepoint: 30209 ns, Cleanup: 21754 ns, At safepoint: 14659 ns, Total: 66622 ns
[2025-05-08T12:02:04.288+0000][73][info ][safepoint   ] Safepoint "Cleanup", Time since last: 1018925665 ns, Reaching safepoint: 30196 ns, Cleanup: 19014 ns, At safepoint: 15476 ns, Total: 64686 ns
[2025-05-08T12:02:05.289+0000][73][info ][safepoint   ] Safepoint "Cleanup", Time since last: 1000987436 ns, Reaching safepoint: 31090 ns, Cleanup: 39003 ns, At safepoint: 130868 ns, Total: 200961 ns
[2025-05-08T12:02:06.290+0000][73][info ][safepoint   ] Safepoint "Cleanup", Time since last: 1000757192 ns, Reaching safepoint: 30355 ns, Cleanup: 15877 ns, At safepoint: 14384 ns, Total: 60616 ns
[2025-05-08T12:02:07.291+0000][73][info ][safepoint   ] Safepoint "Cleanup", Time since last: 1001123916 ns, Reaching safepoint: 30620 ns, Cleanup: 19103 ns, At safepoint: 15300 ns, Total: 65023 ns
[2025-05-08T12:02:08.292+0000][73][info ][safepoint   ] Safepoint "Cleanup", Time since last: 1000684810 ns, Reaching safepoint: 30481 ns, Cleanup: 29990 ns, At safepoint: 9987 ns, Total: 70458 ns
[2025-05-08T12:02:09.293+0000][73][info ][safepoint   ] Safepoint "Cleanup", Time since last: 1000719686 ns, Reaching safepoint: 31610 ns, Cleanup: 19316 ns, At safepoint: 16867 ns, Total: 67793 ns
[2025-05-08T12:02:10.294+0000][73][info ][safepoint   ] Safepoint "Cleanup", Time since last: 1000870854 ns, Reaching safepoint: 31783 ns, Cleanup: 30840 ns, At safepoint: 15570 ns, Total: 78193 ns
[2025-05-08T12:02:11.295+0000][73][info ][safepoint   ] Safepoint "Cleanup", Time since last: 1000633751 ns, Reaching safepoint: 15665 ns, Cleanup: 32034 ns, At safepoint: 102091 ns, Total: 149790 ns
[2025-05-08T12:02:13.167+0000][73][info ][safepoint   ] Safepoint "Cleanup", Time since last: 1872038165 ns, Reaching safepoint: 35942 ns, Cleanup: 33549 ns, At safepoint: 19028 ns, Total: 88519 ns
[2025-05-08T12:02:14.167+0000][73][info ][safepoint   ] Safepoint "Cleanup", Time since last: 1000299041 ns, Reaching safepoint: 32116 ns, Cleanup: 16221 ns, At safepoint: 14916 ns, Total: 63253 ns
[2025-05-08T12:02:15.175+0000][73][info ][safepoint   ] Safepoint "Cleanup", Time since last: 1008107760 ns, Reaching safepoint: 42182 ns, Cleanup: 48767 ns, At safepoint: 16907 ns, Total: 107856 ns
[2025-05-08T12:02:17.038+0000][73][info ][safepoint   ] Safepoint "Cleanup", Time since last: 1862334878 ns, Reaching safepoint: 33324 ns, Cleanup: 86529 ns, At safepoint: 18796 ns, Total: 138649 ns
[2025-05-08T12:02:18.039+0000][73][info ][safepoint   ] Safepoint "Cleanup", Time since last: 1000631372 ns, Reaching safepoint: 34595 ns, Cleanup: 25697 ns, At safepoint: 18213 ns, Total: 78505 ns
[2025-05-08T12:02:20.943+0000][73][info ][safepoint   ] Safepoint "Cleanup", Time since last: 2904124521 ns, Reaching safepoint: 99179 ns, Cleanup: 25066 ns, At safepoint: 80779 ns, Total: 205024 ns
[2025-05-08T12:02:21.949+0000][73][info ][safepoint   ] Safepoint "Cleanup", Time since last: 1005567029 ns, Reaching safepoint: 36257 ns, Cleanup: 23112 ns, At safepoint: 18666 ns, Total: 78035 ns
[2025-05-08T12:02:23.184+0000][73][info ][safepoint   ] Safepoint "Cleanup", Time since last: 1234708396 ns, Reaching safepoint: 157664 ns, Cleanup: 13810 ns, At safepoint: 135116 ns, Total: 306590 ns
[2025-05-08T12:02:24.208+0000][73][info ][safepoint   ] Safepoint "Cleanup", Time since last: 1024265520 ns, Reaching safepoint: 130638 ns, Cleanup: 21539 ns, At safepoint: 131255 ns, Total: 283432 ns
[2025-05-08T12:02:25.233+0000][73][info ][safepoint   ] Safepoint "Cleanup", Time since last: 1024526718 ns, Reaching safepoint: 32536 ns, Cleanup: 28961 ns, At safepoint: 16074 ns, Total: 77571 ns
[2025-05-08T12:02:26.896+0000][73][info ][safepoint   ] Safepoint "Cleanup", Time since last: 1663059677 ns, Reaching safepoint: 33864 ns, Cleanup: 27557 ns, At safepoint: 16963 ns, Total: 78384 ns
[2025-05-08T12:02:28.897+0000][73][info ][safepoint   ] Safepoint "Cleanup", Time since last: 2001004994 ns, Reaching safepoint: 32226 ns, Cleanup: 21285 ns, At safepoint: 15574 ns, Total: 69085 ns
[2025-05-08T12:02:29.898+0000][73][info ][safepoint   ] Safepoint "Cleanup", Time since last: 1000910003 ns, Reaching safepoint: 86646 ns, Cleanup: 31574 ns, At safepoint: 8895 ns, Total: 127115 ns
[2025-05-08T12:02:32.896+0000][73][info ][safepoint   ] Safepoint "Cleanup", Time since last: 3001251764 ns, Reaching safepoint: 40086 ns, Cleanup: 22422 ns, At safepoint: 17753 ns, Total: 80261 ns
[2025-05-08T12:02:33.897+0000][73][info ][safepoint   ] Safepoint "Cleanup", Time since last: 1001369190 ns, Reaching safepoint: 32503 ns, Cleanup: 17802 ns, At safepoint: 18506 ns, Total: 68811 ns
[2025-05-08T12:02:34.898+0000][73][info ][safepoint   ] Safepoint "Cleanup", Time since last: 1000737718 ns, Reaching safepoint: 34643 ns, Cleanup: 27024 ns, At safepoint: 17320 ns, Total: 78987 ns
[2025-05-08T12:02:35.899+0000][73][info ][safepoint   ] Safepoint "Cleanup", Time since last: 1000853578 ns, Reaching safepoint: 36151 ns, Cleanup: 30346 ns, At safepoint: 16870 ns, Total: 83367 ns
[2025-05-08T12:02:36.900+0000][73][info ][safepoint   ] Safepoint "Cleanup", Time since last: 1000867538 ns, Reaching safepoint: 31804 ns, Cleanup: 81817 ns, At safepoint: 21153 ns, Total: 134774 ns
[2025-05-08T12:02:38.901+0000][73][info ][safepoint   ] Safepoint "Cleanup", Time since last: 2001055057 ns, Reaching safepoint: 35110 ns, Cleanup: 19070 ns, At safepoint: 17325 ns, Total: 71505 ns
[2025-05-08T12:02:39.902+0000][73][info ][safepoint   ] Safepoint "Cleanup", Time since last: 1000750584 ns, Reaching safepoint: 31050 ns, Cleanup: 17101 ns, At safepoint: 14546 ns, Total: 62697 ns
[2025-05-08T12:02:41.903+0000][73][info ][safepoint   ] Safepoint "Cleanup", Time since last: 2000836199 ns, Reaching safepoint: 36416 ns, Cleanup: 20765 ns, At safepoint: 19716 ns, Total: 76897 ns
[2025-05-08T12:02:43.904+0000][73][info ][safepoint   ] Safepoint "Cleanup", Time since last: 2001075144 ns, Reaching safepoint: 33476 ns, Cleanup: 20291 ns, At safepoint: 16495 ns, Total: 70262 ns
[2025-05-08T12:02:44.905+0000][73][info ][safepoint   ] Safepoint "Cleanup", Time since last: 1001052293 ns, Reaching safepoint: 70703 ns, Cleanup: 18629 ns, At safepoint: 15499 ns, Total: 104831 ns
[2025-05-08T12:02:45.906+0000][73][info ][safepoint   ] Safepoint "Cleanup", Time since last: 1000984459 ns, Reaching safepoint: 31693 ns, Cleanup: 17170 ns, At safepoint: 14741 ns, Total: 63604 ns
[2025-05-08T12:02:48.908+0000][73][info ][safepoint   ] Safepoint "Cleanup", Time since last: 3001385239 ns, Reaching safepoint: 32948 ns, Cleanup: 37548 ns, At safepoint: 16433 ns, Total: 86929 ns
[2025-05-08T12:02:50.521+0000][73][info ][safepoint   ] Safepoint "Cleanup", Time since last: 1613586942 ns, Reaching safepoint: 18999 ns, Cleanup: 30932 ns, At safepoint: 8209 ns, Total: 58140 ns
[2025-05-08T12:02:51.522+0000][73][info ][safepoint   ] Safepoint "Cleanup", Time since last: 1000796815 ns, Reaching safepoint: 17835 ns, Cleanup: 13265 ns, At safepoint: 8140 ns, Total: 39240 ns
[2025-05-08T12:02:53.146+0000][73][info ][safepoint   ] Safepoint "Cleanup", Time since last: 1623758579 ns, Reaching safepoint: 16786 ns, Cleanup: 20323 ns, At safepoint: 256259 ns, Total: 293368 ns
[2025-05-08T12:02:54.158+0000][73][info ][safepoint   ] Safepoint "Cleanup", Time since last: 1011923464 ns, Reaching safepoint: 33096 ns, Cleanup: 22244 ns, At safepoint: 18363 ns, Total: 73703 ns
[2025-05-08T12:02:55.159+0000][73][info ][safepoint   ] Safepoint "Cleanup", Time since last: 1000672280 ns, Reaching safepoint: 34972 ns, Cleanup: 25189 ns, At safepoint: 17419 ns, Total: 77580 ns
[2025-05-08T12:02:57.160+0000][73][info ][safepoint   ] Safepoint "Cleanup", Time since last: 2001022574 ns, Reaching safepoint: 91859 ns, Cleanup: 17800 ns, At safepoint: 19368 ns, Total: 129027 ns
[2025-05-08T12:02:59.161+0000][73][info ][safepoint   ] Safepoint "Cleanup", Time since last: 2000882305 ns, Reaching safepoint: 32763 ns, Cleanup: 18710 ns, At safepoint: 83342 ns, Total: 134815 ns
[2025-05-08T12:03:00.162+0000][73][info ][safepoint   ] Safepoint "Cleanup", Time since last: 1000710527 ns, Reaching safepoint: 80735 ns, Cleanup: 18838 ns, At safepoint: 36201 ns, Total: 135774 ns
[2025-05-08T12:03:01.161+0000][73][info ][safepoint   ] Safepoint "Cleanup", Time since last: 1000643784 ns, Reaching safepoint: 32373 ns, Cleanup: 18442 ns, At safepoint: 16242 ns, Total: 67057 ns
[2025-05-08T12:03:02.161+0000][73][info ][safepoint   ] Safepoint "Cleanup", Time since last: 1000644028 ns, Reaching safepoint: 18903 ns, Cleanup: 12619 ns, At safepoint: 8377 ns, Total: 39899 ns
[2025-05-08T12:03:05.163+0000][73][info ][safepoint   ] Safepoint "Cleanup", Time since last: 3001051528 ns, Reaching safepoint: 36122 ns, Cleanup: 29496 ns, At safepoint: 8248 ns, Total: 73866 ns
[2025-05-08T12:03:07.164+0000][73][info ][safepoint   ] Safepoint "Cleanup", Time since last: 2001032152 ns, Reaching safepoint: 30782 ns, Cleanup: 23209 ns, At safepoint: 16106 ns, Total: 70097 ns
[2025-05-08T12:03:08.164+0000][73][info ][safepoint   ] Safepoint "Cleanup", Time since last: 1000748081 ns, Reaching safepoint: 17850 ns, Cleanup: 14294 ns, At safepoint: 22263 ns, Total: 54407 ns
[2025-05-08T12:03:10.165+0000][73][info ][safepoint   ] Safepoint "Cleanup", Time since last: 2000900979 ns, Reaching safepoint: 26589 ns, Cleanup: 19800 ns, At safepoint: 11742 ns, Total: 58131 ns
[2025-05-08T12:03:11.166+0000][73][info ][safepoint   ] Safepoint "Cleanup", Time since last: 1000699647 ns, Reaching safepoint: 20004 ns, Cleanup: 29787 ns, At safepoint: 8723 ns, Total: 58514 ns
[2025-05-08T12:03:14.167+0000][73][info ][safepoint   ] Safepoint "Cleanup", Time since last: 3001010865 ns, Reaching safepoint: 35551 ns, Cleanup: 25284 ns, At safepoint: 18786 ns, Total: 79621 ns
[2025-05-08T12:03:15.168+0000][73][info ][safepoint   ] Safepoint "Cleanup", Time since last: 1000693078 ns, Reaching safepoint: 44916 ns, Cleanup: 21403 ns, At safepoint: 9590 ns, Total: 75909 ns
[2025-05-08T12:03:17.169+0000][73][info ][safepoint   ] Safepoint "Cleanup", Time since last: 2001049110 ns, Reaching safepoint: 33637 ns, Cleanup: 16085 ns, At safepoint: 16412 ns, Total: 66134 ns
[2025-05-08T12:03:19.978+0000][73][info ][safepoint   ] Safepoint "Cleanup", Time since last: 2808931553 ns, Reaching safepoint: 12958 ns, Cleanup: 26420 ns, At safepoint: 17933 ns, Total: 57311 ns
[2025-05-08T12:03:21.174+0000][73][info ][safepoint   ] Safepoint "Cleanup", Time since last: 1195783480 ns, Reaching safepoint: 32941 ns, Cleanup: 34307 ns, At safepoint: 15811 ns, Total: 83059 ns
[2025-05-08T12:03:23.175+0000][73][info ][safepoint   ] Safepoint "Cleanup", Time since last: 2001086919 ns, Reaching safepoint: 31868 ns, Cleanup: 23885 ns, At safepoint: 16981 ns, Total: 72734 ns
[2025-05-08T12:03:24.977+0000][73][info ][safepoint   ] Safepoint "Cleanup", Time since last: 1802232190 ns, Reaching safepoint: 6023 ns, Cleanup: 31976 ns, At safepoint: 26120 ns, Total: 64119 ns
[2025-05-08T12:03:26.168+0000][73][info ][safepoint   ] Safepoint "Cleanup", Time since last: 1189893886 ns, Reaching safepoint: 153913 ns, Cleanup: 22130 ns, At safepoint: 38788 ns, Total: 214831 ns
[2025-05-08T12:03:27.256+0000][73][info ][safepoint   ] Safepoint "Cleanup", Time since last: 1088538434 ns, Reaching safepoint: 17886 ns, Cleanup: 54564 ns, At safepoint: 8366 ns, Total: 80816 ns
[2025-05-08T12:03:28.268+0000][73][info ][safepoint   ] Safepoint "Cleanup", Time since last: 1011804066 ns, Reaching safepoint: 31482 ns, Cleanup: 26655 ns, At safepoint: 15211 ns, Total: 73348 ns
[2025-05-08T12:03:29.269+0000][73][info ][safepoint   ] Safepoint "Cleanup", Time since last: 1001054063 ns, Reaching safepoint: 36193 ns, Cleanup: 27134 ns, At safepoint: 18824 ns, Total: 82151 ns
[2025-05-08T12:03:30.270+0000][73][info ][safepoint   ] Safepoint "Cleanup", Time since last: 1000738120 ns, Reaching safepoint: 32153 ns, Cleanup: 24391 ns, At safepoint: 16111 ns, Total: 72655 ns
[2025-05-08T12:03:32.268+0000][73][info ][safepoint   ] Safepoint "Cleanup", Time since last: 2000930724 ns, Reaching safepoint: 43081 ns, Cleanup: 13176 ns, At safepoint: 7434 ns, Total: 63691 ns
[2025-05-08T12:03:35.269+0000][73][info ][safepoint   ] Safepoint "Cleanup", Time since last: 3000971316 ns, Reaching safepoint: 34361 ns, Cleanup: 26322 ns, At safepoint: 18953 ns, Total: 79636 ns
[2025-05-08T12:03:38.270+0000][73][info ][safepoint   ] Safepoint "Cleanup", Time since last: 3000925735 ns, Reaching safepoint: 119920 ns, Cleanup: 18802 ns, At safepoint: 19205 ns, Total: 157927 ns
[2025-05-08T12:03:40.271+0000][73][info ][safepoint   ] Safepoint "Cleanup", Time since last: 2000817798 ns, Reaching safepoint: 31936 ns, Cleanup: 19940 ns, At safepoint: 15268 ns, Total: 67144 ns
[2025-05-08T12:03:41.271+0000][73][info ][safepoint   ] Safepoint "Cleanup", Time since last: 1000701846 ns, Reaching safepoint: 24948 ns, Cleanup: 15635 ns, At safepoint: 9320 ns, Total: 49903 ns
[2025-05-08T12:03:44.272+0000][73][info ][safepoint   ] Safepoint "Cleanup", Time since last: 3000731451 ns, Reaching safepoint: 45304 ns, Cleanup: 14566 ns, At safepoint: 9278 ns, Total: 69148 ns
[2025-05-08T12:03:45.273+0000][73][info ][safepoint   ] Safepoint "Cleanup", Time since last: 1000765566 ns, Reaching safepoint: 42040 ns, Cleanup: 21258 ns, At safepoint: 18932 ns, Total: 82230 ns
[2025-05-08T12:03:46.274+0000][73][info ][safepoint   ] Safepoint "Cleanup", Time since last: 1000985891 ns, Reaching safepoint: 79483 ns, Cleanup: 20571 ns, At safepoint: 40810 ns, Total: 140864 ns
[2025-05-08T12:03:47.278+0000][73][info ][safepoint   ] Safepoint "Cleanup", Time since last: 1003672146 ns, Reaching safepoint: 30449 ns, Cleanup: 23930 ns, At safepoint: 11691 ns, Total: 66070 ns
[2025-05-08T12:03:50.279+0000][73][info ][safepoint   ] Safepoint "Cleanup", Time since last: 3000888692 ns, Reaching safepoint: 84408 ns, Cleanup: 16884 ns, At safepoint: 10814 ns, Total: 112106 ns
[2025-05-08T12:03:52.280+0000][73][info ][safepoint   ] Safepoint "Cleanup", Time since last: 2001200991 ns, Reaching safepoint: 97491 ns, Cleanup: 29089 ns, At safepoint: 12572 ns, Total: 139152 ns
[2025-05-08T12:03:53.281+0000][73][info ][safepoint   ] Safepoint "Cleanup", Time since last: 1000816504 ns, Reaching safepoint: 26553 ns, Cleanup: 20435 ns, At safepoint: 12812 ns, Total: 59800 ns
[2025-05-08T12:03:55.282+0000][73][info ][safepoint   ] Safepoint "Cleanup", Time since last: 2000804277 ns, Reaching safepoint: 79680 ns, Cleanup: 20915 ns, At safepoint: 13542 ns, Total: 114137 ns
[2025-05-08T12:03:57.178+0000][73][info ][safepoint   ] Safepoint "Cleanup", Time since last: 1896212389 ns, Reaching safepoint: 111223 ns, Cleanup: 16856 ns, At safepoint: 44657 ns, Total: 172736 ns
[2025-05-08T12:03:59.204+0000][73][info ][safepoint   ] Safepoint "Cleanup", Time since last: 2025544605 ns, Reaching safepoint: 30777 ns, Cleanup: 22007 ns, At safepoint: 10888 ns, Total: 63672 ns
[2025-05-08T12:04:02.202+0000][73][info ][safepoint   ] Safepoint "Cleanup", Time since last: 3001056477 ns, Reaching safepoint: 56989 ns, Cleanup: 19766 ns, At safepoint: 10989 ns, Total: 87744 ns
[2025-05-08T12:04:05.203+0000][73][info ][safepoint   ] Safepoint "Cleanup", Time since last: 3000792858 ns, Reaching safepoint: 23851 ns, Cleanup: 32369 ns, At safepoint: 41277 ns, Total: 97497 ns
[2025-05-08T12:04:07.204+0000][73][info ][safepoint   ] Safepoint "Cleanup", Time since last: 2000798633 ns, Reaching safepoint: 20016 ns, Cleanup: 15715 ns, At safepoint: 7863 ns, Total: 43594 ns
[2025-05-08T12:04:20.207+0000][73][info ][safepoint   ] Safepoint "Cleanup", Time since last: 13002626510 ns, Reaching safepoint: 74631 ns, Cleanup: 17554 ns, At safepoint: 8287 ns, Total: 100472 ns
[2025-05-08T12:04:22.110+0000][73][info ][safepoint   ] Safepoint "Cleanup", Time since last: 1902805656 ns, Reaching safepoint: 22248 ns, Cleanup: 26815 ns, At safepoint: 150555 ns, Total: 199618 ns
[2025-05-08T12:04:23.532+0000][73][info ][safepoint   ] Safepoint "Cleanup", Time since last: 1422096459 ns, Reaching safepoint: 19509 ns, Cleanup: 27332 ns, At safepoint: 7855 ns, Total: 54696 ns
[2025-05-08T12:04:27.133+0000][73][info ][safepoint   ] Safepoint "Cleanup", Time since last: 3600739342 ns, Reaching safepoint: 31931 ns, Cleanup: 15113 ns, At safepoint: 71379 ns, Total: 118423 ns
[2025-05-08T12:04:29.140+0000][73][info ][safepoint   ] Safepoint "Cleanup", Time since last: 2007080269 ns, Reaching safepoint: 56829 ns, Cleanup: 14168 ns, At safepoint: 120763 ns, Total: 191760 ns
[2025-05-08T12:04:30.219+0000][73][info ][safepoint   ] Safepoint "Cleanup", Time since last: 1079371454 ns, Reaching safepoint: 31439 ns, Cleanup: 36493 ns, At safepoint: 16272 ns, Total: 84204 ns
[2025-05-08T12:04:31.308+0000][73][info ][safepoint   ] Safepoint "Cleanup", Time since last: 1091334535 ns, Reaching safepoint: 35323 ns, Cleanup: 21810 ns, At safepoint: 17814 ns, Total: 74947 ns
[2025-05-08T12:04:32.309+0000][73][info ][safepoint   ] Safepoint "Cleanup", Time since last: 1000761809 ns, Reaching safepoint: 69244 ns, Cleanup: 22594 ns, At safepoint: 17884 ns, Total: 109722 ns
[2025-05-08T12:04:35.310+0000][73][info ][safepoint   ] Safepoint "Cleanup", Time since last: 3000954577 ns, Reaching safepoint: 25353 ns, Cleanup: 16582 ns, At safepoint: 10607 ns, Total: 52542 ns
[2025-05-08T12:04:37.311+0000][73][info ][safepoint   ] Safepoint "Cleanup", Time since last: 2000789082 ns, Reaching safepoint: 36984 ns, Cleanup: 19315 ns, At safepoint: 89553 ns, Total: 145852 ns
[2025-05-08T12:04:38.311+0000][73][info ][safepoint   ] Safepoint "Cleanup", Time since last: 1000660521 ns, Reaching safepoint: 25732 ns, Cleanup: 15410 ns, At safepoint: 9680 ns, Total: 50822 ns
[2025-05-08T12:04:40.312+0000][73][info ][safepoint   ] Safepoint "Cleanup", Time since last: 2000792176 ns, Reaching safepoint: 31590 ns, Cleanup: 16770 ns, At safepoint: 16187 ns, Total: 64547 ns
[2025-05-08T12:04:41.313+0000][73][info ][safepoint   ] Safepoint "Cleanup", Time since last: 1000587859 ns, Reaching safepoint: 23469 ns, Cleanup: 33594 ns, At safepoint: 10170 ns, Total: 67233 ns
[2025-05-08T12:04:42.314+0000][73][info ][safepoint   ] Safepoint "Cleanup", Time since last: 1000676806 ns, Reaching safepoint: 35732 ns, Cleanup: 22876 ns, At safepoint: 17288 ns, Total: 75896 ns
[2025-05-08T12:04:44.314+0000][73][info ][safepoint   ] Safepoint "Cleanup", Time since last: 2000820927 ns, Reaching safepoint: 35310 ns, Cleanup: 23334 ns, At safepoint: 19925 ns, Total: 78569 ns
[2025-05-08T12:04:45.315+0000][73][info ][safepoint   ] Safepoint "Cleanup", Time since last: 1000742503 ns, Reaching safepoint: 31855 ns, Cleanup: 19709 ns, At safepoint: 17730 ns, Total: 69294 ns
[2025-05-08T12:04:47.316+0000][73][info ][safepoint   ] Safepoint "Cleanup", Time since last: 2000875938 ns, Reaching safepoint: 46543 ns, Cleanup: 14720 ns, At safepoint: 9559 ns, Total: 70822 ns
[2025-05-08T12:04:50.317+0000][73][info ][safepoint   ] Safepoint "Cleanup", Time since last: 3000904023 ns, Reaching safepoint: 36150 ns, Cleanup: 21506 ns, At safepoint: 17288 ns, Total: 74944 ns
[2025-05-08T12:04:54.318+0000][73][info ][safepoint   ] Safepoint "Cleanup", Time since last: 4001122409 ns, Reaching safepoint: 21496 ns, Cleanup: 23425 ns, At safepoint: 8303 ns, Total: 53224 ns
[2025-05-08T12:04:55.319+0000][73][info ][safepoint   ] Safepoint "Cleanup", Time since last: 1000661991 ns, Reaching safepoint: 32322 ns, Cleanup: 19826 ns, At safepoint: 16390 ns, Total: 68538 ns
[2025-05-08T12:04:56.320+0000][73][info ][safepoint   ] Safepoint "Cleanup", Time since last: 1000755831 ns, Reaching safepoint: 31465 ns, Cleanup: 20025 ns, At safepoint: 16524 ns, Total: 68014 ns
[2025-05-08T12:04:58.321+0000][73][info ][safepoint   ] Safepoint "Cleanup", Time since last: 2000852022 ns, Reaching safepoint: 22850 ns, Cleanup: 17452 ns, At safepoint: 9675 ns, Total: 49977 ns
[2025-05-08T12:05:00.254+0000][73][info ][safepoint   ] Safepoint "Cleanup", Time since last: 1933132930 ns, Reaching safepoint: 26410 ns, Cleanup: 19878 ns, At safepoint: 12005 ns, Total: 58293 ns
[2025-05-08T12:05:04.737+0000][73][info ][safepoint   ] Safepoint "Cleanup", Time since last: 4485743525 ns, Reaching safepoint: 119679 ns, Cleanup: 25751 ns, At safepoint: 49247 ns, Total: 194677 ns
[2025-05-08T12:05:06.357+0000][73][info ][safepoint   ] Safepoint "Cleanup", Time since last: 1619390656 ns, Reaching safepoint: 34935 ns, Cleanup: 24814 ns, At safepoint: 19833 ns, Total: 79582 ns
[2025-05-08T12:05:10.369+0000][73][info ][safepoint   ] Safepoint "Cleanup", Time since last: 4012486258 ns, Reaching safepoint: 7482 ns, Cleanup: 9776 ns, At safepoint: 3407 ns, Total: 20665 ns
[2025-05-08T12:05:11.421+0000][73][info ][safepoint   ] Safepoint "Cleanup", Time since last: 1051458216 ns, Reaching safepoint: 6962 ns, Cleanup: 50645 ns, At safepoint: 14619 ns, Total: 72226 ns
[2025-05-08T12:05:13.429+0000][73][info ][safepoint   ] Safepoint "Cleanup", Time since last: 2007855657 ns, Reaching safepoint: 39300 ns, Cleanup: 27160 ns, At safepoint: 18806 ns, Total: 85266 ns
[2025-05-08T12:05:14.442+0000][73][info ][safepoint   ] Safepoint "Cleanup", Time since last: 1013017605 ns, Reaching safepoint: 34299 ns, Cleanup: 19246 ns, At safepoint: 17294 ns, Total: 70839 ns
[2025-05-08T12:05:15.443+0000][73][info ][safepoint   ] Safepoint "Cleanup", Time since last: 1000665600 ns, Reaching safepoint: 41789 ns, Cleanup: 25839 ns, At safepoint: 20757 ns, Total: 88385 ns
[2025-05-08T12:05:20.444+0000][73][info ][safepoint   ] Safepoint "Cleanup", Time since last: 5001354743 ns, Reaching safepoint: 113482 ns, Cleanup: 20344 ns, At safepoint: 36689 ns, Total: 170515 ns
[2025-05-08T12:05:21.445+0000][73][info ][safepoint   ] Safepoint "Cleanup", Time since last: 1000870909 ns, Reaching safepoint: 32988 ns, Cleanup: 19536 ns, At safepoint: 15124 ns, Total: 67648 ns
[2025-05-08T12:05:23.446+0000][73][info ][safepoint   ] Safepoint "Cleanup", Time since last: 2000911443 ns, Reaching safepoint: 33635 ns, Cleanup: 23831 ns, At safepoint: 16727 ns, Total: 74193 ns
[2025-05-08T12:05:24.447+0000][73][info ][safepoint   ] Safepoint "Cleanup", Time since last: 1000587351 ns, Reaching safepoint: 27540 ns, Cleanup: 17607 ns, At safepoint: 9976 ns, Total: 55123 ns
[2025-05-08T12:05:25.448+0000][73][info ][safepoint   ] Safepoint "Cleanup", Time since last: 1000631185 ns, Reaching safepoint: 31768 ns, Cleanup: 20819 ns, At safepoint: 15999 ns, Total: 68586 ns
[2025-05-08T12:05:27.099+0000][73][info ][safepoint   ] Safepoint "Cleanup", Time since last: 1651702847 ns, Reaching safepoint: 26194 ns, Cleanup: 49085 ns, At safepoint: 10284 ns, Total: 85563 ns
[2025-05-08T12:05:28.100+0000][73][info ][safepoint   ] Safepoint "Cleanup", Time since last: 1000643032 ns, Reaching safepoint: 32997 ns, Cleanup: 17864 ns, At safepoint: 16139 ns, Total: 67000 ns
[2025-05-08T12:05:30.101+0000][73][info ][safepoint   ] Safepoint "Cleanup", Time since last: 2000984184 ns, Reaching safepoint: 20680 ns, Cleanup: 18428 ns, At safepoint: 9015 ns, Total: 48123 ns
[2025-05-08T12:05:32.014+0000][73][info ][safepoint   ] Safepoint "Cleanup", Time since last: 1916201138 ns, Reaching safepoint: 31753 ns, Cleanup: 24671 ns, At safepoint: 15212 ns, Total: 71636 ns
[2025-05-08T12:05:33.361+0000][73][info ][safepoint   ] Safepoint "Cleanup", Time since last: 1346792225 ns, Reaching safepoint: 44766 ns, Cleanup: 41156 ns, At safepoint: 11215 ns, Total: 97137 ns
[2025-05-08T12:05:34.374+0000][73][info ][safepoint   ] Safepoint "Cleanup", Time since last: 1012763092 ns, Reaching safepoint: 37976 ns, Cleanup: 32938 ns, At safepoint: 20693 ns, Total: 91607 ns
[2025-05-08T12:05:35.374+0000][73][info ][safepoint   ] Safepoint "Cleanup", Time since last: 1000537465 ns, Reaching safepoint: 55451 ns, Cleanup: 18388 ns, At safepoint: 8452 ns, Total: 82291 ns
[2025-05-08T12:05:38.375+0000][73][info ][safepoint   ] Safepoint "Cleanup", Time since last: 3001010945 ns, Reaching safepoint: 33224 ns, Cleanup: 22822 ns, At safepoint: 16177 ns, Total: 72223 ns
[2025-05-08T12:05:41.377+0000][73][info ][safepoint   ] Safepoint "Cleanup", Time since last: 3001144379 ns, Reaching safepoint: 34118 ns, Cleanup: 23093 ns, At safepoint: 16259 ns, Total: 73470 ns
[2025-05-08T12:05:43.378+0000][73][info ][safepoint   ] Safepoint "Cleanup", Time since last: 2001038992 ns, Reaching safepoint: 121408 ns, Cleanup: 19705 ns, At safepoint: 19810 ns, Total: 160923 ns
[2025-05-08T12:05:45.379+0000][73][info ][safepoint   ] Safepoint "Cleanup", Time since last: 2000670384 ns, Reaching safepoint: 19500 ns, Cleanup: 16099 ns, At safepoint: 7787 ns, Total: 43386 ns
[2025-05-08T12:05:50.380+0000][73][info ][safepoint   ] Safepoint "Cleanup", Time since last: 5001296510 ns, Reaching safepoint: 48852 ns, Cleanup: 17304 ns, At safepoint: 8602 ns, Total: 74758 ns
[2025-05-08T12:05:52.381+0000][73][info ][safepoint   ] Safepoint "Cleanup", Time since last: 2000940841 ns, Reaching safepoint: 33135 ns, Cleanup: 17849 ns, At safepoint: 17823 ns, Total: 68807 ns
[2025-05-08T12:05:56.382+0000][73][info ][safepoint   ] Safepoint "Cleanup", Time since last: 4001223121 ns, Reaching safepoint: 24886 ns, Cleanup: 21274 ns, At safepoint: 9322 ns, Total: 55482 ns
[2025-05-08T12:05:59.384+0000][73][info ][safepoint   ] Safepoint "Cleanup", Time since last: 3001562421 ns, Reaching safepoint: 27309 ns, Cleanup: 17755 ns, At safepoint: 12111 ns, Total: 57175 ns
[2025-05-08T12:06:00.385+0000][73][info ][safepoint   ] Safepoint "Cleanup", Time since last: 1001069728 ns, Reaching safepoint: 20387 ns, Cleanup: 18404 ns, At safepoint: 9913 ns, Total: 48704 ns
[2025-05-08T12:06:02.384+0000][73][info ][safepoint   ] Safepoint "Cleanup", Time since last: 2001734853 ns, Reaching safepoint: 31885 ns, Cleanup: 16785 ns, At safepoint: 15669 ns, Total: 64339 ns
[2025-05-08T12:06:05.385+0000][73][info ][safepoint   ] Safepoint "Cleanup", Time since last: 3001175917 ns, Reaching safepoint: 20009 ns, Cleanup: 29864 ns, At safepoint: 8570 ns, Total: 58443 ns
[2025-05-08T12:06:11.387+0000][73][info ][safepoint   ] Safepoint "Cleanup", Time since last: 6001474500 ns, Reaching safepoint: 115419 ns, Cleanup: 21139 ns, At safepoint: 16340 ns, Total: 152898 ns
[2025-05-08T12:06:12.388+0000][73][info ][safepoint   ] Safepoint "Cleanup", Time since last: 1001270541 ns, Reaching safepoint: 35621 ns, Cleanup: 44825 ns, At safepoint: 18227 ns, Total: 98673 ns
[2025-05-08T12:06:14.389+0000][73][info ][safepoint   ] Safepoint "Cleanup", Time since last: 2000869007 ns, Reaching safepoint: 33432 ns, Cleanup: 23628 ns, At safepoint: 17768 ns, Total: 74828 ns
[2025-05-08T12:06:15.390+0000][73][info ][safepoint   ] Safepoint "Cleanup", Time since last: 1000828270 ns, Reaching safepoint: 32585 ns, Cleanup: 46909 ns, At safepoint: 16176 ns, Total: 95670 ns
[2025-05-08T12:06:17.204+0000][73][info ][safepoint   ] Safepoint "Cleanup", Time since last: 1813851168 ns, Reaching safepoint: 32922 ns, Cleanup: 39871 ns, At safepoint: 16610 ns, Total: 89403 ns
[2025-05-08T12:06:19.206+0000][73][info ][safepoint   ] Safepoint "Cleanup", Time since last: 2000790465 ns, Reaching safepoint: 765849 ns, Cleanup: 49954 ns, At safepoint: 134108 ns, Total: 949911 ns
[2025-05-08T12:06:20.364+0000][73][info ][safepoint   ] Safepoint "Cleanup", Time since last: 1158734099 ns, Reaching safepoint: 6589 ns, Cleanup: 36066 ns, At safepoint: 8481 ns, Total: 51136 ns
[2025-05-08T12:06:21.238+0000][73][info ][gc,heap,exit] Heap
[2025-05-08T12:06:21.239+0000][73][info ][gc,heap,exit]  garbage-first heap   total reserved 3973120K, committed 3973120K, used 1341622K [0x000000070d800000, 0x0000000800000000)
[2025-05-08T12:06:21.239+0000][73][info ][gc,heap,exit]   region size 4096K, 300 young (1228800K), 2 survivors (8192K)
[2025-05-08T12:06:21.240+0000][73][info ][gc,heap,exit]  Metaspace       used 148517K, committed 152576K, reserved 1179648K
[2025-05-08T12:06:21.240+0000][73][info ][gc,heap,exit]   class space    used 20377K, committed 22208K, reserved 1048576K
