[2025-05-08T08:46:21.955+0000][71][info][gc,init] CardTable entry size: 512
[2025-05-08T08:46:21.956+0000][71][info][gc     ] Using G1
[2025-05-08T08:46:22.707+0000][71][info][gc,init] Version: 22+36-2370 (release)
[2025-05-08T08:46:22.707+0000][71][info][gc,init] CPUs: 12 total, 12 available
[2025-05-08T08:46:22.707+0000][71][info][gc,init] Memory: 7757M
[2025-05-08T08:46:22.708+0000][71][info][gc,init] Large Page Support: Disabled
[2025-05-08T08:46:22.708+0000][71][info][gc,init] NUMA Support: Disabled
[2025-05-08T08:46:22.708+0000][71][info][gc,init] Compressed Oops: Enabled (Zero based)
[2025-05-08T08:46:22.708+0000][71][info][gc,init] Heap Region Size: 4M
[2025-05-08T08:46:22.709+0000][71][info][gc,init] Heap Min Capacity: 3880M
[2025-05-08T08:46:22.709+0000][71][info][gc,init] Heap Initial Capacity: 3880M
[2025-05-08T08:46:22.709+0000][71][info][gc,init] Heap Max Capacity: 3880M
[2025-05-08T08:46:22.710+0000][71][info][gc,init] Pre-touch: Enabled
[2025-05-08T08:46:22.710+0000][71][info][gc,init] Parallel Workers: 10
[2025-05-08T08:46:22.710+0000][71][info][gc,init] Concurrent Workers: 3
[2025-05-08T08:46:22.711+0000][71][info][gc,init] Concurrent Refinement Workers: 10
[2025-05-08T08:46:22.711+0000][71][info][gc,init] Periodic GC: Disabled
[2025-05-08T08:46:22.725+0000][71][info][gc,metaspace] CDS archive(s) mapped at: [0x00007fc396000000-0x00007fc396c74000-0x00007fc396c74000), size 13058048, SharedBaseAddress: 0x00007fc396000000, ArchiveRelocationMode: 1.
[2025-05-08T08:46:22.725+0000][71][info][gc,metaspace] Compressed class space mapped at: 0x00007fc397000000-0x00007fc3d7000000, reserved size: 1073741824
[2025-05-08T08:46:22.726+0000][71][info][gc,metaspace] Narrow klass base: 0x00007fc396000000, Narrow klass shift: 0, Narrow klass range: 0x100000000
[2025-05-08T08:46:22.968+0000][71][info][safepoint   ] Safepoint "ICBufferFull", Time since last: 237034338 ns, Reaching safepoint: 5520 ns, Cleanup: 158644 ns, At safepoint: 86002 ns, Total: 250166 ns
[2025-05-08T08:46:23.443+0000][71][info][safepoint   ] Safepoint "ICBufferFull", Time since last: 475266338 ns, Reaching safepoint: 3436 ns, Cleanup: 111255 ns, At safepoint: 8022 ns, Total: 122713 ns
[2025-05-08T08:46:23.980+0000][71][info][safepoint   ] Safepoint "ICBufferFull", Time since last: 536777361 ns, Reaching safepoint: 4043 ns, Cleanup: 119199 ns, At safepoint: 6968 ns, Total: 130210 ns
[2025-05-08T08:46:24.490+0000][71][info][safepoint   ] Safepoint "ICBufferFull", Time since last: 509439649 ns, Reaching safepoint: 6101 ns, Cleanup: 328018 ns, At safepoint: 15717 ns, Total: 349836 ns
[2025-05-08T08:46:25.068+0000][71][info][safepoint   ] Safepoint "ICBufferFull", Time since last: 577599004 ns, Reaching safepoint: 139727 ns, Cleanup: 204193 ns, At safepoint: 77314 ns, Total: 421234 ns
[2025-05-08T08:46:25.474+0000][71][info][gc,start    ] GC(0) Pause Young (Concurrent Start) (Metadata GC Threshold)
[2025-05-08T08:46:25.475+0000][71][info][gc,task     ] GC(0) Using 10 workers of 10 for evacuation
[2025-05-08T08:46:25.475+0000][71][debug][gc,age      ] GC(0) Desired survivor size 12582912 bytes, new threshold 15 (max threshold 15)
[2025-05-08T08:46:25.484+0000][71][info ][gc,phases   ] GC(0)   Pre Evacuate Collection Set: 0.51ms
[2025-05-08T08:46:25.485+0000][71][info ][gc,phases   ] GC(0)   Merge Heap Roots: 0.22ms
[2025-05-08T08:46:25.485+0000][71][info ][gc,phases   ] GC(0)   Evacuate Collection Set: 5.70ms
[2025-05-08T08:46:25.485+0000][71][info ][gc,phases   ] GC(0)   Post Evacuate Collection Set: 2.14ms
[2025-05-08T08:46:25.486+0000][71][info ][gc,phases   ] GC(0)   Other: 0.69ms
[2025-05-08T08:46:25.486+0000][71][trace][gc,age      ] GC(0) Age table with threshold 15 (max threshold 15)
[2025-05-08T08:46:25.487+0000][71][trace][gc,age      ] GC(0) - age   1:   10229368 bytes,   10229368 total
[2025-05-08T08:46:25.487+0000][71][info ][gc,heap     ] GC(0) Eden regions: 44->0(45)
[2025-05-08T08:46:25.487+0000][71][info ][gc,heap     ] GC(0) Survivor regions: 0->3(6)
[2025-05-08T08:46:25.487+0000][71][info ][gc,heap     ] GC(0) Old regions: 1->1
[2025-05-08T08:46:25.488+0000][71][info ][gc,heap     ] GC(0) Humongous regions: 0->0
[2025-05-08T08:46:25.488+0000][71][info ][gc,metaspace] GC(0) Metaspace: 20998K(21504K)->20998K(21504K) NonClass: 18614K(18880K)->18614K(18880K) Class: 2383K(2624K)->2383K(2624K)
[2025-05-08T08:46:25.489+0000][71][info ][gc          ] GC(0) Pause Young (Concurrent Start) (Metadata GC Threshold) 177M->11M(3880M) 14.242ms
[2025-05-08T08:46:25.489+0000][71][info ][gc,cpu      ] GC(0) User=0.06s Sys=0.00s Real=0.02s
[2025-05-08T08:46:25.489+0000][71][info ][gc          ] GC(1) Concurrent Mark Cycle
[2025-05-08T08:46:25.490+0000][71][info ][gc,marking  ] GC(1) Concurrent Scan Root Regions
[2025-05-08T08:46:25.490+0000][71][info ][safepoint   ] Safepoint "CollectForMetadataAllocation", Time since last: 406139195 ns, Reaching safepoint: 4866 ns, Cleanup: 95092 ns, At safepoint: 15352992 ns, Total: 15452950 ns
[2025-05-08T08:46:25.493+0000][71][info ][gc,marking  ] GC(1) Concurrent Scan Root Regions 3.326ms
[2025-05-08T08:46:25.493+0000][71][info ][gc,marking  ] GC(1) Concurrent Mark
[2025-05-08T08:46:25.494+0000][71][info ][gc,marking  ] GC(1) Concurrent Mark From Roots
[2025-05-08T08:46:25.494+0000][71][info ][gc,task     ] GC(1) Using 3 workers of 3 for marking
[2025-05-08T08:46:25.497+0000][71][info ][gc,marking  ] GC(1) Concurrent Mark From Roots 3.440ms
[2025-05-08T08:46:25.498+0000][71][info ][gc,marking  ] GC(1) Concurrent Preclean
[2025-05-08T08:46:25.498+0000][71][info ][gc,marking  ] GC(1) Concurrent Preclean 0.314ms
[2025-05-08T08:46:25.499+0000][71][info ][gc,start    ] GC(1) Pause Remark
[2025-05-08T08:46:25.502+0000][71][info ][gc          ] GC(1) Pause Remark 15M->15M(3880M) 3.360ms
[2025-05-08T08:46:25.502+0000][71][info ][gc,cpu      ] GC(1) User=0.01s Sys=0.00s Real=0.00s
[2025-05-08T08:46:25.503+0000][71][info ][safepoint   ] Safepoint "G1PauseRemark", Time since last: 8866067 ns, Reaching safepoint: 99331 ns, Cleanup: 8167 ns, At safepoint: 4195057 ns, Total: 4302555 ns
[2025-05-08T08:46:25.503+0000][71][info ][gc,marking  ] GC(1) Concurrent Mark 9.831ms
[2025-05-08T08:46:25.504+0000][71][info ][gc,marking  ] GC(1) Concurrent Rebuild Remembered Sets and Scrub Regions
[2025-05-08T08:46:25.505+0000][71][info ][gc,marking  ] GC(1) Concurrent Rebuild Remembered Sets and Scrub Regions 1.322ms
[2025-05-08T08:46:25.505+0000][71][info ][gc,start    ] GC(1) Pause Cleanup
[2025-05-08T08:46:25.506+0000][71][info ][gc          ] GC(1) Pause Cleanup 15M->15M(3880M) 0.776ms
[2025-05-08T08:46:25.507+0000][71][info ][gc,cpu      ] GC(1) User=0.00s Sys=0.01s Real=0.00s
[2025-05-08T08:46:25.507+0000][71][info ][safepoint   ] Safepoint "G1PauseCleanup", Time since last: 2650494 ns, Reaching safepoint: 3945 ns, Cleanup: 2994 ns, At safepoint: 1671974 ns, Total: 1678913 ns
[2025-05-08T08:46:25.508+0000][71][info ][gc,marking  ] GC(1) Concurrent Clear Claimed Marks
[2025-05-08T08:46:25.508+0000][71][info ][gc,marking  ] GC(1) Concurrent Clear Claimed Marks 0.344ms
[2025-05-08T08:46:25.508+0000][71][info ][gc,marking  ] GC(1) Concurrent Cleanup for Next Mark
[2025-05-08T08:46:25.513+0000][71][info ][gc,marking  ] GC(1) Concurrent Cleanup for Next Mark 4.904ms
[2025-05-08T08:46:25.513+0000][71][info ][gc          ] GC(1) Concurrent Mark Cycle 24.501ms
[2025-05-08T08:46:26.290+0000][71][info ][safepoint   ] Safepoint "ICBufferFull", Time since last: 783167003 ns, Reaching safepoint: 6991 ns, Cleanup: 106418 ns, At safepoint: 26857 ns, Total: 140266 ns
[2025-05-08T08:46:26.363+0000][71][info ][gc,start    ] GC(2) Pause Young (Prepare Mixed) (G1 Evacuation Pause)
[2025-05-08T08:46:26.364+0000][71][info ][gc,task     ] GC(2) Using 10 workers of 10 for evacuation
[2025-05-08T08:46:26.364+0000][71][debug][gc,age      ] GC(2) Desired survivor size 12582912 bytes, new threshold 15 (max threshold 15)
[2025-05-08T08:46:26.373+0000][71][info ][gc,phases   ] GC(2)   Pre Evacuate Collection Set: 0.89ms
[2025-05-08T08:46:26.374+0000][71][info ][gc,phases   ] GC(2)   Merge Heap Roots: 0.22ms
[2025-05-08T08:46:26.374+0000][71][info ][gc,phases   ] GC(2)   Evacuate Collection Set: 5.62ms
[2025-05-08T08:46:26.374+0000][71][info ][gc,phases   ] GC(2)   Post Evacuate Collection Set: 1.97ms
[2025-05-08T08:46:26.375+0000][71][info ][gc,phases   ] GC(2)   Other: 0.82ms
[2025-05-08T08:46:26.375+0000][71][trace][gc,age      ] GC(2) Age table with threshold 15 (max threshold 15)
[2025-05-08T08:46:26.375+0000][71][trace][gc,age      ] GC(2) - age   1:    6182104 bytes,    6182104 total
[2025-05-08T08:46:26.375+0000][71][trace][gc,age      ] GC(2) - age   2:    9299720 bytes,   15481824 total
[2025-05-08T08:46:26.376+0000][71][info ][gc,heap     ] GC(2) Eden regions: 45->0(44)
[2025-05-08T08:46:26.376+0000][71][info ][gc,heap     ] GC(2) Survivor regions: 3->4(6)
[2025-05-08T08:46:26.376+0000][71][info ][gc,heap     ] GC(2) Old regions: 1->1
[2025-05-08T08:46:26.376+0000][71][info ][gc,heap     ] GC(2) Humongous regions: 0->0
[2025-05-08T08:46:26.377+0000][71][info ][gc,metaspace] GC(2) Metaspace: 27542K(28160K)->27542K(28160K) NonClass: 24428K(24768K)->24428K(24768K) Class: 3114K(3392K)->3114K(3392K)
[2025-05-08T08:46:26.377+0000][71][info ][gc          ] GC(2) Pause Young (Prepare Mixed) (G1 Evacuation Pause) 191M->17M(3880M) 13.518ms
[2025-05-08T08:46:26.377+0000][71][info ][gc,cpu      ] GC(2) User=0.05s Sys=0.00s Real=0.01s
[2025-05-08T08:46:26.377+0000][71][info ][safepoint   ] Safepoint "G1CollectForAllocation", Time since last: 72730150 ns, Reaching safepoint: 6087 ns, Cleanup: 26363 ns, At safepoint: 14102574 ns, Total: 14135024 ns
[2025-05-08T08:46:26.805+0000][71][info ][safepoint   ] Safepoint "ICBufferFull", Time since last: 427324328 ns, Reaching safepoint: 5103 ns, Cleanup: 121376 ns, At safepoint: 22077 ns, Total: 148556 ns
[2025-05-08T08:46:26.970+0000][71][info ][gc,start    ] GC(3) Pause Young (Mixed) (G1 Evacuation Pause)
[2025-05-08T08:46:26.970+0000][71][info ][gc,task     ] GC(3) Using 10 workers of 10 for evacuation
[2025-05-08T08:46:26.970+0000][71][debug][gc,age      ] GC(3) Desired survivor size 12582912 bytes, new threshold 2 (max threshold 15)
[2025-05-08T08:46:26.982+0000][71][info ][gc,phases   ] GC(3)   Pre Evacuate Collection Set: 0.70ms
[2025-05-08T08:46:26.982+0000][71][info ][gc,phases   ] GC(3)   Merge Heap Roots: 0.54ms
[2025-05-08T08:46:26.983+0000][71][info ][gc,phases   ] GC(3)   Evacuate Collection Set: 8.09ms
[2025-05-08T08:46:26.983+0000][71][info ][gc,phases   ] GC(3)   Post Evacuate Collection Set: 1.51ms
[2025-05-08T08:46:26.983+0000][71][info ][gc,phases   ] GC(3)   Other: 0.88ms
[2025-05-08T08:46:26.983+0000][71][trace][gc,age      ] GC(3) Age table with threshold 2 (max threshold 15)
[2025-05-08T08:46:26.984+0000][71][trace][gc,age      ] GC(3) - age   1:    5894256 bytes,    5894256 total
[2025-05-08T08:46:26.984+0000][71][trace][gc,age      ] GC(3) - age   2:    4248200 bytes,   10142456 total
[2025-05-08T08:46:26.984+0000][71][info ][gc,heap     ] GC(3) Eden regions: 44->0(83)
[2025-05-08T08:46:26.985+0000][71][info ][gc,heap     ] GC(3) Survivor regions: 4->3(6)
[2025-05-08T08:46:26.985+0000][71][info ][gc,heap     ] GC(3) Old regions: 1->3
[2025-05-08T08:46:26.985+0000][71][info ][gc,heap     ] GC(3) Humongous regions: 0->0
[2025-05-08T08:46:26.986+0000][71][info ][gc,metaspace] GC(3) Metaspace: 29021K(29696K)->29021K(29696K) NonClass: 25626K(25984K)->25626K(25984K) Class: 3394K(3712K)->3394K(3712K)
[2025-05-08T08:46:26.986+0000][71][info ][gc          ] GC(3) Pause Young (Mixed) (G1 Evacuation Pause) 193M->21M(3880M) 16.622ms
[2025-05-08T08:46:26.987+0000][71][info ][gc,cpu      ] GC(3) User=0.03s Sys=0.03s Real=0.01s
[2025-05-08T08:46:26.987+0000][71][info ][safepoint   ] Safepoint "G1CollectForAllocation", Time since last: 164670185 ns, Reaching safepoint: 6789 ns, Cleanup: 65801 ns, At safepoint: 17488401 ns, Total: 17560991 ns
[2025-05-08T08:46:27.446+0000][71][info ][safepoint   ] Safepoint "ICBufferFull", Time since last: 458697992 ns, Reaching safepoint: 101992 ns, Cleanup: 123324 ns, At safepoint: 26548 ns, Total: 251864 ns
[2025-05-08T08:46:27.615+0000][71][info ][gc,start    ] GC(4) Pause Young (Normal) (G1 Evacuation Pause)
[2025-05-08T08:46:27.615+0000][71][info ][gc,task     ] GC(4) Using 10 workers of 10 for evacuation
[2025-05-08T08:46:27.616+0000][71][debug][gc,age      ] GC(4) Desired survivor size 23068672 bytes, new threshold 15 (max threshold 15)
[2025-05-08T08:46:27.623+0000][71][info ][gc,phases   ] GC(4)   Pre Evacuate Collection Set: 0.60ms
[2025-05-08T08:46:27.624+0000][71][info ][gc,phases   ] GC(4)   Merge Heap Roots: 0.23ms
[2025-05-08T08:46:27.624+0000][71][info ][gc,phases   ] GC(4)   Evacuate Collection Set: 3.63ms
[2025-05-08T08:46:27.624+0000][71][info ][gc,phases   ] GC(4)   Post Evacuate Collection Set: 2.28ms
[2025-05-08T08:46:27.626+0000][71][info ][gc,phases   ] GC(4)   Other: 0.85ms
[2025-05-08T08:46:27.626+0000][71][trace][gc,age      ] GC(4) Age table with threshold 15 (max threshold 15)
[2025-05-08T08:46:27.626+0000][71][trace][gc,age      ] GC(4) - age   1:    3230928 bytes,    3230928 total
[2025-05-08T08:46:27.627+0000][71][trace][gc,age      ] GC(4) - age   2:    4114184 bytes,    7345112 total
[2025-05-08T08:46:27.627+0000][71][trace][gc,age      ] GC(4) - age   3:    4247240 bytes,   11592352 total
[2025-05-08T08:46:27.627+0000][71][info ][gc,heap     ] GC(4) Eden regions: 83->0(138)
[2025-05-08T08:46:27.627+0000][71][info ][gc,heap     ] GC(4) Survivor regions: 3->4(11)
[2025-05-08T08:46:27.628+0000][71][info ][gc,heap     ] GC(4) Old regions: 3->3
[2025-05-08T08:46:27.628+0000][71][info ][gc,heap     ] GC(4) Humongous regions: 0->0
[2025-05-08T08:46:27.628+0000][71][info ][gc,metaspace] GC(4) Metaspace: 29899K(30656K)->29899K(30656K) NonClass: 26395K(26816K)->26395K(26816K) Class: 3504K(3840K)->3504K(3840K)
[2025-05-08T08:46:27.629+0000][71][info ][gc          ] GC(4) Pause Young (Normal) (G1 Evacuation Pause) 353M->22M(3880M) 13.620ms
[2025-05-08T08:46:27.629+0000][71][info ][gc,cpu      ] GC(4) User=0.03s Sys=0.00s Real=0.02s
[2025-05-08T08:46:27.629+0000][71][info ][safepoint   ] Safepoint "G1CollectForAllocation", Time since last: 168949747 ns, Reaching safepoint: 6683 ns, Cleanup: 33725 ns, At safepoint: 14148584 ns, Total: 14188992 ns
[2025-05-08T08:46:28.301+0000][71][info ][gc,start    ] GC(5) Pause Young (Concurrent Start) (Metadata GC Threshold)
[2025-05-08T08:46:28.301+0000][71][info ][gc,task     ] GC(5) Using 10 workers of 10 for evacuation
[2025-05-08T08:46:28.302+0000][71][debug][gc,age      ] GC(5) Desired survivor size 37748736 bytes, new threshold 15 (max threshold 15)
[2025-05-08T08:46:28.308+0000][71][info ][gc,phases   ] GC(5)   Pre Evacuate Collection Set: 0.82ms
[2025-05-08T08:46:28.308+0000][71][info ][gc,phases   ] GC(5)   Merge Heap Roots: 0.10ms
[2025-05-08T08:46:28.309+0000][71][info ][gc,phases   ] GC(5)   Evacuate Collection Set: 3.30ms
[2025-05-08T08:46:28.309+0000][71][info ][gc,phases   ] GC(5)   Post Evacuate Collection Set: 0.98ms
[2025-05-08T08:46:28.309+0000][71][info ][gc,phases   ] GC(5)   Other: 1.54ms
[2025-05-08T08:46:28.310+0000][71][trace][gc,age      ] GC(5) Age table with threshold 15 (max threshold 15)
[2025-05-08T08:46:28.310+0000][71][trace][gc,age      ] GC(5) - age   1:    3808112 bytes,    3808112 total
[2025-05-08T08:46:28.310+0000][71][trace][gc,age      ] GC(5) - age   2:    3023296 bytes,    6831408 total
[2025-05-08T08:46:28.310+0000][71][trace][gc,age      ] GC(5) - age   3:    4110088 bytes,   10941496 total
[2025-05-08T08:46:28.311+0000][71][trace][gc,age      ] GC(5) - age   4:    4246088 bytes,   15187584 total
[2025-05-08T08:46:28.311+0000][71][info ][gc,heap     ] GC(5) Eden regions: 31->0(317)
[2025-05-08T08:46:28.312+0000][71][info ][gc,heap     ] GC(5) Survivor regions: 4->4(18)
[2025-05-08T08:46:28.312+0000][71][info ][gc,heap     ] GC(5) Old regions: 3->3
[2025-05-08T08:46:28.313+0000][71][info ][gc,heap     ] GC(5) Humongous regions: 0->0
[2025-05-08T08:46:28.313+0000][71][info ][gc,metaspace] GC(5) Metaspace: 35226K(35968K)->35226K(35968K) NonClass: 31132K(31552K)->31132K(31552K) Class: 4093K(4416K)->4093K(4416K)
[2025-05-08T08:46:28.313+0000][71][info ][gc          ] GC(5) Pause Young (Concurrent Start) (Metadata GC Threshold) 144M->26M(3880M) 12.697ms
[2025-05-08T08:46:28.314+0000][71][info ][gc,cpu      ] GC(5) User=0.02s Sys=0.01s Real=0.01s
[2025-05-08T08:46:28.314+0000][71][info ][gc          ] GC(6) Concurrent Mark Cycle
[2025-05-08T08:46:28.315+0000][71][info ][gc,marking  ] GC(6) Concurrent Scan Root Regions
[2025-05-08T08:46:28.314+0000][71][info ][safepoint   ] Safepoint "CollectForMetadataAllocation", Time since last: 671406377 ns, Reaching safepoint: 3623 ns, Cleanup: 76232 ns, At safepoint: 13693632 ns, Total: 13773487 ns
[2025-05-08T08:46:28.318+0000][71][info ][gc,marking  ] GC(6) Concurrent Scan Root Regions 2.760ms
[2025-05-08T08:46:28.318+0000][71][info ][gc,marking  ] GC(6) Concurrent Mark
[2025-05-08T08:46:28.319+0000][71][info ][gc,marking  ] GC(6) Concurrent Mark From Roots
[2025-05-08T08:46:28.319+0000][71][info ][gc,task     ] GC(6) Using 3 workers of 3 for marking
[2025-05-08T08:46:28.326+0000][71][info ][gc,marking  ] GC(6) Concurrent Mark From Roots 7.266ms
[2025-05-08T08:46:28.327+0000][71][info ][gc,marking  ] GC(6) Concurrent Preclean
[2025-05-08T08:46:28.327+0000][71][info ][gc,marking  ] GC(6) Concurrent Preclean 0.544ms
[2025-05-08T08:46:28.328+0000][71][info ][gc,start    ] GC(6) Pause Remark
[2025-05-08T08:46:28.334+0000][71][info ][gc          ] GC(6) Pause Remark 32M->32M(3880M) 6.192ms
[2025-05-08T08:46:28.335+0000][71][info ][gc,cpu      ] GC(6) User=0.02s Sys=0.01s Real=0.00s
[2025-05-08T08:46:28.335+0000][71][info ][safepoint   ] Safepoint "G1PauseRemark", Time since last: 13327925 ns, Reaching safepoint: 190476 ns, Cleanup: 19909 ns, At safepoint: 7142566 ns, Total: 7352951 ns
[2025-05-08T08:46:28.336+0000][71][info ][gc,marking  ] GC(6) Concurrent Mark 17.343ms
[2025-05-08T08:46:28.336+0000][71][info ][gc,marking  ] GC(6) Concurrent Rebuild Remembered Sets and Scrub Regions
[2025-05-08T08:46:28.338+0000][71][info ][gc,marking  ] GC(6) Concurrent Rebuild Remembered Sets and Scrub Regions 2.445ms
[2025-05-08T08:46:28.339+0000][71][info ][gc,start    ] GC(6) Pause Cleanup
[2025-05-08T08:46:28.340+0000][71][info ][gc          ] GC(6) Pause Cleanup 32M->32M(3880M) 0.943ms
[2025-05-08T08:46:28.340+0000][71][info ][gc,cpu      ] GC(6) User=0.01s Sys=0.00s Real=0.00s
[2025-05-08T08:46:28.341+0000][71][info ][safepoint   ] Safepoint "G1PauseCleanup", Time since last: 3988761 ns, Reaching safepoint: 5016 ns, Cleanup: 8427 ns, At safepoint: 1920945 ns, Total: 1934388 ns
[2025-05-08T08:46:28.341+0000][71][info ][gc,marking  ] GC(6) Concurrent Clear Claimed Marks
[2025-05-08T08:46:28.342+0000][71][info ][gc,marking  ] GC(6) Concurrent Clear Claimed Marks 0.448ms
[2025-05-08T08:46:28.342+0000][71][info ][gc,marking  ] GC(6) Concurrent Cleanup for Next Mark
[2025-05-08T08:46:28.347+0000][71][info ][gc,marking  ] GC(6) Concurrent Cleanup for Next Mark 4.860ms
[2025-05-08T08:46:28.348+0000][71][info ][gc          ] GC(6) Concurrent Mark Cycle 33.903ms
[2025-05-08T08:46:29.342+0000][71][info ][safepoint   ] Safepoint "Cleanup", Time since last: 1000610050 ns, Reaching safepoint: 203452 ns, Cleanup: 196355 ns, At safepoint: 65947 ns, Total: 465754 ns
[2025-05-08T08:46:29.932+0000][71][info ][safepoint   ] Safepoint "ICBufferFull", Time since last: 593848989 ns, Reaching safepoint: 5870 ns, Cleanup: 485341 ns, At safepoint: 22041 ns, Total: 513252 ns
[2025-05-08T08:46:30.858+0000][71][info ][safepoint   ] Safepoint "ICBufferFull", Time since last: 926322679 ns, Reaching safepoint: 4561 ns, Cleanup: 126465 ns, At safepoint: 8614 ns, Total: 139640 ns
[2025-05-08T08:46:31.749+0000][71][info ][gc,start    ] GC(7) Pause Young (Concurrent Start) (Metadata GC Threshold)
[2025-05-08T08:46:31.750+0000][71][info ][gc,task     ] GC(7) Using 10 workers of 10 for evacuation
[2025-05-08T08:46:31.750+0000][71][debug][gc,age      ] GC(7) Desired survivor size 85983232 bytes, new threshold 15 (max threshold 15)
[2025-05-08T08:46:31.766+0000][71][info ][gc,phases   ] GC(7)   Pre Evacuate Collection Set: 0.53ms
[2025-05-08T08:46:31.766+0000][71][info ][gc,phases   ] GC(7)   Merge Heap Roots: 0.84ms
[2025-05-08T08:46:31.767+0000][71][info ][gc,phases   ] GC(7)   Evacuate Collection Set: 10.36ms
[2025-05-08T08:46:31.767+0000][71][info ][gc,phases   ] GC(7)   Post Evacuate Collection Set: 3.44ms
[2025-05-08T08:46:31.768+0000][71][info ][gc,phases   ] GC(7)   Other: 1.07ms
[2025-05-08T08:46:31.768+0000][71][trace][gc,age      ] GC(7) Age table with threshold 15 (max threshold 15)
[2025-05-08T08:46:31.769+0000][71][trace][gc,age      ] GC(7) - age   1:   14996992 bytes,   14996992 total
[2025-05-08T08:46:31.769+0000][71][trace][gc,age      ] GC(7) - age   2:    3755880 bytes,   18752872 total
[2025-05-08T08:46:31.769+0000][71][trace][gc,age      ] GC(7) - age   3:    3015968 bytes,   21768840 total
[2025-05-08T08:46:31.770+0000][71][trace][gc,age      ] GC(7) - age   4:    4094056 bytes,   25862896 total
[2025-05-08T08:46:31.770+0000][71][trace][gc,age      ] GC(7) - age   5:    4230768 bytes,   30093664 total
[2025-05-08T08:46:31.771+0000][71][info ][gc,heap     ] GC(7) Eden regions: 238->0(395)
[2025-05-08T08:46:31.771+0000][71][info ][gc,heap     ] GC(7) Survivor regions: 4->8(41)
[2025-05-08T08:46:31.772+0000][71][info ][gc,heap     ] GC(7) Old regions: 3->3
[2025-05-08T08:46:31.772+0000][71][info ][gc,heap     ] GC(7) Humongous regions: 0->0
[2025-05-08T08:46:31.773+0000][71][info ][gc,metaspace] GC(7) Metaspace: 58891K(60160K)->58891K(60160K) NonClass: 51455K(52224K)->51455K(52224K) Class: 7435K(7936K)->7435K(7936K)
[2025-05-08T08:46:31.773+0000][71][info ][gc          ] GC(7) Pause Young (Concurrent Start) (Metadata GC Threshold) 978M->41M(3880M) 23.874ms
[2025-05-08T08:46:31.774+0000][71][info ][gc          ] GC(8) Concurrent Mark Cycle
[2025-05-08T08:46:31.774+0000][71][info ][gc,marking  ] GC(8) Concurrent Scan Root Regions
[2025-05-08T08:46:31.774+0000][71][info ][gc,cpu      ] GC(7) User=0.09s Sys=0.01s Real=0.03s
[2025-05-08T08:46:31.775+0000][71][info ][safepoint   ] Safepoint "CollectForMetadataAllocation", Time since last: 890899763 ns, Reaching safepoint: 5887 ns, Cleanup: 141936 ns, At safepoint: 25687097 ns, Total: 25834920 ns
[2025-05-08T08:46:31.780+0000][71][info ][gc,marking  ] GC(8) Concurrent Scan Root Regions 6.357ms
[2025-05-08T08:46:31.781+0000][71][info ][gc,marking  ] GC(8) Concurrent Mark
[2025-05-08T08:46:31.781+0000][71][info ][gc,marking  ] GC(8) Concurrent Mark From Roots
[2025-05-08T08:46:31.781+0000][71][info ][gc,task     ] GC(8) Using 3 workers of 3 for marking
[2025-05-08T08:46:31.788+0000][71][info ][gc,marking  ] GC(8) Concurrent Mark From Roots 6.629ms
[2025-05-08T08:46:31.788+0000][71][info ][gc,marking  ] GC(8) Concurrent Preclean
[2025-05-08T08:46:31.789+0000][71][info ][gc,marking  ] GC(8) Concurrent Preclean 0.591ms
[2025-05-08T08:46:31.789+0000][71][info ][gc,start    ] GC(8) Pause Remark
[2025-05-08T08:46:31.796+0000][71][info ][gc          ] GC(8) Pause Remark 45M->45M(3880M) 6.162ms
[2025-05-08T08:46:31.796+0000][71][info ][gc,cpu      ] GC(8) User=0.02s Sys=0.00s Real=0.01s
[2025-05-08T08:46:31.796+0000][71][info ][safepoint   ] Safepoint "G1PauseRemark", Time since last: 14411521 ns, Reaching safepoint: 251503 ns, Cleanup: 10218 ns, At safepoint: 6988771 ns, Total: 7250492 ns
[2025-05-08T08:46:31.797+0000][71][info ][gc,marking  ] GC(8) Concurrent Mark 16.235ms
[2025-05-08T08:46:31.797+0000][71][info ][gc,marking  ] GC(8) Concurrent Rebuild Remembered Sets and Scrub Regions
[2025-05-08T08:46:31.801+0000][71][info ][gc,marking  ] GC(8) Concurrent Rebuild Remembered Sets and Scrub Regions 4.125ms
[2025-05-08T08:46:31.802+0000][71][info ][gc,start    ] GC(8) Pause Cleanup
[2025-05-08T08:46:31.803+0000][71][info ][gc          ] GC(8) Pause Cleanup 45M->45M(3880M) 0.763ms
[2025-05-08T08:46:31.803+0000][71][info ][gc,cpu      ] GC(8) User=0.00s Sys=0.00s Real=0.00s
[2025-05-08T08:46:31.804+0000][71][info ][safepoint   ] Safepoint "G1PauseCleanup", Time since last: 5437296 ns, Reaching safepoint: 128360 ns, Cleanup: 14658 ns, At safepoint: 1600950 ns, Total: 1743968 ns
[2025-05-08T08:46:31.804+0000][71][info ][gc,marking  ] GC(8) Concurrent Clear Claimed Marks
[2025-05-08T08:46:31.805+0000][71][info ][gc,marking  ] GC(8) Concurrent Clear Claimed Marks 0.476ms
[2025-05-08T08:46:31.805+0000][71][info ][gc,marking  ] GC(8) Concurrent Cleanup for Next Mark
[2025-05-08T08:46:31.808+0000][71][info ][gc,marking  ] GC(8) Concurrent Cleanup for Next Mark 3.041ms
[2025-05-08T08:46:31.809+0000][71][info ][gc          ] GC(8) Concurrent Mark Cycle 35.003ms
[2025-05-08T08:46:33.262+0000][71][info ][safepoint   ] Safepoint "Cleanup", Time since last: 1458449481 ns, Reaching safepoint: 100552 ns, Cleanup: 107734 ns, At safepoint: 32359 ns, Total: 240645 ns
[2025-05-08T08:46:34.263+0000][71][info ][safepoint   ] Safepoint "Cleanup", Time since last: 1000701606 ns, Reaching safepoint: 7793 ns, Cleanup: 227452 ns, At safepoint: 68225 ns, Total: 303470 ns
[2025-05-08T08:46:35.361+0000][71][info ][safepoint   ] Safepoint "Cleanup", Time since last: 1097204052 ns, Reaching safepoint: 147094 ns, Cleanup: 203642 ns, At safepoint: 73144 ns, Total: 423880 ns
[2025-05-08T08:46:36.862+0000][71][info ][safepoint   ] Safepoint "Cleanup", Time since last: 1500976428 ns, Reaching safepoint: 3675 ns, Cleanup: 118244 ns, At safepoint: 27015 ns, Total: 148934 ns
[2025-05-08T08:46:38.028+0000][71][info ][safepoint   ] Safepoint "Cleanup", Time since last: 1165087423 ns, Reaching safepoint: 163499 ns, Cleanup: 105263 ns, At safepoint: 74118 ns, Total: 342880 ns
[2025-05-08T08:46:38.841+0000][71][info ][gc,start    ] GC(9) Pause Young (Concurrent Start) (Metadata GC Threshold)
[2025-05-08T08:46:38.842+0000][71][info ][gc,task     ] GC(9) Using 10 workers of 10 for evacuation
[2025-05-08T08:46:38.843+0000][71][debug][gc,age      ] GC(9) Desired survivor size 106954752 bytes, new threshold 15 (max threshold 15)
[2025-05-08T08:46:38.862+0000][71][info ][gc,phases   ] GC(9)   Pre Evacuate Collection Set: 0.47ms
[2025-05-08T08:46:38.863+0000][71][info ][gc,phases   ] GC(9)   Merge Heap Roots: 0.23ms
[2025-05-08T08:46:38.863+0000][71][info ][gc,phases   ] GC(9)   Evacuate Collection Set: 14.18ms
[2025-05-08T08:46:38.864+0000][71][info ][gc,phases   ] GC(9)   Post Evacuate Collection Set: 4.29ms
[2025-05-08T08:46:38.864+0000][71][info ][gc,phases   ] GC(9)   Other: 0.80ms
[2025-05-08T08:46:38.865+0000][71][trace][gc,age      ] GC(9) Age table with threshold 15 (max threshold 15)
[2025-05-08T08:46:38.865+0000][71][trace][gc,age      ] GC(9) - age   1:   21028416 bytes,   21028416 total
[2025-05-08T08:46:38.865+0000][71][trace][gc,age      ] GC(9) - age   2:   14328120 bytes,   35356536 total
[2025-05-08T08:46:38.866+0000][71][trace][gc,age      ] GC(9) - age   3:    3729888 bytes,   39086424 total
[2025-05-08T08:46:38.866+0000][71][trace][gc,age      ] GC(9) - age   4:    2990448 bytes,   42076872 total
[2025-05-08T08:46:38.866+0000][71][trace][gc,age      ] GC(9) - age   5:    4076688 bytes,   46153560 total
[2025-05-08T08:46:38.867+0000][71][trace][gc,age      ] GC(9) - age   6:    4201464 bytes,   50355024 total
[2025-05-08T08:46:38.867+0000][71][info ][gc,heap     ] GC(9) Eden regions: 206->0(384)
[2025-05-08T08:46:38.868+0000][71][info ][gc,heap     ] GC(9) Survivor regions: 8->14(51)
[2025-05-08T08:46:38.868+0000][71][info ][gc,heap     ] GC(9) Old regions: 3->3
[2025-05-08T08:46:38.868+0000][71][info ][gc,heap     ] GC(9) Humongous regions: 0->0
[2025-05-08T08:46:38.869+0000][71][info ][gc,metaspace] GC(9) Metaspace: 98683K(100480K)->98683K(100480K) NonClass: 85607K(86720K)->85607K(86720K) Class: 13076K(13760K)->13076K(13760K)
[2025-05-08T08:46:38.869+0000][71][info ][gc          ] GC(9) Pause Young (Concurrent Start) (Metadata GC Threshold) 865M->62M(3880M) 28.456ms
[2025-05-08T08:46:38.870+0000][71][info ][gc,cpu      ] GC(9) User=0.11s Sys=0.01s Real=0.03s
[2025-05-08T08:46:38.870+0000][71][info ][gc          ] GC(10) Concurrent Mark Cycle
[2025-05-08T08:46:38.870+0000][71][info ][gc,marking  ] GC(10) Concurrent Scan Root Regions
[2025-05-08T08:46:38.871+0000][71][info ][safepoint   ] Safepoint "CollectForMetadataAllocation", Time since last: 813064941 ns, Reaching safepoint: 5155 ns, Cleanup: 93874 ns, At safepoint: 29842021 ns, Total: 29941050 ns
[2025-05-08T08:46:38.881+0000][71][info ][gc,marking  ] GC(10) Concurrent Scan Root Regions 10.617ms
[2025-05-08T08:46:38.881+0000][71][info ][gc,marking  ] GC(10) Concurrent Mark
[2025-05-08T08:46:38.882+0000][71][info ][gc,marking  ] GC(10) Concurrent Mark From Roots
[2025-05-08T08:46:38.882+0000][71][info ][gc,task     ] GC(10) Using 3 workers of 3 for marking
[2025-05-08T08:46:38.890+0000][71][info ][gc,marking  ] GC(10) Concurrent Mark From Roots 8.204ms
[2025-05-08T08:46:38.890+0000][71][info ][gc,marking  ] GC(10) Concurrent Preclean
[2025-05-08T08:46:38.891+0000][71][info ][gc,marking  ] GC(10) Concurrent Preclean 0.430ms
[2025-05-08T08:46:38.891+0000][71][info ][gc,start    ] GC(10) Pause Remark
[2025-05-08T08:46:38.898+0000][71][info ][gc          ] GC(10) Pause Remark 68M->68M(3880M) 6.652ms
[2025-05-08T08:46:38.898+0000][71][info ][gc,cpu      ] GC(10) User=0.03s Sys=0.00s Real=0.01s
[2025-05-08T08:46:38.899+0000][71][info ][safepoint   ] Safepoint "G1PauseRemark", Time since last: 20835526 ns, Reaching safepoint: 6044 ns, Cleanup: 13951 ns, At safepoint: 7922263 ns, Total: 7942258 ns
[2025-05-08T08:46:38.900+0000][71][info ][gc,marking  ] GC(10) Concurrent Mark 18.470ms
[2025-05-08T08:46:38.900+0000][71][info ][gc,marking  ] GC(10) Concurrent Rebuild Remembered Sets and Scrub Regions
[2025-05-08T08:46:38.903+0000][71][info ][gc,marking  ] GC(10) Concurrent Rebuild Remembered Sets and Scrub Regions 2.835ms
[2025-05-08T08:46:38.904+0000][71][info ][gc,start    ] GC(10) Pause Cleanup
[2025-05-08T08:46:38.904+0000][71][info ][gc          ] GC(10) Pause Cleanup 68M->68M(3880M) 0.511ms
[2025-05-08T08:46:38.905+0000][71][info ][gc,cpu      ] GC(10) User=0.00s Sys=0.00s Real=0.00s
[2025-05-08T08:46:38.905+0000][71][info ][safepoint   ] Safepoint "G1PauseCleanup", Time since last: 4364685 ns, Reaching safepoint: 5364 ns, Cleanup: 13174 ns, At safepoint: 1597534 ns, Total: 1616072 ns
[2025-05-08T08:46:38.906+0000][71][info ][gc,marking  ] GC(10) Concurrent Clear Claimed Marks
[2025-05-08T08:46:38.906+0000][71][info ][gc,marking  ] GC(10) Concurrent Clear Claimed Marks 0.466ms
[2025-05-08T08:46:38.907+0000][71][info ][gc,marking  ] GC(10) Concurrent Cleanup for Next Mark
[2025-05-08T08:46:38.909+0000][71][info ][gc,marking  ] GC(10) Concurrent Cleanup for Next Mark 2.697ms
[2025-05-08T08:46:38.910+0000][71][info ][gc          ] GC(10) Concurrent Mark Cycle 40.267ms
[2025-05-08T08:46:40.311+0000][71][info ][safepoint   ] Safepoint "Cleanup", Time since last: 1405462748 ns, Reaching safepoint: 107371 ns, Cleanup: 122288 ns, At safepoint: 24952 ns, Total: 254611 ns
[2025-05-08T08:46:41.108+0000][71][info ][safepoint   ] Safepoint "ICBufferFull", Time since last: 796572848 ns, Reaching safepoint: 6971 ns, Cleanup: 138157 ns, At safepoint: 25179 ns, Total: 170307 ns
[2025-05-08T08:46:41.269+0000][71][info ][safepoint   ] Safepoint "ICBufferFull", Time since last: 160780737 ns, Reaching safepoint: 8753 ns, Cleanup: 142536 ns, At safepoint: 83365 ns, Total: 234654 ns
[2025-05-08T08:46:41.512+0000][71][info ][safepoint   ] Safepoint "ICBufferFull", Time since last: 243137246 ns, Reaching safepoint: 5006 ns, Cleanup: 80915 ns, At safepoint: 26316 ns, Total: 112237 ns
[2025-05-08T08:46:42.066+0000][71][info ][safepoint   ] Safepoint "ICBufferFull", Time since last: 552695157 ns, Reaching safepoint: 736834 ns, Cleanup: 168433 ns, At safepoint: 151222 ns, Total: 1056489 ns
[2025-05-08T08:46:42.287+0000][71][info ][safepoint   ] Safepoint "ICBufferFull", Time since last: 220665275 ns, Reaching safepoint: 395695 ns, Cleanup: 75664 ns, At safepoint: 33799 ns, Total: 505158 ns
[2025-05-08T08:46:42.725+0000][71][info ][safepoint   ] Safepoint "ICBufferFull", Time since last: 437537137 ns, Reaching safepoint: 149311 ns, Cleanup: 241853 ns, At safepoint: 153414 ns, Total: 544578 ns
[2025-05-08T08:46:42.953+0000][71][info ][safepoint   ] Safepoint "ICBufferFull", Time since last: 227677278 ns, Reaching safepoint: 173524 ns, Cleanup: 213726 ns, At safepoint: 128757 ns, Total: 516007 ns
[2025-05-08T08:46:43.352+0000][71][info ][safepoint   ] Safepoint "ICBufferFull", Time since last: 398209972 ns, Reaching safepoint: 182539 ns, Cleanup: 124542 ns, At safepoint: 41530 ns, Total: 348611 ns
[2025-05-08T08:46:43.729+0000][71][info ][safepoint   ] Safepoint "ICBufferFull", Time since last: 376325637 ns, Reaching safepoint: 237628 ns, Cleanup: 85023 ns, At safepoint: 126871 ns, Total: 449522 ns
[2025-05-08T08:46:43.730+0000][71][info ][safepoint   ] Safepoint "ICBufferFull", Time since last: 751806 ns, Reaching safepoint: 135239 ns, Cleanup: 5103 ns, At safepoint: 126356 ns, Total: 266698 ns
[2025-05-08T08:46:44.015+0000][71][info ][safepoint   ] Safepoint "ICBufferFull", Time since last: 282402346 ns, Reaching safepoint: 937805 ns, Cleanup: 111225 ns, At safepoint: 1858867 ns, Total: 2907897 ns
[2025-05-08T08:46:44.408+0000][71][info ][safepoint   ] Safepoint "ICBufferFull", Time since last: 392668326 ns, Reaching safepoint: 15456 ns, Cleanup: 106420 ns, At safepoint: 53499 ns, Total: 175375 ns
[2025-05-08T08:46:44.613+0000][71][info ][safepoint   ] Safepoint "ICBufferFull", Time since last: 203927160 ns, Reaching safepoint: 779378 ns, Cleanup: 94951 ns, At safepoint: 51997 ns, Total: 926326 ns
[2025-05-08T08:46:44.614+0000][71][info ][safepoint   ] Safepoint "ICBufferFull", Time since last: 1440122 ns, Reaching safepoint: 14002 ns, Cleanup: 8792 ns, At safepoint: 9030 ns, Total: 31824 ns
[2025-05-08T08:46:44.773+0000][71][info ][safepoint   ] Safepoint "ICBufferFull", Time since last: 158648534 ns, Reaching safepoint: 138992 ns, Cleanup: 103373 ns, At safepoint: 95385 ns, Total: 337750 ns
[2025-05-08T08:46:44.774+0000][71][info ][safepoint   ] Safepoint "ICBufferFull", Time since last: 706947 ns, Reaching safepoint: 13233 ns, Cleanup: 3623 ns, At safepoint: 55947 ns, Total: 72803 ns
[2025-05-08T08:46:45.442+0000][71][info ][safepoint   ] Safepoint "ICBufferFull", Time since last: 667672713 ns, Reaching safepoint: 14254 ns, Cleanup: 98390 ns, At safepoint: 33622 ns, Total: 146266 ns
[2025-05-08T08:46:45.803+0000][71][info ][safepoint   ] Safepoint "ICBufferFull", Time since last: 361667328 ns, Reaching safepoint: 13982 ns, Cleanup: 83486 ns, At safepoint: 53624 ns, Total: 151092 ns
[2025-05-08T08:46:46.532+0000][71][info ][safepoint   ] Safepoint "ICBufferFull", Time since last: 728709931 ns, Reaching safepoint: 21599 ns, Cleanup: 143112 ns, At safepoint: 93234 ns, Total: 257945 ns
[2025-05-08T08:46:47.278+0000][71][info ][safepoint   ] Safepoint "ICBufferFull", Time since last: 745870357 ns, Reaching safepoint: 15732 ns, Cleanup: 91134 ns, At safepoint: 44341 ns, Total: 151207 ns
[2025-05-08T08:46:48.985+0000][71][info ][safepoint   ] Safepoint "ICBufferFull", Time since last: 1706017210 ns, Reaching safepoint: 10452 ns, Cleanup: 98410 ns, At safepoint: 6391 ns, Total: 115253 ns
[2025-05-08T08:46:49.985+0000][71][info ][safepoint   ] Safepoint "Cleanup", Time since last: 1000457796 ns, Reaching safepoint: 11742 ns, Cleanup: 32723 ns, At safepoint: 6258 ns, Total: 50723 ns
[2025-05-08T08:46:50.986+0000][71][info ][safepoint   ] Safepoint "Cleanup", Time since last: 1001319237 ns, Reaching safepoint: 10341 ns, Cleanup: 13676 ns, At safepoint: 5162 ns, Total: 29179 ns
[2025-05-08T08:46:51.987+0000][71][info ][safepoint   ] Safepoint "Cleanup", Time since last: 1000315879 ns, Reaching safepoint: 11201 ns, Cleanup: 9739 ns, At safepoint: 6028 ns, Total: 26968 ns
[2025-05-08T08:46:54.987+0000][71][info ][safepoint   ] Safepoint "Cleanup", Time since last: 3000664544 ns, Reaching safepoint: 10038 ns, Cleanup: 8405 ns, At safepoint: 5334 ns, Total: 23777 ns
[2025-05-08T08:46:55.696+0000][71][info ][safepoint   ] Safepoint "ICBufferFull", Time since last: 708014872 ns, Reaching safepoint: 97098 ns, Cleanup: 101036 ns, At safepoint: 97137 ns, Total: 295271 ns
[2025-05-08T08:46:55.816+0000][71][info ][safepoint   ] Safepoint "ICBufferFull", Time since last: 119919571 ns, Reaching safepoint: 121439 ns, Cleanup: 93676 ns, At safepoint: 111393 ns, Total: 326508 ns
[2025-05-08T08:46:56.459+0000][71][info ][safepoint   ] Safepoint "ICBufferFull", Time since last: 643181653 ns, Reaching safepoint: 134179 ns, Cleanup: 80892 ns, At safepoint: 39638 ns, Total: 254709 ns
[2025-05-08T08:46:56.613+0000][71][info ][safepoint   ] Safepoint "ICBufferFull", Time since last: 153215736 ns, Reaching safepoint: 8448 ns, Cleanup: 92583 ns, At safepoint: 5005 ns, Total: 106036 ns
[2025-05-08T08:46:57.627+0000][71][info ][safepoint   ] Safepoint "Cleanup", Time since last: 1013974371 ns, Reaching safepoint: 22738 ns, Cleanup: 113402 ns, At safepoint: 102500 ns, Total: 238640 ns
[2025-05-08T08:46:57.859+0000][71][info ][safepoint   ] Safepoint "ICBufferFull", Time since last: 221772908 ns, Reaching safepoint: 9765921 ns, Cleanup: 172954 ns, At safepoint: 446975 ns, Total: 10385850 ns
[2025-05-08T08:46:57.867+0000][71][info ][safepoint   ] Safepoint "ICBufferFull", Time since last: 7896801 ns, Reaching safepoint: 204565 ns, Cleanup: 22138 ns, At safepoint: 120040 ns, Total: 346743 ns
[2025-05-08T08:46:57.869+0000][71][info ][safepoint   ] Safepoint "ICBufferFull", Time since last: 1283398 ns, Reaching safepoint: 224659 ns, Cleanup: 9923 ns, At safepoint: 110883 ns, Total: 345465 ns
[2025-05-08T08:46:57.875+0000][71][info ][safepoint   ] Safepoint "ICBufferFull", Time since last: 4252553 ns, Reaching safepoint: 1027930 ns, Cleanup: 28294 ns, At safepoint: 426954 ns, Total: 1483178 ns
[2025-05-08T08:46:57.878+0000][71][info ][safepoint   ] Safepoint "ICBufferFull", Time since last: 2464252 ns, Reaching safepoint: 325800 ns, Cleanup: 3128 ns, At safepoint: 105635 ns, Total: 434563 ns
[2025-05-08T08:46:57.879+0000][71][info ][safepoint   ] Safepoint "ICBufferFull", Time since last: 626771 ns, Reaching safepoint: 186564 ns, Cleanup: 5403 ns, At safepoint: 297325 ns, Total: 489292 ns
[2025-05-08T08:46:57.883+0000][71][info ][safepoint   ] Safepoint "ICBufferFull", Time since last: 2000512 ns, Reaching safepoint: 184475 ns, Cleanup: 9219 ns, At safepoint: 2401910 ns, Total: 2595604 ns
[2025-05-08T08:46:57.885+0000][71][info ][safepoint   ] Safepoint "ICBufferFull", Time since last: 1223012 ns, Reaching safepoint: 176966 ns, Cleanup: 11929 ns, At safepoint: 90839 ns, Total: 279734 ns
[2025-05-08T08:46:57.977+0000][71][info ][safepoint   ] Safepoint "ICBufferFull", Time since last: 92027152 ns, Reaching safepoint: 20590 ns, Cleanup: 142181 ns, At safepoint: 14323 ns, Total: 177094 ns
[2025-05-08T08:46:58.057+0000][71][info ][safepoint   ] Safepoint "ICBufferFull", Time since last: 79099130 ns, Reaching safepoint: 122239 ns, Cleanup: 95317 ns, At safepoint: 125047 ns, Total: 342603 ns
[2025-05-08T08:46:58.060+0000][71][info ][safepoint   ] Safepoint "ICBufferFull", Time since last: 3483595 ns, Reaching safepoint: 114356 ns, Cleanup: 10230 ns, At safepoint: 135779 ns, Total: 260365 ns
[2025-05-08T08:46:58.066+0000][71][info ][safepoint   ] Safepoint "ICBufferFull", Time since last: 4677543 ns, Reaching safepoint: 528949 ns, Cleanup: 16894 ns, At safepoint: 118468 ns, Total: 664311 ns
[2025-05-08T08:46:58.180+0000][71][info ][safepoint   ] Safepoint "ICBufferFull", Time since last: 113948973 ns, Reaching safepoint: 15219 ns, Cleanup: 97152 ns, At safepoint: 59829 ns, Total: 172200 ns
[2025-05-08T08:46:58.400+0000][71][info ][safepoint   ] Safepoint "ICBufferFull", Time since last: 220107444 ns, Reaching safepoint: 12498 ns, Cleanup: 84328 ns, At safepoint: 6850 ns, Total: 103676 ns
[2025-05-08T08:46:58.884+0000][71][info ][safepoint   ] Safepoint "ICBufferFull", Time since last: 483525829 ns, Reaching safepoint: 13373 ns, Cleanup: 103164 ns, At safepoint: 6684 ns, Total: 123221 ns
[2025-05-08T08:46:59.002+0000][71][info ][safepoint   ] Safepoint "ICBufferFull", Time since last: 118513396 ns, Reaching safepoint: 11101 ns, Cleanup: 69939 ns, At safepoint: 27069 ns, Total: 108109 ns
[2025-05-08T08:47:00.178+0000][71][info ][safepoint   ] Safepoint "Cleanup", Time since last: 1179055428 ns, Reaching safepoint: 13482 ns, Cleanup: 81144 ns, At safepoint: 7098 ns, Total: 101724 ns
[2025-05-08T08:47:01.179+0000][71][info ][safepoint   ] Safepoint "Cleanup", Time since last: 1000732114 ns, Reaching safepoint: 13557 ns, Cleanup: 55633 ns, At safepoint: 6710 ns, Total: 75900 ns
[2025-05-08T08:47:01.897+0000][71][info ][safepoint   ] Safepoint "ICBufferFull", Time since last: 718043897 ns, Reaching safepoint: 11930 ns, Cleanup: 91927 ns, At safepoint: 25478 ns, Total: 129335 ns
[2025-05-08T08:47:03.835+0000][71][info ][safepoint   ] Safepoint "Cleanup", Time since last: 1937704223 ns, Reaching safepoint: 15009 ns, Cleanup: 95304 ns, At safepoint: 8510 ns, Total: 118823 ns
[2025-05-08T08:47:05.835+0000][71][info ][safepoint   ] Safepoint "Cleanup", Time since last: 2000556932 ns, Reaching safepoint: 15883 ns, Cleanup: 48934 ns, At safepoint: 8025 ns, Total: 72842 ns
[2025-05-08T08:47:06.836+0000][71][info ][safepoint   ] Safepoint "Cleanup", Time since last: 1000781193 ns, Reaching safepoint: 13869 ns, Cleanup: 75571 ns, At safepoint: 7255 ns, Total: 96695 ns
[2025-05-08T08:47:07.848+0000][71][info ][safepoint   ] Safepoint "Cleanup", Time since last: 1011958129 ns, Reaching safepoint: 13789 ns, Cleanup: 23311 ns, At safepoint: 6989 ns, Total: 44089 ns
[2025-05-08T08:47:08.849+0000][71][info ][safepoint   ] Safepoint "Cleanup", Time since last: 1000648452 ns, Reaching safepoint: 12017 ns, Cleanup: 14414 ns, At safepoint: 5742 ns, Total: 32173 ns
[2025-05-08T08:47:09.849+0000][71][info ][safepoint   ] Safepoint "Cleanup", Time since last: 1000540960 ns, Reaching safepoint: 15876 ns, Cleanup: 10254 ns, At safepoint: 7326 ns, Total: 33456 ns
[2025-05-08T08:47:10.851+0000][71][info ][safepoint   ] Safepoint "Cleanup", Time since last: 1001491445 ns, Reaching safepoint: 14204 ns, Cleanup: 9484 ns, At safepoint: 6442 ns, Total: 30130 ns
[2025-05-08T08:47:11.851+0000][71][info ][safepoint   ] Safepoint "Cleanup", Time since last: 1000419316 ns, Reaching safepoint: 10010 ns, Cleanup: 26861 ns, At safepoint: 17813 ns, Total: 54684 ns
[2025-05-08T08:47:12.852+0000][71][info ][safepoint   ] Safepoint "Cleanup", Time since last: 1000726622 ns, Reaching safepoint: 13944 ns, Cleanup: 21562 ns, At safepoint: 6990 ns, Total: 42496 ns
[2025-05-08T08:47:13.865+0000][71][info ][safepoint   ] Safepoint "Cleanup", Time since last: 1012610787 ns, Reaching safepoint: 13397 ns, Cleanup: 20987 ns, At safepoint: 7157 ns, Total: 41541 ns
[2025-05-08T08:47:14.865+0000][71][info ][safepoint   ] Safepoint "Cleanup", Time since last: 1000411858 ns, Reaching safepoint: 20237 ns, Cleanup: 27018 ns, At safepoint: 29463 ns, Total: 76718 ns
[2025-05-08T08:47:15.867+0000][71][info ][safepoint   ] Safepoint "Cleanup", Time since last: 1002018459 ns, Reaching safepoint: 14068 ns, Cleanup: 12555 ns, At safepoint: 6380 ns, Total: 33003 ns
[2025-05-08T08:47:16.868+0000][71][info ][safepoint   ] Safepoint "Cleanup", Time since last: 1000166339 ns, Reaching safepoint: 12193 ns, Cleanup: 59122 ns, At safepoint: 79121 ns, Total: 150436 ns
[2025-05-08T08:47:17.877+0000][71][info ][safepoint   ] Safepoint "Cleanup", Time since last: 1009628063 ns, Reaching safepoint: 19570 ns, Cleanup: 32679 ns, At safepoint: 12584 ns, Total: 64833 ns
[2025-05-08T08:47:18.878+0000][71][info ][safepoint   ] Safepoint "Cleanup", Time since last: 1000691610 ns, Reaching safepoint: 16838 ns, Cleanup: 10499 ns, At safepoint: 7386 ns, Total: 34723 ns
[2025-05-08T08:47:20.879+0000][71][info ][safepoint   ] Safepoint "Cleanup", Time since last: 2000829868 ns, Reaching safepoint: 71396 ns, Cleanup: 15478 ns, At safepoint: 19660 ns, Total: 106534 ns
[2025-05-08T08:47:21.880+0000][71][info ][safepoint   ] Safepoint "Cleanup", Time since last: 1000699350 ns, Reaching safepoint: 16819 ns, Cleanup: 27590 ns, At safepoint: 7196 ns, Total: 51605 ns
[2025-05-08T08:47:23.029+0000][71][info ][safepoint   ] Safepoint "Cleanup", Time since last: 1149133647 ns, Reaching safepoint: 24779 ns, Cleanup: 69109 ns, At safepoint: 13212 ns, Total: 107100 ns
[2025-05-08T08:47:25.030+0000][71][info ][safepoint   ] Safepoint "Cleanup", Time since last: 2001172438 ns, Reaching safepoint: 26924 ns, Cleanup: 24186 ns, At safepoint: 6826 ns, Total: 57936 ns
[2025-05-08T08:47:26.031+0000][71][info ][safepoint   ] Safepoint "Cleanup", Time since last: 1000539176 ns, Reaching safepoint: 20785 ns, Cleanup: 51910 ns, At safepoint: 8377 ns, Total: 81072 ns
[2025-05-08T08:47:27.032+0000][71][info ][safepoint   ] Safepoint "Cleanup", Time since last: 1001162556 ns, Reaching safepoint: 22134 ns, Cleanup: 14313 ns, At safepoint: 7640 ns, Total: 44087 ns
[2025-05-08T08:47:28.034+0000][71][info ][safepoint   ] Safepoint "Cleanup", Time since last: 1002258601 ns, Reaching safepoint: 102307 ns, Cleanup: 26386 ns, At safepoint: 21873 ns, Total: 150566 ns
[2025-05-08T08:47:29.035+0000][71][info ][safepoint   ] Safepoint "Cleanup", Time since last: 1000621580 ns, Reaching safepoint: 17647 ns, Cleanup: 30196 ns, At safepoint: 6883 ns, Total: 54726 ns
[2025-05-08T08:47:31.033+0000][71][info ][safepoint   ] Safepoint "Cleanup", Time since last: 2000844800 ns, Reaching safepoint: 16149 ns, Cleanup: 19009 ns, At safepoint: 6000 ns, Total: 41158 ns
[2025-05-08T08:47:32.034+0000][71][info ][safepoint   ] Safepoint "Cleanup", Time since last: 1000762987 ns, Reaching safepoint: 14105 ns, Cleanup: 16795 ns, At safepoint: 7052 ns, Total: 37952 ns
[2025-05-08T08:47:33.034+0000][71][info ][safepoint   ] Safepoint "Cleanup", Time since last: 1000577978 ns, Reaching safepoint: 13493 ns, Cleanup: 14973 ns, At safepoint: 6188 ns, Total: 34654 ns
[2025-05-08T08:47:34.035+0000][71][info ][safepoint   ] Safepoint "Cleanup", Time since last: 1000761548 ns, Reaching safepoint: 15083 ns, Cleanup: 9038 ns, At safepoint: 6440 ns, Total: 30561 ns
[2025-05-08T08:47:35.036+0000][71][info ][safepoint   ] Safepoint "Cleanup", Time since last: 1000525117 ns, Reaching safepoint: 13673 ns, Cleanup: 23796 ns, At safepoint: 6503 ns, Total: 43972 ns
[2025-05-08T08:47:36.039+0000][71][info ][safepoint   ] Safepoint "Cleanup", Time since last: 1003621898 ns, Reaching safepoint: 15338 ns, Cleanup: 22775 ns, At safepoint: 6386 ns, Total: 44499 ns
[2025-05-08T08:47:37.040+0000][71][info ][safepoint   ] Safepoint "Cleanup", Time since last: 1000350615 ns, Reaching safepoint: 16249 ns, Cleanup: 14255 ns, At safepoint: 7821 ns, Total: 38325 ns
[2025-05-08T08:47:38.041+0000][71][info ][safepoint   ] Safepoint "Cleanup", Time since last: 1000870734 ns, Reaching safepoint: 14433 ns, Cleanup: 17377 ns, At safepoint: 7494 ns, Total: 39304 ns
[2025-05-08T08:47:39.041+0000][71][info ][safepoint   ] Safepoint "Cleanup", Time since last: 1000711079 ns, Reaching safepoint: 13737 ns, Cleanup: 9548 ns, At safepoint: 6104 ns, Total: 29389 ns
[2025-05-08T08:47:41.042+0000][71][info ][safepoint   ] Safepoint "Cleanup", Time since last: 2000796938 ns, Reaching safepoint: 14138 ns, Cleanup: 48826 ns, At safepoint: 7483 ns, Total: 70447 ns
[2025-05-08T08:47:42.043+0000][71][info ][safepoint   ] Safepoint "Cleanup", Time since last: 1000523957 ns, Reaching safepoint: 13325 ns, Cleanup: 15814 ns, At safepoint: 6479 ns, Total: 35618 ns
[2025-05-08T08:47:43.043+0000][71][info ][safepoint   ] Safepoint "Cleanup", Time since last: 1000549752 ns, Reaching safepoint: 33800 ns, Cleanup: 15145 ns, At safepoint: 6945 ns, Total: 55890 ns
[2025-05-08T08:47:44.044+0000][71][info ][safepoint   ] Safepoint "Cleanup", Time since last: 1000790387 ns, Reaching safepoint: 13466 ns, Cleanup: 13331 ns, At safepoint: 5668 ns, Total: 32465 ns
[2025-05-08T08:47:45.045+0000][71][info ][safepoint   ] Safepoint "Cleanup", Time since last: 1000533916 ns, Reaching safepoint: 15048 ns, Cleanup: 10011 ns, At safepoint: 7314 ns, Total: 32373 ns
[2025-05-08T08:47:46.045+0000][71][info ][safepoint   ] Safepoint "Cleanup", Time since last: 1000298949 ns, Reaching safepoint: 14961 ns, Cleanup: 17486 ns, At safepoint: 6228 ns, Total: 38675 ns
[2025-05-08T08:47:47.045+0000][71][info ][safepoint   ] Safepoint "Cleanup", Time since last: 1000308850 ns, Reaching safepoint: 13519 ns, Cleanup: 13012 ns, At safepoint: 6165 ns, Total: 32696 ns
[2025-05-08T08:47:48.046+0000][71][info ][safepoint   ] Safepoint "Cleanup", Time since last: 1000926733 ns, Reaching safepoint: 12772 ns, Cleanup: 11319 ns, At safepoint: 6299 ns, Total: 30390 ns
[2025-05-08T08:47:50.047+0000][71][info ][safepoint   ] Safepoint "Cleanup", Time since last: 2000835350 ns, Reaching safepoint: 13742 ns, Cleanup: 20663 ns, At safepoint: 6025 ns, Total: 40430 ns
[2025-05-08T08:47:51.048+0000][71][info ][safepoint   ] Safepoint "Cleanup", Time since last: 1000272703 ns, Reaching safepoint: 14381 ns, Cleanup: 8925 ns, At safepoint: 5861 ns, Total: 29167 ns
[2025-05-08T08:47:53.048+0000][71][info ][safepoint   ] Safepoint "Cleanup", Time since last: 2000656164 ns, Reaching safepoint: 15755 ns, Cleanup: 16699 ns, At safepoint: 6872 ns, Total: 39326 ns
[2025-05-08T08:47:54.049+0000][71][info ][safepoint   ] Safepoint "Cleanup", Time since last: 1000933201 ns, Reaching safepoint: 20928 ns, Cleanup: 12111 ns, At safepoint: 9501 ns, Total: 42540 ns
[2025-05-08T08:47:55.892+0000][71][info ][safepoint   ] Safepoint "Cleanup", Time since last: 1842693390 ns, Reaching safepoint: 95007 ns, Cleanup: 22436 ns, At safepoint: 37100 ns, Total: 154543 ns
[2025-05-08T08:47:56.936+0000][71][info ][safepoint   ] Safepoint "Cleanup", Time since last: 1043660622 ns, Reaching safepoint: 17286 ns, Cleanup: 57936 ns, At safepoint: 8036 ns, Total: 83258 ns
[2025-05-08T08:47:57.936+0000][71][info ][safepoint   ] Safepoint "Cleanup", Time since last: 1000626954 ns, Reaching safepoint: 18207 ns, Cleanup: 45492 ns, At safepoint: 8196 ns, Total: 71895 ns
[2025-05-08T08:47:58.937+0000][71][info ][safepoint   ] Safepoint "Cleanup", Time since last: 1000657249 ns, Reaching safepoint: 14453 ns, Cleanup: 41721 ns, At safepoint: 6721 ns, Total: 62895 ns
[2025-05-08T08:47:59.242+0000][71][info ][safepoint   ] Safepoint "ICBufferFull", Time since last: 304666078 ns, Reaching safepoint: 11155 ns, Cleanup: 94043 ns, At safepoint: 32361 ns, Total: 137559 ns
[2025-05-08T08:48:00.240+0000][71][info ][safepoint   ] Safepoint "Cleanup", Time since last: 1000217102 ns, Reaching safepoint: 83250 ns, Cleanup: 15993 ns, At safepoint: 16117 ns, Total: 115360 ns
[2025-05-08T08:48:01.968+0000][71][info ][safepoint   ] Safepoint "Cleanup", Time since last: 1728222395 ns, Reaching safepoint: 13430 ns, Cleanup: 24553 ns, At safepoint: 5556 ns, Total: 43539 ns
[2025-05-08T08:48:03.969+0000][71][info ][safepoint   ] Safepoint "Cleanup", Time since last: 2000667350 ns, Reaching safepoint: 14988 ns, Cleanup: 11264 ns, At safepoint: 7298 ns, Total: 33550 ns
[2025-05-08T08:48:04.969+0000][71][info ][safepoint   ] Safepoint "Cleanup", Time since last: 1000520867 ns, Reaching safepoint: 13605 ns, Cleanup: 14671 ns, At safepoint: 5816 ns, Total: 34092 ns
[2025-05-08T08:48:05.970+0000][71][info ][safepoint   ] Safepoint "Cleanup", Time since last: 1001092365 ns, Reaching safepoint: 11099 ns, Cleanup: 15455 ns, At safepoint: 5365 ns, Total: 31919 ns
[2025-05-08T08:48:06.972+0000][71][info ][safepoint   ] Safepoint "Cleanup", Time since last: 1001356262 ns, Reaching safepoint: 15758 ns, Cleanup: 11161 ns, At safepoint: 7925 ns, Total: 34844 ns
[2025-05-08T08:48:07.972+0000][71][info ][safepoint   ] Safepoint "Cleanup", Time since last: 1000638283 ns, Reaching safepoint: 13053 ns, Cleanup: 14495 ns, At safepoint: 6364 ns, Total: 33912 ns
[2025-05-08T08:48:10.974+0000][71][info ][safepoint   ] Safepoint "Cleanup", Time since last: 3001131089 ns, Reaching safepoint: 14979 ns, Cleanup: 21802 ns, At safepoint: 7914 ns, Total: 44695 ns
[2025-05-08T08:48:11.975+0000][71][info ][safepoint   ] Safepoint "Cleanup", Time since last: 1001229807 ns, Reaching safepoint: 16532 ns, Cleanup: 13263 ns, At safepoint: 7442 ns, Total: 37237 ns
[2025-05-08T08:48:12.975+0000][71][info ][safepoint   ] Safepoint "Cleanup", Time since last: 1000517447 ns, Reaching safepoint: 15251 ns, Cleanup: 10521 ns, At safepoint: 6129 ns, Total: 31901 ns
[2025-05-08T08:48:13.976+0000][71][info ][safepoint   ] Safepoint "Cleanup", Time since last: 1000512825 ns, Reaching safepoint: 16198 ns, Cleanup: 15417 ns, At safepoint: 7964 ns, Total: 39579 ns
[2025-05-08T08:48:15.888+0000][71][info ][gc,start    ] GC(11) Pause Young (Concurrent Start) (CodeCache GC Threshold)
[2025-05-08T08:48:15.889+0000][71][info ][gc,task     ] GC(11) Using 10 workers of 10 for evacuation
[2025-05-08T08:48:15.889+0000][71][debug][gc,age      ] GC(11) Desired survivor size 104857600 bytes, new threshold 15 (max threshold 15)
[2025-05-08T08:48:15.943+0000][71][info ][gc,phases   ] GC(11)   Pre Evacuate Collection Set: 0.70ms
[2025-05-08T08:48:15.944+0000][71][info ][gc,phases   ] GC(11)   Merge Heap Roots: 0.23ms
[2025-05-08T08:48:15.944+0000][71][info ][gc,phases   ] GC(11)   Evacuate Collection Set: 47.35ms
[2025-05-08T08:48:15.944+0000][71][info ][gc,phases   ] GC(11)   Post Evacuate Collection Set: 5.29ms
[2025-05-08T08:48:15.944+0000][71][info ][gc,phases   ] GC(11)   Other: 0.70ms
[2025-05-08T08:48:15.945+0000][71][trace][gc,age      ] GC(11) Age table with threshold 15 (max threshold 15)
[2025-05-08T08:48:15.945+0000][71][trace][gc,age      ] GC(11) - age   1:   47907296 bytes,   47907296 total
[2025-05-08T08:48:15.945+0000][71][trace][gc,age      ] GC(11) - age   2:   19963232 bytes,   67870528 total
[2025-05-08T08:48:15.945+0000][71][trace][gc,age      ] GC(11) - age   3:   14292624 bytes,   82163152 total
[2025-05-08T08:48:15.946+0000][71][trace][gc,age      ] GC(11) - age   4:    3728344 bytes,   85891496 total
[2025-05-08T08:48:15.946+0000][71][trace][gc,age      ] GC(11) - age   5:    2986904 bytes,   88878400 total
[2025-05-08T08:48:15.946+0000][71][trace][gc,age      ] GC(11) - age   6:    4075256 bytes,   92953656 total
[2025-05-08T08:48:15.946+0000][71][trace][gc,age      ] GC(11) - age   7:    4192472 bytes,   97146128 total
[2025-05-08T08:48:15.947+0000][71][info ][gc,heap     ] GC(11) Eden regions: 344->0(238)
[2025-05-08T08:48:15.947+0000][71][info ][gc,heap     ] GC(11) Survivor regions: 14->27(50)
[2025-05-08T08:48:15.947+0000][71][info ][gc,heap     ] GC(11) Old regions: 3->3
[2025-05-08T08:48:15.948+0000][71][info ][gc,heap     ] GC(11) Humongous regions: 0->0
[2025-05-08T08:48:15.948+0000][71][info ][gc,metaspace] GC(11) Metaspace: 140356K(144256K)->140356K(144256K) NonClass: 120917K(122944K)->120917K(122944K) Class: 19438K(21312K)->19438K(21312K)
[2025-05-08T08:48:15.948+0000][71][info ][gc          ] GC(11) Pause Young (Concurrent Start) (CodeCache GC Threshold) 1438M->114M(3880M) 59.867ms
[2025-05-08T08:48:15.948+0000][71][info ][gc,cpu      ] GC(11) User=0.43s Sys=0.01s Real=0.06s
[2025-05-08T08:48:15.949+0000][71][info ][gc          ] GC(12) Concurrent Mark Cycle
[2025-05-08T08:48:15.949+0000][71][info ][gc,marking  ] GC(12) Concurrent Scan Root Regions
[2025-05-08T08:48:15.949+0000][71][info ][safepoint   ] Safepoint "G1TryInitiateConcMark", Time since last: 1912406525 ns, Reaching safepoint: 15876 ns, Cleanup: 15674 ns, At safepoint: 60456742 ns, Total: 60488292 ns
[2025-05-08T08:48:15.962+0000][71][info ][gc,marking  ] GC(12) Concurrent Scan Root Regions 13.170ms
[2025-05-08T08:48:15.963+0000][71][info ][gc,marking  ] GC(12) Concurrent Mark
[2025-05-08T08:48:15.963+0000][71][info ][gc,marking  ] GC(12) Concurrent Mark From Roots
[2025-05-08T08:48:15.964+0000][71][info ][gc,task     ] GC(12) Using 3 workers of 3 for marking
[2025-05-08T08:48:15.968+0000][71][info ][gc,marking  ] GC(12) Concurrent Mark From Roots 4.905ms
[2025-05-08T08:48:15.969+0000][71][info ][gc,marking  ] GC(12) Concurrent Preclean
[2025-05-08T08:48:15.969+0000][71][info ][gc,marking  ] GC(12) Concurrent Preclean 0.485ms
[2025-05-08T08:48:15.970+0000][71][info ][gc,start    ] GC(12) Pause Remark
[2025-05-08T08:48:15.978+0000][71][info ][gc          ] GC(12) Pause Remark 120M->120M(3880M) 8.328ms
[2025-05-08T08:48:15.978+0000][71][info ][gc,cpu      ] GC(12) User=0.04s Sys=0.00s Real=0.01s
[2025-05-08T08:48:15.979+0000][71][info ][safepoint   ] Safepoint "G1PauseRemark", Time since last: 20836139 ns, Reaching safepoint: 14627 ns, Cleanup: 6939 ns, At safepoint: 9278626 ns, Total: 9300192 ns
[2025-05-08T08:48:15.979+0000][71][info ][gc,marking  ] GC(12) Concurrent Mark 16.735ms
[2025-05-08T08:48:15.980+0000][71][info ][gc,marking  ] GC(12) Concurrent Rebuild Remembered Sets and Scrub Regions
[2025-05-08T08:48:15.982+0000][71][info ][gc,marking  ] GC(12) Concurrent Rebuild Remembered Sets and Scrub Regions 1.763ms
[2025-05-08T08:48:15.982+0000][71][info ][gc,start    ] GC(12) Pause Cleanup
[2025-05-08T08:48:15.983+0000][71][info ][gc          ] GC(12) Pause Cleanup 120M->120M(3880M) 0.648ms
[2025-05-08T08:48:15.983+0000][71][info ][gc,cpu      ] GC(12) User=0.00s Sys=0.00s Real=0.00s
[2025-05-08T08:48:15.983+0000][71][info ][safepoint   ] Safepoint "G1PauseCleanup", Time since last: 3030077 ns, Reaching safepoint: 14453 ns, Cleanup: 24094 ns, At safepoint: 1440079 ns, Total: 1478626 ns
[2025-05-08T08:48:15.984+0000][71][info ][gc,marking  ] GC(12) Concurrent Clear Claimed Marks
[2025-05-08T08:48:15.984+0000][71][info ][gc,marking  ] GC(12) Concurrent Clear Claimed Marks 0.642ms
[2025-05-08T08:48:15.985+0000][71][info ][gc,marking  ] GC(12) Concurrent Cleanup for Next Mark
[2025-05-08T08:48:15.989+0000][71][info ][gc,marking  ] GC(12) Concurrent Cleanup for Next Mark 3.936ms
[2025-05-08T08:48:15.989+0000][71][info ][gc          ] GC(12) Concurrent Mark Cycle 40.617ms
[2025-05-08T08:48:16.984+0000][71][info ][safepoint   ] Safepoint "Cleanup", Time since last: 1000371874 ns, Reaching safepoint: 16082 ns, Cleanup: 16363 ns, At safepoint: 6968 ns, Total: 39413 ns
[2025-05-08T08:48:20.985+0000][71][info ][safepoint   ] Safepoint "Cleanup", Time since last: 4000948136 ns, Reaching safepoint: 13840 ns, Cleanup: 13388 ns, At safepoint: 7146 ns, Total: 34374 ns
[2025-05-08T08:48:23.073+0000][71][info ][safepoint   ] Safepoint "Cleanup", Time since last: 2088495817 ns, Reaching safepoint: 13353 ns, Cleanup: 11382 ns, At safepoint: 5887 ns, Total: 30622 ns
[2025-05-08T08:48:26.074+0000][71][info ][safepoint   ] Safepoint "Cleanup", Time since last: 3000913721 ns, Reaching safepoint: 14341 ns, Cleanup: 26374 ns, At safepoint: 6834 ns, Total: 47549 ns
[2025-05-08T08:48:27.075+0000][71][info ][safepoint   ] Safepoint "Cleanup", Time since last: 1000612867 ns, Reaching safepoint: 13486 ns, Cleanup: 14217 ns, At safepoint: 6065 ns, Total: 33768 ns
[2025-05-08T08:48:28.076+0000][71][info ][safepoint   ] Safepoint "Cleanup", Time since last: 1000640795 ns, Reaching safepoint: 30522 ns, Cleanup: 48959 ns, At safepoint: 17200 ns, Total: 96681 ns
[2025-05-08T08:48:29.077+0000][71][info ][safepoint   ] Safepoint "Cleanup", Time since last: 1000858576 ns, Reaching safepoint: 39937 ns, Cleanup: 21246 ns, At safepoint: 7657 ns, Total: 68840 ns
[2025-05-08T08:48:31.075+0000][71][info ][safepoint   ] Safepoint "Cleanup", Time since last: 2000853309 ns, Reaching safepoint: 15448 ns, Cleanup: 17891 ns, At safepoint: 8228 ns, Total: 41567 ns
[2025-05-08T08:48:32.076+0000][71][info ][safepoint   ] Safepoint "Cleanup", Time since last: 1000754689 ns, Reaching safepoint: 15776 ns, Cleanup: 18258 ns, At safepoint: 7705 ns, Total: 41739 ns
[2025-05-08T08:48:33.077+0000][71][info ][safepoint   ] Safepoint "Cleanup", Time since last: 1000887677 ns, Reaching safepoint: 15407 ns, Cleanup: 12835 ns, At safepoint: 8210 ns, Total: 36452 ns
[2025-05-08T08:48:35.078+0000][71][info ][safepoint   ] Safepoint "Cleanup", Time since last: 2000908996 ns, Reaching safepoint: 22971 ns, Cleanup: 14452 ns, At safepoint: 7221 ns, Total: 44644 ns
[2025-05-08T08:48:36.078+0000][71][info ][safepoint   ] Safepoint "Cleanup", Time since last: 1000655132 ns, Reaching safepoint: 23534 ns, Cleanup: 11150 ns, At safepoint: 6154 ns, Total: 40838 ns
[2025-05-08T08:48:37.079+0000][71][info ][safepoint   ] Safepoint "Cleanup", Time since last: 1000559427 ns, Reaching safepoint: 14097 ns, Cleanup: 14487 ns, At safepoint: 6691 ns, Total: 35275 ns
[2025-05-08T08:48:41.080+0000][71][info ][safepoint   ] Safepoint "Cleanup", Time since last: 4001287771 ns, Reaching safepoint: 13665 ns, Cleanup: 11946 ns, At safepoint: 6496 ns, Total: 32107 ns
[2025-05-08T08:48:43.081+0000][71][info ][safepoint   ] Safepoint "Cleanup", Time since last: 2000831507 ns, Reaching safepoint: 14236 ns, Cleanup: 11616 ns, At safepoint: 6854 ns, Total: 32706 ns
[2025-05-08T08:48:44.082+0000][71][info ][safepoint   ] Safepoint "Cleanup", Time since last: 1001200496 ns, Reaching safepoint: 14750 ns, Cleanup: 12259 ns, At safepoint: 7883 ns, Total: 34892 ns
[2025-05-08T08:48:45.083+0000][71][info ][safepoint   ] Safepoint "Cleanup", Time since last: 1000662672 ns, Reaching safepoint: 13958 ns, Cleanup: 12419 ns, At safepoint: 6361 ns, Total: 32738 ns
[2025-05-08T08:48:46.083+0000][71][info ][safepoint   ] Safepoint "Cleanup", Time since last: 1000275647 ns, Reaching safepoint: 15046 ns, Cleanup: 15374 ns, At safepoint: 6279 ns, Total: 36699 ns
[2025-05-08T08:48:47.084+0000][71][info ][safepoint   ] Safepoint "Cleanup", Time since last: 1000682495 ns, Reaching safepoint: 13540 ns, Cleanup: 29029 ns, At safepoint: 7499 ns, Total: 50068 ns
[2025-05-08T08:48:48.085+0000][71][info ][safepoint   ] Safepoint "Cleanup", Time since last: 1000398309 ns, Reaching safepoint: 15043 ns, Cleanup: 17152 ns, At safepoint: 7525 ns, Total: 39720 ns
[2025-05-08T08:48:49.374+0000][71][info ][safepoint   ] Safepoint "Cleanup", Time since last: 1289273605 ns, Reaching safepoint: 16457 ns, Cleanup: 41018 ns, At safepoint: 27187 ns, Total: 84662 ns
[2025-05-08T08:48:50.375+0000][71][info ][safepoint   ] Safepoint "Cleanup", Time since last: 1000731615 ns, Reaching safepoint: 16435 ns, Cleanup: 28528 ns, At safepoint: 32262 ns, Total: 77225 ns
[2025-05-08T08:48:51.376+0000][71][info ][safepoint   ] Safepoint "Cleanup", Time since last: 1001027309 ns, Reaching safepoint: 96160 ns, Cleanup: 22079 ns, At safepoint: 18734 ns, Total: 136973 ns
[2025-05-08T08:48:52.376+0000][71][info ][safepoint   ] Safepoint "Cleanup", Time since last: 1000556682 ns, Reaching safepoint: 18454 ns, Cleanup: 21360 ns, At safepoint: 50823 ns, Total: 90637 ns
[2025-05-08T08:48:53.379+0000][71][info ][safepoint   ] Safepoint "Cleanup", Time since last: 1001962125 ns, Reaching safepoint: 20522 ns, Cleanup: 28707 ns, At safepoint: 37213 ns, Total: 86442 ns
[2025-05-08T08:48:54.379+0000][71][info ][safepoint   ] Safepoint "Cleanup", Time since last: 1000561386 ns, Reaching safepoint: 154147 ns, Cleanup: 30416 ns, At safepoint: 137698 ns, Total: 322261 ns
[2025-05-08T08:48:55.381+0000][71][info ][safepoint   ] Safepoint "Cleanup", Time since last: 1001464217 ns, Reaching safepoint: 26125 ns, Cleanup: 13940 ns, At safepoint: 8342 ns, Total: 48407 ns
[2025-05-08T08:48:56.382+0000][71][info ][safepoint   ] Safepoint "Cleanup", Time since last: 1001283172 ns, Reaching safepoint: 22923 ns, Cleanup: 24885 ns, At safepoint: 7283 ns, Total: 55091 ns
[2025-05-08T08:48:57.383+0000][71][info ][safepoint   ] Safepoint "Cleanup", Time since last: 1000632139 ns, Reaching safepoint: 45203 ns, Cleanup: 29891 ns, At safepoint: 9691 ns, Total: 84785 ns
[2025-05-08T08:48:58.384+0000][71][info ][safepoint   ] Safepoint "Cleanup", Time since last: 1001253474 ns, Reaching safepoint: 29515 ns, Cleanup: 48947 ns, At safepoint: 10197 ns, Total: 88659 ns
[2025-05-08T08:48:59.385+0000][71][info ][safepoint   ] Safepoint "Cleanup", Time since last: 1000558971 ns, Reaching safepoint: 15512 ns, Cleanup: 21824 ns, At safepoint: 6028 ns, Total: 43364 ns
[2025-05-08T08:49:00.384+0000][71][info ][safepoint   ] Safepoint "Cleanup", Time since last: 1000491322 ns, Reaching safepoint: 45817 ns, Cleanup: 15420 ns, At safepoint: 6420 ns, Total: 67657 ns
[2025-05-08T08:49:01.384+0000][71][info ][safepoint   ] Safepoint "Cleanup", Time since last: 1000712484 ns, Reaching safepoint: 14077 ns, Cleanup: 17512 ns, At safepoint: 7246 ns, Total: 38835 ns
[2025-05-08T08:49:03.282+0000][71][info ][safepoint   ] Safepoint "Cleanup", Time since last: 1897996585 ns, Reaching safepoint: 5224 ns, Cleanup: 67564 ns, At safepoint: 11174 ns, Total: 83962 ns
[2025-05-08T08:49:05.285+0000][71][info ][safepoint   ] Safepoint "Cleanup", Time since last: 2002194792 ns, Reaching safepoint: 15069 ns, Cleanup: 24376 ns, At safepoint: 6803 ns, Total: 46248 ns
[2025-05-08T08:49:06.285+0000][71][info ][safepoint   ] Safepoint "Cleanup", Time since last: 1000475196 ns, Reaching safepoint: 14407 ns, Cleanup: 16160 ns, At safepoint: 5890 ns, Total: 36457 ns
[2025-05-08T08:49:08.286+0000][71][info ][safepoint   ] Safepoint "Cleanup", Time since last: 2000680273 ns, Reaching safepoint: 13965 ns, Cleanup: 12065 ns, At safepoint: 6768 ns, Total: 32798 ns
[2025-05-08T08:49:09.287+0000][71][info ][safepoint   ] Safepoint "Cleanup", Time since last: 1000828443 ns, Reaching safepoint: 13562 ns, Cleanup: 9280 ns, At safepoint: 6736 ns, Total: 29578 ns
[2025-05-08T08:49:11.288+0000][71][info ][safepoint   ] Safepoint "Cleanup", Time since last: 2000720622 ns, Reaching safepoint: 15989 ns, Cleanup: 13774 ns, At safepoint: 6893 ns, Total: 36656 ns
[2025-05-08T08:49:12.288+0000][71][info ][safepoint   ] Safepoint "Cleanup", Time since last: 1000720336 ns, Reaching safepoint: 15356 ns, Cleanup: 22068 ns, At safepoint: 7207 ns, Total: 44631 ns
[2025-05-08T08:49:13.289+0000][71][info ][safepoint   ] Safepoint "Cleanup", Time since last: 1000820611 ns, Reaching safepoint: 18056 ns, Cleanup: 39013 ns, At safepoint: 7764 ns, Total: 64833 ns
[2025-05-08T08:49:14.290+0000][71][info ][safepoint   ] Safepoint "Cleanup", Time since last: 1000447056 ns, Reaching safepoint: 15258 ns, Cleanup: 22534 ns, At safepoint: 15031 ns, Total: 52823 ns
[2025-05-08T08:49:15.290+0000][71][info ][safepoint   ] Safepoint "Cleanup", Time since last: 1000527982 ns, Reaching safepoint: 14616 ns, Cleanup: 14167 ns, At safepoint: 27507 ns, Total: 56290 ns
[2025-05-08T08:49:16.291+0000][71][info ][safepoint   ] Safepoint "Cleanup", Time since last: 1000789277 ns, Reaching safepoint: 15100 ns, Cleanup: 20480 ns, At safepoint: 7230 ns, Total: 42810 ns
[2025-05-08T08:49:17.292+0000][71][info ][safepoint   ] Safepoint "Cleanup", Time since last: 1000506872 ns, Reaching safepoint: 28670 ns, Cleanup: 73270 ns, At safepoint: 17893 ns, Total: 119833 ns
[2025-05-08T08:49:18.292+0000][71][info ][safepoint   ] Safepoint "Cleanup", Time since last: 1000541041 ns, Reaching safepoint: 17408 ns, Cleanup: 22231 ns, At safepoint: 8022 ns, Total: 47661 ns
[2025-05-08T08:49:19.293+0000][71][info ][safepoint   ] Safepoint "Cleanup", Time since last: 1000686510 ns, Reaching safepoint: 19530 ns, Cleanup: 24070 ns, At safepoint: 9311 ns, Total: 52911 ns
[2025-05-08T08:49:20.294+0000][71][info ][safepoint   ] Safepoint "Cleanup", Time since last: 1000654610 ns, Reaching safepoint: 17337 ns, Cleanup: 17140 ns, At safepoint: 6337 ns, Total: 40814 ns
[2025-05-08T08:49:21.294+0000][71][info ][safepoint   ] Safepoint "Cleanup", Time since last: 1000593080 ns, Reaching safepoint: 16583 ns, Cleanup: 36449 ns, At safepoint: 7283 ns, Total: 60315 ns
[2025-05-08T08:49:23.109+0000][71][info ][safepoint   ] Safepoint "Cleanup", Time since last: 1814719123 ns, Reaching safepoint: 13267 ns, Cleanup: 32204 ns, At safepoint: 6622 ns, Total: 52093 ns
[2025-05-08T08:49:24.110+0000][71][info ][safepoint   ] Safepoint "Cleanup", Time since last: 1001086023 ns, Reaching safepoint: 26990 ns, Cleanup: 14740 ns, At safepoint: 15751 ns, Total: 57481 ns
[2025-05-08T08:49:25.111+0000][71][info ][safepoint   ] Safepoint "Cleanup", Time since last: 1000592209 ns, Reaching safepoint: 17222 ns, Cleanup: 16451 ns, At safepoint: 7003 ns, Total: 40676 ns
[2025-05-08T08:49:26.112+0000][71][info ][safepoint   ] Safepoint "Cleanup", Time since last: 1000745518 ns, Reaching safepoint: 14700 ns, Cleanup: 17790 ns, At safepoint: 6768 ns, Total: 39258 ns
[2025-05-08T08:49:27.113+0000][71][info ][safepoint   ] Safepoint "Cleanup", Time since last: 1000806448 ns, Reaching safepoint: 14196 ns, Cleanup: 15849 ns, At safepoint: 6318 ns, Total: 36363 ns
[2025-05-08T08:49:28.113+0000][71][info ][safepoint   ] Safepoint "Cleanup", Time since last: 1000491868 ns, Reaching safepoint: 17224 ns, Cleanup: 13691 ns, At safepoint: 8077 ns, Total: 38992 ns
[2025-05-08T08:49:29.114+0000][71][info ][safepoint   ] Safepoint "Cleanup", Time since last: 1000583013 ns, Reaching safepoint: 17834 ns, Cleanup: 17479 ns, At safepoint: 10969 ns, Total: 46282 ns
[2025-05-08T08:49:30.112+0000][71][info ][safepoint   ] Safepoint "Cleanup", Time since last: 1000612480 ns, Reaching safepoint: 22229 ns, Cleanup: 16508 ns, At safepoint: 12029 ns, Total: 50766 ns
[2025-05-08T08:49:31.113+0000][71][info ][safepoint   ] Safepoint "Cleanup", Time since last: 1000632644 ns, Reaching safepoint: 52837 ns, Cleanup: 25416 ns, At safepoint: 11499 ns, Total: 89752 ns
[2025-05-08T08:49:32.114+0000][71][info ][safepoint   ] Safepoint "Cleanup", Time since last: 1000563521 ns, Reaching safepoint: 15092 ns, Cleanup: 13182 ns, At safepoint: 7421 ns, Total: 35695 ns
[2025-05-08T08:49:33.115+0000][71][info ][safepoint   ] Safepoint "Cleanup", Time since last: 1001522332 ns, Reaching safepoint: 18516 ns, Cleanup: 11298 ns, At safepoint: 7921 ns, Total: 37735 ns
[2025-05-08T08:49:34.116+0000][71][info ][safepoint   ] Safepoint "Cleanup", Time since last: 1000505550 ns, Reaching safepoint: 23104 ns, Cleanup: 13781 ns, At safepoint: 9775 ns, Total: 46660 ns
[2025-05-08T08:49:35.116+0000][71][info ][safepoint   ] Safepoint "Cleanup", Time since last: 1000660402 ns, Reaching safepoint: 29713 ns, Cleanup: 29998 ns, At safepoint: 17329 ns, Total: 77040 ns
[2025-05-08T08:49:36.117+0000][71][info ][safepoint   ] Safepoint "Cleanup", Time since last: 1000753969 ns, Reaching safepoint: 29052 ns, Cleanup: 27233 ns, At safepoint: 16558 ns, Total: 72843 ns
[2025-05-08T08:49:38.118+0000][71][info ][safepoint   ] Safepoint "Cleanup", Time since last: 2000873276 ns, Reaching safepoint: 22604 ns, Cleanup: 21267 ns, At safepoint: 10337 ns, Total: 54208 ns
[2025-05-08T08:49:39.119+0000][71][info ][safepoint   ] Safepoint "Cleanup", Time since last: 1000523423 ns, Reaching safepoint: 16833 ns, Cleanup: 17940 ns, At safepoint: 7700 ns, Total: 42473 ns
[2025-05-08T08:49:40.119+0000][71][info ][safepoint   ] Safepoint "Cleanup", Time since last: 1000527412 ns, Reaching safepoint: 29107 ns, Cleanup: 27247 ns, At safepoint: 16559 ns, Total: 72913 ns
[2025-05-08T08:49:41.120+0000][71][info ][safepoint   ] Safepoint "Cleanup", Time since last: 1000650942 ns, Reaching safepoint: 26278 ns, Cleanup: 28565 ns, At safepoint: 9948 ns, Total: 64791 ns
[2025-05-08T08:49:42.121+0000][71][info ][safepoint   ] Safepoint "Cleanup", Time since last: 1000584319 ns, Reaching safepoint: 36639 ns, Cleanup: 16087 ns, At safepoint: 14972 ns, Total: 67698 ns
[2025-05-08T08:49:43.122+0000][71][info ][safepoint   ] Safepoint "Cleanup", Time since last: 1000709433 ns, Reaching safepoint: 79999 ns, Cleanup: 20841 ns, At safepoint: 13223 ns, Total: 114063 ns
[2025-05-08T08:49:44.123+0000][71][info ][safepoint   ] Safepoint "Cleanup", Time since last: 1000879565 ns, Reaching safepoint: 71735 ns, Cleanup: 24182 ns, At safepoint: 11054 ns, Total: 106971 ns
[2025-05-08T08:49:45.123+0000][71][info ][safepoint   ] Safepoint "Cleanup", Time since last: 1000579298 ns, Reaching safepoint: 33932 ns, Cleanup: 17072 ns, At safepoint: 6584 ns, Total: 57588 ns
[2025-05-08T08:49:46.124+0000][71][info ][safepoint   ] Safepoint "Cleanup", Time since last: 1000592336 ns, Reaching safepoint: 17176 ns, Cleanup: 17067 ns, At safepoint: 22284 ns, Total: 56527 ns
[2025-05-08T08:49:47.125+0000][71][info ][safepoint   ] Safepoint "Cleanup", Time since last: 1000765474 ns, Reaching safepoint: 14465 ns, Cleanup: 23205 ns, At safepoint: 6433 ns, Total: 44103 ns
[2025-05-08T08:49:48.126+0000][71][info ][safepoint   ] Safepoint "Cleanup", Time since last: 1000941327 ns, Reaching safepoint: 14651 ns, Cleanup: 17504 ns, At safepoint: 6336 ns, Total: 38491 ns
[2025-05-08T08:49:50.127+0000][71][info ][safepoint   ] Safepoint "Cleanup", Time since last: 2000910472 ns, Reaching safepoint: 15720 ns, Cleanup: 17068 ns, At safepoint: 6984 ns, Total: 39772 ns
[2025-05-08T08:49:51.127+0000][71][info ][safepoint   ] Safepoint "Cleanup", Time since last: 1000538829 ns, Reaching safepoint: 14526 ns, Cleanup: 15516 ns, At safepoint: 6372 ns, Total: 36414 ns
[2025-05-08T08:49:53.128+0000][71][info ][safepoint   ] Safepoint "Cleanup", Time since last: 2000520228 ns, Reaching safepoint: 13761 ns, Cleanup: 15646 ns, At safepoint: 5655 ns, Total: 35062 ns
[2025-05-08T08:49:56.129+0000][71][info ][safepoint   ] Safepoint "Cleanup", Time since last: 3000920482 ns, Reaching safepoint: 18497 ns, Cleanup: 17367 ns, At safepoint: 7083 ns, Total: 42947 ns
[2025-05-08T08:49:58.130+0000][71][info ][safepoint   ] Safepoint "Cleanup", Time since last: 2001487874 ns, Reaching safepoint: 17139 ns, Cleanup: 23169 ns, At safepoint: 7429 ns, Total: 47737 ns
[2025-05-08T08:49:59.131+0000][71][info ][safepoint   ] Safepoint "Cleanup", Time since last: 1000799311 ns, Reaching safepoint: 13365 ns, Cleanup: 15039 ns, At safepoint: 6345 ns, Total: 34749 ns
[2025-05-08T08:50:01.130+0000][71][info ][safepoint   ] Safepoint "Cleanup", Time since last: 2000926692 ns, Reaching safepoint: 33977 ns, Cleanup: 9922 ns, At safepoint: 6941 ns, Total: 50840 ns
[2025-05-08T08:50:04.897+0000][71][info ][safepoint   ] Safepoint "Cleanup", Time since last: 3766316450 ns, Reaching safepoint: 6145 ns, Cleanup: 29668 ns, At safepoint: 23481 ns, Total: 59294 ns
[2025-05-08T08:50:06.306+0000][71][info ][safepoint   ] Safepoint "Cleanup", Time since last: 1408684916 ns, Reaching safepoint: 406995 ns, Cleanup: 129248 ns, At safepoint: 35437 ns, Total: 571680 ns
[2025-05-08T08:50:08.307+0000][71][info ][safepoint   ] Safepoint "Cleanup", Time since last: 2000783211 ns, Reaching safepoint: 61333 ns, Cleanup: 15907 ns, At safepoint: 7390 ns, Total: 84630 ns
[2025-05-08T08:50:09.307+0000][71][info ][safepoint   ] Safepoint "Cleanup", Time since last: 1000466691 ns, Reaching safepoint: 45898 ns, Cleanup: 13120 ns, At safepoint: 7211 ns, Total: 66229 ns
[2025-05-08T08:50:11.308+0000][71][info ][safepoint   ] Safepoint "Cleanup", Time since last: 2000855705 ns, Reaching safepoint: 17073 ns, Cleanup: 22517 ns, At safepoint: 6875 ns, Total: 46465 ns
[2025-05-08T08:50:13.309+0000][71][info ][safepoint   ] Safepoint "Cleanup", Time since last: 2001029478 ns, Reaching safepoint: 16714 ns, Cleanup: 11469 ns, At safepoint: 6503 ns, Total: 34686 ns
[2025-05-08T08:50:14.310+0000][71][info ][safepoint   ] Safepoint "Cleanup", Time since last: 1000592561 ns, Reaching safepoint: 16922 ns, Cleanup: 21118 ns, At safepoint: 6805 ns, Total: 44845 ns
[2025-05-08T08:50:16.311+0000][71][info ][safepoint   ] Safepoint "Cleanup", Time since last: 2000889359 ns, Reaching safepoint: 81986 ns, Cleanup: 18229 ns, At safepoint: 10342 ns, Total: 110557 ns
[2025-05-08T08:50:17.312+0000][71][info ][safepoint   ] Safepoint "Cleanup", Time since last: 1000741400 ns, Reaching safepoint: 60415 ns, Cleanup: 20249 ns, At safepoint: 21419 ns, Total: 102083 ns
[2025-05-08T08:50:20.312+0000][71][info ][safepoint   ] Safepoint "Cleanup", Time since last: 3000786892 ns, Reaching safepoint: 17381 ns, Cleanup: 16864 ns, At safepoint: 8820 ns, Total: 43065 ns
[2025-05-08T08:50:21.313+0000][71][info ][safepoint   ] Safepoint "Cleanup", Time since last: 1000510528 ns, Reaching safepoint: 50189 ns, Cleanup: 13790 ns, At safepoint: 10215 ns, Total: 74194 ns
[2025-05-08T08:50:26.140+0000][71][info ][safepoint   ] Safepoint "Cleanup", Time since last: 4827186715 ns, Reaching safepoint: 61508 ns, Cleanup: 16503 ns, At safepoint: 8145 ns, Total: 86156 ns
[2025-05-08T08:50:27.141+0000][71][info ][safepoint   ] Safepoint "Cleanup", Time since last: 1000656536 ns, Reaching safepoint: 58400 ns, Cleanup: 22403 ns, At safepoint: 13684 ns, Total: 94487 ns
[2025-05-08T08:50:29.142+0000][71][info ][safepoint   ] Safepoint "Cleanup", Time since last: 2000824850 ns, Reaching safepoint: 26034 ns, Cleanup: 16076 ns, At safepoint: 9827 ns, Total: 51937 ns
[2025-05-08T08:50:31.140+0000][71][info ][safepoint   ] Safepoint "Cleanup", Time since last: 2000733991 ns, Reaching safepoint: 67452 ns, Cleanup: 18075 ns, At safepoint: 10664 ns, Total: 96191 ns
[2025-05-08T08:50:32.141+0000][71][info ][safepoint   ] Safepoint "Cleanup", Time since last: 1000578375 ns, Reaching safepoint: 50539 ns, Cleanup: 14191 ns, At safepoint: 10017 ns, Total: 74747 ns
[2025-05-08T08:50:35.142+0000][71][info ][safepoint   ] Safepoint "Cleanup", Time since last: 3001014275 ns, Reaching safepoint: 120309 ns, Cleanup: 24724 ns, At safepoint: 14421 ns, Total: 159454 ns
[2025-05-08T08:50:36.143+0000][71][info ][safepoint   ] Safepoint "Cleanup", Time since last: 1000542980 ns, Reaching safepoint: 45280 ns, Cleanup: 15900 ns, At safepoint: 7254 ns, Total: 68434 ns
[2025-05-08T08:50:38.144+0000][71][info ][safepoint   ] Safepoint "Cleanup", Time since last: 2000795664 ns, Reaching safepoint: 33593 ns, Cleanup: 25096 ns, At safepoint: 18799 ns, Total: 77488 ns
[2025-05-08T08:50:41.145+0000][71][info ][safepoint   ] Safepoint "Cleanup", Time since last: 3000957550 ns, Reaching safepoint: 29162 ns, Cleanup: 17996 ns, At safepoint: 12146 ns, Total: 59304 ns
[2025-05-08T08:50:42.146+0000][71][info ][safepoint   ] Safepoint "Cleanup", Time since last: 1000767049 ns, Reaching safepoint: 29172 ns, Cleanup: 18530 ns, At safepoint: 18167 ns, Total: 65869 ns
[2025-05-08T08:50:51.148+0000][71][info ][safepoint   ] Safepoint "Cleanup", Time since last: 9001882491 ns, Reaching safepoint: 307008 ns, Cleanup: 27995 ns, At safepoint: 21189 ns, Total: 356192 ns
[2025-05-08T08:50:53.149+0000][71][info ][safepoint   ] Safepoint "Cleanup", Time since last: 2001453296 ns, Reaching safepoint: 15202 ns, Cleanup: 12843 ns, At safepoint: 7722 ns, Total: 35767 ns
[2025-05-08T08:50:56.151+0000][71][info ][safepoint   ] Safepoint "Cleanup", Time since last: 3001235150 ns, Reaching safepoint: 29132 ns, Cleanup: 20067 ns, At safepoint: 17086 ns, Total: 66285 ns
[2025-05-08T08:50:58.152+0000][71][info ][safepoint   ] Safepoint "Cleanup", Time since last: 2001008498 ns, Reaching safepoint: 26848 ns, Cleanup: 49193 ns, At safepoint: 16988 ns, Total: 93029 ns
[2025-05-08T08:50:59.153+0000][71][info ][safepoint   ] Safepoint "Cleanup", Time since last: 1000912888 ns, Reaching safepoint: 27341 ns, Cleanup: 21259 ns, At safepoint: 16623 ns, Total: 65223 ns
[2025-05-08T08:51:01.152+0000][71][info ][safepoint   ] Safepoint "Cleanup", Time since last: 2000882602 ns, Reaching safepoint: 30357 ns, Cleanup: 25759 ns, At safepoint: 16507 ns, Total: 72623 ns
[2025-05-08T08:51:02.153+0000][71][info ][safepoint   ] Safepoint "Cleanup", Time since last: 1000648448 ns, Reaching safepoint: 16510 ns, Cleanup: 11452 ns, At safepoint: 7288 ns, Total: 35250 ns
[2025-05-08T08:51:05.154+0000][71][info ][safepoint   ] Safepoint "Cleanup", Time since last: 3000914825 ns, Reaching safepoint: 69253 ns, Cleanup: 21408 ns, At safepoint: 84073 ns, Total: 174734 ns
[2025-05-08T08:51:06.155+0000][71][info ][safepoint   ] Safepoint "Cleanup", Time since last: 1000656349 ns, Reaching safepoint: 28001 ns, Cleanup: 30123 ns, At safepoint: 16867 ns, Total: 74991 ns
[2025-05-08T08:51:07.969+0000][71][info ][safepoint   ] Safepoint "Cleanup", Time since last: 1814708785 ns, Reaching safepoint: 6050 ns, Cleanup: 19423 ns, At safepoint: 3351 ns, Total: 28824 ns
[2025-05-08T08:51:09.358+0000][71][info ][safepoint   ] Safepoint "Cleanup", Time since last: 1389047663 ns, Reaching safepoint: 27733 ns, Cleanup: 50928 ns, At safepoint: 16710 ns, Total: 95371 ns
[2025-05-08T08:51:11.359+0000][71][info ][safepoint   ] Safepoint "Cleanup", Time since last: 2000859304 ns, Reaching safepoint: 29063 ns, Cleanup: 46250 ns, At safepoint: 118735 ns, Total: 194048 ns
[2025-05-08T08:51:12.360+0000][71][info ][safepoint   ] Safepoint "Cleanup", Time since last: 1000716574 ns, Reaching safepoint: 27794 ns, Cleanup: 18034 ns, At safepoint: 15960 ns, Total: 61788 ns
[2025-05-08T08:51:13.361+0000][71][info ][safepoint   ] Safepoint "Cleanup", Time since last: 1000980129 ns, Reaching safepoint: 27847 ns, Cleanup: 15198 ns, At safepoint: 14607 ns, Total: 57652 ns
[2025-05-08T08:51:14.362+0000][71][info ][safepoint   ] Safepoint "Cleanup", Time since last: 1000911365 ns, Reaching safepoint: 27081 ns, Cleanup: 22179 ns, At safepoint: 15922 ns, Total: 65182 ns
[2025-05-08T08:51:15.363+0000][71][info ][safepoint   ] Safepoint "Cleanup", Time since last: 1000763945 ns, Reaching safepoint: 15663 ns, Cleanup: 12442 ns, At safepoint: 7415 ns, Total: 35520 ns
[2025-05-08T08:51:16.364+0000][71][info ][safepoint   ] Safepoint "Cleanup", Time since last: 1000699164 ns, Reaching safepoint: 28255 ns, Cleanup: 17220 ns, At safepoint: 15871 ns, Total: 61346 ns
[2025-05-08T08:51:17.365+0000][71][info ][safepoint   ] Safepoint "Cleanup", Time since last: 1000796473 ns, Reaching safepoint: 27846 ns, Cleanup: 16709 ns, At safepoint: 15746 ns, Total: 60301 ns
[2025-05-08T08:51:20.366+0000][71][info ][safepoint   ] Safepoint "Cleanup", Time since last: 3001199318 ns, Reaching safepoint: 40119 ns, Cleanup: 11827 ns, At safepoint: 8775 ns, Total: 60721 ns
[2025-05-08T08:51:21.367+0000][71][info ][safepoint   ] Safepoint "Cleanup", Time since last: 1000676393 ns, Reaching safepoint: 29448 ns, Cleanup: 28753 ns, At safepoint: 16403 ns, Total: 74604 ns
[2025-05-08T08:51:23.173+0000][71][info ][safepoint   ] Safepoint "Cleanup", Time since last: 1806767495 ns, Reaching safepoint: 15974 ns, Cleanup: 12145 ns, At safepoint: 7419 ns, Total: 35538 ns
[2025-05-08T08:51:26.175+0000][71][info ][safepoint   ] Safepoint "Cleanup", Time since last: 3000966171 ns, Reaching safepoint: 28592 ns, Cleanup: 18949 ns, At safepoint: 16115 ns, Total: 63656 ns
[2025-05-08T08:51:28.176+0000][71][info ][safepoint   ] Safepoint "Cleanup", Time since last: 2000932073 ns, Reaching safepoint: 29684 ns, Cleanup: 16493 ns, At safepoint: 17448 ns, Total: 63625 ns
[2025-05-08T08:51:32.174+0000][71][info ][safepoint   ] Safepoint "Cleanup", Time since last: 4001117080 ns, Reaching safepoint: 17079 ns, Cleanup: 13520 ns, At safepoint: 8029 ns, Total: 38628 ns
[2025-05-08T08:51:36.175+0000][71][info ][safepoint   ] Safepoint "Cleanup", Time since last: 4001041898 ns, Reaching safepoint: 36429 ns, Cleanup: 32958 ns, At safepoint: 8376 ns, Total: 77763 ns
[2025-05-08T08:51:37.176+0000][71][info ][safepoint   ] Safepoint "Cleanup", Time since last: 1000754715 ns, Reaching safepoint: 84066 ns, Cleanup: 17358 ns, At safepoint: 18123 ns, Total: 119547 ns
[2025-05-08T08:51:38.177+0000][71][info ][safepoint   ] Safepoint "Cleanup", Time since last: 1000738087 ns, Reaching safepoint: 30453 ns, Cleanup: 16904 ns, At safepoint: 17515 ns, Total: 64872 ns
[2025-05-08T08:51:41.178+0000][71][info ][safepoint   ] Safepoint "Cleanup", Time since last: 3001050700 ns, Reaching safepoint: 27434 ns, Cleanup: 15865 ns, At safepoint: 15793 ns, Total: 59092 ns
[2025-05-08T08:51:42.179+0000][71][info ][safepoint   ] Safepoint "Cleanup", Time since last: 1000779172 ns, Reaching safepoint: 29268 ns, Cleanup: 14791 ns, At safepoint: 16557 ns, Total: 60616 ns
[2025-05-08T08:51:43.180+0000][71][info ][safepoint   ] Safepoint "Cleanup", Time since last: 1000965624 ns, Reaching safepoint: 27576 ns, Cleanup: 28952 ns, At safepoint: 16113 ns, Total: 72641 ns
[2025-05-08T08:51:46.181+0000][71][info ][safepoint   ] Safepoint "Cleanup", Time since last: 3000935270 ns, Reaching safepoint: 16213 ns, Cleanup: 11425 ns, At safepoint: 8433 ns, Total: 36071 ns
[2025-05-08T08:51:47.182+0000][71][info ][safepoint   ] Safepoint "Cleanup", Time since last: 1000757454 ns, Reaching safepoint: 15465 ns, Cleanup: 20494 ns, At safepoint: 7295 ns, Total: 43254 ns
[2025-05-08T08:51:48.182+0000][71][info ][safepoint   ] Safepoint "Cleanup", Time since last: 1000703494 ns, Reaching safepoint: 25693 ns, Cleanup: 49895 ns, At safepoint: 15184 ns, Total: 90772 ns
[2025-05-08T08:51:50.183+0000][71][info ][safepoint   ] Safepoint "Cleanup", Time since last: 2000822104 ns, Reaching safepoint: 38816 ns, Cleanup: 11690 ns, At safepoint: 7662 ns, Total: 58168 ns
[2025-05-08T08:51:51.184+0000][71][info ][safepoint   ] Safepoint "Cleanup", Time since last: 1000892249 ns, Reaching safepoint: 26731 ns, Cleanup: 26093 ns, At safepoint: 15940 ns, Total: 68764 ns
[2025-05-08T08:51:53.185+0000][71][info ][safepoint   ] Safepoint "Cleanup", Time since last: 2001060754 ns, Reaching safepoint: 26870 ns, Cleanup: 20466 ns, At safepoint: 16245 ns, Total: 63581 ns
[2025-05-08T08:51:56.186+0000][71][info ][safepoint   ] Safepoint "Cleanup", Time since last: 3001016727 ns, Reaching safepoint: 15050 ns, Cleanup: 10791 ns, At safepoint: 29279 ns, Total: 55120 ns
[2025-05-08T08:51:57.187+0000][71][info ][safepoint   ] Safepoint "Cleanup", Time since last: 1000572197 ns, Reaching safepoint: 22708 ns, Cleanup: 14140 ns, At safepoint: 10789 ns, Total: 47637 ns
[2025-05-08T08:51:58.188+0000][71][info ][safepoint   ] Safepoint "Cleanup", Time since last: 1000710629 ns, Reaching safepoint: 29921 ns, Cleanup: 50012 ns, At safepoint: 17750 ns, Total: 97683 ns
[2025-05-08T08:51:59.189+0000][71][info ][safepoint   ] Safepoint "Cleanup", Time since last: 1000727626 ns, Reaching safepoint: 16093 ns, Cleanup: 12732 ns, At safepoint: 7233 ns, Total: 36058 ns
[2025-05-08T08:52:01.188+0000][71][info ][safepoint   ] Safepoint "Cleanup", Time since last: 2000660765 ns, Reaching safepoint: 15695 ns, Cleanup: 31887 ns, At safepoint: 7886 ns, Total: 55468 ns
[2025-05-08T08:52:02.188+0000][71][info ][safepoint   ] Safepoint "Cleanup", Time since last: 1000637703 ns, Reaching safepoint: 15690 ns, Cleanup: 12907 ns, At safepoint: 7848 ns, Total: 36445 ns
[2025-05-08T08:52:04.189+0000][71][info ][safepoint   ] Safepoint "Cleanup", Time since last: 2000748706 ns, Reaching safepoint: 64948 ns, Cleanup: 15517 ns, At safepoint: 29325 ns, Total: 109790 ns
[2025-05-08T08:52:05.190+0000][71][info ][safepoint   ] Safepoint "Cleanup", Time since last: 1000699919 ns, Reaching safepoint: 14178 ns, Cleanup: 11544 ns, At safepoint: 8180 ns, Total: 33902 ns
[2025-05-08T08:52:06.191+0000][71][info ][safepoint   ] Safepoint "Cleanup", Time since last: 1000913422 ns, Reaching safepoint: 26876 ns, Cleanup: 87940 ns, At safepoint: 20917 ns, Total: 135733 ns
[2025-05-08T08:52:07.192+0000][71][info ][safepoint   ] Safepoint "Cleanup", Time since last: 1000856392 ns, Reaching safepoint: 25351 ns, Cleanup: 14926 ns, At safepoint: 16382 ns, Total: 56659 ns
[2025-05-08T08:52:08.193+0000][71][info ][safepoint   ] Safepoint "Cleanup", Time since last: 1000850412 ns, Reaching safepoint: 25102 ns, Cleanup: 14929 ns, At safepoint: 14935 ns, Total: 54966 ns
[2025-05-08T08:52:10.918+0000][71][info ][safepoint   ] Safepoint "Cleanup", Time since last: 2725271792 ns, Reaching safepoint: 144112 ns, Cleanup: 21247 ns, At safepoint: 45977 ns, Total: 211336 ns
[2025-05-08T08:52:12.427+0000][71][info ][safepoint   ] Safepoint "Cleanup", Time since last: 1508746820 ns, Reaching safepoint: 27276 ns, Cleanup: 63887 ns, At safepoint: 16650 ns, Total: 107813 ns
[2025-05-08T08:52:13.428+0000][71][info ][safepoint   ] Safepoint "Cleanup", Time since last: 1000576942 ns, Reaching safepoint: 26494 ns, Cleanup: 16223 ns, At safepoint: 123684 ns, Total: 166401 ns
[2025-05-08T08:52:14.429+0000][71][info ][safepoint   ] Safepoint "Cleanup", Time since last: 1000789794 ns, Reaching safepoint: 25364 ns, Cleanup: 26447 ns, At safepoint: 14232 ns, Total: 66043 ns
[2025-05-08T08:52:16.430+0000][71][info ][safepoint   ] Safepoint "Cleanup", Time since last: 2001097349 ns, Reaching safepoint: 26072 ns, Cleanup: 16772 ns, At safepoint: 15548 ns, Total: 58392 ns
[2025-05-08T08:52:24.980+0000][71][info ][safepoint   ] Safepoint "Cleanup", Time since last: 8549860220 ns, Reaching safepoint: 13030 ns, Cleanup: 9461 ns, At safepoint: 18210 ns, Total: 40701 ns
[2025-05-08T08:52:26.121+0000][71][info ][safepoint   ] Safepoint "Cleanup", Time since last: 1140892212 ns, Reaching safepoint: 28090 ns, Cleanup: 100221 ns, At safepoint: 21107 ns, Total: 149418 ns
[2025-05-08T08:52:27.122+0000][71][info ][safepoint   ] Safepoint "Cleanup", Time since last: 1000601955 ns, Reaching safepoint: 29754 ns, Cleanup: 25298 ns, At safepoint: 15885 ns, Total: 70937 ns
[2025-05-08T08:52:28.122+0000][71][info ][safepoint   ] Safepoint "Cleanup", Time since last: 1000737951 ns, Reaching safepoint: 14790 ns, Cleanup: 15363 ns, At safepoint: 8394 ns, Total: 38547 ns
[2025-05-08T08:52:29.123+0000][71][info ][safepoint   ] Safepoint "Cleanup", Time since last: 1000794969 ns, Reaching safepoint: 28626 ns, Cleanup: 48526 ns, At safepoint: 16039 ns, Total: 93191 ns
[2025-05-08T08:52:30.122+0000][71][info ][safepoint   ] Safepoint "Cleanup", Time since last: 1000590839 ns, Reaching safepoint: 20782 ns, Cleanup: 17580 ns, At safepoint: 14118 ns, Total: 52480 ns
[2025-05-08T08:52:31.123+0000][71][info ][safepoint   ] Safepoint "Cleanup", Time since last: 1000587816 ns, Reaching safepoint: 21740 ns, Cleanup: 19180 ns, At safepoint: 10104 ns, Total: 51024 ns
[2025-05-08T08:52:32.123+0000][71][info ][safepoint   ] Safepoint "Cleanup", Time since last: 1000622653 ns, Reaching safepoint: 29899 ns, Cleanup: 29906 ns, At safepoint: 16167 ns, Total: 75972 ns
[2025-05-08T08:52:33.124+0000][71][info ][safepoint   ] Safepoint "Cleanup", Time since last: 1000690662 ns, Reaching safepoint: 16802 ns, Cleanup: 14107 ns, At safepoint: 8968 ns, Total: 39877 ns
[2025-05-08T08:52:34.125+0000][71][info ][safepoint   ] Safepoint "Cleanup", Time since last: 1000639062 ns, Reaching safepoint: 17360 ns, Cleanup: 14308 ns, At safepoint: 9740 ns, Total: 41408 ns
[2025-05-08T08:52:35.126+0000][71][info ][safepoint   ] Safepoint "Cleanup", Time since last: 1000739449 ns, Reaching safepoint: 70873 ns, Cleanup: 25429 ns, At safepoint: 16111 ns, Total: 112413 ns
[2025-05-08T08:52:36.126+0000][71][info ][safepoint   ] Safepoint "Cleanup", Time since last: 1000696157 ns, Reaching safepoint: 25441 ns, Cleanup: 36154 ns, At safepoint: 16613 ns, Total: 78208 ns
[2025-05-08T08:52:37.127+0000][71][info ][safepoint   ] Safepoint "Cleanup", Time since last: 1000838953 ns, Reaching safepoint: 29793 ns, Cleanup: 26268 ns, At safepoint: 17092 ns, Total: 73153 ns
[2025-05-08T08:52:38.128+0000][71][info ][safepoint   ] Safepoint "Cleanup", Time since last: 1000654604 ns, Reaching safepoint: 28516 ns, Cleanup: 19840 ns, At safepoint: 18471 ns, Total: 66827 ns
[2025-05-08T08:52:41.129+0000][71][info ][safepoint   ] Safepoint "Cleanup", Time since last: 3000928778 ns, Reaching safepoint: 28450 ns, Cleanup: 30752 ns, At safepoint: 19864 ns, Total: 79066 ns
[2025-05-08T08:52:42.130+0000][71][info ][safepoint   ] Safepoint "Cleanup", Time since last: 1000637174 ns, Reaching safepoint: 18947 ns, Cleanup: 16472 ns, At safepoint: 10443 ns, Total: 45862 ns
[2025-05-08T08:52:43.131+0000][71][info ][safepoint   ] Safepoint "Cleanup", Time since last: 1000748223 ns, Reaching safepoint: 25116 ns, Cleanup: 24924 ns, At safepoint: 12007 ns, Total: 62047 ns
[2025-05-08T08:52:44.131+0000][71][info ][safepoint   ] Safepoint "Cleanup", Time since last: 1000652999 ns, Reaching safepoint: 25693 ns, Cleanup: 18204 ns, At safepoint: 13351 ns, Total: 57248 ns
[2025-05-08T08:52:46.132+0000][71][info ][safepoint   ] Safepoint "Cleanup", Time since last: 2001039373 ns, Reaching safepoint: 21570 ns, Cleanup: 17270 ns, At safepoint: 11515 ns, Total: 50355 ns
[2025-05-08T08:52:47.133+0000][71][info ][safepoint   ] Safepoint "Cleanup", Time since last: 1000647096 ns, Reaching safepoint: 16633 ns, Cleanup: 18026 ns, At safepoint: 9396 ns, Total: 44055 ns
[2025-05-08T08:52:48.134+0000][71][info ][safepoint   ] Safepoint "Cleanup", Time since last: 1000731411 ns, Reaching safepoint: 24570 ns, Cleanup: 26593 ns, At safepoint: 11694 ns, Total: 62857 ns
[2025-05-08T08:52:50.135+0000][71][info ][safepoint   ] Safepoint "Cleanup", Time since last: 2001248068 ns, Reaching safepoint: 213807 ns, Cleanup: 26376 ns, At safepoint: 17373 ns, Total: 257556 ns
[2025-05-08T08:52:51.136+0000][71][info ][safepoint   ] Safepoint "Cleanup", Time since last: 1000607145 ns, Reaching safepoint: 23783 ns, Cleanup: 23450 ns, At safepoint: 10512 ns, Total: 57745 ns
[2025-05-08T08:52:52.137+0000][71][info ][safepoint   ] Safepoint "Cleanup", Time since last: 1000713912 ns, Reaching safepoint: 29072 ns, Cleanup: 21711 ns, At safepoint: 12886 ns, Total: 63669 ns
[2025-05-08T08:52:53.138+0000][71][info ][safepoint   ] Safepoint "Cleanup", Time since last: 1000724295 ns, Reaching safepoint: 26143 ns, Cleanup: 23551 ns, At safepoint: 15757 ns, Total: 65451 ns
[2025-05-08T08:52:56.139+0000][71][info ][safepoint   ] Safepoint "Cleanup", Time since last: 3001044888 ns, Reaching safepoint: 16152 ns, Cleanup: 24064 ns, At safepoint: 8462 ns, Total: 48678 ns
[2025-05-08T08:52:57.140+0000][71][info ][safepoint   ] Safepoint "Cleanup", Time since last: 1000834858 ns, Reaching safepoint: 385079 ns, Cleanup: 24154 ns, At safepoint: 31690 ns, Total: 440923 ns
[2025-05-08T08:52:58.141+0000][71][info ][safepoint   ] Safepoint "Cleanup", Time since last: 1000711539 ns, Reaching safepoint: 16924 ns, Cleanup: 21768 ns, At safepoint: 8899 ns, Total: 47591 ns
[2025-05-08T08:52:59.141+0000][71][info ][safepoint   ] Safepoint "Cleanup", Time since last: 1000677639 ns, Reaching safepoint: 19920 ns, Cleanup: 32886 ns, At safepoint: 14461 ns, Total: 67267 ns
[2025-05-08T08:53:00.140+0000][71][info ][safepoint   ] Safepoint "Cleanup", Time since last: 1000688389 ns, Reaching safepoint: 33856 ns, Cleanup: 20066 ns, At safepoint: 19943 ns, Total: 73865 ns
[2025-05-08T08:53:01.141+0000][71][info ][safepoint   ] Safepoint "Cleanup", Time since last: 1000754065 ns, Reaching safepoint: 27285 ns, Cleanup: 33251 ns, At safepoint: 17109 ns, Total: 77645 ns
[2025-05-08T08:53:02.447+0000][71][info ][safepoint   ] Safepoint "Cleanup", Time since last: 1306019301 ns, Reaching safepoint: 104104 ns, Cleanup: 60251 ns, At safepoint: 43272 ns, Total: 207627 ns
[2025-05-08T08:53:03.454+0000][71][info ][safepoint   ] Safepoint "Cleanup", Time since last: 1006864795 ns, Reaching safepoint: 113520 ns, Cleanup: 36512 ns, At safepoint: 36900 ns, Total: 186932 ns
[2025-05-08T08:53:04.500+0000][71][info ][safepoint   ] Safepoint "Cleanup", Time since last: 1045925079 ns, Reaching safepoint: 30054 ns, Cleanup: 24936 ns, At safepoint: 19355 ns, Total: 74345 ns
[2025-05-08T08:53:05.501+0000][71][info ][safepoint   ] Safepoint "Cleanup", Time since last: 1000640474 ns, Reaching safepoint: 41718 ns, Cleanup: 18446 ns, At safepoint: 8816 ns, Total: 68980 ns
[2025-05-08T08:53:07.089+0000][71][info ][safepoint   ] Safepoint "Cleanup", Time since last: 1588233771 ns, Reaching safepoint: 22371 ns, Cleanup: 38640 ns, At safepoint: 21633 ns, Total: 82644 ns
[2025-05-08T08:53:08.094+0000][71][info ][safepoint   ] Safepoint "Cleanup", Time since last: 1005211476 ns, Reaching safepoint: 28907 ns, Cleanup: 26757 ns, At safepoint: 19772 ns, Total: 75436 ns
[2025-05-08T08:53:11.096+0000][71][info ][safepoint   ] Safepoint "Cleanup", Time since last: 3001045974 ns, Reaching safepoint: 29343 ns, Cleanup: 26440 ns, At safepoint: 19175 ns, Total: 74958 ns
[2025-05-08T08:53:13.915+0000][71][info ][safepoint   ] Safepoint "Cleanup", Time since last: 2819590131 ns, Reaching safepoint: 21119 ns, Cleanup: 22283 ns, At safepoint: 63059 ns, Total: 106461 ns
[2025-05-08T08:53:15.532+0000][71][info ][safepoint   ] Safepoint "Cleanup", Time since last: 1616354222 ns, Reaching safepoint: 5237 ns, Cleanup: 52303 ns, At safepoint: 12929 ns, Total: 70469 ns
[2025-05-08T08:53:16.535+0000][71][info ][safepoint   ] Safepoint "Cleanup", Time since last: 1003614326 ns, Reaching safepoint: 22643 ns, Cleanup: 27317 ns, At safepoint: 11831 ns, Total: 61791 ns
[2025-05-08T08:53:17.537+0000][71][info ][safepoint   ] Safepoint "Cleanup", Time since last: 1001872452 ns, Reaching safepoint: 93160 ns, Cleanup: 21315 ns, At safepoint: 22280 ns, Total: 136755 ns
[2025-05-08T08:53:20.538+0000][71][info ][safepoint   ] Safepoint "Cleanup", Time since last: 3000948290 ns, Reaching safepoint: 20362 ns, Cleanup: 15622 ns, At safepoint: 9369 ns, Total: 45353 ns
[2025-05-08T08:53:21.539+0000][71][info ][safepoint   ] Safepoint "Cleanup", Time since last: 1000620067 ns, Reaching safepoint: 68749 ns, Cleanup: 23581 ns, At safepoint: 16304 ns, Total: 108634 ns
[2025-05-08T08:53:23.249+0000][71][info ][safepoint   ] Safepoint "Cleanup", Time since last: 1709940991 ns, Reaching safepoint: 27443 ns, Cleanup: 24909 ns, At safepoint: 16714 ns, Total: 69066 ns
[2025-05-08T08:53:25.237+0000][71][info ][safepoint   ] Safepoint "Cleanup", Time since last: 1988033575 ns, Reaching safepoint: 85059 ns, Cleanup: 20606 ns, At safepoint: 15679 ns, Total: 121344 ns
[2025-05-08T08:53:26.284+0000][71][info ][safepoint   ] Safepoint "Cleanup", Time since last: 1047100473 ns, Reaching safepoint: 15886 ns, Cleanup: 26269 ns, At safepoint: 8668 ns, Total: 50823 ns
[2025-05-08T08:53:28.285+0000][71][info ][safepoint   ] Safepoint "Cleanup", Time since last: 2000803695 ns, Reaching safepoint: 29658 ns, Cleanup: 16661 ns, At safepoint: 19653 ns, Total: 65972 ns
[2025-05-08T08:53:29.288+0000][71][info ][safepoint   ] Safepoint "Cleanup", Time since last: 1002475641 ns, Reaching safepoint: 23236 ns, Cleanup: 14563 ns, At safepoint: 10459 ns, Total: 48258 ns
[2025-05-08T08:53:31.287+0000][71][info ][safepoint   ] Safepoint "Cleanup", Time since last: 2000830015 ns, Reaching safepoint: 27131 ns, Cleanup: 22520 ns, At safepoint: 17159 ns, Total: 66810 ns
[2025-05-08T08:53:32.288+0000][71][info ][safepoint   ] Safepoint "Cleanup", Time since last: 1000632251 ns, Reaching safepoint: 27612 ns, Cleanup: 14824 ns, At safepoint: 16648 ns, Total: 59084 ns
[2025-05-08T08:53:33.288+0000][71][info ][safepoint   ] Safepoint "Cleanup", Time since last: 1000682103 ns, Reaching safepoint: 22339 ns, Cleanup: 15010 ns, At safepoint: 14059 ns, Total: 51408 ns
[2025-05-08T08:53:36.289+0000][71][info ][safepoint   ] Safepoint "Cleanup", Time since last: 3000949547 ns, Reaching safepoint: 40336 ns, Cleanup: 18677 ns, At safepoint: 8116 ns, Total: 67129 ns
[2025-05-08T08:53:37.290+0000][71][info ][safepoint   ] Safepoint "Cleanup", Time since last: 1000731220 ns, Reaching safepoint: 15826 ns, Cleanup: 10900 ns, At safepoint: 7738 ns, Total: 34464 ns
[2025-05-08T08:53:39.291+0000][71][info ][safepoint   ] Safepoint "Cleanup", Time since last: 2000683345 ns, Reaching safepoint: 16739 ns, Cleanup: 12304 ns, At safepoint: 8460 ns, Total: 37503 ns
[2025-05-08T08:53:42.293+0000][71][info ][safepoint   ] Safepoint "Cleanup", Time since last: 3001771882 ns, Reaching safepoint: 30245 ns, Cleanup: 23162 ns, At safepoint: 19463 ns, Total: 72870 ns
[2025-05-08T08:53:47.294+0000][71][info ][safepoint   ] Safepoint "Cleanup", Time since last: 5001246603 ns, Reaching safepoint: 26564 ns, Cleanup: 20680 ns, At safepoint: 14507 ns, Total: 61751 ns
[2025-05-08T08:53:50.295+0000][71][info ][safepoint   ] Safepoint "Cleanup", Time since last: 3001036426 ns, Reaching safepoint: 28754 ns, Cleanup: 23809 ns, At safepoint: 17058 ns, Total: 69621 ns
[2025-05-08T08:53:51.296+0000][71][info ][safepoint   ] Safepoint "Cleanup", Time since last: 1000634537 ns, Reaching safepoint: 28426 ns, Cleanup: 21665 ns, At safepoint: 16873 ns, Total: 66964 ns
[2025-05-08T08:53:52.296+0000][71][info ][safepoint   ] Safepoint "Cleanup", Time since last: 1000586698 ns, Reaching safepoint: 50820 ns, Cleanup: 16762 ns, At safepoint: 10429 ns, Total: 78011 ns
[2025-05-08T08:53:53.297+0000][71][info ][safepoint   ] Safepoint "Cleanup", Time since last: 1000785867 ns, Reaching safepoint: 28033 ns, Cleanup: 17010 ns, At safepoint: 17273 ns, Total: 62316 ns
[2025-05-08T08:53:56.298+0000][71][info ][safepoint   ] Safepoint "Cleanup", Time since last: 3000978700 ns, Reaching safepoint: 22541 ns, Cleanup: 28159 ns, At safepoint: 10093 ns, Total: 60793 ns
[2025-05-08T08:53:57.302+0000][71][info ][safepoint   ] Safepoint "Cleanup", Time since last: 1003675739 ns, Reaching safepoint: 20953 ns, Cleanup: 16503 ns, At safepoint: 11719 ns, Total: 49175 ns
[2025-05-08T08:53:58.303+0000][71][info ][safepoint   ] Safepoint "Cleanup", Time since last: 1000513112 ns, Reaching safepoint: 22003 ns, Cleanup: 21357 ns, At safepoint: 10797 ns, Total: 54157 ns
[2025-05-08T08:54:01.302+0000][71][info ][safepoint   ] Safepoint "Cleanup", Time since last: 3001055490 ns, Reaching safepoint: 30740 ns, Cleanup: 17683 ns, At safepoint: 19464 ns, Total: 67887 ns
[2025-05-08T08:54:02.302+0000][71][info ][safepoint   ] Safepoint "Cleanup", Time since last: 1000654655 ns, Reaching safepoint: 31783 ns, Cleanup: 20707 ns, At safepoint: 19124 ns, Total: 71614 ns
[2025-05-08T08:54:03.303+0000][71][info ][safepoint   ] Safepoint "Cleanup", Time since last: 1000667454 ns, Reaching safepoint: 35413 ns, Cleanup: 37153 ns, At safepoint: 18498 ns, Total: 91064 ns
[2025-05-08T08:54:05.304+0000][71][info ][safepoint   ] Safepoint "Cleanup", Time since last: 2001002091 ns, Reaching safepoint: 28490 ns, Cleanup: 15168 ns, At safepoint: 17446 ns, Total: 61104 ns
[2025-05-08T08:54:06.305+0000][71][info ][safepoint   ] Safepoint "Cleanup", Time since last: 1000863678 ns, Reaching safepoint: 27787 ns, Cleanup: 17550 ns, At safepoint: 17308 ns, Total: 62645 ns
[2025-05-08T08:54:07.306+0000][71][info ][safepoint   ] Safepoint "Cleanup", Time since last: 1000682240 ns, Reaching safepoint: 68381 ns, Cleanup: 15814 ns, At safepoint: 29354 ns, Total: 113549 ns
[2025-05-08T08:54:12.307+0000][71][info ][safepoint   ] Safepoint "Cleanup", Time since last: 5001391070 ns, Reaching safepoint: 24877 ns, Cleanup: 18926 ns, At safepoint: 10010 ns, Total: 53813 ns
[2025-05-08T08:54:13.308+0000][71][info ][safepoint   ] Safepoint "Cleanup", Time since last: 1000971310 ns, Reaching safepoint: 21422 ns, Cleanup: 14734 ns, At safepoint: 10811 ns, Total: 46967 ns
[2025-05-08T08:54:14.312+0000][71][info ][safepoint   ] Safepoint "Cleanup", Time since last: 1003665805 ns, Reaching safepoint: 22432 ns, Cleanup: 18393 ns, At safepoint: 31044 ns, Total: 71869 ns
[2025-05-08T08:54:15.313+0000][71][info ][safepoint   ] Safepoint "Cleanup", Time since last: 1000681395 ns, Reaching safepoint: 27847 ns, Cleanup: 20881 ns, At safepoint: 16704 ns, Total: 65432 ns
[2025-05-08T08:54:16.313+0000][71][info ][safepoint   ] Safepoint "Cleanup", Time since last: 1000666636 ns, Reaching safepoint: 15884 ns, Cleanup: 13040 ns, At safepoint: 7951 ns, Total: 36875 ns
[2025-05-08T08:54:17.554+0000][71][info ][safepoint   ] Safepoint "Cleanup", Time since last: 1240830188 ns, Reaching safepoint: 5569 ns, Cleanup: 23185 ns, At safepoint: 14727 ns, Total: 43481 ns
[2025-05-08T08:54:18.569+0000][71][info ][safepoint   ] Safepoint "Cleanup", Time since last: 1014545282 ns, Reaching safepoint: 54221 ns, Cleanup: 19306 ns, At safepoint: 8764 ns, Total: 82291 ns
[2025-05-08T08:54:20.573+0000][71][info ][safepoint   ] Safepoint "Cleanup", Time since last: 2004115608 ns, Reaching safepoint: 20006 ns, Cleanup: 17465 ns, At safepoint: 10775 ns, Total: 48246 ns
[2025-05-08T08:54:21.574+0000][71][info ][safepoint   ] Safepoint "Cleanup", Time since last: 1000638142 ns, Reaching safepoint: 18008 ns, Cleanup: 19439 ns, At safepoint: 9094 ns, Total: 46541 ns
[2025-05-08T08:54:23.279+0000][71][info ][safepoint   ] Safepoint "Cleanup", Time since last: 1705359995 ns, Reaching safepoint: 16621 ns, Cleanup: 15527 ns, At safepoint: 8519 ns, Total: 40667 ns
[2025-05-08T08:54:25.280+0000][71][info ][safepoint   ] Safepoint "Cleanup", Time since last: 2000657808 ns, Reaching safepoint: 22527 ns, Cleanup: 14481 ns, At safepoint: 10090 ns, Total: 47098 ns
[2025-05-08T08:54:26.552+0000][71][info ][safepoint   ] Safepoint "Cleanup", Time since last: 1272341092 ns, Reaching safepoint: 28455 ns, Cleanup: 41712 ns, At safepoint: 17401 ns, Total: 87568 ns
[2025-05-08T08:54:27.553+0000][71][info ][safepoint   ] Safepoint "Cleanup", Time since last: 1000625824 ns, Reaching safepoint: 30371 ns, Cleanup: 16163 ns, At safepoint: 18701 ns, Total: 65235 ns
[2025-05-08T08:54:30.552+0000][71][info ][safepoint   ] Safepoint "Cleanup", Time since last: 3000986510 ns, Reaching safepoint: 24475 ns, Cleanup: 17046 ns, At safepoint: 10474 ns, Total: 51995 ns
[2025-05-08T08:54:31.553+0000][71][info ][safepoint   ] Safepoint "Cleanup", Time since last: 1000644497 ns, Reaching safepoint: 29584 ns, Cleanup: 31479 ns, At safepoint: 17662 ns, Total: 78725 ns
[2025-05-08T08:54:32.553+0000][71][info ][safepoint   ] Safepoint "Cleanup", Time since last: 1000677549 ns, Reaching safepoint: 19243 ns, Cleanup: 20075 ns, At safepoint: 8750 ns, Total: 48068 ns
[2025-05-08T08:54:33.554+0000][71][info ][safepoint   ] Safepoint "Cleanup", Time since last: 1000700272 ns, Reaching safepoint: 28983 ns, Cleanup: 17174 ns, At safepoint: 16747 ns, Total: 62904 ns
[2025-05-08T08:54:35.555+0000][71][info ][safepoint   ] Safepoint "Cleanup", Time since last: 2000919415 ns, Reaching safepoint: 27982 ns, Cleanup: 22680 ns, At safepoint: 16733 ns, Total: 67395 ns
[2025-05-08T08:54:36.556+0000][71][info ][safepoint   ] Safepoint "Cleanup", Time since last: 1000692971 ns, Reaching safepoint: 21702 ns, Cleanup: 15037 ns, At safepoint: 10595 ns, Total: 47334 ns
[2025-05-08T08:54:37.557+0000][71][info ][safepoint   ] Safepoint "Cleanup", Time since last: 1000738763 ns, Reaching safepoint: 74067 ns, Cleanup: 16244 ns, At safepoint: 19567 ns, Total: 109878 ns
[2025-05-08T08:54:40.558+0000][71][info ][safepoint   ] Safepoint "Cleanup", Time since last: 3000923765 ns, Reaching safepoint: 27865 ns, Cleanup: 18754 ns, At safepoint: 15467 ns, Total: 62086 ns
[2025-05-08T08:54:42.559+0000][71][info ][safepoint   ] Safepoint "Cleanup", Time since last: 2000865748 ns, Reaching safepoint: 31315 ns, Cleanup: 19407 ns, At safepoint: 18730 ns, Total: 69452 ns
[2025-05-08T08:54:43.560+0000][71][info ][safepoint   ] Safepoint "Cleanup", Time since last: 1000757527 ns, Reaching safepoint: 32887 ns, Cleanup: 19922 ns, At safepoint: 18802 ns, Total: 71611 ns
[2025-05-08T08:54:46.563+0000][71][info ][safepoint   ] Safepoint "Cleanup", Time since last: 3003670757 ns, Reaching safepoint: 27695 ns, Cleanup: 18595 ns, At safepoint: 17076 ns, Total: 63366 ns
[2025-05-08T08:54:47.564+0000][71][info ][safepoint   ] Safepoint "Cleanup", Time since last: 1000583619 ns, Reaching safepoint: 23376 ns, Cleanup: 19183 ns, At safepoint: 10528 ns, Total: 53087 ns
[2025-05-08T08:54:50.565+0000][71][info ][safepoint   ] Safepoint "Cleanup", Time since last: 3001260176 ns, Reaching safepoint: 28984 ns, Cleanup: 21135 ns, At safepoint: 16155 ns, Total: 66274 ns
[2025-05-08T08:54:51.566+0000][71][info ][safepoint   ] Safepoint "Cleanup", Time since last: 1000640237 ns, Reaching safepoint: 17302 ns, Cleanup: 14776 ns, At safepoint: 11989 ns, Total: 44067 ns
[2025-05-08T08:54:56.567+0000][71][info ][safepoint   ] Safepoint "Cleanup", Time since last: 5001204279 ns, Reaching safepoint: 70740 ns, Cleanup: 15484 ns, At safepoint: 18056 ns, Total: 104280 ns
[2025-05-08T08:54:57.568+0000][71][info ][safepoint   ] Safepoint "Cleanup", Time since last: 1000676937 ns, Reaching safepoint: 28293 ns, Cleanup: 17619 ns, At safepoint: 16361 ns, Total: 62273 ns
[2025-05-08T08:54:58.569+0000][71][info ][safepoint   ] Safepoint "Cleanup", Time since last: 1000788621 ns, Reaching safepoint: 32231 ns, Cleanup: 35489 ns, At safepoint: 19461 ns, Total: 87181 ns
[2025-05-08T08:54:59.593+0000][71][info ][safepoint   ] Safepoint "Cleanup", Time since last: 1024046289 ns, Reaching safepoint: 138441 ns, Cleanup: 37777 ns, At safepoint: 32751 ns, Total: 208969 ns
[2025-05-08T08:55:00.603+0000][71][info ][safepoint   ] Safepoint "Cleanup", Time since last: 1010940655 ns, Reaching safepoint: 26717 ns, Cleanup: 22243 ns, At safepoint: 16211 ns, Total: 65171 ns
[2025-05-08T08:55:02.603+0000][71][info ][safepoint   ] Safepoint "Cleanup", Time since last: 2000804831 ns, Reaching safepoint: 17913 ns, Cleanup: 15269 ns, At safepoint: 8740 ns, Total: 41922 ns
[2025-05-08T08:55:05.604+0000][71][info ][safepoint   ] Safepoint "Cleanup", Time since last: 3000852529 ns, Reaching safepoint: 30910 ns, Cleanup: 18766 ns, At safepoint: 18231 ns, Total: 67907 ns
[2025-05-08T08:55:08.605+0000][71][info ][safepoint   ] Safepoint "Cleanup", Time since last: 3000937458 ns, Reaching safepoint: 75221 ns, Cleanup: 18677 ns, At safepoint: 12773 ns, Total: 106671 ns
[2025-05-08T08:55:11.610+0000][71][info ][safepoint   ] Safepoint "Cleanup", Time since last: 3004623878 ns, Reaching safepoint: 27374 ns, Cleanup: 14616 ns, At safepoint: 15431 ns, Total: 57421 ns
[2025-05-08T08:55:12.611+0000][71][info ][safepoint   ] Safepoint "Cleanup", Time since last: 1000679706 ns, Reaching safepoint: 26400 ns, Cleanup: 14200 ns, At safepoint: 11485 ns, Total: 52085 ns
[2025-05-08T08:55:13.611+0000][71][info ][safepoint   ] Safepoint "Cleanup", Time since last: 1000590297 ns, Reaching safepoint: 28108 ns, Cleanup: 19285 ns, At safepoint: 16607 ns, Total: 64000 ns
[2025-05-08T08:55:14.612+0000][71][info ][safepoint   ] Safepoint "Cleanup", Time since last: 1000659921 ns, Reaching safepoint: 27577 ns, Cleanup: 20346 ns, At safepoint: 16516 ns, Total: 64439 ns
[2025-05-08T08:55:15.613+0000][71][info ][safepoint   ] Safepoint "Cleanup", Time since last: 1000640279 ns, Reaching safepoint: 23152 ns, Cleanup: 15186 ns, At safepoint: 11472 ns, Total: 49810 ns
[2025-05-08T08:55:16.614+0000][71][info ][safepoint   ] Safepoint "Cleanup", Time since last: 1000680402 ns, Reaching safepoint: 16282 ns, Cleanup: 15059 ns, At safepoint: 7889 ns, Total: 39230 ns
[2025-05-08T08:55:17.614+0000][71][info ][safepoint   ] Safepoint "Cleanup", Time since last: 1000652560 ns, Reaching safepoint: 28239 ns, Cleanup: 31614 ns, At safepoint: 17555 ns, Total: 77408 ns
[2025-05-08T08:55:18.615+0000][71][info ][safepoint   ] Safepoint "Cleanup", Time since last: 1000607110 ns, Reaching safepoint: 21619 ns, Cleanup: 21393 ns, At safepoint: 10871 ns, Total: 53883 ns
[2025-05-08T08:55:19.906+0000][71][info ][safepoint   ] Safepoint "Cleanup", Time since last: 1290850157 ns, Reaching safepoint: 15120 ns, Cleanup: 35152 ns, At safepoint: 93297 ns, Total: 143569 ns
[2025-05-08T08:55:21.645+0000][71][info ][safepoint   ] Safepoint "Cleanup", Time since last: 1738675863 ns, Reaching safepoint: 27083 ns, Cleanup: 34753 ns, At safepoint: 14493 ns, Total: 76329 ns
[2025-05-08T08:55:23.310+0000][71][info ][safepoint   ] Safepoint "Cleanup", Time since last: 1664737228 ns, Reaching safepoint: 21182 ns, Cleanup: 15172 ns, At safepoint: 8649 ns, Total: 45003 ns
[2025-05-08T08:55:25.811+0000][71][info ][safepoint   ] Safepoint "Cleanup", Time since last: 2500966665 ns, Reaching safepoint: 12195 ns, Cleanup: 11616 ns, At safepoint: 17830 ns, Total: 41641 ns
[2025-05-08T08:55:26.814+0000][71][info ][safepoint   ] Safepoint "Cleanup", Time since last: 1003778526 ns, Reaching safepoint: 23103 ns, Cleanup: 70714 ns, At safepoint: 14694 ns, Total: 108511 ns
[2025-05-08T08:55:28.815+0000][71][info ][safepoint   ] Safepoint "Cleanup", Time since last: 2000741235 ns, Reaching safepoint: 24412 ns, Cleanup: 16518 ns, At safepoint: 11471 ns, Total: 52401 ns
[2025-05-08T08:55:29.818+0000][71][info ][safepoint   ] Safepoint "Cleanup", Time since last: 1002690151 ns, Reaching safepoint: 15906 ns, Cleanup: 13043 ns, At safepoint: 8819 ns, Total: 37768 ns
[2025-05-08T08:55:31.818+0000][71][info ][safepoint   ] Safepoint "Cleanup", Time since last: 2002955195 ns, Reaching safepoint: 30084 ns, Cleanup: 21445 ns, At safepoint: 17905 ns, Total: 69434 ns
[2025-05-08T08:55:33.819+0000][71][info ][safepoint   ] Safepoint "Cleanup", Time since last: 2000908761 ns, Reaching safepoint: 30736 ns, Cleanup: 17529 ns, At safepoint: 17063 ns, Total: 65328 ns
[2025-05-08T08:55:35.820+0000][71][info ][safepoint   ] Safepoint "Cleanup", Time since last: 2000701160 ns, Reaching safepoint: 16546 ns, Cleanup: 16092 ns, At safepoint: 7965 ns, Total: 40603 ns
[2025-05-08T08:55:37.823+0000][71][info ][safepoint   ] Safepoint "Cleanup", Time since last: 2002713014 ns, Reaching safepoint: 30014 ns, Cleanup: 17393 ns, At safepoint: 18420 ns, Total: 65827 ns
[2025-05-08T08:55:41.824+0000][71][info ][safepoint   ] Safepoint "Cleanup", Time since last: 4001047575 ns, Reaching safepoint: 59993 ns, Cleanup: 15984 ns, At safepoint: 11074 ns, Total: 87051 ns
[2025-05-08T08:55:42.824+0000][71][info ][safepoint   ] Safepoint "Cleanup", Time since last: 1000666472 ns, Reaching safepoint: 26591 ns, Cleanup: 25207 ns, At safepoint: 17517 ns, Total: 69315 ns
[2025-05-08T08:55:43.825+0000][71][info ][safepoint   ] Safepoint "Cleanup", Time since last: 1000767646 ns, Reaching safepoint: 24412 ns, Cleanup: 16885 ns, At safepoint: 12976 ns, Total: 54273 ns
[2025-05-08T08:55:44.829+0000][71][info ][safepoint   ] Safepoint "Cleanup", Time since last: 1004125546 ns, Reaching safepoint: 28581 ns, Cleanup: 20551 ns, At safepoint: 16079 ns, Total: 65211 ns
[2025-05-08T08:55:46.830+0000][71][info ][safepoint   ] Safepoint "Cleanup", Time since last: 2000862206 ns, Reaching safepoint: 29197 ns, Cleanup: 23889 ns, At safepoint: 81487 ns, Total: 134573 ns
[2025-05-08T08:55:50.835+0000][71][info ][safepoint   ] Safepoint "Cleanup", Time since last: 4003996595 ns, Reaching safepoint: 21495 ns, Cleanup: 18837 ns, At safepoint: 10458 ns, Total: 50790 ns
[2025-05-08T08:55:53.836+0000][71][info ][safepoint   ] Safepoint "Cleanup", Time since last: 3001154056 ns, Reaching safepoint: 24393 ns, Cleanup: 16807 ns, At safepoint: 11030 ns, Total: 52230 ns
[2025-05-08T08:55:56.844+0000][71][info ][safepoint   ] Safepoint "Cleanup", Time since last: 3008033585 ns, Reaching safepoint: 53560 ns, Cleanup: 17108 ns, At safepoint: 10751 ns, Total: 81419 ns
[2025-05-08T08:55:57.845+0000][71][info ][safepoint   ] Safepoint "Cleanup", Time since last: 1000631668 ns, Reaching safepoint: 15581 ns, Cleanup: 16815 ns, At safepoint: 7261 ns, Total: 39657 ns
[2025-05-08T08:55:58.845+0000][71][info ][safepoint   ] Safepoint "Cleanup", Time since last: 1000616190 ns, Reaching safepoint: 16745 ns, Cleanup: 12637 ns, At safepoint: 8161 ns, Total: 37543 ns
[2025-05-08T08:55:59.846+0000][71][info ][safepoint   ] Safepoint "Cleanup", Time since last: 1000621532 ns, Reaching safepoint: 28918 ns, Cleanup: 18844 ns, At safepoint: 16493 ns, Total: 64255 ns
[2025-05-08T08:56:00.845+0000][71][info ][safepoint   ] Safepoint "Cleanup", Time since last: 1000632618 ns, Reaching safepoint: 23398 ns, Cleanup: 16366 ns, At safepoint: 10948 ns, Total: 50712 ns
[2025-05-08T08:56:01.845+0000][71][info ][safepoint   ] Safepoint "Cleanup", Time since last: 1000507374 ns, Reaching safepoint: 22735 ns, Cleanup: 20094 ns, At safepoint: 10930 ns, Total: 53759 ns
[2025-05-08T08:56:02.867+0000][71][info ][safepoint   ] Safepoint "Cleanup", Time since last: 1021613252 ns, Reaching safepoint: 33453 ns, Cleanup: 23321 ns, At safepoint: 19232 ns, Total: 76006 ns
[2025-05-08T08:56:08.869+0000][71][info ][safepoint   ] Safepoint "Cleanup", Time since last: 6001948576 ns, Reaching safepoint: 24245 ns, Cleanup: 15962 ns, At safepoint: 11843 ns, Total: 52050 ns
[2025-05-08T08:56:11.871+0000][71][info ][safepoint   ] Safepoint "Cleanup", Time since last: 3001325082 ns, Reaching safepoint: 44696 ns, Cleanup: 18116 ns, At safepoint: 7441 ns, Total: 70253 ns
[2025-05-08T08:56:14.871+0000][71][info ][safepoint   ] Safepoint "Cleanup", Time since last: 3000889473 ns, Reaching safepoint: 27240 ns, Cleanup: 14896 ns, At safepoint: 10320 ns, Total: 52456 ns
[2025-05-08T08:56:15.872+0000][71][info ][safepoint   ] Safepoint "Cleanup", Time since last: 1000558626 ns, Reaching safepoint: 107759 ns, Cleanup: 15199 ns, At safepoint: 77165 ns, Total: 200123 ns
[2025-05-08T08:56:20.873+0000][71][info ][safepoint   ] Safepoint "Cleanup", Time since last: 5001082271 ns, Reaching safepoint: 19260 ns, Cleanup: 11972 ns, At safepoint: 31958 ns, Total: 63190 ns
[2025-05-08T08:56:22.939+0000][71][info ][safepoint   ] Safepoint "Cleanup", Time since last: 2065704688 ns, Reaching safepoint: 106996 ns, Cleanup: 15375 ns, At safepoint: 43796 ns, Total: 166167 ns
[2025-05-08T08:56:24.685+0000][71][info ][safepoint   ] Safepoint "Cleanup", Time since last: 1746121457 ns, Reaching safepoint: 25756 ns, Cleanup: 26216 ns, At safepoint: 16306 ns, Total: 68278 ns
[2025-05-08T08:56:26.056+0000][71][info ][safepoint   ] Safepoint "Cleanup", Time since last: 1370811863 ns, Reaching safepoint: 7120 ns, Cleanup: 8051 ns, At safepoint: 4217 ns, Total: 19388 ns
[2025-05-08T08:56:27.123+0000][71][info ][safepoint   ] Safepoint "Cleanup", Time since last: 1066727457 ns, Reaching safepoint: 73879 ns, Cleanup: 22651 ns, At safepoint: 14787 ns, Total: 111317 ns
[2025-05-08T08:56:28.124+0000][71][info ][safepoint   ] Safepoint "Cleanup", Time since last: 1000673334 ns, Reaching safepoint: 15934 ns, Cleanup: 11332 ns, At safepoint: 9130 ns, Total: 36396 ns
[2025-05-08T08:56:29.125+0000][71][info ][safepoint   ] Safepoint "Cleanup", Time since last: 1000707716 ns, Reaching safepoint: 32095 ns, Cleanup: 26669 ns, At safepoint: 19828 ns, Total: 78592 ns
[2025-05-08T08:56:32.124+0000][71][info ][safepoint   ] Safepoint "Cleanup", Time since last: 3001084737 ns, Reaching safepoint: 28273 ns, Cleanup: 15933 ns, At safepoint: 10932 ns, Total: 55138 ns
[2025-05-08T08:56:36.125+0000][71][info ][safepoint   ] Safepoint "Cleanup", Time since last: 4001478832 ns, Reaching safepoint: 29209 ns, Cleanup: 15328 ns, At safepoint: 17591 ns, Total: 62128 ns
[2025-05-08T08:56:41.127+0000][71][info ][safepoint   ] Safepoint "Cleanup", Time since last: 5001347046 ns, Reaching safepoint: 77086 ns, Cleanup: 20480 ns, At safepoint: 21872 ns, Total: 119438 ns
[2025-05-08T08:56:43.128+0000][71][info ][safepoint   ] Safepoint "Cleanup", Time since last: 2000747315 ns, Reaching safepoint: 52991 ns, Cleanup: 25036 ns, At safepoint: 40399 ns, Total: 118426 ns
[2025-05-08T08:56:46.129+0000][71][info ][safepoint   ] Safepoint "Cleanup", Time since last: 3001444546 ns, Reaching safepoint: 41913 ns, Cleanup: 15022 ns, At safepoint: 10164 ns, Total: 67099 ns
[2025-05-08T08:56:58.132+0000][71][info ][safepoint   ] Safepoint "Cleanup", Time since last: 12002575952 ns, Reaching safepoint: 62954 ns, Cleanup: 29731 ns, At safepoint: 12939 ns, Total: 105624 ns
[2025-05-08T08:57:08.156+0000][71][info ][safepoint   ] Safepoint "Cleanup", Time since last: 10025566670 ns, Reaching safepoint: 18442 ns, Cleanup: 55731 ns, At safepoint: 9335 ns, Total: 83508 ns
[2025-05-08T08:57:11.157+0000][71][info ][safepoint   ] Safepoint "Cleanup", Time since last: 3000971363 ns, Reaching safepoint: 37689 ns, Cleanup: 14027 ns, At safepoint: 8936 ns, Total: 60652 ns
[2025-05-08T08:57:12.158+0000][71][info ][safepoint   ] Safepoint "Cleanup", Time since last: 1000749890 ns, Reaching safepoint: 28202 ns, Cleanup: 19094 ns, At safepoint: 15472 ns, Total: 62768 ns
[2025-05-08T08:57:14.159+0000][71][info ][safepoint   ] Safepoint "Cleanup", Time since last: 2000993616 ns, Reaching safepoint: 28970 ns, Cleanup: 20107 ns, At safepoint: 16183 ns, Total: 65260 ns
[2025-05-08T08:57:16.160+0000][71][info ][safepoint   ] Safepoint "Cleanup", Time since last: 2000879594 ns, Reaching safepoint: 26229 ns, Cleanup: 17331 ns, At safepoint: 15125 ns, Total: 58685 ns
[2025-05-08T08:57:18.161+0000][71][info ][safepoint   ] Safepoint "Cleanup", Time since last: 2001011279 ns, Reaching safepoint: 30694 ns, Cleanup: 20882 ns, At safepoint: 17977 ns, Total: 69553 ns
[2025-05-08T08:57:24.374+0000][71][info ][safepoint   ] Safepoint "Cleanup", Time since last: 6212791586 ns, Reaching safepoint: 29427 ns, Cleanup: 17035 ns, At safepoint: 16431 ns, Total: 62893 ns
[2025-05-08T08:57:25.919+0000][71][info ][safepoint   ] Safepoint "Cleanup", Time since last: 1545074579 ns, Reaching safepoint: 10212 ns, Cleanup: 16660 ns, At safepoint: 22002 ns, Total: 48874 ns
[2025-05-08T08:57:27.747+0000][71][info ][safepoint   ] Safepoint "Cleanup", Time since last: 1828105928 ns, Reaching safepoint: 70066 ns, Cleanup: 28691 ns, At safepoint: 17226 ns, Total: 115983 ns
[2025-05-08T08:57:28.748+0000][71][info ][safepoint   ] Safepoint "Cleanup", Time since last: 1000885317 ns, Reaching safepoint: 15849 ns, Cleanup: 15244 ns, At safepoint: 7820 ns, Total: 38913 ns
[2025-05-08T08:57:29.749+0000][71][info ][safepoint   ] Safepoint "Cleanup", Time since last: 1000890794 ns, Reaching safepoint: 30152 ns, Cleanup: 30228 ns, At safepoint: 17468 ns, Total: 77848 ns
[2025-05-08T08:57:31.747+0000][71][info ][safepoint   ] Safepoint "Cleanup", Time since last: 2001040741 ns, Reaching safepoint: 17415 ns, Cleanup: 14061 ns, At safepoint: 22680 ns, Total: 54156 ns
[2025-05-08T08:57:32.748+0000][71][info ][safepoint   ] Safepoint "Cleanup", Time since last: 1000922078 ns, Reaching safepoint: 16396 ns, Cleanup: 12185 ns, At safepoint: 7641 ns, Total: 36222 ns
[2025-05-08T08:57:35.749+0000][71][info ][safepoint   ] Safepoint "Cleanup", Time since last: 3001004068 ns, Reaching safepoint: 19306 ns, Cleanup: 14904 ns, At safepoint: 8449 ns, Total: 42659 ns
[2025-05-08T08:57:36.750+0000][71][info ][safepoint   ] Safepoint "Cleanup", Time since last: 1000586743 ns, Reaching safepoint: 20943 ns, Cleanup: 11755 ns, At safepoint: 7856 ns, Total: 40554 ns
[2025-05-08T08:57:40.751+0000][71][info ][safepoint   ] Safepoint "Cleanup", Time since last: 4001080928 ns, Reaching safepoint: 19212 ns, Cleanup: 13746 ns, At safepoint: 43499 ns, Total: 76457 ns
[2025-05-08T08:57:42.752+0000][71][info ][safepoint   ] Safepoint "Cleanup", Time since last: 2000916481 ns, Reaching safepoint: 28989 ns, Cleanup: 15873 ns, At safepoint: 16335 ns, Total: 61197 ns
[2025-05-08T08:57:44.753+0000][71][info ][safepoint   ] Safepoint "Cleanup", Time since last: 2001076600 ns, Reaching safepoint: 29979 ns, Cleanup: 15256 ns, At safepoint: 15420 ns, Total: 60655 ns
[2025-05-08T08:57:47.258+0000][71][info ][safepoint   ] Safepoint "Cleanup", Time since last: 2505256352 ns, Reaching safepoint: 85719 ns, Cleanup: 9661 ns, At safepoint: 16772 ns, Total: 112152 ns
[2025-05-08T08:57:48.304+0000][71][info ][safepoint   ] Safepoint "Cleanup", Time since last: 1045393657 ns, Reaching safepoint: 22508 ns, Cleanup: 26705 ns, At safepoint: 11042 ns, Total: 60255 ns
[2025-05-08T08:57:51.305+0000][71][info ][safepoint   ] Safepoint "Cleanup", Time since last: 3001185093 ns, Reaching safepoint: 29860 ns, Cleanup: 17844 ns, At safepoint: 17262 ns, Total: 64966 ns
[2025-05-08T08:57:53.306+0000][71][info ][safepoint   ] Safepoint "Cleanup", Time since last: 2000976506 ns, Reaching safepoint: 16503 ns, Cleanup: 17088 ns, At safepoint: 7931 ns, Total: 41522 ns
[2025-05-08T08:57:54.307+0000][71][info ][safepoint   ] Safepoint "Cleanup", Time since last: 1000837789 ns, Reaching safepoint: 30250 ns, Cleanup: 18189 ns, At safepoint: 19388 ns, Total: 67827 ns
[2025-05-08T08:57:56.308+0000][71][info ][safepoint   ] Safepoint "Cleanup", Time since last: 2000871758 ns, Reaching safepoint: 33628 ns, Cleanup: 18206 ns, At safepoint: 20230 ns, Total: 72064 ns
[2025-05-08T08:57:58.309+0000][71][info ][safepoint   ] Safepoint "Cleanup", Time since last: 2000927019 ns, Reaching safepoint: 55969 ns, Cleanup: 19355 ns, At safepoint: 9283 ns, Total: 84607 ns
[2025-05-08T08:57:59.310+0000][71][info ][safepoint   ] Safepoint "Cleanup", Time since last: 1000582324 ns, Reaching safepoint: 18924 ns, Cleanup: 17478 ns, At safepoint: 8910 ns, Total: 45312 ns
[2025-05-08T08:58:04.309+0000][71][info ][safepoint   ] Safepoint "Cleanup", Time since last: 5001369288 ns, Reaching safepoint: 27748 ns, Cleanup: 15412 ns, At safepoint: 16068 ns, Total: 59228 ns
[2025-05-08T08:58:05.765+0000][71][info ][safepoint   ] Safepoint "Cleanup", Time since last: 1455101787 ns, Reaching safepoint: 13513 ns, Cleanup: 88590 ns, At safepoint: 25323 ns, Total: 127426 ns
[2025-05-08T08:58:06.803+0000][71][info ][safepoint   ] Safepoint "Cleanup", Time since last: 1038451511 ns, Reaching safepoint: 27097 ns, Cleanup: 40996 ns, At safepoint: 15371 ns, Total: 83464 ns
[2025-05-08T08:58:07.854+0000][71][info ][safepoint   ] Safepoint "Cleanup", Time since last: 1050692198 ns, Reaching safepoint: 26119 ns, Cleanup: 16237 ns, At safepoint: 15172 ns, Total: 57528 ns
[2025-05-08T08:58:08.855+0000][71][info ][safepoint   ] Safepoint "Cleanup", Time since last: 1000948692 ns, Reaching safepoint: 26525 ns, Cleanup: 16264 ns, At safepoint: 14805 ns, Total: 57594 ns
[2025-05-08T08:58:11.178+0000][71][info ][safepoint   ] Safepoint "Cleanup", Time since last: 2322589948 ns, Reaching safepoint: 12602 ns, Cleanup: 25038 ns, At safepoint: 67781 ns, Total: 105421 ns
[2025-05-08T08:58:12.230+0000][71][info ][safepoint   ] Safepoint "Cleanup", Time since last: 1052733639 ns, Reaching safepoint: 17832 ns, Cleanup: 16610 ns, At safepoint: 9037 ns, Total: 43479 ns
[2025-05-08T08:58:14.233+0000][71][info ][safepoint   ] Safepoint "Cleanup", Time since last: 2001660234 ns, Reaching safepoint: 183558 ns, Cleanup: 21342 ns, At safepoint: 193604 ns, Total: 398504 ns
[2025-05-08T08:58:16.233+0000][71][info ][safepoint   ] Safepoint "Cleanup", Time since last: 2000863294 ns, Reaching safepoint: 24127 ns, Cleanup: 14837 ns, At safepoint: 14607 ns, Total: 53571 ns
[2025-05-08T08:58:17.234+0000][71][info ][safepoint   ] Safepoint "Cleanup", Time since last: 1000952001 ns, Reaching safepoint: 26863 ns, Cleanup: 16002 ns, At safepoint: 14420 ns, Total: 57285 ns
[2025-05-08T08:58:26.411+0000][71][info ][safepoint   ] Safepoint "Cleanup", Time since last: 9176039866 ns, Reaching safepoint: 16306 ns, Cleanup: 11892 ns, At safepoint: 8254 ns, Total: 36452 ns
[2025-05-08T08:58:28.412+0000][71][info ][safepoint   ] Safepoint "Cleanup", Time since last: 2001131158 ns, Reaching safepoint: 16708 ns, Cleanup: 12680 ns, At safepoint: 29907 ns, Total: 59295 ns
[2025-05-08T08:58:29.870+0000][71][info ][safepoint   ] Safepoint "Cleanup", Time since last: 1459589971 ns, Reaching safepoint: 18048 ns, Cleanup: 20256 ns, At safepoint: 14600 ns, Total: 52904 ns
[2025-05-08T08:58:30.885+0000][71][info ][safepoint   ] Safepoint "Cleanup", Time since last: 1014801338 ns, Reaching safepoint: 142242 ns, Cleanup: 18849 ns, At safepoint: 100611 ns, Total: 261702 ns
[2025-05-08T08:58:31.885+0000][71][info ][safepoint   ] Safepoint "Cleanup", Time since last: 1000550662 ns, Reaching safepoint: 92028 ns, Cleanup: 9746 ns, At safepoint: 21347 ns, Total: 123121 ns
[2025-05-08T08:58:32.886+0000][71][info ][safepoint   ] Safepoint "Cleanup", Time since last: 1000833771 ns, Reaching safepoint: 28574 ns, Cleanup: 15968 ns, At safepoint: 16776 ns, Total: 61318 ns
[2025-05-08T08:58:33.887+0000][71][info ][safepoint   ] Safepoint "Cleanup", Time since last: 1000722424 ns, Reaching safepoint: 29367 ns, Cleanup: 18426 ns, At safepoint: 17611 ns, Total: 65404 ns
[2025-05-08T08:58:34.888+0000][71][info ][safepoint   ] Safepoint "Cleanup", Time since last: 1000560808 ns, Reaching safepoint: 15913 ns, Cleanup: 14332 ns, At safepoint: 9094 ns, Total: 39339 ns
[2025-05-08T08:58:35.889+0000][71][info ][safepoint   ] Safepoint "Cleanup", Time since last: 1001423221 ns, Reaching safepoint: 16367 ns, Cleanup: 13114 ns, At safepoint: 8463 ns, Total: 37944 ns
[2025-05-08T08:58:43.891+0000][71][info ][safepoint   ] Safepoint "Cleanup", Time since last: 8001546651 ns, Reaching safepoint: 49065 ns, Cleanup: 12523 ns, At safepoint: 26513 ns, Total: 88101 ns
[2025-05-08T08:58:45.892+0000][71][info ][safepoint   ] Safepoint "Cleanup", Time since last: 2001006064 ns, Reaching safepoint: 31881 ns, Cleanup: 31936 ns, At safepoint: 15413 ns, Total: 79230 ns
[2025-05-08T08:58:50.893+0000][71][info ][safepoint   ] Safepoint "Cleanup", Time since last: 5001456245 ns, Reaching safepoint: 15645 ns, Cleanup: 11325 ns, At safepoint: 8895 ns, Total: 35865 ns
[2025-05-08T08:58:55.895+0000][71][info ][safepoint   ] Safepoint "Cleanup", Time since last: 5001398822 ns, Reaching safepoint: 88639 ns, Cleanup: 13519 ns, At safepoint: 26596 ns, Total: 128754 ns
[2025-05-08T08:58:57.896+0000][71][info ][safepoint   ] Safepoint "Cleanup", Time since last: 2000864524 ns, Reaching safepoint: 27856 ns, Cleanup: 22922 ns, At safepoint: 15208 ns, Total: 65986 ns
[2025-05-08T08:58:58.897+0000][71][info ][safepoint   ] Safepoint "Cleanup", Time since last: 1000725647 ns, Reaching safepoint: 62477 ns, Cleanup: 18209 ns, At safepoint: 96204 ns, Total: 176890 ns
[2025-05-08T08:59:00.896+0000][71][info ][safepoint   ] Safepoint "Cleanup", Time since last: 2001003649 ns, Reaching safepoint: 28361 ns, Cleanup: 13690 ns, At safepoint: 9008 ns, Total: 51059 ns
[2025-05-08T08:59:02.896+0000][71][info ][safepoint   ] Safepoint "Cleanup", Time since last: 2000902089 ns, Reaching safepoint: 29116 ns, Cleanup: 20973 ns, At safepoint: 17267 ns, Total: 67356 ns
[2025-05-08T08:59:04.897+0000][71][info ][safepoint   ] Safepoint "Cleanup", Time since last: 2000894562 ns, Reaching safepoint: 15735 ns, Cleanup: 11332 ns, At safepoint: 7915 ns, Total: 34982 ns
[2025-05-08T08:59:07.899+0000][71][info ][safepoint   ] Safepoint "Cleanup", Time since last: 3001074873 ns, Reaching safepoint: 15571 ns, Cleanup: 12061 ns, At safepoint: 7935 ns, Total: 35567 ns
[2025-05-08T08:59:10.900+0000][71][info ][safepoint   ] Safepoint "Cleanup", Time since last: 3001186376 ns, Reaching safepoint: 26361 ns, Cleanup: 15079 ns, At safepoint: 14817 ns, Total: 56257 ns
[2025-05-08T08:59:12.901+0000][71][info ][safepoint   ] Safepoint "Cleanup", Time since last: 2000989133 ns, Reaching safepoint: 26869 ns, Cleanup: 16070 ns, At safepoint: 15873 ns, Total: 58812 ns
[2025-05-08T08:59:16.902+0000][71][info ][safepoint   ] Safepoint "Cleanup", Time since last: 4001315097 ns, Reaching safepoint: 59279 ns, Cleanup: 15550 ns, At safepoint: 15914 ns, Total: 90743 ns
[2025-05-08T08:59:18.903+0000][71][info ][safepoint   ] Safepoint "Cleanup", Time since last: 2000894665 ns, Reaching safepoint: 27241 ns, Cleanup: 16582 ns, At safepoint: 15956 ns, Total: 59779 ns
[2025-05-08T08:59:23.445+0000][71][info ][safepoint   ] Safepoint "Cleanup", Time since last: 4542262223 ns, Reaching safepoint: 17458 ns, Cleanup: 13922 ns, At safepoint: 7705 ns, Total: 39085 ns
[2025-05-08T08:59:25.446+0000][71][info ][safepoint   ] Safepoint "Cleanup", Time since last: 2000797809 ns, Reaching safepoint: 16525 ns, Cleanup: 13785 ns, At safepoint: 8987 ns, Total: 39297 ns
[2025-05-08T08:59:29.448+0000][71][info ][safepoint   ] Safepoint "Cleanup", Time since last: 4001243015 ns, Reaching safepoint: 61789 ns, Cleanup: 17144 ns, At safepoint: 29884 ns, Total: 108817 ns
[2025-05-08T08:59:31.447+0000][71][info ][safepoint   ] Safepoint "Cleanup", Time since last: 2000946376 ns, Reaching safepoint: 26320 ns, Cleanup: 14994 ns, At safepoint: 15071 ns, Total: 56385 ns
[2025-05-08T08:59:32.934+0000][71][info ][safepoint   ] Safepoint "Cleanup", Time since last: 1487438137 ns, Reaching safepoint: 14137 ns, Cleanup: 36198 ns, At safepoint: 84825 ns, Total: 135160 ns
[2025-05-08T08:59:33.967+0000][71][info ][safepoint   ] Safepoint "Cleanup", Time since last: 1032766663 ns, Reaching safepoint: 32749 ns, Cleanup: 21247 ns, At safepoint: 17883 ns, Total: 71879 ns
[2025-05-08T08:59:34.968+0000][71][info ][safepoint   ] Safepoint "Cleanup", Time since last: 1000682254 ns, Reaching safepoint: 91342 ns, Cleanup: 13492 ns, At safepoint: 30492 ns, Total: 135326 ns
[2025-05-08T08:59:35.969+0000][71][info ][safepoint   ] Safepoint "Cleanup", Time since last: 1001001005 ns, Reaching safepoint: 26375 ns, Cleanup: 20548 ns, At safepoint: 15742 ns, Total: 62665 ns
[2025-05-08T08:59:37.970+0000][71][info ][safepoint   ] Safepoint "Cleanup", Time since last: 2000730274 ns, Reaching safepoint: 16415 ns, Cleanup: 13542 ns, At safepoint: 7992 ns, Total: 37949 ns
[2025-05-08T08:59:40.971+0000][71][info ][safepoint   ] Safepoint "Cleanup", Time since last: 3000913439 ns, Reaching safepoint: 16397 ns, Cleanup: 13873 ns, At safepoint: 8125 ns, Total: 38395 ns
[2025-05-08T08:59:43.972+0000][71][info ][safepoint   ] Safepoint "Cleanup", Time since last: 3001098039 ns, Reaching safepoint: 28706 ns, Cleanup: 17454 ns, At safepoint: 14689 ns, Total: 60849 ns
[2025-05-08T08:59:46.973+0000][71][info ][safepoint   ] Safepoint "Cleanup", Time since last: 3001074951 ns, Reaching safepoint: 66561 ns, Cleanup: 14431 ns, At safepoint: 16734 ns, Total: 97726 ns
[2025-05-08T08:59:52.975+0000][71][info ][safepoint   ] Safepoint "Cleanup", Time since last: 6001377614 ns, Reaching safepoint: 100254 ns, Cleanup: 11215 ns, At safepoint: 23512 ns, Total: 134981 ns
[2025-05-08T08:59:53.975+0000][71][info ][safepoint   ] Safepoint "Cleanup", Time since last: 1000741960 ns, Reaching safepoint: 15940 ns, Cleanup: 12548 ns, At safepoint: 7182 ns, Total: 35670 ns
[2025-05-08T08:59:55.976+0000][71][info ][safepoint   ] Safepoint "Cleanup", Time since last: 2000973742 ns, Reaching safepoint: 25649 ns, Cleanup: 19901 ns, At safepoint: 14732 ns, Total: 60282 ns
[2025-05-08T08:59:57.978+0000][71][info ][safepoint   ] Safepoint "Cleanup", Time since last: 2001042902 ns, Reaching safepoint: 29401 ns, Cleanup: 23409 ns, At safepoint: 16898 ns, Total: 69708 ns
[2025-05-08T08:59:58.978+0000][71][info ][safepoint   ] Safepoint "Cleanup", Time since last: 1000610259 ns, Reaching safepoint: 24235 ns, Cleanup: 17622 ns, At safepoint: 10650 ns, Total: 52507 ns
[2025-05-08T09:00:00.977+0000][71][info ][safepoint   ] Safepoint "Cleanup", Time since last: 2000647423 ns, Reaching safepoint: 54622 ns, Cleanup: 12944 ns, At safepoint: 36643 ns, Total: 104209 ns
[2025-05-08T09:00:01.978+0000][71][info ][safepoint   ] Safepoint "Cleanup", Time since last: 1000609143 ns, Reaching safepoint: 33502 ns, Cleanup: 22368 ns, At safepoint: 17988 ns, Total: 73858 ns
[2025-05-08T09:00:03.608+0000][71][info ][safepoint   ] Safepoint "Cleanup", Time since last: 1630595756 ns, Reaching safepoint: 25167 ns, Cleanup: 20959 ns, At safepoint: 11117 ns, Total: 57243 ns
[2025-05-08T09:00:05.616+0000][71][info ][safepoint   ] Safepoint "Cleanup", Time since last: 2007252739 ns, Reaching safepoint: 22990 ns, Cleanup: 14815 ns, At safepoint: 10254 ns, Total: 48059 ns
[2025-05-08T09:00:08.622+0000][71][info ][safepoint   ] Safepoint "Cleanup", Time since last: 3006161910 ns, Reaching safepoint: 17064 ns, Cleanup: 12064 ns, At safepoint: 9030 ns, Total: 38158 ns
[2025-05-08T09:00:09.629+0000][71][info ][safepoint   ] Safepoint "Cleanup", Time since last: 1007005613 ns, Reaching safepoint: 25252 ns, Cleanup: 14901 ns, At safepoint: 9834 ns, Total: 49987 ns
[2025-05-08T09:00:15.648+0000][71][info ][safepoint   ] Safepoint "Cleanup", Time since last: 6018995703 ns, Reaching safepoint: 21949 ns, Cleanup: 15854 ns, At safepoint: 9634 ns, Total: 47437 ns
[2025-05-08T09:00:16.665+0000][71][info ][safepoint   ] Safepoint "Cleanup", Time since last: 1017227798 ns, Reaching safepoint: 19075 ns, Cleanup: 54805 ns, At safepoint: 29395 ns, Total: 103275 ns
[2025-05-08T09:00:17.666+0000][71][info ][safepoint   ] Safepoint "Cleanup", Time since last: 1000505596 ns, Reaching safepoint: 30880 ns, Cleanup: 22321 ns, At safepoint: 17916 ns, Total: 71117 ns
[2025-05-08T09:00:26.482+0000][71][info ][safepoint   ] Safepoint "Cleanup", Time since last: 8816178963 ns, Reaching safepoint: 26833 ns, Cleanup: 14576 ns, At safepoint: 15135 ns, Total: 56544 ns
[2025-05-08T09:00:31.481+0000][71][info ][safepoint   ] Safepoint "Cleanup", Time since last: 5001241384 ns, Reaching safepoint: 45102 ns, Cleanup: 13812 ns, At safepoint: 10067 ns, Total: 68981 ns
[2025-05-08T09:00:34.948+0000][71][info ][safepoint   ] Safepoint "Cleanup", Time since last: 3467437036 ns, Reaching safepoint: 6236 ns, Cleanup: 11219 ns, At safepoint: 13510 ns, Total: 30965 ns
[2025-05-08T09:00:35.997+0000][71][info ][safepoint   ] Safepoint "Cleanup", Time since last: 1048811076 ns, Reaching safepoint: 6002 ns, Cleanup: 17016 ns, At safepoint: 13038 ns, Total: 36056 ns
[2025-05-08T09:00:37.018+0000][71][info ][safepoint   ] Safepoint "Cleanup", Time since last: 1020343588 ns, Reaching safepoint: 27750 ns, Cleanup: 18338 ns, At safepoint: 15833 ns, Total: 61921 ns
[2025-05-08T09:00:41.019+0000][71][info ][safepoint   ] Safepoint "Cleanup", Time since last: 4001060700 ns, Reaching safepoint: 16621 ns, Cleanup: 11673 ns, At safepoint: 8591 ns, Total: 36885 ns
[2025-05-08T09:00:42.020+0000][71][info ][safepoint   ] Safepoint "Cleanup", Time since last: 1000760632 ns, Reaching safepoint: 24918 ns, Cleanup: 15060 ns, At safepoint: 14046 ns, Total: 54024 ns
[2025-05-08T09:00:44.021+0000][71][info ][safepoint   ] Safepoint "Cleanup", Time since last: 2001034034 ns, Reaching safepoint: 28141 ns, Cleanup: 16105 ns, At safepoint: 15485 ns, Total: 59731 ns
[2025-05-08T09:00:46.022+0000][71][info ][safepoint   ] Safepoint "Cleanup", Time since last: 2001001603 ns, Reaching safepoint: 30164 ns, Cleanup: 22463 ns, At safepoint: 16156 ns, Total: 68783 ns
[2025-05-08T09:00:56.023+0000][71][info ][safepoint   ] Safepoint "Cleanup", Time since last: 10001729688 ns, Reaching safepoint: 41697 ns, Cleanup: 12131 ns, At safepoint: 7660 ns, Total: 61488 ns
[2025-05-08T09:00:58.024+0000][71][info ][safepoint   ] Safepoint "Cleanup", Time since last: 2000885014 ns, Reaching safepoint: 14586 ns, Cleanup: 20747 ns, At safepoint: 7087 ns, Total: 42420 ns
[2025-05-08T09:01:01.024+0000][71][info ][safepoint   ] Safepoint "Cleanup", Time since last: 3001014202 ns, Reaching safepoint: 30337 ns, Cleanup: 18482 ns, At safepoint: 16699 ns, Total: 65518 ns
[2025-05-08T09:01:06.026+0000][71][info ][safepoint   ] Safepoint "Cleanup", Time since last: 5001432277 ns, Reaching safepoint: 63814 ns, Cleanup: 14439 ns, At safepoint: 16038 ns, Total: 94291 ns
[2025-05-08T09:01:07.781+0000][71][info ][safepoint   ] Safepoint "Cleanup", Time since last: 1755791208 ns, Reaching safepoint: 5841 ns, Cleanup: 9544 ns, At safepoint: 3187 ns, Total: 18572 ns
[2025-05-08T09:01:08.790+0000][71][info ][safepoint   ] Safepoint "Cleanup", Time since last: 1008842772 ns, Reaching safepoint: 31018 ns, Cleanup: 28604 ns, At safepoint: 17268 ns, Total: 76890 ns
[2025-05-08T09:01:11.791+0000][71][info ][safepoint   ] Safepoint "Cleanup", Time since last: 3000917907 ns, Reaching safepoint: 18971 ns, Cleanup: 12131 ns, At safepoint: 8478 ns, Total: 39580 ns
[2025-05-08T09:01:15.792+0000][71][info ][safepoint   ] Safepoint "Cleanup", Time since last: 4001145109 ns, Reaching safepoint: 40489 ns, Cleanup: 22656 ns, At safepoint: 20303 ns, Total: 83448 ns
[2025-05-08T09:01:17.793+0000][71][info ][safepoint   ] Safepoint "Cleanup", Time since last: 2000882384 ns, Reaching safepoint: 29639 ns, Cleanup: 14949 ns, At safepoint: 15827 ns, Total: 60415 ns
[2025-05-08T09:01:20.795+0000][71][info ][safepoint   ] Safepoint "Cleanup", Time since last: 3001280441 ns, Reaching safepoint: 31547 ns, Cleanup: 21113 ns, At safepoint: 17394 ns, Total: 70054 ns
[2025-05-08T09:01:21.795+0000][71][info ][safepoint   ] Safepoint "Cleanup", Time since last: 1000534765 ns, Reaching safepoint: 16610 ns, Cleanup: 14133 ns, At safepoint: 9047 ns, Total: 39790 ns
[2025-05-08T09:01:23.518+0000][71][info ][safepoint   ] Safepoint "Cleanup", Time since last: 1722573230 ns, Reaching safepoint: 31817 ns, Cleanup: 20769 ns, At safepoint: 19458 ns, Total: 72044 ns
[2025-05-08T09:01:25.519+0000][71][info ][safepoint   ] Safepoint "Cleanup", Time since last: 2000719457 ns, Reaching safepoint: 18208 ns, Cleanup: 20320 ns, At safepoint: 9472 ns, Total: 48000 ns
[2025-05-08T09:01:28.520+0000][71][info ][safepoint   ] Safepoint "Cleanup", Time since last: 3000840226 ns, Reaching safepoint: 34262 ns, Cleanup: 17533 ns, At safepoint: 19389 ns, Total: 71184 ns
[2025-05-08T09:01:29.520+0000][71][info ][safepoint   ] Safepoint "Cleanup", Time since last: 1000672558 ns, Reaching safepoint: 25056 ns, Cleanup: 16928 ns, At safepoint: 11327 ns, Total: 53311 ns
[2025-05-08T09:01:30.519+0000][71][info ][safepoint   ] Safepoint "Cleanup", Time since last: 1000558681 ns, Reaching safepoint: 97307 ns, Cleanup: 10381 ns, At safepoint: 23653 ns, Total: 131341 ns
[2025-05-08T09:01:36.520+0000][71][info ][safepoint   ] Safepoint "Cleanup", Time since last: 6001261299 ns, Reaching safepoint: 73379 ns, Cleanup: 15910 ns, At safepoint: 17044 ns, Total: 106333 ns
[2025-05-08T09:01:37.893+0000][71][info ][safepoint   ] Safepoint "Cleanup", Time since last: 1372959340 ns, Reaching safepoint: 96950 ns, Cleanup: 14868 ns, At safepoint: 51762 ns, Total: 163580 ns
[2025-05-08T09:01:39.055+0000][71][info ][safepoint   ] Safepoint "Cleanup", Time since last: 1161528729 ns, Reaching safepoint: 27968 ns, Cleanup: 21334 ns, At safepoint: 11016 ns, Total: 60318 ns
[2025-05-08T09:01:42.071+0000][71][info ][safepoint   ] Safepoint "Cleanup", Time since last: 3016034284 ns, Reaching safepoint: 21891 ns, Cleanup: 15704 ns, At safepoint: 9225 ns, Total: 46820 ns
[2025-05-08T09:01:44.074+0000][71][info ][safepoint   ] Safepoint "Cleanup", Time since last: 2003603502 ns, Reaching safepoint: 31601 ns, Cleanup: 11961 ns, At safepoint: 9349 ns, Total: 52911 ns
[2025-05-08T09:01:45.075+0000][71][info ][safepoint   ] Safepoint "Cleanup", Time since last: 1000571328 ns, Reaching safepoint: 15872 ns, Cleanup: 11154 ns, At safepoint: 8044 ns, Total: 35070 ns
[2025-05-08T09:01:51.087+0000][71][info ][safepoint   ] Safepoint "Cleanup", Time since last: 6011408911 ns, Reaching safepoint: 71329 ns, Cleanup: 15674 ns, At safepoint: 17011 ns, Total: 104014 ns
[2025-05-08T09:01:53.087+0000][71][info ][safepoint   ] Safepoint "Cleanup", Time since last: 2000762087 ns, Reaching safepoint: 22942 ns, Cleanup: 20529 ns, At safepoint: 9949 ns, Total: 53420 ns
[2025-05-08T09:01:55.088+0000][71][info ][safepoint   ] Safepoint "Cleanup", Time since last: 2000661542 ns, Reaching safepoint: 22368 ns, Cleanup: 14736 ns, At safepoint: 11355 ns, Total: 48459 ns
[2025-05-08T09:01:56.089+0000][71][info ][safepoint   ] Safepoint "Cleanup", Time since last: 1000685925 ns, Reaching safepoint: 25258 ns, Cleanup: 25275 ns, At safepoint: 11363 ns, Total: 61896 ns
[2025-05-08T09:01:58.102+0000][71][info ][safepoint   ] Safepoint "Cleanup", Time since last: 2012579409 ns, Reaching safepoint: 19592 ns, Cleanup: 23933 ns, At safepoint: 9462 ns, Total: 52987 ns
[2025-05-08T09:02:01.101+0000][71][info ][safepoint   ] Safepoint "Cleanup", Time since last: 3000930003 ns, Reaching safepoint: 17759 ns, Cleanup: 12910 ns, At safepoint: 8588 ns, Total: 39257 ns
[2025-05-08T09:02:05.102+0000][71][info ][safepoint   ] Safepoint "Cleanup", Time since last: 4001017009 ns, Reaching safepoint: 29212 ns, Cleanup: 19924 ns, At safepoint: 11377 ns, Total: 60513 ns
[2025-05-08T09:02:07.955+0000][71][info ][safepoint   ] Safepoint "Cleanup", Time since last: 2853053858 ns, Reaching safepoint: 5624 ns, Cleanup: 8581 ns, At safepoint: 13578 ns, Total: 27783 ns
[2025-05-08T09:02:08.996+0000][71][info ][safepoint   ] Safepoint "Cleanup", Time since last: 1041380653 ns, Reaching safepoint: 24650 ns, Cleanup: 22232 ns, At safepoint: 10661 ns, Total: 57543 ns
[2025-05-08T09:02:11.997+0000][71][info ][safepoint   ] Safepoint "Cleanup", Time since last: 3000758072 ns, Reaching safepoint: 22337 ns, Cleanup: 14180 ns, At safepoint: 10189 ns, Total: 46706 ns
[2025-05-08T09:02:13.998+0000][71][info ][safepoint   ] Safepoint "Cleanup", Time since last: 2001050824 ns, Reaching safepoint: 23584 ns, Cleanup: 13978 ns, At safepoint: 11473 ns, Total: 49035 ns
[2025-05-08T09:02:15.001+0000][71][info ][safepoint   ] Safepoint "Cleanup", Time since last: 1002524359 ns, Reaching safepoint: 25111 ns, Cleanup: 14545 ns, At safepoint: 11134 ns, Total: 50790 ns
[2025-05-08T09:02:21.008+0000][71][info ][safepoint   ] Safepoint "Cleanup", Time since last: 6006654559 ns, Reaching safepoint: 259428 ns, Cleanup: 20766 ns, At safepoint: 20993 ns, Total: 301187 ns
[2025-05-08T09:02:25.547+0000][71][info ][safepoint   ] Safepoint "Cleanup", Time since last: 4539624461 ns, Reaching safepoint: 23730 ns, Cleanup: 19946 ns, At safepoint: 10797 ns, Total: 54473 ns
[2025-05-08T09:02:26.548+0000][71][info ][safepoint   ] Safepoint "Cleanup", Time since last: 1000633942 ns, Reaching safepoint: 30262 ns, Cleanup: 20358 ns, At safepoint: 70084 ns, Total: 120704 ns
[2025-05-08T09:02:31.547+0000][71][info ][safepoint   ] Safepoint "Cleanup", Time since last: 5001074902 ns, Reaching safepoint: 18157 ns, Cleanup: 15484 ns, At safepoint: 9421 ns, Total: 43062 ns
[2025-05-08T09:02:34.548+0000][71][info ][safepoint   ] Safepoint "Cleanup", Time since last: 3000754851 ns, Reaching safepoint: 38883 ns, Cleanup: 12035 ns, At safepoint: 7970 ns, Total: 58888 ns
[2025-05-08T09:02:35.549+0000][71][info ][safepoint   ] Safepoint "Cleanup", Time since last: 1000707414 ns, Reaching safepoint: 28667 ns, Cleanup: 16840 ns, At safepoint: 16970 ns, Total: 62477 ns
[2025-05-08T09:02:38.550+0000][71][info ][safepoint   ] Safepoint "Cleanup", Time since last: 3001002144 ns, Reaching safepoint: 28502 ns, Cleanup: 16028 ns, At safepoint: 15746 ns, Total: 60276 ns
[2025-05-08T09:02:40.912+0000][71][info ][safepoint   ] Safepoint "Cleanup", Time since last: 2362436741 ns, Reaching safepoint: 12739 ns, Cleanup: 15641 ns, At safepoint: 21220 ns, Total: 49600 ns
[2025-05-08T09:02:42.155+0000][71][info ][safepoint   ] Safepoint "Cleanup", Time since last: 1243086350 ns, Reaching safepoint: 28085 ns, Cleanup: 77114 ns, At safepoint: 16455 ns, Total: 121654 ns
[2025-05-08T09:02:43.156+0000][71][info ][safepoint   ] Safepoint "Cleanup", Time since last: 1000714821 ns, Reaching safepoint: 32962 ns, Cleanup: 17103 ns, At safepoint: 18232 ns, Total: 68297 ns
[2025-05-08T09:02:44.157+0000][71][info ][safepoint   ] Safepoint "Cleanup", Time since last: 1000637964 ns, Reaching safepoint: 22999 ns, Cleanup: 19330 ns, At safepoint: 10845 ns, Total: 53174 ns
[2025-05-08T09:02:45.158+0000][71][info ][safepoint   ] Safepoint "Cleanup", Time since last: 1000613686 ns, Reaching safepoint: 31030 ns, Cleanup: 17309 ns, At safepoint: 16714 ns, Total: 65053 ns
[2025-05-08T09:02:46.158+0000][71][info ][safepoint   ] Safepoint "Cleanup", Time since last: 1000616492 ns, Reaching safepoint: 31318 ns, Cleanup: 23965 ns, At safepoint: 19231 ns, Total: 74514 ns
[2025-05-08T09:02:50.160+0000][71][info ][safepoint   ] Safepoint "Cleanup", Time since last: 4001084048 ns, Reaching safepoint: 72470 ns, Cleanup: 17394 ns, At safepoint: 16942 ns, Total: 106806 ns
[2025-05-08T09:02:51.160+0000][71][info ][safepoint   ] Safepoint "Cleanup", Time since last: 1000659487 ns, Reaching safepoint: 22560 ns, Cleanup: 17429 ns, At safepoint: 16645 ns, Total: 56634 ns
[2025-05-08T09:02:52.161+0000][71][info ][safepoint   ] Safepoint "Cleanup", Time since last: 1000584372 ns, Reaching safepoint: 24848 ns, Cleanup: 17785 ns, At safepoint: 11038 ns, Total: 53671 ns
[2025-05-08T09:02:54.162+0000][71][info ][safepoint   ] Safepoint "Cleanup", Time since last: 2000859473 ns, Reaching safepoint: 34886 ns, Cleanup: 18723 ns, At safepoint: 19793 ns, Total: 73402 ns
[2025-05-08T09:02:56.163+0000][71][info ][safepoint   ] Safepoint "Cleanup", Time since last: 2000809672 ns, Reaching safepoint: 27246 ns, Cleanup: 25024 ns, At safepoint: 15769 ns, Total: 68039 ns
[2025-05-08T09:02:58.164+0000][71][info ][safepoint   ] Safepoint "Cleanup", Time since last: 2000980883 ns, Reaching safepoint: 16903 ns, Cleanup: 16716 ns, At safepoint: 8102 ns, Total: 41721 ns
[2025-05-08T09:02:59.164+0000][71][info ][safepoint   ] Safepoint "Cleanup", Time since last: 1000645795 ns, Reaching safepoint: 28249 ns, Cleanup: 17179 ns, At safepoint: 15820 ns, Total: 61248 ns
[2025-05-08T09:03:01.163+0000][71][info ][safepoint   ] Safepoint "Cleanup", Time since last: 2000881500 ns, Reaching safepoint: 19757 ns, Cleanup: 17418 ns, At safepoint: 9379 ns, Total: 46554 ns
[2025-05-08T09:03:02.164+0000][71][info ][safepoint   ] Safepoint "Cleanup", Time since last: 1000700466 ns, Reaching safepoint: 36255 ns, Cleanup: 109595 ns, At safepoint: 25305 ns, Total: 171155 ns
[2025-05-08T09:03:06.165+0000][71][info ][safepoint   ] Safepoint "Cleanup", Time since last: 4001114599 ns, Reaching safepoint: 56141 ns, Cleanup: 15204 ns, At safepoint: 11725 ns, Total: 83070 ns
[2025-05-08T09:03:07.904+0000][71][info ][safepoint   ] Safepoint "Cleanup", Time since last: 1738740507 ns, Reaching safepoint: 7371 ns, Cleanup: 8312 ns, At safepoint: 15373 ns, Total: 31056 ns
[2025-05-08T09:03:09.183+0000][71][info ][safepoint   ] Safepoint "Cleanup", Time since last: 1279114198 ns, Reaching safepoint: 90963 ns, Cleanup: 36718 ns, At safepoint: 9342 ns, Total: 137023 ns
[2025-05-08T09:03:10.195+0000][71][info ][safepoint   ] Safepoint "Cleanup", Time since last: 1011341349 ns, Reaching safepoint: 28312 ns, Cleanup: 18466 ns, At safepoint: 68695 ns, Total: 115473 ns
[2025-05-08T09:03:11.312+0000][71][info ][safepoint   ] Safepoint "Cleanup", Time since last: 1116876371 ns, Reaching safepoint: 30157 ns, Cleanup: 102355 ns, At safepoint: 84676 ns, Total: 217188 ns
[2025-05-08T09:03:12.322+0000][71][info ][safepoint   ] Safepoint "Cleanup", Time since last: 1010169637 ns, Reaching safepoint: 32964 ns, Cleanup: 17149 ns, At safepoint: 20738 ns, Total: 70851 ns
[2025-05-08T09:03:14.323+0000][71][info ][safepoint   ] Safepoint "Cleanup", Time since last: 2000868621 ns, Reaching safepoint: 32986 ns, Cleanup: 16414 ns, At safepoint: 16325 ns, Total: 65725 ns
[2025-05-08T09:03:28.866+0000][71][info ][gc,start    ] GC(13) Pause Young (Normal) (G1 Evacuation Pause)
[2025-05-08T09:03:28.869+0000][71][info ][gc,task     ] GC(13) Using 10 workers of 10 for evacuation
[2025-05-08T09:03:28.870+0000][71][debug][gc,age      ] GC(13) Desired survivor size 71303168 bytes, new threshold 3 (max threshold 15)
[2025-05-08T09:03:29.131+0000][71][info ][gc,mmu      ] GC(13) MMU target violated: 201.0ms (200.0ms/201.0ms)
[2025-05-08T09:03:29.132+0000][71][info ][gc,phases   ] GC(13)   Pre Evacuate Collection Set: 5.83ms
[2025-05-08T09:03:29.133+0000][71][info ][gc,phases   ] GC(13)   Merge Heap Roots: 0.89ms
[2025-05-08T09:03:29.133+0000][71][info ][gc,phases   ] GC(13)   Evacuate Collection Set: 243.82ms
[2025-05-08T09:03:29.134+0000][71][info ][gc,phases   ] GC(13)   Post Evacuate Collection Set: 8.85ms
[2025-05-08T09:03:29.135+0000][71][info ][gc,phases   ] GC(13)   Other: 4.43ms
[2025-05-08T09:03:29.136+0000][71][trace][gc,age      ] GC(13) Age table with threshold 3 (max threshold 15)
[2025-05-08T09:03:29.136+0000][71][trace][gc,age      ] GC(13) - age   1:    5370664 bytes,    5370664 total
[2025-05-08T09:03:29.136+0000][71][trace][gc,age      ] GC(13) - age   2:   45115984 bytes,   50486648 total
[2025-05-08T09:03:29.137+0000][71][trace][gc,age      ] GC(13) - age   3:   19944152 bytes,   70430800 total
[2025-05-08T09:03:29.137+0000][71][info ][gc,heap     ] GC(13) Eden regions: 238->0(29)
[2025-05-08T09:03:29.138+0000][71][info ][gc,heap     ] GC(13) Survivor regions: 27->19(34)
[2025-05-08T09:03:29.138+0000][71][info ][gc,heap     ] GC(13) Old regions: 3->10
[2025-05-08T09:03:29.139+0000][71][info ][gc,heap     ] GC(13) Humongous regions: 0->0
[2025-05-08T09:03:29.139+0000][71][info ][gc,metaspace] GC(13) Metaspace: 143439K(147328K)->143439K(147328K) NonClass: 123926K(125952K)->123926K(125952K) Class: 19512K(21376K)->19512K(21376K)
[2025-05-08T09:03:29.140+0000][71][info ][gc          ] GC(13) Pause Young (Normal) (G1 Evacuation Pause) 1066M->115M(3880M) 273.383ms
[2025-05-08T09:03:29.140+0000][71][info ][gc,cpu      ] GC(13) User=1.77s Sys=0.23s Real=0.27s
[2025-05-08T09:03:29.141+0000][71][info ][safepoint   ] Safepoint "G1CollectForAllocation", Time since last: 14541380709 ns, Reaching safepoint: 30773 ns, Cleanup: 6713 ns, At safepoint: 275913549 ns, Total: 275951035 ns
[2025-05-08T09:03:30.139+0000][71][info ][safepoint   ] Safepoint "Cleanup", Time since last: 1000665419 ns, Reaching safepoint: 31139 ns, Cleanup: 18550 ns, At safepoint: 16707 ns, Total: 66396 ns
[2025-05-08T09:03:32.140+0000][71][info ][safepoint   ] Safepoint "Cleanup", Time since last: 2001092626 ns, Reaching safepoint: 31934 ns, Cleanup: 19182 ns, At safepoint: 17702 ns, Total: 68818 ns
[2025-05-08T09:03:38.142+0000][71][info ][safepoint   ] Safepoint "Cleanup", Time since last: 6001515732 ns, Reaching safepoint: 67082 ns, Cleanup: 16182 ns, At safepoint: 16496 ns, Total: 99760 ns
[2025-05-08T09:03:41.143+0000][71][info ][safepoint   ] Safepoint "Cleanup", Time since last: 3001039331 ns, Reaching safepoint: 29016 ns, Cleanup: 16774 ns, At safepoint: 18026 ns, Total: 63816 ns
[2025-05-08T09:03:42.144+0000][71][info ][safepoint   ] Safepoint "Cleanup", Time since last: 1000690962 ns, Reaching safepoint: 28358 ns, Cleanup: 15733 ns, At safepoint: 16044 ns, Total: 60135 ns
[2025-05-08T09:03:43.889+0000][71][info ][safepoint   ] Safepoint "Cleanup", Time since last: 1744674705 ns, Reaching safepoint: 171176 ns, Cleanup: 20724 ns, At safepoint: 102976 ns, Total: 294876 ns
[2025-05-08T09:03:45.280+0000][71][info ][safepoint   ] Safepoint "Cleanup", Time since last: 1390853809 ns, Reaching safepoint: 28713 ns, Cleanup: 25632 ns, At safepoint: 16624 ns, Total: 70969 ns
[2025-05-08T09:03:58.282+0000][71][info ][safepoint   ] Safepoint "Cleanup", Time since last: 13002477103 ns, Reaching safepoint: 71444 ns, Cleanup: 19424 ns, At safepoint: 19099 ns, Total: 109967 ns
[2025-05-08T09:03:59.283+0000][71][info ][safepoint   ] Safepoint "Cleanup", Time since last: 1000736830 ns, Reaching safepoint: 30575 ns, Cleanup: 15977 ns, At safepoint: 18112 ns, Total: 64664 ns
[2025-05-08T09:04:01.282+0000][71][info ][safepoint   ] Safepoint "Cleanup", Time since last: 2000837184 ns, Reaching safepoint: 29333 ns, Cleanup: 15388 ns, At safepoint: 15087 ns, Total: 59808 ns
[2025-05-08T09:04:06.284+0000][71][info ][safepoint   ] Safepoint "Cleanup", Time since last: 5001873254 ns, Reaching safepoint: 67639 ns, Cleanup: 19134 ns, At safepoint: 17735 ns, Total: 104508 ns
[2025-05-08T09:04:08.285+0000][71][info ][safepoint   ] Safepoint "Cleanup", Time since last: 2000921756 ns, Reaching safepoint: 30888 ns, Cleanup: 17378 ns, At safepoint: 17575 ns, Total: 65841 ns
[2025-05-08T09:04:10.302+0000][71][info ][safepoint   ] Safepoint "Cleanup", Time since last: 2017330627 ns, Reaching safepoint: 13304 ns, Cleanup: 11306 ns, At safepoint: 5238 ns, Total: 29848 ns
[2025-05-08T09:04:11.402+0000][71][info ][safepoint   ] Safepoint "Cleanup", Time since last: 1099417340 ns, Reaching safepoint: 18536 ns, Cleanup: 23646 ns, At safepoint: 10257 ns, Total: 52439 ns
[2025-05-08T09:04:13.403+0000][71][info ][safepoint   ] Safepoint "Cleanup", Time since last: 2000896231 ns, Reaching safepoint: 23028 ns, Cleanup: 13236 ns, At safepoint: 10329 ns, Total: 46593 ns
[2025-05-08T09:04:14.404+0000][71][info ][safepoint   ] Safepoint "Cleanup", Time since last: 1000687729 ns, Reaching safepoint: 30228 ns, Cleanup: 20176 ns, At safepoint: 17048 ns, Total: 67452 ns
[2025-05-08T09:04:17.405+0000][71][info ][safepoint   ] Safepoint "Cleanup", Time since last: 3001028276 ns, Reaching safepoint: 30325 ns, Cleanup: 18889 ns, At safepoint: 20075 ns, Total: 69289 ns
[2025-05-08T09:04:18.406+0000][71][info ][safepoint   ] Safepoint "Cleanup", Time since last: 1001097004 ns, Reaching safepoint: 19855 ns, Cleanup: 13715 ns, At safepoint: 10419 ns, Total: 43989 ns
[2025-05-08T09:04:38.620+0000][71][info ][safepoint   ] Safepoint "Cleanup", Time since last: 20215701307 ns, Reaching safepoint: 53980 ns, Cleanup: 15412 ns, At safepoint: 10790 ns, Total: 80182 ns
[2025-05-08T09:04:42.621+0000][71][info ][safepoint   ] Safepoint "Cleanup", Time since last: 4000990249 ns, Reaching safepoint: 15855 ns, Cleanup: 13966 ns, At safepoint: 7163 ns, Total: 36984 ns
[2025-05-08T09:04:43.622+0000][71][info ][safepoint   ] Safepoint "Cleanup", Time since last: 1000601436 ns, Reaching safepoint: 27025 ns, Cleanup: 17171 ns, At safepoint: 11861 ns, Total: 56057 ns
[2025-05-08T09:04:46.912+0000][71][info ][safepoint   ] Safepoint "Cleanup", Time since last: 3290780149 ns, Reaching safepoint: 146667 ns, Cleanup: 9322 ns, At safepoint: 46016 ns, Total: 202005 ns
[2025-05-08T09:04:48.344+0000][71][info ][safepoint   ] Safepoint "Cleanup", Time since last: 1431247591 ns, Reaching safepoint: 301729 ns, Cleanup: 23927 ns, At safepoint: 18249 ns, Total: 343905 ns
[2025-05-08T09:04:56.346+0000][71][info ][safepoint   ] Safepoint "Cleanup", Time since last: 8001838601 ns, Reaching safepoint: 64500 ns, Cleanup: 14390 ns, At safepoint: 29862 ns, Total: 108752 ns
[2025-05-08T09:04:58.347+0000][71][info ][safepoint   ] Safepoint "Cleanup", Time since last: 2001070588 ns, Reaching safepoint: 31852 ns, Cleanup: 21146 ns, At safepoint: 18441 ns, Total: 71439 ns
[2025-05-08T09:05:06.347+0000][71][info ][safepoint   ] Safepoint "Cleanup", Time since last: 8001932553 ns, Reaching safepoint: 110820 ns, Cleanup: 21389 ns, At safepoint: 90302 ns, Total: 222511 ns
[2025-05-08T09:05:07.365+0000][71][info ][gc,start    ] GC(14) Pause Young (Normal) (G1 Evacuation Pause)
[2025-05-08T09:05:07.366+0000][71][info ][gc,task     ] GC(14) Using 10 workers of 10 for evacuation
[2025-05-08T09:05:07.367+0000][71][debug][gc,age      ] GC(14) Desired survivor size 12582912 bytes, new threshold 2 (max threshold 15)
[2025-05-08T09:05:07.555+0000][71][info ][gc,phases   ] GC(14)   Pre Evacuate Collection Set: 1.25ms
[2025-05-08T09:05:07.556+0000][71][info ][gc,phases   ] GC(14)   Merge Heap Roots: 1.16ms
[2025-05-08T09:05:07.556+0000][71][info ][gc,phases   ] GC(14)   Evacuate Collection Set: 182.16ms
[2025-05-08T09:05:07.557+0000][71][info ][gc,phases   ] GC(14)   Post Evacuate Collection Set: 3.33ms
[2025-05-08T09:05:07.557+0000][71][info ][gc,phases   ] GC(14)   Other: 1.33ms
[2025-05-08T09:05:07.557+0000][71][trace][gc,age      ] GC(14) Age table with threshold 2 (max threshold 15)
[2025-05-08T09:05:07.558+0000][71][trace][gc,age      ] GC(14) - age   1:    1355576 bytes,    1355576 total
[2025-05-08T09:05:07.558+0000][71][trace][gc,age      ] GC(14) - age   2:    3729800 bytes,    5085376 total
[2025-05-08T09:05:07.559+0000][71][info ][gc,heap     ] GC(14) Eden regions: 29->0(483)
[2025-05-08T09:05:07.559+0000][71][info ][gc,heap     ] GC(14) Survivor regions: 19->3(6)
[2025-05-08T09:05:07.559+0000][71][info ][gc,heap     ] GC(14) Old regions: 10->27
[2025-05-08T09:05:07.560+0000][71][info ][gc,heap     ] GC(14) Humongous regions: 0->0
[2025-05-08T09:05:07.560+0000][71][info ][gc,metaspace] GC(14) Metaspace: 143516K(147456K)->143516K(147456K) NonClass: 124001K(126080K)->124001K(126080K) Class: 19514K(21376K)->19514K(21376K)
[2025-05-08T09:05:07.561+0000][71][info ][gc          ] GC(14) Pause Young (Normal) (G1 Evacuation Pause) 231M->119M(3880M) 195.522ms
[2025-05-08T09:05:07.561+0000][71][info ][gc,cpu      ] GC(14) User=0.62s Sys=0.34s Real=0.19s
[2025-05-08T09:05:07.562+0000][71][info ][safepoint   ] Safepoint "G1CollectForAllocation", Time since last: 1018178430 ns, Reaching safepoint: 27074 ns, Cleanup: 5076 ns, At safepoint: 196480014 ns, Total: 196512164 ns
[2025-05-08T09:05:08.562+0000][71][info ][safepoint   ] Safepoint "Cleanup", Time since last: 1000472077 ns, Reaching safepoint: 33713 ns, Cleanup: 21880 ns, At safepoint: 17042 ns, Total: 72635 ns
[2025-05-08T09:05:11.564+0000][71][info ][safepoint   ] Safepoint "Cleanup", Time since last: 3001170443 ns, Reaching safepoint: 26673 ns, Cleanup: 14407 ns, At safepoint: 14785 ns, Total: 55865 ns
[2025-05-08T09:05:12.564+0000][71][info ][safepoint   ] Safepoint "Cleanup", Time since last: 1000829362 ns, Reaching safepoint: 36621 ns, Cleanup: 23209 ns, At safepoint: 19358 ns, Total: 79188 ns
[2025-05-08T09:05:26.654+0000][71][info ][safepoint   ] Safepoint "Cleanup", Time since last: 14089162834 ns, Reaching safepoint: 38120 ns, Cleanup: 18330 ns, At safepoint: 20088 ns, Total: 76538 ns
[2025-05-08T09:05:34.581+0000][71][info ][safepoint   ] Safepoint "Cleanup", Time since last: 7929310697 ns, Reaching safepoint: 54157 ns, Cleanup: 11335 ns, At safepoint: 8439 ns, Total: 73931 ns
[2025-05-08T09:05:35.582+0000][71][info ][safepoint   ] Safepoint "Cleanup", Time since last: 1000639066 ns, Reaching safepoint: 30685 ns, Cleanup: 17344 ns, At safepoint: 13665 ns, Total: 61694 ns
[2025-05-08T09:05:42.584+0000][71][info ][safepoint   ] Safepoint "Cleanup", Time since last: 7001665582 ns, Reaching safepoint: 67968 ns, Cleanup: 16274 ns, At safepoint: 17875 ns, Total: 102117 ns
[2025-05-08T09:05:49.887+0000][71][info ][safepoint   ] Safepoint "Cleanup", Time since last: 7303086830 ns, Reaching safepoint: 13705 ns, Cleanup: 17852 ns, At safepoint: 19487 ns, Total: 51044 ns
[2025-05-08T09:05:51.387+0000][71][info ][safepoint   ] Safepoint "Cleanup", Time since last: 1499418650 ns, Reaching safepoint: 26225 ns, Cleanup: 23457 ns, At safepoint: 10966 ns, Total: 60648 ns
[2025-05-08T09:05:53.391+0000][71][info ][safepoint   ] Safepoint "Cleanup", Time since last: 2004004608 ns, Reaching safepoint: 39882 ns, Cleanup: 12305 ns, At safepoint: 9045 ns, Total: 61232 ns
[2025-05-08T09:05:58.393+0000][71][info ][safepoint   ] Safepoint "Cleanup", Time since last: 5002342008 ns, Reaching safepoint: 35262 ns, Cleanup: 17616 ns, At safepoint: 20428 ns, Total: 73306 ns
[2025-05-08T09:06:01.392+0000][71][info ][safepoint   ] Safepoint "Cleanup", Time since last: 3001100814 ns, Reaching safepoint: 30978 ns, Cleanup: 17319 ns, At safepoint: 15693 ns, Total: 63990 ns
[2025-05-08T09:06:05.393+0000][71][info ][safepoint   ] Safepoint "Cleanup", Time since last: 4001270763 ns, Reaching safepoint: 29544 ns, Cleanup: 14945 ns, At safepoint: 14774 ns, Total: 59263 ns
[2025-05-08T09:06:06.394+0000][71][info ][safepoint   ] Safepoint "Cleanup", Time since last: 1000802281 ns, Reaching safepoint: 28610 ns, Cleanup: 14721 ns, At safepoint: 16953 ns, Total: 60284 ns
[2025-05-08T09:06:08.395+0000][71][info ][safepoint   ] Safepoint "Cleanup", Time since last: 2000988465 ns, Reaching safepoint: 28152 ns, Cleanup: 17762 ns, At safepoint: 16909 ns, Total: 62823 ns
[2025-05-08T09:06:12.397+0000][71][info ][safepoint   ] Safepoint "Cleanup", Time since last: 4001496199 ns, Reaching safepoint: 47474 ns, Cleanup: 14224 ns, At safepoint: 9324 ns, Total: 71022 ns
[2025-05-08T09:06:18.398+0000][71][info ][safepoint   ] Safepoint "Cleanup", Time since last: 6001654084 ns, Reaching safepoint: 30327 ns, Cleanup: 19419 ns, At safepoint: 16301 ns, Total: 66047 ns
[2025-05-08T09:06:31.695+0000][71][info ][safepoint   ] Safepoint "Cleanup", Time since last: 13298613570 ns, Reaching safepoint: 68728 ns, Cleanup: 19562 ns, At safepoint: 17580 ns, Total: 105870 ns
[2025-05-08T09:06:32.696+0000][71][info ][safepoint   ] Safepoint "Cleanup", Time since last: 1000773077 ns, Reaching safepoint: 28193 ns, Cleanup: 17334 ns, At safepoint: 15979 ns, Total: 61506 ns
[2025-05-08T09:06:36.697+0000][71][info ][safepoint   ] Safepoint "Cleanup", Time since last: 4001224472 ns, Reaching safepoint: 18035 ns, Cleanup: 19639 ns, At safepoint: 10476 ns, Total: 48150 ns
[2025-05-08T09:06:41.699+0000][71][info ][safepoint   ] Safepoint "Cleanup", Time since last: 5001455608 ns, Reaching safepoint: 63766 ns, Cleanup: 19563 ns, At safepoint: 43677 ns, Total: 127006 ns
[2025-05-08T09:06:42.700+0000][71][info ][safepoint   ] Safepoint "Cleanup", Time since last: 1000685887 ns, Reaching safepoint: 17572 ns, Cleanup: 15412 ns, At safepoint: 8675 ns, Total: 41659 ns
[2025-05-08T09:06:47.701+0000][71][info ][safepoint   ] Safepoint "Cleanup", Time since last: 5001662446 ns, Reaching safepoint: 17799 ns, Cleanup: 11402 ns, At safepoint: 8465 ns, Total: 37666 ns
[2025-05-08T09:06:50.702+0000][71][info ][safepoint   ] Safepoint "Cleanup", Time since last: 3001048732 ns, Reaching safepoint: 16780 ns, Cleanup: 14338 ns, At safepoint: 9076 ns, Total: 40194 ns
[2025-05-08T09:06:51.703+0000][71][info ][safepoint   ] Safepoint "Cleanup", Time since last: 1000676713 ns, Reaching safepoint: 30576 ns, Cleanup: 18514 ns, At safepoint: 16037 ns, Total: 65127 ns
[2025-05-08T09:06:52.704+0000][71][info ][safepoint   ] Safepoint "Cleanup", Time since last: 1000835894 ns, Reaching safepoint: 29994 ns, Cleanup: 16155 ns, At safepoint: 17091 ns, Total: 63240 ns
[2025-05-08T09:06:54.433+0000][71][info ][safepoint   ] Safepoint "Cleanup", Time since last: 1728577579 ns, Reaching safepoint: 16209 ns, Cleanup: 18541 ns, At safepoint: 7766 ns, Total: 42516 ns
[2025-05-08T09:06:55.434+0000][71][info ][safepoint   ] Safepoint "Cleanup", Time since last: 1000705442 ns, Reaching safepoint: 41946 ns, Cleanup: 12680 ns, At safepoint: 7416 ns, Total: 62042 ns
[2025-05-08T09:06:56.434+0000][71][info ][safepoint   ] Safepoint "Cleanup", Time since last: 1000861015 ns, Reaching safepoint: 27674 ns, Cleanup: 18819 ns, At safepoint: 15955 ns, Total: 62448 ns
[2025-05-08T09:06:58.436+0000][71][info ][safepoint   ] Safepoint "Cleanup", Time since last: 2001023437 ns, Reaching safepoint: 28295 ns, Cleanup: 28807 ns, At safepoint: 15546 ns, Total: 72648 ns
[2025-05-08T09:07:01.434+0000][71][info ][safepoint   ] Safepoint "Cleanup", Time since last: 3001127440 ns, Reaching safepoint: 28063 ns, Cleanup: 15844 ns, At safepoint: 15457 ns, Total: 59364 ns
[2025-05-08T09:07:02.435+0000][71][info ][safepoint   ] Safepoint "Cleanup", Time since last: 1000701957 ns, Reaching safepoint: 28970 ns, Cleanup: 15223 ns, At safepoint: 16141 ns, Total: 60334 ns
[2025-05-08T09:07:05.436+0000][71][info ][safepoint   ] Safepoint "Cleanup", Time since last: 3000895678 ns, Reaching safepoint: 16177 ns, Cleanup: 11516 ns, At safepoint: 7018 ns, Total: 34711 ns
[2025-05-08T09:07:08.437+0000][71][info ][safepoint   ] Safepoint "Cleanup", Time since last: 3001099825 ns, Reaching safepoint: 27138 ns, Cleanup: 20104 ns, At safepoint: 14871 ns, Total: 62113 ns
[2025-05-08T09:07:13.439+0000][71][info ][safepoint   ] Safepoint "Cleanup", Time since last: 5001795979 ns, Reaching safepoint: 40286 ns, Cleanup: 10826 ns, At safepoint: 8547 ns, Total: 59659 ns
[2025-05-08T09:07:21.441+0000][71][info ][safepoint   ] Safepoint "Cleanup", Time since last: 8002198824 ns, Reaching safepoint: 29841 ns, Cleanup: 15715 ns, At safepoint: 16059 ns, Total: 61615 ns
[2025-05-08T09:07:41.738+0000][71][info ][safepoint   ] Safepoint "Cleanup", Time since last: 20298238084 ns, Reaching safepoint: 64960 ns, Cleanup: 16616 ns, At safepoint: 16762 ns, Total: 98338 ns
[2025-05-08T09:07:43.130+0000][71][info ][safepoint   ] Safepoint "Cleanup", Time since last: 1392039548 ns, Reaching safepoint: 20546 ns, Cleanup: 95507 ns, At safepoint: 10346 ns, Total: 126399 ns
[2025-05-08T09:07:50.132+0000][71][info ][safepoint   ] Safepoint "Cleanup", Time since last: 7002011778 ns, Reaching safepoint: 31659 ns, Cleanup: 16508 ns, At safepoint: 17817 ns, Total: 65984 ns
[2025-05-08T09:07:55.892+0000][71][info ][safepoint   ] Safepoint "Cleanup", Time since last: 5759646493 ns, Reaching safepoint: 13570 ns, Cleanup: 10311 ns, At safepoint: 18681 ns, Total: 42562 ns
[2025-05-08T09:07:57.473+0000][71][info ][safepoint   ] Safepoint "Cleanup", Time since last: 1580924981 ns, Reaching safepoint: 47352 ns, Cleanup: 36046 ns, At safepoint: 8690 ns, Total: 92088 ns
[2025-05-08T09:07:58.474+0000][71][info ][safepoint   ] Safepoint "Cleanup", Time since last: 1000559025 ns, Reaching safepoint: 24449 ns, Cleanup: 50592 ns, At safepoint: 28246 ns, Total: 103287 ns
[2025-05-08T09:07:59.474+0000][71][info ][safepoint   ] Safepoint "Cleanup", Time since last: 1000699967 ns, Reaching safepoint: 35650 ns, Cleanup: 18875 ns, At safepoint: 19897 ns, Total: 74422 ns
[2025-05-08T09:08:05.474+0000][71][info ][safepoint   ] Safepoint "Cleanup", Time since last: 6001525942 ns, Reaching safepoint: 97732 ns, Cleanup: 11709 ns, At safepoint: 21241 ns, Total: 130682 ns
[2025-05-08T09:08:10.900+0000][71][info ][safepoint   ] Safepoint "Cleanup", Time since last: 5425852394 ns, Reaching safepoint: 5328 ns, Cleanup: 7940 ns, At safepoint: 2782 ns, Total: 16050 ns
[2025-05-08T09:08:12.496+0000][71][info ][safepoint   ] Safepoint "Cleanup", Time since last: 1595550432 ns, Reaching safepoint: 42522 ns, Cleanup: 16522 ns, At safepoint: 39671 ns, Total: 98715 ns
[2025-05-08T09:08:13.534+0000][71][info ][safepoint   ] Safepoint "Cleanup", Time since last: 1037844351 ns, Reaching safepoint: 77839 ns, Cleanup: 19079 ns, At safepoint: 18017 ns, Total: 114935 ns
[2025-05-08T09:08:14.534+0000][71][info ][safepoint   ] Safepoint "Cleanup", Time since last: 1000629537 ns, Reaching safepoint: 29710 ns, Cleanup: 26362 ns, At safepoint: 44398 ns, Total: 100470 ns
[2025-05-08T09:08:16.407+0000][71][info ][safepoint   ] Safepoint "Cleanup", Time since last: 1872887896 ns, Reaching safepoint: 17365 ns, Cleanup: 25947 ns, At safepoint: 17805 ns, Total: 61117 ns
[2025-05-08T09:08:17.430+0000][71][info ][safepoint   ] Safepoint "Cleanup", Time since last: 1022314399 ns, Reaching safepoint: 182295 ns, Cleanup: 19062 ns, At safepoint: 30779 ns, Total: 232136 ns
[2025-05-08T09:08:26.777+0000][71][info ][safepoint   ] Safepoint "Cleanup", Time since last: 9347135837 ns, Reaching safepoint: 46671 ns, Cleanup: 23861 ns, At safepoint: 23148 ns, Total: 93680 ns
[2025-05-08T09:08:31.777+0000][71][info ][safepoint   ] Safepoint "Cleanup", Time since last: 5001587098 ns, Reaching safepoint: 61047 ns, Cleanup: 68653 ns, At safepoint: 14934 ns, Total: 144634 ns
[2025-05-08T09:08:38.778+0000][71][info ][safepoint   ] Safepoint "Cleanup", Time since last: 7001588547 ns, Reaching safepoint: 31311 ns, Cleanup: 16695 ns, At safepoint: 116232 ns, Total: 164238 ns
[2025-05-08T09:08:42.780+0000][71][info ][safepoint   ] Safepoint "Cleanup", Time since last: 4001254646 ns, Reaching safepoint: 70728 ns, Cleanup: 15912 ns, At safepoint: 16596 ns, Total: 103236 ns
[2025-05-08T09:08:43.897+0000][71][info ][safepoint   ] Safepoint "Cleanup", Time since last: 1117408903 ns, Reaching safepoint: 11906 ns, Cleanup: 30676 ns, At safepoint: 20758 ns, Total: 63340 ns
[2025-05-08T09:08:44.920+0000][71][info ][safepoint   ] Safepoint "Cleanup", Time since last: 1022779769 ns, Reaching safepoint: 17881 ns, Cleanup: 193617 ns, At safepoint: 95639 ns, Total: 307137 ns
[2025-05-08T09:08:46.470+0000][71][info ][safepoint   ] Safepoint "Cleanup", Time since last: 1549179224 ns, Reaching safepoint: 14359 ns, Cleanup: 17544 ns, At safepoint: 22619 ns, Total: 54522 ns
[2025-05-08T09:08:47.526+0000][71][info ][safepoint   ] Safepoint "Cleanup", Time since last: 1056492071 ns, Reaching safepoint: 24671 ns, Cleanup: 28489 ns, At safepoint: 19516 ns, Total: 72676 ns
[2025-05-08T09:08:53.527+0000][71][info ][safepoint   ] Safepoint "Cleanup", Time since last: 6001235295 ns, Reaching safepoint: 24803 ns, Cleanup: 24169 ns, At safepoint: 10164 ns, Total: 59136 ns
[2025-05-08T09:08:58.529+0000][71][info ][safepoint   ] Safepoint "Cleanup", Time since last: 5001290521 ns, Reaching safepoint: 71922 ns, Cleanup: 18955 ns, At safepoint: 16640 ns, Total: 107517 ns
[2025-05-08T09:08:59.592+0000][71][info ][safepoint   ] Safepoint "Cleanup", Time since last: 1062972595 ns, Reaching safepoint: 17605 ns, Cleanup: 26395 ns, At safepoint: 75884 ns, Total: 119884 ns
[2025-05-08T09:09:01.599+0000][71][info ][safepoint   ] Safepoint "Cleanup", Time since last: 2009483959 ns, Reaching safepoint: 23617 ns, Cleanup: 16324 ns, At safepoint: 11109 ns, Total: 51050 ns
[2025-05-08T09:09:05.601+0000][71][info ][safepoint   ] Safepoint "Cleanup", Time since last: 4001126524 ns, Reaching safepoint: 32809 ns, Cleanup: 16924 ns, At safepoint: 18916 ns, Total: 68649 ns
[2025-05-08T09:09:12.602+0000][71][info ][safepoint   ] Safepoint "Cleanup", Time since last: 7001699882 ns, Reaching safepoint: 21367 ns, Cleanup: 12788 ns, At safepoint: 10009 ns, Total: 44164 ns
[2025-05-08T09:09:20.604+0000][71][info ][safepoint   ] Safepoint "Cleanup", Time since last: 8001818179 ns, Reaching safepoint: 43789 ns, Cleanup: 13406 ns, At safepoint: 8876 ns, Total: 66071 ns
[2025-05-08T09:09:22.546+0000][71][info ][safepoint   ] Safepoint "Cleanup", Time since last: 1941373121 ns, Reaching safepoint: 28910 ns, Cleanup: 33824 ns, At safepoint: 16277 ns, Total: 79011 ns
[2025-05-08T09:09:25.810+0000][71][info ][safepoint   ] Safepoint "Cleanup", Time since last: 3264586622 ns, Reaching safepoint: 33782 ns, Cleanup: 17563 ns, At safepoint: 19048 ns, Total: 70393 ns
[2025-05-08T09:09:28.811+0000][71][info ][safepoint   ] Safepoint "Cleanup", Time since last: 3001079391 ns, Reaching safepoint: 42931 ns, Cleanup: 14000 ns, At safepoint: 9247 ns, Total: 66178 ns
[2025-05-08T09:09:43.815+0000][71][info ][safepoint   ] Safepoint "Cleanup", Time since last: 15004992301 ns, Reaching safepoint: 122200 ns, Cleanup: 17736 ns, At safepoint: 38730 ns, Total: 178666 ns
[2025-05-08T09:09:48.049+0000][71][info ][safepoint   ] Safepoint "Cleanup", Time since last: 4233512259 ns, Reaching safepoint: 17401 ns, Cleanup: 31497 ns, At safepoint: 76008 ns, Total: 124906 ns
[2025-05-08T09:09:50.080+0000][71][info ][safepoint   ] Safepoint "Cleanup", Time since last: 2031625157 ns, Reaching safepoint: 21942 ns, Cleanup: 13691 ns, At safepoint: 11419 ns, Total: 47052 ns
[2025-05-08T09:09:51.081+0000][71][info ][safepoint   ] Safepoint "Cleanup", Time since last: 1000689119 ns, Reaching safepoint: 32139 ns, Cleanup: 16431 ns, At safepoint: 16974 ns, Total: 65544 ns
[2025-05-08T09:09:56.082+0000][71][info ][safepoint   ] Safepoint "Cleanup", Time since last: 5001434678 ns, Reaching safepoint: 28791 ns, Cleanup: 19198 ns, At safepoint: 17367 ns, Total: 65356 ns
[2025-05-08T09:09:58.083+0000][71][info ][safepoint   ] Safepoint "Cleanup", Time since last: 2000863714 ns, Reaching safepoint: 28603 ns, Cleanup: 18506 ns, At safepoint: 15528 ns, Total: 62637 ns
[2025-05-08T09:09:59.084+0000][71][info ][safepoint   ] Safepoint "Cleanup", Time since last: 1000890984 ns, Reaching safepoint: 77006 ns, Cleanup: 18307 ns, At safepoint: 33435 ns, Total: 128748 ns
[2025-05-08T09:10:01.083+0000][71][info ][safepoint   ] Safepoint "Cleanup", Time since last: 2000720077 ns, Reaching safepoint: 28303 ns, Cleanup: 12998 ns, At safepoint: 8295 ns, Total: 49596 ns
[2025-05-08T09:10:02.631+0000][71][info ][safepoint   ] Safepoint "Cleanup", Time since last: 1547166161 ns, Reaching safepoint: 17862 ns, Cleanup: 89677 ns, At safepoint: 103501 ns, Total: 211040 ns
[2025-05-08T09:10:03.655+0000][71][info ][safepoint   ] Safepoint "Cleanup", Time since last: 1024328483 ns, Reaching safepoint: 33359 ns, Cleanup: 17673 ns, At safepoint: 19286 ns, Total: 70318 ns
[2025-05-08T09:10:05.656+0000][71][info ][safepoint   ] Safepoint "Cleanup", Time since last: 2000903517 ns, Reaching safepoint: 16441 ns, Cleanup: 10802 ns, At safepoint: 7906 ns, Total: 35149 ns
[2025-05-08T09:10:06.657+0000][71][info ][safepoint   ] Safepoint "Cleanup", Time since last: 1000623178 ns, Reaching safepoint: 30410 ns, Cleanup: 15108 ns, At safepoint: 79716 ns, Total: 125234 ns
[2025-05-08T09:10:11.658+0000][71][info ][safepoint   ] Safepoint "Cleanup", Time since last: 5001344691 ns, Reaching safepoint: 22409 ns, Cleanup: 13690 ns, At safepoint: 38506 ns, Total: 74605 ns
[2025-05-08T09:10:13.659+0000][71][info ][safepoint   ] Safepoint "Cleanup", Time since last: 2000837847 ns, Reaching safepoint: 167363 ns, Cleanup: 19797 ns, At safepoint: 124571 ns, Total: 311731 ns
[2025-05-08T09:10:14.660+0000][71][info ][safepoint   ] Safepoint "Cleanup", Time since last: 1000767112 ns, Reaching safepoint: 60511 ns, Cleanup: 16318 ns, At safepoint: 29167 ns, Total: 105996 ns
[2025-05-08T09:10:15.661+0000][71][info ][safepoint   ] Safepoint "Cleanup", Time since last: 1000826342 ns, Reaching safepoint: 28262 ns, Cleanup: 15699 ns, At safepoint: 16352 ns, Total: 60313 ns
[2025-05-08T09:10:16.662+0000][71][info ][safepoint   ] Safepoint "Cleanup", Time since last: 1000833926 ns, Reaching safepoint: 29057 ns, Cleanup: 16137 ns, At safepoint: 17527 ns, Total: 62721 ns
[2025-05-08T09:10:17.663+0000][71][info ][safepoint   ] Safepoint "Cleanup", Time since last: 1000910236 ns, Reaching safepoint: 27331 ns, Cleanup: 14478 ns, At safepoint: 16363 ns, Total: 58172 ns
[2025-05-08T09:10:23.849+0000][71][info ][safepoint   ] Safepoint "Cleanup", Time since last: 6186108414 ns, Reaching safepoint: 30153 ns, Cleanup: 16493 ns, At safepoint: 16811 ns, Total: 63457 ns
[2025-05-08T09:10:25.850+0000][71][info ][safepoint   ] Safepoint "Cleanup", Time since last: 2000962888 ns, Reaching safepoint: 30056 ns, Cleanup: 17978 ns, At safepoint: 17272 ns, Total: 65306 ns
[2025-05-08T09:10:35.851+0000][71][info ][safepoint   ] Safepoint "Cleanup", Time since last: 10002417949 ns, Reaching safepoint: 77030 ns, Cleanup: 16830 ns, At safepoint: 19989 ns, Total: 113849 ns
[2025-05-08T09:10:36.851+0000][71][info ][safepoint   ] Safepoint "Cleanup", Time since last: 1000636051 ns, Reaching safepoint: 17801 ns, Cleanup: 12414 ns, At safepoint: 10438 ns, Total: 40653 ns
[2025-05-08T09:10:38.853+0000][71][info ][safepoint   ] Safepoint "Cleanup", Time since last: 2001704177 ns, Reaching safepoint: 25137 ns, Cleanup: 16501 ns, At safepoint: 14091 ns, Total: 55729 ns
[2025-05-08T09:10:42.867+0000][71][info ][safepoint   ] Safepoint "Cleanup", Time since last: 4013373852 ns, Reaching safepoint: 23478 ns, Cleanup: 14654 ns, At safepoint: 10279 ns, Total: 48411 ns
[2025-05-08T09:10:49.868+0000][71][info ][safepoint   ] Safepoint "Cleanup", Time since last: 7001531981 ns, Reaching safepoint: 44297 ns, Cleanup: 12340 ns, At safepoint: 9239 ns, Total: 65876 ns
[2025-05-08T09:10:53.213+0000][71][info ][safepoint   ] Safepoint "Cleanup", Time since last: 3344854660 ns, Reaching safepoint: 13121 ns, Cleanup: 14557 ns, At safepoint: 17749 ns, Total: 45427 ns
[2025-05-08T09:10:54.236+0000][71][info ][safepoint   ] Safepoint "Cleanup", Time since last: 1022405514 ns, Reaching safepoint: 23574 ns, Cleanup: 15928 ns, At safepoint: 10288 ns, Total: 49790 ns
[2025-05-08T09:10:56.254+0000][71][info ][safepoint   ] Safepoint "Cleanup", Time since last: 2017848739 ns, Reaching safepoint: 31226 ns, Cleanup: 19801 ns, At safepoint: 16155 ns, Total: 67182 ns
[2025-05-08T09:11:01.253+0000][71][info ][safepoint   ] Safepoint "Cleanup", Time since last: 5001002104 ns, Reaching safepoint: 42175 ns, Cleanup: 12336 ns, At safepoint: 9265 ns, Total: 63776 ns
[2025-05-08T09:11:02.253+0000][71][info ][safepoint   ] Safepoint "Cleanup", Time since last: 1000584873 ns, Reaching safepoint: 23760 ns, Cleanup: 14330 ns, At safepoint: 9739 ns, Total: 47829 ns
[2025-05-08T09:11:05.674+0000][71][info ][safepoint   ] Safepoint "Cleanup", Time since last: 3420844235 ns, Reaching safepoint: 5846 ns, Cleanup: 9487 ns, At safepoint: 3398 ns, Total: 18731 ns
[2025-05-08T09:11:06.691+0000][71][info ][safepoint   ] Safepoint "Cleanup", Time since last: 1017000437 ns, Reaching safepoint: 5900 ns, Cleanup: 14874 ns, At safepoint: 13761 ns, Total: 34535 ns
[2025-05-08T09:11:15.695+0000][71][info ][safepoint   ] Safepoint "Cleanup", Time since last: 9003336316 ns, Reaching safepoint: 31747 ns, Cleanup: 16321 ns, At safepoint: 17726 ns, Total: 65794 ns
[2025-05-08T09:11:20.696+0000][71][info ][safepoint   ] Safepoint "Cleanup", Time since last: 5001296446 ns, Reaching safepoint: 59723 ns, Cleanup: 18761 ns, At safepoint: 12410 ns, Total: 90894 ns
[2025-05-08T09:11:25.881+0000][71][info ][safepoint   ] Safepoint "Cleanup", Time since last: 5184922122 ns, Reaching safepoint: 31102 ns, Cleanup: 23599 ns, At safepoint: 18622 ns, Total: 73323 ns
[2025-05-08T09:11:40.881+0000][71][info ][safepoint   ] Safepoint "Cleanup", Time since last: 15002499188 ns, Reaching safepoint: 27343 ns, Cleanup: 16753 ns, At safepoint: 11927 ns, Total: 56023 ns
[2025-05-08T09:11:42.882+0000][71][info ][safepoint   ] Safepoint "Cleanup", Time since last: 2000737673 ns, Reaching safepoint: 28157 ns, Cleanup: 17545 ns, At safepoint: 13134 ns, Total: 58836 ns
[2025-05-08T09:11:46.883+0000][71][info ][safepoint   ] Safepoint "Cleanup", Time since last: 4001039848 ns, Reaching safepoint: 74025 ns, Cleanup: 67617 ns, At safepoint: 36703 ns, Total: 178345 ns
[2025-05-08T09:11:55.886+0000][71][info ][safepoint   ] Safepoint "Cleanup", Time since last: 9002776863 ns, Reaching safepoint: 31297 ns, Cleanup: 17685 ns, At safepoint: 17756 ns, Total: 66738 ns
[2025-05-08T09:11:57.479+0000][71][info ][safepoint   ] Safepoint "Cleanup", Time since last: 1592650686 ns, Reaching safepoint: 29732 ns, Cleanup: 27779 ns, At safepoint: 17301 ns, Total: 74812 ns
[2025-05-08T09:11:58.480+0000][71][info ][safepoint   ] Safepoint "Cleanup", Time since last: 1000926408 ns, Reaching safepoint: 30612 ns, Cleanup: 21754 ns, At safepoint: 17565 ns, Total: 69931 ns
[2025-05-08T09:12:06.480+0000][71][info ][safepoint   ] Safepoint "Cleanup", Time since last: 8001996920 ns, Reaching safepoint: 68744 ns, Cleanup: 22443 ns, At safepoint: 17119 ns, Total: 108306 ns
[2025-05-08T09:12:07.895+0000][71][info ][safepoint   ] Safepoint "Cleanup", Time since last: 1414697024 ns, Reaching safepoint: 25191 ns, Cleanup: 17084 ns, At safepoint: 63822 ns, Total: 106097 ns
[2025-05-08T09:12:09.720+0000][71][info ][safepoint   ] Safepoint "Cleanup", Time since last: 1825182714 ns, Reaching safepoint: 31070 ns, Cleanup: 24550 ns, At safepoint: 16832 ns, Total: 72452 ns
[2025-05-08T09:12:11.721+0000][71][info ][safepoint   ] Safepoint "Cleanup", Time since last: 2000811471 ns, Reaching safepoint: 16543 ns, Cleanup: 12114 ns, At safepoint: 8140 ns, Total: 36797 ns
[2025-05-08T09:12:18.722+0000][71][info ][safepoint   ] Safepoint "Cleanup", Time since last: 7001451398 ns, Reaching safepoint: 41625 ns, Cleanup: 11661 ns, At safepoint: 9586 ns, Total: 62872 ns
[2025-05-08T09:12:22.922+0000][71][info ][safepoint   ] Safepoint "Cleanup", Time since last: 4199315861 ns, Reaching safepoint: 15453 ns, Cleanup: 18205 ns, At safepoint: 11347 ns, Total: 45005 ns
[2025-05-08T09:12:28.924+0000][71][info ][safepoint   ] Safepoint "Cleanup", Time since last: 6001738719 ns, Reaching safepoint: 28652 ns, Cleanup: 18721 ns, At safepoint: 14932 ns, Total: 62305 ns
[2025-05-08T09:12:35.923+0000][71][info ][safepoint   ] Safepoint "Cleanup", Time since last: 7001639068 ns, Reaching safepoint: 59277 ns, Cleanup: 15457 ns, At safepoint: 12309 ns, Total: 87043 ns
[2025-05-08T09:12:40.924+0000][71][info ][safepoint   ] Safepoint "Cleanup", Time since last: 5001342071 ns, Reaching safepoint: 31210 ns, Cleanup: 15460 ns, At safepoint: 14548 ns, Total: 61218 ns
[2025-05-08T09:12:51.927+0000][71][info ][safepoint   ] Safepoint "Cleanup", Time since last: 11002492262 ns, Reaching safepoint: 366294 ns, Cleanup: 71237 ns, At safepoint: 25063 ns, Total: 462594 ns
[2025-05-08T09:12:52.928+0000][71][info ][safepoint   ] Safepoint "Cleanup", Time since last: 1000950384 ns, Reaching safepoint: 25923 ns, Cleanup: 14949 ns, At safepoint: 12691 ns, Total: 53563 ns
[2025-05-08T09:12:58.606+0000][71][info ][safepoint   ] Safepoint "Cleanup", Time since last: 5678039683 ns, Reaching safepoint: 24375 ns, Cleanup: 13243 ns, At safepoint: 10551 ns, Total: 48169 ns
[2025-05-08T09:12:59.607+0000][71][info ][safepoint   ] Safepoint "Cleanup", Time since last: 1000661080 ns, Reaching safepoint: 31103 ns, Cleanup: 119570 ns, At safepoint: 33742 ns, Total: 184415 ns
[2025-05-08T09:13:01.606+0000][71][info ][safepoint   ] Safepoint "Cleanup", Time since last: 2000799415 ns, Reaching safepoint: 22535 ns, Cleanup: 12373 ns, At safepoint: 10225 ns, Total: 45133 ns
[2025-05-08T09:13:08.608+0000][71][info ][safepoint   ] Safepoint "Cleanup", Time since last: 7001516908 ns, Reaching safepoint: 75125 ns, Cleanup: 17282 ns, At safepoint: 19735 ns, Total: 112142 ns
[2025-05-08T09:13:10.929+0000][71][info ][safepoint   ] Safepoint "Cleanup", Time since last: 2320772369 ns, Reaching safepoint: 13616 ns, Cleanup: 11249 ns, At safepoint: 18469 ns, Total: 43334 ns
[2025-05-08T09:13:12.781+0000][71][info ][safepoint   ] Safepoint "Cleanup", Time since last: 1852356481 ns, Reaching safepoint: 35815 ns, Cleanup: 30437 ns, At safepoint: 19504 ns, Total: 85756 ns
[2025-05-08T09:13:13.782+0000][71][info ][safepoint   ] Safepoint "Cleanup", Time since last: 1000668449 ns, Reaching safepoint: 30265 ns, Cleanup: 15835 ns, At safepoint: 16812 ns, Total: 62912 ns
[2025-05-08T09:13:14.786+0000][71][info ][safepoint   ] Safepoint "Cleanup", Time since last: 1003809690 ns, Reaching safepoint: 5982 ns, Cleanup: 7936 ns, At safepoint: 3251 ns, Total: 17169 ns
[2025-05-08T09:13:16.799+0000][71][info ][safepoint   ] Safepoint "Cleanup", Time since last: 2013159933 ns, Reaching safepoint: 30959 ns, Cleanup: 17481 ns, At safepoint: 17413 ns, Total: 65853 ns
[2025-05-08T09:13:18.800+0000][71][info ][safepoint   ] Safepoint "Cleanup", Time since last: 2000720321 ns, Reaching safepoint: 42354 ns, Cleanup: 12271 ns, At safepoint: 8976 ns, Total: 63601 ns
[2025-05-08T09:13:19.801+0000][71][info ][safepoint   ] Safepoint "Cleanup", Time since last: 1000822298 ns, Reaching safepoint: 33097 ns, Cleanup: 22641 ns, At safepoint: 17923 ns, Total: 73661 ns
[2025-05-08T09:13:20.802+0000][71][info ][safepoint   ] Safepoint "Cleanup", Time since last: 1000699038 ns, Reaching safepoint: 22753 ns, Cleanup: 16934 ns, At safepoint: 10832 ns, Total: 50519 ns
[2025-05-08T09:13:21.973+0000][71][info ][safepoint   ] Safepoint "Cleanup", Time since last: 1171116596 ns, Reaching safepoint: 30046 ns, Cleanup: 21624 ns, At safepoint: 16150 ns, Total: 67820 ns
[2025-05-08T09:13:42.961+0000][71][info ][safepoint   ] Safepoint "Cleanup", Time since last: 20989636615 ns, Reaching safepoint: 42370 ns, Cleanup: 12496 ns, At safepoint: 8936 ns, Total: 63802 ns
[2025-05-08T09:13:48.962+0000][71][info ][safepoint   ] Safepoint "Cleanup", Time since last: 6001715050 ns, Reaching safepoint: 83612 ns, Cleanup: 36594 ns, At safepoint: 14589 ns, Total: 134795 ns
[2025-05-08T09:13:49.963+0000][71][info ][safepoint   ] Safepoint "Cleanup", Time since last: 1000714744 ns, Reaching safepoint: 77603 ns, Cleanup: 22990 ns, At safepoint: 18934 ns, Total: 119527 ns
[2025-05-08T09:13:55.965+0000][71][info ][safepoint   ] Safepoint "Cleanup", Time since last: 6001683485 ns, Reaching safepoint: 30056 ns, Cleanup: 18903 ns, At safepoint: 17039 ns, Total: 65998 ns
[2025-05-08T09:13:57.857+0000][71][info ][safepoint   ] Safepoint "Cleanup", Time since last: 1892235939 ns, Reaching safepoint: 31042 ns, Cleanup: 26093 ns, At safepoint: 17397 ns, Total: 74532 ns
[2025-05-08T09:13:59.858+0000][71][info ][safepoint   ] Safepoint "Cleanup", Time since last: 2000875957 ns, Reaching safepoint: 24678 ns, Cleanup: 16527 ns, At safepoint: 9492 ns, Total: 50697 ns
[2025-05-08T09:14:00.858+0000][71][info ][safepoint   ] Safepoint "Cleanup", Time since last: 1002417187 ns, Reaching safepoint: 25818 ns, Cleanup: 16772 ns, At safepoint: 10546 ns, Total: 53136 ns
[2025-05-08T09:14:01.860+0000][71][info ][safepoint   ] Safepoint "Cleanup", Time since last: 1001977873 ns, Reaching safepoint: 30176 ns, Cleanup: 17569 ns, At safepoint: 17048 ns, Total: 64793 ns
[2025-05-08T09:14:05.861+0000][71][info ][safepoint   ] Safepoint "Cleanup", Time since last: 4001311571 ns, Reaching safepoint: 56513 ns, Cleanup: 17505 ns, At safepoint: 10114 ns, Total: 84132 ns
[2025-05-08T09:14:10.863+0000][71][info ][safepoint   ] Safepoint "Cleanup", Time since last: 5001376779 ns, Reaching safepoint: 303505 ns, Cleanup: 17759 ns, At safepoint: 68381 ns, Total: 389645 ns
[2025-05-08T09:14:13.916+0000][71][info ][safepoint   ] Safepoint "Cleanup", Time since last: 3053249995 ns, Reaching safepoint: 7571 ns, Cleanup: 7501 ns, At safepoint: 3137 ns, Total: 18209 ns
[2025-05-08T09:14:15.857+0000][71][info ][safepoint   ] Safepoint "Cleanup", Time since last: 1939904472 ns, Reaching safepoint: 17864 ns, Cleanup: 37643 ns, At safepoint: 79862 ns, Total: 135369 ns
[2025-05-08T09:14:16.819+0000][71][info ][gc,start    ] GC(15) Pause Young (Concurrent Start) (CodeCache GC Threshold)
[2025-05-08T09:14:16.819+0000][71][info ][gc,task     ] GC(15) Using 10 workers of 10 for evacuation
[2025-05-08T09:14:16.820+0000][71][debug][gc,age      ] GC(15) Desired survivor size 136314880 bytes, new threshold 15 (max threshold 15)
[2025-05-08T09:14:16.840+0000][71][info ][gc,phases   ] GC(15)   Pre Evacuate Collection Set: 6.31ms
[2025-05-08T09:14:16.841+0000][71][info ][gc,phases   ] GC(15)   Merge Heap Roots: 0.48ms
[2025-05-08T09:14:16.841+0000][71][info ][gc,phases   ] GC(15)   Evacuate Collection Set: 12.26ms
[2025-05-08T09:14:16.842+0000][71][info ][gc,phases   ] GC(15)   Post Evacuate Collection Set: 2.37ms
[2025-05-08T09:14:16.843+0000][71][info ][gc,phases   ] GC(15)   Other: -0.38ms
[2025-05-08T09:14:16.843+0000][71][trace][gc,age      ] GC(15) Age table with threshold 15 (max threshold 15)
[2025-05-08T09:14:16.843+0000][71][trace][gc,age      ] GC(15) - age   1:    3705824 bytes,    3705824 total
[2025-05-08T09:14:16.844+0000][71][trace][gc,age      ] GC(15) - age   2:      54936 bytes,    3760760 total
[2025-05-08T09:14:16.844+0000][71][trace][gc,age      ] GC(15) - age   3:    1778696 bytes,    5539456 total
[2025-05-08T09:14:16.844+0000][71][info ][gc,heap     ] GC(15) Eden regions: 146->0(580)
[2025-05-08T09:14:16.845+0000][71][info ][gc,heap     ] GC(15) Survivor regions: 3->2(65)
[2025-05-08T09:14:16.845+0000][71][info ][gc,heap     ] GC(15) Old regions: 27->27
[2025-05-08T09:14:16.845+0000][71][info ][gc,heap     ] GC(15) Humongous regions: 0->0
[2025-05-08T09:14:16.846+0000][71][info ][gc,metaspace] GC(15) Metaspace: 144138K(148096K)->144138K(148096K) NonClass: 124573K(126656K)->124573K(126656K) Class: 19565K(21440K)->19565K(21440K)
[2025-05-08T09:14:16.847+0000][71][info ][gc          ] GC(15) Pause Young (Concurrent Start) (CodeCache GC Threshold) 701M->115M(3880M) 28.209ms
[2025-05-08T09:14:16.848+0000][71][info ][gc,cpu      ] GC(15) User=0.08s Sys=0.01s Real=0.02s
[2025-05-08T09:14:16.848+0000][71][info ][gc          ] GC(16) Concurrent Mark Cycle
[2025-05-08T09:14:16.849+0000][71][info ][safepoint   ] Safepoint "G1TryInitiateConcMark", Time since last: 961477911 ns, Reaching safepoint: 30627 ns, Cleanup: 6505 ns, At safepoint: 30615637 ns, Total: 30652769 ns
[2025-05-08T09:14:16.849+0000][71][info ][gc,marking  ] GC(16) Concurrent Scan Root Regions
[2025-05-08T09:14:16.861+0000][71][info ][gc,marking  ] GC(16) Concurrent Scan Root Regions 11.406ms
[2025-05-08T09:14:16.861+0000][71][info ][gc,marking  ] GC(16) Concurrent Mark
[2025-05-08T09:14:16.862+0000][71][info ][gc,marking  ] GC(16) Concurrent Mark From Roots
[2025-05-08T09:14:16.863+0000][71][info ][gc,task     ] GC(16) Using 3 workers of 3 for marking
[2025-05-08T09:14:16.978+0000][71][info ][gc,marking  ] GC(16) Concurrent Mark From Roots 116.114ms
[2025-05-08T09:14:16.978+0000][71][info ][gc,marking  ] GC(16) Concurrent Preclean
[2025-05-08T09:14:16.980+0000][71][info ][gc,marking  ] GC(16) Concurrent Preclean 1.546ms
[2025-05-08T09:14:16.981+0000][71][info ][gc,start    ] GC(16) Pause Remark
[2025-05-08T09:14:17.662+0000][71][info ][gc,mmu      ] GC(16) MMU target violated: 201.0ms (200.0ms/201.0ms)
[2025-05-08T09:14:17.662+0000][71][info ][gc          ] GC(16) Pause Remark 128M->128M(3880M) 681.669ms
[2025-05-08T09:14:17.663+0000][71][info ][gc,cpu      ] GC(16) User=6.09s Sys=0.04s Real=0.68s
[2025-05-08T09:14:17.663+0000][71][info ][safepoint   ] Safepoint "G1PauseRemark", Time since last: 131962391 ns, Reaching safepoint: 31944 ns, Cleanup: 6646 ns, At safepoint: 682625940 ns, Total: 682664530 ns
[2025-05-08T09:14:17.664+0000][71][info ][gc,marking  ] GC(16) Concurrent Mark 802.475ms
[2025-05-08T09:14:17.665+0000][71][info ][gc,marking  ] GC(16) Concurrent Rebuild Remembered Sets and Scrub Regions
[2025-05-08T09:14:17.688+0000][71][info ][gc,marking  ] GC(16) Concurrent Rebuild Remembered Sets and Scrub Regions 23.151ms
[2025-05-08T09:14:17.689+0000][71][info ][gc,start    ] GC(16) Pause Cleanup
[2025-05-08T09:14:17.690+0000][71][info ][gc          ] GC(16) Pause Cleanup 131M->131M(3880M) 0.630ms
[2025-05-08T09:14:17.690+0000][71][info ][gc,cpu      ] GC(16) User=0.00s Sys=0.00s Real=0.00s
[2025-05-08T09:14:17.691+0000][71][info ][safepoint   ] Safepoint "G1PauseCleanup", Time since last: 25575735 ns, Reaching safepoint: 253647 ns, Cleanup: 121100 ns, At safepoint: 1385916 ns, Total: 1760663 ns
[2025-05-08T09:14:17.691+0000][71][info ][gc,marking  ] GC(16) Concurrent Clear Claimed Marks
[2025-05-08T09:14:17.692+0000][71][info ][gc,marking  ] GC(16) Concurrent Clear Claimed Marks 0.898ms
[2025-05-08T09:14:17.692+0000][71][info ][gc,marking  ] GC(16) Concurrent Cleanup for Next Mark
[2025-05-08T09:14:17.797+0000][71][info ][gc,marking  ] GC(16) Concurrent Cleanup for Next Mark 104.549ms
[2025-05-08T09:14:17.797+0000][71][info ][gc          ] GC(16) Concurrent Mark Cycle 949.284ms
[2025-05-08T09:14:20.691+0000][71][info ][safepoint   ] Safepoint "Cleanup", Time since last: 3000769222 ns, Reaching safepoint: 50793 ns, Cleanup: 12569 ns, At safepoint: 11271 ns, Total: 74633 ns
[2025-05-08T09:14:21.692+0000][71][info ][safepoint   ] Safepoint "Cleanup", Time since last: 1000933618 ns, Reaching safepoint: 53001 ns, Cleanup: 17754 ns, At safepoint: 19219 ns, Total: 89974 ns
[2025-05-08T09:14:30.993+0000][71][info ][safepoint   ] Safepoint "Cleanup", Time since last: 9301803645 ns, Reaching safepoint: 54828 ns, Cleanup: 14183 ns, At safepoint: 10020 ns, Total: 79031 ns
[2025-05-08T09:14:35.994+0000][71][info ][safepoint   ] Safepoint "Cleanup", Time since last: 5001016388 ns, Reaching safepoint: 96200 ns, Cleanup: 17792 ns, At safepoint: 9765 ns, Total: 123757 ns
[2025-05-08T09:14:37.995+0000][71][info ][safepoint   ] Safepoint "Cleanup", Time since last: 2000628535 ns, Reaching safepoint: 70198 ns, Cleanup: 14642 ns, At safepoint: 11384 ns, Total: 96224 ns
[2025-05-08T09:14:39.995+0000][71][info ][safepoint   ] Safepoint "Cleanup", Time since last: 2000706967 ns, Reaching safepoint: 24086 ns, Cleanup: 19315 ns, At safepoint: 13893 ns, Total: 57294 ns
[2025-05-08T09:14:40.996+0000][71][info ][safepoint   ] Safepoint "Cleanup", Time since last: 1000550000 ns, Reaching safepoint: 72003 ns, Cleanup: 21507 ns, At safepoint: 11693 ns, Total: 105203 ns
[2025-05-08T09:14:45.998+0000][71][info ][safepoint   ] Safepoint "Cleanup", Time since last: 5001383167 ns, Reaching safepoint: 204269 ns, Cleanup: 15730 ns, At safepoint: 13111 ns, Total: 233110 ns
[2025-05-08T09:14:57.890+0000][71][info ][safepoint   ] Safepoint "Cleanup", Time since last: 11892809384 ns, Reaching safepoint: 6164 ns, Cleanup: 8263 ns, At safepoint: 3159 ns, Total: 17586 ns
[2025-05-08T09:14:58.918+0000][71][info ][safepoint   ] Safepoint "Cleanup", Time since last: 1027600554 ns, Reaching safepoint: 111394 ns, Cleanup: 22451 ns, At safepoint: 20714 ns, Total: 154559 ns
[2025-05-08T09:15:17.891+0000][71][info ][safepoint   ] Safepoint "Cleanup", Time since last: 18974544141 ns, Reaching safepoint: 29741 ns, Cleanup: 17000 ns, At safepoint: 16472 ns, Total: 63213 ns
[2025-05-08T09:15:26.026+0000][71][info ][safepoint   ] Safepoint "Cleanup", Time since last: 8134914417 ns, Reaching safepoint: 27122 ns, Cleanup: 17812 ns, At safepoint: 11594 ns, Total: 56528 ns
[2025-05-08T09:15:29.027+0000][71][info ][safepoint   ] Safepoint "Cleanup", Time since last: 3001099697 ns, Reaching safepoint: 31957 ns, Cleanup: 17445 ns, At safepoint: 17926 ns, Total: 67328 ns
[2025-05-08T09:15:36.027+0000][71][info ][safepoint   ] Safepoint "Cleanup", Time since last: 7001705895 ns, Reaching safepoint: 18679 ns, Cleanup: 14283 ns, At safepoint: 9093 ns, Total: 42055 ns
[2025-05-08T09:15:43.029+0000][71][info ][safepoint   ] Safepoint "Cleanup", Time since last: 7002042689 ns, Reaching safepoint: 66812 ns, Cleanup: 17079 ns, At safepoint: 16865 ns, Total: 100756 ns
[2025-05-08T09:15:46.030+0000][71][info ][safepoint   ] Safepoint "Cleanup", Time since last: 3001212391 ns, Reaching safepoint: 28292 ns, Cleanup: 14074 ns, At safepoint: 15574 ns, Total: 57940 ns
[2025-05-08T09:15:50.032+0000][71][info ][safepoint   ] Safepoint "Cleanup", Time since last: 4001261771 ns, Reaching safepoint: 32412 ns, Cleanup: 16840 ns, At safepoint: 17041 ns, Total: 66293 ns
[2025-05-08T09:15:51.033+0000][71][info ][safepoint   ] Safepoint "Cleanup", Time since last: 1000896510 ns, Reaching safepoint: 29479 ns, Cleanup: 17288 ns, At safepoint: 15653 ns, Total: 62420 ns
[2025-05-08T09:15:53.034+0000][71][info ][safepoint   ] Safepoint "Cleanup", Time since last: 2000934740 ns, Reaching safepoint: 35371 ns, Cleanup: 11311 ns, At safepoint: 7586 ns, Total: 54268 ns
[2025-05-08T09:15:56.035+0000][71][info ][safepoint   ] Safepoint "Cleanup", Time since last: 3000944134 ns, Reaching safepoint: 30373 ns, Cleanup: 26042 ns, At safepoint: 18841 ns, Total: 75256 ns
[2025-05-08T09:15:58.035+0000][71][info ][safepoint   ] Safepoint "Cleanup", Time since last: 2000820452 ns, Reaching safepoint: 18748 ns, Cleanup: 14853 ns, At safepoint: 9154 ns, Total: 42755 ns
[2025-05-08T09:15:59.036+0000][71][info ][safepoint   ] Safepoint "Cleanup", Time since last: 1000805665 ns, Reaching safepoint: 32133 ns, Cleanup: 21639 ns, At safepoint: 17449 ns, Total: 71221 ns
[2025-05-08T09:16:11.037+0000][71][info ][safepoint   ] Safepoint "Cleanup", Time since last: 12002516330 ns, Reaching safepoint: 63396 ns, Cleanup: 24251 ns, At safepoint: 16142 ns, Total: 103789 ns
[2025-05-08T09:16:19.883+0000][71][info ][safepoint   ] Safepoint "Cleanup", Time since last: 8846083551 ns, Reaching safepoint: 6244 ns, Cleanup: 6846 ns, At safepoint: 12041 ns, Total: 25131 ns
[2025-05-08T09:16:20.907+0000][71][info ][safepoint   ] Safepoint "Cleanup", Time since last: 1023984376 ns, Reaching safepoint: 18503 ns, Cleanup: 16436 ns, At safepoint: 9598 ns, Total: 44537 ns
[2025-05-08T09:16:26.063+0000][71][info ][safepoint   ] Safepoint "Cleanup", Time since last: 5155988578 ns, Reaching safepoint: 26910 ns, Cleanup: 16067 ns, At safepoint: 12250 ns, Total: 55227 ns
[2025-05-08T09:16:30.062+0000][71][info ][safepoint   ] Safepoint "Cleanup", Time since last: 4001268979 ns, Reaching safepoint: 24782 ns, Cleanup: 14165 ns, At safepoint: 10883 ns, Total: 49830 ns
[2025-05-08T09:16:35.065+0000][71][info ][safepoint   ] Safepoint "Cleanup", Time since last: 5002035187 ns, Reaching safepoint: 203960 ns, Cleanup: 16758 ns, At safepoint: 108906 ns, Total: 329624 ns
[2025-05-08T09:16:36.073+0000][71][info ][safepoint   ] Safepoint "Cleanup", Time since last: 1007804809 ns, Reaching safepoint: 242876 ns, Cleanup: 33855 ns, At safepoint: 26508 ns, Total: 303239 ns
[2025-05-08T09:16:38.074+0000][71][info ][safepoint   ] Safepoint "Cleanup", Time since last: 2000825511 ns, Reaching safepoint: 19407 ns, Cleanup: 13645 ns, At safepoint: 9549 ns, Total: 42601 ns
[2025-05-08T09:16:42.075+0000][71][info ][safepoint   ] Safepoint "Cleanup", Time since last: 4001175739 ns, Reaching safepoint: 25855 ns, Cleanup: 14866 ns, At safepoint: 10625 ns, Total: 51346 ns
[2025-05-08T09:16:47.076+0000][71][info ][safepoint   ] Safepoint "Cleanup", Time since last: 5001085798 ns, Reaching safepoint: 31443 ns, Cleanup: 16548 ns, At safepoint: 16716 ns, Total: 64707 ns
[2025-05-08T09:16:49.077+0000][71][info ][safepoint   ] Safepoint "Cleanup", Time since last: 2000955087 ns, Reaching safepoint: 29998 ns, Cleanup: 15899 ns, At safepoint: 16958 ns, Total: 62855 ns
[2025-05-08T09:16:51.078+0000][71][info ][safepoint   ] Safepoint "Cleanup", Time since last: 2000870630 ns, Reaching safepoint: 19127 ns, Cleanup: 13752 ns, At safepoint: 8830 ns, Total: 41709 ns
[2025-05-08T09:16:58.080+0000][71][info ][safepoint   ] Safepoint "Cleanup", Time since last: 7001752224 ns, Reaching safepoint: 44750 ns, Cleanup: 12307 ns, At safepoint: 8159 ns, Total: 65216 ns
[2025-05-08T09:17:11.081+0000][71][info ][safepoint   ] Safepoint "Cleanup", Time since last: 13002842571 ns, Reaching safepoint: 71801 ns, Cleanup: 16695 ns, At safepoint: 19847 ns, Total: 108343 ns
[2025-05-08T09:17:17.082+0000][71][info ][safepoint   ] Safepoint "Cleanup", Time since last: 6001478341 ns, Reaching safepoint: 35144 ns, Cleanup: 17956 ns, At safepoint: 19464 ns, Total: 72564 ns
[2025-05-08T09:17:20.083+0000][71][info ][safepoint   ] Safepoint "Cleanup", Time since last: 3001038095 ns, Reaching safepoint: 31881 ns, Cleanup: 17151 ns, At safepoint: 17364 ns, Total: 66396 ns
[2025-05-08T09:17:22.086+0000][71][info ][safepoint   ] Safepoint "Cleanup", Time since last: 2002825477 ns, Reaching safepoint: 30649 ns, Cleanup: 22974 ns, At safepoint: 19106 ns, Total: 72729 ns
[2025-05-08T09:17:23.096+0000][71][info ][safepoint   ] Safepoint "Cleanup", Time since last: 1010052843 ns, Reaching safepoint: 16409 ns, Cleanup: 25357 ns, At safepoint: 14283 ns, Total: 56049 ns
[2025-05-08T09:17:32.999+0000][71][info ][safepoint   ] Safepoint "Cleanup", Time since last: 9904011987 ns, Reaching safepoint: 59125 ns, Cleanup: 13669 ns, At safepoint: 11282 ns, Total: 84076 ns
[2025-05-08T09:17:35.225+0000][71][info ][safepoint   ] Safepoint "Cleanup", Time since last: 2226453668 ns, Reaching safepoint: 14992 ns, Cleanup: 10976 ns, At safepoint: 38729 ns, Total: 64697 ns
[2025-05-08T09:17:36.249+0000][71][info ][safepoint   ] Safepoint "Cleanup", Time since last: 1023311706 ns, Reaching safepoint: 30572 ns, Cleanup: 21318 ns, At safepoint: 17287 ns, Total: 69177 ns
[2025-05-08T09:17:41.250+0000][71][info ][safepoint   ] Safepoint "Cleanup", Time since last: 5001192843 ns, Reaching safepoint: 41684 ns, Cleanup: 11578 ns, At safepoint: 35173 ns, Total: 88435 ns
[2025-05-08T09:17:42.250+0000][71][info ][safepoint   ] Safepoint "Cleanup", Time since last: 1000575209 ns, Reaching safepoint: 18020 ns, Cleanup: 15999 ns, At safepoint: 9066 ns, Total: 43085 ns
[2025-05-08T09:17:44.251+0000][71][info ][safepoint   ] Safepoint "Cleanup", Time since last: 2000737936 ns, Reaching safepoint: 17671 ns, Cleanup: 12350 ns, At safepoint: 8563 ns, Total: 38584 ns
[2025-05-08T09:17:46.252+0000][71][info ][safepoint   ] Safepoint "Cleanup", Time since last: 2000796087 ns, Reaching safepoint: 21976 ns, Cleanup: 17209 ns, At safepoint: 8868 ns, Total: 48053 ns
[2025-05-08T09:17:53.254+0000][71][info ][safepoint   ] Safepoint "Cleanup", Time since last: 7002248284 ns, Reaching safepoint: 33562 ns, Cleanup: 17173 ns, At safepoint: 18005 ns, Total: 68740 ns
[2025-05-08T09:17:56.255+0000][71][info ][safepoint   ] Safepoint "Cleanup", Time since last: 3000985256 ns, Reaching safepoint: 75218 ns, Cleanup: 19927 ns, At safepoint: 32715 ns, Total: 127860 ns
[2025-05-08T09:17:58.256+0000][71][info ][safepoint   ] Safepoint "Cleanup", Time since last: 2000765969 ns, Reaching safepoint: 17934 ns, Cleanup: 12342 ns, At safepoint: 8966 ns, Total: 39242 ns
[2025-05-08T09:17:59.257+0000][71][info ][safepoint   ] Safepoint "Cleanup", Time since last: 1000622450 ns, Reaching safepoint: 31537 ns, Cleanup: 28914 ns, At safepoint: 18989 ns, Total: 79440 ns
[2025-05-08T09:18:00.255+0000][71][info ][safepoint   ] Safepoint "Cleanup", Time since last: 1000623674 ns, Reaching safepoint: 25405 ns, Cleanup: 13770 ns, At safepoint: 9626 ns, Total: 48801 ns
[2025-05-08T09:18:01.270+0000][71][info ][safepoint   ] Safepoint "Cleanup", Time since last: 1014705692 ns, Reaching safepoint: 29208 ns, Cleanup: 16407 ns, At safepoint: 10979 ns, Total: 56594 ns
[2025-05-08T09:18:14.289+0000][71][info ][safepoint   ] Safepoint "Cleanup", Time since last: 13019215851 ns, Reaching safepoint: 18620 ns, Cleanup: 14609 ns, At safepoint: 8762 ns, Total: 41991 ns
[2025-05-08T09:18:16.300+0000][71][info ][safepoint   ] Safepoint "Cleanup", Time since last: 2011105364 ns, Reaching safepoint: 30196 ns, Cleanup: 20406 ns, At safepoint: 17331 ns, Total: 67933 ns
[2025-05-08T09:18:18.022+0000][71][info ][safepoint   ] Safepoint "Cleanup", Time since last: 1721141434 ns, Reaching safepoint: 17906 ns, Cleanup: 18963 ns, At safepoint: 8551 ns, Total: 45420 ns
[2025-05-08T09:18:19.040+0000][71][info ][safepoint   ] Safepoint "Cleanup", Time since last: 1018181329 ns, Reaching safepoint: 20612 ns, Cleanup: 59237 ns, At safepoint: 10738 ns, Total: 90587 ns
[2025-05-08T09:18:22.041+0000][71][info ][safepoint   ] Safepoint "Cleanup", Time since last: 3000953157 ns, Reaching safepoint: 26765 ns, Cleanup: 15816 ns, At safepoint: 10507 ns, Total: 53088 ns
[2025-05-08T09:18:23.042+0000][71][info ][safepoint   ] Safepoint "Cleanup", Time since last: 1000585842 ns, Reaching safepoint: 19456 ns, Cleanup: 13462 ns, At safepoint: 10332 ns, Total: 43250 ns
[2025-05-08T09:18:25.874+0000][71][info ][safepoint   ] Safepoint "Cleanup", Time since last: 2832580020 ns, Reaching safepoint: 12450 ns, Cleanup: 15013 ns, At safepoint: 17539 ns, Total: 45002 ns
[2025-05-08T09:18:27.063+0000][71][info ][safepoint   ] Safepoint "Cleanup", Time since last: 1188767440 ns, Reaching safepoint: 31552 ns, Cleanup: 18042 ns, At safepoint: 17410 ns, Total: 67004 ns
[2025-05-08T09:18:29.064+0000][71][info ][safepoint   ] Safepoint "Cleanup", Time since last: 2000802976 ns, Reaching safepoint: 23210 ns, Cleanup: 12715 ns, At safepoint: 10166 ns, Total: 46091 ns
[2025-05-08T09:18:32.064+0000][71][info ][safepoint   ] Safepoint "Cleanup", Time since last: 3002832452 ns, Reaching safepoint: 30600 ns, Cleanup: 18225 ns, At safepoint: 15491 ns, Total: 64316 ns
[2025-05-08T09:18:38.475+0000][71][info ][safepoint   ] Safepoint "Cleanup", Time since last: 6411146524 ns, Reaching safepoint: 18761 ns, Cleanup: 11771 ns, At safepoint: 8840 ns, Total: 39372 ns
[2025-05-08T09:18:44.476+0000][71][info ][safepoint   ] Safepoint "Cleanup", Time since last: 6001278702 ns, Reaching safepoint: 20154 ns, Cleanup: 16590 ns, At safepoint: 9038 ns, Total: 45782 ns
[2025-05-08T09:18:45.477+0000][71][info ][safepoint   ] Safepoint "Cleanup", Time since last: 1000660310 ns, Reaching safepoint: 31163 ns, Cleanup: 14906 ns, At safepoint: 17351 ns, Total: 63420 ns
[2025-05-08T09:18:49.478+0000][71][info ][safepoint   ] Safepoint "Cleanup", Time since last: 4001100071 ns, Reaching safepoint: 30092 ns, Cleanup: 14028 ns, At safepoint: 77207 ns, Total: 121327 ns
[2025-05-08T09:18:50.479+0000][71][info ][safepoint   ] Safepoint "Cleanup", Time since last: 1000552646 ns, Reaching safepoint: 14764 ns, Cleanup: 10192 ns, At safepoint: 8161 ns, Total: 33117 ns
[2025-05-08T09:18:51.815+0000][71][info ][safepoint   ] Safepoint "Cleanup", Time since last: 1335554317 ns, Reaching safepoint: 12455 ns, Cleanup: 11671 ns, At safepoint: 34269 ns, Total: 58395 ns
[2025-05-08T09:18:52.818+0000][71][info ][safepoint   ] Safepoint "Cleanup", Time since last: 1003335909 ns, Reaching safepoint: 25461 ns, Cleanup: 16817 ns, At safepoint: 18702 ns, Total: 60980 ns
[2025-05-08T09:18:55.819+0000][71][info ][safepoint   ] Safepoint "Cleanup", Time since last: 3000829048 ns, Reaching safepoint: 220521 ns, Cleanup: 23595 ns, At safepoint: 122935 ns, Total: 367051 ns
[2025-05-08T09:18:57.820+0000][71][info ][safepoint   ] Safepoint "Cleanup", Time since last: 2000754019 ns, Reaching safepoint: 55123 ns, Cleanup: 15668 ns, At safepoint: 10518 ns, Total: 81309 ns
[2025-05-08T09:18:59.821+0000][71][info ][safepoint   ] Safepoint "Cleanup", Time since last: 2000675476 ns, Reaching safepoint: 24765 ns, Cleanup: 14824 ns, At safepoint: 10684 ns, Total: 50273 ns
[2025-05-08T09:19:11.822+0000][71][info ][safepoint   ] Safepoint "Cleanup", Time since last: 12002002307 ns, Reaching safepoint: 25514 ns, Cleanup: 17465 ns, At safepoint: 11187 ns, Total: 54166 ns
[2025-05-08T09:19:12.826+0000][71][info ][safepoint   ] Safepoint "Cleanup", Time since last: 1004081979 ns, Reaching safepoint: 19408 ns, Cleanup: 12042 ns, At safepoint: 9350 ns, Total: 40800 ns
[2025-05-08T09:19:14.827+0000][71][info ][safepoint   ] Safepoint "Cleanup", Time since last: 2000649331 ns, Reaching safepoint: 18627 ns, Cleanup: 17295 ns, At safepoint: 8975 ns, Total: 44897 ns
[2025-05-08T09:19:15.829+0000][71][info ][safepoint   ] Safepoint "Cleanup", Time since last: 1002362445 ns, Reaching safepoint: 18550 ns, Cleanup: 11887 ns, At safepoint: 8730 ns, Total: 39167 ns
[2025-05-08T09:19:18.830+0000][71][info ][safepoint   ] Safepoint "Cleanup", Time since last: 3000709210 ns, Reaching safepoint: 17470 ns, Cleanup: 12342 ns, At safepoint: 8431 ns, Total: 38243 ns
[2025-05-08T09:19:23.164+0000][71][info ][safepoint   ] Safepoint "Cleanup", Time since last: 4333670465 ns, Reaching safepoint: 7415 ns, Cleanup: 9539 ns, At safepoint: 13057 ns, Total: 30011 ns
[2025-05-08T09:19:28.889+0000][71][info ][safepoint   ] Safepoint "Cleanup", Time since last: 5725335775 ns, Reaching safepoint: 119095 ns, Cleanup: 27766 ns, At safepoint: 66446 ns, Total: 213307 ns
[2025-05-08T09:19:30.088+0000][71][info ][safepoint   ] Safepoint "Cleanup", Time since last: 1200895228 ns, Reaching safepoint: 31580 ns, Cleanup: 25474 ns, At safepoint: 17212 ns, Total: 74266 ns
[2025-05-08T09:19:41.682+0000][71][info ][safepoint   ] Safepoint "Cleanup", Time since last: 11593678747 ns, Reaching safepoint: 19749 ns, Cleanup: 12754 ns, At safepoint: 8605 ns, Total: 41108 ns
[2025-05-08T09:19:42.683+0000][71][info ][safepoint   ] Safepoint "Cleanup", Time since last: 1000739034 ns, Reaching safepoint: 72193 ns, Cleanup: 16153 ns, At safepoint: 10885 ns, Total: 99231 ns
[2025-05-08T09:19:43.683+0000][71][info ][safepoint   ] Safepoint "Cleanup", Time since last: 1000578021 ns, Reaching safepoint: 24764 ns, Cleanup: 22921 ns, At safepoint: 10339 ns, Total: 58024 ns
[2025-05-08T09:19:45.684+0000][71][info ][safepoint   ] Safepoint "Cleanup", Time since last: 2000723174 ns, Reaching safepoint: 33762 ns, Cleanup: 21520 ns, At safepoint: 19298 ns, Total: 74580 ns
[2025-05-08T09:19:56.687+0000][71][info ][safepoint   ] Safepoint "Cleanup", Time since last: 11002578625 ns, Reaching safepoint: 29394 ns, Cleanup: 14302 ns, At safepoint: 15016 ns, Total: 58712 ns
[2025-05-08T09:19:57.688+0000][71][info ][safepoint   ] Safepoint "Cleanup", Time since last: 1000976424 ns, Reaching safepoint: 33701 ns, Cleanup: 22829 ns, At safepoint: 19821 ns, Total: 76351 ns
[2025-05-08T09:20:14.689+0000][71][info ][safepoint   ] Safepoint "Cleanup", Time since last: 17003126633 ns, Reaching safepoint: 112392 ns, Cleanup: 14446 ns, At safepoint: 12649 ns, Total: 139487 ns
[2025-05-08T09:20:16.690+0000][71][info ][safepoint   ] Safepoint "Cleanup", Time since last: 2000744405 ns, Reaching safepoint: 24016 ns, Cleanup: 14499 ns, At safepoint: 10627 ns, Total: 49142 ns
[2025-05-08T09:20:26.206+0000][71][info ][safepoint   ] Safepoint "Cleanup", Time since last: 9515320828 ns, Reaching safepoint: 29263 ns, Cleanup: 18231 ns, At safepoint: 16687 ns, Total: 64181 ns
[2025-05-08T09:20:31.882+0000][71][info ][safepoint   ] Safepoint "Cleanup", Time since last: 5678532638 ns, Reaching safepoint: 12946 ns, Cleanup: 19959 ns, At safepoint: 82270 ns, Total: 115175 ns
[2025-05-08T09:20:33.124+0000][71][info ][safepoint   ] Safepoint "Cleanup", Time since last: 1242073805 ns, Reaching safepoint: 28213 ns, Cleanup: 18288 ns, At safepoint: 15772 ns, Total: 62273 ns
[2025-05-08T09:20:39.126+0000][71][info ][safepoint   ] Safepoint "Cleanup", Time since last: 6001972367 ns, Reaching safepoint: 32025 ns, Cleanup: 16658 ns, At safepoint: 15727 ns, Total: 64410 ns
[2025-05-08T09:20:43.128+0000][71][info ][safepoint   ] Safepoint "Cleanup", Time since last: 4001236708 ns, Reaching safepoint: 17984 ns, Cleanup: 12038 ns, At safepoint: 9377 ns, Total: 39399 ns
[2025-05-08T09:20:56.131+0000][71][info ][safepoint   ] Safepoint "Cleanup", Time since last: 13002884547 ns, Reaching safepoint: 75116 ns, Cleanup: 17387 ns, At safepoint: 19009 ns, Total: 111512 ns
[2025-05-08T09:20:58.133+0000][71][info ][safepoint   ] Safepoint "Cleanup", Time since last: 2001889447 ns, Reaching safepoint: 32093 ns, Cleanup: 22769 ns, At safepoint: 17506 ns, Total: 72368 ns
[2025-05-08T09:20:59.133+0000][71][info ][safepoint   ] Safepoint "Cleanup", Time since last: 1000857617 ns, Reaching safepoint: 29831 ns, Cleanup: 14911 ns, At safepoint: 15857 ns, Total: 60599 ns
[2025-05-08T09:21:21.137+0000][71][info ][safepoint   ] Safepoint "Cleanup", Time since last: 22005413398 ns, Reaching safepoint: 295999 ns, Cleanup: 16350 ns, At safepoint: 16985 ns, Total: 329334 ns
[2025-05-08T09:21:26.248+0000][71][info ][safepoint   ] Safepoint "Cleanup", Time since last: 5110709648 ns, Reaching safepoint: 29597 ns, Cleanup: 17151 ns, At safepoint: 16017 ns, Total: 62765 ns
[2025-05-08T09:21:32.248+0000][71][info ][safepoint   ] Safepoint "Cleanup", Time since last: 6001927369 ns, Reaching safepoint: 62502 ns, Cleanup: 18981 ns, At safepoint: 16153 ns, Total: 97636 ns
[2025-05-08T09:21:34.883+0000][71][info ][safepoint   ] Safepoint "Cleanup", Time since last: 2634865772 ns, Reaching safepoint: 5571 ns, Cleanup: 12087 ns, At safepoint: 3146 ns, Total: 20804 ns
[2025-05-08T09:21:36.157+0000][71][info ][safepoint   ] Safepoint "Cleanup", Time since last: 1274403879 ns, Reaching safepoint: 109108 ns, Cleanup: 20523 ns, At safepoint: 70426 ns, Total: 200057 ns
[2025-05-08T09:21:43.160+0000][71][info ][safepoint   ] Safepoint "Cleanup", Time since last: 7002013136 ns, Reaching safepoint: 19611 ns, Cleanup: 12327 ns, At safepoint: 8599 ns, Total: 40537 ns
[2025-05-08T09:21:56.952+0000][71][info ][safepoint   ] Safepoint "Cleanup", Time since last: 13792176238 ns, Reaching safepoint: 30436 ns, Cleanup: 28906 ns, At safepoint: 77552 ns, Total: 136894 ns
[2025-05-08T09:21:58.000+0000][71][info ][safepoint   ] Safepoint "Cleanup", Time since last: 1048153747 ns, Reaching safepoint: 23143 ns, Cleanup: 14223 ns, At safepoint: 11418 ns, Total: 48784 ns
[2025-05-08T09:22:00.001+0000][71][info ][safepoint   ] Safepoint "Cleanup", Time since last: 2000887574 ns, Reaching safepoint: 32435 ns, Cleanup: 16244 ns, At safepoint: 16689 ns, Total: 65368 ns
[2025-05-08T09:22:06.000+0000][71][info ][safepoint   ] Safepoint "Cleanup", Time since last: 6001527726 ns, Reaching safepoint: 44107 ns, Cleanup: 18787 ns, At safepoint: 8953 ns, Total: 71847 ns
[2025-05-08T09:22:16.002+0000][71][info ][safepoint   ] Safepoint "Cleanup", Time since last: 10001713502 ns, Reaching safepoint: 22838 ns, Cleanup: 16292 ns, At safepoint: 9417 ns, Total: 48547 ns
[2025-05-08T09:22:21.003+0000][71][info ][safepoint   ] Safepoint "Cleanup", Time since last: 5001243063 ns, Reaching safepoint: 19563 ns, Cleanup: 13368 ns, At safepoint: 8898 ns, Total: 41829 ns
[2025-05-08T09:22:36.287+0000][71][info ][safepoint   ] Safepoint "Cleanup", Time since last: 15285615176 ns, Reaching safepoint: 29873 ns, Cleanup: 15550 ns, At safepoint: 16115 ns, Total: 61538 ns
[2025-05-08T09:22:37.874+0000][71][info ][safepoint   ] Safepoint "Cleanup", Time since last: 1586847152 ns, Reaching safepoint: 6768 ns, Cleanup: 9318 ns, At safepoint: 12086 ns, Total: 28172 ns
[2025-05-08T09:22:39.206+0000][71][info ][safepoint   ] Safepoint "Cleanup", Time since last: 1332072153 ns, Reaching safepoint: 28477 ns, Cleanup: 20851 ns, At safepoint: 15854 ns, Total: 65182 ns
[2025-05-08T09:22:41.207+0000][71][info ][safepoint   ] Safepoint "Cleanup", Time since last: 2000757477 ns, Reaching safepoint: 20607 ns, Cleanup: 11971 ns, At safepoint: 27649 ns, Total: 60227 ns
[2025-05-08T09:22:55.210+0000][71][info ][safepoint   ] Safepoint "Cleanup", Time since last: 14002812386 ns, Reaching safepoint: 74834 ns, Cleanup: 16253 ns, At safepoint: 18101 ns, Total: 109188 ns
[2025-05-08T09:22:58.211+0000][71][info ][safepoint   ] Safepoint "Cleanup", Time since last: 3001156629 ns, Reaching safepoint: 29556 ns, Cleanup: 18594 ns, At safepoint: 16884 ns, Total: 65034 ns
[2025-05-08T09:23:01.132+0000][71][info ][safepoint   ] Safepoint "Cleanup", Time since last: 2923126167 ns, Reaching safepoint: 6566 ns, Cleanup: 6636 ns, At safepoint: 10607 ns, Total: 23809 ns
[2025-05-08T09:23:02.171+0000][71][info ][safepoint   ] Safepoint "Cleanup", Time since last: 1038292517 ns, Reaching safepoint: 33167 ns, Cleanup: 21457 ns, At safepoint: 19800 ns, Total: 74424 ns
[2025-05-08T09:23:05.172+0000][71][info ][safepoint   ] Safepoint "Cleanup", Time since last: 3001003547 ns, Reaching safepoint: 72870 ns, Cleanup: 18643 ns, At safepoint: 18615 ns, Total: 110128 ns
[2025-05-08T09:23:13.174+0000][71][info ][safepoint   ] Safepoint "Cleanup", Time since last: 8001830649 ns, Reaching safepoint: 30200 ns, Cleanup: 15251 ns, At safepoint: 16180 ns, Total: 61631 ns
[2025-05-08T09:23:14.174+0000][71][info ][safepoint   ] Safepoint "Cleanup", Time since last: 1000797097 ns, Reaching safepoint: 31966 ns, Cleanup: 16054 ns, At safepoint: 16426 ns, Total: 64446 ns
[2025-05-08T09:23:19.864+0000][71][info ][safepoint   ] Safepoint "Cleanup", Time since last: 5689736978 ns, Reaching safepoint: 213542 ns, Cleanup: 11456 ns, At safepoint: 42574 ns, Total: 267572 ns
[2025-05-08T09:23:21.231+0000][71][info ][safepoint   ] Safepoint "Cleanup", Time since last: 1366192631 ns, Reaching safepoint: 34582 ns, Cleanup: 35583 ns, At safepoint: 21426 ns, Total: 91591 ns
[2025-05-08T09:23:23.258+0000][71][info ][safepoint   ] Safepoint "Cleanup", Time since last: 2026942643 ns, Reaching safepoint: 34340 ns, Cleanup: 19684 ns, At safepoint: 19709 ns, Total: 73733 ns
[2025-05-08T09:23:28.327+0000][71][info ][safepoint   ] Safepoint "Cleanup", Time since last: 5069371157 ns, Reaching safepoint: 36411 ns, Cleanup: 30394 ns, At safepoint: 21951 ns, Total: 88756 ns
[2025-05-08T09:23:40.872+0000][71][info ][safepoint   ] Safepoint "Cleanup", Time since last: 12546270933 ns, Reaching safepoint: 16251 ns, Cleanup: 9686 ns, At safepoint: 21009 ns, Total: 46946 ns
[2025-05-08T09:23:52.877+0000][71][info ][safepoint   ] Safepoint "Cleanup", Time since last: 12004836179 ns, Reaching safepoint: 381521 ns, Cleanup: 20782 ns, At safepoint: 147617 ns, Total: 549920 ns
[2025-05-08T09:23:54.304+0000][71][info ][safepoint   ] Safepoint "Cleanup", Time since last: 1426685967 ns, Reaching safepoint: 18984 ns, Cleanup: 35482 ns, At safepoint: 8214 ns, Total: 62680 ns
[2025-05-08T09:23:58.319+0000][71][info ][safepoint   ] Safepoint "Cleanup", Time since last: 4014897130 ns, Reaching safepoint: 28221 ns, Cleanup: 21057 ns, At safepoint: 12316 ns, Total: 61594 ns
[2025-05-08T09:24:03.318+0000][71][info ][safepoint   ] Safepoint "Cleanup", Time since last: 5001609069 ns, Reaching safepoint: 29391 ns, Cleanup: 20824 ns, At safepoint: 15139 ns, Total: 65354 ns
[2025-05-08T09:24:04.319+0000][71][info ][safepoint   ] Safepoint "Cleanup", Time since last: 1000879876 ns, Reaching safepoint: 68797 ns, Cleanup: 20375 ns, At safepoint: 31137 ns, Total: 120309 ns
[2025-05-08T09:24:08.302+0000][71][info ][safepoint   ] Safepoint "Cleanup", Time since last: 3983060253 ns, Reaching safepoint: 30191 ns, Cleanup: 13143 ns, At safepoint: 70577 ns, Total: 113911 ns
[2025-05-08T09:24:09.669+0000][71][info ][safepoint   ] Safepoint "Cleanup", Time since last: 1366658565 ns, Reaching safepoint: 18371 ns, Cleanup: 28521 ns, At safepoint: 9561 ns, Total: 56453 ns
[2025-05-08T09:24:14.671+0000][71][info ][safepoint   ] Safepoint "Cleanup", Time since last: 5001313179 ns, Reaching safepoint: 26333 ns, Cleanup: 15070 ns, At safepoint: 11942 ns, Total: 53345 ns
[2025-05-08T09:24:20.672+0000][71][info ][safepoint   ] Safepoint "Cleanup", Time since last: 6001398751 ns, Reaching safepoint: 67961 ns, Cleanup: 20187 ns, At safepoint: 32971 ns, Total: 121119 ns
[2025-05-08T09:24:21.970+0000][71][info ][safepoint   ] Safepoint "Cleanup", Time since last: 1298302605 ns, Reaching safepoint: 20055 ns, Cleanup: 18810 ns, At safepoint: 9477 ns, Total: 48342 ns
[2025-05-08T09:24:22.971+0000][71][info ][safepoint   ] Safepoint "Cleanup", Time since last: 1000858809 ns, Reaching safepoint: 30449 ns, Cleanup: 18710 ns, At safepoint: 17667 ns, Total: 66826 ns
[2025-05-08T09:24:24.364+0000][71][info ][safepoint   ] Safepoint "Cleanup", Time since last: 1392248839 ns, Reaching safepoint: 24391 ns, Cleanup: 18929 ns, At safepoint: 11935 ns, Total: 55255 ns
[2025-05-08T09:24:33.363+0000][71][info ][safepoint   ] Safepoint "Cleanup", Time since last: 9001616521 ns, Reaching safepoint: 30557 ns, Cleanup: 16255 ns, At safepoint: 17058 ns, Total: 63870 ns
[2025-05-08T09:24:39.365+0000][71][info ][safepoint   ] Safepoint "Cleanup", Time since last: 6001363853 ns, Reaching safepoint: 74271 ns, Cleanup: 22073 ns, At safepoint: 17898 ns, Total: 114242 ns
[2025-05-08T09:24:41.366+0000][71][info ][safepoint   ] Safepoint "Cleanup", Time since last: 2000786925 ns, Reaching safepoint: 28590 ns, Cleanup: 19129 ns, At safepoint: 12411 ns, Total: 60130 ns
[2025-05-08T09:24:43.366+0000][71][info ][safepoint   ] Safepoint "Cleanup", Time since last: 2000764692 ns, Reaching safepoint: 32251 ns, Cleanup: 16261 ns, At safepoint: 20266 ns, Total: 68778 ns
[2025-05-08T09:24:44.376+0000][71][info ][safepoint   ] Safepoint "Cleanup", Time since last: 1008315778 ns, Reaching safepoint: 670529 ns, Cleanup: 36355 ns, At safepoint: 264880 ns, Total: 971764 ns
[2025-05-08T09:24:46.377+0000][71][info ][safepoint   ] Safepoint "Cleanup", Time since last: 2001313472 ns, Reaching safepoint: 22757 ns, Cleanup: 29273 ns, At safepoint: 11276 ns, Total: 63306 ns
[2025-05-08T09:24:56.379+0000][71][info ][safepoint   ] Safepoint "Cleanup", Time since last: 10001929675 ns, Reaching safepoint: 64452 ns, Cleanup: 15646 ns, At safepoint: 42321 ns, Total: 122419 ns
[2025-05-08T09:24:58.380+0000][71][info ][safepoint   ] Safepoint "Cleanup", Time since last: 2000664822 ns, Reaching safepoint: 26490 ns, Cleanup: 21153 ns, At safepoint: 11734 ns, Total: 59377 ns
[2025-05-08T09:25:01.379+0000][71][info ][safepoint   ] Safepoint "Cleanup", Time since last: 3000895404 ns, Reaching safepoint: 24454 ns, Cleanup: 21152 ns, At safepoint: 10753 ns, Total: 56359 ns
[2025-05-08T09:25:04.892+0000][71][info ][safepoint   ] Safepoint "Cleanup", Time since last: 3512859401 ns, Reaching safepoint: 13214 ns, Cleanup: 14364 ns, At safepoint: 66653 ns, Total: 94231 ns
[2025-05-08T09:25:06.404+0000][71][info ][safepoint   ] Safepoint "Cleanup", Time since last: 1511690170 ns, Reaching safepoint: 140504 ns, Cleanup: 32534 ns, At safepoint: 19441 ns, Total: 192479 ns
[2025-05-08T09:25:08.528+0000][71][info ][safepoint   ] Safepoint "Cleanup", Time since last: 2123638675 ns, Reaching safepoint: 25550 ns, Cleanup: 12654 ns, At safepoint: 67416 ns, Total: 105620 ns
[2025-05-08T09:25:09.867+0000][71][info ][safepoint   ] Safepoint "Cleanup", Time since last: 1338751516 ns, Reaching safepoint: 33364 ns, Cleanup: 29573 ns, At safepoint: 19642 ns, Total: 82579 ns
[2025-05-08T09:25:11.868+0000][71][info ][safepoint   ] Safepoint "Cleanup", Time since last: 2000935556 ns, Reaching safepoint: 23296 ns, Cleanup: 18330 ns, At safepoint: 11969 ns, Total: 53595 ns
[2025-05-08T09:25:12.869+0000][71][info ][safepoint   ] Safepoint "Cleanup", Time since last: 1000684188 ns, Reaching safepoint: 26598 ns, Cleanup: 16279 ns, At safepoint: 10734 ns, Total: 53611 ns
[2025-05-08T09:25:13.869+0000][71][info ][safepoint   ] Safepoint "Cleanup", Time since last: 1000521986 ns, Reaching safepoint: 27449 ns, Cleanup: 15395 ns, At safepoint: 9346 ns, Total: 52190 ns
[2025-05-08T09:25:27.399+0000][71][info ][safepoint   ] Safepoint "Cleanup", Time since last: 13529368651 ns, Reaching safepoint: 25325 ns, Cleanup: 14887 ns, At safepoint: 9966 ns, Total: 50178 ns
[2025-05-08T09:25:31.398+0000][71][info ][safepoint   ] Safepoint "Cleanup", Time since last: 4001081958 ns, Reaching safepoint: 16539 ns, Cleanup: 10290 ns, At safepoint: 7796 ns, Total: 34625 ns
[2025-05-08T09:25:36.407+0000][71][info ][safepoint   ] Safepoint "Cleanup", Time since last: 5009482079 ns, Reaching safepoint: 70279 ns, Cleanup: 19358 ns, At safepoint: 32832 ns, Total: 122469 ns
[2025-05-08T09:25:46.884+0000][71][info ][safepoint   ] Safepoint "Cleanup", Time since last: 10476091474 ns, Reaching safepoint: 410781 ns, Cleanup: 17308 ns, At safepoint: 186060 ns, Total: 614149 ns
[2025-05-08T09:25:48.453+0000][71][info ][safepoint   ] Safepoint "Cleanup", Time since last: 1569063498 ns, Reaching safepoint: 18501 ns, Cleanup: 14796 ns, At safepoint: 9174 ns, Total: 42471 ns
[2025-05-08T09:25:58.461+0000][71][info ][safepoint   ] Safepoint "Cleanup", Time since last: 10008313247 ns, Reaching safepoint: 59932 ns, Cleanup: 18270 ns, At safepoint: 12922 ns, Total: 91124 ns
[2025-05-08T09:26:01.460+0000][71][info ][safepoint   ] Safepoint "Cleanup", Time since last: 3000925714 ns, Reaching safepoint: 26277 ns, Cleanup: 15308 ns, At safepoint: 11523 ns, Total: 53108 ns
[2025-05-08T09:26:08.670+0000][71][info ][safepoint   ] Safepoint "Cleanup", Time since last: 7209811370 ns, Reaching safepoint: 14560 ns, Cleanup: 22347 ns, At safepoint: 83407 ns, Total: 120314 ns
[2025-05-08T09:26:13.724+0000][71][info ][safepoint   ] Safepoint "Cleanup", Time since last: 5053510678 ns, Reaching safepoint: 21060 ns, Cleanup: 11576 ns, At safepoint: 9685 ns, Total: 42321 ns
[2025-05-08T09:26:23.430+0000][71][info ][safepoint   ] Safepoint "Cleanup", Time since last: 9706421060 ns, Reaching safepoint: 37990 ns, Cleanup: 12367 ns, At safepoint: 5132 ns, Total: 55489 ns
[2025-05-08T09:26:29.432+0000][71][info ][safepoint   ] Safepoint "Cleanup", Time since last: 6001839892 ns, Reaching safepoint: 27147 ns, Cleanup: 14267 ns, At safepoint: 15450 ns, Total: 56864 ns
[2025-05-08T09:26:31.431+0000][71][info ][safepoint   ] Safepoint "Cleanup", Time since last: 2000780859 ns, Reaching safepoint: 26385 ns, Cleanup: 13999 ns, At safepoint: 11397 ns, Total: 51781 ns
[2025-05-08T09:26:41.433+0000][71][info ][safepoint   ] Safepoint "Cleanup", Time since last: 10002024881 ns, Reaching safepoint: 20008 ns, Cleanup: 13821 ns, At safepoint: 9465 ns, Total: 43294 ns
[2025-05-08T09:26:42.433+0000][71][info ][safepoint   ] Safepoint "Cleanup", Time since last: 1000628583 ns, Reaching safepoint: 26726 ns, Cleanup: 19608 ns, At safepoint: 169287 ns, Total: 215621 ns
[2025-05-08T09:26:50.473+0000][71][info ][safepoint   ] Safepoint "Cleanup", Time since last: 8039654089 ns, Reaching safepoint: 18248 ns, Cleanup: 26882 ns, At safepoint: 18769 ns, Total: 63899 ns
[2025-05-08T09:26:56.498+0000][71][info ][safepoint   ] Safepoint "Cleanup", Time since last: 6024836111 ns, Reaching safepoint: 77564 ns, Cleanup: 17736 ns, At safepoint: 21165 ns, Total: 116465 ns
[2025-05-08T09:26:58.499+0000][71][info ][safepoint   ] Safepoint "Cleanup", Time since last: 2000979698 ns, Reaching safepoint: 25354 ns, Cleanup: 14740 ns, At safepoint: 10144 ns, Total: 50238 ns
[2025-05-08T09:26:59.500+0000][71][info ][safepoint   ] Safepoint "Cleanup", Time since last: 1000628239 ns, Reaching safepoint: 22785 ns, Cleanup: 13289 ns, At safepoint: 9050 ns, Total: 45124 ns
[2025-05-08T09:27:01.499+0000][71][info ][safepoint   ] Safepoint "Cleanup", Time since last: 2000723076 ns, Reaching safepoint: 27507 ns, Cleanup: 16525 ns, At safepoint: 11787 ns, Total: 55819 ns
[2025-05-08T09:27:08.946+0000][71][info ][safepoint   ] Safepoint "Cleanup", Time since last: 7446193088 ns, Reaching safepoint: 7371 ns, Cleanup: 7340 ns, At safepoint: 14852 ns, Total: 29563 ns
[2025-05-08T09:27:09.958+0000][71][info ][safepoint   ] Safepoint "Cleanup", Time since last: 1012007299 ns, Reaching safepoint: 29351 ns, Cleanup: 17791 ns, At safepoint: 15598 ns, Total: 62740 ns
[2025-05-08T09:27:12.959+0000][71][info ][safepoint   ] Safepoint "Cleanup", Time since last: 3000936306 ns, Reaching safepoint: 19279 ns, Cleanup: 12979 ns, At safepoint: 8467 ns, Total: 40725 ns
[2025-05-08T09:27:29.464+0000][71][info ][safepoint   ] Safepoint "Cleanup", Time since last: 16505805332 ns, Reaching safepoint: 26777 ns, Cleanup: 16456 ns, At safepoint: 11883 ns, Total: 55116 ns
[2025-05-08T09:27:39.464+0000][71][info ][safepoint   ] Safepoint "Cleanup", Time since last: 10002047634 ns, Reaching safepoint: 54425 ns, Cleanup: 14903 ns, At safepoint: 12676 ns, Total: 82004 ns
[2025-05-08T09:27:52.878+0000][71][info ][safepoint   ] Safepoint "Cleanup", Time since last: 13413612043 ns, Reaching safepoint: 17245 ns, Cleanup: 9569 ns, At safepoint: 34141 ns, Total: 60955 ns
[2025-05-08T09:27:54.539+0000][71][info ][safepoint   ] Safepoint "Cleanup", Time since last: 1661362282 ns, Reaching safepoint: 64428 ns, Cleanup: 20587 ns, At safepoint: 31909 ns, Total: 116924 ns
[2025-05-08T09:28:11.199+0000][71][info ][safepoint   ] Safepoint "Cleanup", Time since last: 16661061223 ns, Reaching safepoint: 31271 ns, Cleanup: 15981 ns, At safepoint: 16087 ns, Total: 63339 ns
[2025-05-08T09:28:14.200+0000][71][info ][safepoint   ] Safepoint "Cleanup", Time since last: 3001212451 ns, Reaching safepoint: 29343 ns, Cleanup: 19650 ns, At safepoint: 15272 ns, Total: 64265 ns
[2025-05-08T09:28:22.881+0000][71][info ][safepoint   ] Safepoint "Cleanup", Time since last: 8680946939 ns, Reaching safepoint: 6889 ns, Cleanup: 6688 ns, At safepoint: 3127 ns, Total: 16704 ns
[2025-05-08T09:28:24.594+0000][71][info ][safepoint   ] Safepoint "Cleanup", Time since last: 1713049235 ns, Reaching safepoint: 28926 ns, Cleanup: 97021 ns, At safepoint: 19196 ns, Total: 145143 ns
[2025-05-08T09:28:25.626+0000][71][info ][safepoint   ] Safepoint "Cleanup", Time since last: 1032043877 ns, Reaching safepoint: 69275 ns, Cleanup: 32274 ns, At safepoint: 40700 ns, Total: 142249 ns
[2025-05-08T09:28:26.627+0000][71][info ][safepoint   ] Safepoint "Cleanup", Time since last: 1000936012 ns, Reaching safepoint: 23068 ns, Cleanup: 15806 ns, At safepoint: 9241 ns, Total: 48115 ns
[2025-05-08T09:28:43.628+0000][71][info ][safepoint   ] Safepoint "Cleanup", Time since last: 17002692190 ns, Reaching safepoint: 23849 ns, Cleanup: 15991 ns, At safepoint: 10457 ns, Total: 50297 ns
[2025-05-08T09:28:49.629+0000][71][info ][safepoint   ] Safepoint "Cleanup", Time since last: 6001415922 ns, Reaching safepoint: 33539 ns, Cleanup: 15732 ns, At safepoint: 17890 ns, Total: 67161 ns
[2025-05-08T09:28:55.898+0000][71][info ][safepoint   ] Safepoint "Cleanup", Time since last: 6268397323 ns, Reaching safepoint: 10489 ns, Cleanup: 9897 ns, At safepoint: 18349 ns, Total: 38735 ns
[2025-05-08T09:28:57.649+0000][71][info ][safepoint   ] Safepoint "Cleanup", Time since last: 1751525500 ns, Reaching safepoint: 19218 ns, Cleanup: 16857 ns, At safepoint: 9871 ns, Total: 45946 ns
[2025-05-08T09:29:11.650+0000][71][info ][safepoint   ] Safepoint "Cleanup", Time since last: 14002711250 ns, Reaching safepoint: 28309 ns, Cleanup: 14938 ns, At safepoint: 15851 ns, Total: 59098 ns
[2025-05-08T09:29:25.530+0000][71][info ][safepoint   ] Safepoint "Cleanup", Time since last: 13879832058 ns, Reaching safepoint: 28503 ns, Cleanup: 15501 ns, At safepoint: 15641 ns, Total: 59645 ns
[2025-05-08T09:29:36.530+0000][71][info ][safepoint   ] Safepoint "Cleanup", Time since last: 11002572775 ns, Reaching safepoint: 61199 ns, Cleanup: 20939 ns, At safepoint: 15009 ns, Total: 97147 ns
[2025-05-08T09:29:45.533+0000][71][info ][safepoint   ] Safepoint "Cleanup", Time since last: 9002228725 ns, Reaching safepoint: 63974 ns, Cleanup: 15387 ns, At safepoint: 16729 ns, Total: 96090 ns
[2025-05-08T09:29:58.884+0000][71][info ][safepoint   ] Safepoint "Cleanup", Time since last: 13350952210 ns, Reaching safepoint: 16517 ns, Cleanup: 7043 ns, At safepoint: 14255 ns, Total: 37815 ns
[2025-05-08T09:30:00.711+0000][71][info ][safepoint   ] Safepoint "Cleanup", Time since last: 1828641558 ns, Reaching safepoint: 17785 ns, Cleanup: 13408 ns, At safepoint: 8598 ns, Total: 39791 ns
[2025-05-08T09:30:06.712+0000][71][info ][safepoint   ] Safepoint "Cleanup", Time since last: 6001413804 ns, Reaching safepoint: 35756 ns, Cleanup: 18342 ns, At safepoint: 19037 ns, Total: 73135 ns
[2025-05-08T09:30:11.714+0000][71][info ][safepoint   ] Safepoint "Cleanup", Time since last: 5001434818 ns, Reaching safepoint: 31923 ns, Cleanup: 17111 ns, At safepoint: 18508 ns, Total: 67542 ns
[2025-05-08T09:30:58.567+0000][71][info ][safepoint   ] Safepoint "Cleanup", Time since last: 46855911918 ns, Reaching safepoint: 59251 ns, Cleanup: 14741 ns, At safepoint: 15016 ns, Total: 89008 ns
[2025-05-08T09:31:02.739+0000][71][info ][safepoint   ] Safepoint "Cleanup", Time since last: 4173187411 ns, Reaching safepoint: 5829 ns, Cleanup: 7868 ns, At safepoint: 4316 ns, Total: 18013 ns
[2025-05-08T09:31:03.759+0000][71][info ][safepoint   ] Safepoint "Cleanup", Time since last: 1020551550 ns, Reaching safepoint: 34624 ns, Cleanup: 24809 ns, At safepoint: 21538 ns, Total: 80971 ns
[2025-05-08T09:31:06.760+0000][71][info ][safepoint   ] Safepoint "Cleanup", Time since last: 3000987775 ns, Reaching safepoint: 33530 ns, Cleanup: 17652 ns, At safepoint: 20183 ns, Total: 71365 ns
[2025-05-08T09:31:08.761+0000][71][info ][safepoint   ] Safepoint "Cleanup", Time since last: 2000805532 ns, Reaching safepoint: 22415 ns, Cleanup: 22885 ns, At safepoint: 33382 ns, Total: 78682 ns
[2025-05-08T09:31:41.649+0000][71][info ][safepoint   ] Safepoint "Cleanup", Time since last: 32889805312 ns, Reaching safepoint: 27973 ns, Cleanup: 15206 ns, At safepoint: 56669 ns, Total: 99848 ns
[2025-05-08T09:31:42.650+0000][71][info ][safepoint   ] Safepoint "Cleanup", Time since last: 1000801636 ns, Reaching safepoint: 17161 ns, Cleanup: 12488 ns, At safepoint: 12186 ns, Total: 41835 ns
[2025-05-08T09:31:53.652+0000][71][info ][safepoint   ] Safepoint "Cleanup", Time since last: 11002358410 ns, Reaching safepoint: 68968 ns, Cleanup: 15088 ns, At safepoint: 10564 ns, Total: 94620 ns
[2025-05-08T09:32:05.787+0000][71][info ][safepoint   ] Safepoint "Cleanup", Time since last: 12136783611 ns, Reaching safepoint: 23429 ns, Cleanup: 19673 ns, At safepoint: 120312 ns, Total: 163414 ns
[2025-05-08T09:32:26.635+0000][71][info ][safepoint   ] Safepoint "Cleanup", Time since last: 20847978762 ns, Reaching safepoint: 27205 ns, Cleanup: 15207 ns, At safepoint: 12306 ns, Total: 54718 ns
[2025-05-08T09:32:42.820+0000][71][info ][safepoint   ] Safepoint "Cleanup", Time since last: 16186822198 ns, Reaching safepoint: 95756 ns, Cleanup: 10132 ns, At safepoint: 21391 ns, Total: 127279 ns
[2025-05-08T09:32:43.821+0000][71][info ][safepoint   ] Safepoint "Cleanup", Time since last: 1000746689 ns, Reaching safepoint: 25195 ns, Cleanup: 14164 ns, At safepoint: 39255 ns, Total: 78614 ns
[2025-05-08T09:32:57.823+0000][71][info ][safepoint   ] Safepoint "Cleanup", Time since last: 14002665234 ns, Reaching safepoint: 70777 ns, Cleanup: 23356 ns, At safepoint: 16642 ns, Total: 110775 ns
[2025-05-08T09:32:58.824+0000][71][info ][safepoint   ] Safepoint "Cleanup", Time since last: 1000859032 ns, Reaching safepoint: 24994 ns, Cleanup: 16211 ns, At safepoint: 10300 ns, Total: 51505 ns
[2025-05-08T09:33:05.825+0000][71][info ][safepoint   ] Safepoint "Cleanup", Time since last: 7001505666 ns, Reaching safepoint: 70487 ns, Cleanup: 14888 ns, At safepoint: 17508 ns, Total: 102883 ns
[2025-05-08T09:33:07.858+0000][71][info ][safepoint   ] Safepoint "Cleanup", Time since last: 2033417015 ns, Reaching safepoint: 6234 ns, Cleanup: 9110 ns, At safepoint: 22860 ns, Total: 38204 ns
[2025-05-08T09:33:08.859+0000][71][info ][safepoint   ] Safepoint "Cleanup", Time since last: 1001166632 ns, Reaching safepoint: 34138 ns, Cleanup: 15105 ns, At safepoint: 72499 ns, Total: 121742 ns
[2025-05-08T09:33:12.861+0000][71][info ][safepoint   ] Safepoint "Cleanup", Time since last: 4001289769 ns, Reaching safepoint: 18480 ns, Cleanup: 12462 ns, At safepoint: 9312 ns, Total: 40254 ns
[2025-05-08T09:33:20.863+0000][71][info ][safepoint   ] Safepoint "Cleanup", Time since last: 8001840083 ns, Reaching safepoint: 64244 ns, Cleanup: 14646 ns, At safepoint: 13576 ns, Total: 92466 ns
[2025-05-08T09:33:25.857+0000][71][info ][safepoint   ] Safepoint "Cleanup", Time since last: 4994545806 ns, Reaching safepoint: 7178 ns, Cleanup: 31751 ns, At safepoint: 14302 ns, Total: 53231 ns
[2025-05-08T09:33:26.874+0000][71][info ][safepoint   ] Safepoint "Cleanup", Time since last: 1016657327 ns, Reaching safepoint: 5865 ns, Cleanup: 11367 ns, At safepoint: 2822 ns, Total: 20054 ns
[2025-05-08T09:34:07.347+0000][71][info ][safepoint   ] Safepoint "Cleanup", Time since last: 40477184675 ns, Reaching safepoint: 50528 ns, Cleanup: 13146 ns, At safepoint: 8930 ns, Total: 72604 ns
[2025-05-08T09:34:11.917+0000][71][info ][safepoint   ] Safepoint "Cleanup", Time since last: 4569982451 ns, Reaching safepoint: 8827 ns, Cleanup: 10224 ns, At safepoint: 14864 ns, Total: 33915 ns
[2025-05-08T09:34:12.941+0000][71][info ][safepoint   ] Safepoint "Cleanup", Time since last: 1023711758 ns, Reaching safepoint: 18462 ns, Cleanup: 12913 ns, At safepoint: 8523 ns, Total: 39898 ns
[2025-05-08T09:34:28.702+0000][71][info ][safepoint   ] Safepoint "Cleanup", Time since last: 15761743492 ns, Reaching safepoint: 19347 ns, Cleanup: 11882 ns, At safepoint: 9074 ns, Total: 40303 ns
[2025-05-08T09:34:57.706+0000][71][info ][safepoint   ] Safepoint "Cleanup", Time since last: 29005502838 ns, Reaching safepoint: 72610 ns, Cleanup: 16972 ns, At safepoint: 18857 ns, Total: 108439 ns
[2025-05-08T09:35:13.897+0000][71][info ][safepoint   ] Safepoint "Cleanup", Time since last: 16193299376 ns, Reaching safepoint: 6011 ns, Cleanup: 8578 ns, At safepoint: 3120 ns, Total: 17709 ns
[2025-05-08T09:35:14.985+0000][71][info ][safepoint   ] Safepoint "Cleanup", Time since last: 1088138769 ns, Reaching safepoint: 24590 ns, Cleanup: 12105 ns, At safepoint: 71857 ns, Total: 108552 ns
[2025-05-08T09:35:17.986+0000][71][info ][safepoint   ] Safepoint "Cleanup", Time since last: 3000991020 ns, Reaching safepoint: 19631 ns, Cleanup: 13993 ns, At safepoint: 10326 ns, Total: 43950 ns
[2025-05-08T09:35:24.737+0000][71][info ][safepoint   ] Safepoint "Cleanup", Time since last: 6750687279 ns, Reaching safepoint: 34540 ns, Cleanup: 22928 ns, At safepoint: 18018 ns, Total: 75486 ns
[2025-05-08T09:35:35.738+0000][71][info ][safepoint   ] Safepoint "Cleanup", Time since last: 11002238812 ns, Reaching safepoint: 55165 ns, Cleanup: 14000 ns, At safepoint: 12083 ns, Total: 81248 ns
[2025-05-08T09:35:57.741+0000][71][info ][safepoint   ] Safepoint "Cleanup", Time since last: 22003104108 ns, Reaching safepoint: 57636 ns, Cleanup: 16804 ns, At safepoint: 10675 ns, Total: 85115 ns
[2025-05-08T09:36:13.360+0000][71][info ][safepoint   ] Safepoint "Cleanup", Time since last: 15621436357 ns, Reaching safepoint: 92094 ns, Cleanup: 12502 ns, At safepoint: 20148 ns, Total: 124744 ns
[2025-05-08T09:36:16.378+0000][71][info ][safepoint   ] Safepoint "Cleanup", Time since last: 3017876498 ns, Reaching safepoint: 28926 ns, Cleanup: 16516 ns, At safepoint: 16661 ns, Total: 62103 ns
[2025-05-08T09:36:18.024+0000][71][info ][safepoint   ] Safepoint "Cleanup", Time since last: 1645790836 ns, Reaching safepoint: 29812 ns, Cleanup: 16736 ns, At safepoint: 16667 ns, Total: 63215 ns
[2025-05-08T09:36:57.771+0000][71][info ][safepoint   ] Safepoint "Cleanup", Time since last: 39748773115 ns, Reaching safepoint: 76206 ns, Cleanup: 19671 ns, At safepoint: 18004 ns, Total: 113881 ns
[2025-05-08T09:37:17.773+0000][71][info ][safepoint   ] Safepoint "Cleanup", Time since last: 20004483068 ns, Reaching safepoint: 29902 ns, Cleanup: 15524 ns, At safepoint: 16077 ns, Total: 61503 ns
[2025-05-08T09:37:19.868+0000][71][info ][safepoint   ] Safepoint "Cleanup", Time since last: 2094155358 ns, Reaching safepoint: 6022 ns, Cleanup: 7343 ns, At safepoint: 13361 ns, Total: 26726 ns
[2025-05-08T09:37:21.114+0000][71][info ][safepoint   ] Safepoint "Cleanup", Time since last: 1246194502 ns, Reaching safepoint: 25524 ns, Cleanup: 16740 ns, At safepoint: 10484 ns, Total: 52748 ns
[2025-05-08T09:37:25.803+0000][71][info ][safepoint   ] Safepoint "Cleanup", Time since last: 4689508594 ns, Reaching safepoint: 32629 ns, Cleanup: 49456 ns, At safepoint: 21500 ns, Total: 103585 ns
[2025-05-08T09:37:40.520+0000][71][info ][safepoint   ] Safepoint "Cleanup", Time since last: 14718302430 ns, Reaching safepoint: 74380 ns, Cleanup: 17292 ns, At safepoint: 14494 ns, Total: 106166 ns
[2025-05-08T09:37:44.521+0000][71][info ][safepoint   ] Safepoint "Cleanup", Time since last: 4001059463 ns, Reaching safepoint: 27049 ns, Cleanup: 15552 ns, At safepoint: 11299 ns, Total: 53900 ns
[2025-05-08T09:37:58.524+0000][71][info ][safepoint   ] Safepoint "Cleanup", Time since last: 14002888917 ns, Reaching safepoint: 75875 ns, Cleanup: 20370 ns, At safepoint: 21335 ns, Total: 117580 ns
[2025-05-08T09:38:01.523+0000][71][info ][safepoint   ] Safepoint "Cleanup", Time since last: 3001050129 ns, Reaching safepoint: 29979 ns, Cleanup: 15895 ns, At safepoint: 14952 ns, Total: 60826 ns
[2025-05-08T09:38:22.922+0000][71][info ][safepoint   ] Safepoint "Cleanup", Time since last: 21398482112 ns, Reaching safepoint: 141082 ns, Cleanup: 9709 ns, At safepoint: 34812 ns, Total: 185603 ns
[2025-05-08T09:38:28.839+0000][71][info ][safepoint   ] Safepoint "Cleanup", Time since last: 5916919823 ns, Reaching safepoint: 169303 ns, Cleanup: 13799 ns, At safepoint: 76471 ns, Total: 259573 ns
[2025-05-08T09:38:30.181+0000][71][info ][safepoint   ] Safepoint "Cleanup", Time since last: 1343975478 ns, Reaching safepoint: 27308 ns, Cleanup: 22273 ns, At safepoint: 12290 ns, Total: 61871 ns
[2025-05-08T09:38:38.231+0000][71][info ][safepoint   ] Safepoint "Cleanup", Time since last: 8049941017 ns, Reaching safepoint: 118256 ns, Cleanup: 19687 ns, At safepoint: 19436 ns, Total: 157379 ns
[2025-05-08T09:38:39.232+0000][71][info ][safepoint   ] Safepoint "Cleanup", Time since last: 1000643824 ns, Reaching safepoint: 57747 ns, Cleanup: 15189 ns, At safepoint: 13266 ns, Total: 86202 ns
[2025-05-08T09:38:41.069+0000][71][info ][safepoint   ] Safepoint "Cleanup", Time since last: 1837599069 ns, Reaching safepoint: 30525 ns, Cleanup: 48422 ns, At safepoint: 16329 ns, Total: 95276 ns
[2025-05-08T09:38:50.911+0000][71][info ][safepoint   ] Safepoint "Cleanup", Time since last: 9841699993 ns, Reaching safepoint: 7342 ns, Cleanup: 77776 ns, At safepoint: 16004 ns, Total: 101122 ns
[2025-05-08T09:38:52.594+0000][71][info ][safepoint   ] Safepoint "Cleanup", Time since last: 1682997907 ns, Reaching safepoint: 21621 ns, Cleanup: 14617 ns, At safepoint: 10466 ns, Total: 46704 ns
[2025-05-08T09:38:58.596+0000][71][info ][safepoint   ] Safepoint "Cleanup", Time since last: 6001700884 ns, Reaching safepoint: 131228 ns, Cleanup: 20494 ns, At safepoint: 18152 ns, Total: 169874 ns
[2025-05-08T09:39:01.596+0000][71][info ][safepoint   ] Safepoint "Cleanup", Time since last: 3001301324 ns, Reaching safepoint: 29725 ns, Cleanup: 16752 ns, At safepoint: 17528 ns, Total: 64005 ns
[2025-05-08T09:39:26.262+0000][71][info ][safepoint   ] Safepoint "Cleanup", Time since last: 24665999024 ns, Reaching safepoint: 15793 ns, Cleanup: 21383 ns, At safepoint: 86448 ns, Total: 123624 ns
[2025-05-08T09:39:27.279+0000][71][info ][safepoint   ] Safepoint "Cleanup", Time since last: 1017271795 ns, Reaching safepoint: 24333 ns, Cleanup: 18148 ns, At safepoint: 9939 ns, Total: 52420 ns
[2025-05-08T09:39:48.720+0000][71][info ][safepoint   ] Safepoint "Cleanup", Time since last: 21443691785 ns, Reaching safepoint: 14708 ns, Cleanup: 11236 ns, At safepoint: 5292 ns, Total: 31236 ns
[2025-05-08T09:40:07.895+0000][71][info ][safepoint   ] Safepoint "Cleanup", Time since last: 19175869365 ns, Reaching safepoint: 79575 ns, Cleanup: 19381 ns, At safepoint: 78885 ns, Total: 177841 ns
[2025-05-08T09:40:09.338+0000][71][info ][safepoint   ] Safepoint "Cleanup", Time since last: 1442959758 ns, Reaching safepoint: 33900 ns, Cleanup: 23094 ns, At safepoint: 18871 ns, Total: 75865 ns
[2025-05-08T09:40:11.339+0000][71][info ][safepoint   ] Safepoint "Cleanup", Time since last: 2000943485 ns, Reaching safepoint: 69670 ns, Cleanup: 16317 ns, At safepoint: 31327 ns, Total: 117314 ns
[2025-05-08T09:40:16.340+0000][71][info ][safepoint   ] Safepoint "Cleanup", Time since last: 5001343597 ns, Reaching safepoint: 150056 ns, Cleanup: 12778 ns, At safepoint: 40679 ns, Total: 203513 ns
[2025-05-08T09:40:29.349+0000][71][info ][safepoint   ] Safepoint "Cleanup", Time since last: 13008323564 ns, Reaching safepoint: 17512 ns, Cleanup: 17063 ns, At safepoint: 6819 ns, Total: 41394 ns
[2025-05-08T09:40:31.362+0000][71][info ][safepoint   ] Safepoint "Cleanup", Time since last: 2015810830 ns, Reaching safepoint: 26533 ns, Cleanup: 13992 ns, At safepoint: 25917 ns, Total: 66442 ns
[2025-05-08T09:40:36.370+0000][71][info ][safepoint   ] Safepoint "Cleanup", Time since last: 5007934209 ns, Reaching safepoint: 37448 ns, Cleanup: 16720 ns, At safepoint: 19210 ns, Total: 73378 ns
[2025-05-08T09:40:43.372+0000][71][info ][safepoint   ] Safepoint "Cleanup", Time since last: 7001559533 ns, Reaching safepoint: 59214 ns, Cleanup: 14165 ns, At safepoint: 14193 ns, Total: 87572 ns
[2025-05-08T09:40:58.038+0000][71][info ][safepoint   ] Safepoint "Cleanup", Time since last: 14665890057 ns, Reaching safepoint: 64665 ns, Cleanup: 19490 ns, At safepoint: 16233 ns, Total: 100388 ns
[2025-05-08T09:40:59.039+0000][71][info ][safepoint   ] Safepoint "Cleanup", Time since last: 1000899807 ns, Reaching safepoint: 35566 ns, Cleanup: 18235 ns, At safepoint: 19924 ns, Total: 73725 ns
[2025-05-08T09:41:06.039+0000][71][info ][safepoint   ] Safepoint "Cleanup", Time since last: 7001916958 ns, Reaching safepoint: 29270 ns, Cleanup: 15431 ns, At safepoint: 16656 ns, Total: 61357 ns
[2025-05-08T09:41:11.041+0000][71][info ][safepoint   ] Safepoint "Cleanup", Time since last: 5001571083 ns, Reaching safepoint: 30406 ns, Cleanup: 15185 ns, At safepoint: 17304 ns, Total: 62895 ns
[2025-05-08T09:41:14.042+0000][71][info ][safepoint   ] Safepoint "Cleanup", Time since last: 3001267601 ns, Reaching safepoint: 170579 ns, Cleanup: 24228 ns, At safepoint: 20051 ns, Total: 214858 ns
[2025-05-08T09:41:31.856+0000][71][info ][safepoint   ] Safepoint "Cleanup", Time since last: 17815771106 ns, Reaching safepoint: 6220 ns, Cleanup: 12151 ns, At safepoint: 13063 ns, Total: 31434 ns
[2025-05-08T09:41:41.424+0000][71][info ][safepoint   ] Safepoint "Cleanup", Time since last: 9567993662 ns, Reaching safepoint: 117569 ns, Cleanup: 77200 ns, At safepoint: 23366 ns, Total: 218135 ns
[2025-05-08T09:41:44.425+0000][71][info ][safepoint   ] Safepoint "Cleanup", Time since last: 3001154912 ns, Reaching safepoint: 71295 ns, Cleanup: 16796 ns, At safepoint: 34518 ns, Total: 122609 ns
[2025-05-08T09:41:53.427+0000][71][info ][safepoint   ] Safepoint "Cleanup", Time since last: 9001778293 ns, Reaching safepoint: 29770 ns, Cleanup: 15570 ns, At safepoint: 17938 ns, Total: 63278 ns
[2025-05-08T09:42:03.055+0000][71][info ][safepoint   ] Safepoint "Cleanup", Time since last: 9629546252 ns, Reaching safepoint: 47321 ns, Cleanup: 75777 ns, At safepoint: 18492 ns, Total: 141590 ns
[2025-05-08T09:42:06.073+0000][71][info ][safepoint   ] Safepoint "Cleanup", Time since last: 3018008604 ns, Reaching safepoint: 157595 ns, Cleanup: 19573 ns, At safepoint: 14437 ns, Total: 191605 ns
[2025-05-08T09:42:08.074+0000][71][info ][safepoint   ] Safepoint "Cleanup", Time since last: 2000718660 ns, Reaching safepoint: 30087 ns, Cleanup: 21602 ns, At safepoint: 16948 ns, Total: 68637 ns
[2025-05-08T09:42:34.857+0000][71][info ][safepoint   ] Safepoint "Cleanup", Time since last: 26784633613 ns, Reaching safepoint: 17318 ns, Cleanup: 11444 ns, At safepoint: 18227 ns, Total: 46989 ns
[2025-05-08T09:42:36.463+0000][71][info ][safepoint   ] Safepoint "Cleanup", Time since last: 1606058884 ns, Reaching safepoint: 23889 ns, Cleanup: 52597 ns, At safepoint: 29363 ns, Total: 105849 ns
[2025-05-08T09:42:44.465+0000][71][info ][safepoint   ] Safepoint "Cleanup", Time since last: 8001949187 ns, Reaching safepoint: 32621 ns, Cleanup: 18927 ns, At safepoint: 17325 ns, Total: 68873 ns
[2025-05-08T09:42:58.468+0000][71][info ][safepoint   ] Safepoint "Cleanup", Time since last: 14002986263 ns, Reaching safepoint: 68106 ns, Cleanup: 20748 ns, At safepoint: 16960 ns, Total: 105814 ns
[2025-05-08T09:43:32.489+0000][71][info ][safepoint   ] Safepoint "Cleanup", Time since last: 34025647873 ns, Reaching safepoint: 47111 ns, Cleanup: 19082 ns, At safepoint: 64259 ns, Total: 130452 ns
[2025-05-08T09:43:35.532+0000][71][info ][safepoint   ] Safepoint "Cleanup", Time since last: 3042869299 ns, Reaching safepoint: 33132 ns, Cleanup: 21357 ns, At safepoint: 16910 ns, Total: 71399 ns
[2025-05-08T09:43:36.533+0000][71][info ][safepoint   ] Safepoint "Cleanup", Time since last: 1000800921 ns, Reaching safepoint: 24868 ns, Cleanup: 31227 ns, At safepoint: 10910 ns, Total: 67005 ns
[2025-05-08T09:43:37.977+0000][71][info ][safepoint   ] Safepoint "Cleanup", Time since last: 1444307261 ns, Reaching safepoint: 17238 ns, Cleanup: 22115 ns, At safepoint: 94768 ns, Total: 134121 ns
[2025-05-08T09:43:39.555+0000][71][info ][safepoint   ] Safepoint "Cleanup", Time since last: 1577935003 ns, Reaching safepoint: 29254 ns, Cleanup: 17897 ns, At safepoint: 15963 ns, Total: 63114 ns
[2025-05-08T09:43:50.869+0000][71][info ][safepoint   ] Safepoint "Cleanup", Time since last: 11314244225 ns, Reaching safepoint: 26286 ns, Cleanup: 12408 ns, At safepoint: 121616 ns, Total: 160310 ns
[2025-05-08T09:43:57.777+0000][71][info ][safepoint   ] Safepoint "Cleanup", Time since last: 6907654699 ns, Reaching safepoint: 165473 ns, Cleanup: 20568 ns, At safepoint: 182497 ns, Total: 368538 ns
[2025-05-08T09:44:19.248+0000][71][info ][safepoint   ] Safepoint "Cleanup", Time since last: 21471657611 ns, Reaching safepoint: 5810 ns, Cleanup: 11966 ns, At safepoint: 12408 ns, Total: 30184 ns
[2025-05-08T09:44:40.944+0000][71][info ][safepoint   ] Safepoint "Cleanup", Time since last: 21698287745 ns, Reaching safepoint: 19147 ns, Cleanup: 32000 ns, At safepoint: 102297 ns, Total: 153444 ns
[2025-05-08T09:44:42.598+0000][71][info ][safepoint   ] Safepoint "Cleanup", Time since last: 1653840943 ns, Reaching safepoint: 29447 ns, Cleanup: 18212 ns, At safepoint: 15945 ns, Total: 63604 ns
[2025-05-08T09:44:44.599+0000][71][info ][safepoint   ] Safepoint "Cleanup", Time since last: 2001025869 ns, Reaching safepoint: 29489 ns, Cleanup: 14573 ns, At safepoint: 16256 ns, Total: 60318 ns
[2025-05-08T09:44:53.601+0000][71][info ][safepoint   ] Safepoint "Cleanup", Time since last: 9001827869 ns, Reaching safepoint: 40956 ns, Cleanup: 12301 ns, At safepoint: 8776 ns, Total: 62033 ns
[2025-05-08T09:45:01.601+0000][71][info ][safepoint   ] Safepoint "Cleanup", Time since last: 8001752277 ns, Reaching safepoint: 18142 ns, Cleanup: 11938 ns, At safepoint: 8575 ns, Total: 38655 ns
[2025-05-08T09:45:25.348+0000][71][info ][safepoint   ] Safepoint "Cleanup", Time since last: 23747418119 ns, Reaching safepoint: 19293 ns, Cleanup: 13590 ns, At safepoint: 9694 ns, Total: 42577 ns
[2025-05-08T09:45:36.349+0000][71][info ][safepoint   ] Safepoint "Cleanup", Time since last: 11002999265 ns, Reaching safepoint: 140793 ns, Cleanup: 17788 ns, At safepoint: 38560 ns, Total: 197141 ns
[2025-05-08T09:45:43.860+0000][71][info ][safepoint   ] Safepoint "Cleanup", Time since last: 7510427004 ns, Reaching safepoint: 5698 ns, Cleanup: 8756 ns, At safepoint: 14035 ns, Total: 28489 ns
[2025-05-08T09:45:45.636+0000][71][info ][safepoint   ] Safepoint "Cleanup", Time since last: 1776577185 ns, Reaching safepoint: 31265 ns, Cleanup: 25494 ns, At safepoint: 16699 ns, Total: 73458 ns
[2025-05-08T09:45:57.639+0000][71][info ][safepoint   ] Safepoint "Cleanup", Time since last: 12002379440 ns, Reaching safepoint: 64164 ns, Cleanup: 23183 ns, At safepoint: 15096 ns, Total: 102443 ns
[2025-05-08T09:46:11.640+0000][71][info ][safepoint   ] Safepoint "Cleanup", Time since last: 14003036572 ns, Reaching safepoint: 108720 ns, Cleanup: 15782 ns, At safepoint: 11897 ns, Total: 136399 ns
[2025-05-08T09:46:12.642+0000][71][info ][safepoint   ] Safepoint "Cleanup", Time since last: 1001555402 ns, Reaching safepoint: 22877 ns, Cleanup: 13246 ns, At safepoint: 11194 ns, Total: 47317 ns
[2025-05-08T09:46:16.643+0000][71][info ][safepoint   ] Safepoint "Cleanup", Time since last: 4001125424 ns, Reaching safepoint: 26878 ns, Cleanup: 15916 ns, At safepoint: 10951 ns, Total: 53745 ns
[2025-05-08T09:46:24.462+0000][71][info ][safepoint   ] Safepoint "Cleanup", Time since last: 7818654160 ns, Reaching safepoint: 19781 ns, Cleanup: 18845 ns, At safepoint: 85891 ns, Total: 124517 ns
[2025-05-08T09:46:25.510+0000][71][info ][safepoint   ] Safepoint "Cleanup", Time since last: 1048063307 ns, Reaching safepoint: 33268 ns, Cleanup: 16586 ns, At safepoint: 19566 ns, Total: 69420 ns
[2025-05-08T09:46:43.511+0000][71][info ][safepoint   ] Safepoint "Cleanup", Time since last: 18003450577 ns, Reaching safepoint: 30640 ns, Cleanup: 20259 ns, At safepoint: 16775 ns, Total: 67674 ns
[2025-05-08T09:46:47.710+0000][71][info ][safepoint   ] Safepoint "Cleanup", Time since last: 4198608413 ns, Reaching safepoint: 490503 ns, Cleanup: 22840 ns, At safepoint: 100643 ns, Total: 613986 ns
[2025-05-08T09:46:57.713+0000][71][info ][safepoint   ] Safepoint "Cleanup", Time since last: 10002933678 ns, Reaching safepoint: 31321 ns, Cleanup: 16097 ns, At safepoint: 17790 ns, Total: 65208 ns
[2025-05-08T09:46:58.714+0000][71][info ][safepoint   ] Safepoint "Cleanup", Time since last: 1000776764 ns, Reaching safepoint: 25736 ns, Cleanup: 14880 ns, At safepoint: 11935 ns, Total: 52551 ns
[2025-05-08T09:47:01.713+0000][71][info ][safepoint   ] Safepoint "Cleanup", Time since last: 3001008096 ns, Reaching safepoint: 31518 ns, Cleanup: 17082 ns, At safepoint: 14015 ns, Total: 62615 ns
[2025-05-08T09:47:04.858+0000][71][info ][safepoint   ] Safepoint "Cleanup", Time since last: 3144207063 ns, Reaching safepoint: 25628 ns, Cleanup: 14432 ns, At safepoint: 154563 ns, Total: 194623 ns
[2025-05-08T09:47:06.736+0000][71][info ][safepoint   ] Safepoint "Cleanup", Time since last: 1878199181 ns, Reaching safepoint: 43287 ns, Cleanup: 15001 ns, At safepoint: 9128 ns, Total: 67416 ns
[2025-05-08T09:47:09.737+0000][71][info ][safepoint   ] Safepoint "Cleanup", Time since last: 3001010795 ns, Reaching safepoint: 21577 ns, Cleanup: 15077 ns, At safepoint: 10730 ns, Total: 47384 ns
[2025-05-08T09:47:12.738+0000][71][info ][safepoint   ] Safepoint "Cleanup", Time since last: 3001073173 ns, Reaching safepoint: 29407 ns, Cleanup: 15455 ns, At safepoint: 16704 ns, Total: 61566 ns
[2025-05-08T09:47:21.741+0000][71][info ][safepoint   ] Safepoint "Cleanup", Time since last: 9002156023 ns, Reaching safepoint: 78927 ns, Cleanup: 18515 ns, At safepoint: 33806 ns, Total: 131248 ns
[2025-05-08T09:47:55.683+0000][71][info ][safepoint   ] Safepoint "Cleanup", Time since last: 33944902791 ns, Reaching safepoint: 31909 ns, Cleanup: 14117 ns, At safepoint: 69180 ns, Total: 115206 ns
[2025-05-08T09:48:10.924+0000][71][info ][safepoint   ] Safepoint "Cleanup", Time since last: 15242413272 ns, Reaching safepoint: 63361 ns, Cleanup: 17706 ns, At safepoint: 16629 ns, Total: 97696 ns
[2025-05-08T09:48:34.882+0000][71][info ][safepoint   ] Safepoint "Cleanup", Time since last: 23959816167 ns, Reaching safepoint: 99011 ns, Cleanup: 8588 ns, At safepoint: 50587 ns, Total: 158186 ns
[2025-05-08T09:48:36.855+0000][71][info ][safepoint   ] Safepoint "Cleanup", Time since last: 1973691163 ns, Reaching safepoint: 32779 ns, Cleanup: 22494 ns, At safepoint: 21143 ns, Total: 76416 ns
[2025-05-08T09:48:40.856+0000][71][info ][safepoint   ] Safepoint "Cleanup", Time since last: 4001007518 ns, Reaching safepoint: 42628 ns, Cleanup: 14186 ns, At safepoint: 9471 ns, Total: 66285 ns
[2025-05-08T09:48:50.859+0000][71][info ][safepoint   ] Safepoint "Cleanup", Time since last: 10002236793 ns, Reaching safepoint: 31586 ns, Cleanup: 24711 ns, At safepoint: 18856 ns, Total: 75153 ns
[2025-05-08T09:48:53.867+0000][71][info ][safepoint   ] Safepoint "Cleanup", Time since last: 3008469396 ns, Reaching safepoint: 7080 ns, Cleanup: 7501 ns, At safepoint: 3409 ns, Total: 17990 ns
[2025-05-08T09:48:55.875+0000][71][info ][safepoint   ] Safepoint "Cleanup", Time since last: 2007996519 ns, Reaching safepoint: 32484 ns, Cleanup: 17535 ns, At safepoint: 20108 ns, Total: 70127 ns
[2025-05-08T09:48:57.876+0000][71][info ][safepoint   ] Safepoint "Cleanup", Time since last: 2000876817 ns, Reaching safepoint: 28921 ns, Cleanup: 15588 ns, At safepoint: 16178 ns, Total: 60687 ns
[2025-05-08T09:48:59.827+0000][71][info ][safepoint   ] Safepoint "Cleanup", Time since last: 1950854470 ns, Reaching safepoint: 28672 ns, Cleanup: 15972 ns, At safepoint: 13267 ns, Total: 57911 ns
[2025-05-08T09:49:13.829+0000][71][info ][safepoint   ] Safepoint "Cleanup", Time since last: 14002873696 ns, Reaching safepoint: 161335 ns, Cleanup: 17705 ns, At safepoint: 20189 ns, Total: 199229 ns
[2025-05-08T09:49:15.829+0000][71][info ][safepoint   ] Safepoint "Cleanup", Time since last: 2000917087 ns, Reaching safepoint: 19956 ns, Cleanup: 12528 ns, At safepoint: 9969 ns, Total: 42453 ns
[2025-05-08T09:49:56.907+0000][71][info ][safepoint   ] Safepoint "Cleanup", Time since last: 41079090082 ns, Reaching safepoint: 15180 ns, Cleanup: 19311 ns, At safepoint: 82362 ns, Total: 116853 ns
[2025-05-08T09:50:10.926+0000][71][info ][safepoint   ] Safepoint "Cleanup", Time since last: 14021584028 ns, Reaching safepoint: 69463 ns, Cleanup: 16711 ns, At safepoint: 30764 ns, Total: 116938 ns
[2025-05-08T09:50:19.928+0000][71][info ][safepoint   ] Safepoint "Cleanup", Time since last: 9002241599 ns, Reaching safepoint: 29433 ns, Cleanup: 14650 ns, At safepoint: 15775 ns, Total: 59858 ns
[2025-05-08T09:50:32.284+0000][71][info ][safepoint   ] Safepoint "Cleanup", Time since last: 12357155656 ns, Reaching safepoint: 69591 ns, Cleanup: 16023 ns, At safepoint: 17029 ns, Total: 102643 ns
[2025-05-08T09:50:36.285+0000][71][info ][safepoint   ] Safepoint "Cleanup", Time since last: 4001297073 ns, Reaching safepoint: 31340 ns, Cleanup: 16708 ns, At safepoint: 16011 ns, Total: 64059 ns
[2025-05-08T09:50:41.287+0000][71][info ][safepoint   ] Safepoint "Cleanup", Time since last: 5001655023 ns, Reaching safepoint: 60374 ns, Cleanup: 14306 ns, At safepoint: 12209 ns, Total: 86889 ns
[2025-05-08T09:50:56.290+0000][71][info ][safepoint   ] Safepoint "Cleanup", Time since last: 15002603431 ns, Reaching safepoint: 37688 ns, Cleanup: 20578 ns, At safepoint: 18769 ns, Total: 77035 ns
[2025-05-08T09:50:58.291+0000][71][info ][safepoint   ] Safepoint "Cleanup", Time since last: 2001004128 ns, Reaching safepoint: 75687 ns, Cleanup: 17578 ns, At safepoint: 32572 ns, Total: 125837 ns
[2025-05-08T09:50:59.906+0000][71][info ][safepoint   ] Safepoint "Cleanup", Time since last: 1615485399 ns, Reaching safepoint: 17729 ns, Cleanup: 15568 ns, At safepoint: 7991 ns, Total: 41288 ns
[2025-05-08T09:51:00.957+0000][71][info ][safepoint   ] Safepoint "Cleanup", Time since last: 1052497734 ns, Reaching safepoint: 29964 ns, Cleanup: 16165 ns, At safepoint: 16541 ns, Total: 62670 ns
[2025-05-08T09:51:15.992+0000][71][info ][safepoint   ] Safepoint "Cleanup", Time since last: 15034965140 ns, Reaching safepoint: 17991 ns, Cleanup: 20897 ns, At safepoint: 104572 ns, Total: 143460 ns
[2025-05-08T09:51:17.046+0000][71][info ][safepoint   ] Safepoint "Cleanup", Time since last: 1053976242 ns, Reaching safepoint: 22715 ns, Cleanup: 15960 ns, At safepoint: 10624 ns, Total: 49299 ns
[2025-05-08T09:51:58.320+0000][71][info ][safepoint   ] Safepoint "Cleanup", Time since last: 41275619291 ns, Reaching safepoint: 67687 ns, Cleanup: 14830 ns, At safepoint: 32800 ns, Total: 115317 ns
[2025-05-08T09:52:01.993+0000][71][info ][safepoint   ] Safepoint "Cleanup", Time since last: 3674483364 ns, Reaching safepoint: 25782 ns, Cleanup: 13839 ns, At safepoint: 69208 ns, Total: 108829 ns
[2025-05-08T09:52:03.003+0000][71][info ][safepoint   ] Safepoint "Cleanup", Time since last: 1010401666 ns, Reaching safepoint: 4919 ns, Cleanup: 5193 ns, At safepoint: 3049 ns, Total: 13161 ns
[2025-05-08T09:52:29.348+0000][71][info ][safepoint   ] Safepoint "Cleanup", Time since last: 26344961978 ns, Reaching safepoint: 45265 ns, Cleanup: 14152 ns, At safepoint: 11486 ns, Total: 70903 ns
[2025-05-08T09:52:59.357+0000][71][info ][safepoint   ] Safepoint "Cleanup", Time since last: 30010944920 ns, Reaching safepoint: 83697 ns, Cleanup: 23193 ns, At safepoint: 40673 ns, Total: 147563 ns
[2025-05-08T09:53:04.839+0000][71][info ][safepoint   ] Safepoint "Cleanup", Time since last: 5483551234 ns, Reaching safepoint: 14902 ns, Cleanup: 11246 ns, At safepoint: 17151 ns, Total: 43299 ns
[2025-05-08T09:53:06.057+0000][71][info ][safepoint   ] Safepoint "Cleanup", Time since last: 1218160740 ns, Reaching safepoint: 18867 ns, Cleanup: 12872 ns, At safepoint: 9093 ns, Total: 40832 ns
[2025-05-08T09:53:16.423+0000][71][info ][gc,start    ] GC(17) Pause Young (Prepare Mixed) (G1 Evacuation Pause)
[2025-05-08T09:53:16.430+0000][71][info ][gc,task     ] GC(17) Using 10 workers of 10 for evacuation
[2025-05-08T09:53:16.436+0000][71][debug][gc,age      ] GC(17) Desired survivor size 153092096 bytes, new threshold 15 (max threshold 15)
[2025-05-08T09:53:16.537+0000][71][info ][gc,phases   ] GC(17)   Pre Evacuate Collection Set: 6.63ms
[2025-05-08T09:53:16.538+0000][71][info ][gc,phases   ] GC(17)   Merge Heap Roots: 1.81ms
[2025-05-08T09:53:16.539+0000][71][info ][gc,phases   ] GC(17)   Evacuate Collection Set: 68.00ms
[2025-05-08T09:53:16.539+0000][71][info ][gc,phases   ] GC(17)   Post Evacuate Collection Set: 9.04ms
[2025-05-08T09:53:16.539+0000][71][info ][gc,phases   ] GC(17)   Other: 23.54ms
[2025-05-08T09:53:16.540+0000][71][trace][gc,age      ] GC(17) Age table with threshold 15 (max threshold 15)
[2025-05-08T09:53:16.540+0000][71][trace][gc,age      ] GC(17) - age   1:    3078872 bytes,    3078872 total
[2025-05-08T09:53:16.540+0000][71][trace][gc,age      ] GC(17) - age   2:    1647968 bytes,    4726840 total
[2025-05-08T09:53:16.541+0000][71][trace][gc,age      ] GC(17) - age   3:      35256 bytes,    4762096 total
[2025-05-08T09:53:16.541+0000][71][trace][gc,age      ] GC(17) - age   4:    1754208 bytes,    6516304 total
[2025-05-08T09:53:16.542+0000][71][info ][gc,heap     ] GC(17) Eden regions: 580->0(580)
[2025-05-08T09:53:16.543+0000][71][info ][gc,heap     ] GC(17) Survivor regions: 2->2(73)
[2025-05-08T09:53:16.543+0000][71][info ][gc,heap     ] GC(17) Old regions: 27->27
[2025-05-08T09:53:16.544+0000][71][info ][gc,heap     ] GC(17) Humongous regions: 0->0
[2025-05-08T09:53:16.544+0000][71][info ][gc,metaspace] GC(17) Metaspace: 144856K(148800K)->144856K(148800K) NonClass: 125301K(127360K)->125301K(127360K) Class: 19555K(21440K)->19555K(21440K)
[2025-05-08T09:53:16.546+0000][71][info ][gc          ] GC(17) Pause Young (Prepare Mixed) (G1 Evacuation Pause) 2435M->114M(3880M) 122.788ms
[2025-05-08T09:53:16.546+0000][71][info ][gc,cpu      ] GC(17) User=0.44s Sys=0.03s Real=0.12s
[2025-05-08T09:53:16.547+0000][71][info ][safepoint   ] Safepoint "G1CollectForAllocation", Time since last: 10363470375 ns, Reaching safepoint: 23853 ns, Cleanup: 4969 ns, At safepoint: 126020850 ns, Total: 126049672 ns
[2025-05-08T09:53:18.547+0000][71][info ][safepoint   ] Safepoint "Cleanup", Time since last: 2000590588 ns, Reaching safepoint: 29982 ns, Cleanup: 15623 ns, At safepoint: 16197 ns, Total: 61802 ns
[2025-05-08T09:53:38.081+0000][71][info ][safepoint   ] Safepoint "Cleanup", Time since last: 19535616753 ns, Reaching safepoint: 172229 ns, Cleanup: 10677 ns, At safepoint: 48925 ns, Total: 231831 ns
[2025-05-08T09:53:46.129+0000][71][info ][safepoint   ] Safepoint "Cleanup", Time since last: 8048151887 ns, Reaching safepoint: 72249 ns, Cleanup: 18434 ns, At safepoint: 34292 ns, Total: 124975 ns
[2025-05-08T09:53:53.884+0000][71][info ][safepoint   ] Safepoint "Cleanup", Time since last: 7754648933 ns, Reaching safepoint: 33036 ns, Cleanup: 19520 ns, At safepoint: 17488 ns, Total: 70044 ns
[2025-05-08T09:53:57.885+0000][71][info ][safepoint   ] Safepoint "Cleanup", Time since last: 4001100538 ns, Reaching safepoint: 23747 ns, Cleanup: 14265 ns, At safepoint: 80528 ns, Total: 118540 ns
[2025-05-08T09:54:00.886+0000][71][info ][safepoint   ] Safepoint "Cleanup", Time since last: 3002269198 ns, Reaching safepoint: 65854 ns, Cleanup: 15378 ns, At safepoint: 31398 ns, Total: 112630 ns
[2025-05-08T09:54:01.887+0000][71][info ][safepoint   ] Safepoint "Cleanup", Time since last: 1000768581 ns, Reaching safepoint: 30574 ns, Cleanup: 16688 ns, At safepoint: 17024 ns, Total: 64286 ns
[2025-05-08T09:54:03.888+0000][71][info ][safepoint   ] Safepoint "Cleanup", Time since last: 2000907050 ns, Reaching safepoint: 18301 ns, Cleanup: 12019 ns, At safepoint: 8767 ns, Total: 39087 ns
[2025-05-08T09:54:08.149+0000][71][info ][safepoint   ] Safepoint "Cleanup", Time since last: 4261073389 ns, Reaching safepoint: 29481 ns, Cleanup: 12552 ns, At safepoint: 68169 ns, Total: 110202 ns
[2025-05-08T09:54:14.173+0000][71][info ][safepoint   ] Safepoint "Cleanup", Time since last: 6024240794 ns, Reaching safepoint: 34471 ns, Cleanup: 16035 ns, At safepoint: 16716 ns, Total: 67222 ns
[2025-05-08T09:54:35.420+0000][71][info ][safepoint   ] Safepoint "Cleanup", Time since last: 21248734175 ns, Reaching safepoint: 77240 ns, Cleanup: 17051 ns, At safepoint: 20113 ns, Total: 114404 ns
[2025-05-08T09:54:46.403+0000][71][info ][safepoint   ] Safepoint "Cleanup", Time since last: 10982683642 ns, Reaching safepoint: 14188 ns, Cleanup: 20517 ns, At safepoint: 25886 ns, Total: 60591 ns
[2025-05-08T09:54:47.419+0000][71][info ][safepoint   ] Safepoint "Cleanup", Time since last: 1016171885 ns, Reaching safepoint: 49740 ns, Cleanup: 21824 ns, At safepoint: 12637 ns, Total: 84201 ns
[2025-05-08T09:54:58.421+0000][71][info ][safepoint   ] Safepoint "Cleanup", Time since last: 11002257927 ns, Reaching safepoint: 25201 ns, Cleanup: 13426 ns, At safepoint: 11074 ns, Total: 49701 ns
[2025-05-08T09:55:10.882+0000][71][info ][safepoint   ] Safepoint "Cleanup", Time since last: 12462472355 ns, Reaching safepoint: 11642 ns, Cleanup: 7810 ns, At safepoint: 49249 ns, Total: 68701 ns
[2025-05-08T09:55:12.208+0000][71][info ][safepoint   ] Safepoint "Cleanup", Time since last: 1326119121 ns, Reaching safepoint: 19208 ns, Cleanup: 33111 ns, At safepoint: 9207 ns, Total: 61526 ns
[2025-05-08T09:55:14.209+0000][71][info ][safepoint   ] Safepoint "Cleanup", Time since last: 2000766872 ns, Reaching safepoint: 20963 ns, Cleanup: 12804 ns, At safepoint: 9526 ns, Total: 43293 ns
[2025-05-08T09:56:14.231+0000][71][info ][safepoint   ] Safepoint "Cleanup", Time since last: 60025254942 ns, Reaching safepoint: 13404 ns, Cleanup: 12898 ns, At safepoint: 64559 ns, Total: 90861 ns
[2025-05-08T09:56:15.251+0000][71][info ][safepoint   ] Safepoint "Cleanup", Time since last: 1020225131 ns, Reaching safepoint: 4940 ns, Cleanup: 5207 ns, At safepoint: 2894 ns, Total: 13041 ns
[2025-05-08T09:56:16.254+0000][71][info ][safepoint   ] Safepoint "Cleanup", Time since last: 1003511838 ns, Reaching safepoint: 31031 ns, Cleanup: 17781 ns, At safepoint: 15850 ns, Total: 64662 ns
[2025-05-08T09:56:31.488+0000][71][info ][safepoint   ] Safepoint "Cleanup", Time since last: 15235404751 ns, Reaching safepoint: 23769 ns, Cleanup: 12780 ns, At safepoint: 11868 ns, Total: 48417 ns
[2025-05-08T09:56:41.497+0000][71][info ][safepoint   ] Safepoint "Cleanup", Time since last: 10009392553 ns, Reaching safepoint: 225248 ns, Cleanup: 24960 ns, At safepoint: 21031 ns, Total: 271239 ns
[2025-05-08T09:56:42.498+0000][71][info ][safepoint   ] Safepoint "Cleanup", Time since last: 1000667550 ns, Reaching safepoint: 21839 ns, Cleanup: 12915 ns, At safepoint: 19333 ns, Total: 54087 ns
[2025-05-08T09:56:58.501+0000][71][info ][safepoint   ] Safepoint "Cleanup", Time since last: 16003251724 ns, Reaching safepoint: 66313 ns, Cleanup: 20925 ns, At safepoint: 16769 ns, Total: 104007 ns
[2025-05-08T09:57:01.501+0000][71][info ][safepoint   ] Safepoint "Cleanup", Time since last: 3001213736 ns, Reaching safepoint: 29601 ns, Cleanup: 15159 ns, At safepoint: 16372 ns, Total: 61132 ns
[2025-05-08T09:57:16.505+0000][71][info ][safepoint   ] Safepoint "Cleanup", Time since last: 15003509229 ns, Reaching safepoint: 68518 ns, Cleanup: 20576 ns, At safepoint: 33253 ns, Total: 122347 ns
[2025-05-08T09:57:27.526+0000][71][info ][safepoint   ] Safepoint "Cleanup", Time since last: 11020846861 ns, Reaching safepoint: 30193 ns, Cleanup: 36964 ns, At safepoint: 17975 ns, Total: 85132 ns
[2025-05-08T09:57:30.527+0000][71][info ][safepoint   ] Safepoint "Cleanup", Time since last: 3001070507 ns, Reaching safepoint: 2308617 ns, Cleanup: 44060 ns, At safepoint: 220453 ns, Total: 2573130 ns
[2025-05-08T09:57:32.233+0000][71][info ][safepoint   ] Safepoint "Cleanup", Time since last: 1705466418 ns, Reaching safepoint: 25553 ns, Cleanup: 68640 ns, At safepoint: 43976 ns, Total: 138169 ns
[2025-05-08T09:57:35.234+0000][71][info ][safepoint   ] Safepoint "Cleanup", Time since last: 3001156839 ns, Reaching safepoint: 30004 ns, Cleanup: 31309 ns, At safepoint: 19346 ns, Total: 80659 ns
[2025-05-08T09:57:36.235+0000][71][info ][safepoint   ] Safepoint "Cleanup", Time since last: 1000667215 ns, Reaching safepoint: 105122 ns, Cleanup: 16493 ns, At safepoint: 14620 ns, Total: 136235 ns
[2025-05-08T09:57:38.236+0000][71][info ][safepoint   ] Safepoint "Cleanup", Time since last: 2000648063 ns, Reaching safepoint: 17961 ns, Cleanup: 23503 ns, At safepoint: 8317 ns, Total: 49781 ns
[2025-05-08T09:57:39.239+0000][71][info ][safepoint   ] Safepoint "Cleanup", Time since last: 1003536721 ns, Reaching safepoint: 7687 ns, Cleanup: 71629 ns, At safepoint: 24753 ns, Total: 104069 ns
[2025-05-08T09:57:40.574+0000][71][info ][safepoint   ] Safepoint "ICBufferFull", Time since last: 1335036264 ns, Reaching safepoint: 21502 ns, Cleanup: 149689 ns, At safepoint: 21161 ns, Total: 192352 ns
[2025-05-08T09:57:41.576+0000][71][info ][safepoint   ] Safepoint "Cleanup", Time since last: 1001827905 ns, Reaching safepoint: 19908 ns, Cleanup: 21337 ns, At safepoint: 9747 ns, Total: 50992 ns
[2025-05-08T09:57:44.577+0000][71][info ][safepoint   ] Safepoint "Cleanup", Time since last: 3000773981 ns, Reaching safepoint: 17403 ns, Cleanup: 10856 ns, At safepoint: 8412 ns, Total: 36671 ns
[2025-05-08T09:57:46.240+0000][71][info ][safepoint   ] Safepoint "Cleanup", Time since last: 1662667790 ns, Reaching safepoint: 35417 ns, Cleanup: 60670 ns, At safepoint: 19557 ns, Total: 115644 ns
[2025-05-08T09:57:47.241+0000][71][info ][safepoint   ] Safepoint "Cleanup", Time since last: 1000725693 ns, Reaching safepoint: 31053 ns, Cleanup: 15565 ns, At safepoint: 16483 ns, Total: 63101 ns
[2025-05-08T09:57:50.242+0000][71][info ][safepoint   ] Safepoint "Cleanup", Time since last: 3001090538 ns, Reaching safepoint: 30938 ns, Cleanup: 20157 ns, At safepoint: 16398 ns, Total: 67493 ns
[2025-05-08T09:57:51.243+0000][71][info ][safepoint   ] Safepoint "Cleanup", Time since last: 1000644648 ns, Reaching safepoint: 66889 ns, Cleanup: 88979 ns, At safepoint: 93515 ns, Total: 249383 ns
[2025-05-08T09:57:56.244+0000][71][info ][safepoint   ] Safepoint "Cleanup", Time since last: 5001495484 ns, Reaching safepoint: 30997 ns, Cleanup: 23935 ns, At safepoint: 16998 ns, Total: 71930 ns
[2025-05-08T09:57:58.245+0000][71][info ][safepoint   ] Safepoint "Cleanup", Time since last: 2000978986 ns, Reaching safepoint: 36166 ns, Cleanup: 27322 ns, At safepoint: 38089 ns, Total: 101577 ns
[2025-05-08T09:57:59.246+0000][71][info ][safepoint   ] Safepoint "Cleanup", Time since last: 1000698615 ns, Reaching safepoint: 30728 ns, Cleanup: 118182 ns, At safepoint: 17871 ns, Total: 166781 ns
[2025-05-08T09:58:00.248+0000][71][info ][safepoint   ] Safepoint "Cleanup", Time since last: 1000847857 ns, Reaching safepoint: 2360238 ns, Cleanup: 22078 ns, At safepoint: 126867 ns, Total: 2509183 ns
[2025-05-08T09:58:02.249+0000][71][info ][safepoint   ] Safepoint "Cleanup", Time since last: 2000690840 ns, Reaching safepoint: 34605 ns, Cleanup: 18052 ns, At safepoint: 17972 ns, Total: 70629 ns
[2025-05-08T09:58:04.257+0000][71][info ][safepoint   ] Safepoint "Cleanup", Time since last: 2007701599 ns, Reaching safepoint: 5284 ns, Cleanup: 7376 ns, At safepoint: 11896 ns, Total: 24556 ns
[2025-05-08T09:58:05.265+0000][71][info ][safepoint   ] Safepoint "Cleanup", Time since last: 1006146589 ns, Reaching safepoint: 2353919 ns, Cleanup: 20361 ns, At safepoint: 193465 ns, Total: 2567745 ns
[2025-05-08T09:58:06.266+0000][71][info ][safepoint   ] Safepoint "Cleanup", Time since last: 1000790131 ns, Reaching safepoint: 33799 ns, Cleanup: 22217 ns, At safepoint: 19352 ns, Total: 75368 ns
[2025-05-08T09:58:08.267+0000][71][info ][safepoint   ] Safepoint "Cleanup", Time since last: 2000920581 ns, Reaching safepoint: 67752 ns, Cleanup: 15886 ns, At safepoint: 17558 ns, Total: 101196 ns
[2025-05-08T09:58:13.269+0000][71][info ][safepoint   ] Safepoint "Cleanup", Time since last: 5001573160 ns, Reaching safepoint: 30193 ns, Cleanup: 14612 ns, At safepoint: 18348 ns, Total: 63153 ns
[2025-05-08T09:58:18.270+0000][71][info ][safepoint   ] Safepoint "Cleanup", Time since last: 5001599990 ns, Reaching safepoint: 32261 ns, Cleanup: 27910 ns, At safepoint: 16288 ns, Total: 76459 ns
[2025-05-08T09:58:19.846+0000][71][info ][safepoint   ] Safepoint "Cleanup", Time since last: 1575266128 ns, Reaching safepoint: 6068 ns, Cleanup: 13657 ns, At safepoint: 12792 ns, Total: 32517 ns
[2025-05-08T09:58:21.342+0000][71][info ][safepoint   ] Safepoint "Cleanup", Time since last: 1496297925 ns, Reaching safepoint: 34469 ns, Cleanup: 17811 ns, At safepoint: 17536 ns, Total: 69816 ns
[2025-05-08T09:58:23.343+0000][71][info ][safepoint   ] Safepoint "Cleanup", Time since last: 2000826864 ns, Reaching safepoint: 68995 ns, Cleanup: 14613 ns, At safepoint: 30826 ns, Total: 114434 ns
[2025-05-08T09:58:25.565+0000][71][info ][safepoint   ] Safepoint "Cleanup", Time since last: 2221418210 ns, Reaching safepoint: 32868 ns, Cleanup: 19820 ns, At safepoint: 17557 ns, Total: 70245 ns
[2025-05-08T09:58:27.331+0000][71][info ][safepoint   ] Safepoint "Cleanup", Time since last: 1766896746 ns, Reaching safepoint: 29107 ns, Cleanup: 44377 ns, At safepoint: 13724 ns, Total: 87208 ns
[2025-05-08T09:58:28.333+0000][71][info ][safepoint   ] Safepoint "Cleanup", Time since last: 1000753689 ns, Reaching safepoint: 33877 ns, Cleanup: 295284 ns, At safepoint: 39562 ns, Total: 368723 ns
[2025-05-08T09:58:29.333+0000][71][info ][safepoint   ] Safepoint "Cleanup", Time since last: 1000749094 ns, Reaching safepoint: 30691 ns, Cleanup: 17805 ns, At safepoint: 16806 ns, Total: 65302 ns
[2025-05-08T09:58:30.332+0000][71][info ][safepoint   ] Safepoint "Cleanup", Time since last: 1000757180 ns, Reaching safepoint: 32037 ns, Cleanup: 18532 ns, At safepoint: 18396 ns, Total: 68965 ns
[2025-05-08T09:58:31.333+0000][71][info ][safepoint   ] Safepoint "Cleanup", Time since last: 1000973497 ns, Reaching safepoint: 31907 ns, Cleanup: 15074 ns, At safepoint: 17027 ns, Total: 64008 ns
[2025-05-08T09:58:33.288+0000][71][info ][safepoint   ] Safepoint "Cleanup", Time since last: 1954835984 ns, Reaching safepoint: 29580 ns, Cleanup: 21516 ns, At safepoint: 71084 ns, Total: 122180 ns
[2025-05-08T09:58:40.308+0000][71][info ][safepoint   ] Safepoint "Cleanup", Time since last: 7019435115 ns, Reaching safepoint: 35541 ns, Cleanup: 17213 ns, At safepoint: 18635 ns, Total: 71389 ns
[2025-05-08T09:58:41.353+0000][71][info ][safepoint   ] Safepoint "Cleanup", Time since last: 1045184990 ns, Reaching safepoint: 23121 ns, Cleanup: 41715 ns, At safepoint: 92301 ns, Total: 157137 ns
[2025-05-08T09:58:42.361+0000][71][info ][safepoint   ] Safepoint "Cleanup", Time since last: 1008242770 ns, Reaching safepoint: 30737 ns, Cleanup: 15608 ns, At safepoint: 16297 ns, Total: 62642 ns
[2025-05-08T09:58:43.387+0000][71][info ][safepoint   ] Safepoint "Cleanup", Time since last: 1025821699 ns, Reaching safepoint: 25867 ns, Cleanup: 15675 ns, At safepoint: 11162 ns, Total: 52704 ns
[2025-05-08T09:58:44.388+0000][71][info ][safepoint   ] Safepoint "Cleanup", Time since last: 1000686055 ns, Reaching safepoint: 33533 ns, Cleanup: 16846 ns, At safepoint: 19280 ns, Total: 69659 ns
[2025-05-08T09:58:45.389+0000][71][info ][safepoint   ] Safepoint "Cleanup", Time since last: 1000665268 ns, Reaching safepoint: 31580 ns, Cleanup: 82193 ns, At safepoint: 23303 ns, Total: 137076 ns
[2025-05-08T09:58:58.347+0000][71][info ][safepoint   ] Safepoint "Cleanup", Time since last: 12957775928 ns, Reaching safepoint: 56629 ns, Cleanup: 18679 ns, At safepoint: 11137 ns, Total: 86445 ns
[2025-05-08T09:58:59.348+0000][71][info ][safepoint   ] Safepoint "Cleanup", Time since last: 1001368202 ns, Reaching safepoint: 33946 ns, Cleanup: 16428 ns, At safepoint: 18681 ns, Total: 69055 ns
[2025-05-08T09:59:01.039+0000][71][info ][safepoint   ] Safepoint "Cleanup", Time since last: 1692839583 ns, Reaching safepoint: 31942 ns, Cleanup: 58280 ns, At safepoint: 17853 ns, Total: 108075 ns
[2025-05-08T09:59:02.362+0000][71][info ][safepoint   ] Safepoint "Cleanup", Time since last: 1322957983 ns, Reaching safepoint: 34644 ns, Cleanup: 17392 ns, At safepoint: 17797 ns, Total: 69833 ns
[2025-05-08T09:59:12.955+0000][71][info ][safepoint   ] Safepoint "Cleanup", Time since last: 10592593486 ns, Reaching safepoint: 72861 ns, Cleanup: 18590 ns, At safepoint: 18001 ns, Total: 109452 ns
[2025-05-08T09:59:20.957+0000][71][info ][safepoint   ] Safepoint "Cleanup", Time since last: 8001828193 ns, Reaching safepoint: 21891 ns, Cleanup: 15402 ns, At safepoint: 9082 ns, Total: 46375 ns
[2025-05-08T09:59:23.437+0000][71][info ][safepoint   ] Safepoint "Cleanup", Time since last: 2479329219 ns, Reaching safepoint: 376758 ns, Cleanup: 11922 ns, At safepoint: 141897 ns, Total: 530577 ns
[2025-05-08T09:59:24.445+0000][71][info ][safepoint   ] Safepoint "Cleanup", Time since last: 1008284800 ns, Reaching safepoint: 22044 ns, Cleanup: 22075 ns, At safepoint: 74460 ns, Total: 118579 ns
[2025-05-08T09:59:32.601+0000][71][info ][safepoint   ] Safepoint "Cleanup", Time since last: 8157520335 ns, Reaching safepoint: 32614 ns, Cleanup: 33679 ns, At safepoint: 18669 ns, Total: 84962 ns
[2025-05-08T09:59:35.602+0000][71][info ][safepoint   ] Safepoint "Cleanup", Time since last: 3000985546 ns, Reaching safepoint: 46359 ns, Cleanup: 23298 ns, At safepoint: 21188 ns, Total: 90845 ns
[2025-05-08T09:59:41.361+0000][71][info ][safepoint   ] Safepoint "Cleanup", Time since last: 5759654213 ns, Reaching safepoint: 32984 ns, Cleanup: 16091 ns, At safepoint: 20169 ns, Total: 69244 ns
[2025-05-08T09:59:44.363+0000][71][info ][safepoint   ] Safepoint "Cleanup", Time since last: 3001281158 ns, Reaching safepoint: 19235 ns, Cleanup: 12631 ns, At safepoint: 8261 ns, Total: 40127 ns
[2025-05-08T09:59:46.364+0000][71][info ][safepoint   ] Safepoint "Cleanup", Time since last: 2000952381 ns, Reaching safepoint: 32464 ns, Cleanup: 17846 ns, At safepoint: 17070 ns, Total: 67380 ns
[2025-05-08T09:59:50.365+0000][71][info ][safepoint   ] Safepoint "Cleanup", Time since last: 4001484865 ns, Reaching safepoint: 60054 ns, Cleanup: 16224 ns, At safepoint: 77307 ns, Total: 153585 ns
[2025-05-08T09:59:58.367+0000][71][info ][safepoint   ] Safepoint "Cleanup", Time since last: 8001828951 ns, Reaching safepoint: 193783 ns, Cleanup: 19113 ns, At safepoint: 20070 ns, Total: 232966 ns
[2025-05-08T09:59:59.368+0000][71][info ][safepoint   ] Safepoint "Cleanup", Time since last: 1000837301 ns, Reaching safepoint: 30218 ns, Cleanup: 16072 ns, At safepoint: 17189 ns, Total: 63479 ns
[2025-05-08T10:00:03.933+0000][71][info ][safepoint   ] Safepoint "Cleanup", Time since last: 4566247616 ns, Reaching safepoint: 93351 ns, Cleanup: 16707 ns, At safepoint: 45272 ns, Total: 155330 ns
[2025-05-08T10:00:05.033+0000][71][info ][safepoint   ] Safepoint "Cleanup", Time since last: 1100247896 ns, Reaching safepoint: 30031 ns, Cleanup: 27974 ns, At safepoint: 16559 ns, Total: 74564 ns
[2025-05-08T10:00:06.034+0000][71][info ][safepoint   ] Safepoint "Cleanup", Time since last: 1000882250 ns, Reaching safepoint: 30885 ns, Cleanup: 15492 ns, At safepoint: 16354 ns, Total: 62731 ns
[2025-05-08T10:00:08.943+0000][71][info ][safepoint   ] Safepoint "Cleanup", Time since last: 2908881811 ns, Reaching safepoint: 16231 ns, Cleanup: 23464 ns, At safepoint: 90567 ns, Total: 130262 ns
[2025-05-08T10:00:10.958+0000][71][info ][safepoint   ] Safepoint "Cleanup", Time since last: 2014799248 ns, Reaching safepoint: 46201 ns, Cleanup: 11760 ns, At safepoint: 29378 ns, Total: 87339 ns
[2025-05-08T10:00:25.833+0000][71][info ][safepoint   ] Safepoint "Cleanup", Time since last: 14875100628 ns, Reaching safepoint: 23593 ns, Cleanup: 16622 ns, At safepoint: 121172 ns, Total: 161387 ns
[2025-05-08T10:00:29.484+0000][71][info ][safepoint   ] Safepoint "Cleanup", Time since last: 3650659730 ns, Reaching safepoint: 33419 ns, Cleanup: 18261 ns, At safepoint: 18781 ns, Total: 70461 ns
[2025-05-08T10:00:31.484+0000][71][info ][safepoint   ] Safepoint "Cleanup", Time since last: 2000941114 ns, Reaching safepoint: 36028 ns, Cleanup: 16185 ns, At safepoint: 18529 ns, Total: 70742 ns
[2025-05-08T10:00:32.485+0000][71][info ][safepoint   ] Safepoint "Cleanup", Time since last: 1000634022 ns, Reaching safepoint: 34170 ns, Cleanup: 16779 ns, At safepoint: 19867 ns, Total: 70816 ns
[2025-05-08T10:00:36.486+0000][71][info ][safepoint   ] Safepoint "Cleanup", Time since last: 4001317660 ns, Reaching safepoint: 30798 ns, Cleanup: 27801 ns, At safepoint: 16531 ns, Total: 75130 ns
[2025-05-08T10:00:38.487+0000][71][info ][safepoint   ] Safepoint "Cleanup", Time since last: 2001101339 ns, Reaching safepoint: 31331 ns, Cleanup: 20375 ns, At safepoint: 17562 ns, Total: 69268 ns
[2025-05-08T10:01:07.980+0000][71][info ][safepoint   ] Safepoint "Cleanup", Time since last: 29494772798 ns, Reaching safepoint: 147668 ns, Cleanup: 8134 ns, At safepoint: 54289 ns, Total: 210091 ns
[2025-05-08T10:01:09.086+0000][71][info ][safepoint   ] Safepoint "Cleanup", Time since last: 1105551267 ns, Reaching safepoint: 17088 ns, Cleanup: 14438 ns, At safepoint: 9101 ns, Total: 40627 ns
[2025-05-08T10:01:11.087+0000][71][info ][safepoint   ] Safepoint "Cleanup", Time since last: 2001164198 ns, Reaching safepoint: 64990 ns, Cleanup: 16747 ns, At safepoint: 31559 ns, Total: 113296 ns
[2025-05-08T10:01:14.005+0000][71][info ][safepoint   ] Safepoint "Cleanup", Time since last: 2917704380 ns, Reaching safepoint: 31215 ns, Cleanup: 15491 ns, At safepoint: 17170 ns, Total: 63876 ns
[2025-05-08T10:01:28.894+0000][71][info ][safepoint   ] Safepoint "Cleanup", Time since last: 14889544037 ns, Reaching safepoint: 34587 ns, Cleanup: 13663 ns, At safepoint: 68760 ns, Total: 117010 ns
[2025-05-08T10:01:30.535+0000][71][info ][safepoint   ] Safepoint "Cleanup", Time since last: 1642921925 ns, Reaching safepoint: 29996 ns, Cleanup: 16779 ns, At safepoint: 16776 ns, Total: 63551 ns
[2025-05-08T10:01:36.537+0000][71][info ][safepoint   ] Safepoint "Cleanup", Time since last: 6001460234 ns, Reaching safepoint: 39925 ns, Cleanup: 18513 ns, At safepoint: 20904 ns, Total: 79342 ns
[2025-05-08T10:01:40.538+0000][71][info ][safepoint   ] Safepoint "Cleanup", Time since last: 4001312612 ns, Reaching safepoint: 19116 ns, Cleanup: 15417 ns, At safepoint: 8961 ns, Total: 43494 ns
[2025-05-08T10:01:42.539+0000][71][info ][safepoint   ] Safepoint "Cleanup", Time since last: 2000827740 ns, Reaching safepoint: 18434 ns, Cleanup: 11720 ns, At safepoint: 9135 ns, Total: 39289 ns
[2025-05-08T10:01:45.448+0000][71][info ][safepoint   ] Safepoint "Cleanup", Time since last: 2909138582 ns, Reaching safepoint: 6589 ns, Cleanup: 9307 ns, At safepoint: 3281 ns, Total: 19177 ns
[2025-05-08T10:02:03.941+0000][71][info ][safepoint   ] Safepoint "Cleanup", Time since last: 18494630497 ns, Reaching safepoint: 31409 ns, Cleanup: 17924 ns, At safepoint: 16808 ns, Total: 66141 ns
[2025-05-08T10:02:04.942+0000][71][info ][safepoint   ] Safepoint "Cleanup", Time since last: 1000854759 ns, Reaching safepoint: 31043 ns, Cleanup: 15921 ns, At safepoint: 16423 ns, Total: 63387 ns
[2025-05-08T10:02:05.943+0000][71][info ][safepoint   ] Safepoint "Cleanup", Time since last: 1000816838 ns, Reaching safepoint: 30979 ns, Cleanup: 16588 ns, At safepoint: 16652 ns, Total: 64219 ns
[2025-05-08T10:02:11.945+0000][71][info ][safepoint   ] Safepoint "Cleanup", Time since last: 6001917439 ns, Reaching safepoint: 32341 ns, Cleanup: 14389 ns, At safepoint: 82687 ns, Total: 129417 ns
[2025-05-08T10:02:13.037+0000][71][info ][safepoint   ] Safepoint "Cleanup", Time since last: 1091691349 ns, Reaching safepoint: 73010 ns, Cleanup: 18191 ns, At safepoint: 32064 ns, Total: 123265 ns
[2025-05-08T10:02:17.955+0000][71][info ][safepoint   ] Safepoint "Cleanup", Time since last: 4918196330 ns, Reaching safepoint: 25783 ns, Cleanup: 15469 ns, At safepoint: 12393 ns, Total: 53645 ns
[2025-05-08T10:02:28.720+0000][71][info ][safepoint   ] Safepoint "Cleanup", Time since last: 10765067354 ns, Reaching safepoint: 67095 ns, Cleanup: 14372 ns, At safepoint: 30876 ns, Total: 112343 ns
[2025-05-08T10:02:31.828+0000][71][info ][safepoint   ] Safepoint "Cleanup", Time since last: 3109940484 ns, Reaching safepoint: 6428 ns, Cleanup: 10195 ns, At safepoint: 4957 ns, Total: 21580 ns
[2025-05-08T10:02:41.587+0000][71][info ][safepoint   ] Safepoint "Cleanup", Time since last: 9758685230 ns, Reaching safepoint: 31692 ns, Cleanup: 14693 ns, At safepoint: 17298 ns, Total: 63683 ns
[2025-05-08T10:02:44.588+0000][71][info ][safepoint   ] Safepoint "Cleanup", Time since last: 3001095739 ns, Reaching safepoint: 69832 ns, Cleanup: 15225 ns, At safepoint: 17247 ns, Total: 102304 ns
[2025-05-08T10:02:57.531+0000][71][info ][safepoint   ] Safepoint "Cleanup", Time since last: 12943041448 ns, Reaching safepoint: 34508 ns, Cleanup: 18318 ns, At safepoint: 18904 ns, Total: 71730 ns
[2025-05-08T10:03:34.849+0000][71][info ][safepoint   ] Safepoint "Cleanup", Time since last: 37321809082 ns, Reaching safepoint: 19881 ns, Cleanup: 13396 ns, At safepoint: 82952 ns, Total: 116229 ns
[2025-05-08T10:03:43.828+0000][71][info ][safepoint   ] Safepoint "Cleanup", Time since last: 8978951975 ns, Reaching safepoint: 25413 ns, Cleanup: 14898 ns, At safepoint: 77208 ns, Total: 117519 ns
[2025-05-08T10:03:45.651+0000][71][info ][safepoint   ] Safepoint "Cleanup", Time since last: 1822661208 ns, Reaching safepoint: 52766 ns, Cleanup: 14782 ns, At safepoint: 11515 ns, Total: 79063 ns
[2025-05-08T10:03:51.606+0000][71][info ][safepoint   ] Safepoint "Cleanup", Time since last: 5955097498 ns, Reaching safepoint: 89369 ns, Cleanup: 9982 ns, At safepoint: 45569 ns, Total: 144920 ns
[2025-05-08T10:03:52.610+0000][71][info ][safepoint   ] Safepoint "Cleanup", Time since last: 1003575596 ns, Reaching safepoint: 6119 ns, Cleanup: 13819 ns, At safepoint: 12942 ns, Total: 32880 ns
[2025-05-08T10:03:57.615+0000][71][info ][safepoint   ] Safepoint "Cleanup", Time since last: 5005522585 ns, Reaching safepoint: 43609 ns, Cleanup: 13397 ns, At safepoint: 9362 ns, Total: 66368 ns
[2025-05-08T10:04:16.618+0000][71][info ][safepoint   ] Safepoint "Cleanup", Time since last: 19004393925 ns, Reaching safepoint: 68076 ns, Cleanup: 15125 ns, At safepoint: 32048 ns, Total: 115249 ns
[2025-05-08T10:04:35.818+0000][71][info ][safepoint   ] Safepoint "Cleanup", Time since last: 19200509491 ns, Reaching safepoint: 72521 ns, Cleanup: 21416 ns, At safepoint: 31522 ns, Total: 125459 ns
[2025-05-08T10:04:37.819+0000][71][info ][safepoint   ] Safepoint "Cleanup", Time since last: 2000794004 ns, Reaching safepoint: 95016 ns, Cleanup: 10082 ns, At safepoint: 33514 ns, Total: 138612 ns
[2025-05-08T10:04:39.741+0000][71][info ][safepoint   ] Safepoint "Cleanup", Time since last: 1922787997 ns, Reaching safepoint: 6023 ns, Cleanup: 7745 ns, At safepoint: 3387 ns, Total: 17155 ns
[2025-05-08T10:04:57.749+0000][71][info ][safepoint   ] Safepoint "Cleanup", Time since last: 18007503709 ns, Reaching safepoint: 78372 ns, Cleanup: 16267 ns, At safepoint: 17228 ns, Total: 111867 ns
[2025-05-08T10:05:15.750+0000][71][info ][safepoint   ] Safepoint "Cleanup", Time since last: 18003425438 ns, Reaching safepoint: 94434 ns, Cleanup: 12780 ns, At safepoint: 8908 ns, Total: 116122 ns
[2025-05-08T10:05:37.839+0000][71][info ][safepoint   ] Safepoint "Cleanup", Time since last: 22090004503 ns, Reaching safepoint: 53817 ns, Cleanup: 13037 ns, At safepoint: 9634 ns, Total: 76488 ns
[2025-05-08T10:05:40.840+0000][71][info ][safepoint   ] Safepoint "Cleanup", Time since last: 3001058239 ns, Reaching safepoint: 110582 ns, Cleanup: 12263 ns, At safepoint: 40245 ns, Total: 163090 ns
[2025-05-08T10:05:53.785+0000][71][info ][safepoint   ] Safepoint "Cleanup", Time since last: 12945387455 ns, Reaching safepoint: 91026 ns, Cleanup: 15693 ns, At safepoint: 11543 ns, Total: 118262 ns
[2025-05-08T10:06:15.788+0000][71][info ][safepoint   ] Safepoint "Cleanup", Time since last: 22004209251 ns, Reaching safepoint: 64387 ns, Cleanup: 12275 ns, At safepoint: 8737 ns, Total: 85399 ns
[2025-05-08T10:06:28.877+0000][71][info ][safepoint   ] Safepoint "Cleanup", Time since last: 13088698042 ns, Reaching safepoint: 135263 ns, Cleanup: 17951 ns, At safepoint: 28257 ns, Total: 181471 ns
[2025-05-08T10:06:41.878+0000][71][info ][safepoint   ] Safepoint "Cleanup", Time since last: 13003120420 ns, Reaching safepoint: 29949 ns, Cleanup: 14760 ns, At safepoint: 16855 ns, Total: 61564 ns
[2025-05-08T10:06:42.879+0000][71][info ][safepoint   ] Safepoint "Cleanup", Time since last: 1000720046 ns, Reaching safepoint: 72560 ns, Cleanup: 19097 ns, At safepoint: 19878 ns, Total: 111535 ns
[2025-05-08T10:07:30.916+0000][71][info ][safepoint   ] Safepoint "Cleanup", Time since last: 48040892515 ns, Reaching safepoint: 20180 ns, Cleanup: 11817 ns, At safepoint: 9954 ns, Total: 41951 ns
[2025-05-08T10:07:46.842+0000][71][info ][safepoint   ] Safepoint "Cleanup", Time since last: 15926172164 ns, Reaching safepoint: 12889 ns, Cleanup: 9985 ns, At safepoint: 18411 ns, Total: 41285 ns
[2025-05-08T10:07:47.854+0000][71][info ][safepoint   ] Safepoint "Cleanup", Time since last: 1011156717 ns, Reaching safepoint: 23832 ns, Cleanup: 15329 ns, At safepoint: 66774 ns, Total: 105935 ns
[2025-05-08T10:07:57.873+0000][71][info ][safepoint   ] Safepoint "Cleanup", Time since last: 10019609416 ns, Reaching safepoint: 75179 ns, Cleanup: 17512 ns, At safepoint: 33529 ns, Total: 126220 ns
[2025-05-08T10:08:45.958+0000][71][info ][safepoint   ] Safepoint "Cleanup", Time since last: 48087872862 ns, Reaching safepoint: 132461 ns, Cleanup: 15713 ns, At safepoint: 16886 ns, Total: 165060 ns
[2025-05-08T10:08:47.901+0000][71][info ][safepoint   ] Safepoint "Cleanup", Time since last: 1943157916 ns, Reaching safepoint: 7156 ns, Cleanup: 63336 ns, At safepoint: 25829 ns, Total: 96321 ns
[2025-05-08T10:08:48.920+0000][71][info ][safepoint   ] Safepoint "Cleanup", Time since last: 1018959099 ns, Reaching safepoint: 30427 ns, Cleanup: 23069 ns, At safepoint: 16415 ns, Total: 69911 ns
[2025-05-08T10:08:50.853+0000][71][info ][safepoint   ] Safepoint "Cleanup", Time since last: 1932861116 ns, Reaching safepoint: 18314 ns, Cleanup: 16750 ns, At safepoint: 7396 ns, Total: 42460 ns
[2025-05-08T10:08:52.933+0000][71][info ][safepoint   ] Safepoint "Cleanup", Time since last: 2080423454 ns, Reaching safepoint: 39742 ns, Cleanup: 11847 ns, At safepoint: 7874 ns, Total: 59463 ns
[2025-05-08T10:08:55.834+0000][71][info ][safepoint   ] Safepoint "Cleanup", Time since last: 2900290915 ns, Reaching safepoint: 26134 ns, Cleanup: 13524 ns, At safepoint: 68531 ns, Total: 108189 ns
[2025-05-08T10:08:57.987+0000][71][info ][safepoint   ] Safepoint "Cleanup", Time since last: 2152955525 ns, Reaching safepoint: 30576 ns, Cleanup: 15576 ns, At safepoint: 17404 ns, Total: 63556 ns
[2025-05-08T10:09:09.988+0000][71][info ][safepoint   ] Safepoint "Cleanup", Time since last: 12002866804 ns, Reaching safepoint: 78290 ns, Cleanup: 17141 ns, At safepoint: 20440 ns, Total: 115871 ns
[2025-05-08T10:09:15.989+0000][71][info ][safepoint   ] Safepoint "Cleanup", Time since last: 6001342948 ns, Reaching safepoint: 31448 ns, Cleanup: 18173 ns, At safepoint: 16886 ns, Total: 66507 ns
[2025-05-08T10:09:20.990+0000][71][info ][safepoint   ] Safepoint "Cleanup", Time since last: 5001476409 ns, Reaching safepoint: 36539 ns, Cleanup: 17225 ns, At safepoint: 19090 ns, Total: 72854 ns
[2025-05-08T10:09:25.997+0000][71][info ][safepoint   ] Safepoint "Cleanup", Time since last: 5006483330 ns, Reaching safepoint: 32398 ns, Cleanup: 18994 ns, At safepoint: 17774 ns, Total: 69166 ns
[2025-05-08T10:09:52.910+0000][71][info ][safepoint   ] Safepoint "Cleanup", Time since last: 26914445538 ns, Reaching safepoint: 104766 ns, Cleanup: 13592 ns, At safepoint: 38968 ns, Total: 157326 ns
[2025-05-08T10:09:54.036+0000][71][info ][safepoint   ] Safepoint "Cleanup", Time since last: 1126008252 ns, Reaching safepoint: 20874 ns, Cleanup: 17892 ns, At safepoint: 9535 ns, Total: 48301 ns
[2025-05-08T10:09:58.050+0000][71][info ][safepoint   ] Safepoint "Cleanup", Time since last: 4013812052 ns, Reaching safepoint: 35106 ns, Cleanup: 17746 ns, At safepoint: 16735 ns, Total: 69587 ns
[2025-05-08T10:10:01.049+0000][71][info ][safepoint   ] Safepoint "Cleanup", Time since last: 3000855245 ns, Reaching safepoint: 35927 ns, Cleanup: 17696 ns, At safepoint: 19259 ns, Total: 72882 ns
[2025-05-08T10:10:13.822+0000][71][info ][safepoint   ] Safepoint "Cleanup", Time since last: 12772418426 ns, Reaching safepoint: 8884 ns, Cleanup: 8563 ns, At safepoint: 12907 ns, Total: 30354 ns
[2025-05-08T10:10:29.036+0000][71][info ][safepoint   ] Safepoint "Cleanup", Time since last: 15214730102 ns, Reaching safepoint: 32689 ns, Cleanup: 17681 ns, At safepoint: 17350 ns, Total: 67720 ns
[2025-05-08T10:10:55.836+0000][71][info ][safepoint   ] Safepoint "Cleanup", Time since last: 26802181337 ns, Reaching safepoint: 20059 ns, Cleanup: 15196 ns, At safepoint: 70699 ns, Total: 105954 ns
[2025-05-08T10:10:58.140+0000][71][info ][safepoint   ] Safepoint "Cleanup", Time since last: 2303270186 ns, Reaching safepoint: 33403 ns, Cleanup: 23861 ns, At safepoint: 19480 ns, Total: 76744 ns
[2025-05-08T10:11:01.140+0000][71][info ][safepoint   ] Safepoint "Cleanup", Time since last: 3001618042 ns, Reaching safepoint: 35245 ns, Cleanup: 16822 ns, At safepoint: 16601 ns, Total: 68668 ns
[2025-05-08T10:11:29.078+0000][71][info ][safepoint   ] Safepoint "Cleanup", Time since last: 27937968520 ns, Reaching safepoint: 70260 ns, Cleanup: 14969 ns, At safepoint: 18110 ns, Total: 103339 ns
[2025-05-08T10:11:36.078+0000][71][info ][safepoint   ] Safepoint "Cleanup", Time since last: 7001869806 ns, Reaching safepoint: 32348 ns, Cleanup: 14753 ns, At safepoint: 16995 ns, Total: 64096 ns
[2025-05-08T10:11:49.080+0000][71][info ][safepoint   ] Safepoint "Cleanup", Time since last: 13002633792 ns, Reaching safepoint: 27307 ns, Cleanup: 13423 ns, At safepoint: 11943 ns, Total: 52673 ns
[2025-05-08T10:11:50.086+0000][71][info ][safepoint   ] Safepoint "Cleanup", Time since last: 1005541379 ns, Reaching safepoint: 32565 ns, Cleanup: 16434 ns, At safepoint: 17950 ns, Total: 66949 ns
[2025-05-08T10:11:58.088+0000][71][info ][safepoint   ] Safepoint "Cleanup", Time since last: 8001909916 ns, Reaching safepoint: 125107 ns, Cleanup: 16329 ns, At safepoint: 26372 ns, Total: 167808 ns
[2025-05-08T10:11:59.162+0000][71][info ][safepoint   ] Safepoint "Cleanup", Time since last: 1074194635 ns, Reaching safepoint: 92572 ns, Cleanup: 12452 ns, At safepoint: 39219 ns, Total: 144243 ns
[2025-05-08T10:12:06.179+0000][71][info ][safepoint   ] Safepoint "Cleanup", Time since last: 7017390613 ns, Reaching safepoint: 24011 ns, Cleanup: 13577 ns, At safepoint: 12013 ns, Total: 49601 ns
[2025-05-08T10:12:13.180+0000][71][info ][safepoint   ] Safepoint "Cleanup", Time since last: 7001457284 ns, Reaching safepoint: 41293 ns, Cleanup: 12374 ns, At safepoint: 9542 ns, Total: 63209 ns
[2025-05-08T10:12:29.113+0000][71][info ][safepoint   ] Safepoint "Cleanup", Time since last: 15932904181 ns, Reaching safepoint: 40121 ns, Cleanup: 11770 ns, At safepoint: 8103 ns, Total: 59994 ns
[2025-05-08T10:12:35.112+0000][71][info ][safepoint   ] Safepoint "Cleanup", Time since last: 6001299066 ns, Reaching safepoint: 36857 ns, Cleanup: 16451 ns, At safepoint: 19051 ns, Total: 72359 ns
[2025-05-08T10:12:39.974+0000][71][info ][safepoint   ] Safepoint "Cleanup", Time since last: 4861704302 ns, Reaching safepoint: 27681 ns, Cleanup: 17926 ns, At safepoint: 66184 ns, Total: 111791 ns
[2025-05-08T10:12:43.103+0000][71][info ][safepoint   ] Safepoint "Cleanup", Time since last: 3128566263 ns, Reaching safepoint: 40226 ns, Cleanup: 13055 ns, At safepoint: 8390 ns, Total: 61671 ns
[2025-05-08T10:12:56.105+0000][71][info ][safepoint   ] Safepoint "Cleanup", Time since last: 13002362801 ns, Reaching safepoint: 19221 ns, Cleanup: 12360 ns, At safepoint: 9724 ns, Total: 41305 ns
[2025-05-08T10:12:58.106+0000][71][info ][safepoint   ] Safepoint "Cleanup", Time since last: 2000955592 ns, Reaching safepoint: 69121 ns, Cleanup: 19937 ns, At safepoint: 17523 ns, Total: 106581 ns
[2025-05-08T10:13:01.105+0000][71][info ][safepoint   ] Safepoint "Cleanup", Time since last: 3001174600 ns, Reaching safepoint: 17607 ns, Cleanup: 12419 ns, At safepoint: 8329 ns, Total: 38355 ns
[2025-05-08T10:13:02.204+0000][71][info ][safepoint   ] Safepoint "Cleanup", Time since last: 1099071977 ns, Reaching safepoint: 15126 ns, Cleanup: 27526 ns, At safepoint: 80386 ns, Total: 123038 ns
[2025-05-08T10:13:05.226+0000][71][info ][safepoint   ] Safepoint "Cleanup", Time since last: 3021650118 ns, Reaching safepoint: 16914 ns, Cleanup: 12285 ns, At safepoint: 8036 ns, Total: 37235 ns
[2025-05-08T10:13:08.227+0000][71][info ][safepoint   ] Safepoint "Cleanup", Time since last: 3001122191 ns, Reaching safepoint: 33246 ns, Cleanup: 16778 ns, At safepoint: 17305 ns, Total: 67329 ns
[2025-05-08T10:13:49.835+0000][71][info ][safepoint   ] Safepoint "Cleanup", Time since last: 41609439830 ns, Reaching safepoint: 36867 ns, Cleanup: 14535 ns, At safepoint: 69124 ns, Total: 120526 ns
[2025-05-08T10:13:51.249+0000][71][info ][safepoint   ] Safepoint "Cleanup", Time since last: 1413496259 ns, Reaching safepoint: 33034 ns, Cleanup: 26777 ns, At safepoint: 19950 ns, Total: 79761 ns
[2025-05-08T10:13:56.307+0000][71][info ][safepoint   ] Safepoint "Cleanup", Time since last: 5058370932 ns, Reaching safepoint: 25672 ns, Cleanup: 14485 ns, At safepoint: 10531 ns, Total: 50688 ns
[2025-05-08T10:13:58.308+0000][71][info ][safepoint   ] Safepoint "Cleanup", Time since last: 2000959663 ns, Reaching safepoint: 32706 ns, Cleanup: 18656 ns, At safepoint: 18267 ns, Total: 69629 ns
[2025-05-08T10:14:05.314+0000][71][info ][safepoint   ] Safepoint "Cleanup", Time since last: 7007308173 ns, Reaching safepoint: 7123 ns, Cleanup: 18677 ns, At safepoint: 14045 ns, Total: 39845 ns
[2025-05-08T10:14:06.338+0000][71][info ][safepoint   ] Safepoint "Cleanup", Time since last: 1024047083 ns, Reaching safepoint: 25658 ns, Cleanup: 14281 ns, At safepoint: 12678 ns, Total: 52617 ns
[2025-05-08T10:14:15.340+0000][71][info ][safepoint   ] Safepoint "Cleanup", Time since last: 9002067679 ns, Reaching safepoint: 64634 ns, Cleanup: 15959 ns, At safepoint: 31637 ns, Total: 112230 ns
[2025-05-08T10:14:56.189+0000][71][info ][safepoint   ] Safepoint "Cleanup", Time since last: 40851016553 ns, Reaching safepoint: 75964 ns, Cleanup: 22725 ns, At safepoint: 17757 ns, Total: 116446 ns
[2025-05-08T10:14:59.190+0000][71][info ][safepoint   ] Safepoint "Cleanup", Time since last: 3001085480 ns, Reaching safepoint: 112206 ns, Cleanup: 17356 ns, At safepoint: 19302 ns, Total: 148864 ns
[2025-05-08T10:15:06.190+0000][71][info ][safepoint   ] Safepoint "Cleanup", Time since last: 7001627002 ns, Reaching safepoint: 65736 ns, Cleanup: 16040 ns, At safepoint: 17649 ns, Total: 99425 ns
[2025-05-08T10:15:07.896+0000][71][info ][safepoint   ] Safepoint "Cleanup", Time since last: 1700118795 ns, Reaching safepoint: 5936540 ns, Cleanup: 20201 ns, At safepoint: 228792 ns, Total: 6185533 ns
[2025-05-08T10:15:09.401+0000][71][info ][safepoint   ] Safepoint "Cleanup", Time since last: 1504397507 ns, Reaching safepoint: 30582 ns, Cleanup: 19697 ns, At safepoint: 16829 ns, Total: 67108 ns
[2025-05-08T10:16:10.835+0000][71][info ][safepoint   ] Safepoint "Cleanup", Time since last: 61437542306 ns, Reaching safepoint: 149254 ns, Cleanup: 10828 ns, At safepoint: 43011 ns, Total: 203093 ns
[2025-05-08T10:16:12.450+0000][71][info ][safepoint   ] Safepoint "Cleanup", Time since last: 1615237687 ns, Reaching safepoint: 19540 ns, Cleanup: 16287 ns, At safepoint: 8427 ns, Total: 44254 ns
[2025-05-08T10:16:13.451+0000][71][info ][safepoint   ] Safepoint "Cleanup", Time since last: 1000618246 ns, Reaching safepoint: 21491 ns, Cleanup: 13351 ns, At safepoint: 10046 ns, Total: 44888 ns
[2025-05-08T10:16:42.260+0000][71][info ][safepoint   ] Safepoint "Cleanup", Time since last: 28811211217 ns, Reaching safepoint: 28171 ns, Cleanup: 11172 ns, At safepoint: 9698 ns, Total: 49041 ns
[2025-05-08T10:16:44.261+0000][71][info ][safepoint   ] Safepoint "Cleanup", Time since last: 2001067782 ns, Reaching safepoint: 32510 ns, Cleanup: 15631 ns, At safepoint: 17909 ns, Total: 66050 ns
[2025-05-08T10:16:58.265+0000][71][info ][safepoint   ] Safepoint "Cleanup", Time since last: 14003307711 ns, Reaching safepoint: 72267 ns, Cleanup: 20847 ns, At safepoint: 17725 ns, Total: 110839 ns
[2025-05-08T10:16:59.266+0000][71][info ][safepoint   ] Safepoint "Cleanup", Time since last: 1000888932 ns, Reaching safepoint: 31059 ns, Cleanup: 15756 ns, At safepoint: 17822 ns, Total: 64637 ns
[2025-05-08T10:17:01.265+0000][71][info ][safepoint   ] Safepoint "Cleanup", Time since last: 2001024475 ns, Reaching safepoint: 31572 ns, Cleanup: 16043 ns, At safepoint: 17906 ns, Total: 65521 ns
[2025-05-08T10:17:08.267+0000][71][info ][safepoint   ] Safepoint "Cleanup", Time since last: 7002103750 ns, Reaching safepoint: 93412 ns, Cleanup: 15496 ns, At safepoint: 19022 ns, Total: 127930 ns
[2025-05-08T10:17:13.828+0000][71][info ][safepoint   ] Safepoint "Cleanup", Time since last: 5561133819 ns, Reaching safepoint: 21460 ns, Cleanup: 22236 ns, At safepoint: 17265 ns, Total: 60961 ns
[2025-05-08T10:17:15.502+0000][71][info ][safepoint   ] Safepoint "Cleanup", Time since last: 1673454080 ns, Reaching safepoint: 18693 ns, Cleanup: 13115 ns, At safepoint: 9643 ns, Total: 41451 ns
[2025-05-08T10:17:17.503+0000][71][info ][safepoint   ] Safepoint "Cleanup", Time since last: 2000835008 ns, Reaching safepoint: 31247 ns, Cleanup: 15427 ns, At safepoint: 17964 ns, Total: 64638 ns
[2025-05-08T10:17:23.504+0000][71][info ][safepoint   ] Safepoint "Cleanup", Time since last: 6001581360 ns, Reaching safepoint: 19133 ns, Cleanup: 12883 ns, At safepoint: 10744 ns, Total: 42760 ns
[2025-05-08T10:18:16.302+0000][71][info ][safepoint   ] Safepoint "Cleanup", Time since last: 52801651070 ns, Reaching safepoint: 30679 ns, Cleanup: 15365 ns, At safepoint: 18026 ns, Total: 64070 ns
[2025-05-08T10:18:17.526+0000][71][info ][safepoint   ] Safepoint "Cleanup", Time since last: 1223065329 ns, Reaching safepoint: 87269 ns, Cleanup: 11887 ns, At safepoint: 36413 ns, Total: 135569 ns
[2025-05-08T10:18:20.563+0000][71][info ][safepoint   ] Safepoint "Cleanup", Time since last: 3037308071 ns, Reaching safepoint: 71226 ns, Cleanup: 20094 ns, At safepoint: 32121 ns, Total: 123441 ns
[2025-05-08T10:18:43.335+0000][71][info ][safepoint   ] Safepoint "Cleanup", Time since last: 22773827555 ns, Reaching safepoint: 124009 ns, Cleanup: 18895 ns, At safepoint: 20392 ns, Total: 163296 ns
[2025-05-08T10:18:53.589+0000][71][info ][safepoint   ] Safepoint "Cleanup", Time since last: 10253567212 ns, Reaching safepoint: 142446 ns, Cleanup: 12265 ns, At safepoint: 11011 ns, Total: 165722 ns
[2025-05-08T10:19:01.651+0000][71][info ][safepoint   ] Safepoint "Cleanup", Time since last: 8064235346 ns, Reaching safepoint: 32342 ns, Cleanup: 15892 ns, At safepoint: 17958 ns, Total: 66192 ns
[2025-05-08T10:19:20.663+0000][71][info ][safepoint   ] Safepoint "Cleanup", Time since last: 19011610658 ns, Reaching safepoint: 14464 ns, Cleanup: 19128 ns, At safepoint: 81788 ns, Total: 115380 ns
[2025-05-08T10:19:21.687+0000][71][info ][safepoint   ] Safepoint "Cleanup", Time since last: 1023714486 ns, Reaching safepoint: 55658 ns, Cleanup: 25404 ns, At safepoint: 16881 ns, Total: 97943 ns
[2025-05-08T10:19:36.369+0000][71][info ][safepoint   ] Safepoint "Cleanup", Time since last: 14684891333 ns, Reaching safepoint: 20182 ns, Cleanup: 13742 ns, At safepoint: 9340 ns, Total: 43264 ns
[2025-05-08T10:20:22.835+0000][71][info ][safepoint   ] Safepoint "Cleanup", Time since last: 46466938365 ns, Reaching safepoint: 7278 ns, Cleanup: 9253 ns, At safepoint: 12405 ns, Total: 28936 ns
[2025-05-08T10:20:24.727+0000][71][info ][safepoint   ] Safepoint "Cleanup", Time since last: 1892590808 ns, Reaching safepoint: 39151 ns, Cleanup: 21775 ns, At safepoint: 21006 ns, Total: 81932 ns
[2025-05-08T10:20:51.409+0000][71][info ][safepoint   ] Safepoint "Cleanup", Time since last: 26682914875 ns, Reaching safepoint: 43885 ns, Cleanup: 13099 ns, At safepoint: 8885 ns, Total: 65869 ns
[2025-05-08T10:21:06.410+0000][71][info ][safepoint   ] Safepoint "Cleanup", Time since last: 15003521316 ns, Reaching safepoint: 67941 ns, Cleanup: 17341 ns, At safepoint: 17172 ns, Total: 102454 ns
[2025-05-08T10:21:42.777+0000][71][info ][safepoint   ] Safepoint "Cleanup", Time since last: 36368812043 ns, Reaching safepoint: 35742 ns, Cleanup: 18833 ns, At safepoint: 20316 ns, Total: 74891 ns
[2025-05-08T10:21:44.778+0000][71][info ][safepoint   ] Safepoint "Cleanup", Time since last: 2000782224 ns, Reaching safepoint: 30978 ns, Cleanup: 17469 ns, At safepoint: 17068 ns, Total: 65515 ns
[2025-05-08T10:21:45.779+0000][71][info ][safepoint   ] Safepoint "Cleanup", Time since last: 1000611214 ns, Reaching safepoint: 36558 ns, Cleanup: 18151 ns, At safepoint: 20921 ns, Total: 75630 ns
[2025-05-08T10:21:57.782+0000][71][info ][safepoint   ] Safepoint "Cleanup", Time since last: 12002827610 ns, Reaching safepoint: 52266 ns, Cleanup: 12643 ns, At safepoint: 10031 ns, Total: 74940 ns
[2025-05-08T10:23:13.821+0000][71][info ][safepoint   ] Safepoint "Cleanup", Time since last: 76045428329 ns, Reaching safepoint: 71226 ns, Cleanup: 16467 ns, At safepoint: 17247 ns, Total: 104940 ns
[2025-05-08T10:23:31.856+0000][71][info ][safepoint   ] Safepoint "Cleanup", Time since last: 18036410546 ns, Reaching safepoint: 15293 ns, Cleanup: 13198 ns, At safepoint: 69031 ns, Total: 97522 ns
[2025-05-08T10:23:35.858+0000][71][info ][safepoint   ] Safepoint "Cleanup", Time since last: 4001613979 ns, Reaching safepoint: 31122 ns, Cleanup: 17712 ns, At safepoint: 17616 ns, Total: 66450 ns
[2025-05-08T10:23:42.860+0000][71][info ][safepoint   ] Safepoint "Cleanup", Time since last: 7001733940 ns, Reaching safepoint: 65426 ns, Cleanup: 16019 ns, At safepoint: 31588 ns, Total: 113033 ns
[2025-05-08T10:23:55.825+0000][71][info ][safepoint   ] Safepoint "Cleanup", Time since last: 12965001107 ns, Reaching safepoint: 6355 ns, Cleanup: 6364 ns, At safepoint: 4848 ns, Total: 17567 ns
[2025-05-08T10:23:56.843+0000][71][info ][safepoint   ] Safepoint "Cleanup", Time since last: 1018073132 ns, Reaching safepoint: 29705 ns, Cleanup: 25628 ns, At safepoint: 17343 ns, Total: 72676 ns
[2025-05-08T10:23:57.878+0000][71][info ][safepoint   ] Safepoint "Cleanup", Time since last: 1035537640 ns, Reaching safepoint: 69718 ns, Cleanup: 16300 ns, At safepoint: 34006 ns, Total: 120024 ns
[2025-05-08T10:24:20.852+0000][71][info ][safepoint   ] Safepoint "Cleanup", Time since last: 22975384138 ns, Reaching safepoint: 15973 ns, Cleanup: 19624 ns, At safepoint: 81872 ns, Total: 117469 ns
[2025-05-08T10:24:26.565+0000][71][info ][safepoint   ] Safepoint "Cleanup", Time since last: 5713510421 ns, Reaching safepoint: 34263 ns, Cleanup: 51243 ns, At safepoint: 23170 ns, Total: 108676 ns
[2025-05-08T10:24:35.898+0000][71][info ][safepoint   ] Safepoint "Cleanup", Time since last: 9334179433 ns, Reaching safepoint: 13795 ns, Cleanup: 10223 ns, At safepoint: 17772 ns, Total: 41790 ns
[2025-05-08T10:24:36.926+0000][71][info ][safepoint   ] Safepoint "Cleanup", Time since last: 1028185593 ns, Reaching safepoint: 29345 ns, Cleanup: 24310 ns, At safepoint: 76420 ns, Total: 130075 ns
[2025-05-08T10:24:37.930+0000][71][info ][safepoint   ] Safepoint "Cleanup", Time since last: 1004211247 ns, Reaching safepoint: 26741 ns, Cleanup: 15209 ns, At safepoint: 10658 ns, Total: 52608 ns
[2025-05-08T10:24:42.932+0000][71][info ][safepoint   ] Safepoint "Cleanup", Time since last: 5001399749 ns, Reaching safepoint: 33346 ns, Cleanup: 16406 ns, At safepoint: 19369 ns, Total: 69121 ns
[2025-05-08T10:24:57.935+0000][71][info ][safepoint   ] Safepoint "Cleanup", Time since last: 15003006311 ns, Reaching safepoint: 87118 ns, Cleanup: 12612 ns, At safepoint: 8020 ns, Total: 107750 ns
[2025-05-08T10:25:10.936+0000][71][info ][safepoint   ] Safepoint "Cleanup", Time since last: 13002801960 ns, Reaching safepoint: 75037 ns, Cleanup: 17049 ns, At safepoint: 18150 ns, Total: 110236 ns
[2025-05-08T10:25:16.824+0000][71][info ][safepoint   ] Safepoint "Cleanup", Time since last: 5887584484 ns, Reaching safepoint: 13861 ns, Cleanup: 8392 ns, At safepoint: 13960 ns, Total: 36213 ns
[2025-05-08T10:25:17.960+0000][71][info ][safepoint   ] Safepoint "Cleanup", Time since last: 1136262087 ns, Reaching safepoint: 29692 ns, Cleanup: 21735 ns, At safepoint: 17156 ns, Total: 68583 ns
[2025-05-08T10:25:27.045+0000][71][info ][safepoint   ] Safepoint "Cleanup", Time since last: 9084591288 ns, Reaching safepoint: 28739 ns, Cleanup: 18734 ns, At safepoint: 72406 ns, Total: 119879 ns
[2025-05-08T10:25:28.393+0000][71][info ][safepoint   ] Safepoint "Cleanup", Time since last: 1348217046 ns, Reaching safepoint: 27436 ns, Cleanup: 19051 ns, At safepoint: 12987 ns, Total: 59474 ns
[2025-05-08T10:25:29.394+0000][71][info ][safepoint   ] Safepoint "Cleanup", Time since last: 1000754675 ns, Reaching safepoint: 31974 ns, Cleanup: 15862 ns, At safepoint: 18030 ns, Total: 65866 ns
[2025-05-08T10:25:31.393+0000][71][info ][safepoint   ] Safepoint "Cleanup", Time since last: 2000922756 ns, Reaching safepoint: 69454 ns, Cleanup: 16617 ns, At safepoint: 33083 ns, Total: 119154 ns
[2025-05-08T10:25:37.823+0000][71][info ][safepoint   ] Safepoint "Cleanup", Time since last: 6429378292 ns, Reaching safepoint: 29014 ns, Cleanup: 16275 ns, At safepoint: 69469 ns, Total: 114758 ns
[2025-05-08T10:25:39.001+0000][71][info ][safepoint   ] Safepoint "Cleanup", Time since last: 1178886093 ns, Reaching safepoint: 19597 ns, Cleanup: 12773 ns, At safepoint: 9847 ns, Total: 42217 ns
[2025-05-08T10:25:41.024+0000][71][info ][safepoint   ] Safepoint "Cleanup", Time since last: 2022515160 ns, Reaching safepoint: 118476 ns, Cleanup: 19660 ns, At safepoint: 20368 ns, Total: 158504 ns
[2025-05-08T10:26:39.205+0000][71][info ][safepoint   ] Safepoint "Cleanup", Time since last: 58184297309 ns, Reaching safepoint: 19744 ns, Cleanup: 12380 ns, At safepoint: 18498 ns, Total: 50622 ns
[2025-05-08T10:26:40.283+0000][71][info ][safepoint   ] Safepoint "Cleanup", Time since last: 1078149740 ns, Reaching safepoint: 96394 ns, Cleanup: 21915 ns, At safepoint: 12586 ns, Total: 130895 ns
[2025-05-08T10:26:42.013+0000][71][info ][safepoint   ] Safepoint "Cleanup", Time since last: 1729712159 ns, Reaching safepoint: 41215 ns, Cleanup: 26836 ns, At safepoint: 23887 ns, Total: 91938 ns
[2025-05-08T10:26:45.903+0000][71][info ][safepoint   ] Safepoint "Cleanup", Time since last: 3890230366 ns, Reaching safepoint: 21074 ns, Cleanup: 13549 ns, At safepoint: 18397 ns, Total: 53020 ns
[2025-05-08T10:27:31.789+0000][71][info ][safepoint   ] Safepoint "Cleanup", Time since last: 45889993462 ns, Reaching safepoint: 142445 ns, Cleanup: 24574 ns, At safepoint: 93487 ns, Total: 260506 ns
[2025-05-08T10:27:37.857+0000][71][info ][safepoint   ] Safepoint "Cleanup", Time since last: 6067565355 ns, Reaching safepoint: 152817 ns, Cleanup: 12390 ns, At safepoint: 41901 ns, Total: 207108 ns
[2025-05-08T10:27:39.838+0000][71][info ][safepoint   ] Safepoint "Cleanup", Time since last: 1981194701 ns, Reaching safepoint: 17101 ns, Cleanup: 11604 ns, At safepoint: 9071 ns, Total: 37776 ns
[2025-05-08T10:27:43.816+0000][71][info ][safepoint   ] Safepoint "Cleanup", Time since last: 3978170598 ns, Reaching safepoint: 6623 ns, Cleanup: 8921 ns, At safepoint: 12706 ns, Total: 28250 ns
[2025-05-08T10:27:45.148+0000][71][info ][safepoint   ] Safepoint "Cleanup", Time since last: 1331504812 ns, Reaching safepoint: 65106 ns, Cleanup: 29771 ns, At safepoint: 19300 ns, Total: 114177 ns
[2025-05-08T10:27:56.150+0000][71][info ][safepoint   ] Safepoint "Cleanup", Time since last: 11002058174 ns, Reaching safepoint: 47708 ns, Cleanup: 16362 ns, At safepoint: 8941 ns, Total: 73011 ns
[2025-05-08T10:28:06.151+0000][71][info ][safepoint   ] Safepoint "Cleanup", Time since last: 10002391569 ns, Reaching safepoint: 77580 ns, Cleanup: 16111 ns, At safepoint: 38177 ns, Total: 131868 ns
[2025-05-08T10:28:46.456+0000][71][info ][safepoint   ] Safepoint "Cleanup", Time since last: 40306957820 ns, Reaching safepoint: 33691 ns, Cleanup: 16354 ns, At safepoint: 19471 ns, Total: 69516 ns
[2025-05-08T10:28:55.201+0000][71][info ][safepoint   ] Safepoint "Cleanup", Time since last: 8744875588 ns, Reaching safepoint: 60342 ns, Cleanup: 18531 ns, At safepoint: 11633 ns, Total: 90506 ns
[2025-05-08T10:28:56.201+0000][71][info ][safepoint   ] Safepoint "Cleanup", Time since last: 1000603777 ns, Reaching safepoint: 20806 ns, Cleanup: 15604 ns, At safepoint: 10293 ns, Total: 46703 ns
[2025-05-08T10:28:58.203+0000][71][info ][safepoint   ] Safepoint "Cleanup", Time since last: 2001226064 ns, Reaching safepoint: 33851 ns, Cleanup: 20123 ns, At safepoint: 18043 ns, Total: 72017 ns
[2025-05-08T10:28:59.211+0000][71][info ][safepoint   ] Safepoint "Cleanup", Time since last: 1008423547 ns, Reaching safepoint: 30307 ns, Cleanup: 16300 ns, At safepoint: 83591 ns, Total: 130198 ns
[2025-05-08T10:29:00.231+0000][71][info ][safepoint   ] Safepoint "Cleanup", Time since last: 1020152975 ns, Reaching safepoint: 25247 ns, Cleanup: 14478 ns, At safepoint: 10974 ns, Total: 50699 ns
[2025-05-08T10:29:01.275+0000][71][info ][safepoint   ] Safepoint "Cleanup", Time since last: 1045346789 ns, Reaching safepoint: 36428 ns, Cleanup: 18780 ns, At safepoint: 19848 ns, Total: 75056 ns
[2025-05-08T10:29:14.278+0000][71][info ][safepoint   ] Safepoint "Cleanup", Time since last: 13003067716 ns, Reaching safepoint: 68737 ns, Cleanup: 18079 ns, At safepoint: 17435 ns, Total: 104251 ns
[2025-05-08T10:29:47.336+0000][71][info ][safepoint   ] Safepoint "Cleanup", Time since last: 33059458154 ns, Reaching safepoint: 88703 ns, Cleanup: 9257 ns, At safepoint: 44078 ns, Total: 142038 ns
[2025-05-08T10:29:48.343+0000][71][info ][safepoint   ] Safepoint "Cleanup", Time since last: 1007376677 ns, Reaching safepoint: 14750 ns, Cleanup: 18851 ns, At safepoint: 80787 ns, Total: 114388 ns
[2025-05-08T10:30:35.898+0000][71][info ][safepoint   ] Safepoint "Cleanup", Time since last: 47558142563 ns, Reaching safepoint: 29591 ns, Cleanup: 15587 ns, At safepoint: 16675 ns, Total: 61853 ns
[2025-05-08T10:30:39.466+0000][71][info ][safepoint   ] Safepoint "Cleanup", Time since last: 3568713485 ns, Reaching safepoint: 31110 ns, Cleanup: 18497 ns, At safepoint: 18267 ns, Total: 67874 ns
[2025-05-08T10:30:48.174+0000][71][info ][safepoint   ] Safepoint "Cleanup", Time since last: 8707865843 ns, Reaching safepoint: 19755 ns, Cleanup: 13145 ns, At safepoint: 10201 ns, Total: 43101 ns
[2025-05-08T10:30:49.935+0000][71][info ][safepoint   ] Safepoint "Cleanup", Time since last: 1760615842 ns, Reaching safepoint: 19309 ns, Cleanup: 15540 ns, At safepoint: 76289 ns, Total: 111138 ns
[2025-05-08T10:30:58.399+0000][71][info ][safepoint   ] Safepoint "Cleanup", Time since last: 8464303293 ns, Reaching safepoint: 33449 ns, Cleanup: 16947 ns, At safepoint: 18862 ns, Total: 69258 ns
[2025-05-08T10:31:00.626+0000][71][info ][safepoint   ] Safepoint "Cleanup", Time since last: 2228361392 ns, Reaching safepoint: 28151 ns, Cleanup: 15406 ns, At safepoint: 76089 ns, Total: 119646 ns
[2025-05-08T10:31:01.663+0000][71][info ][safepoint   ] Safepoint "Cleanup", Time since last: 1036528471 ns, Reaching safepoint: 34265 ns, Cleanup: 22774 ns, At safepoint: 18759 ns, Total: 75798 ns
[2025-05-08T10:31:08.195+0000][71][info ][safepoint   ] Safepoint "Cleanup", Time since last: 6532007864 ns, Reaching safepoint: 95495 ns, Cleanup: 17801 ns, At safepoint: 10986 ns, Total: 124282 ns
[2025-05-08T10:31:11.196+0000][71][info ][safepoint   ] Safepoint "Cleanup", Time since last: 3000947237 ns, Reaching safepoint: 31392 ns, Cleanup: 17130 ns, At safepoint: 16233 ns, Total: 64755 ns
[2025-05-08T10:31:41.992+0000][71][info ][safepoint   ] Safepoint "Cleanup", Time since last: 30798452855 ns, Reaching safepoint: 33200 ns, Cleanup: 16930 ns, At safepoint: 18916 ns, Total: 69046 ns
[2025-05-08T10:31:43.993+0000][71][info ][safepoint   ] Safepoint "Cleanup", Time since last: 2000780920 ns, Reaching safepoint: 31908 ns, Cleanup: 98759 ns, At safepoint: 22687 ns, Total: 153354 ns
[2025-05-08T10:31:53.450+0000][71][info ][safepoint   ] Safepoint "Cleanup", Time since last: 9456417650 ns, Reaching safepoint: 26681 ns, Cleanup: 20962 ns, At safepoint: 65638 ns, Total: 113281 ns
[2025-05-08T10:32:56.478+0000][71][info ][safepoint   ] Safepoint "Cleanup", Time since last: 63030940504 ns, Reaching safepoint: 22722 ns, Cleanup: 17174 ns, At safepoint: 82851 ns, Total: 122747 ns
[2025-05-08T10:33:01.502+0000][71][info ][safepoint   ] Safepoint "Cleanup", Time since last: 5027215672 ns, Reaching safepoint: 30562 ns, Cleanup: 18306 ns, At safepoint: 18011 ns, Total: 66879 ns
[2025-05-08T10:33:28.008+0000][71][info ][safepoint   ] Safepoint "Cleanup", Time since last: 26506227202 ns, Reaching safepoint: 30375 ns, Cleanup: 15818 ns, At safepoint: 17441 ns, Total: 63634 ns
[2025-05-08T10:33:58.013+0000][71][info ][safepoint   ] Safepoint "Cleanup", Time since last: 30005769103 ns, Reaching safepoint: 73787 ns, Cleanup: 19987 ns, At safepoint: 18360 ns, Total: 112134 ns
[2025-05-08T10:34:02.559+0000][71][info ][safepoint   ] Safepoint "Cleanup", Time since last: 4547983798 ns, Reaching safepoint: 21776 ns, Cleanup: 14047 ns, At safepoint: 69426 ns, Total: 105249 ns
[2025-05-08T10:34:26.046+0000][71][info ][safepoint   ] Safepoint "Cleanup", Time since last: 23486784410 ns, Reaching safepoint: 16545 ns, Cleanup: 15187 ns, At safepoint: 12762 ns, Total: 44494 ns
[2025-05-08T10:34:36.046+0000][71][info ][safepoint   ] Safepoint "Cleanup", Time since last: 10002685964 ns, Reaching safepoint: 41016 ns, Cleanup: 15814 ns, At safepoint: 8518 ns, Total: 65348 ns
[2025-05-08T10:35:01.048+0000][71][info ][safepoint   ] Safepoint "Cleanup", Time since last: 25005654338 ns, Reaching safepoint: 193746 ns, Cleanup: 20399 ns, At safepoint: 35493 ns, Total: 249638 ns
[2025-05-08T10:35:02.653+0000][71][info ][safepoint   ] Safepoint "Cleanup", Time since last: 1603993661 ns, Reaching safepoint: 554164 ns, Cleanup: 14780 ns, At safepoint: 239296 ns, Total: 808240 ns
[2025-05-08T10:35:03.660+0000][71][info ][safepoint   ] Safepoint "Cleanup", Time since last: 1007109490 ns, Reaching safepoint: 13965 ns, Cleanup: 21524 ns, At safepoint: 76694 ns, Total: 112183 ns
[2025-05-08T10:35:05.666+0000][71][info ][safepoint   ] Safepoint "Cleanup", Time since last: 2005531091 ns, Reaching safepoint: 30736 ns, Cleanup: 16683 ns, At safepoint: 16741 ns, Total: 64160 ns
[2025-05-08T10:35:58.090+0000][71][info ][safepoint   ] Safepoint "Cleanup", Time since last: 52423929458 ns, Reaching safepoint: 73290 ns, Cleanup: 16767 ns, At safepoint: 19759 ns, Total: 109816 ns
[2025-05-08T10:36:42.462+0000][71][info ][safepoint   ] Safepoint "Cleanup", Time since last: 44375625246 ns, Reaching safepoint: 20895 ns, Cleanup: 14600 ns, At safepoint: 9034 ns, Total: 44529 ns
[2025-05-08T10:37:14.766+0000][71][info ][safepoint   ] Safepoint "Cleanup", Time since last: 32305664367 ns, Reaching safepoint: 31634 ns, Cleanup: 15217 ns, At safepoint: 16736 ns, Total: 63587 ns
[2025-05-08T10:37:25.769+0000][71][info ][safepoint   ] Safepoint "Cleanup", Time since last: 11002540409 ns, Reaching safepoint: 32944 ns, Cleanup: 17473 ns, At safepoint: 18427 ns, Total: 68844 ns
[2025-05-08T10:37:43.109+0000][71][info ][gc,start    ] GC(18) Pause Young (Mixed) (G1 Evacuation Pause)
[2025-05-08T10:37:43.114+0000][71][info ][gc,task     ] GC(18) Using 10 workers of 10 for evacuation
[2025-05-08T10:37:43.115+0000][71][debug][gc,age      ] GC(18) Desired survivor size 153092096 bytes, new threshold 15 (max threshold 15)
[2025-05-08T10:37:43.190+0000][71][info ][gc,phases   ] GC(18)   Pre Evacuate Collection Set: 4.21ms
[2025-05-08T10:37:43.191+0000][71][info ][gc,phases   ] GC(18)   Merge Heap Roots: 4.85ms
[2025-05-08T10:37:43.191+0000][71][info ][gc,phases   ] GC(18)   Evacuate Collection Set: 57.97ms
[2025-05-08T10:37:43.192+0000][71][info ][gc,phases   ] GC(18)   Post Evacuate Collection Set: 7.37ms
[2025-05-08T10:37:43.193+0000][71][info ][gc,phases   ] GC(18)   Other: 3.51ms
[2025-05-08T10:37:43.194+0000][71][trace][gc,age      ] GC(18) Age table with threshold 15 (max threshold 15)
[2025-05-08T10:37:43.194+0000][71][trace][gc,age      ] GC(18) - age   1:    4635968 bytes,    4635968 total
[2025-05-08T10:37:43.194+0000][71][trace][gc,age      ] GC(18) - age   2:     388624 bytes,    5024592 total
[2025-05-08T10:37:43.195+0000][71][trace][gc,age      ] GC(18) - age   3:    1317160 bytes,    6341752 total
[2025-05-08T10:37:43.195+0000][71][trace][gc,age      ] GC(18) - age   4:      35080 bytes,    6376832 total
[2025-05-08T10:37:43.196+0000][71][trace][gc,age      ] GC(18) - age   5:    1719832 bytes,    8096664 total
[2025-05-08T10:37:43.197+0000][71][info ][gc,heap     ] GC(18) Eden regions: 580->0(579)
[2025-05-08T10:37:43.197+0000][71][info ][gc,heap     ] GC(18) Survivor regions: 2->3(73)
[2025-05-08T10:37:43.198+0000][71][info ][gc,heap     ] GC(18) Old regions: 27->27
[2025-05-08T10:37:43.198+0000][71][info ][gc,heap     ] GC(18) Humongous regions: 0->0
[2025-05-08T10:37:43.199+0000][71][info ][gc,metaspace] GC(18) Metaspace: 146884K(150784K)->146884K(150784K) NonClass: 127067K(129088K)->127067K(129088K) Class: 19816K(21696K)->19816K(21696K)
[2025-05-08T10:37:43.200+0000][71][info ][gc          ] GC(18) Pause Young (Mixed) (G1 Evacuation Pause) 2434M->117M(3880M) 90.698ms
[2025-05-08T10:37:43.200+0000][71][info ][gc,cpu      ] GC(18) User=0.50s Sys=0.04s Real=0.09s
[2025-05-08T10:37:43.200+0000][71][info ][safepoint   ] Safepoint "G1CollectForAllocation", Time since last: 17342042585 ns, Reaching safepoint: 24924 ns, Cleanup: 3920 ns, At safepoint: 91868922 ns, Total: 91897766 ns
[2025-05-08T10:37:53.203+0000][71][info ][safepoint   ] Safepoint "Cleanup", Time since last: 10002341448 ns, Reaching safepoint: 72835 ns, Cleanup: 16450 ns, At safepoint: 17350 ns, Total: 106635 ns
[2025-05-08T10:38:01.177+0000][71][info ][safepoint   ] Safepoint "Cleanup", Time since last: 7975948078 ns, Reaching safepoint: 19768 ns, Cleanup: 16116 ns, At safepoint: 23689 ns, Total: 59573 ns
[2025-05-08T10:38:02.196+0000][71][info ][safepoint   ] Safepoint "Cleanup", Time since last: 1018889975 ns, Reaching safepoint: 33352 ns, Cleanup: 19192 ns, At safepoint: 17254 ns, Total: 69798 ns
[2025-05-08T10:38:06.197+0000][71][info ][safepoint   ] Safepoint "Cleanup", Time since last: 4001278808 ns, Reaching safepoint: 74392 ns, Cleanup: 16368 ns, At safepoint: 13036 ns, Total: 103796 ns
[2025-05-08T10:38:10.940+0000][71][info ][safepoint   ] Safepoint "Cleanup", Time since last: 4742810168 ns, Reaching safepoint: 23792 ns, Cleanup: 19307 ns, At safepoint: 78671 ns, Total: 121770 ns
[2025-05-08T10:38:12.811+0000][71][info ][safepoint   ] Safepoint "Cleanup", Time since last: 1871041631 ns, Reaching safepoint: 28136 ns, Cleanup: 20100 ns, At safepoint: 14423 ns, Total: 62659 ns
[2025-05-08T10:38:15.812+0000][71][info ][safepoint   ] Safepoint "Cleanup", Time since last: 3000918333 ns, Reaching safepoint: 29270 ns, Cleanup: 19295 ns, At safepoint: 10539 ns, Total: 59104 ns
[2025-05-08T10:38:17.813+0000][71][info ][safepoint   ] Safepoint "Cleanup", Time since last: 2000766030 ns, Reaching safepoint: 48698 ns, Cleanup: 13364 ns, At safepoint: 11112 ns, Total: 73174 ns
[2025-05-08T10:38:31.193+0000][71][info ][safepoint   ] Safepoint "Cleanup", Time since last: 13382303034 ns, Reaching safepoint: 50510 ns, Cleanup: 20782 ns, At safepoint: 19210 ns, Total: 90502 ns
[2025-05-08T10:38:43.195+0000][71][info ][safepoint   ] Safepoint "Cleanup", Time since last: 12002508386 ns, Reaching safepoint: 75006 ns, Cleanup: 14182 ns, At safepoint: 9794 ns, Total: 98982 ns
[2025-05-08T10:38:51.197+0000][71][info ][safepoint   ] Safepoint "Cleanup", Time since last: 8001940688 ns, Reaching safepoint: 64405 ns, Cleanup: 19302 ns, At safepoint: 16880 ns, Total: 100587 ns
[2025-05-08T10:38:56.199+0000][71][info ][safepoint   ] Safepoint "Cleanup", Time since last: 5001377710 ns, Reaching safepoint: 18666 ns, Cleanup: 14438 ns, At safepoint: 7974 ns, Total: 41078 ns
[2025-05-08T10:38:58.200+0000][71][info ][safepoint   ] Safepoint "Cleanup", Time since last: 2000906429 ns, Reaching safepoint: 39428 ns, Cleanup: 29685 ns, At safepoint: 21274 ns, Total: 90387 ns
[2025-05-08T10:39:06.337+0000][71][info ][safepoint   ] Safepoint "Cleanup", Time since last: 8138275910 ns, Reaching safepoint: 87732 ns, Cleanup: 13574 ns, At safepoint: 17067 ns, Total: 118373 ns
[2025-05-08T10:39:13.958+0000][71][info ][safepoint   ] Safepoint "Cleanup", Time since last: 7621242739 ns, Reaching safepoint: 15430 ns, Cleanup: 12157 ns, At safepoint: 5534 ns, Total: 33121 ns
[2025-05-08T10:39:14.965+0000][71][info ][safepoint   ] Safepoint "Cleanup", Time since last: 1006420010 ns, Reaching safepoint: 19382 ns, Cleanup: 24873 ns, At safepoint: 104426 ns, Total: 148681 ns
[2025-05-08T10:39:20.875+0000][71][info ][safepoint   ] Safepoint "Cleanup", Time since last: 5910169145 ns, Reaching safepoint: 30545 ns, Cleanup: 13368 ns, At safepoint: 68780 ns, Total: 112693 ns
[2025-05-08T10:39:25.715+0000][71][info ][safepoint   ] Safepoint "Cleanup", Time since last: 4840024801 ns, Reaching safepoint: 182815 ns, Cleanup: 15434 ns, At safepoint: 81772 ns, Total: 280021 ns
[2025-05-08T10:39:29.230+0000][71][info ][safepoint   ] Safepoint "Cleanup", Time since last: 3515303831 ns, Reaching safepoint: 20120 ns, Cleanup: 12867 ns, At safepoint: 9072 ns, Total: 42059 ns
[2025-05-08T10:39:36.231+0000][71][info ][safepoint   ] Safepoint "Cleanup", Time since last: 7001597637 ns, Reaching safepoint: 44672 ns, Cleanup: 14377 ns, At safepoint: 9925 ns, Total: 68974 ns
[2025-05-08T10:39:58.235+0000][71][info ][safepoint   ] Safepoint "Cleanup", Time since last: 22004034761 ns, Reaching safepoint: 33216 ns, Cleanup: 17183 ns, At safepoint: 17693 ns, Total: 68092 ns
[2025-05-08T10:40:06.235+0000][71][info ][safepoint   ] Safepoint "Cleanup", Time since last: 8001870403 ns, Reaching safepoint: 43234 ns, Cleanup: 16312 ns, At safepoint: 8113 ns, Total: 67659 ns
[2025-05-08T10:40:08.236+0000][71][info ][safepoint   ] Safepoint "Cleanup", Time since last: 2001069905 ns, Reaching safepoint: 31626 ns, Cleanup: 16848 ns, At safepoint: 17808 ns, Total: 66282 ns
[2025-05-08T10:40:16.937+0000][71][info ][safepoint   ] Safepoint "Cleanup", Time since last: 8701033539 ns, Reaching safepoint: 6034 ns, Cleanup: 12189 ns, At safepoint: 12121 ns, Total: 30344 ns
[2025-05-08T10:40:17.945+0000][71][info ][safepoint   ] Safepoint "Cleanup", Time since last: 1008240130 ns, Reaching safepoint: 35787 ns, Cleanup: 28957 ns, At safepoint: 19845 ns, Total: 84589 ns
[2025-05-08T10:40:58.501+0000][71][info ][safepoint   ] Safepoint "Cleanup", Time since last: 40557582421 ns, Reaching safepoint: 33013 ns, Cleanup: 18290 ns, At safepoint: 17186 ns, Total: 68489 ns
[2025-05-08T10:41:19.931+0000][71][info ][safepoint   ] Safepoint "Cleanup", Time since last: 21432439440 ns, Reaching safepoint: 6051 ns, Cleanup: 10110 ns, At safepoint: 12242 ns, Total: 28403 ns
[2025-05-08T10:41:20.957+0000][71][info ][safepoint   ] Safepoint "Cleanup", Time since last: 1025504989 ns, Reaching safepoint: 34114 ns, Cleanup: 17509 ns, At safepoint: 18872 ns, Total: 70495 ns
[2025-05-08T10:41:22.031+0000][71][info ][safepoint   ] Safepoint "Cleanup", Time since last: 1074446032 ns, Reaching safepoint: 7842 ns, Cleanup: 21952 ns, At safepoint: 12530 ns, Total: 42324 ns
[2025-05-08T10:41:58.308+0000][71][info ][safepoint   ] Safepoint "Cleanup", Time since last: 36278237179 ns, Reaching safepoint: 45531 ns, Cleanup: 13299 ns, At safepoint: 8825 ns, Total: 67655 ns
[2025-05-08T10:42:01.540+0000][71][info ][safepoint   ] Safepoint "Cleanup", Time since last: 3233876452 ns, Reaching safepoint: 6396 ns, Cleanup: 10598 ns, At safepoint: 13312 ns, Total: 30306 ns
[2025-05-08T10:42:14.567+0000][71][info ][safepoint   ] Safepoint "Cleanup", Time since last: 13026721297 ns, Reaching safepoint: 72397 ns, Cleanup: 18341 ns, At safepoint: 35595 ns, Total: 126333 ns
[2025-05-08T10:43:02.689+0000][71][info ][safepoint   ] Safepoint "Cleanup", Time since last: 48125505613 ns, Reaching safepoint: 12459 ns, Cleanup: 9022 ns, At safepoint: 15127 ns, Total: 36608 ns
[2025-05-08T10:43:57.380+0000][71][info ][safepoint   ] Safepoint "Cleanup", Time since last: 54694004486 ns, Reaching safepoint: 65964 ns, Cleanup: 15505 ns, At safepoint: 16576 ns, Total: 98045 ns
[2025-05-08T10:44:07.920+0000][71][info ][safepoint   ] Safepoint "Cleanup", Time since last: 10541652851 ns, Reaching safepoint: 6681 ns, Cleanup: 8556 ns, At safepoint: 13359 ns, Total: 28596 ns
[2025-05-08T10:44:09.211+0000][71][info ][safepoint   ] Safepoint "Cleanup", Time since last: 1291045945 ns, Reaching safepoint: 15573 ns, Cleanup: 13248 ns, At safepoint: 5878 ns, Total: 34699 ns
[2025-05-08T10:44:25.947+0000][71][info ][safepoint   ] Safepoint "Cleanup", Time since last: 16736057351 ns, Reaching safepoint: 104332 ns, Cleanup: 13551 ns, At safepoint: 44887 ns, Total: 162770 ns
[2025-05-08T10:44:29.274+0000][71][info ][safepoint   ] Safepoint "Cleanup", Time since last: 3325907950 ns, Reaching safepoint: 198671 ns, Cleanup: 17581 ns, At safepoint: 49018 ns, Total: 265270 ns
[2025-05-08T10:44:32.278+0000][71][info ][safepoint   ] Safepoint "Cleanup", Time since last: 3006684724 ns, Reaching safepoint: 42698 ns, Cleanup: 15295 ns, At safepoint: 8905 ns, Total: 66898 ns
[2025-05-08T10:44:43.281+0000][71][info ][safepoint   ] Safepoint "Cleanup", Time since last: 11003088755 ns, Reaching safepoint: 44889 ns, Cleanup: 12708 ns, At safepoint: 10151 ns, Total: 67748 ns
[2025-05-08T10:44:58.284+0000][71][info ][safepoint   ] Safepoint "Cleanup", Time since last: 15003084252 ns, Reaching safepoint: 51992 ns, Cleanup: 15879 ns, At safepoint: 12383 ns, Total: 80254 ns
[2025-05-08T10:45:32.301+0000][71][info ][safepoint   ] Safepoint "Cleanup", Time since last: 34020226443 ns, Reaching safepoint: 16450 ns, Cleanup: 12772 ns, At safepoint: 21481 ns, Total: 50703 ns
[2025-05-08T10:45:36.312+0000][71][info ][safepoint   ] Safepoint "Cleanup", Time since last: 4010770139 ns, Reaching safepoint: 34232 ns, Cleanup: 17249 ns, At safepoint: 18251 ns, Total: 69732 ns
[2025-05-08T10:46:01.315+0000][71][info ][safepoint   ] Safepoint "Cleanup", Time since last: 25004947933 ns, Reaching safepoint: 76089 ns, Cleanup: 22129 ns, At safepoint: 36430 ns, Total: 134648 ns
[2025-05-08T10:46:11.318+0000][71][info ][safepoint   ] Safepoint "Cleanup", Time since last: 10002534411 ns, Reaching safepoint: 35040 ns, Cleanup: 20895 ns, At safepoint: 19697 ns, Total: 75632 ns
[2025-05-08T10:46:16.307+0000][71][info ][safepoint   ] Safepoint "Cleanup", Time since last: 4989018983 ns, Reaching safepoint: 43440 ns, Cleanup: 13014 ns, At safepoint: 8614 ns, Total: 65068 ns
[2025-05-08T10:46:18.307+0000][71][info ][safepoint   ] Safepoint "Cleanup", Time since last: 2000658087 ns, Reaching safepoint: 32767 ns, Cleanup: 12722 ns, At safepoint: 9444 ns, Total: 54933 ns
[2025-05-08T10:46:34.934+0000][71][info ][safepoint   ] Safepoint "Cleanup", Time since last: 16628542119 ns, Reaching safepoint: 16539 ns, Cleanup: 10221 ns, At safepoint: 18860 ns, Total: 45620 ns
[2025-05-08T10:46:36.367+0000][71][info ][safepoint   ] Safepoint "Cleanup", Time since last: 1433032234 ns, Reaching safepoint: 33501 ns, Cleanup: 32522 ns, At safepoint: 18238 ns, Total: 84261 ns
[2025-05-08T10:46:41.369+0000][71][info ][safepoint   ] Safepoint "Cleanup", Time since last: 5001528799 ns, Reaching safepoint: 36427 ns, Cleanup: 19638 ns, At safepoint: 21712 ns, Total: 77777 ns
[2025-05-08T10:46:43.182+0000][71][info ][safepoint   ] Safepoint "Cleanup", Time since last: 1813160128 ns, Reaching safepoint: 10209 ns, Cleanup: 25951 ns, At safepoint: 18199 ns, Total: 54359 ns
[2025-05-08T10:46:45.065+0000][71][info ][safepoint   ] Safepoint "Cleanup", Time since last: 1882829715 ns, Reaching safepoint: 161747 ns, Cleanup: 34558 ns, At safepoint: 220126 ns, Total: 416431 ns
[2025-05-08T10:46:58.068+0000][71][info ][safepoint   ] Safepoint "Cleanup", Time since last: 13002549296 ns, Reaching safepoint: 19468 ns, Cleanup: 13399 ns, At safepoint: 9891 ns, Total: 42758 ns
[2025-05-08T10:47:08.383+0000][71][info ][safepoint   ] Safepoint "Cleanup", Time since last: 10317009145 ns, Reaching safepoint: 13730 ns, Cleanup: 21288 ns, At safepoint: 81478 ns, Total: 116496 ns
[2025-05-08T10:47:37.929+0000][71][info ][safepoint   ] Safepoint "Cleanup", Time since last: 29547883379 ns, Reaching safepoint: 17904 ns, Cleanup: 13355 ns, At safepoint: 13345 ns, Total: 44604 ns
[2025-05-08T10:47:39.433+0000][71][info ][safepoint   ] Safepoint "Cleanup", Time since last: 1503906723 ns, Reaching safepoint: 35816 ns, Cleanup: 17110 ns, At safepoint: 17990 ns, Total: 70916 ns
[2025-05-08T10:47:43.434+0000][71][info ][safepoint   ] Safepoint "Cleanup", Time since last: 4001337823 ns, Reaching safepoint: 28015 ns, Cleanup: 15326 ns, At safepoint: 10844 ns, Total: 54185 ns
[2025-05-08T10:47:55.437+0000][71][info ][safepoint   ] Safepoint "Cleanup", Time since last: 12002501700 ns, Reaching safepoint: 21326 ns, Cleanup: 25940 ns, At safepoint: 9948 ns, Total: 57214 ns
[2025-05-08T10:47:57.138+0000][71][info ][safepoint   ] Safepoint "Cleanup", Time since last: 1701166555 ns, Reaching safepoint: 103724 ns, Cleanup: 19503 ns, At safepoint: 77405 ns, Total: 200632 ns
[2025-05-08T10:48:24.422+0000][71][info ][safepoint   ] Safepoint "Cleanup", Time since last: 27285878256 ns, Reaching safepoint: 19533 ns, Cleanup: 12092 ns, At safepoint: 21355 ns, Total: 52980 ns
[2025-05-08T10:49:01.479+0000][71][info ][safepoint   ] Safepoint "Cleanup", Time since last: 37059974244 ns, Reaching safepoint: 113867 ns, Cleanup: 19855 ns, At safepoint: 18649 ns, Total: 152371 ns
[2025-05-08T10:49:10.971+0000][71][info ][safepoint   ] Safepoint "Cleanup", Time since last: 9492212116 ns, Reaching safepoint: 19500 ns, Cleanup: 13905 ns, At safepoint: 78809 ns, Total: 112214 ns
[2025-05-08T10:49:12.520+0000][71][info ][safepoint   ] Safepoint "Cleanup", Time since last: 1548838075 ns, Reaching safepoint: 34001 ns, Cleanup: 30263 ns, At safepoint: 18458 ns, Total: 82722 ns
[2025-05-08T10:49:13.545+0000][71][info ][safepoint   ] Safepoint "Cleanup", Time since last: 1024828557 ns, Reaching safepoint: 32831 ns, Cleanup: 19317 ns, At safepoint: 14681 ns, Total: 66829 ns
[2025-05-08T10:49:14.545+0000][71][info ][safepoint   ] Safepoint "Cleanup", Time since last: 1000609911 ns, Reaching safepoint: 27205 ns, Cleanup: 14471 ns, At safepoint: 11787 ns, Total: 53463 ns
[2025-05-08T10:49:17.200+0000][71][info ][safepoint   ] Safepoint "Cleanup", Time since last: 2654579298 ns, Reaching safepoint: 27418 ns, Cleanup: 14680 ns, At safepoint: 10900 ns, Total: 52998 ns
[2025-05-08T10:49:25.545+0000][71][info ][safepoint   ] Safepoint "Cleanup", Time since last: 8344949165 ns, Reaching safepoint: 27981 ns, Cleanup: 15492 ns, At safepoint: 12928 ns, Total: 56401 ns
[2025-05-08T10:49:27.634+0000][71][info ][safepoint   ] Safepoint "Cleanup", Time since last: 2088832700 ns, Reaching safepoint: 26437 ns, Cleanup: 15922 ns, At safepoint: 11721 ns, Total: 54080 ns
[2025-05-08T10:49:37.635+0000][71][info ][safepoint   ] Safepoint "Cleanup", Time since last: 10002503301 ns, Reaching safepoint: 82547 ns, Cleanup: 16515 ns, At safepoint: 19595 ns, Total: 118657 ns
[2025-05-08T10:49:42.637+0000][71][info ][safepoint   ] Safepoint "Cleanup", Time since last: 5001978088 ns, Reaching safepoint: 30104 ns, Cleanup: 16042 ns, At safepoint: 10290 ns, Total: 56436 ns
[2025-05-08T10:49:43.930+0000][71][info ][safepoint   ] Safepoint "Cleanup", Time since last: 1293609533 ns, Reaching safepoint: 13822 ns, Cleanup: 10275 ns, At safepoint: 19313 ns, Total: 43410 ns
[2025-05-08T10:49:45.581+0000][71][info ][safepoint   ] Safepoint "Cleanup", Time since last: 1650461302 ns, Reaching safepoint: 31953 ns, Cleanup: 17378 ns, At safepoint: 17616 ns, Total: 66947 ns
[2025-05-08T10:49:54.583+0000][71][info ][safepoint   ] Safepoint "Cleanup", Time since last: 9002161226 ns, Reaching safepoint: 32290 ns, Cleanup: 16196 ns, At safepoint: 17610 ns, Total: 66096 ns
[2025-05-08T10:51:15.643+0000][71][info ][safepoint   ] Safepoint "Cleanup", Time since last: 81065555574 ns, Reaching safepoint: 69038 ns, Cleanup: 15567 ns, At safepoint: 31467 ns, Total: 116072 ns
[2025-05-08T10:51:29.711+0000][71][info ][safepoint   ] Safepoint "Cleanup", Time since last: 14068263136 ns, Reaching safepoint: 33656 ns, Cleanup: 16007 ns, At safepoint: 17867 ns, Total: 67530 ns
[2025-05-08T10:51:32.710+0000][71][info ][safepoint   ] Safepoint "Cleanup", Time since last: 3001122689 ns, Reaching safepoint: 22905 ns, Cleanup: 13660 ns, At safepoint: 10967 ns, Total: 47532 ns
[2025-05-08T10:51:35.763+0000][71][info ][safepoint   ] Safepoint "Cleanup", Time since last: 3052985849 ns, Reaching safepoint: 33974 ns, Cleanup: 18686 ns, At safepoint: 19363 ns, Total: 72023 ns
[2025-05-08T10:51:41.768+0000][71][info ][safepoint   ] Safepoint "Cleanup", Time since last: 6004104445 ns, Reaching safepoint: 24237 ns, Cleanup: 15527 ns, At safepoint: 10113 ns, Total: 49877 ns
[2025-05-08T10:51:42.768+0000][71][info ][safepoint   ] Safepoint "Cleanup", Time since last: 1000634885 ns, Reaching safepoint: 30573 ns, Cleanup: 15883 ns, At safepoint: 17325 ns, Total: 63781 ns
[2025-05-08T10:51:43.769+0000][71][info ][safepoint   ] Safepoint "Cleanup", Time since last: 1000708662 ns, Reaching safepoint: 31148 ns, Cleanup: 14990 ns, At safepoint: 17746 ns, Total: 63884 ns
[2025-05-08T10:51:45.770+0000][71][info ][safepoint   ] Safepoint "Cleanup", Time since last: 2000833573 ns, Reaching safepoint: 29203 ns, Cleanup: 16043 ns, At safepoint: 11704 ns, Total: 56950 ns
[2025-05-08T10:51:47.309+0000][71][info ][safepoint   ] Safepoint "Cleanup", Time since last: 1537609204 ns, Reaching safepoint: 974928 ns, Cleanup: 17762 ns, At safepoint: 87734 ns, Total: 1080424 ns
[2025-05-08T10:51:55.683+0000][71][info ][safepoint   ] Safepoint "Cleanup", Time since last: 8374589718 ns, Reaching safepoint: 36406 ns, Cleanup: 18406 ns, At safepoint: 20414 ns, Total: 75226 ns
[2025-05-08T10:52:13.685+0000][71][info ][safepoint   ] Safepoint "Cleanup", Time since last: 18004040309 ns, Reaching safepoint: 75107 ns, Cleanup: 18464 ns, At safepoint: 35770 ns, Total: 129341 ns
[2025-05-08T10:52:52.943+0000][71][info ][safepoint   ] Safepoint "Cleanup", Time since last: 39259826014 ns, Reaching safepoint: 6609 ns, Cleanup: 7365 ns, At safepoint: 3470 ns, Total: 17444 ns
[2025-05-08T10:52:54.729+0000][71][info ][safepoint   ] Safepoint "Cleanup", Time since last: 1786216230 ns, Reaching safepoint: 71637 ns, Cleanup: 20414 ns, At safepoint: 18994 ns, Total: 111045 ns
[2025-05-08T10:52:57.731+0000][71][info ][safepoint   ] Safepoint "Cleanup", Time since last: 3000912377 ns, Reaching safepoint: 37184 ns, Cleanup: 315255 ns, At safepoint: 115958 ns, Total: 468397 ns
[2025-05-08T10:53:03.092+0000][71][info ][safepoint   ] Safepoint "Cleanup", Time since last: 5362179577 ns, Reaching safepoint: 155823 ns, Cleanup: 11431 ns, At safepoint: 61746 ns, Total: 229000 ns
[2025-05-08T10:53:04.257+0000][71][info ][safepoint   ] Safepoint "Cleanup", Time since last: 1164976197 ns, Reaching safepoint: 32635 ns, Cleanup: 98674 ns, At safepoint: 21196 ns, Total: 152505 ns
[2025-05-08T10:53:14.259+0000][71][info ][safepoint   ] Safepoint "Cleanup", Time since last: 10002179029 ns, Reaching safepoint: 37679 ns, Cleanup: 17545 ns, At safepoint: 21229 ns, Total: 76453 ns
[2025-05-08T10:53:20.261+0000][71][info ][safepoint   ] Safepoint "Cleanup", Time since last: 6001610676 ns, Reaching safepoint: 34457 ns, Cleanup: 17379 ns, At safepoint: 19022 ns, Total: 70858 ns
[2025-05-08T10:53:55.930+0000][71][info ][safepoint   ] Safepoint "Cleanup", Time since last: 35671492171 ns, Reaching safepoint: 7953 ns, Cleanup: 10538 ns, At safepoint: 13438 ns, Total: 31929 ns
[2025-05-08T10:53:57.782+0000][71][info ][safepoint   ] Safepoint "Cleanup", Time since last: 1851700084 ns, Reaching safepoint: 30525 ns, Cleanup: 23437 ns, At safepoint: 17162 ns, Total: 71124 ns
[2025-05-08T10:54:14.811+0000][71][info ][safepoint   ] Safepoint "Cleanup", Time since last: 17031475585 ns, Reaching safepoint: 17689 ns, Cleanup: 18870 ns, At safepoint: 87379 ns, Total: 123938 ns
[2025-05-08T10:54:17.438+0000][71][info ][safepoint   ] Safepoint "Cleanup", Time since last: 2626118260 ns, Reaching safepoint: 31580 ns, Cleanup: 18406 ns, At safepoint: 16670 ns, Total: 66656 ns
[2025-05-08T10:54:43.822+0000][71][info ][safepoint   ] Safepoint "Cleanup", Time since last: 26386617515 ns, Reaching safepoint: 81542 ns, Cleanup: 22197 ns, At safepoint: 19415 ns, Total: 123154 ns
[2025-05-08T10:54:57.826+0000][71][info ][safepoint   ] Safepoint "Cleanup", Time since last: 14003094193 ns, Reaching safepoint: 33536 ns, Cleanup: 21258 ns, At safepoint: 18775 ns, Total: 73569 ns
[2025-05-08T10:54:59.878+0000][71][info ][safepoint   ] Safepoint "Cleanup", Time since last: 2052196231 ns, Reaching safepoint: 106197 ns, Cleanup: 58216 ns, At safepoint: 58338 ns, Total: 222751 ns
[2025-05-08T10:55:00.883+0000][71][info ][safepoint   ] Safepoint "Cleanup", Time since last: 1007031139 ns, Reaching safepoint: 15997 ns, Cleanup: 21562 ns, At safepoint: 13278 ns, Total: 50837 ns
[2025-05-08T10:55:11.888+0000][71][info ][safepoint   ] Safepoint "Cleanup", Time since last: 11005285699 ns, Reaching safepoint: 26681 ns, Cleanup: 17745 ns, At safepoint: 12306 ns, Total: 56732 ns
[2025-05-08T10:55:13.889+0000][71][info ][safepoint   ] Safepoint "Cleanup", Time since last: 2000742167 ns, Reaching safepoint: 320798 ns, Cleanup: 18021 ns, At safepoint: 190131 ns, Total: 528950 ns
[2025-05-08T10:55:19.914+0000][71][info ][safepoint   ] Safepoint "Cleanup", Time since last: 6024257714 ns, Reaching safepoint: 92488 ns, Cleanup: 11143 ns, At safepoint: 38339 ns, Total: 141970 ns
[2025-05-08T10:56:21.586+0000][71][info ][safepoint   ] Safepoint "Cleanup", Time since last: 61675972238 ns, Reaching safepoint: 31688 ns, Cleanup: 19713 ns, At safepoint: 18589 ns, Total: 69990 ns
[2025-05-08T10:56:42.896+0000][71][info ][safepoint   ] Safepoint "Cleanup", Time since last: 21311299577 ns, Reaching safepoint: 32214 ns, Cleanup: 17810 ns, At safepoint: 18212 ns, Total: 68236 ns
[2025-05-08T10:56:44.897+0000][71][info ][safepoint   ] Safepoint "Cleanup", Time since last: 2000703167 ns, Reaching safepoint: 19200 ns, Cleanup: 13181 ns, At safepoint: 9437 ns, Total: 41818 ns
[2025-05-08T10:56:48.605+0000][71][info ][safepoint   ] Safepoint "Cleanup", Time since last: 3707935372 ns, Reaching safepoint: 8268 ns, Cleanup: 6454 ns, At safepoint: 16176 ns, Total: 30898 ns
[2025-05-08T10:56:49.610+0000][71][info ][safepoint   ] Safepoint "Cleanup", Time since last: 1005705831 ns, Reaching safepoint: 35163 ns, Cleanup: 16287 ns, At safepoint: 17665 ns, Total: 69115 ns
[2025-05-08T10:57:30.929+0000][71][info ][safepoint   ] Safepoint "Cleanup", Time since last: 41322675243 ns, Reaching safepoint: 70113 ns, Cleanup: 20287 ns, At safepoint: 32986 ns, Total: 123386 ns
[2025-05-08T10:57:43.932+0000][71][info ][safepoint   ] Safepoint "Cleanup", Time since last: 13002901181 ns, Reaching safepoint: 34516 ns, Cleanup: 17991 ns, At safepoint: 19518 ns, Total: 72025 ns
[2025-05-08T10:58:14.068+0000][71][info ][safepoint   ] Safepoint "Cleanup", Time since last: 30137065038 ns, Reaching safepoint: 28860 ns, Cleanup: 17367 ns, At safepoint: 10393 ns, Total: 56620 ns
[2025-05-08T10:58:55.973+0000][71][info ][safepoint   ] Safepoint "Cleanup", Time since last: 41907822342 ns, Reaching safepoint: 72202 ns, Cleanup: 15950 ns, At safepoint: 16754 ns, Total: 104906 ns
[2025-05-08T10:58:57.974+0000][71][info ][safepoint   ] Safepoint "Cleanup", Time since last: 2000822097 ns, Reaching safepoint: 31272 ns, Cleanup: 17900 ns, At safepoint: 16528 ns, Total: 65700 ns
[2025-05-08T10:59:16.992+0000][71][info ][safepoint   ] Safepoint "Cleanup", Time since last: 19018995343 ns, Reaching safepoint: 17167 ns, Cleanup: 22716 ns, At safepoint: 88974 ns, Total: 128857 ns
[2025-05-08T10:59:18.194+0000][71][info ][safepoint   ] Safepoint "Cleanup", Time since last: 1202388858 ns, Reaching safepoint: 33973 ns, Cleanup: 16643 ns, At safepoint: 67469 ns, Total: 118085 ns
[2025-05-08T10:59:29.010+0000][71][info ][safepoint   ] Safepoint "Cleanup", Time since last: 10816252057 ns, Reaching safepoint: 33425 ns, Cleanup: 17517 ns, At safepoint: 18310 ns, Total: 69252 ns
[2025-05-08T10:59:46.013+0000][71][info ][safepoint   ] Safepoint "Cleanup", Time since last: 17003959177 ns, Reaching safepoint: 75129 ns, Cleanup: 16588 ns, At safepoint: 32116 ns, Total: 123833 ns
[2025-05-08T11:00:00.722+0000][71][info ][safepoint   ] Safepoint "Cleanup", Time since last: 14710618473 ns, Reaching safepoint: 22811 ns, Cleanup: 13111 ns, At safepoint: 9248 ns, Total: 45170 ns
[2025-05-08T11:00:14.257+0000][71][info ][safepoint   ] Safepoint "Cleanup", Time since last: 13534816507 ns, Reaching safepoint: 24189 ns, Cleanup: 17176 ns, At safepoint: 68100 ns, Total: 109465 ns
[2025-05-08T11:01:16.052+0000][71][info ][safepoint   ] Safepoint "Cleanup", Time since last: 61802372282 ns, Reaching safepoint: 76392 ns, Cleanup: 17112 ns, At safepoint: 18290 ns, Total: 111794 ns
[2025-05-08T11:01:41.820+0000][71][info ][safepoint   ] Safepoint "Cleanup", Time since last: 25770983359 ns, Reaching safepoint: 31254 ns, Cleanup: 16329 ns, At safepoint: 17955 ns, Total: 65538 ns
[2025-05-08T11:01:57.824+0000][71][info ][safepoint   ] Safepoint "Cleanup", Time since last: 16003447980 ns, Reaching safepoint: 77929 ns, Cleanup: 21753 ns, At safepoint: 35267 ns, Total: 134949 ns
[2025-05-08T11:02:19.956+0000][71][info ][safepoint   ] Safepoint "Cleanup", Time since last: 22134705408 ns, Reaching safepoint: 26359 ns, Cleanup: 12104 ns, At safepoint: 73599 ns, Total: 112062 ns
[2025-05-08T11:02:58.128+0000][71][info ][safepoint   ] Safepoint "Cleanup", Time since last: 38174997368 ns, Reaching safepoint: 167427 ns, Cleanup: 18026 ns, At safepoint: 22180 ns, Total: 207633 ns
[2025-05-08T11:03:22.915+0000][71][info ][safepoint   ] Safepoint "Cleanup", Time since last: 24788732591 ns, Reaching safepoint: 6931 ns, Cleanup: 10438 ns, At safepoint: 13643 ns, Total: 31012 ns
[2025-05-08T11:03:58.168+0000][71][info ][safepoint   ] Safepoint "Cleanup", Time since last: 35254993592 ns, Reaching safepoint: 93927 ns, Cleanup: 15047 ns, At safepoint: 8556 ns, Total: 117530 ns
[2025-05-08T11:04:19.929+0000][71][info ][safepoint   ] Safepoint "Cleanup", Time since last: 21764160277 ns, Reaching safepoint: 50915 ns, Cleanup: 13104 ns, At safepoint: 14227 ns, Total: 78246 ns
[2025-05-08T11:04:21.441+0000][71][info ][safepoint   ] Safepoint "Cleanup", Time since last: 1511252300 ns, Reaching safepoint: 18729 ns, Cleanup: 11854 ns, At safepoint: 8726 ns, Total: 39309 ns
[2025-05-08T11:04:50.800+0000][71][info ][safepoint   ] Safepoint "Cleanup", Time since last: 29360914031 ns, Reaching safepoint: 9677 ns, Cleanup: 9034 ns, At safepoint: 15099 ns, Total: 33810 ns
[2025-05-08T11:04:52.002+0000][71][info ][safepoint   ] Safepoint "Cleanup", Time since last: 1201710680 ns, Reaching safepoint: 31291 ns, Cleanup: 15442 ns, At safepoint: 16444 ns, Total: 63177 ns
[2025-05-08T11:04:58.003+0000][71][info ][safepoint   ] Safepoint "Cleanup", Time since last: 6001396654 ns, Reaching safepoint: 52919 ns, Cleanup: 12860 ns, At safepoint: 9429 ns, Total: 75208 ns
[2025-05-08T11:05:13.004+0000][71][info ][safepoint   ] Safepoint "Cleanup", Time since last: 15003543042 ns, Reaching safepoint: 38325 ns, Cleanup: 19303 ns, At safepoint: 18134 ns, Total: 75762 ns
[2025-05-08T11:05:29.532+0000][71][info ][safepoint   ] Safepoint "Cleanup", Time since last: 16527619311 ns, Reaching safepoint: 10806 ns, Cleanup: 9285 ns, At safepoint: 15609 ns, Total: 35700 ns
[2025-05-08T11:06:17.797+0000][71][info ][safepoint   ] Safepoint "Cleanup", Time since last: 48269998498 ns, Reaching safepoint: 18300 ns, Cleanup: 12246 ns, At safepoint: 9418 ns, Total: 39964 ns
[2025-05-08T11:06:32.631+0000][71][info ][safepoint   ] Safepoint "Cleanup", Time since last: 14835752765 ns, Reaching safepoint: 6355 ns, Cleanup: 6742 ns, At safepoint: 13645 ns, Total: 26742 ns
[2025-05-08T11:06:43.633+0000][71][info ][safepoint   ] Safepoint "Cleanup", Time since last: 11002349986 ns, Reaching safepoint: 77709 ns, Cleanup: 16666 ns, At safepoint: 35090 ns, Total: 129465 ns
[2025-05-08T11:06:50.635+0000][71][info ][safepoint   ] Safepoint "Cleanup", Time since last: 7001814324 ns, Reaching safepoint: 24890 ns, Cleanup: 16727 ns, At safepoint: 10669 ns, Total: 52286 ns
[2025-05-08T11:06:59.638+0000][71][info ][safepoint   ] Safepoint "Cleanup", Time since last: 9002457521 ns, Reaching safepoint: 101218 ns, Cleanup: 20323 ns, At safepoint: 39334 ns, Total: 160875 ns
[2025-05-08T11:07:05.637+0000][71][info ][safepoint   ] Safepoint "Cleanup", Time since last: 6001740690 ns, Reaching safepoint: 32031 ns, Cleanup: 17776 ns, At safepoint: 12163 ns, Total: 61970 ns
[2025-05-08T11:07:34.930+0000][71][info ][safepoint   ] Safepoint "Cleanup", Time since last: 29294722351 ns, Reaching safepoint: 10935 ns, Cleanup: 7784 ns, At safepoint: 12582 ns, Total: 31301 ns
[2025-05-08T11:08:00.685+0000][71][info ][safepoint   ] Safepoint "Cleanup", Time since last: 25757241030 ns, Reaching safepoint: 71561 ns, Cleanup: 20376 ns, At safepoint: 31482 ns, Total: 123419 ns
[2025-05-08T11:08:38.728+0000][71][info ][safepoint   ] Safepoint "Cleanup", Time since last: 38044785277 ns, Reaching safepoint: 26443 ns, Cleanup: 13922 ns, At safepoint: 65385 ns, Total: 105750 ns
[2025-05-08T11:08:49.915+0000][71][info ][safepoint   ] Safepoint "Cleanup", Time since last: 11186883385 ns, Reaching safepoint: 197843 ns, Cleanup: 11993 ns, At safepoint: 39453 ns, Total: 249289 ns
[2025-05-08T11:08:51.205+0000][71][info ][safepoint   ] Safepoint "Cleanup", Time since last: 1289610350 ns, Reaching safepoint: 28149 ns, Cleanup: 52072 ns, At safepoint: 94639 ns, Total: 174860 ns
[2025-05-08T11:08:58.230+0000][71][info ][safepoint   ] Safepoint "Cleanup", Time since last: 7024917152 ns, Reaching safepoint: 25681 ns, Cleanup: 13979 ns, At safepoint: 11289 ns, Total: 50949 ns
[2025-05-08T11:09:21.241+0000][71][info ][safepoint   ] Safepoint "Cleanup", Time since last: 23013735145 ns, Reaching safepoint: 42004 ns, Cleanup: 14149 ns, At safepoint: 8449 ns, Total: 64602 ns
[2025-05-08T11:09:22.912+0000][71][info ][safepoint   ] Safepoint "Cleanup", Time since last: 1670520221 ns, Reaching safepoint: 23159 ns, Cleanup: 12750 ns, At safepoint: 67288 ns, Total: 103197 ns
[2025-05-08T11:09:24.832+0000][71][info ][safepoint   ] Safepoint "Cleanup", Time since last: 1919873401 ns, Reaching safepoint: 33953 ns, Cleanup: 17266 ns, At safepoint: 19964 ns, Total: 71183 ns
[2025-05-08T11:09:25.872+0000][71][info ][safepoint   ] Safepoint "Cleanup", Time since last: 1037742419 ns, Reaching safepoint: 2328256 ns, Cleanup: 18991 ns, At safepoint: 203919 ns, Total: 2551166 ns
[2025-05-08T11:09:40.916+0000][71][info ][safepoint   ] Safepoint "Cleanup", Time since last: 15046640439 ns, Reaching safepoint: 6308 ns, Cleanup: 10232 ns, At safepoint: 13281 ns, Total: 29821 ns
[2025-05-08T11:09:41.930+0000][71][info ][safepoint   ] Safepoint "Cleanup", Time since last: 1013831630 ns, Reaching safepoint: 12559 ns, Cleanup: 18227 ns, At safepoint: 80297 ns, Total: 111083 ns
[2025-05-08T11:09:56.112+0000][71][info ][safepoint   ] Safepoint "Cleanup", Time since last: 14182476785 ns, Reaching safepoint: 20341 ns, Cleanup: 13879 ns, At safepoint: 71400 ns, Total: 105620 ns
[2025-05-08T11:10:14.124+0000][71][info ][safepoint   ] Safepoint "Cleanup", Time since last: 18013703982 ns, Reaching safepoint: 66097 ns, Cleanup: 18458 ns, At safepoint: 17093 ns, Total: 101648 ns
[2025-05-08T11:10:45.985+0000][71][info ][safepoint   ] Safepoint "Cleanup", Time since last: 31863024867 ns, Reaching safepoint: 18661 ns, Cleanup: 16197 ns, At safepoint: 78788 ns, Total: 113646 ns
[2025-05-08T11:11:48.035+0000][71][info ][safepoint   ] Safepoint "Cleanup", Time since last: 62054152499 ns, Reaching safepoint: 6940 ns, Cleanup: 8346 ns, At safepoint: 35138 ns, Total: 50424 ns
[2025-05-08T11:12:01.044+0000][71][info ][safepoint   ] Safepoint "Cleanup", Time since last: 13012040794 ns, Reaching safepoint: 72478 ns, Cleanup: 18134 ns, At safepoint: 18332 ns, Total: 108944 ns
[2025-05-08T11:12:58.092+0000][71][info ][safepoint   ] Safepoint "Cleanup", Time since last: 57050031984 ns, Reaching safepoint: 71745 ns, Cleanup: 16789 ns, At safepoint: 15908 ns, Total: 104442 ns
[2025-05-08T11:13:13.093+0000][71][info ][safepoint   ] Safepoint "Cleanup", Time since last: 15003126795 ns, Reaching safepoint: 46136 ns, Cleanup: 11479 ns, At safepoint: 9081 ns, Total: 66696 ns
[2025-05-08T11:13:36.515+0000][71][info ][safepoint   ] Safepoint "Cleanup", Time since last: 23424351698 ns, Reaching safepoint: 14716 ns, Cleanup: 18344 ns, At safepoint: 75321 ns, Total: 108381 ns
[2025-05-08T11:14:26.154+0000][71][info ][safepoint   ] Safepoint "Cleanup", Time since last: 49640325534 ns, Reaching safepoint: 59015 ns, Cleanup: 15130 ns, At safepoint: 128832 ns, Total: 202977 ns
[2025-05-08T11:14:33.581+0000][71][info ][safepoint   ] Safepoint "Cleanup", Time since last: 7429229552 ns, Reaching safepoint: 18369 ns, Cleanup: 12612 ns, At safepoint: 8768 ns, Total: 39749 ns
[2025-05-08T11:14:40.583+0000][71][info ][safepoint   ] Safepoint "Cleanup", Time since last: 7001494234 ns, Reaching safepoint: 174835 ns, Cleanup: 15161 ns, At safepoint: 118572 ns, Total: 308568 ns
[2025-05-08T11:16:21.285+0000][71][info ][safepoint   ] Safepoint "Cleanup", Time since last: 100708944290 ns, Reaching safepoint: 21005 ns, Cleanup: 14716 ns, At safepoint: 8359 ns, Total: 44080 ns
[2025-05-08T11:18:05.354+0000][71][info ][safepoint   ] Safepoint "Cleanup", Time since last: 104078547387 ns, Reaching safepoint: 12646 ns, Cleanup: 15127 ns, At safepoint: 4533 ns, Total: 32306 ns
[2025-05-08T11:18:19.694+0000][71][info ][safepoint   ] Safepoint "Cleanup", Time since last: 14339079588 ns, Reaching safepoint: 28916 ns, Cleanup: 14737 ns, At safepoint: 74065 ns, Total: 117718 ns
[2025-05-08T11:18:23.740+0000][71][info ][safepoint   ] Safepoint "Cleanup", Time since last: 4046743233 ns, Reaching safepoint: 33898 ns, Cleanup: 16924 ns, At safepoint: 18555 ns, Total: 69377 ns
[2025-05-08T11:18:35.721+0000][71][info ][safepoint   ] Safepoint "Cleanup", Time since last: 11982201075 ns, Reaching safepoint: 71145 ns, Cleanup: 18739 ns, At safepoint: 17091 ns, Total: 106975 ns
[2025-05-08T11:18:57.726+0000][71][info ][safepoint   ] Safepoint "Cleanup", Time since last: 22005205167 ns, Reaching safepoint: 33909 ns, Cleanup: 18687 ns, At safepoint: 16702 ns, Total: 69298 ns
[2025-05-08T11:18:59.727+0000][71][info ][safepoint   ] Safepoint "Cleanup", Time since last: 2001233659 ns, Reaching safepoint: 30600 ns, Cleanup: 20643 ns, At safepoint: 15082 ns, Total: 66325 ns
[2025-05-08T11:19:02.727+0000][71][info ][safepoint   ] Safepoint "Cleanup", Time since last: 3001272617 ns, Reaching safepoint: 72941 ns, Cleanup: 17219 ns, At safepoint: 34022 ns, Total: 124182 ns
[2025-05-08T11:19:07.930+0000][71][info ][safepoint   ] Safepoint "Cleanup", Time since last: 5202926350 ns, Reaching safepoint: 23208 ns, Cleanup: 25380 ns, At safepoint: 78320 ns, Total: 126908 ns
[2025-05-08T11:19:09.458+0000][71][info ][safepoint   ] Safepoint "Cleanup", Time since last: 1528334005 ns, Reaching safepoint: 18960 ns, Cleanup: 12334 ns, At safepoint: 9172 ns, Total: 40466 ns
[2025-05-08T11:19:29.472+0000][71][info ][safepoint   ] Safepoint "Cleanup", Time since last: 20013644012 ns, Reaching safepoint: 14198 ns, Cleanup: 17578 ns, At safepoint: 79634 ns, Total: 111410 ns
[2025-05-08T11:19:30.481+0000][71][info ][safepoint   ] Safepoint "Cleanup", Time since last: 1011885390 ns, Reaching safepoint: 30812 ns, Cleanup: 17439 ns, At safepoint: 17147 ns, Total: 65398 ns
[2025-05-08T11:19:45.514+0000][71][info ][safepoint   ] Safepoint "Cleanup", Time since last: 15033153516 ns, Reaching safepoint: 74376 ns, Cleanup: 15649 ns, At safepoint: 18684 ns, Total: 108709 ns
[2025-05-08T11:19:57.804+0000][71][info ][safepoint   ] Safepoint "Cleanup", Time since last: 12289325812 ns, Reaching safepoint: 33596 ns, Cleanup: 16972 ns, At safepoint: 17379 ns, Total: 67947 ns
[2025-05-08T11:20:11.533+0000][71][info ][safepoint   ] Safepoint "Cleanup", Time since last: 13731232414 ns, Reaching safepoint: 15023 ns, Cleanup: 21631 ns, At safepoint: 90876 ns, Total: 127530 ns
[2025-05-08T11:20:12.558+0000][71][info ][safepoint   ] Safepoint "Cleanup", Time since last: 1025043396 ns, Reaching safepoint: 16608 ns, Cleanup: 31344 ns, At safepoint: 88468 ns, Total: 136420 ns
[2025-05-08T11:21:14.597+0000][71][info ][safepoint   ] Safepoint "Cleanup", Time since last: 62043437324 ns, Reaching safepoint: 173376 ns, Cleanup: 17760 ns, At safepoint: 136844 ns, Total: 327980 ns
[2025-05-08T11:21:25.920+0000][71][info ][gc,start    ] GC(19) Pause Young (Normal) (G1 Evacuation Pause)
[2025-05-08T11:21:25.923+0000][71][info ][gc,task     ] GC(19) Using 10 workers of 10 for evacuation
[2025-05-08T11:21:25.924+0000][71][debug][gc,age      ] GC(19) Desired survivor size 153092096 bytes, new threshold 15 (max threshold 15)
[2025-05-08T11:21:25.992+0000][71][info ][gc,phases   ] GC(19)   Pre Evacuate Collection Set: 5.69ms
[2025-05-08T11:21:25.997+0000][71][info ][gc,phases   ] GC(19)   Merge Heap Roots: 1.71ms
[2025-05-08T11:21:26.000+0000][71][info ][gc,phases   ] GC(19)   Evacuate Collection Set: 45.77ms
[2025-05-08T11:21:26.003+0000][71][info ][gc,phases   ] GC(19)   Post Evacuate Collection Set: 12.76ms
[2025-05-08T11:21:26.005+0000][71][info ][gc,phases   ] GC(19)   Other: 3.54ms
[2025-05-08T11:21:26.007+0000][71][trace][gc,age      ] GC(19) Age table with threshold 15 (max threshold 15)
[2025-05-08T11:21:26.010+0000][71][trace][gc,age      ] GC(19) - age   1:    4556224 bytes,    4556224 total
[2025-05-08T11:21:26.015+0000][71][trace][gc,age      ] GC(19) - age   2:    3068960 bytes,    7625184 total
[2025-05-08T11:21:26.019+0000][71][trace][gc,age      ] GC(19) - age   3:     286936 bytes,    7912120 total
[2025-05-08T11:21:26.021+0000][71][trace][gc,age      ] GC(19) - age   4:    1282360 bytes,    9194480 total
[2025-05-08T11:21:26.023+0000][71][trace][gc,age      ] GC(19) - age   5:      35080 bytes,    9229560 total
[2025-05-08T11:21:26.025+0000][71][trace][gc,age      ] GC(19) - age   6:    1719712 bytes,   10949272 total
[2025-05-08T11:21:26.028+0000][71][info ][gc,heap     ] GC(19) Eden regions: 579->0(579)
[2025-05-08T11:21:26.031+0000][71][info ][gc,heap     ] GC(19) Survivor regions: 3->3(73)
[2025-05-08T11:21:26.033+0000][71][info ][gc,heap     ] GC(19) Old regions: 27->27
[2025-05-08T11:21:26.035+0000][71][info ][gc,heap     ] GC(19) Humongous regions: 0->0
[2025-05-08T11:21:26.037+0000][71][info ][gc,metaspace] GC(19) Metaspace: 147204K(151168K)->147204K(151168K) NonClass: 127384K(129472K)->127384K(129472K) Class: 19820K(21696K)->19820K(21696K)
[2025-05-08T11:21:26.040+0000][71][info ][gc          ] GC(19) Pause Young (Normal) (G1 Evacuation Pause) 2433M->117M(3880M) 119.172ms
[2025-05-08T11:21:26.042+0000][71][info ][gc,cpu      ] GC(19) User=0.41s Sys=0.01s Real=0.12s
[2025-05-08T11:21:26.044+0000][71][info ][safepoint   ] Safepoint "G1CollectForAllocation", Time since last: 11322379926 ns, Reaching safepoint: 17458 ns, Cleanup: 4705 ns, At safepoint: 124518360 ns, Total: 124540523 ns
[2025-05-08T11:23:58.100+0000][71][info ][safepoint   ] Safepoint "Cleanup", Time since last: 152066744249 ns, Reaching safepoint: 55817 ns, Cleanup: 13802 ns, At safepoint: 9640 ns, Total: 79259 ns
[2025-05-08T11:24:22.913+0000][71][info ][safepoint   ] Safepoint "Cleanup", Time since last: 24814785230 ns, Reaching safepoint: 9903 ns, Cleanup: 7291 ns, At safepoint: 13030 ns, Total: 30224 ns
[2025-05-08T11:24:24.786+0000][71][info ][safepoint   ] Safepoint "Cleanup", Time since last: 1873180616 ns, Reaching safepoint: 30690 ns, Cleanup: 17061 ns, At safepoint: 16016 ns, Total: 63767 ns
[2025-05-08T11:25:26.830+0000][71][info ][safepoint   ] Safepoint "Cleanup", Time since last: 62048261907 ns, Reaching safepoint: 17507 ns, Cleanup: 12704 ns, At safepoint: 19247 ns, Total: 49458 ns
[2025-05-08T11:25:27.853+0000][71][info ][safepoint   ] Safepoint "Cleanup", Time since last: 1022671598 ns, Reaching safepoint: 7078 ns, Cleanup: 10710 ns, At safepoint: 13917 ns, Total: 31705 ns
[2025-05-08T11:25:49.982+0000][71][info ][safepoint   ] Safepoint "Cleanup", Time since last: 22131117012 ns, Reaching safepoint: 118129 ns, Cleanup: 18225 ns, At safepoint: 20208 ns, Total: 156562 ns
[2025-05-08T11:26:28.877+0000][71][info ][safepoint   ] Safepoint "Cleanup", Time since last: 38896549972 ns, Reaching safepoint: 488406 ns, Cleanup: 15085 ns, At safepoint: 257476 ns, Total: 760967 ns
[2025-05-08T11:26:42.918+0000][71][info ][safepoint   ] Safepoint "Cleanup", Time since last: 14043806540 ns, Reaching safepoint: 19226 ns, Cleanup: 12056 ns, At safepoint: 9038 ns, Total: 40320 ns
[2025-05-08T11:28:13.969+0000][71][info ][safepoint   ] Safepoint "Cleanup", Time since last: 91056632193 ns, Reaching safepoint: 77959 ns, Cleanup: 19691 ns, At safepoint: 33028 ns, Total: 130678 ns
[2025-05-08T11:28:34.900+0000][71][info ][safepoint   ] Safepoint "Cleanup", Time since last: 20933377667 ns, Reaching safepoint: 22969 ns, Cleanup: 19126 ns, At safepoint: 94298 ns, Total: 136393 ns
[2025-05-08T11:28:35.987+0000][71][info ][safepoint   ] Safepoint "Cleanup", Time since last: 1086795267 ns, Reaching safepoint: 6970 ns, Cleanup: 9384 ns, At safepoint: 3874 ns, Total: 20228 ns
[2025-05-08T11:28:37.196+0000][71][info ][safepoint   ] Safepoint "Cleanup", Time since last: 1208612265 ns, Reaching safepoint: 36588 ns, Cleanup: 17763 ns, At safepoint: 19042 ns, Total: 73393 ns
[2025-05-08T11:29:34.906+0000][71][info ][safepoint   ] Safepoint "Cleanup", Time since last: 57714483682 ns, Reaching safepoint: 110475 ns, Cleanup: 9804 ns, At safepoint: 50273 ns, Total: 170552 ns
[2025-05-08T11:30:02.636+0000][71][info ][safepoint   ] Safepoint "Cleanup", Time since last: 27731382096 ns, Reaching safepoint: 20787 ns, Cleanup: 11623 ns, At safepoint: 18984 ns, Total: 51394 ns
[2025-05-08T11:30:05.667+0000][71][info ][safepoint   ] Safepoint "Cleanup", Time since last: 3031633187 ns, Reaching safepoint: 35139 ns, Cleanup: 16880 ns, At safepoint: 18771 ns, Total: 70790 ns
[2025-05-08T11:30:13.669+0000][71][info ][safepoint   ] Safepoint "Cleanup", Time since last: 8001970752 ns, Reaching safepoint: 33917 ns, Cleanup: 16740 ns, At safepoint: 18463 ns, Total: 69120 ns
[2025-05-08T11:30:58.139+0000][71][info ][safepoint   ] Safepoint "Cleanup", Time since last: 44472208816 ns, Reaching safepoint: 61511 ns, Cleanup: 17319 ns, At safepoint: 11441 ns, Total: 90271 ns
[2025-05-08T11:31:49.008+0000][71][info ][safepoint   ] Safepoint "Cleanup", Time since last: 50871812521 ns, Reaching safepoint: 77046 ns, Cleanup: 15191 ns, At safepoint: 18201 ns, Total: 110438 ns
[2025-05-08T11:31:59.312+0000][71][info ][safepoint   ] Safepoint "Cleanup", Time since last: 10304285569 ns, Reaching safepoint: 34467 ns, Cleanup: 76480 ns, At safepoint: 177609 ns, Total: 288556 ns
[2025-05-08T11:32:00.345+0000][71][info ][safepoint   ] Safepoint "Cleanup", Time since last: 1033326064 ns, Reaching safepoint: 6351 ns, Cleanup: 24915 ns, At safepoint: 13459 ns, Total: 44725 ns
[2025-05-08T11:32:01.351+0000][71][info ][safepoint   ] Safepoint "Cleanup", Time since last: 1007833140 ns, Reaching safepoint: 41485 ns, Cleanup: 22964 ns, At safepoint: 18920 ns, Total: 83369 ns
[2025-05-08T11:32:05.379+0000][71][info ][safepoint   ] Safepoint "Cleanup", Time since last: 4028751135 ns, Reaching safepoint: 83090 ns, Cleanup: 18373 ns, At safepoint: 27359 ns, Total: 128822 ns
[2025-05-08T11:32:06.408+0000][71][info ][safepoint   ] Safepoint "Cleanup", Time since last: 1028617365 ns, Reaching safepoint: 13826 ns, Cleanup: 96724 ns, At safepoint: 29521 ns, Total: 140071 ns
[2025-05-08T11:32:07.442+0000][71][info ][safepoint   ] Safepoint "Cleanup", Time since last: 1033415633 ns, Reaching safepoint: 7015 ns, Cleanup: 11416 ns, At safepoint: 3513 ns, Total: 21944 ns
[2025-05-08T11:32:08.450+0000][71][info ][safepoint   ] Safepoint "Cleanup", Time since last: 1008150065 ns, Reaching safepoint: 27811 ns, Cleanup: 27199 ns, At safepoint: 10495 ns, Total: 65505 ns
[2025-05-08T11:32:11.451+0000][71][info ][safepoint   ] Safepoint "Cleanup", Time since last: 3001125127 ns, Reaching safepoint: 24390 ns, Cleanup: 16259 ns, At safepoint: 10650 ns, Total: 51299 ns
[2025-05-08T11:32:12.810+0000][71][info ][gc,start    ] GC(20) Pause Young (Concurrent Start) (CodeCache GC Threshold)
[2025-05-08T11:32:12.811+0000][71][info ][gc,task     ] GC(20) Using 10 workers of 10 for evacuation
[2025-05-08T11:32:12.811+0000][71][debug][gc,age      ] GC(20) Desired survivor size 153092096 bytes, new threshold 15 (max threshold 15)
[2025-05-08T11:32:12.891+0000][71][info ][gc,phases   ] GC(20)   Pre Evacuate Collection Set: 3.70ms
[2025-05-08T11:32:12.891+0000][71][info ][gc,phases   ] GC(20)   Merge Heap Roots: 0.55ms
[2025-05-08T11:32:12.892+0000][71][info ][gc,phases   ] GC(20)   Evacuate Collection Set: 72.89ms
[2025-05-08T11:32:12.892+0000][71][info ][gc,phases   ] GC(20)   Post Evacuate Collection Set: 1.95ms
[2025-05-08T11:32:12.892+0000][71][info ][gc,phases   ] GC(20)   Other: 1.36ms
[2025-05-08T11:32:12.893+0000][71][trace][gc,age      ] GC(20) Age table with threshold 15 (max threshold 15)
[2025-05-08T11:32:12.893+0000][71][trace][gc,age      ] GC(20) - age   1:    3064128 bytes,    3064128 total
[2025-05-08T11:32:12.894+0000][71][trace][gc,age      ] GC(20) - age   2:    2461232 bytes,    5525360 total
[2025-05-08T11:32:12.894+0000][71][trace][gc,age      ] GC(20) - age   3:    2722144 bytes,    8247504 total
[2025-05-08T11:32:12.894+0000][71][trace][gc,age      ] GC(20) - age   4:     286704 bytes,    8534208 total
[2025-05-08T11:32:12.895+0000][71][trace][gc,age      ] GC(20) - age   5:    1264056 bytes,    9798264 total
[2025-05-08T11:32:12.895+0000][71][trace][gc,age      ] GC(20) - age   6:      35024 bytes,    9833288 total
[2025-05-08T11:32:12.896+0000][71][trace][gc,age      ] GC(20) - age   7:    1710384 bytes,   11543672 total
[2025-05-08T11:32:12.896+0000][71][info ][gc,heap     ] GC(20) Eden regions: 160->0(578)
[2025-05-08T11:32:12.896+0000][71][info ][gc,heap     ] GC(20) Survivor regions: 3->4(73)
[2025-05-08T11:32:12.897+0000][71][info ][gc,heap     ] GC(20) Old regions: 27->27
[2025-05-08T11:32:12.897+0000][71][info ][gc,heap     ] GC(20) Humongous regions: 0->0
[2025-05-08T11:32:12.898+0000][71][info ][gc,metaspace] GC(20) Metaspace: 147515K(151424K)->147515K(151424K) NonClass: 127643K(129728K)->127643K(129728K) Class: 19872K(21696K)->19872K(21696K)
[2025-05-08T11:32:12.899+0000][71][info ][gc          ] GC(20) Pause Young (Concurrent Start) (CodeCache GC Threshold) 757M->120M(3880M) 88.700ms
[2025-05-08T11:32:12.900+0000][71][info ][gc,cpu      ] GC(20) User=0.42s Sys=0.01s Real=0.09s
[2025-05-08T11:32:12.900+0000][71][info ][safepoint   ] Safepoint "G1TryInitiateConcMark", Time since last: 1357507118 ns, Reaching safepoint: 541660 ns, Cleanup: 8860 ns, At safepoint: 91078801 ns, Total: 91629321 ns
[2025-05-08T11:32:12.901+0000][71][info ][gc          ] GC(21) Concurrent Mark Cycle
[2025-05-08T11:32:12.902+0000][71][info ][gc,marking  ] GC(21) Concurrent Scan Root Regions
[2025-05-08T11:32:12.963+0000][71][info ][gc,marking  ] GC(21) Concurrent Scan Root Regions 61.619ms
[2025-05-08T11:32:12.964+0000][71][info ][gc,marking  ] GC(21) Concurrent Mark
[2025-05-08T11:32:12.965+0000][71][info ][gc,marking  ] GC(21) Concurrent Mark From Roots
[2025-05-08T11:32:12.965+0000][71][info ][gc,task     ] GC(21) Using 3 workers of 3 for marking
[2025-05-08T11:32:13.345+0000][71][info ][gc,marking  ] GC(21) Concurrent Mark From Roots 380.453ms
[2025-05-08T11:32:13.345+0000][71][info ][gc,marking  ] GC(21) Concurrent Preclean
[2025-05-08T11:32:13.347+0000][71][info ][gc,marking  ] GC(21) Concurrent Preclean 1.840ms
[2025-05-08T11:32:13.348+0000][71][info ][gc,start    ] GC(21) Pause Remark
[2025-05-08T11:32:14.406+0000][71][info ][gc,mmu      ] GC(21) MMU target violated: 201.0ms (200.0ms/201.0ms)
[2025-05-08T11:32:14.407+0000][71][info ][gc          ] GC(21) Pause Remark 132M->132M(3880M) 1059.077ms
[2025-05-08T11:32:14.407+0000][71][info ][gc,cpu      ] GC(21) User=8.05s Sys=0.02s Real=1.06s
[2025-05-08T11:32:14.408+0000][71][info ][safepoint   ] Safepoint "G1PauseRemark", Time since last: 447808422 ns, Reaching safepoint: 18621 ns, Cleanup: 4475 ns, At safepoint: 1059788076 ns, Total: 1059811172 ns
[2025-05-08T11:32:14.411+0000][71][info ][gc,marking  ] GC(21) Concurrent Mark 1447.335ms
[2025-05-08T11:32:14.414+0000][71][info ][gc,marking  ] GC(21) Concurrent Rebuild Remembered Sets and Scrub Regions
[2025-05-08T11:32:14.484+0000][71][info ][gc,marking  ] GC(21) Concurrent Rebuild Remembered Sets and Scrub Regions 70.478ms
[2025-05-08T11:32:14.489+0000][71][info ][gc,start    ] GC(21) Pause Cleanup
[2025-05-08T11:32:14.490+0000][71][info ][gc          ] GC(21) Pause Cleanup 142M->142M(3880M) 1.045ms
[2025-05-08T11:32:14.490+0000][71][info ][gc,cpu      ] GC(21) User=0.00s Sys=0.00s Real=0.01s
[2025-05-08T11:32:14.491+0000][71][info ][safepoint   ] Safepoint "G1PauseCleanup", Time since last: 76956782 ns, Reaching safepoint: 3524715 ns, Cleanup: 267269 ns, At safepoint: 1994338 ns, Total: 5786322 ns
[2025-05-08T11:32:14.491+0000][71][info ][gc,marking  ] GC(21) Concurrent Clear Claimed Marks
[2025-05-08T11:32:14.492+0000][71][info ][gc,marking  ] GC(21) Concurrent Clear Claimed Marks 0.741ms
[2025-05-08T11:32:14.492+0000][71][info ][gc,marking  ] GC(21) Concurrent Cleanup for Next Mark
[2025-05-08T11:32:14.580+0000][71][info ][gc,marking  ] GC(21) Concurrent Cleanup for Next Mark 87.982ms
[2025-05-08T11:32:14.581+0000][71][info ][gc          ] GC(21) Concurrent Mark Cycle 1680.085ms
[2025-05-08T11:32:16.491+0000][71][info ][safepoint   ] Safepoint "Cleanup", Time since last: 2000731511 ns, Reaching safepoint: 33911 ns, Cleanup: 17623 ns, At safepoint: 19673 ns, Total: 71207 ns
[2025-05-08T11:32:17.492+0000][71][info ][safepoint   ] Safepoint "Cleanup", Time since last: 1000919165 ns, Reaching safepoint: 32453 ns, Cleanup: 32798 ns, At safepoint: 21282 ns, Total: 86533 ns
[2025-05-08T11:32:20.494+0000][71][info ][safepoint   ] Safepoint "Cleanup", Time since last: 3001080909 ns, Reaching safepoint: 72486 ns, Cleanup: 16762 ns, At safepoint: 19859 ns, Total: 109107 ns
[2025-05-08T11:32:21.494+0000][71][info ][safepoint   ] Safepoint "Cleanup", Time since last: 1000818842 ns, Reaching safepoint: 42163 ns, Cleanup: 20644 ns, At safepoint: 52654 ns, Total: 115461 ns
[2025-05-08T11:32:25.496+0000][71][info ][safepoint   ] Safepoint "Cleanup", Time since last: 4001446505 ns, Reaching safepoint: 33544 ns, Cleanup: 17403 ns, At safepoint: 17581 ns, Total: 68528 ns
[2025-05-08T11:32:30.222+0000][71][info ][safepoint   ] Safepoint "Cleanup", Time since last: 4725981753 ns, Reaching safepoint: 33185 ns, Cleanup: 18098 ns, At safepoint: 18427 ns, Total: 69710 ns
[2025-05-08T11:32:31.221+0000][71][info ][safepoint   ] Safepoint "Cleanup", Time since last: 1000867799 ns, Reaching safepoint: 39657 ns, Cleanup: 22610 ns, At safepoint: 20339 ns, Total: 82606 ns
[2025-05-08T11:32:45.224+0000][71][info ][safepoint   ] Safepoint "Cleanup", Time since last: 14003152469 ns, Reaching safepoint: 38300 ns, Cleanup: 18674 ns, At safepoint: 20474 ns, Total: 77448 ns
[2025-05-08T11:32:46.225+0000][71][info ][safepoint   ] Safepoint "Cleanup", Time since last: 1000788811 ns, Reaching safepoint: 34148 ns, Cleanup: 24959 ns, At safepoint: 18667 ns, Total: 77774 ns
[2025-05-08T11:32:47.421+0000][71][info ][safepoint   ] Safepoint "Cleanup", Time since last: 1195718132 ns, Reaching safepoint: 6899 ns, Cleanup: 20477 ns, At safepoint: 13778 ns, Total: 41154 ns
[2025-05-08T11:32:48.436+0000][71][info ][safepoint   ] Safepoint "Cleanup", Time since last: 1015305993 ns, Reaching safepoint: 16114 ns, Cleanup: 52982 ns, At safepoint: 144838 ns, Total: 213934 ns
[2025-05-08T11:32:51.440+0000][71][info ][safepoint   ] Safepoint "Cleanup", Time since last: 3003287852 ns, Reaching safepoint: 48054 ns, Cleanup: 16771 ns, At safepoint: 38809 ns, Total: 103634 ns
[2025-05-08T11:32:56.441+0000][71][info ][safepoint   ] Safepoint "Cleanup", Time since last: 5001391244 ns, Reaching safepoint: 18661 ns, Cleanup: 20747 ns, At safepoint: 8393 ns, Total: 47801 ns
[2025-05-08T11:32:57.442+0000][71][info ][safepoint   ] Safepoint "Cleanup", Time since last: 1000695580 ns, Reaching safepoint: 33914 ns, Cleanup: 26283 ns, At safepoint: 20574 ns, Total: 80771 ns
[2025-05-08T11:33:06.443+0000][71][info ][safepoint   ] Safepoint "Cleanup", Time since last: 9002165035 ns, Reaching safepoint: 67549 ns, Cleanup: 15589 ns, At safepoint: 32318 ns, Total: 115456 ns
[2025-05-08T11:33:13.445+0000][71][info ][safepoint   ] Safepoint "Cleanup", Time since last: 7001972645 ns, Reaching safepoint: 59893 ns, Cleanup: 12963 ns, At safepoint: 9279 ns, Total: 82135 ns
[2025-05-08T11:33:49.872+0000][71][info ][safepoint   ] Safepoint "Cleanup", Time since last: 36429627505 ns, Reaching safepoint: 27754 ns, Cleanup: 12946 ns, At safepoint: 67434 ns, Total: 108134 ns
[2025-05-08T11:33:51.471+0000][71][info ][safepoint   ] Safepoint "Cleanup", Time since last: 1599515621 ns, Reaching safepoint: 70240 ns, Cleanup: 15196 ns, At safepoint: 32144 ns, Total: 117580 ns
[2025-05-08T11:33:57.473+0000][71][info ][safepoint   ] Safepoint "Cleanup", Time since last: 6001583990 ns, Reaching safepoint: 34102 ns, Cleanup: 17043 ns, At safepoint: 17382 ns, Total: 68527 ns
[2025-05-08T11:34:01.473+0000][71][info ][safepoint   ] Safepoint "Cleanup", Time since last: 4001056670 ns, Reaching safepoint: 31322 ns, Cleanup: 16646 ns, At safepoint: 17419 ns, Total: 65387 ns
[2025-05-08T11:34:05.474+0000][71][info ][safepoint   ] Safepoint "Cleanup", Time since last: 4001231079 ns, Reaching safepoint: 33523 ns, Cleanup: 16665 ns, At safepoint: 18087 ns, Total: 68275 ns
[2025-05-08T11:34:21.478+0000][71][info ][safepoint   ] Safepoint "Cleanup", Time since last: 16003867291 ns, Reaching safepoint: 70290 ns, Cleanup: 17876 ns, At safepoint: 33449 ns, Total: 121615 ns
[2025-05-08T11:34:38.492+0000][71][info ][safepoint   ] Safepoint "Cleanup", Time since last: 17016068607 ns, Reaching safepoint: 16990 ns, Cleanup: 16522 ns, At safepoint: 20573 ns, Total: 54085 ns
[2025-05-08T11:34:41.520+0000][71][info ][safepoint   ] Safepoint "Cleanup", Time since last: 3027507663 ns, Reaching safepoint: 18587 ns, Cleanup: 11851 ns, At safepoint: 8139 ns, Total: 38577 ns
[2025-05-08T11:34:45.521+0000][71][info ][safepoint   ] Safepoint "Cleanup", Time since last: 4000973860 ns, Reaching safepoint: 30983 ns, Cleanup: 15707 ns, At safepoint: 18219 ns, Total: 64909 ns
[2025-05-08T11:34:50.761+0000][71][info ][safepoint   ] Safepoint "Cleanup", Time since last: 5240512421 ns, Reaching safepoint: 17622 ns, Cleanup: 21298 ns, At safepoint: 80289 ns, Total: 119209 ns
[2025-05-08T11:34:53.549+0000][71][info ][safepoint   ] Safepoint "Cleanup", Time since last: 2787364354 ns, Reaching safepoint: 83470 ns, Cleanup: 8243 ns, At safepoint: 25229 ns, Total: 116942 ns
[2025-05-08T11:34:57.546+0000][71][info ][safepoint   ] Safepoint "Cleanup", Time since last: 3997165629 ns, Reaching safepoint: 17797 ns, Cleanup: 13592 ns, At safepoint: 10034 ns, Total: 41423 ns
[2025-05-08T11:35:55.901+0000][71][info ][safepoint   ] Safepoint "Cleanup", Time since last: 58358577868 ns, Reaching safepoint: 24325 ns, Cleanup: 16308 ns, At safepoint: 66528 ns, Total: 107161 ns
[2025-05-08T11:35:57.576+0000][71][info ][safepoint   ] Safepoint "Cleanup", Time since last: 1674751590 ns, Reaching safepoint: 31960 ns, Cleanup: 16273 ns, At safepoint: 17800 ns, Total: 66033 ns
[2025-05-08T11:35:59.577+0000][71][info ][safepoint   ] Safepoint "Cleanup", Time since last: 2001009461 ns, Reaching safepoint: 31856 ns, Cleanup: 15540 ns, At safepoint: 17389 ns, Total: 64785 ns
[2025-05-08T11:36:15.578+0000][71][info ][safepoint   ] Safepoint "Cleanup", Time since last: 16003155653 ns, Reaching safepoint: 54071 ns, Cleanup: 14324 ns, At safepoint: 13754 ns, Total: 82149 ns
[2025-05-08T11:36:17.579+0000][71][info ][safepoint   ] Safepoint "Cleanup", Time since last: 2001045523 ns, Reaching safepoint: 34528 ns, Cleanup: 16470 ns, At safepoint: 17756 ns, Total: 68754 ns
[2025-05-08T11:36:42.370+0000][71][info ][safepoint   ] Safepoint "Cleanup", Time since last: 24793575584 ns, Reaching safepoint: 38103 ns, Cleanup: 22833 ns, At safepoint: 20625 ns, Total: 81561 ns
[2025-05-08T11:36:59.005+0000][71][info ][safepoint   ] Safepoint "Cleanup", Time since last: 16634370343 ns, Reaching safepoint: 16035 ns, Cleanup: 12393 ns, At safepoint: 68699 ns, Total: 97127 ns
[2025-05-08T11:37:13.633+0000][71][info ][safepoint   ] Safepoint "Cleanup", Time since last: 14630030241 ns, Reaching safepoint: 77288 ns, Cleanup: 19523 ns, At safepoint: 20248 ns, Total: 117059 ns
[2025-05-08T11:37:25.339+0000][71][info ][safepoint   ] Safepoint "Cleanup", Time since last: 11705512663 ns, Reaching safepoint: 43161 ns, Cleanup: 22928 ns, At safepoint: 17385 ns, Total: 83474 ns
[2025-05-08T11:37:57.407+0000][71][info ][safepoint   ] Safepoint "Cleanup", Time since last: 32070507312 ns, Reaching safepoint: 115675 ns, Cleanup: 19562 ns, At safepoint: 18252 ns, Total: 153489 ns
[2025-05-08T11:38:01.406+0000][71][info ][safepoint   ] Safepoint "Cleanup", Time since last: 4001388153 ns, Reaching safepoint: 31955 ns, Cleanup: 17223 ns, At safepoint: 17722 ns, Total: 66900 ns
[2025-05-08T11:38:57.394+0000][71][info ][safepoint   ] Safepoint "Cleanup", Time since last: 55989476297 ns, Reaching safepoint: 32993 ns, Cleanup: 20673 ns, At safepoint: 128419 ns, Total: 182085 ns
[2025-05-08T11:38:58.414+0000][71][info ][safepoint   ] Safepoint "Cleanup", Time since last: 1019848271 ns, Reaching safepoint: 66616 ns, Cleanup: 16253 ns, At safepoint: 33288 ns, Total: 116157 ns
[2025-05-08T11:38:59.695+0000][71][info ][safepoint   ] Safepoint "Cleanup", Time since last: 1280901754 ns, Reaching safepoint: 14970 ns, Cleanup: 11294 ns, At safepoint: 18173 ns, Total: 44437 ns
[2025-05-08T11:39:05.748+0000][71][info ][safepoint   ] Safepoint "Cleanup", Time since last: 6054977044 ns, Reaching safepoint: 29740 ns, Cleanup: 14255 ns, At safepoint: 71102 ns, Total: 115097 ns
[2025-05-08T11:39:40.873+0000][71][info ][safepoint   ] Safepoint "Cleanup", Time since last: 35127623476 ns, Reaching safepoint: 29773 ns, Cleanup: 12581 ns, At safepoint: 21290 ns, Total: 63644 ns
[2025-05-08T11:40:08.827+0000][71][info ][safepoint   ] Safepoint "Cleanup", Time since last: 27955590796 ns, Reaching safepoint: 21668 ns, Cleanup: 11870 ns, At safepoint: 73648 ns, Total: 107186 ns
[2025-05-08T11:40:09.857+0000][71][info ][safepoint   ] Safepoint "Cleanup", Time since last: 1029691909 ns, Reaching safepoint: 6123 ns, Cleanup: 19387 ns, At safepoint: 12792 ns, Total: 38302 ns
[2025-05-08T11:40:35.882+0000][71][info ][safepoint   ] Safepoint "Cleanup", Time since last: 26026952111 ns, Reaching safepoint: 44031 ns, Cleanup: 12934 ns, At safepoint: 9013 ns, Total: 65978 ns
[2025-05-08T11:40:37.883+0000][71][info ][safepoint   ] Safepoint "Cleanup", Time since last: 2001022825 ns, Reaching safepoint: 18954 ns, Cleanup: 18750 ns, At safepoint: 8816 ns, Total: 46520 ns
[2025-05-08T11:40:57.519+0000][71][info ][safepoint   ] Safepoint "Cleanup", Time since last: 19635702686 ns, Reaching safepoint: 75652 ns, Cleanup: 14367 ns, At safepoint: 18211 ns, Total: 108230 ns
[2025-05-08T11:41:11.909+0000][71][info ][safepoint   ] Safepoint "Cleanup", Time since last: 14391608514 ns, Reaching safepoint: 236835 ns, Cleanup: 17822 ns, At safepoint: 91511 ns, Total: 346168 ns
[2025-05-08T11:41:12.935+0000][71][info ][safepoint   ] Safepoint "Cleanup", Time since last: 1026103516 ns, Reaching safepoint: 30647 ns, Cleanup: 15364 ns, At safepoint: 17397 ns, Total: 63408 ns
[2025-05-08T11:41:41.561+0000][71][info ][safepoint   ] Safepoint "Cleanup", Time since last: 28627605429 ns, Reaching safepoint: 96598 ns, Cleanup: 16846 ns, At safepoint: 17680 ns, Total: 131124 ns
[2025-05-08T11:43:00.602+0000][71][info ][safepoint   ] Safepoint "Cleanup", Time since last: 79047777586 ns, Reaching safepoint: 71375 ns, Cleanup: 16449 ns, At safepoint: 18475 ns, Total: 106299 ns
[2025-05-08T11:43:05.604+0000][71][info ][safepoint   ] Safepoint "Cleanup", Time since last: 5001488584 ns, Reaching safepoint: 35828 ns, Cleanup: 11962 ns, At safepoint: 9611 ns, Total: 57401 ns
[2025-05-08T11:44:00.811+0000][71][info ][safepoint   ] Safepoint "Cleanup", Time since last: 55211375538 ns, Reaching safepoint: 68636 ns, Cleanup: 22806 ns, At safepoint: 19681 ns, Total: 111123 ns
[2025-05-08T11:44:10.813+0000][71][info ][safepoint   ] Safepoint "Cleanup", Time since last: 10002248408 ns, Reaching safepoint: 65952 ns, Cleanup: 15985 ns, At safepoint: 31993 ns, Total: 113930 ns
[2025-05-08T11:44:20.066+0000][71][info ][safepoint   ] Safepoint "Cleanup", Time since last: 9252451422 ns, Reaching safepoint: 19986 ns, Cleanup: 12486 ns, At safepoint: 76503 ns, Total: 108975 ns
[2025-05-08T11:44:43.889+0000][71][info ][safepoint   ] Safepoint "Cleanup", Time since last: 23824834101 ns, Reaching safepoint: 6578 ns, Cleanup: 7027 ns, At safepoint: 3377 ns, Total: 16982 ns
[2025-05-08T11:44:45.131+0000][71][info ][safepoint   ] Safepoint "Cleanup", Time since last: 1242438746 ns, Reaching safepoint: 29372 ns, Cleanup: 26619 ns, At safepoint: 17170 ns, Total: 73161 ns
[2025-05-08T11:44:46.838+0000][71][info ][safepoint   ] Safepoint "Cleanup", Time since last: 1704380839 ns, Reaching safepoint: 2416515 ns, Cleanup: 23903 ns, At safepoint: 200377 ns, Total: 2640795 ns
[2025-05-08T11:44:57.848+0000][71][info ][safepoint   ] Safepoint "Cleanup", Time since last: 11009725627 ns, Reaching safepoint: 72573 ns, Cleanup: 18807 ns, At safepoint: 116943 ns, Total: 208323 ns
[2025-05-08T11:45:20.887+0000][71][info ][safepoint   ] Safepoint "Cleanup", Time since last: 23041162468 ns, Reaching safepoint: 159661 ns, Cleanup: 19785 ns, At safepoint: 22858 ns, Total: 202304 ns
[2025-05-08T11:45:22.878+0000][71][info ][safepoint   ] Safepoint "Cleanup", Time since last: 1991033007 ns, Reaching safepoint: 28257 ns, Cleanup: 15057 ns, At safepoint: 75831 ns, Total: 119145 ns
[2025-05-08T11:45:24.181+0000][71][info ][safepoint   ] Safepoint "Cleanup", Time since last: 1303113367 ns, Reaching safepoint: 31788 ns, Cleanup: 16310 ns, At safepoint: 18105 ns, Total: 66203 ns
[2025-05-08T11:45:43.722+0000][71][info ][safepoint   ] Safepoint "Cleanup", Time since last: 19541894247 ns, Reaching safepoint: 68341 ns, Cleanup: 15944 ns, At safepoint: 30629 ns, Total: 114914 ns
[2025-05-08T11:45:57.725+0000][71][info ][safepoint   ] Safepoint "Cleanup", Time since last: 14002768911 ns, Reaching safepoint: 37385 ns, Cleanup: 11571 ns, At safepoint: 8137 ns, Total: 57093 ns
[2025-05-08T11:46:00.724+0000][71][info ][safepoint   ] Safepoint "Cleanup", Time since last: 3000924547 ns, Reaching safepoint: 33020 ns, Cleanup: 16470 ns, At safepoint: 19062 ns, Total: 68552 ns
[2025-05-08T11:46:05.726+0000][71][info ][safepoint   ] Safepoint "Cleanup", Time since last: 5001476645 ns, Reaching safepoint: 32453 ns, Cleanup: 15318 ns, At safepoint: 17030 ns, Total: 64801 ns
[2025-05-08T11:46:12.332+0000][71][info ][safepoint   ] Safepoint "Cleanup", Time since last: 6606038658 ns, Reaching safepoint: 65042 ns, Cleanup: 21362 ns, At safepoint: 17304 ns, Total: 103708 ns
[2025-05-08T11:46:42.759+0000][71][info ][safepoint   ] Safepoint "Cleanup", Time since last: 30429576742 ns, Reaching safepoint: 33679 ns, Cleanup: 18706 ns, At safepoint: 19402 ns, Total: 71787 ns
[2025-05-08T11:46:43.759+0000][71][info ][safepoint   ] Safepoint "Cleanup", Time since last: 1000651623 ns, Reaching safepoint: 33158 ns, Cleanup: 18233 ns, At safepoint: 20166 ns, Total: 71557 ns
[2025-05-08T11:46:57.763+0000][71][info ][safepoint   ] Safepoint "Cleanup", Time since last: 14003680985 ns, Reaching safepoint: 64566 ns, Cleanup: 17282 ns, At safepoint: 18238 ns, Total: 100086 ns
[2025-05-08T11:47:00.762+0000][71][info ][safepoint   ] Safepoint "Cleanup", Time since last: 3001386099 ns, Reaching safepoint: 35519 ns, Cleanup: 22006 ns, At safepoint: 21414 ns, Total: 78939 ns
[2025-05-08T11:47:05.764+0000][71][info ][safepoint   ] Safepoint "Cleanup", Time since last: 5001756695 ns, Reaching safepoint: 29633 ns, Cleanup: 15654 ns, At safepoint: 17353 ns, Total: 62640 ns
[2025-05-08T11:47:10.922+0000][71][info ][safepoint   ] Safepoint "Cleanup", Time since last: 5157762691 ns, Reaching safepoint: 21706 ns, Cleanup: 14541 ns, At safepoint: 148517 ns, Total: 184764 ns
[2025-05-08T11:47:12.278+0000][71][info ][safepoint   ] Safepoint "Cleanup", Time since last: 1355718390 ns, Reaching safepoint: 25361 ns, Cleanup: 17253 ns, At safepoint: 10315 ns, Total: 52929 ns
[2025-05-08T11:47:55.963+0000][71][info ][safepoint   ] Safepoint "Cleanup", Time since last: 43686596819 ns, Reaching safepoint: 170158 ns, Cleanup: 10279 ns, At safepoint: 41792 ns, Total: 222229 ns
[2025-05-08T11:47:56.964+0000][71][info ][safepoint   ] Safepoint "Cleanup", Time since last: 1000725956 ns, Reaching safepoint: 18081 ns, Cleanup: 11580 ns, At safepoint: 9830 ns, Total: 39491 ns
[2025-05-08T11:47:57.964+0000][71][info ][safepoint   ] Safepoint "Cleanup", Time since last: 1000669160 ns, Reaching safepoint: 18526 ns, Cleanup: 27919 ns, At safepoint: 18505 ns, Total: 64950 ns
[2025-05-08T11:48:00.963+0000][71][info ][safepoint   ] Safepoint "Cleanup", Time since last: 3000813852 ns, Reaching safepoint: 135407 ns, Cleanup: 21006 ns, At safepoint: 221252 ns, Total: 377665 ns
[2025-05-08T11:48:30.833+0000][71][info ][safepoint   ] Safepoint "Cleanup", Time since last: 29871370740 ns, Reaching safepoint: 31373 ns, Cleanup: 17472 ns, At safepoint: 19497 ns, Total: 68342 ns
[2025-05-08T11:48:31.895+0000][71][info ][safepoint   ] Safepoint "Cleanup", Time since last: 1062058301 ns, Reaching safepoint: 17268 ns, Cleanup: 20213 ns, At safepoint: 86760 ns, Total: 124241 ns
[2025-05-08T11:50:38.530+0000][71][info ][safepoint   ] Safepoint "Cleanup", Time since last: 126643631800 ns, Reaching safepoint: 13427 ns, Cleanup: 10951 ns, At safepoint: 17778 ns, Total: 42156 ns
[2025-05-08T11:50:40.571+0000][71][info ][safepoint   ] Safepoint "Cleanup", Time since last: 2041012706 ns, Reaching safepoint: 28349 ns, Cleanup: 17419 ns, At safepoint: 10818 ns, Total: 56586 ns
[2025-05-08T11:50:45.573+0000][71][info ][safepoint   ] Safepoint "Cleanup", Time since last: 5001429891 ns, Reaching safepoint: 68462 ns, Cleanup: 49004 ns, At safepoint: 16914 ns, Total: 134380 ns
[2025-05-08T11:50:57.431+0000][71][info ][safepoint   ] Safepoint "Cleanup", Time since last: 11858018717 ns, Reaching safepoint: 7918 ns, Cleanup: 9543 ns, At safepoint: 13526 ns, Total: 30987 ns
[2025-05-08T11:51:40.865+0000][71][info ][safepoint   ] Safepoint "Cleanup", Time since last: 43437977411 ns, Reaching safepoint: 92650 ns, Cleanup: 9480 ns, At safepoint: 30818 ns, Total: 132948 ns
[2025-05-08T11:51:42.605+0000][71][info ][safepoint   ] Safepoint "Cleanup", Time since last: 1740451932 ns, Reaching safepoint: 30870 ns, Cleanup: 16351 ns, At safepoint: 19088 ns, Total: 66309 ns
[2025-05-08T11:52:15.609+0000][71][info ][safepoint   ] Safepoint "Cleanup", Time since last: 33005986177 ns, Reaching safepoint: 64450 ns, Cleanup: 14717 ns, At safepoint: 9096 ns, Total: 88263 ns
[2025-05-08T11:52:44.638+0000][71][info ][safepoint   ] Safepoint "Cleanup", Time since last: 29030622701 ns, Reaching safepoint: 8182 ns, Cleanup: 10271 ns, At safepoint: 15383 ns, Total: 33836 ns
[2025-05-08T11:52:57.659+0000][71][info ][safepoint   ] Safepoint "Cleanup", Time since last: 13021165758 ns, Reaching safepoint: 65928 ns, Cleanup: 15532 ns, At safepoint: 12781 ns, Total: 94241 ns
[2025-05-08T11:53:00.604+0000][71][info ][safepoint   ] Safepoint "Cleanup", Time since last: 2947130853 ns, Reaching safepoint: 16221 ns, Cleanup: 11417 ns, At safepoint: 8885 ns, Total: 36523 ns
[2025-05-08T11:53:47.679+0000][71][info ][safepoint   ] Safepoint "Cleanup", Time since last: 47076701788 ns, Reaching safepoint: 26025 ns, Cleanup: 20116 ns, At safepoint: 90011 ns, Total: 136152 ns
[2025-05-08T11:55:01.264+0000][71][info ][safepoint   ] Safepoint "Cleanup", Time since last: 73590501711 ns, Reaching safepoint: 17720 ns, Cleanup: 36718 ns, At safepoint: 80399 ns, Total: 134837 ns
[2025-05-08T11:55:02.281+0000][71][info ][safepoint   ] Safepoint "Cleanup", Time since last: 1017673753 ns, Reaching safepoint: 29517 ns, Cleanup: 15806 ns, At safepoint: 17629 ns, Total: 62952 ns
[2025-05-08T11:55:05.283+0000][71][info ][safepoint   ] Safepoint "Cleanup", Time since last: 3001224500 ns, Reaching safepoint: 31028 ns, Cleanup: 184576 ns, At safepoint: 33950 ns, Total: 249554 ns
[2025-05-08T11:55:06.886+0000][71][info ][safepoint   ] Safepoint "Cleanup", Time since last: 1603209945 ns, Reaching safepoint: 8181 ns, Cleanup: 81167 ns, At safepoint: 13811 ns, Total: 103159 ns
[2025-05-08T11:55:07.557+0000][71][info ][gc,heap,exit] Heap
[2025-05-08T11:55:07.558+0000][71][info ][gc,heap,exit]  garbage-first heap   total reserved 3973120K, committed 3973120K, used 1394647K [0x000000070d800000, 0x0000000800000000)
[2025-05-08T11:55:07.559+0000][71][info ][gc,heap,exit]   region size 4096K, 315 young (1290240K), 4 survivors (16384K)
[2025-05-08T11:55:07.559+0000][71][info ][gc,heap,exit]  Metaspace       used 145419K, committed 151424K, reserved 1179648K
[2025-05-08T11:55:07.559+0000][71][info ][gc,heap,exit]   class space    used 19298K, committed 21696K, reserved 1048576K
